Command line invocation:
    /Applications/Xcode.app/Contents/Developer/usr/bin/xcodebuild -scheme Notch -project Notch.xcodeproj clean build -configuration Release -destination generic/platform=macOS

Resolve Package Graph


Resolved source packages:
  Sparkle: https://github.com/sparkle-project/Sparkle @ 2.9.1
  PostHog: https://github.com/PostHog/posthog-ios @ 3.51.0
  KeyboardShortcuts: https://github.com/sindresorhus/KeyboardShortcuts @ 2.4.0
  SkyLightWindow: https://github.com/Lakr233/SkyLightWindow @ 1.0.0
  PLCrashReporter: https://github.com/microsoft/plcrashreporter.git @ 1.12.2

CreateBuildRequest

SendProjectDescription

CreateBuildOperation

** CLEAN SUCCEEDED **

ComputePackagePrebuildTargetDependencyGraph

Prepare packages

CreateBuildRequest

SendProjectDescription

CreateBuildOperation

ComputeTargetDependencyGraph
note: Building targets in dependency order
note: Target dependency graph (14 targets)
    Target 'WaveNotch' in project 'Notch'
        ➜ Explicit dependency on target 'SkyLightWindow' in project 'SkyLightWindow'
        ➜ Explicit dependency on target 'Sparkle' in project 'Sparkle'
        ➜ Explicit dependency on target 'KeyboardShortcuts' in project 'KeyboardShortcuts'
        ➜ Explicit dependency on target 'PostHog' in project 'PostHog'
    Target 'PostHog' in project 'PostHog'
        ➜ Explicit dependency on target 'PostHog' in project 'PostHog'
        ➜ Explicit dependency on target 'PostHog_PostHog' in project 'PostHog'
        ➜ Explicit dependency on target 'phlibwebp' in project 'PostHog'
        ➜ Explicit dependency on target 'CrashReporter' in project 'PLCrashReporter'
    Target 'PostHog' in project 'PostHog'
        ➜ Explicit dependency on target 'PostHog_PostHog' in project 'PostHog'
        ➜ Explicit dependency on target 'phlibwebp' in project 'PostHog'
        ➜ Explicit dependency on target 'CrashReporter' in project 'PLCrashReporter'
    Target 'CrashReporter' in project 'PLCrashReporter'
        ➜ Explicit dependency on target 'CrashReporter' in project 'PLCrashReporter'
        ➜ Explicit dependency on target 'PLCrashReporter_CrashReporter' in project 'PLCrashReporter'
    Target 'CrashReporter' in project 'PLCrashReporter'
        ➜ Explicit dependency on target 'PLCrashReporter_CrashReporter' in project 'PLCrashReporter'
    Target 'PLCrashReporter_CrashReporter' in project 'PLCrashReporter' (no dependencies)
    Target 'phlibwebp' in project 'PostHog' (no dependencies)
    Target 'PostHog_PostHog' in project 'PostHog' (no dependencies)
    Target 'KeyboardShortcuts' in project 'KeyboardShortcuts'
        ➜ Explicit dependency on target 'KeyboardShortcuts' in project 'KeyboardShortcuts'
        ➜ Explicit dependency on target 'KeyboardShortcuts_KeyboardShortcuts' in project 'KeyboardShortcuts'
    Target 'KeyboardShortcuts' in project 'KeyboardShortcuts'
        ➜ Explicit dependency on target 'KeyboardShortcuts_KeyboardShortcuts' in project 'KeyboardShortcuts'
    Target 'KeyboardShortcuts_KeyboardShortcuts' in project 'KeyboardShortcuts' (no dependencies)
    Target 'Sparkle' in project 'Sparkle' (no dependencies)
    Target 'SkyLightWindow' in project 'SkyLightWindow'
        ➜ Explicit dependency on target 'SkyLightWindow' in project 'SkyLightWindow'
    Target 'SkyLightWindow' in project 'SkyLightWindow' (no dependencies)

GatherProvisioningInputs

CreateBuildDescription

ExecuteExternalTool /Applications/Xcode.app/Contents/Developer/Toolchains/XcodeDefault.xctoolchain/usr/bin/swiftc --version

ExecuteExternalTool /Applications/Xcode.app/Contents/Developer/Toolchains/XcodeDefault.xctoolchain/usr/bin/clang -v -E -dM -arch arm64 -isysroot /Applications/Xcode.app/Contents/Developer/Platforms/MacOSX.platform/Developer/SDKs/MacOSX26.4.sdk -x c -c /dev/null

ExecuteExternalTool /Applications/Xcode.app/Contents/Developer/Toolchains/XcodeDefault.xctoolchain/usr/bin/clang -v -E -dM -isysroot /Applications/Xcode.app/Contents/Developer/Platforms/MacOSX.platform/Developer/SDKs/MacOSX26.4.sdk -x c -c /dev/null

ExecuteExternalTool /Applications/Xcode.app/Contents/Developer/Toolchains/XcodeDefault.xctoolchain/usr/bin/clang -v -E -dM -arch arm64 -isysroot /Applications/Xcode.app/Contents/Developer/Platforms/MacOSX.platform/Developer/SDKs/MacOSX26.4.sdk -x objective-c -c /dev/null

ExecuteExternalTool /Applications/Xcode.app/Contents/Developer/usr/bin/actool --version --output-format xml1

ExecuteExternalTool /Applications/Xcode.app/Contents/Developer/Toolchains/XcodeDefault.xctoolchain/usr/bin/clang -v -E -dM -arch arm64 -isysroot /Applications/Xcode.app/Contents/Developer/Platforms/MacOSX.platform/Developer/SDKs/MacOSX26.4.sdk -x c++ -c /dev/null

ExecuteExternalTool /Applications/Xcode.app/Contents/Developer/Toolchains/XcodeDefault.xctoolchain/usr/bin/ld -version_details

ExecuteExternalTool /Applications/Xcode.app/Contents/Developer/Toolchains/XcodeDefault.xctoolchain/usr/bin/clang -v -E -dM -arch arm64 -isysroot /Applications/Xcode.app/Contents/Developer/Platforms/MacOSX.platform/Developer/SDKs/MacOSX26.4.sdk -x objective-c++ -c /dev/null

ExecuteExternalTool /Applications/Xcode.app/Contents/Developer/Toolchains/XcodeDefault.xctoolchain/usr/bin/clang -v -E -dM -arch arm64 -isysroot /Applications/Xcode.app/Contents/Developer/Platforms/MacOSX.platform/Developer/SDKs/MacOSX26.4.sdk -x assembler-with-cpp -c /dev/null

ExecuteExternalTool /Applications/Xcode.app/Contents/Developer/Toolchains/XcodeDefault.xctoolchain/usr/bin/clang -v -E -dM -arch x86_64 -isysroot /Applications/Xcode.app/Contents/Developer/Platforms/MacOSX.platform/Developer/SDKs/MacOSX26.4.sdk -x c -c /dev/null

ExecuteExternalTool /Applications/Xcode.app/Contents/Developer/Toolchains/XcodeDefault.xctoolchain/usr/bin/clang -v -E -dM -arch x86_64 -isysroot /Applications/Xcode.app/Contents/Developer/Platforms/MacOSX.platform/Developer/SDKs/MacOSX26.4.sdk -x objective-c -c /dev/null

ExecuteExternalTool /Applications/Xcode.app/Contents/Developer/Toolchains/XcodeDefault.xctoolchain/usr/bin/clang -v -E -dM -arch x86_64 -isysroot /Applications/Xcode.app/Contents/Developer/Platforms/MacOSX.platform/Developer/SDKs/MacOSX26.4.sdk -x c++ -c /dev/null

ExecuteExternalTool /Applications/Xcode.app/Contents/Developer/Toolchains/XcodeDefault.xctoolchain/usr/bin/clang -v -E -dM -arch x86_64 -isysroot /Applications/Xcode.app/Contents/Developer/Platforms/MacOSX.platform/Developer/SDKs/MacOSX26.4.sdk -x objective-c++ -c /dev/null

ExecuteExternalTool /Applications/Xcode.app/Contents/Developer/Toolchains/XcodeDefault.xctoolchain/usr/bin/clang -v -E -dM -arch x86_64 -isysroot /Applications/Xcode.app/Contents/Developer/Platforms/MacOSX.platform/Developer/SDKs/MacOSX26.4.sdk -x assembler-with-cpp -c /dev/null

Build description signature: 2664752db6d35d9ff9af11aa49c8d14d
Build description path: /Users/jasonlee/Library/Developer/Xcode/DerivedData/Notch-ddzsfiyxyoauidejndllmosklbkq/Build/Intermediates.noindex/XCBuildData/2664752db6d35d9ff9af11aa49c8d14d.xcbuilddata
ClangStatCache /Applications/Xcode.app/Contents/Developer/Toolchains/XcodeDefault.xctoolchain/usr/bin/clang-stat-cache /Applications/Xcode.app/Contents/Developer/Platforms/MacOSX.platform/Developer/SDKs/MacOSX26.4.sdk /Users/jasonlee/Library/Developer/Xcode/DerivedData/SDKStatCaches.noindex/macosx26.4-25E251-30f9ca8789b706f8bd3fc906a70d770f.sdkstatcache
    cd /Users/jasonlee/Coding/App/Notch/Notch.xcodeproj
    /Applications/Xcode.app/Contents/Developer/Toolchains/XcodeDefault.xctoolchain/usr/bin/clang-stat-cache /Applications/Xcode.app/Contents/Developer/Platforms/MacOSX.platform/Developer/SDKs/MacOSX26.4.sdk -o /Users/jasonlee/Library/Developer/Xcode/DerivedData/SDKStatCaches.noindex/macosx26.4-25E251-30f9ca8789b706f8bd3fc906a70d770f.sdkstatcache

CreateBuildDirectory /Users/jasonlee/Library/Developer/Xcode/DerivedData/Notch-ddzsfiyxyoauidejndllmosklbkq/Build/Products
    cd /Users/jasonlee/Coding/App/Notch/Notch.xcodeproj
    builtin-create-build-directory /Users/jasonlee/Library/Developer/Xcode/DerivedData/Notch-ddzsfiyxyoauidejndllmosklbkq/Build/Products

CreateBuildDirectory /Users/jasonlee/Library/Developer/Xcode/DerivedData/Notch-ddzsfiyxyoauidejndllmosklbkq/Build/Intermediates.noindex
    cd /Users/jasonlee/Coding/App/Notch/Notch.xcodeproj
    builtin-create-build-directory /Users/jasonlee/Library/Developer/Xcode/DerivedData/Notch-ddzsfiyxyoauidejndllmosklbkq/Build/Intermediates.noindex

CreateBuildDirectory /Users/jasonlee/Library/Developer/Xcode/DerivedData/Notch-ddzsfiyxyoauidejndllmosklbkq/Build/Products/Release
    cd /Users/jasonlee/Coding/App/Notch/Notch.xcodeproj
    builtin-create-build-directory /Users/jasonlee/Library/Developer/Xcode/DerivedData/Notch-ddzsfiyxyoauidejndllmosklbkq/Build/Products/Release

CreateBuildDirectory /Users/jasonlee/Library/Developer/Xcode/DerivedData/Notch-ddzsfiyxyoauidejndllmosklbkq/Build/Intermediates.noindex/SwiftExplicitPrecompiledModules
    cd /Users/jasonlee/Coding/App/Notch/Notch.xcodeproj
    builtin-create-build-directory /Users/jasonlee/Library/Developer/Xcode/DerivedData/Notch-ddzsfiyxyoauidejndllmosklbkq/Build/Intermediates.noindex/SwiftExplicitPrecompiledModules

CreateBuildDirectory /Users/jasonlee/Library/Developer/Xcode/DerivedData/Notch-ddzsfiyxyoauidejndllmosklbkq/Build/Intermediates.noindex/ExplicitPrecompiledModules
    cd /Users/jasonlee/Coding/App/Notch/Notch.xcodeproj
    builtin-create-build-directory /Users/jasonlee/Library/Developer/Xcode/DerivedData/Notch-ddzsfiyxyoauidejndllmosklbkq/Build/Intermediates.noindex/ExplicitPrecompiledModules

CreateBuildDirectory /Users/jasonlee/Library/Developer/Xcode/DerivedData/Notch-ddzsfiyxyoauidejndllmosklbkq/Build/Intermediates.noindex/EagerLinkingTBDs/Release
    cd /Users/jasonlee/Coding/App/Notch/Notch.xcodeproj
    builtin-create-build-directory /Users/jasonlee/Library/Developer/Xcode/DerivedData/Notch-ddzsfiyxyoauidejndllmosklbkq/Build/Intermediates.noindex/EagerLinkingTBDs/Release

WriteAuxiliaryFile /Users/jasonlee/Library/Developer/Xcode/DerivedData/Notch-ddzsfiyxyoauidejndllmosklbkq/Build/Intermediates.noindex/Notch.build/Release/Notch-35fa6f496e3bd7a49f1f3aca2d298557-VFS/all-product-headers.yaml
    cd /Users/jasonlee/Coding/App/Notch/Notch.xcodeproj
    write-file /Users/jasonlee/Library/Developer/Xcode/DerivedData/Notch-ddzsfiyxyoauidejndllmosklbkq/Build/Intermediates.noindex/Notch.build/Release/Notch-35fa6f496e3bd7a49f1f3aca2d298557-VFS/all-product-headers.yaml

CreateBuildDirectory /Users/jasonlee/Library/Developer/Xcode/DerivedData/Notch-ddzsfiyxyoauidejndllmosklbkq/Build/Products/Release/PackageFrameworks
    cd /Users/jasonlee/Coding/App/Notch/Notch.xcodeproj
    builtin-create-build-directory /Users/jasonlee/Library/Developer/Xcode/DerivedData/Notch-ddzsfiyxyoauidejndllmosklbkq/Build/Products/Release/PackageFrameworks

MkDir /Users/jasonlee/Library/Developer/Xcode/DerivedData/Notch-ddzsfiyxyoauidejndllmosklbkq/Build/Products/Release/KeyboardShortcuts_KeyboardShortcuts.bundle/Contents (in target 'KeyboardShortcuts_KeyboardShortcuts' from project 'KeyboardShortcuts')
    cd /Users/jasonlee/Library/Developer/Xcode/DerivedData/Notch-ddzsfiyxyoauidejndllmosklbkq/SourcePackages/checkouts/KeyboardShortcuts
    /bin/mkdir -p /Users/jasonlee/Library/Developer/Xcode/DerivedData/Notch-ddzsfiyxyoauidejndllmosklbkq/Build/Products/Release/KeyboardShortcuts_KeyboardShortcuts.bundle/Contents

WriteAuxiliaryFile /Users/jasonlee/Library/Developer/Xcode/DerivedData/Notch-ddzsfiyxyoauidejndllmosklbkq/Build/Intermediates.noindex/KeyboardShortcuts.build/Release/KeyboardShortcuts_KeyboardShortcuts.build/KeyboardShortcuts_KeyboardShortcuts.DependencyMetadataFileList (in target 'KeyboardShortcuts_KeyboardShortcuts' from project 'KeyboardShortcuts')
    cd /Users/jasonlee/Library/Developer/Xcode/DerivedData/Notch-ddzsfiyxyoauidejndllmosklbkq/SourcePackages/checkouts/KeyboardShortcuts
    write-file /Users/jasonlee/Library/Developer/Xcode/DerivedData/Notch-ddzsfiyxyoauidejndllmosklbkq/Build/Intermediates.noindex/KeyboardShortcuts.build/Release/KeyboardShortcuts_KeyboardShortcuts.build/KeyboardShortcuts_KeyboardShortcuts.DependencyMetadataFileList

WriteAuxiliaryFile /Users/jasonlee/Library/Developer/Xcode/DerivedData/Notch-ddzsfiyxyoauidejndllmosklbkq/Build/Intermediates.noindex/KeyboardShortcuts.build/Release/KeyboardShortcuts_KeyboardShortcuts.build/KeyboardShortcuts_KeyboardShortcuts.DependencyStaticMetadataFileList (in target 'KeyboardShortcuts_KeyboardShortcuts' from project 'KeyboardShortcuts')
    cd /Users/jasonlee/Library/Developer/Xcode/DerivedData/Notch-ddzsfiyxyoauidejndllmosklbkq/SourcePackages/checkouts/KeyboardShortcuts
    write-file /Users/jasonlee/Library/Developer/Xcode/DerivedData/Notch-ddzsfiyxyoauidejndllmosklbkq/Build/Intermediates.noindex/KeyboardShortcuts.build/Release/KeyboardShortcuts_KeyboardShortcuts.build/KeyboardShortcuts_KeyboardShortcuts.DependencyStaticMetadataFileList

WriteAuxiliaryFile /Users/jasonlee/Library/Developer/Xcode/DerivedData/Notch-ddzsfiyxyoauidejndllmosklbkq/Build/Intermediates.noindex/KeyboardShortcuts.build/Release/KeyboardShortcuts_KeyboardShortcuts.build/empty-KeyboardShortcuts_KeyboardShortcuts.plist (in target 'KeyboardShortcuts_KeyboardShortcuts' from project 'KeyboardShortcuts')
    cd /Users/jasonlee/Library/Developer/Xcode/DerivedData/Notch-ddzsfiyxyoauidejndllmosklbkq/SourcePackages/checkouts/KeyboardShortcuts
    write-file /Users/jasonlee/Library/Developer/Xcode/DerivedData/Notch-ddzsfiyxyoauidejndllmosklbkq/Build/Intermediates.noindex/KeyboardShortcuts.build/Release/KeyboardShortcuts_KeyboardShortcuts.build/empty-KeyboardShortcuts_KeyboardShortcuts.plist

MkDir /Users/jasonlee/Library/Developer/Xcode/DerivedData/Notch-ddzsfiyxyoauidejndllmosklbkq/Build/Products/Release/KeyboardShortcuts_KeyboardShortcuts.bundle/Contents/Resources (in target 'KeyboardShortcuts_KeyboardShortcuts' from project 'KeyboardShortcuts')
    cd /Users/jasonlee/Library/Developer/Xcode/DerivedData/Notch-ddzsfiyxyoauidejndllmosklbkq/SourcePackages/checkouts/KeyboardShortcuts
    /bin/mkdir -p /Users/jasonlee/Library/Developer/Xcode/DerivedData/Notch-ddzsfiyxyoauidejndllmosklbkq/Build/Products/Release/KeyboardShortcuts_KeyboardShortcuts.bundle/Contents/Resources

WriteAuxiliaryFile /Users/jasonlee/Library/Developer/Xcode/DerivedData/Notch-ddzsfiyxyoauidejndllmosklbkq/Build/Intermediates.noindex/PLCrashReporter.build/Release/PLCrashReporter_CrashReporter.build/PLCrashReporter_CrashReporter.DependencyStaticMetadataFileList (in target 'PLCrashReporter_CrashReporter' from project 'PLCrashReporter')
    cd /Users/jasonlee/Library/Developer/Xcode/DerivedData/Notch-ddzsfiyxyoauidejndllmosklbkq/SourcePackages/checkouts/plcrashreporter
    write-file /Users/jasonlee/Library/Developer/Xcode/DerivedData/Notch-ddzsfiyxyoauidejndllmosklbkq/Build/Intermediates.noindex/PLCrashReporter.build/Release/PLCrashReporter_CrashReporter.build/PLCrashReporter_CrashReporter.DependencyStaticMetadataFileList

WriteAuxiliaryFile /Users/jasonlee/Library/Developer/Xcode/DerivedData/Notch-ddzsfiyxyoauidejndllmosklbkq/Build/Intermediates.noindex/PLCrashReporter.build/Release/PLCrashReporter_CrashReporter.build/empty-PLCrashReporter_CrashReporter.plist (in target 'PLCrashReporter_CrashReporter' from project 'PLCrashReporter')
    cd /Users/jasonlee/Library/Developer/Xcode/DerivedData/Notch-ddzsfiyxyoauidejndllmosklbkq/SourcePackages/checkouts/plcrashreporter
    write-file /Users/jasonlee/Library/Developer/Xcode/DerivedData/Notch-ddzsfiyxyoauidejndllmosklbkq/Build/Intermediates.noindex/PLCrashReporter.build/Release/PLCrashReporter_CrashReporter.build/empty-PLCrashReporter_CrashReporter.plist

WriteAuxiliaryFile /Users/jasonlee/Library/Developer/Xcode/DerivedData/Notch-ddzsfiyxyoauidejndllmosklbkq/Build/Intermediates.noindex/PLCrashReporter.build/Release/PLCrashReporter_CrashReporter.build/PLCrashReporter_CrashReporter.DependencyMetadataFileList (in target 'PLCrashReporter_CrashReporter' from project 'PLCrashReporter')
    cd /Users/jasonlee/Library/Developer/Xcode/DerivedData/Notch-ddzsfiyxyoauidejndllmosklbkq/SourcePackages/checkouts/plcrashreporter
    write-file /Users/jasonlee/Library/Developer/Xcode/DerivedData/Notch-ddzsfiyxyoauidejndllmosklbkq/Build/Intermediates.noindex/PLCrashReporter.build/Release/PLCrashReporter_CrashReporter.build/PLCrashReporter_CrashReporter.DependencyMetadataFileList

WriteAuxiliaryFile /Users/jasonlee/Library/Developer/Xcode/DerivedData/Notch-ddzsfiyxyoauidejndllmosklbkq/Build/Intermediates.noindex/PostHog.build/Release/phlibwebp.build/phlibwebp.modulemap (in target 'phlibwebp' from project 'PostHog')
    cd /Users/jasonlee/Library/Developer/Xcode/DerivedData/Notch-ddzsfiyxyoauidejndllmosklbkq/SourcePackages/checkouts/posthog-ios
    write-file /Users/jasonlee/Library/Developer/Xcode/DerivedData/Notch-ddzsfiyxyoauidejndllmosklbkq/Build/Intermediates.noindex/PostHog.build/Release/phlibwebp.build/phlibwebp.modulemap

WriteAuxiliaryFile /Users/jasonlee/Library/Developer/Xcode/DerivedData/Notch-ddzsfiyxyoauidejndllmosklbkq/Build/Intermediates.noindex/PostHog.build/Release/phlibwebp.build/phlibwebp.DependencyStaticMetadataFileList (in target 'phlibwebp' from project 'PostHog')
    cd /Users/jasonlee/Library/Developer/Xcode/DerivedData/Notch-ddzsfiyxyoauidejndllmosklbkq/SourcePackages/checkouts/posthog-ios
    write-file /Users/jasonlee/Library/Developer/Xcode/DerivedData/Notch-ddzsfiyxyoauidejndllmosklbkq/Build/Intermediates.noindex/PostHog.build/Release/phlibwebp.build/phlibwebp.DependencyStaticMetadataFileList

WriteAuxiliaryFile /Users/jasonlee/Library/Developer/Xcode/DerivedData/Notch-ddzsfiyxyoauidejndllmosklbkq/Build/Intermediates.noindex/PostHog.build/Release/PostHog_PostHog.build/empty-PostHog_PostHog.plist (in target 'PostHog_PostHog' from project 'PostHog')
    cd /Users/jasonlee/Library/Developer/Xcode/DerivedData/Notch-ddzsfiyxyoauidejndllmosklbkq/SourcePackages/checkouts/posthog-ios
    write-file /Users/jasonlee/Library/Developer/Xcode/DerivedData/Notch-ddzsfiyxyoauidejndllmosklbkq/Build/Intermediates.noindex/PostHog.build/Release/PostHog_PostHog.build/empty-PostHog_PostHog.plist

WriteAuxiliaryFile /Users/jasonlee/Library/Developer/Xcode/DerivedData/Notch-ddzsfiyxyoauidejndllmosklbkq/Build/Intermediates.noindex/PostHog.build/Release/phlibwebp.build/phlibwebp.DependencyMetadataFileList (in target 'phlibwebp' from project 'PostHog')
    cd /Users/jasonlee/Library/Developer/Xcode/DerivedData/Notch-ddzsfiyxyoauidejndllmosklbkq/SourcePackages/checkouts/posthog-ios
    write-file /Users/jasonlee/Library/Developer/Xcode/DerivedData/Notch-ddzsfiyxyoauidejndllmosklbkq/Build/Intermediates.noindex/PostHog.build/Release/phlibwebp.build/phlibwebp.DependencyMetadataFileList

WriteAuxiliaryFile /Users/jasonlee/Library/Developer/Xcode/DerivedData/Notch-ddzsfiyxyoauidejndllmosklbkq/Build/Intermediates.noindex/PostHog.build/Release/phlibwebp.build/Objects-normal/x86_64/phlibwebp.LinkFileList (in target 'phlibwebp' from project 'PostHog')
    cd /Users/jasonlee/Library/Developer/Xcode/DerivedData/Notch-ddzsfiyxyoauidejndllmosklbkq/SourcePackages/checkouts/posthog-ios
    write-file /Users/jasonlee/Library/Developer/Xcode/DerivedData/Notch-ddzsfiyxyoauidejndllmosklbkq/Build/Intermediates.noindex/PostHog.build/Release/phlibwebp.build/Objects-normal/x86_64/phlibwebp.LinkFileList

WriteAuxiliaryFile /Users/jasonlee/Library/Developer/Xcode/DerivedData/Notch-ddzsfiyxyoauidejndllmosklbkq/Build/Intermediates.noindex/PostHog.build/Release/phlibwebp.build/Objects-normal/x86_64/7187679823f38a2a940e0043cdf9d637-common-args.resp (in target 'phlibwebp' from project 'PostHog')
    cd /Users/jasonlee/Library/Developer/Xcode/DerivedData/Notch-ddzsfiyxyoauidejndllmosklbkq/SourcePackages/checkouts/posthog-ios
    write-file /Users/jasonlee/Library/Developer/Xcode/DerivedData/Notch-ddzsfiyxyoauidejndllmosklbkq/Build/Intermediates.noindex/PostHog.build/Release/phlibwebp.build/Objects-normal/x86_64/7187679823f38a2a940e0043cdf9d637-common-args.resp
-fmodules -gmodules '-fmodules-cache-path=/Users/jasonlee/Library/Developer/Xcode/DerivedData/ModuleCache.noindex' '-fmodule-name=phlibwebp' -fpascal-strings -Os -DSWIFT_PACKAGE -fasm-blocks -g -fprofile-instr-generate -fcoverage-mapping -I/Users/jasonlee/Library/Developer/Xcode/DerivedData/Notch-ddzsfiyxyoauidejndllmosklbkq/Build/Products/Release/include -I/Users/jasonlee/Library/Developer/Xcode/DerivedData/Notch-ddzsfiyxyoauidejndllmosklbkq/SourcePackages/checkouts/posthog-ios/vendor/libwebp -I/Users/jasonlee/Library/Developer/Xcode/DerivedData/Notch-ddzsfiyxyoauidejndllmosklbkq/SourcePackages/checkouts/posthog-ios/vendor/libwebp -I/Users/jasonlee/Library/Developer/Xcode/DerivedData/Notch-ddzsfiyxyoauidejndllmosklbkq/Build/Intermediates.noindex/PostHog.build/Release/phlibwebp.build/DerivedSources-normal/x86_64 -I/Users/jasonlee/Library/Developer/Xcode/DerivedData/Notch-ddzsfiyxyoauidejndllmosklbkq/Build/Intermediates.noindex/PostHog.build/Release/phlibwebp.build/DerivedSources/x86_64 -I/Users/jasonlee/Library/Developer/Xcode/DerivedData/Notch-ddzsfiyxyoauidejndllmosklbkq/Build/Intermediates.noindex/PostHog.build/Release/phlibwebp.build/DerivedSources -F/Users/jasonlee/Library/Developer/Xcode/DerivedData/Notch-ddzsfiyxyoauidejndllmosklbkq/Build/Products/Release -iframework /Applications/Xcode.app/Contents/Developer/Platforms/MacOSX.platform/Developer/Library/Frameworks -DXcode

WriteAuxiliaryFile /Users/jasonlee/Library/Developer/Xcode/DerivedData/Notch-ddzsfiyxyoauidejndllmosklbkq/Build/Intermediates.noindex/PostHog.build/Release/phlibwebp.build/Objects-normal/arm64/7187679823f38a2a940e0043cdf9d637-common-args.resp (in target 'phlibwebp' from project 'PostHog')
    cd /Users/jasonlee/Library/Developer/Xcode/DerivedData/Notch-ddzsfiyxyoauidejndllmosklbkq/SourcePackages/checkouts/posthog-ios
    write-file /Users/jasonlee/Library/Developer/Xcode/DerivedData/Notch-ddzsfiyxyoauidejndllmosklbkq/Build/Intermediates.noindex/PostHog.build/Release/phlibwebp.build/Objects-normal/arm64/7187679823f38a2a940e0043cdf9d637-common-args.resp
-fmodules -gmodules '-fmodules-cache-path=/Users/jasonlee/Library/Developer/Xcode/DerivedData/ModuleCache.noindex' '-fmodule-name=phlibwebp' -fpascal-strings -Os -DSWIFT_PACKAGE -g -fprofile-instr-generate -fcoverage-mapping -I/Users/jasonlee/Library/Developer/Xcode/DerivedData/Notch-ddzsfiyxyoauidejndllmosklbkq/Build/Products/Release/include -I/Users/jasonlee/Library/Developer/Xcode/DerivedData/Notch-ddzsfiyxyoauidejndllmosklbkq/SourcePackages/checkouts/posthog-ios/vendor/libwebp -I/Users/jasonlee/Library/Developer/Xcode/DerivedData/Notch-ddzsfiyxyoauidejndllmosklbkq/SourcePackages/checkouts/posthog-ios/vendor/libwebp -I/Users/jasonlee/Library/Developer/Xcode/DerivedData/Notch-ddzsfiyxyoauidejndllmosklbkq/Build/Intermediates.noindex/PostHog.build/Release/phlibwebp.build/DerivedSources-normal/arm64 -I/Users/jasonlee/Library/Developer/Xcode/DerivedData/Notch-ddzsfiyxyoauidejndllmosklbkq/Build/Intermediates.noindex/PostHog.build/Release/phlibwebp.build/DerivedSources/arm64 -I/Users/jasonlee/Library/Developer/Xcode/DerivedData/Notch-ddzsfiyxyoauidejndllmosklbkq/Build/Intermediates.noindex/PostHog.build/Release/phlibwebp.build/DerivedSources -F/Users/jasonlee/Library/Developer/Xcode/DerivedData/Notch-ddzsfiyxyoauidejndllmosklbkq/Build/Products/Release -iframework /Applications/Xcode.app/Contents/Developer/Platforms/MacOSX.platform/Developer/Library/Frameworks -DXcode

WriteAuxiliaryFile /Users/jasonlee/Library/Developer/Xcode/DerivedData/Notch-ddzsfiyxyoauidejndllmosklbkq/Build/Intermediates.noindex/PostHog.build/Release/phlibwebp.build/Objects-normal/arm64/phlibwebp.LinkFileList (in target 'phlibwebp' from project 'PostHog')
    cd /Users/jasonlee/Library/Developer/Xcode/DerivedData/Notch-ddzsfiyxyoauidejndllmosklbkq/SourcePackages/checkouts/posthog-ios
    write-file /Users/jasonlee/Library/Developer/Xcode/DerivedData/Notch-ddzsfiyxyoauidejndllmosklbkq/Build/Intermediates.noindex/PostHog.build/Release/phlibwebp.build/Objects-normal/arm64/phlibwebp.LinkFileList

WriteAuxiliaryFile /Users/jasonlee/Library/Developer/Xcode/DerivedData/Notch-ddzsfiyxyoauidejndllmosklbkq/Build/Intermediates.noindex/SkyLightWindow.build/Release/SkyLightWindow.build/SkyLightWindow.modulemap (in target 'SkyLightWindow' from project 'SkyLightWindow')
    cd /Users/jasonlee/Library/Developer/Xcode/DerivedData/Notch-ddzsfiyxyoauidejndllmosklbkq/SourcePackages/checkouts/SkyLightWindow
    write-file /Users/jasonlee/Library/Developer/Xcode/DerivedData/Notch-ddzsfiyxyoauidejndllmosklbkq/Build/Intermediates.noindex/SkyLightWindow.build/Release/SkyLightWindow.build/SkyLightWindow.modulemap

WriteAuxiliaryFile /Users/jasonlee/Library/Developer/Xcode/DerivedData/Notch-ddzsfiyxyoauidejndllmosklbkq/Build/Intermediates.noindex/SkyLightWindow.build/Release/SkyLightWindow.build/SkyLightWindow.DependencyStaticMetadataFileList (in target 'SkyLightWindow' from project 'SkyLightWindow')
    cd /Users/jasonlee/Library/Developer/Xcode/DerivedData/Notch-ddzsfiyxyoauidejndllmosklbkq/SourcePackages/checkouts/SkyLightWindow
    write-file /Users/jasonlee/Library/Developer/Xcode/DerivedData/Notch-ddzsfiyxyoauidejndllmosklbkq/Build/Intermediates.noindex/SkyLightWindow.build/Release/SkyLightWindow.build/SkyLightWindow.DependencyStaticMetadataFileList

WriteAuxiliaryFile /Users/jasonlee/Library/Developer/Xcode/DerivedData/Notch-ddzsfiyxyoauidejndllmosklbkq/Build/Intermediates.noindex/SkyLightWindow.build/Release/SkyLightWindow.build/SkyLightWindow.DependencyMetadataFileList (in target 'SkyLightWindow' from project 'SkyLightWindow')
    cd /Users/jasonlee/Library/Developer/Xcode/DerivedData/Notch-ddzsfiyxyoauidejndllmosklbkq/SourcePackages/checkouts/SkyLightWindow
    write-file /Users/jasonlee/Library/Developer/Xcode/DerivedData/Notch-ddzsfiyxyoauidejndllmosklbkq/Build/Intermediates.noindex/SkyLightWindow.build/Release/SkyLightWindow.build/SkyLightWindow.DependencyMetadataFileList

WriteAuxiliaryFile /Users/jasonlee/Library/Developer/Xcode/DerivedData/Notch-ddzsfiyxyoauidejndllmosklbkq/Build/Intermediates.noindex/SkyLightWindow.build/Release/SkyLightWindow.build/Objects-normal/x86_64/SkyLightWindow_const_extract_protocols.json (in target 'SkyLightWindow' from project 'SkyLightWindow')
    cd /Users/jasonlee/Library/Developer/Xcode/DerivedData/Notch-ddzsfiyxyoauidejndllmosklbkq/SourcePackages/checkouts/SkyLightWindow
    write-file /Users/jasonlee/Library/Developer/Xcode/DerivedData/Notch-ddzsfiyxyoauidejndllmosklbkq/Build/Intermediates.noindex/SkyLightWindow.build/Release/SkyLightWindow.build/Objects-normal/x86_64/SkyLightWindow_const_extract_protocols.json

WriteAuxiliaryFile /Users/jasonlee/Library/Developer/Xcode/DerivedData/Notch-ddzsfiyxyoauidejndllmosklbkq/Build/Intermediates.noindex/SkyLightWindow.build/Release/SkyLightWindow.build/Objects-normal/x86_64/SkyLightWindow.SwiftConstValuesFileList (in target 'SkyLightWindow' from project 'SkyLightWindow')
    cd /Users/jasonlee/Library/Developer/Xcode/DerivedData/Notch-ddzsfiyxyoauidejndllmosklbkq/SourcePackages/checkouts/SkyLightWindow
    write-file /Users/jasonlee/Library/Developer/Xcode/DerivedData/Notch-ddzsfiyxyoauidejndllmosklbkq/Build/Intermediates.noindex/SkyLightWindow.build/Release/SkyLightWindow.build/Objects-normal/x86_64/SkyLightWindow.SwiftConstValuesFileList

WriteAuxiliaryFile /Users/jasonlee/Library/Developer/Xcode/DerivedData/Notch-ddzsfiyxyoauidejndllmosklbkq/Build/Intermediates.noindex/SkyLightWindow.build/Release/SkyLightWindow.build/Objects-normal/x86_64/SkyLightWindow.SwiftFileList (in target 'SkyLightWindow' from project 'SkyLightWindow')
    cd /Users/jasonlee/Library/Developer/Xcode/DerivedData/Notch-ddzsfiyxyoauidejndllmosklbkq/SourcePackages/checkouts/SkyLightWindow
    write-file /Users/jasonlee/Library/Developer/Xcode/DerivedData/Notch-ddzsfiyxyoauidejndllmosklbkq/Build/Intermediates.noindex/SkyLightWindow.build/Release/SkyLightWindow.build/Objects-normal/x86_64/SkyLightWindow.SwiftFileList

WriteAuxiliaryFile /Users/jasonlee/Library/Developer/Xcode/DerivedData/Notch-ddzsfiyxyoauidejndllmosklbkq/Build/Intermediates.noindex/SkyLightWindow.build/Release/SkyLightWindow.build/Objects-normal/x86_64/SkyLightWindow.LinkFileList (in target 'SkyLightWindow' from project 'SkyLightWindow')
    cd /Users/jasonlee/Library/Developer/Xcode/DerivedData/Notch-ddzsfiyxyoauidejndllmosklbkq/SourcePackages/checkouts/SkyLightWindow
    write-file /Users/jasonlee/Library/Developer/Xcode/DerivedData/Notch-ddzsfiyxyoauidejndllmosklbkq/Build/Intermediates.noindex/SkyLightWindow.build/Release/SkyLightWindow.build/Objects-normal/x86_64/SkyLightWindow.LinkFileList

WriteAuxiliaryFile /Users/jasonlee/Library/Developer/Xcode/DerivedData/Notch-ddzsfiyxyoauidejndllmosklbkq/Build/Intermediates.noindex/SkyLightWindow.build/Release/SkyLightWindow.build/Objects-normal/x86_64/SkyLightWindow-OutputFileMap.json (in target 'SkyLightWindow' from project 'SkyLightWindow')
    cd /Users/jasonlee/Library/Developer/Xcode/DerivedData/Notch-ddzsfiyxyoauidejndllmosklbkq/SourcePackages/checkouts/SkyLightWindow
    write-file /Users/jasonlee/Library/Developer/Xcode/DerivedData/Notch-ddzsfiyxyoauidejndllmosklbkq/Build/Intermediates.noindex/SkyLightWindow.build/Release/SkyLightWindow.build/Objects-normal/x86_64/SkyLightWindow-OutputFileMap.json

WriteAuxiliaryFile /Users/jasonlee/Library/Developer/Xcode/DerivedData/Notch-ddzsfiyxyoauidejndllmosklbkq/Build/Intermediates.noindex/SkyLightWindow.build/Release/SkyLightWindow.build/Objects-normal/arm64/SkyLightWindow_const_extract_protocols.json (in target 'SkyLightWindow' from project 'SkyLightWindow')
    cd /Users/jasonlee/Library/Developer/Xcode/DerivedData/Notch-ddzsfiyxyoauidejndllmosklbkq/SourcePackages/checkouts/SkyLightWindow
    write-file /Users/jasonlee/Library/Developer/Xcode/DerivedData/Notch-ddzsfiyxyoauidejndllmosklbkq/Build/Intermediates.noindex/SkyLightWindow.build/Release/SkyLightWindow.build/Objects-normal/arm64/SkyLightWindow_const_extract_protocols.json

WriteAuxiliaryFile /Users/jasonlee/Library/Developer/Xcode/DerivedData/Notch-ddzsfiyxyoauidejndllmosklbkq/Build/Intermediates.noindex/SkyLightWindow.build/Release/SkyLightWindow.build/Objects-normal/arm64/SkyLightWindow.SwiftFileList (in target 'SkyLightWindow' from project 'SkyLightWindow')
    cd /Users/jasonlee/Library/Developer/Xcode/DerivedData/Notch-ddzsfiyxyoauidejndllmosklbkq/SourcePackages/checkouts/SkyLightWindow
    write-file /Users/jasonlee/Library/Developer/Xcode/DerivedData/Notch-ddzsfiyxyoauidejndllmosklbkq/Build/Intermediates.noindex/SkyLightWindow.build/Release/SkyLightWindow.build/Objects-normal/arm64/SkyLightWindow.SwiftFileList

WriteAuxiliaryFile /Users/jasonlee/Library/Developer/Xcode/DerivedData/Notch-ddzsfiyxyoauidejndllmosklbkq/Build/Intermediates.noindex/SkyLightWindow.build/Release/SkyLightWindow.build/Objects-normal/arm64/SkyLightWindow.SwiftConstValuesFileList (in target 'SkyLightWindow' from project 'SkyLightWindow')
    cd /Users/jasonlee/Library/Developer/Xcode/DerivedData/Notch-ddzsfiyxyoauidejndllmosklbkq/SourcePackages/checkouts/SkyLightWindow
    write-file /Users/jasonlee/Library/Developer/Xcode/DerivedData/Notch-ddzsfiyxyoauidejndllmosklbkq/Build/Intermediates.noindex/SkyLightWindow.build/Release/SkyLightWindow.build/Objects-normal/arm64/SkyLightWindow.SwiftConstValuesFileList

WriteAuxiliaryFile /Users/jasonlee/Library/Developer/Xcode/DerivedData/Notch-ddzsfiyxyoauidejndllmosklbkq/Build/Intermediates.noindex/SkyLightWindow.build/Release/SkyLightWindow.build/Objects-normal/arm64/SkyLightWindow.LinkFileList (in target 'SkyLightWindow' from project 'SkyLightWindow')
    cd /Users/jasonlee/Library/Developer/Xcode/DerivedData/Notch-ddzsfiyxyoauidejndllmosklbkq/SourcePackages/checkouts/SkyLightWindow
    write-file /Users/jasonlee/Library/Developer/Xcode/DerivedData/Notch-ddzsfiyxyoauidejndllmosklbkq/Build/Intermediates.noindex/SkyLightWindow.build/Release/SkyLightWindow.build/Objects-normal/arm64/SkyLightWindow.LinkFileList

WriteAuxiliaryFile /Users/jasonlee/Library/Developer/Xcode/DerivedData/Notch-ddzsfiyxyoauidejndllmosklbkq/Build/Intermediates.noindex/SkyLightWindow.build/Release/SkyLightWindow.build/Objects-normal/arm64/SkyLightWindow-OutputFileMap.json (in target 'SkyLightWindow' from project 'SkyLightWindow')
    cd /Users/jasonlee/Library/Developer/Xcode/DerivedData/Notch-ddzsfiyxyoauidejndllmosklbkq/SourcePackages/checkouts/SkyLightWindow
    write-file /Users/jasonlee/Library/Developer/Xcode/DerivedData/Notch-ddzsfiyxyoauidejndllmosklbkq/Build/Intermediates.noindex/SkyLightWindow.build/Release/SkyLightWindow.build/Objects-normal/arm64/SkyLightWindow-OutputFileMap.json

WriteAuxiliaryFile /Users/jasonlee/Library/Developer/Xcode/DerivedData/Notch-ddzsfiyxyoauidejndllmosklbkq/Build/Intermediates.noindex/PostHog.build/Release/PostHog_PostHog.build/PostHog_PostHog.DependencyStaticMetadataFileList (in target 'PostHog_PostHog' from project 'PostHog')
    cd /Users/jasonlee/Library/Developer/Xcode/DerivedData/Notch-ddzsfiyxyoauidejndllmosklbkq/SourcePackages/checkouts/posthog-ios
    write-file /Users/jasonlee/Library/Developer/Xcode/DerivedData/Notch-ddzsfiyxyoauidejndllmosklbkq/Build/Intermediates.noindex/PostHog.build/Release/PostHog_PostHog.build/PostHog_PostHog.DependencyStaticMetadataFileList

WriteAuxiliaryFile /Users/jasonlee/Library/Developer/Xcode/DerivedData/Notch-ddzsfiyxyoauidejndllmosklbkq/Build/Intermediates.noindex/PostHog.build/Release/PostHog_PostHog.build/PostHog_PostHog.DependencyMetadataFileList (in target 'PostHog_PostHog' from project 'PostHog')
    cd /Users/jasonlee/Library/Developer/Xcode/DerivedData/Notch-ddzsfiyxyoauidejndllmosklbkq/SourcePackages/checkouts/posthog-ios
    write-file /Users/jasonlee/Library/Developer/Xcode/DerivedData/Notch-ddzsfiyxyoauidejndllmosklbkq/Build/Intermediates.noindex/PostHog.build/Release/PostHog_PostHog.build/PostHog_PostHog.DependencyMetadataFileList

WriteAuxiliaryFile /Users/jasonlee/Library/Developer/Xcode/DerivedData/Notch-ddzsfiyxyoauidejndllmosklbkq/Build/Intermediates.noindex/PostHog.build/Release/PostHog.build/PostHog.modulemap (in target 'PostHog' from project 'PostHog')
    cd /Users/jasonlee/Library/Developer/Xcode/DerivedData/Notch-ddzsfiyxyoauidejndllmosklbkq/SourcePackages/checkouts/posthog-ios
    write-file /Users/jasonlee/Library/Developer/Xcode/DerivedData/Notch-ddzsfiyxyoauidejndllmosklbkq/Build/Intermediates.noindex/PostHog.build/Release/PostHog.build/PostHog.modulemap

WriteAuxiliaryFile /Users/jasonlee/Library/Developer/Xcode/DerivedData/Notch-ddzsfiyxyoauidejndllmosklbkq/Build/Intermediates.noindex/PostHog.build/Release/PostHog.build/PostHog.DependencyStaticMetadataFileList (in target 'PostHog' from project 'PostHog')
    cd /Users/jasonlee/Library/Developer/Xcode/DerivedData/Notch-ddzsfiyxyoauidejndllmosklbkq/SourcePackages/checkouts/posthog-ios
    write-file /Users/jasonlee/Library/Developer/Xcode/DerivedData/Notch-ddzsfiyxyoauidejndllmosklbkq/Build/Intermediates.noindex/PostHog.build/Release/PostHog.build/PostHog.DependencyStaticMetadataFileList

WriteAuxiliaryFile /Users/jasonlee/Library/Developer/Xcode/DerivedData/Notch-ddzsfiyxyoauidejndllmosklbkq/Build/Intermediates.noindex/PostHog.build/Release/PostHog.build/PostHog.DependencyMetadataFileList (in target 'PostHog' from project 'PostHog')
    cd /Users/jasonlee/Library/Developer/Xcode/DerivedData/Notch-ddzsfiyxyoauidejndllmosklbkq/SourcePackages/checkouts/posthog-ios
    write-file /Users/jasonlee/Library/Developer/Xcode/DerivedData/Notch-ddzsfiyxyoauidejndllmosklbkq/Build/Intermediates.noindex/PostHog.build/Release/PostHog.build/PostHog.DependencyMetadataFileList

WriteAuxiliaryFile /Users/jasonlee/Library/Developer/Xcode/DerivedData/Notch-ddzsfiyxyoauidejndllmosklbkq/Build/Intermediates.noindex/PostHog.build/Release/PostHog.build/Objects-normal/x86_64/PostHog_const_extract_protocols.json (in target 'PostHog' from project 'PostHog')
    cd /Users/jasonlee/Library/Developer/Xcode/DerivedData/Notch-ddzsfiyxyoauidejndllmosklbkq/SourcePackages/checkouts/posthog-ios
    write-file /Users/jasonlee/Library/Developer/Xcode/DerivedData/Notch-ddzsfiyxyoauidejndllmosklbkq/Build/Intermediates.noindex/PostHog.build/Release/PostHog.build/Objects-normal/x86_64/PostHog_const_extract_protocols.json

WriteAuxiliaryFile /Users/jasonlee/Library/Developer/Xcode/DerivedData/Notch-ddzsfiyxyoauidejndllmosklbkq/Build/Intermediates.noindex/PostHog.build/Release/PostHog.build/Objects-normal/x86_64/PostHog.SwiftFileList (in target 'PostHog' from project 'PostHog')
    cd /Users/jasonlee/Library/Developer/Xcode/DerivedData/Notch-ddzsfiyxyoauidejndllmosklbkq/SourcePackages/checkouts/posthog-ios
    write-file /Users/jasonlee/Library/Developer/Xcode/DerivedData/Notch-ddzsfiyxyoauidejndllmosklbkq/Build/Intermediates.noindex/PostHog.build/Release/PostHog.build/Objects-normal/x86_64/PostHog.SwiftFileList

WriteAuxiliaryFile /Users/jasonlee/Library/Developer/Xcode/DerivedData/Notch-ddzsfiyxyoauidejndllmosklbkq/Build/Intermediates.noindex/PostHog.build/Release/PostHog.build/Objects-normal/x86_64/PostHog.SwiftConstValuesFileList (in target 'PostHog' from project 'PostHog')
    cd /Users/jasonlee/Library/Developer/Xcode/DerivedData/Notch-ddzsfiyxyoauidejndllmosklbkq/SourcePackages/checkouts/posthog-ios
    write-file /Users/jasonlee/Library/Developer/Xcode/DerivedData/Notch-ddzsfiyxyoauidejndllmosklbkq/Build/Intermediates.noindex/PostHog.build/Release/PostHog.build/Objects-normal/x86_64/PostHog.SwiftConstValuesFileList

WriteAuxiliaryFile /Users/jasonlee/Library/Developer/Xcode/DerivedData/Notch-ddzsfiyxyoauidejndllmosklbkq/Build/Intermediates.noindex/PostHog.build/Release/PostHog.build/Objects-normal/x86_64/PostHog.LinkFileList (in target 'PostHog' from project 'PostHog')
    cd /Users/jasonlee/Library/Developer/Xcode/DerivedData/Notch-ddzsfiyxyoauidejndllmosklbkq/SourcePackages/checkouts/posthog-ios
    write-file /Users/jasonlee/Library/Developer/Xcode/DerivedData/Notch-ddzsfiyxyoauidejndllmosklbkq/Build/Intermediates.noindex/PostHog.build/Release/PostHog.build/Objects-normal/x86_64/PostHog.LinkFileList

WriteAuxiliaryFile /Users/jasonlee/Library/Developer/Xcode/DerivedData/Notch-ddzsfiyxyoauidejndllmosklbkq/Build/Intermediates.noindex/PostHog.build/Release/PostHog.build/Objects-normal/x86_64/PostHog-OutputFileMap.json (in target 'PostHog' from project 'PostHog')
    cd /Users/jasonlee/Library/Developer/Xcode/DerivedData/Notch-ddzsfiyxyoauidejndllmosklbkq/SourcePackages/checkouts/posthog-ios
    write-file /Users/jasonlee/Library/Developer/Xcode/DerivedData/Notch-ddzsfiyxyoauidejndllmosklbkq/Build/Intermediates.noindex/PostHog.build/Release/PostHog.build/Objects-normal/x86_64/PostHog-OutputFileMap.json

WriteAuxiliaryFile /Users/jasonlee/Library/Developer/Xcode/DerivedData/Notch-ddzsfiyxyoauidejndllmosklbkq/Build/Intermediates.noindex/PostHog.build/Release/PostHog.build/Objects-normal/arm64/PostHog.SwiftFileList (in target 'PostHog' from project 'PostHog')
    cd /Users/jasonlee/Library/Developer/Xcode/DerivedData/Notch-ddzsfiyxyoauidejndllmosklbkq/SourcePackages/checkouts/posthog-ios
    write-file /Users/jasonlee/Library/Developer/Xcode/DerivedData/Notch-ddzsfiyxyoauidejndllmosklbkq/Build/Intermediates.noindex/PostHog.build/Release/PostHog.build/Objects-normal/arm64/PostHog.SwiftFileList

WriteAuxiliaryFile /Users/jasonlee/Library/Developer/Xcode/DerivedData/Notch-ddzsfiyxyoauidejndllmosklbkq/Build/Intermediates.noindex/PostHog.build/Release/PostHog.build/Objects-normal/arm64/PostHog.SwiftConstValuesFileList (in target 'PostHog' from project 'PostHog')
    cd /Users/jasonlee/Library/Developer/Xcode/DerivedData/Notch-ddzsfiyxyoauidejndllmosklbkq/SourcePackages/checkouts/posthog-ios
    write-file /Users/jasonlee/Library/Developer/Xcode/DerivedData/Notch-ddzsfiyxyoauidejndllmosklbkq/Build/Intermediates.noindex/PostHog.build/Release/PostHog.build/Objects-normal/arm64/PostHog.SwiftConstValuesFileList

WriteAuxiliaryFile /Users/jasonlee/Library/Developer/Xcode/DerivedData/Notch-ddzsfiyxyoauidejndllmosklbkq/Build/Intermediates.noindex/PostHog.build/Release/PostHog.build/Objects-normal/arm64/PostHog_const_extract_protocols.json (in target 'PostHog' from project 'PostHog')
    cd /Users/jasonlee/Library/Developer/Xcode/DerivedData/Notch-ddzsfiyxyoauidejndllmosklbkq/SourcePackages/checkouts/posthog-ios
    write-file /Users/jasonlee/Library/Developer/Xcode/DerivedData/Notch-ddzsfiyxyoauidejndllmosklbkq/Build/Intermediates.noindex/PostHog.build/Release/PostHog.build/Objects-normal/arm64/PostHog_const_extract_protocols.json

WriteAuxiliaryFile /Users/jasonlee/Library/Developer/Xcode/DerivedData/Notch-ddzsfiyxyoauidejndllmosklbkq/Build/Intermediates.noindex/PostHog.build/Release/PostHog.build/Objects-normal/arm64/PostHog.LinkFileList (in target 'PostHog' from project 'PostHog')
    cd /Users/jasonlee/Library/Developer/Xcode/DerivedData/Notch-ddzsfiyxyoauidejndllmosklbkq/SourcePackages/checkouts/posthog-ios
    write-file /Users/jasonlee/Library/Developer/Xcode/DerivedData/Notch-ddzsfiyxyoauidejndllmosklbkq/Build/Intermediates.noindex/PostHog.build/Release/PostHog.build/Objects-normal/arm64/PostHog.LinkFileList

WriteAuxiliaryFile /Users/jasonlee/Library/Developer/Xcode/DerivedData/Notch-ddzsfiyxyoauidejndllmosklbkq/Build/Intermediates.noindex/PostHog.build/Release/PostHog.build/Objects-normal/arm64/PostHog-OutputFileMap.json (in target 'PostHog' from project 'PostHog')
    cd /Users/jasonlee/Library/Developer/Xcode/DerivedData/Notch-ddzsfiyxyoauidejndllmosklbkq/SourcePackages/checkouts/posthog-ios
    write-file /Users/jasonlee/Library/Developer/Xcode/DerivedData/Notch-ddzsfiyxyoauidejndllmosklbkq/Build/Intermediates.noindex/PostHog.build/Release/PostHog.build/Objects-normal/arm64/PostHog-OutputFileMap.json

WriteAuxiliaryFile /Users/jasonlee/Library/Developer/Xcode/DerivedData/Notch-ddzsfiyxyoauidejndllmosklbkq/Build/Intermediates.noindex/PostHog.build/Release/PostHog.build/DerivedSources/resource_bundle_accessor.swift (in target 'PostHog' from project 'PostHog')
    cd /Users/jasonlee/Library/Developer/Xcode/DerivedData/Notch-ddzsfiyxyoauidejndllmosklbkq/SourcePackages/checkouts/posthog-ios
    write-file /Users/jasonlee/Library/Developer/Xcode/DerivedData/Notch-ddzsfiyxyoauidejndllmosklbkq/Build/Intermediates.noindex/PostHog.build/Release/PostHog.build/DerivedSources/resource_bundle_accessor.swift

WriteAuxiliaryFile /Users/jasonlee/Library/Developer/Xcode/DerivedData/Notch-ddzsfiyxyoauidejndllmosklbkq/Build/Intermediates.noindex/KeyboardShortcuts.build/Release/KeyboardShortcuts.build/Objects-normal/x86_64/KeyboardShortcuts_const_extract_protocols.json (in target 'KeyboardShortcuts' from project 'KeyboardShortcuts')
    cd /Users/jasonlee/Library/Developer/Xcode/DerivedData/Notch-ddzsfiyxyoauidejndllmosklbkq/SourcePackages/checkouts/KeyboardShortcuts
    write-file /Users/jasonlee/Library/Developer/Xcode/DerivedData/Notch-ddzsfiyxyoauidejndllmosklbkq/Build/Intermediates.noindex/KeyboardShortcuts.build/Release/KeyboardShortcuts.build/Objects-normal/x86_64/KeyboardShortcuts_const_extract_protocols.json

WriteAuxiliaryFile /Users/jasonlee/Library/Developer/Xcode/DerivedData/Notch-ddzsfiyxyoauidejndllmosklbkq/Build/Intermediates.noindex/KeyboardShortcuts.build/Release/KeyboardShortcuts.build/Objects-normal/x86_64/KeyboardShortcuts.SwiftFileList (in target 'KeyboardShortcuts' from project 'KeyboardShortcuts')
    cd /Users/jasonlee/Library/Developer/Xcode/DerivedData/Notch-ddzsfiyxyoauidejndllmosklbkq/SourcePackages/checkouts/KeyboardShortcuts
    write-file /Users/jasonlee/Library/Developer/Xcode/DerivedData/Notch-ddzsfiyxyoauidejndllmosklbkq/Build/Intermediates.noindex/KeyboardShortcuts.build/Release/KeyboardShortcuts.build/Objects-normal/x86_64/KeyboardShortcuts.SwiftFileList

WriteAuxiliaryFile /Users/jasonlee/Library/Developer/Xcode/DerivedData/Notch-ddzsfiyxyoauidejndllmosklbkq/Build/Intermediates.noindex/KeyboardShortcuts.build/Release/KeyboardShortcuts.build/Objects-normal/x86_64/KeyboardShortcuts.LinkFileList (in target 'KeyboardShortcuts' from project 'KeyboardShortcuts')
    cd /Users/jasonlee/Library/Developer/Xcode/DerivedData/Notch-ddzsfiyxyoauidejndllmosklbkq/SourcePackages/checkouts/KeyboardShortcuts
    write-file /Users/jasonlee/Library/Developer/Xcode/DerivedData/Notch-ddzsfiyxyoauidejndllmosklbkq/Build/Intermediates.noindex/KeyboardShortcuts.build/Release/KeyboardShortcuts.build/Objects-normal/x86_64/KeyboardShortcuts.LinkFileList

WriteAuxiliaryFile /Users/jasonlee/Library/Developer/Xcode/DerivedData/Notch-ddzsfiyxyoauidejndllmosklbkq/Build/Intermediates.noindex/KeyboardShortcuts.build/Release/KeyboardShortcuts.build/Objects-normal/x86_64/KeyboardShortcuts.SwiftConstValuesFileList (in target 'KeyboardShortcuts' from project 'KeyboardShortcuts')
    cd /Users/jasonlee/Library/Developer/Xcode/DerivedData/Notch-ddzsfiyxyoauidejndllmosklbkq/SourcePackages/checkouts/KeyboardShortcuts
    write-file /Users/jasonlee/Library/Developer/Xcode/DerivedData/Notch-ddzsfiyxyoauidejndllmosklbkq/Build/Intermediates.noindex/KeyboardShortcuts.build/Release/KeyboardShortcuts.build/Objects-normal/x86_64/KeyboardShortcuts.SwiftConstValuesFileList

WriteAuxiliaryFile /Users/jasonlee/Library/Developer/Xcode/DerivedData/Notch-ddzsfiyxyoauidejndllmosklbkq/Build/Intermediates.noindex/KeyboardShortcuts.build/Release/KeyboardShortcuts.build/Objects-normal/x86_64/KeyboardShortcuts-OutputFileMap.json (in target 'KeyboardShortcuts' from project 'KeyboardShortcuts')
    cd /Users/jasonlee/Library/Developer/Xcode/DerivedData/Notch-ddzsfiyxyoauidejndllmosklbkq/SourcePackages/checkouts/KeyboardShortcuts
    write-file /Users/jasonlee/Library/Developer/Xcode/DerivedData/Notch-ddzsfiyxyoauidejndllmosklbkq/Build/Intermediates.noindex/KeyboardShortcuts.build/Release/KeyboardShortcuts.build/Objects-normal/x86_64/KeyboardShortcuts-OutputFileMap.json

WriteAuxiliaryFile /Users/jasonlee/Library/Developer/Xcode/DerivedData/Notch-ddzsfiyxyoauidejndllmosklbkq/Build/Intermediates.noindex/KeyboardShortcuts.build/Release/KeyboardShortcuts.build/Objects-normal/arm64/KeyboardShortcuts.SwiftFileList (in target 'KeyboardShortcuts' from project 'KeyboardShortcuts')
    cd /Users/jasonlee/Library/Developer/Xcode/DerivedData/Notch-ddzsfiyxyoauidejndllmosklbkq/SourcePackages/checkouts/KeyboardShortcuts
    write-file /Users/jasonlee/Library/Developer/Xcode/DerivedData/Notch-ddzsfiyxyoauidejndllmosklbkq/Build/Intermediates.noindex/KeyboardShortcuts.build/Release/KeyboardShortcuts.build/Objects-normal/arm64/KeyboardShortcuts.SwiftFileList

WriteAuxiliaryFile /Users/jasonlee/Library/Developer/Xcode/DerivedData/Notch-ddzsfiyxyoauidejndllmosklbkq/Build/Intermediates.noindex/KeyboardShortcuts.build/Release/KeyboardShortcuts.build/Objects-normal/arm64/KeyboardShortcuts_const_extract_protocols.json (in target 'KeyboardShortcuts' from project 'KeyboardShortcuts')
    cd /Users/jasonlee/Library/Developer/Xcode/DerivedData/Notch-ddzsfiyxyoauidejndllmosklbkq/SourcePackages/checkouts/KeyboardShortcuts
    write-file /Users/jasonlee/Library/Developer/Xcode/DerivedData/Notch-ddzsfiyxyoauidejndllmosklbkq/Build/Intermediates.noindex/KeyboardShortcuts.build/Release/KeyboardShortcuts.build/Objects-normal/arm64/KeyboardShortcuts_const_extract_protocols.json

WriteAuxiliaryFile /Users/jasonlee/Library/Developer/Xcode/DerivedData/Notch-ddzsfiyxyoauidejndllmosklbkq/Build/Intermediates.noindex/KeyboardShortcuts.build/Release/KeyboardShortcuts.build/Objects-normal/arm64/KeyboardShortcuts.SwiftConstValuesFileList (in target 'KeyboardShortcuts' from project 'KeyboardShortcuts')
    cd /Users/jasonlee/Library/Developer/Xcode/DerivedData/Notch-ddzsfiyxyoauidejndllmosklbkq/SourcePackages/checkouts/KeyboardShortcuts
    write-file /Users/jasonlee/Library/Developer/Xcode/DerivedData/Notch-ddzsfiyxyoauidejndllmosklbkq/Build/Intermediates.noindex/KeyboardShortcuts.build/Release/KeyboardShortcuts.build/Objects-normal/arm64/KeyboardShortcuts.SwiftConstValuesFileList

WriteAuxiliaryFile /Users/jasonlee/Library/Developer/Xcode/DerivedData/Notch-ddzsfiyxyoauidejndllmosklbkq/Build/Intermediates.noindex/KeyboardShortcuts.build/Release/KeyboardShortcuts.build/Objects-normal/arm64/KeyboardShortcuts.LinkFileList (in target 'KeyboardShortcuts' from project 'KeyboardShortcuts')
    cd /Users/jasonlee/Library/Developer/Xcode/DerivedData/Notch-ddzsfiyxyoauidejndllmosklbkq/SourcePackages/checkouts/KeyboardShortcuts
    write-file /Users/jasonlee/Library/Developer/Xcode/DerivedData/Notch-ddzsfiyxyoauidejndllmosklbkq/Build/Intermediates.noindex/KeyboardShortcuts.build/Release/KeyboardShortcuts.build/Objects-normal/arm64/KeyboardShortcuts.LinkFileList

WriteAuxiliaryFile /Users/jasonlee/Library/Developer/Xcode/DerivedData/Notch-ddzsfiyxyoauidejndllmosklbkq/Build/Intermediates.noindex/KeyboardShortcuts.build/Release/KeyboardShortcuts.build/Objects-normal/arm64/KeyboardShortcuts-OutputFileMap.json (in target 'KeyboardShortcuts' from project 'KeyboardShortcuts')
    cd /Users/jasonlee/Library/Developer/Xcode/DerivedData/Notch-ddzsfiyxyoauidejndllmosklbkq/SourcePackages/checkouts/KeyboardShortcuts
    write-file /Users/jasonlee/Library/Developer/Xcode/DerivedData/Notch-ddzsfiyxyoauidejndllmosklbkq/Build/Intermediates.noindex/KeyboardShortcuts.build/Release/KeyboardShortcuts.build/Objects-normal/arm64/KeyboardShortcuts-OutputFileMap.json

Copy /Users/jasonlee/Library/Developer/Xcode/DerivedData/Notch-ddzsfiyxyoauidejndllmosklbkq/Build/Intermediates.noindex/GeneratedModuleMaps/phlibwebp.modulemap /Users/jasonlee/Library/Developer/Xcode/DerivedData/Notch-ddzsfiyxyoauidejndllmosklbkq/Build/Intermediates.noindex/PostHog.build/Release/phlibwebp.build/phlibwebp.modulemap (in target 'phlibwebp' from project 'PostHog')
    cd /Users/jasonlee/Library/Developer/Xcode/DerivedData/Notch-ddzsfiyxyoauidejndllmosklbkq/SourcePackages/checkouts/posthog-ios
    builtin-copy -exclude .DS_Store -exclude CVS -exclude .svn -exclude .git -exclude .hg -strip-unsigned-binaries -strip-deterministic -strip-tool /Applications/Xcode.app/Contents/Developer/Toolchains/XcodeDefault.xctoolchain/usr/bin/strip -resolve-src-symlinks /Users/jasonlee/Library/Developer/Xcode/DerivedData/Notch-ddzsfiyxyoauidejndllmosklbkq/Build/Intermediates.noindex/PostHog.build/Release/phlibwebp.build/phlibwebp.modulemap /Users/jasonlee/Library/Developer/Xcode/DerivedData/Notch-ddzsfiyxyoauidejndllmosklbkq/Build/Intermediates.noindex/GeneratedModuleMaps

WriteAuxiliaryFile /Users/jasonlee/Library/Developer/Xcode/DerivedData/Notch-ddzsfiyxyoauidejndllmosklbkq/Build/Intermediates.noindex/KeyboardShortcuts.build/Release/KeyboardShortcuts.build/KeyboardShortcuts.modulemap (in target 'KeyboardShortcuts' from project 'KeyboardShortcuts')
    cd /Users/jasonlee/Library/Developer/Xcode/DerivedData/Notch-ddzsfiyxyoauidejndllmosklbkq/SourcePackages/checkouts/KeyboardShortcuts
    write-file /Users/jasonlee/Library/Developer/Xcode/DerivedData/Notch-ddzsfiyxyoauidejndllmosklbkq/Build/Intermediates.noindex/KeyboardShortcuts.build/Release/KeyboardShortcuts.build/KeyboardShortcuts.modulemap

WriteAuxiliaryFile /Users/jasonlee/Library/Developer/Xcode/DerivedData/Notch-ddzsfiyxyoauidejndllmosklbkq/Build/Intermediates.noindex/KeyboardShortcuts.build/Release/KeyboardShortcuts.build/KeyboardShortcuts.DependencyStaticMetadataFileList (in target 'KeyboardShortcuts' from project 'KeyboardShortcuts')
    cd /Users/jasonlee/Library/Developer/Xcode/DerivedData/Notch-ddzsfiyxyoauidejndllmosklbkq/SourcePackages/checkouts/KeyboardShortcuts
    write-file /Users/jasonlee/Library/Developer/Xcode/DerivedData/Notch-ddzsfiyxyoauidejndllmosklbkq/Build/Intermediates.noindex/KeyboardShortcuts.build/Release/KeyboardShortcuts.build/KeyboardShortcuts.DependencyStaticMetadataFileList

Copy /Users/jasonlee/Library/Developer/Xcode/DerivedData/Notch-ddzsfiyxyoauidejndllmosklbkq/Build/Intermediates.noindex/GeneratedModuleMaps/SkyLightWindow.modulemap /Users/jasonlee/Library/Developer/Xcode/DerivedData/Notch-ddzsfiyxyoauidejndllmosklbkq/Build/Intermediates.noindex/SkyLightWindow.build/Release/SkyLightWindow.build/SkyLightWindow.modulemap (in target 'SkyLightWindow' from project 'SkyLightWindow')
    cd /Users/jasonlee/Library/Developer/Xcode/DerivedData/Notch-ddzsfiyxyoauidejndllmosklbkq/SourcePackages/checkouts/SkyLightWindow
    builtin-copy -exclude .DS_Store -exclude CVS -exclude .svn -exclude .git -exclude .hg -strip-unsigned-binaries -strip-deterministic -strip-tool /Applications/Xcode.app/Contents/Developer/Toolchains/XcodeDefault.xctoolchain/usr/bin/strip -resolve-src-symlinks /Users/jasonlee/Library/Developer/Xcode/DerivedData/Notch-ddzsfiyxyoauidejndllmosklbkq/Build/Intermediates.noindex/SkyLightWindow.build/Release/SkyLightWindow.build/SkyLightWindow.modulemap /Users/jasonlee/Library/Developer/Xcode/DerivedData/Notch-ddzsfiyxyoauidejndllmosklbkq/Build/Intermediates.noindex/GeneratedModuleMaps

WriteAuxiliaryFile /Users/jasonlee/Library/Developer/Xcode/DerivedData/Notch-ddzsfiyxyoauidejndllmosklbkq/Build/Intermediates.noindex/KeyboardShortcuts.build/Release/KeyboardShortcuts.build/KeyboardShortcuts.DependencyMetadataFileList (in target 'KeyboardShortcuts' from project 'KeyboardShortcuts')
    cd /Users/jasonlee/Library/Developer/Xcode/DerivedData/Notch-ddzsfiyxyoauidejndllmosklbkq/SourcePackages/checkouts/KeyboardShortcuts
    write-file /Users/jasonlee/Library/Developer/Xcode/DerivedData/Notch-ddzsfiyxyoauidejndllmosklbkq/Build/Intermediates.noindex/KeyboardShortcuts.build/Release/KeyboardShortcuts.build/KeyboardShortcuts.DependencyMetadataFileList

WriteAuxiliaryFile /Users/jasonlee/Library/Developer/Xcode/DerivedData/Notch-ddzsfiyxyoauidejndllmosklbkq/Build/Intermediates.noindex/KeyboardShortcuts.build/Release/KeyboardShortcuts.build/DerivedSources/resource_bundle_accessor.swift (in target 'KeyboardShortcuts' from project 'KeyboardShortcuts')
    cd /Users/jasonlee/Library/Developer/Xcode/DerivedData/Notch-ddzsfiyxyoauidejndllmosklbkq/SourcePackages/checkouts/KeyboardShortcuts
    write-file /Users/jasonlee/Library/Developer/Xcode/DerivedData/Notch-ddzsfiyxyoauidejndllmosklbkq/Build/Intermediates.noindex/KeyboardShortcuts.build/Release/KeyboardShortcuts.build/DerivedSources/resource_bundle_accessor.swift

WriteAuxiliaryFile /Users/jasonlee/Library/Developer/Xcode/DerivedData/Notch-ddzsfiyxyoauidejndllmosklbkq/Build/Intermediates.noindex/PLCrashReporter.build/Release/CrashReporter.build/Objects-normal/x86_64/e6072d4f65d7061329687fe24e3d63a7-common-args.resp (in target 'CrashReporter' from project 'PLCrashReporter')
    cd /Users/jasonlee/Library/Developer/Xcode/DerivedData/Notch-ddzsfiyxyoauidejndllmosklbkq/SourcePackages/checkouts/plcrashreporter
    write-file /Users/jasonlee/Library/Developer/Xcode/DerivedData/Notch-ddzsfiyxyoauidejndllmosklbkq/Build/Intermediates.noindex/PLCrashReporter.build/Release/CrashReporter.build/Objects-normal/x86_64/e6072d4f65d7061329687fe24e3d63a7-common-args.resp
-fobjc-arc -fmodules -gmodules '-fmodules-cache-path=/Users/jasonlee/Library/Developer/Xcode/DerivedData/ModuleCache.noindex' '-fmodule-name=CrashReporter' -fpascal-strings -Os -DSWIFT_PACKAGE -DPLCR_PRIVATE -DPLCF_RELEASE_BUILD '-DPLCRASHREPORTER_PREFIX=' -DSWIFT_PACKAGE '-DOBJC_OLD_DISPATCH_PROTOTYPES=1' -fasm-blocks -g -fprofile-instr-generate -fcoverage-mapping -I/Users/jasonlee/Library/Developer/Xcode/DerivedData/Notch-ddzsfiyxyoauidejndllmosklbkq/Build/Products/Release/include -I/Users/jasonlee/Library/Developer/Xcode/DerivedData/Notch-ddzsfiyxyoauidejndllmosklbkq/SourcePackages/checkouts/plcrashreporter/include -I/Users/jasonlee/Library/Developer/Xcode/DerivedData/Notch-ddzsfiyxyoauidejndllmosklbkq/SourcePackages/checkouts/plcrashreporter/Dependencies/protobuf-c -I/Users/jasonlee/Library/Developer/Xcode/DerivedData/Notch-ddzsfiyxyoauidejndllmosklbkq/Build/Intermediates.noindex/PLCrashReporter.build/Release/CrashReporter.build/DerivedSources-normal/x86_64 -I/Users/jasonlee/Library/Developer/Xcode/DerivedData/Notch-ddzsfiyxyoauidejndllmosklbkq/Build/Intermediates.noindex/PLCrashReporter.build/Release/CrashReporter.build/DerivedSources/x86_64 -I/Users/jasonlee/Library/Developer/Xcode/DerivedData/Notch-ddzsfiyxyoauidejndllmosklbkq/Build/Intermediates.noindex/PLCrashReporter.build/Release/CrashReporter.build/DerivedSources -F/Users/jasonlee/Library/Developer/Xcode/DerivedData/Notch-ddzsfiyxyoauidejndllmosklbkq/Build/Products/Release -iframework /Applications/Xcode.app/Contents/Developer/Platforms/MacOSX.platform/Developer/Library/Frameworks -DXcode

WriteAuxiliaryFile /Users/jasonlee/Library/Developer/Xcode/DerivedData/Notch-ddzsfiyxyoauidejndllmosklbkq/Build/Intermediates.noindex/PLCrashReporter.build/Release/CrashReporter.build/Objects-normal/x86_64/af3fcb34312c57c0f52879cdce924b91-common-args.resp (in target 'CrashReporter' from project 'PLCrashReporter')
    cd /Users/jasonlee/Library/Developer/Xcode/DerivedData/Notch-ddzsfiyxyoauidejndllmosklbkq/SourcePackages/checkouts/plcrashreporter
    write-file /Users/jasonlee/Library/Developer/Xcode/DerivedData/Notch-ddzsfiyxyoauidejndllmosklbkq/Build/Intermediates.noindex/PLCrashReporter.build/Release/CrashReporter.build/Objects-normal/x86_64/af3fcb34312c57c0f52879cdce924b91-common-args.resp
-fobjc-arc -fmodules -fno-cxx-modules -gmodules '-fmodules-cache-path=/Users/jasonlee/Library/Developer/Xcode/DerivedData/ModuleCache.noindex' '-fmodule-name=CrashReporter' -fpascal-strings -Os -DSWIFT_PACKAGE -DPLCR_PRIVATE -DPLCF_RELEASE_BUILD '-DPLCRASHREPORTER_PREFIX=' -DSWIFT_PACKAGE '-DOBJC_OLD_DISPATCH_PROTOTYPES=1' -fasm-blocks -g -fvisibility-inlines-hidden -fprofile-instr-generate -fcoverage-mapping -I/Users/jasonlee/Library/Developer/Xcode/DerivedData/Notch-ddzsfiyxyoauidejndllmosklbkq/Build/Products/Release/include -I/Users/jasonlee/Library/Developer/Xcode/DerivedData/Notch-ddzsfiyxyoauidejndllmosklbkq/SourcePackages/checkouts/plcrashreporter/include -I/Users/jasonlee/Library/Developer/Xcode/DerivedData/Notch-ddzsfiyxyoauidejndllmosklbkq/SourcePackages/checkouts/plcrashreporter/Dependencies/protobuf-c -I/Users/jasonlee/Library/Developer/Xcode/DerivedData/Notch-ddzsfiyxyoauidejndllmosklbkq/Build/Intermediates.noindex/PLCrashReporter.build/Release/CrashReporter.build/DerivedSources-normal/x86_64 -I/Users/jasonlee/Library/Developer/Xcode/DerivedData/Notch-ddzsfiyxyoauidejndllmosklbkq/Build/Intermediates.noindex/PLCrashReporter.build/Release/CrashReporter.build/DerivedSources/x86_64 -I/Users/jasonlee/Library/Developer/Xcode/DerivedData/Notch-ddzsfiyxyoauidejndllmosklbkq/Build/Intermediates.noindex/PLCrashReporter.build/Release/CrashReporter.build/DerivedSources -F/Users/jasonlee/Library/Developer/Xcode/DerivedData/Notch-ddzsfiyxyoauidejndllmosklbkq/Build/Products/Release -iframework /Applications/Xcode.app/Contents/Developer/Platforms/MacOSX.platform/Developer/Library/Frameworks -DXcode

WriteAuxiliaryFile /Users/jasonlee/Library/Developer/Xcode/DerivedData/Notch-ddzsfiyxyoauidejndllmosklbkq/Build/Intermediates.noindex/PLCrashReporter.build/Release/CrashReporter.build/Objects-normal/x86_64/CrashReporter.LinkFileList (in target 'CrashReporter' from project 'PLCrashReporter')
    cd /Users/jasonlee/Library/Developer/Xcode/DerivedData/Notch-ddzsfiyxyoauidejndllmosklbkq/SourcePackages/checkouts/plcrashreporter
    write-file /Users/jasonlee/Library/Developer/Xcode/DerivedData/Notch-ddzsfiyxyoauidejndllmosklbkq/Build/Intermediates.noindex/PLCrashReporter.build/Release/CrashReporter.build/Objects-normal/x86_64/CrashReporter.LinkFileList

Copy /Users/jasonlee/Library/Developer/Xcode/DerivedData/Notch-ddzsfiyxyoauidejndllmosklbkq/Build/Intermediates.noindex/GeneratedModuleMaps/PostHog.modulemap /Users/jasonlee/Library/Developer/Xcode/DerivedData/Notch-ddzsfiyxyoauidejndllmosklbkq/Build/Intermediates.noindex/PostHog.build/Release/PostHog.build/PostHog.modulemap (in target 'PostHog' from project 'PostHog')
    cd /Users/jasonlee/Library/Developer/Xcode/DerivedData/Notch-ddzsfiyxyoauidejndllmosklbkq/SourcePackages/checkouts/posthog-ios
    builtin-copy -exclude .DS_Store -exclude CVS -exclude .svn -exclude .git -exclude .hg -strip-unsigned-binaries -strip-deterministic -strip-tool /Applications/Xcode.app/Contents/Developer/Toolchains/XcodeDefault.xctoolchain/usr/bin/strip -resolve-src-symlinks /Users/jasonlee/Library/Developer/Xcode/DerivedData/Notch-ddzsfiyxyoauidejndllmosklbkq/Build/Intermediates.noindex/PostHog.build/Release/PostHog.build/PostHog.modulemap /Users/jasonlee/Library/Developer/Xcode/DerivedData/Notch-ddzsfiyxyoauidejndllmosklbkq/Build/Intermediates.noindex/GeneratedModuleMaps

WriteAuxiliaryFile /Users/jasonlee/Library/Developer/Xcode/DerivedData/Notch-ddzsfiyxyoauidejndllmosklbkq/Build/Intermediates.noindex/PLCrashReporter.build/Release/CrashReporter.build/Objects-normal/x86_64/82b82416624d2658e5098eb0a28c15c5-common-args.resp (in target 'CrashReporter' from project 'PLCrashReporter')
    cd /Users/jasonlee/Library/Developer/Xcode/DerivedData/Notch-ddzsfiyxyoauidejndllmosklbkq/SourcePackages/checkouts/plcrashreporter
    write-file /Users/jasonlee/Library/Developer/Xcode/DerivedData/Notch-ddzsfiyxyoauidejndllmosklbkq/Build/Intermediates.noindex/PLCrashReporter.build/Release/CrashReporter.build/Objects-normal/x86_64/82b82416624d2658e5098eb0a28c15c5-common-args.resp
-fmodules -fno-cxx-modules -gmodules '-fmodules-cache-path=/Users/jasonlee/Library/Developer/Xcode/DerivedData/ModuleCache.noindex' '-fmodule-name=CrashReporter' -fpascal-strings -Os -DSWIFT_PACKAGE -DPLCR_PRIVATE -DPLCF_RELEASE_BUILD '-DPLCRASHREPORTER_PREFIX=' -DSWIFT_PACKAGE -fasm-blocks -g -fvisibility-inlines-hidden -fprofile-instr-generate -fcoverage-mapping -I/Users/jasonlee/Library/Developer/Xcode/DerivedData/Notch-ddzsfiyxyoauidejndllmosklbkq/Build/Products/Release/include -I/Users/jasonlee/Library/Developer/Xcode/DerivedData/Notch-ddzsfiyxyoauidejndllmosklbkq/SourcePackages/checkouts/plcrashreporter/include -I/Users/jasonlee/Library/Developer/Xcode/DerivedData/Notch-ddzsfiyxyoauidejndllmosklbkq/SourcePackages/checkouts/plcrashreporter/Dependencies/protobuf-c -I/Users/jasonlee/Library/Developer/Xcode/DerivedData/Notch-ddzsfiyxyoauidejndllmosklbkq/Build/Intermediates.noindex/PLCrashReporter.build/Release/CrashReporter.build/DerivedSources-normal/x86_64 -I/Users/jasonlee/Library/Developer/Xcode/DerivedData/Notch-ddzsfiyxyoauidejndllmosklbkq/Build/Intermediates.noindex/PLCrashReporter.build/Release/CrashReporter.build/DerivedSources/x86_64 -I/Users/jasonlee/Library/Developer/Xcode/DerivedData/Notch-ddzsfiyxyoauidejndllmosklbkq/Build/Intermediates.noindex/PLCrashReporter.build/Release/CrashReporter.build/DerivedSources -F/Users/jasonlee/Library/Developer/Xcode/DerivedData/Notch-ddzsfiyxyoauidejndllmosklbkq/Build/Products/Release -iframework /Applications/Xcode.app/Contents/Developer/Platforms/MacOSX.platform/Developer/Library/Frameworks -DXcode

WriteAuxiliaryFile /Users/jasonlee/Library/Developer/Xcode/DerivedData/Notch-ddzsfiyxyoauidejndllmosklbkq/Build/Intermediates.noindex/PLCrashReporter.build/Release/CrashReporter.build/Objects-normal/x86_64/7187679823f38a2a940e0043cdf9d637-common-args.resp (in target 'CrashReporter' from project 'PLCrashReporter')
    cd /Users/jasonlee/Library/Developer/Xcode/DerivedData/Notch-ddzsfiyxyoauidejndllmosklbkq/SourcePackages/checkouts/plcrashreporter
    write-file /Users/jasonlee/Library/Developer/Xcode/DerivedData/Notch-ddzsfiyxyoauidejndllmosklbkq/Build/Intermediates.noindex/PLCrashReporter.build/Release/CrashReporter.build/Objects-normal/x86_64/7187679823f38a2a940e0043cdf9d637-common-args.resp
-fmodules -gmodules '-fmodules-cache-path=/Users/jasonlee/Library/Developer/Xcode/DerivedData/ModuleCache.noindex' '-fmodule-name=CrashReporter' -fpascal-strings -Os -DSWIFT_PACKAGE -DPLCR_PRIVATE -DPLCF_RELEASE_BUILD '-DPLCRASHREPORTER_PREFIX=' -DSWIFT_PACKAGE -fasm-blocks -g -fprofile-instr-generate -fcoverage-mapping -I/Users/jasonlee/Library/Developer/Xcode/DerivedData/Notch-ddzsfiyxyoauidejndllmosklbkq/Build/Products/Release/include -I/Users/jasonlee/Library/Developer/Xcode/DerivedData/Notch-ddzsfiyxyoauidejndllmosklbkq/SourcePackages/checkouts/plcrashreporter/include -I/Users/jasonlee/Library/Developer/Xcode/DerivedData/Notch-ddzsfiyxyoauidejndllmosklbkq/SourcePackages/checkouts/plcrashreporter/Dependencies/protobuf-c -I/Users/jasonlee/Library/Developer/Xcode/DerivedData/Notch-ddzsfiyxyoauidejndllmosklbkq/Build/Intermediates.noindex/PLCrashReporter.build/Release/CrashReporter.build/DerivedSources-normal/x86_64 -I/Users/jasonlee/Library/Developer/Xcode/DerivedData/Notch-ddzsfiyxyoauidejndllmosklbkq/Build/Intermediates.noindex/PLCrashReporter.build/Release/CrashReporter.build/DerivedSources/x86_64 -I/Users/jasonlee/Library/Developer/Xcode/DerivedData/Notch-ddzsfiyxyoauidejndllmosklbkq/Build/Intermediates.noindex/PLCrashReporter.build/Release/CrashReporter.build/DerivedSources -F/Users/jasonlee/Library/Developer/Xcode/DerivedData/Notch-ddzsfiyxyoauidejndllmosklbkq/Build/Products/Release -iframework /Applications/Xcode.app/Contents/Developer/Platforms/MacOSX.platform/Developer/Library/Frameworks -DXcode

WriteAuxiliaryFile /Users/jasonlee/Library/Developer/Xcode/DerivedData/Notch-ddzsfiyxyoauidejndllmosklbkq/Build/Intermediates.noindex/PLCrashReporter.build/Release/CrashReporter.build/Objects-normal/x86_64/533656923a283fa776881f304837ed9e-common-args.resp (in target 'CrashReporter' from project 'PLCrashReporter')
    cd /Users/jasonlee/Library/Developer/Xcode/DerivedData/Notch-ddzsfiyxyoauidejndllmosklbkq/SourcePackages/checkouts/plcrashreporter
    write-file /Users/jasonlee/Library/Developer/Xcode/DerivedData/Notch-ddzsfiyxyoauidejndllmosklbkq/Build/Intermediates.noindex/PLCrashReporter.build/Release/CrashReporter.build/Objects-normal/x86_64/533656923a283fa776881f304837ed9e-common-args.resp
-gmodules '-fmodules-cache-path=/Users/jasonlee/Library/Developer/Xcode/DerivedData/ModuleCache.noindex' '-fmodule-name=CrashReporter' -fpascal-strings -Os -DSWIFT_PACKAGE -DPLCR_PRIVATE -DPLCF_RELEASE_BUILD '-DPLCRASHREPORTER_PREFIX=' -DSWIFT_PACKAGE -fasm-blocks -g -fprofile-instr-generate -fcoverage-mapping -I/Users/jasonlee/Library/Developer/Xcode/DerivedData/Notch-ddzsfiyxyoauidejndllmosklbkq/Build/Products/Release/include -I/Users/jasonlee/Library/Developer/Xcode/DerivedData/Notch-ddzsfiyxyoauidejndllmosklbkq/SourcePackages/checkouts/plcrashreporter/include -I/Users/jasonlee/Library/Developer/Xcode/DerivedData/Notch-ddzsfiyxyoauidejndllmosklbkq/SourcePackages/checkouts/plcrashreporter/Dependencies/protobuf-c -I/Users/jasonlee/Library/Developer/Xcode/DerivedData/Notch-ddzsfiyxyoauidejndllmosklbkq/Build/Intermediates.noindex/PLCrashReporter.build/Release/CrashReporter.build/DerivedSources-normal/x86_64 -I/Users/jasonlee/Library/Developer/Xcode/DerivedData/Notch-ddzsfiyxyoauidejndllmosklbkq/Build/Intermediates.noindex/PLCrashReporter.build/Release/CrashReporter.build/DerivedSources/x86_64 -I/Users/jasonlee/Library/Developer/Xcode/DerivedData/Notch-ddzsfiyxyoauidejndllmosklbkq/Build/Intermediates.noindex/PLCrashReporter.build/Release/CrashReporter.build/DerivedSources -F/Users/jasonlee/Library/Developer/Xcode/DerivedData/Notch-ddzsfiyxyoauidejndllmosklbkq/Build/Products/Release -iframework /Applications/Xcode.app/Contents/Developer/Platforms/MacOSX.platform/Developer/Library/Frameworks -DXcode

WriteAuxiliaryFile /Users/jasonlee/Library/Developer/Xcode/DerivedData/Notch-ddzsfiyxyoauidejndllmosklbkq/Build/Intermediates.noindex/PLCrashReporter.build/Release/CrashReporter.build/Objects-normal/arm64/e6072d4f65d7061329687fe24e3d63a7-common-args.resp (in target 'CrashReporter' from project 'PLCrashReporter')
    cd /Users/jasonlee/Library/Developer/Xcode/DerivedData/Notch-ddzsfiyxyoauidejndllmosklbkq/SourcePackages/checkouts/plcrashreporter
    write-file /Users/jasonlee/Library/Developer/Xcode/DerivedData/Notch-ddzsfiyxyoauidejndllmosklbkq/Build/Intermediates.noindex/PLCrashReporter.build/Release/CrashReporter.build/Objects-normal/arm64/e6072d4f65d7061329687fe24e3d63a7-common-args.resp
-fobjc-arc -fmodules -gmodules '-fmodules-cache-path=/Users/jasonlee/Library/Developer/Xcode/DerivedData/ModuleCache.noindex' '-fmodule-name=CrashReporter' -fpascal-strings -Os -DSWIFT_PACKAGE -DPLCR_PRIVATE -DPLCF_RELEASE_BUILD '-DPLCRASHREPORTER_PREFIX=' -DSWIFT_PACKAGE '-DOBJC_OLD_DISPATCH_PROTOTYPES=1' -g -fprofile-instr-generate -fcoverage-mapping -I/Users/jasonlee/Library/Developer/Xcode/DerivedData/Notch-ddzsfiyxyoauidejndllmosklbkq/Build/Products/Release/include -I/Users/jasonlee/Library/Developer/Xcode/DerivedData/Notch-ddzsfiyxyoauidejndllmosklbkq/SourcePackages/checkouts/plcrashreporter/include -I/Users/jasonlee/Library/Developer/Xcode/DerivedData/Notch-ddzsfiyxyoauidejndllmosklbkq/SourcePackages/checkouts/plcrashreporter/Dependencies/protobuf-c -I/Users/jasonlee/Library/Developer/Xcode/DerivedData/Notch-ddzsfiyxyoauidejndllmosklbkq/Build/Intermediates.noindex/PLCrashReporter.build/Release/CrashReporter.build/DerivedSources-normal/arm64 -I/Users/jasonlee/Library/Developer/Xcode/DerivedData/Notch-ddzsfiyxyoauidejndllmosklbkq/Build/Intermediates.noindex/PLCrashReporter.build/Release/CrashReporter.build/DerivedSources/arm64 -I/Users/jasonlee/Library/Developer/Xcode/DerivedData/Notch-ddzsfiyxyoauidejndllmosklbkq/Build/Intermediates.noindex/PLCrashReporter.build/Release/CrashReporter.build/DerivedSources -F/Users/jasonlee/Library/Developer/Xcode/DerivedData/Notch-ddzsfiyxyoauidejndllmosklbkq/Build/Products/Release -iframework /Applications/Xcode.app/Contents/Developer/Platforms/MacOSX.platform/Developer/Library/Frameworks -DXcode

WriteAuxiliaryFile /Users/jasonlee/Library/Developer/Xcode/DerivedData/Notch-ddzsfiyxyoauidejndllmosklbkq/Build/Intermediates.noindex/PLCrashReporter.build/Release/CrashReporter.build/Objects-normal/arm64/af3fcb34312c57c0f52879cdce924b91-common-args.resp (in target 'CrashReporter' from project 'PLCrashReporter')
    cd /Users/jasonlee/Library/Developer/Xcode/DerivedData/Notch-ddzsfiyxyoauidejndllmosklbkq/SourcePackages/checkouts/plcrashreporter
    write-file /Users/jasonlee/Library/Developer/Xcode/DerivedData/Notch-ddzsfiyxyoauidejndllmosklbkq/Build/Intermediates.noindex/PLCrashReporter.build/Release/CrashReporter.build/Objects-normal/arm64/af3fcb34312c57c0f52879cdce924b91-common-args.resp
-fobjc-arc -fmodules -fno-cxx-modules -gmodules '-fmodules-cache-path=/Users/jasonlee/Library/Developer/Xcode/DerivedData/ModuleCache.noindex' '-fmodule-name=CrashReporter' -fpascal-strings -Os -DSWIFT_PACKAGE -DPLCR_PRIVATE -DPLCF_RELEASE_BUILD '-DPLCRASHREPORTER_PREFIX=' -DSWIFT_PACKAGE '-DOBJC_OLD_DISPATCH_PROTOTYPES=1' -g -fvisibility-inlines-hidden -fprofile-instr-generate -fcoverage-mapping -I/Users/jasonlee/Library/Developer/Xcode/DerivedData/Notch-ddzsfiyxyoauidejndllmosklbkq/Build/Products/Release/include -I/Users/jasonlee/Library/Developer/Xcode/DerivedData/Notch-ddzsfiyxyoauidejndllmosklbkq/SourcePackages/checkouts/plcrashreporter/include -I/Users/jasonlee/Library/Developer/Xcode/DerivedData/Notch-ddzsfiyxyoauidejndllmosklbkq/SourcePackages/checkouts/plcrashreporter/Dependencies/protobuf-c -I/Users/jasonlee/Library/Developer/Xcode/DerivedData/Notch-ddzsfiyxyoauidejndllmosklbkq/Build/Intermediates.noindex/PLCrashReporter.build/Release/CrashReporter.build/DerivedSources-normal/arm64 -I/Users/jasonlee/Library/Developer/Xcode/DerivedData/Notch-ddzsfiyxyoauidejndllmosklbkq/Build/Intermediates.noindex/PLCrashReporter.build/Release/CrashReporter.build/DerivedSources/arm64 -I/Users/jasonlee/Library/Developer/Xcode/DerivedData/Notch-ddzsfiyxyoauidejndllmosklbkq/Build/Intermediates.noindex/PLCrashReporter.build/Release/CrashReporter.build/DerivedSources -F/Users/jasonlee/Library/Developer/Xcode/DerivedData/Notch-ddzsfiyxyoauidejndllmosklbkq/Build/Products/Release -iframework /Applications/Xcode.app/Contents/Developer/Platforms/MacOSX.platform/Developer/Library/Frameworks -DXcode

WriteAuxiliaryFile /Users/jasonlee/Library/Developer/Xcode/DerivedData/Notch-ddzsfiyxyoauidejndllmosklbkq/Build/Intermediates.noindex/PLCrashReporter.build/Release/CrashReporter.build/Objects-normal/arm64/CrashReporter.LinkFileList (in target 'CrashReporter' from project 'PLCrashReporter')
    cd /Users/jasonlee/Library/Developer/Xcode/DerivedData/Notch-ddzsfiyxyoauidejndllmosklbkq/SourcePackages/checkouts/plcrashreporter
    write-file /Users/jasonlee/Library/Developer/Xcode/DerivedData/Notch-ddzsfiyxyoauidejndllmosklbkq/Build/Intermediates.noindex/PLCrashReporter.build/Release/CrashReporter.build/Objects-normal/arm64/CrashReporter.LinkFileList

WriteAuxiliaryFile /Users/jasonlee/Library/Developer/Xcode/DerivedData/Notch-ddzsfiyxyoauidejndllmosklbkq/Build/Intermediates.noindex/PLCrashReporter.build/Release/CrashReporter.build/Objects-normal/arm64/82b82416624d2658e5098eb0a28c15c5-common-args.resp (in target 'CrashReporter' from project 'PLCrashReporter')
    cd /Users/jasonlee/Library/Developer/Xcode/DerivedData/Notch-ddzsfiyxyoauidejndllmosklbkq/SourcePackages/checkouts/plcrashreporter
    write-file /Users/jasonlee/Library/Developer/Xcode/DerivedData/Notch-ddzsfiyxyoauidejndllmosklbkq/Build/Intermediates.noindex/PLCrashReporter.build/Release/CrashReporter.build/Objects-normal/arm64/82b82416624d2658e5098eb0a28c15c5-common-args.resp
-fmodules -fno-cxx-modules -gmodules '-fmodules-cache-path=/Users/jasonlee/Library/Developer/Xcode/DerivedData/ModuleCache.noindex' '-fmodule-name=CrashReporter' -fpascal-strings -Os -DSWIFT_PACKAGE -DPLCR_PRIVATE -DPLCF_RELEASE_BUILD '-DPLCRASHREPORTER_PREFIX=' -DSWIFT_PACKAGE -g -fvisibility-inlines-hidden -fprofile-instr-generate -fcoverage-mapping -I/Users/jasonlee/Library/Developer/Xcode/DerivedData/Notch-ddzsfiyxyoauidejndllmosklbkq/Build/Products/Release/include -I/Users/jasonlee/Library/Developer/Xcode/DerivedData/Notch-ddzsfiyxyoauidejndllmosklbkq/SourcePackages/checkouts/plcrashreporter/include -I/Users/jasonlee/Library/Developer/Xcode/DerivedData/Notch-ddzsfiyxyoauidejndllmosklbkq/SourcePackages/checkouts/plcrashreporter/Dependencies/protobuf-c -I/Users/jasonlee/Library/Developer/Xcode/DerivedData/Notch-ddzsfiyxyoauidejndllmosklbkq/Build/Intermediates.noindex/PLCrashReporter.build/Release/CrashReporter.build/DerivedSources-normal/arm64 -I/Users/jasonlee/Library/Developer/Xcode/DerivedData/Notch-ddzsfiyxyoauidejndllmosklbkq/Build/Intermediates.noindex/PLCrashReporter.build/Release/CrashReporter.build/DerivedSources/arm64 -I/Users/jasonlee/Library/Developer/Xcode/DerivedData/Notch-ddzsfiyxyoauidejndllmosklbkq/Build/Intermediates.noindex/PLCrashReporter.build/Release/CrashReporter.build/DerivedSources -F/Users/jasonlee/Library/Developer/Xcode/DerivedData/Notch-ddzsfiyxyoauidejndllmosklbkq/Build/Products/Release -iframework /Applications/Xcode.app/Contents/Developer/Platforms/MacOSX.platform/Developer/Library/Frameworks -DXcode

WriteAuxiliaryFile /Users/jasonlee/Library/Developer/Xcode/DerivedData/Notch-ddzsfiyxyoauidejndllmosklbkq/Build/Intermediates.noindex/PLCrashReporter.build/Release/CrashReporter.build/Objects-normal/arm64/7187679823f38a2a940e0043cdf9d637-common-args.resp (in target 'CrashReporter' from project 'PLCrashReporter')
    cd /Users/jasonlee/Library/Developer/Xcode/DerivedData/Notch-ddzsfiyxyoauidejndllmosklbkq/SourcePackages/checkouts/plcrashreporter
    write-file /Users/jasonlee/Library/Developer/Xcode/DerivedData/Notch-ddzsfiyxyoauidejndllmosklbkq/Build/Intermediates.noindex/PLCrashReporter.build/Release/CrashReporter.build/Objects-normal/arm64/7187679823f38a2a940e0043cdf9d637-common-args.resp
-fmodules -gmodules '-fmodules-cache-path=/Users/jasonlee/Library/Developer/Xcode/DerivedData/ModuleCache.noindex' '-fmodule-name=CrashReporter' -fpascal-strings -Os -DSWIFT_PACKAGE -DPLCR_PRIVATE -DPLCF_RELEASE_BUILD '-DPLCRASHREPORTER_PREFIX=' -DSWIFT_PACKAGE -g -fprofile-instr-generate -fcoverage-mapping -I/Users/jasonlee/Library/Developer/Xcode/DerivedData/Notch-ddzsfiyxyoauidejndllmosklbkq/Build/Products/Release/include -I/Users/jasonlee/Library/Developer/Xcode/DerivedData/Notch-ddzsfiyxyoauidejndllmosklbkq/SourcePackages/checkouts/plcrashreporter/include -I/Users/jasonlee/Library/Developer/Xcode/DerivedData/Notch-ddzsfiyxyoauidejndllmosklbkq/SourcePackages/checkouts/plcrashreporter/Dependencies/protobuf-c -I/Users/jasonlee/Library/Developer/Xcode/DerivedData/Notch-ddzsfiyxyoauidejndllmosklbkq/Build/Intermediates.noindex/PLCrashReporter.build/Release/CrashReporter.build/DerivedSources-normal/arm64 -I/Users/jasonlee/Library/Developer/Xcode/DerivedData/Notch-ddzsfiyxyoauidejndllmosklbkq/Build/Intermediates.noindex/PLCrashReporter.build/Release/CrashReporter.build/DerivedSources/arm64 -I/Users/jasonlee/Library/Developer/Xcode/DerivedData/Notch-ddzsfiyxyoauidejndllmosklbkq/Build/Intermediates.noindex/PLCrashReporter.build/Release/CrashReporter.build/DerivedSources -F/Users/jasonlee/Library/Developer/Xcode/DerivedData/Notch-ddzsfiyxyoauidejndllmosklbkq/Build/Products/Release -iframework /Applications/Xcode.app/Contents/Developer/Platforms/MacOSX.platform/Developer/Library/Frameworks -DXcode

WriteAuxiliaryFile /Users/jasonlee/Library/Developer/Xcode/DerivedData/Notch-ddzsfiyxyoauidejndllmosklbkq/Build/Intermediates.noindex/PLCrashReporter.build/Release/CrashReporter.build/Objects-normal/arm64/533656923a283fa776881f304837ed9e-common-args.resp (in target 'CrashReporter' from project 'PLCrashReporter')
    cd /Users/jasonlee/Library/Developer/Xcode/DerivedData/Notch-ddzsfiyxyoauidejndllmosklbkq/SourcePackages/checkouts/plcrashreporter
    write-file /Users/jasonlee/Library/Developer/Xcode/DerivedData/Notch-ddzsfiyxyoauidejndllmosklbkq/Build/Intermediates.noindex/PLCrashReporter.build/Release/CrashReporter.build/Objects-normal/arm64/533656923a283fa776881f304837ed9e-common-args.resp
-gmodules '-fmodules-cache-path=/Users/jasonlee/Library/Developer/Xcode/DerivedData/ModuleCache.noindex' '-fmodule-name=CrashReporter' -fpascal-strings -Os -DSWIFT_PACKAGE -DPLCR_PRIVATE -DPLCF_RELEASE_BUILD '-DPLCRASHREPORTER_PREFIX=' -DSWIFT_PACKAGE -g -fprofile-instr-generate -fcoverage-mapping -I/Users/jasonlee/Library/Developer/Xcode/DerivedData/Notch-ddzsfiyxyoauidejndllmosklbkq/Build/Products/Release/include -I/Users/jasonlee/Library/Developer/Xcode/DerivedData/Notch-ddzsfiyxyoauidejndllmosklbkq/SourcePackages/checkouts/plcrashreporter/include -I/Users/jasonlee/Library/Developer/Xcode/DerivedData/Notch-ddzsfiyxyoauidejndllmosklbkq/SourcePackages/checkouts/plcrashreporter/Dependencies/protobuf-c -I/Users/jasonlee/Library/Developer/Xcode/DerivedData/Notch-ddzsfiyxyoauidejndllmosklbkq/Build/Intermediates.noindex/PLCrashReporter.build/Release/CrashReporter.build/DerivedSources-normal/arm64 -I/Users/jasonlee/Library/Developer/Xcode/DerivedData/Notch-ddzsfiyxyoauidejndllmosklbkq/Build/Intermediates.noindex/PLCrashReporter.build/Release/CrashReporter.build/DerivedSources/arm64 -I/Users/jasonlee/Library/Developer/Xcode/DerivedData/Notch-ddzsfiyxyoauidejndllmosklbkq/Build/Intermediates.noindex/PLCrashReporter.build/Release/CrashReporter.build/DerivedSources -F/Users/jasonlee/Library/Developer/Xcode/DerivedData/Notch-ddzsfiyxyoauidejndllmosklbkq/Build/Products/Release -iframework /Applications/Xcode.app/Contents/Developer/Platforms/MacOSX.platform/Developer/Library/Frameworks -DXcode

WriteAuxiliaryFile /Users/jasonlee/Library/Developer/Xcode/DerivedData/Notch-ddzsfiyxyoauidejndllmosklbkq/Build/Intermediates.noindex/PLCrashReporter.build/Release/CrashReporter.build/DerivedSources/resource_bundle_accessor.m (in target 'CrashReporter' from project 'PLCrashReporter')
    cd /Users/jasonlee/Library/Developer/Xcode/DerivedData/Notch-ddzsfiyxyoauidejndllmosklbkq/SourcePackages/checkouts/plcrashreporter
    write-file /Users/jasonlee/Library/Developer/Xcode/DerivedData/Notch-ddzsfiyxyoauidejndllmosklbkq/Build/Intermediates.noindex/PLCrashReporter.build/Release/CrashReporter.build/DerivedSources/resource_bundle_accessor.m

WriteAuxiliaryFile /Users/jasonlee/Library/Developer/Xcode/DerivedData/Notch-ddzsfiyxyoauidejndllmosklbkq/Build/Intermediates.noindex/PLCrashReporter.build/Release/CrashReporter.build/DerivedSources/resource_bundle_accessor.h (in target 'CrashReporter' from project 'PLCrashReporter')
    cd /Users/jasonlee/Library/Developer/Xcode/DerivedData/Notch-ddzsfiyxyoauidejndllmosklbkq/SourcePackages/checkouts/plcrashreporter
    write-file /Users/jasonlee/Library/Developer/Xcode/DerivedData/Notch-ddzsfiyxyoauidejndllmosklbkq/Build/Intermediates.noindex/PLCrashReporter.build/Release/CrashReporter.build/DerivedSources/resource_bundle_accessor.h

Copy /Users/jasonlee/Library/Developer/Xcode/DerivedData/Notch-ddzsfiyxyoauidejndllmosklbkq/Build/Intermediates.noindex/GeneratedModuleMaps/KeyboardShortcuts.modulemap /Users/jasonlee/Library/Developer/Xcode/DerivedData/Notch-ddzsfiyxyoauidejndllmosklbkq/Build/Intermediates.noindex/KeyboardShortcuts.build/Release/KeyboardShortcuts.build/KeyboardShortcuts.modulemap (in target 'KeyboardShortcuts' from project 'KeyboardShortcuts')
    cd /Users/jasonlee/Library/Developer/Xcode/DerivedData/Notch-ddzsfiyxyoauidejndllmosklbkq/SourcePackages/checkouts/KeyboardShortcuts
    builtin-copy -exclude .DS_Store -exclude CVS -exclude .svn -exclude .git -exclude .hg -strip-unsigned-binaries -strip-deterministic -strip-tool /Applications/Xcode.app/Contents/Developer/Toolchains/XcodeDefault.xctoolchain/usr/bin/strip -resolve-src-symlinks /Users/jasonlee/Library/Developer/Xcode/DerivedData/Notch-ddzsfiyxyoauidejndllmosklbkq/Build/Intermediates.noindex/KeyboardShortcuts.build/Release/KeyboardShortcuts.build/KeyboardShortcuts.modulemap /Users/jasonlee/Library/Developer/Xcode/DerivedData/Notch-ddzsfiyxyoauidejndllmosklbkq/Build/Intermediates.noindex/GeneratedModuleMaps

WriteAuxiliaryFile /Users/jasonlee/Library/Developer/Xcode/DerivedData/Notch-ddzsfiyxyoauidejndllmosklbkq/Build/Intermediates.noindex/PLCrashReporter.build/Release/CrashReporter.build/CrashReporter.modulemap (in target 'CrashReporter' from project 'PLCrashReporter')
    cd /Users/jasonlee/Library/Developer/Xcode/DerivedData/Notch-ddzsfiyxyoauidejndllmosklbkq/SourcePackages/checkouts/plcrashreporter
    write-file /Users/jasonlee/Library/Developer/Xcode/DerivedData/Notch-ddzsfiyxyoauidejndllmosklbkq/Build/Intermediates.noindex/PLCrashReporter.build/Release/CrashReporter.build/CrashReporter.modulemap

WriteAuxiliaryFile /Users/jasonlee/Library/Developer/Xcode/DerivedData/Notch-ddzsfiyxyoauidejndllmosklbkq/Build/Intermediates.noindex/PLCrashReporter.build/Release/CrashReporter.build/CrashReporter.DependencyStaticMetadataFileList (in target 'CrashReporter' from project 'PLCrashReporter')
    cd /Users/jasonlee/Library/Developer/Xcode/DerivedData/Notch-ddzsfiyxyoauidejndllmosklbkq/SourcePackages/checkouts/plcrashreporter
    write-file /Users/jasonlee/Library/Developer/Xcode/DerivedData/Notch-ddzsfiyxyoauidejndllmosklbkq/Build/Intermediates.noindex/PLCrashReporter.build/Release/CrashReporter.build/CrashReporter.DependencyStaticMetadataFileList

WriteAuxiliaryFile /Users/jasonlee/Library/Developer/Xcode/DerivedData/Notch-ddzsfiyxyoauidejndllmosklbkq/Build/Intermediates.noindex/PLCrashReporter.build/Release/CrashReporter.build/CrashReporter.DependencyMetadataFileList (in target 'CrashReporter' from project 'PLCrashReporter')
    cd /Users/jasonlee/Library/Developer/Xcode/DerivedData/Notch-ddzsfiyxyoauidejndllmosklbkq/SourcePackages/checkouts/plcrashreporter
    write-file /Users/jasonlee/Library/Developer/Xcode/DerivedData/Notch-ddzsfiyxyoauidejndllmosklbkq/Build/Intermediates.noindex/PLCrashReporter.build/Release/CrashReporter.build/CrashReporter.DependencyMetadataFileList

MkDir /Users/jasonlee/Library/Developer/Xcode/DerivedData/Notch-ddzsfiyxyoauidejndllmosklbkq/Build/Products/Release/PostHog_PostHog.bundle/Contents (in target 'PostHog_PostHog' from project 'PostHog')
    cd /Users/jasonlee/Library/Developer/Xcode/DerivedData/Notch-ddzsfiyxyoauidejndllmosklbkq/SourcePackages/checkouts/posthog-ios
    /bin/mkdir -p /Users/jasonlee/Library/Developer/Xcode/DerivedData/Notch-ddzsfiyxyoauidejndllmosklbkq/Build/Products/Release/PostHog_PostHog.bundle/Contents

MkDir /Users/jasonlee/Library/Developer/Xcode/DerivedData/Notch-ddzsfiyxyoauidejndllmosklbkq/Build/Products/Release/PostHog_PostHog.bundle (in target 'PostHog_PostHog' from project 'PostHog')
    cd /Users/jasonlee/Library/Developer/Xcode/DerivedData/Notch-ddzsfiyxyoauidejndllmosklbkq/SourcePackages/checkouts/posthog-ios
    /bin/mkdir -p /Users/jasonlee/Library/Developer/Xcode/DerivedData/Notch-ddzsfiyxyoauidejndllmosklbkq/Build/Products/Release/PostHog_PostHog.bundle

MkDir /Users/jasonlee/Library/Developer/Xcode/DerivedData/Notch-ddzsfiyxyoauidejndllmosklbkq/Build/Products/Release/PostHog_PostHog.bundle/Contents/Resources (in target 'PostHog_PostHog' from project 'PostHog')
    cd /Users/jasonlee/Library/Developer/Xcode/DerivedData/Notch-ddzsfiyxyoauidejndllmosklbkq/SourcePackages/checkouts/posthog-ios
    /bin/mkdir -p /Users/jasonlee/Library/Developer/Xcode/DerivedData/Notch-ddzsfiyxyoauidejndllmosklbkq/Build/Products/Release/PostHog_PostHog.bundle/Contents/Resources

MkDir /Users/jasonlee/Library/Developer/Xcode/DerivedData/Notch-ddzsfiyxyoauidejndllmosklbkq/Build/Products/Release/PLCrashReporter_CrashReporter.bundle/Contents (in target 'PLCrashReporter_CrashReporter' from project 'PLCrashReporter')
    cd /Users/jasonlee/Library/Developer/Xcode/DerivedData/Notch-ddzsfiyxyoauidejndllmosklbkq/SourcePackages/checkouts/plcrashreporter
    /bin/mkdir -p /Users/jasonlee/Library/Developer/Xcode/DerivedData/Notch-ddzsfiyxyoauidejndllmosklbkq/Build/Products/Release/PLCrashReporter_CrashReporter.bundle/Contents

MkDir /Users/jasonlee/Library/Developer/Xcode/DerivedData/Notch-ddzsfiyxyoauidejndllmosklbkq/Build/Products/Release/PLCrashReporter_CrashReporter.bundle (in target 'PLCrashReporter_CrashReporter' from project 'PLCrashReporter')
    cd /Users/jasonlee/Library/Developer/Xcode/DerivedData/Notch-ddzsfiyxyoauidejndllmosklbkq/SourcePackages/checkouts/plcrashreporter
    /bin/mkdir -p /Users/jasonlee/Library/Developer/Xcode/DerivedData/Notch-ddzsfiyxyoauidejndllmosklbkq/Build/Products/Release/PLCrashReporter_CrashReporter.bundle

MkDir /Users/jasonlee/Library/Developer/Xcode/DerivedData/Notch-ddzsfiyxyoauidejndllmosklbkq/Build/Products/Release/PLCrashReporter_CrashReporter.bundle/Contents/Resources (in target 'PLCrashReporter_CrashReporter' from project 'PLCrashReporter')
    cd /Users/jasonlee/Library/Developer/Xcode/DerivedData/Notch-ddzsfiyxyoauidejndllmosklbkq/SourcePackages/checkouts/plcrashreporter
    /bin/mkdir -p /Users/jasonlee/Library/Developer/Xcode/DerivedData/Notch-ddzsfiyxyoauidejndllmosklbkq/Build/Products/Release/PLCrashReporter_CrashReporter.bundle/Contents/Resources

MkDir /Users/jasonlee/Library/Developer/Xcode/DerivedData/Notch-ddzsfiyxyoauidejndllmosklbkq/Build/Products/Release/KeyboardShortcuts_KeyboardShortcuts.bundle (in target 'KeyboardShortcuts_KeyboardShortcuts' from project 'KeyboardShortcuts')
    cd /Users/jasonlee/Library/Developer/Xcode/DerivedData/Notch-ddzsfiyxyoauidejndllmosklbkq/SourcePackages/checkouts/KeyboardShortcuts
    /bin/mkdir -p /Users/jasonlee/Library/Developer/Xcode/DerivedData/Notch-ddzsfiyxyoauidejndllmosklbkq/Build/Products/Release/KeyboardShortcuts_KeyboardShortcuts.bundle

Copy /Users/jasonlee/Library/Developer/Xcode/DerivedData/Notch-ddzsfiyxyoauidejndllmosklbkq/Build/Intermediates.noindex/GeneratedModuleMaps/CrashReporter.modulemap /Users/jasonlee/Library/Developer/Xcode/DerivedData/Notch-ddzsfiyxyoauidejndllmosklbkq/Build/Intermediates.noindex/PLCrashReporter.build/Release/CrashReporter.build/CrashReporter.modulemap (in target 'CrashReporter' from project 'PLCrashReporter')
    cd /Users/jasonlee/Library/Developer/Xcode/DerivedData/Notch-ddzsfiyxyoauidejndllmosklbkq/SourcePackages/checkouts/plcrashreporter
    builtin-copy -exclude .DS_Store -exclude CVS -exclude .svn -exclude .git -exclude .hg -strip-unsigned-binaries -strip-deterministic -strip-tool /Applications/Xcode.app/Contents/Developer/Toolchains/XcodeDefault.xctoolchain/usr/bin/strip -resolve-src-symlinks /Users/jasonlee/Library/Developer/Xcode/DerivedData/Notch-ddzsfiyxyoauidejndllmosklbkq/Build/Intermediates.noindex/PLCrashReporter.build/Release/CrashReporter.build/CrashReporter.modulemap /Users/jasonlee/Library/Developer/Xcode/DerivedData/Notch-ddzsfiyxyoauidejndllmosklbkq/Build/Intermediates.noindex/GeneratedModuleMaps

ProcessInfoPlistFile /Users/jasonlee/Library/Developer/Xcode/DerivedData/Notch-ddzsfiyxyoauidejndllmosklbkq/Build/Products/Release/PostHog_PostHog.bundle/Contents/Info.plist /Users/jasonlee/Library/Developer/Xcode/DerivedData/Notch-ddzsfiyxyoauidejndllmosklbkq/Build/Intermediates.noindex/PostHog.build/Release/PostHog_PostHog.build/empty-PostHog_PostHog.plist (in target 'PostHog_PostHog' from project 'PostHog')
    cd /Users/jasonlee/Library/Developer/Xcode/DerivedData/Notch-ddzsfiyxyoauidejndllmosklbkq/SourcePackages/checkouts/posthog-ios
    builtin-infoPlistUtility /Users/jasonlee/Library/Developer/Xcode/DerivedData/Notch-ddzsfiyxyoauidejndllmosklbkq/Build/Intermediates.noindex/PostHog.build/Release/PostHog_PostHog.build/empty-PostHog_PostHog.plist -producttype com.apple.product-type.bundle -expandbuildsettings -platform macosx -o /Users/jasonlee/Library/Developer/Xcode/DerivedData/Notch-ddzsfiyxyoauidejndllmosklbkq/Build/Products/Release/PostHog_PostHog.bundle/Contents/Info.plist

CpResource /Users/jasonlee/Library/Developer/Xcode/DerivedData/Notch-ddzsfiyxyoauidejndllmosklbkq/Build/Products/Release/PostHog_PostHog.bundle/Contents/Resources/PrivacyInfo.xcprivacy /Users/jasonlee/Library/Developer/Xcode/DerivedData/Notch-ddzsfiyxyoauidejndllmosklbkq/SourcePackages/checkouts/posthog-ios/PostHog/Resources/PrivacyInfo.xcprivacy (in target 'PostHog_PostHog' from project 'PostHog')
    cd /Users/jasonlee/Library/Developer/Xcode/DerivedData/Notch-ddzsfiyxyoauidejndllmosklbkq/SourcePackages/checkouts/posthog-ios
    builtin-copy -exclude .DS_Store -exclude CVS -exclude .svn -exclude .git -exclude .hg -strip-unsigned-binaries -strip-deterministic -strip-tool /Applications/Xcode.app/Contents/Developer/Toolchains/XcodeDefault.xctoolchain/usr/bin/strip -resolve-src-symlinks /Users/jasonlee/Library/Developer/Xcode/DerivedData/Notch-ddzsfiyxyoauidejndllmosklbkq/SourcePackages/checkouts/posthog-ios/PostHog/Resources/PrivacyInfo.xcprivacy /Users/jasonlee/Library/Developer/Xcode/DerivedData/Notch-ddzsfiyxyoauidejndllmosklbkq/Build/Products/Release/PostHog_PostHog.bundle/Contents/Resources

ProcessInfoPlistFile /Users/jasonlee/Library/Developer/Xcode/DerivedData/Notch-ddzsfiyxyoauidejndllmosklbkq/Build/Products/Release/PLCrashReporter_CrashReporter.bundle/Contents/Info.plist /Users/jasonlee/Library/Developer/Xcode/DerivedData/Notch-ddzsfiyxyoauidejndllmosklbkq/Build/Intermediates.noindex/PLCrashReporter.build/Release/PLCrashReporter_CrashReporter.build/empty-PLCrashReporter_CrashReporter.plist (in target 'PLCrashReporter_CrashReporter' from project 'PLCrashReporter')
    cd /Users/jasonlee/Library/Developer/Xcode/DerivedData/Notch-ddzsfiyxyoauidejndllmosklbkq/SourcePackages/checkouts/plcrashreporter
    builtin-infoPlistUtility /Users/jasonlee/Library/Developer/Xcode/DerivedData/Notch-ddzsfiyxyoauidejndllmosklbkq/Build/Intermediates.noindex/PLCrashReporter.build/Release/PLCrashReporter_CrashReporter.build/empty-PLCrashReporter_CrashReporter.plist -producttype com.apple.product-type.bundle -expandbuildsettings -platform macosx -o /Users/jasonlee/Library/Developer/Xcode/DerivedData/Notch-ddzsfiyxyoauidejndllmosklbkq/Build/Products/Release/PLCrashReporter_CrashReporter.bundle/Contents/Info.plist

CpResource /Users/jasonlee/Library/Developer/Xcode/DerivedData/Notch-ddzsfiyxyoauidejndllmosklbkq/Build/Products/Release/PLCrashReporter_CrashReporter.bundle/Contents/Resources/PrivacyInfo.xcprivacy /Users/jasonlee/Library/Developer/Xcode/DerivedData/Notch-ddzsfiyxyoauidejndllmosklbkq/SourcePackages/checkouts/plcrashreporter/Resources/PrivacyInfo.xcprivacy (in target 'PLCrashReporter_CrashReporter' from project 'PLCrashReporter')
    cd /Users/jasonlee/Library/Developer/Xcode/DerivedData/Notch-ddzsfiyxyoauidejndllmosklbkq/SourcePackages/checkouts/plcrashreporter
    builtin-copy -exclude .DS_Store -exclude CVS -exclude .svn -exclude .git -exclude .hg -strip-unsigned-binaries -strip-deterministic -strip-tool /Applications/Xcode.app/Contents/Developer/Toolchains/XcodeDefault.xctoolchain/usr/bin/strip -resolve-src-symlinks /Users/jasonlee/Library/Developer/Xcode/DerivedData/Notch-ddzsfiyxyoauidejndllmosklbkq/SourcePackages/checkouts/plcrashreporter/Resources/PrivacyInfo.xcprivacy /Users/jasonlee/Library/Developer/Xcode/DerivedData/Notch-ddzsfiyxyoauidejndllmosklbkq/Build/Products/Release/PLCrashReporter_CrashReporter.bundle/Contents/Resources

ProcessInfoPlistFile /Users/jasonlee/Library/Developer/Xcode/DerivedData/Notch-ddzsfiyxyoauidejndllmosklbkq/Build/Products/Release/KeyboardShortcuts_KeyboardShortcuts.bundle/Contents/Info.plist /Users/jasonlee/Library/Developer/Xcode/DerivedData/Notch-ddzsfiyxyoauidejndllmosklbkq/Build/Intermediates.noindex/KeyboardShortcuts.build/Release/KeyboardShortcuts_KeyboardShortcuts.build/empty-KeyboardShortcuts_KeyboardShortcuts.plist (in target 'KeyboardShortcuts_KeyboardShortcuts' from project 'KeyboardShortcuts')
    cd /Users/jasonlee/Library/Developer/Xcode/DerivedData/Notch-ddzsfiyxyoauidejndllmosklbkq/SourcePackages/checkouts/KeyboardShortcuts
    builtin-infoPlistUtility /Users/jasonlee/Library/Developer/Xcode/DerivedData/Notch-ddzsfiyxyoauidejndllmosklbkq/Build/Intermediates.noindex/KeyboardShortcuts.build/Release/KeyboardShortcuts_KeyboardShortcuts.build/empty-KeyboardShortcuts_KeyboardShortcuts.plist -producttype com.apple.product-type.bundle -expandbuildsettings -platform macosx -o /Users/jasonlee/Library/Developer/Xcode/DerivedData/Notch-ddzsfiyxyoauidejndllmosklbkq/Build/Products/Release/KeyboardShortcuts_KeyboardShortcuts.bundle/Contents/Info.plist

CpResource /Users/jasonlee/Library/Developer/Xcode/DerivedData/Notch-ddzsfiyxyoauidejndllmosklbkq/Build/Products/Release/KeyboardShortcuts_KeyboardShortcuts.bundle/Contents/Resources/zh-Hans.lproj/Localizable.strings /Users/jasonlee/Library/Developer/Xcode/DerivedData/Notch-ddzsfiyxyoauidejndllmosklbkq/SourcePackages/checkouts/KeyboardShortcuts/Sources/KeyboardShortcuts/Localization/zh-Hans.lproj/Localizable.strings (in target 'KeyboardShortcuts_KeyboardShortcuts' from project 'KeyboardShortcuts')
    cd /Users/jasonlee/Library/Developer/Xcode/DerivedData/Notch-ddzsfiyxyoauidejndllmosklbkq/SourcePackages/checkouts/KeyboardShortcuts
    builtin-copy -exclude .DS_Store -exclude CVS -exclude .svn -exclude .git -exclude .hg -strip-unsigned-binaries -strip-deterministic -strip-tool /Applications/Xcode.app/Contents/Developer/Toolchains/XcodeDefault.xctoolchain/usr/bin/strip -resolve-src-symlinks /Users/jasonlee/Library/Developer/Xcode/DerivedData/Notch-ddzsfiyxyoauidejndllmosklbkq/SourcePackages/checkouts/KeyboardShortcuts/Sources/KeyboardShortcuts/Localization/zh-Hans.lproj/Localizable.strings /Users/jasonlee/Library/Developer/Xcode/DerivedData/Notch-ddzsfiyxyoauidejndllmosklbkq/Build/Products/Release/KeyboardShortcuts_KeyboardShortcuts.bundle/Contents/Resources/zh-Hans.lproj

CpResource /Users/jasonlee/Library/Developer/Xcode/DerivedData/Notch-ddzsfiyxyoauidejndllmosklbkq/Build/Products/Release/KeyboardShortcuts_KeyboardShortcuts.bundle/Contents/Resources/zh-TW.lproj/Localizable.strings /Users/jasonlee/Library/Developer/Xcode/DerivedData/Notch-ddzsfiyxyoauidejndllmosklbkq/SourcePackages/checkouts/KeyboardShortcuts/Sources/KeyboardShortcuts/Localization/zh-TW.lproj/Localizable.strings (in target 'KeyboardShortcuts_KeyboardShortcuts' from project 'KeyboardShortcuts')
    cd /Users/jasonlee/Library/Developer/Xcode/DerivedData/Notch-ddzsfiyxyoauidejndllmosklbkq/SourcePackages/checkouts/KeyboardShortcuts
    builtin-copy -exclude .DS_Store -exclude CVS -exclude .svn -exclude .git -exclude .hg -strip-unsigned-binaries -strip-deterministic -strip-tool /Applications/Xcode.app/Contents/Developer/Toolchains/XcodeDefault.xctoolchain/usr/bin/strip -resolve-src-symlinks /Users/jasonlee/Library/Developer/Xcode/DerivedData/Notch-ddzsfiyxyoauidejndllmosklbkq/SourcePackages/checkouts/KeyboardShortcuts/Sources/KeyboardShortcuts/Localization/zh-TW.lproj/Localizable.strings /Users/jasonlee/Library/Developer/Xcode/DerivedData/Notch-ddzsfiyxyoauidejndllmosklbkq/Build/Products/Release/KeyboardShortcuts_KeyboardShortcuts.bundle/Contents/Resources/zh-TW.lproj

CpResource /Users/jasonlee/Library/Developer/Xcode/DerivedData/Notch-ddzsfiyxyoauidejndllmosklbkq/Build/Products/Release/KeyboardShortcuts_KeyboardShortcuts.bundle/Contents/Resources/sk.lproj/Localizable.strings /Users/jasonlee/Library/Developer/Xcode/DerivedData/Notch-ddzsfiyxyoauidejndllmosklbkq/SourcePackages/checkouts/KeyboardShortcuts/Sources/KeyboardShortcuts/Localization/sk.lproj/Localizable.strings (in target 'KeyboardShortcuts_KeyboardShortcuts' from project 'KeyboardShortcuts')
    cd /Users/jasonlee/Library/Developer/Xcode/DerivedData/Notch-ddzsfiyxyoauidejndllmosklbkq/SourcePackages/checkouts/KeyboardShortcuts
    builtin-copy -exclude .DS_Store -exclude CVS -exclude .svn -exclude .git -exclude .hg -strip-unsigned-binaries -strip-deterministic -strip-tool /Applications/Xcode.app/Contents/Developer/Toolchains/XcodeDefault.xctoolchain/usr/bin/strip -resolve-src-symlinks /Users/jasonlee/Library/Developer/Xcode/DerivedData/Notch-ddzsfiyxyoauidejndllmosklbkq/SourcePackages/checkouts/KeyboardShortcuts/Sources/KeyboardShortcuts/Localization/sk.lproj/Localizable.strings /Users/jasonlee/Library/Developer/Xcode/DerivedData/Notch-ddzsfiyxyoauidejndllmosklbkq/Build/Products/Release/KeyboardShortcuts_KeyboardShortcuts.bundle/Contents/Resources/sk.lproj

CpResource /Users/jasonlee/Library/Developer/Xcode/DerivedData/Notch-ddzsfiyxyoauidejndllmosklbkq/Build/Products/Release/KeyboardShortcuts_KeyboardShortcuts.bundle/Contents/Resources/ru.lproj/Localizable.strings /Users/jasonlee/Library/Developer/Xcode/DerivedData/Notch-ddzsfiyxyoauidejndllmosklbkq/SourcePackages/checkouts/KeyboardShortcuts/Sources/KeyboardShortcuts/Localization/ru.lproj/Localizable.strings (in target 'KeyboardShortcuts_KeyboardShortcuts' from project 'KeyboardShortcuts')
    cd /Users/jasonlee/Library/Developer/Xcode/DerivedData/Notch-ddzsfiyxyoauidejndllmosklbkq/SourcePackages/checkouts/KeyboardShortcuts
    builtin-copy -exclude .DS_Store -exclude CVS -exclude .svn -exclude .git -exclude .hg -strip-unsigned-binaries -strip-deterministic -strip-tool /Applications/Xcode.app/Contents/Developer/Toolchains/XcodeDefault.xctoolchain/usr/bin/strip -resolve-src-symlinks /Users/jasonlee/Library/Developer/Xcode/DerivedData/Notch-ddzsfiyxyoauidejndllmosklbkq/SourcePackages/checkouts/KeyboardShortcuts/Sources/KeyboardShortcuts/Localization/ru.lproj/Localizable.strings /Users/jasonlee/Library/Developer/Xcode/DerivedData/Notch-ddzsfiyxyoauidejndllmosklbkq/Build/Products/Release/KeyboardShortcuts_KeyboardShortcuts.bundle/Contents/Resources/ru.lproj

CpResource /Users/jasonlee/Library/Developer/Xcode/DerivedData/Notch-ddzsfiyxyoauidejndllmosklbkq/Build/Products/Release/KeyboardShortcuts_KeyboardShortcuts.bundle/Contents/Resources/pt-BR.lproj/Localizable.strings /Users/jasonlee/Library/Developer/Xcode/DerivedData/Notch-ddzsfiyxyoauidejndllmosklbkq/SourcePackages/checkouts/KeyboardShortcuts/Sources/KeyboardShortcuts/Localization/pt-BR.lproj/Localizable.strings (in target 'KeyboardShortcuts_KeyboardShortcuts' from project 'KeyboardShortcuts')
    cd /Users/jasonlee/Library/Developer/Xcode/DerivedData/Notch-ddzsfiyxyoauidejndllmosklbkq/SourcePackages/checkouts/KeyboardShortcuts
    builtin-copy -exclude .DS_Store -exclude CVS -exclude .svn -exclude .git -exclude .hg -strip-unsigned-binaries -strip-deterministic -strip-tool /Applications/Xcode.app/Contents/Developer/Toolchains/XcodeDefault.xctoolchain/usr/bin/strip -resolve-src-symlinks /Users/jasonlee/Library/Developer/Xcode/DerivedData/Notch-ddzsfiyxyoauidejndllmosklbkq/SourcePackages/checkouts/KeyboardShortcuts/Sources/KeyboardShortcuts/Localization/pt-BR.lproj/Localizable.strings /Users/jasonlee/Library/Developer/Xcode/DerivedData/Notch-ddzsfiyxyoauidejndllmosklbkq/Build/Products/Release/KeyboardShortcuts_KeyboardShortcuts.bundle/Contents/Resources/pt-BR.lproj

ProcessXCFramework /Users/jasonlee/Library/Developer/Xcode/DerivedData/Notch-ddzsfiyxyoauidejndllmosklbkq/SourcePackages/artifacts/sparkle/Sparkle/Sparkle.xcframework /Users/jasonlee/Library/Developer/Xcode/DerivedData/Notch-ddzsfiyxyoauidejndllmosklbkq/Build/Products/Release/Sparkle.framework macos
    cd /Users/jasonlee/Coding/App/Notch/Notch.xcodeproj
    builtin-process-xcframework --xcframework /Users/jasonlee/Library/Developer/Xcode/DerivedData/Notch-ddzsfiyxyoauidejndllmosklbkq/SourcePackages/artifacts/sparkle/Sparkle/Sparkle.xcframework --platform macos --target-path /Users/jasonlee/Library/Developer/Xcode/DerivedData/Notch-ddzsfiyxyoauidejndllmosklbkq/Build/Products/Release

CpResource /Users/jasonlee/Library/Developer/Xcode/DerivedData/Notch-ddzsfiyxyoauidejndllmosklbkq/Build/Products/Release/KeyboardShortcuts_KeyboardShortcuts.bundle/Contents/Resources/nl.lproj/Localizable.strings /Users/jasonlee/Library/Developer/Xcode/DerivedData/Notch-ddzsfiyxyoauidejndllmosklbkq/SourcePackages/checkouts/KeyboardShortcuts/Sources/KeyboardShortcuts/Localization/nl.lproj/Localizable.strings (in target 'KeyboardShortcuts_KeyboardShortcuts' from project 'KeyboardShortcuts')
    cd /Users/jasonlee/Library/Developer/Xcode/DerivedData/Notch-ddzsfiyxyoauidejndllmosklbkq/SourcePackages/checkouts/KeyboardShortcuts
    builtin-copy -exclude .DS_Store -exclude CVS -exclude .svn -exclude .git -exclude .hg -strip-unsigned-binaries -strip-deterministic -strip-tool /Applications/Xcode.app/Contents/Developer/Toolchains/XcodeDefault.xctoolchain/usr/bin/strip -resolve-src-symlinks /Users/jasonlee/Library/Developer/Xcode/DerivedData/Notch-ddzsfiyxyoauidejndllmosklbkq/SourcePackages/checkouts/KeyboardShortcuts/Sources/KeyboardShortcuts/Localization/nl.lproj/Localizable.strings /Users/jasonlee/Library/Developer/Xcode/DerivedData/Notch-ddzsfiyxyoauidejndllmosklbkq/Build/Products/Release/KeyboardShortcuts_KeyboardShortcuts.bundle/Contents/Resources/nl.lproj

CpResource /Users/jasonlee/Library/Developer/Xcode/DerivedData/Notch-ddzsfiyxyoauidejndllmosklbkq/Build/Products/Release/KeyboardShortcuts_KeyboardShortcuts.bundle/Contents/Resources/ko.lproj/Localizable.strings /Users/jasonlee/Library/Developer/Xcode/DerivedData/Notch-ddzsfiyxyoauidejndllmosklbkq/SourcePackages/checkouts/KeyboardShortcuts/Sources/KeyboardShortcuts/Localization/ko.lproj/Localizable.strings (in target 'KeyboardShortcuts_KeyboardShortcuts' from project 'KeyboardShortcuts')
    cd /Users/jasonlee/Library/Developer/Xcode/DerivedData/Notch-ddzsfiyxyoauidejndllmosklbkq/SourcePackages/checkouts/KeyboardShortcuts
    builtin-copy -exclude .DS_Store -exclude CVS -exclude .svn -exclude .git -exclude .hg -strip-unsigned-binaries -strip-deterministic -strip-tool /Applications/Xcode.app/Contents/Developer/Toolchains/XcodeDefault.xctoolchain/usr/bin/strip -resolve-src-symlinks /Users/jasonlee/Library/Developer/Xcode/DerivedData/Notch-ddzsfiyxyoauidejndllmosklbkq/SourcePackages/checkouts/KeyboardShortcuts/Sources/KeyboardShortcuts/Localization/ko.lproj/Localizable.strings /Users/jasonlee/Library/Developer/Xcode/DerivedData/Notch-ddzsfiyxyoauidejndllmosklbkq/Build/Products/Release/KeyboardShortcuts_KeyboardShortcuts.bundle/Contents/Resources/ko.lproj

CpResource /Users/jasonlee/Library/Developer/Xcode/DerivedData/Notch-ddzsfiyxyoauidejndllmosklbkq/Build/Products/Release/KeyboardShortcuts_KeyboardShortcuts.bundle/Contents/Resources/ja.lproj/Localizable.strings /Users/jasonlee/Library/Developer/Xcode/DerivedData/Notch-ddzsfiyxyoauidejndllmosklbkq/SourcePackages/checkouts/KeyboardShortcuts/Sources/KeyboardShortcuts/Localization/ja.lproj/Localizable.strings (in target 'KeyboardShortcuts_KeyboardShortcuts' from project 'KeyboardShortcuts')
    cd /Users/jasonlee/Library/Developer/Xcode/DerivedData/Notch-ddzsfiyxyoauidejndllmosklbkq/SourcePackages/checkouts/KeyboardShortcuts
    builtin-copy -exclude .DS_Store -exclude CVS -exclude .svn -exclude .git -exclude .hg -strip-unsigned-binaries -strip-deterministic -strip-tool /Applications/Xcode.app/Contents/Developer/Toolchains/XcodeDefault.xctoolchain/usr/bin/strip -resolve-src-symlinks /Users/jasonlee/Library/Developer/Xcode/DerivedData/Notch-ddzsfiyxyoauidejndllmosklbkq/SourcePackages/checkouts/KeyboardShortcuts/Sources/KeyboardShortcuts/Localization/ja.lproj/Localizable.strings /Users/jasonlee/Library/Developer/Xcode/DerivedData/Notch-ddzsfiyxyoauidejndllmosklbkq/Build/Products/Release/KeyboardShortcuts_KeyboardShortcuts.bundle/Contents/Resources/ja.lproj

CpResource /Users/jasonlee/Library/Developer/Xcode/DerivedData/Notch-ddzsfiyxyoauidejndllmosklbkq/Build/Products/Release/KeyboardShortcuts_KeyboardShortcuts.bundle/Contents/Resources/hu.lproj/Localizable.strings /Users/jasonlee/Library/Developer/Xcode/DerivedData/Notch-ddzsfiyxyoauidejndllmosklbkq/SourcePackages/checkouts/KeyboardShortcuts/Sources/KeyboardShortcuts/Localization/hu.lproj/Localizable.strings (in target 'KeyboardShortcuts_KeyboardShortcuts' from project 'KeyboardShortcuts')
    cd /Users/jasonlee/Library/Developer/Xcode/DerivedData/Notch-ddzsfiyxyoauidejndllmosklbkq/SourcePackages/checkouts/KeyboardShortcuts
    builtin-copy -exclude .DS_Store -exclude CVS -exclude .svn -exclude .git -exclude .hg -strip-unsigned-binaries -strip-deterministic -strip-tool /Applications/Xcode.app/Contents/Developer/Toolchains/XcodeDefault.xctoolchain/usr/bin/strip -resolve-src-symlinks /Users/jasonlee/Library/Developer/Xcode/DerivedData/Notch-ddzsfiyxyoauidejndllmosklbkq/SourcePackages/checkouts/KeyboardShortcuts/Sources/KeyboardShortcuts/Localization/hu.lproj/Localizable.strings /Users/jasonlee/Library/Developer/Xcode/DerivedData/Notch-ddzsfiyxyoauidejndllmosklbkq/Build/Products/Release/KeyboardShortcuts_KeyboardShortcuts.bundle/Contents/Resources/hu.lproj

CpResource /Users/jasonlee/Library/Developer/Xcode/DerivedData/Notch-ddzsfiyxyoauidejndllmosklbkq/Build/Products/Release/KeyboardShortcuts_KeyboardShortcuts.bundle/Contents/Resources/it.lproj/Localizable.strings /Users/jasonlee/Library/Developer/Xcode/DerivedData/Notch-ddzsfiyxyoauidejndllmosklbkq/SourcePackages/checkouts/KeyboardShortcuts/Sources/KeyboardShortcuts/Localization/it.lproj/Localizable.strings (in target 'KeyboardShortcuts_KeyboardShortcuts' from project 'KeyboardShortcuts')
    cd /Users/jasonlee/Library/Developer/Xcode/DerivedData/Notch-ddzsfiyxyoauidejndllmosklbkq/SourcePackages/checkouts/KeyboardShortcuts
    builtin-copy -exclude .DS_Store -exclude CVS -exclude .svn -exclude .git -exclude .hg -strip-unsigned-binaries -strip-deterministic -strip-tool /Applications/Xcode.app/Contents/Developer/Toolchains/XcodeDefault.xctoolchain/usr/bin/strip -resolve-src-symlinks /Users/jasonlee/Library/Developer/Xcode/DerivedData/Notch-ddzsfiyxyoauidejndllmosklbkq/SourcePackages/checkouts/KeyboardShortcuts/Sources/KeyboardShortcuts/Localization/it.lproj/Localizable.strings /Users/jasonlee/Library/Developer/Xcode/DerivedData/Notch-ddzsfiyxyoauidejndllmosklbkq/Build/Products/Release/KeyboardShortcuts_KeyboardShortcuts.bundle/Contents/Resources/it.lproj

CpResource /Users/jasonlee/Library/Developer/Xcode/DerivedData/Notch-ddzsfiyxyoauidejndllmosklbkq/Build/Products/Release/KeyboardShortcuts_KeyboardShortcuts.bundle/Contents/Resources/fr.lproj/Localizable.strings /Users/jasonlee/Library/Developer/Xcode/DerivedData/Notch-ddzsfiyxyoauidejndllmosklbkq/SourcePackages/checkouts/KeyboardShortcuts/Sources/KeyboardShortcuts/Localization/fr.lproj/Localizable.strings (in target 'KeyboardShortcuts_KeyboardShortcuts' from project 'KeyboardShortcuts')
    cd /Users/jasonlee/Library/Developer/Xcode/DerivedData/Notch-ddzsfiyxyoauidejndllmosklbkq/SourcePackages/checkouts/KeyboardShortcuts
    builtin-copy -exclude .DS_Store -exclude CVS -exclude .svn -exclude .git -exclude .hg -strip-unsigned-binaries -strip-deterministic -strip-tool /Applications/Xcode.app/Contents/Developer/Toolchains/XcodeDefault.xctoolchain/usr/bin/strip -resolve-src-symlinks /Users/jasonlee/Library/Developer/Xcode/DerivedData/Notch-ddzsfiyxyoauidejndllmosklbkq/SourcePackages/checkouts/KeyboardShortcuts/Sources/KeyboardShortcuts/Localization/fr.lproj/Localizable.strings /Users/jasonlee/Library/Developer/Xcode/DerivedData/Notch-ddzsfiyxyoauidejndllmosklbkq/Build/Products/Release/KeyboardShortcuts_KeyboardShortcuts.bundle/Contents/Resources/fr.lproj

CpResource /Users/jasonlee/Library/Developer/Xcode/DerivedData/Notch-ddzsfiyxyoauidejndllmosklbkq/Build/Products/Release/KeyboardShortcuts_KeyboardShortcuts.bundle/Contents/Resources/es.lproj/Localizable.strings /Users/jasonlee/Library/Developer/Xcode/DerivedData/Notch-ddzsfiyxyoauidejndllmosklbkq/SourcePackages/checkouts/KeyboardShortcuts/Sources/KeyboardShortcuts/Localization/es.lproj/Localizable.strings (in target 'KeyboardShortcuts_KeyboardShortcuts' from project 'KeyboardShortcuts')
    cd /Users/jasonlee/Library/Developer/Xcode/DerivedData/Notch-ddzsfiyxyoauidejndllmosklbkq/SourcePackages/checkouts/KeyboardShortcuts
    builtin-copy -exclude .DS_Store -exclude CVS -exclude .svn -exclude .git -exclude .hg -strip-unsigned-binaries -strip-deterministic -strip-tool /Applications/Xcode.app/Contents/Developer/Toolchains/XcodeDefault.xctoolchain/usr/bin/strip -resolve-src-symlinks /Users/jasonlee/Library/Developer/Xcode/DerivedData/Notch-ddzsfiyxyoauidejndllmosklbkq/SourcePackages/checkouts/KeyboardShortcuts/Sources/KeyboardShortcuts/Localization/es.lproj/Localizable.strings /Users/jasonlee/Library/Developer/Xcode/DerivedData/Notch-ddzsfiyxyoauidejndllmosklbkq/Build/Products/Release/KeyboardShortcuts_KeyboardShortcuts.bundle/Contents/Resources/es.lproj

CpResource /Users/jasonlee/Library/Developer/Xcode/DerivedData/Notch-ddzsfiyxyoauidejndllmosklbkq/Build/Products/Release/KeyboardShortcuts_KeyboardShortcuts.bundle/Contents/Resources/en.lproj/Localizable.strings /Users/jasonlee/Library/Developer/Xcode/DerivedData/Notch-ddzsfiyxyoauidejndllmosklbkq/SourcePackages/checkouts/KeyboardShortcuts/Sources/KeyboardShortcuts/Localization/en.lproj/Localizable.strings (in target 'KeyboardShortcuts_KeyboardShortcuts' from project 'KeyboardShortcuts')
    cd /Users/jasonlee/Library/Developer/Xcode/DerivedData/Notch-ddzsfiyxyoauidejndllmosklbkq/SourcePackages/checkouts/KeyboardShortcuts
    builtin-copy -exclude .DS_Store -exclude CVS -exclude .svn -exclude .git -exclude .hg -strip-unsigned-binaries -strip-deterministic -strip-tool /Applications/Xcode.app/Contents/Developer/Toolchains/XcodeDefault.xctoolchain/usr/bin/strip -resolve-src-symlinks /Users/jasonlee/Library/Developer/Xcode/DerivedData/Notch-ddzsfiyxyoauidejndllmosklbkq/SourcePackages/checkouts/KeyboardShortcuts/Sources/KeyboardShortcuts/Localization/en.lproj/Localizable.strings /Users/jasonlee/Library/Developer/Xcode/DerivedData/Notch-ddzsfiyxyoauidejndllmosklbkq/Build/Products/Release/KeyboardShortcuts_KeyboardShortcuts.bundle/Contents/Resources/en.lproj

CpResource /Users/jasonlee/Library/Developer/Xcode/DerivedData/Notch-ddzsfiyxyoauidejndllmosklbkq/Build/Products/Release/KeyboardShortcuts_KeyboardShortcuts.bundle/Contents/Resources/de.lproj/Localizable.strings /Users/jasonlee/Library/Developer/Xcode/DerivedData/Notch-ddzsfiyxyoauidejndllmosklbkq/SourcePackages/checkouts/KeyboardShortcuts/Sources/KeyboardShortcuts/Localization/de.lproj/Localizable.strings (in target 'KeyboardShortcuts_KeyboardShortcuts' from project 'KeyboardShortcuts')
    cd /Users/jasonlee/Library/Developer/Xcode/DerivedData/Notch-ddzsfiyxyoauidejndllmosklbkq/SourcePackages/checkouts/KeyboardShortcuts
    builtin-copy -exclude .DS_Store -exclude CVS -exclude .svn -exclude .git -exclude .hg -strip-unsigned-binaries -strip-deterministic -strip-tool /Applications/Xcode.app/Contents/Developer/Toolchains/XcodeDefault.xctoolchain/usr/bin/strip -resolve-src-symlinks /Users/jasonlee/Library/Developer/Xcode/DerivedData/Notch-ddzsfiyxyoauidejndllmosklbkq/SourcePackages/checkouts/KeyboardShortcuts/Sources/KeyboardShortcuts/Localization/de.lproj/Localizable.strings /Users/jasonlee/Library/Developer/Xcode/DerivedData/Notch-ddzsfiyxyoauidejndllmosklbkq/Build/Products/Release/KeyboardShortcuts_KeyboardShortcuts.bundle/Contents/Resources/de.lproj

CpResource /Users/jasonlee/Library/Developer/Xcode/DerivedData/Notch-ddzsfiyxyoauidejndllmosklbkq/Build/Products/Release/KeyboardShortcuts_KeyboardShortcuts.bundle/Contents/Resources/cs.lproj/Localizable.strings /Users/jasonlee/Library/Developer/Xcode/DerivedData/Notch-ddzsfiyxyoauidejndllmosklbkq/SourcePackages/checkouts/KeyboardShortcuts/Sources/KeyboardShortcuts/Localization/cs.lproj/Localizable.strings (in target 'KeyboardShortcuts_KeyboardShortcuts' from project 'KeyboardShortcuts')
    cd /Users/jasonlee/Library/Developer/Xcode/DerivedData/Notch-ddzsfiyxyoauidejndllmosklbkq/SourcePackages/checkouts/KeyboardShortcuts
    builtin-copy -exclude .DS_Store -exclude CVS -exclude .svn -exclude .git -exclude .hg -strip-unsigned-binaries -strip-deterministic -strip-tool /Applications/Xcode.app/Contents/Developer/Toolchains/XcodeDefault.xctoolchain/usr/bin/strip -resolve-src-symlinks /Users/jasonlee/Library/Developer/Xcode/DerivedData/Notch-ddzsfiyxyoauidejndllmosklbkq/SourcePackages/checkouts/KeyboardShortcuts/Sources/KeyboardShortcuts/Localization/cs.lproj/Localizable.strings /Users/jasonlee/Library/Developer/Xcode/DerivedData/Notch-ddzsfiyxyoauidejndllmosklbkq/Build/Products/Release/KeyboardShortcuts_KeyboardShortcuts.bundle/Contents/Resources/cs.lproj

CpResource /Users/jasonlee/Library/Developer/Xcode/DerivedData/Notch-ddzsfiyxyoauidejndllmosklbkq/Build/Products/Release/KeyboardShortcuts_KeyboardShortcuts.bundle/Contents/Resources/ar.lproj/Localizable.strings /Users/jasonlee/Library/Developer/Xcode/DerivedData/Notch-ddzsfiyxyoauidejndllmosklbkq/SourcePackages/checkouts/KeyboardShortcuts/Sources/KeyboardShortcuts/Localization/ar.lproj/Localizable.strings (in target 'KeyboardShortcuts_KeyboardShortcuts' from project 'KeyboardShortcuts')
    cd /Users/jasonlee/Library/Developer/Xcode/DerivedData/Notch-ddzsfiyxyoauidejndllmosklbkq/SourcePackages/checkouts/KeyboardShortcuts
    builtin-copy -exclude .DS_Store -exclude CVS -exclude .svn -exclude .git -exclude .hg -strip-unsigned-binaries -strip-deterministic -strip-tool /Applications/Xcode.app/Contents/Developer/Toolchains/XcodeDefault.xctoolchain/usr/bin/strip -resolve-src-symlinks /Users/jasonlee/Library/Developer/Xcode/DerivedData/Notch-ddzsfiyxyoauidejndllmosklbkq/SourcePackages/checkouts/KeyboardShortcuts/Sources/KeyboardShortcuts/Localization/ar.lproj/Localizable.strings /Users/jasonlee/Library/Developer/Xcode/DerivedData/Notch-ddzsfiyxyoauidejndllmosklbkq/Build/Products/Release/KeyboardShortcuts_KeyboardShortcuts.bundle/Contents/Resources/ar.lproj

RegisterExecutionPolicyException /Users/jasonlee/Library/Developer/Xcode/DerivedData/Notch-ddzsfiyxyoauidejndllmosklbkq/Build/Products/Release/PostHog_PostHog.bundle (in target 'PostHog_PostHog' from project 'PostHog')
    cd /Users/jasonlee/Library/Developer/Xcode/DerivedData/Notch-ddzsfiyxyoauidejndllmosklbkq/SourcePackages/checkouts/posthog-ios
    builtin-RegisterExecutionPolicyException /Users/jasonlee/Library/Developer/Xcode/DerivedData/Notch-ddzsfiyxyoauidejndllmosklbkq/Build/Products/Release/PostHog_PostHog.bundle

RegisterExecutionPolicyException /Users/jasonlee/Library/Developer/Xcode/DerivedData/Notch-ddzsfiyxyoauidejndllmosklbkq/Build/Products/Release/PLCrashReporter_CrashReporter.bundle (in target 'PLCrashReporter_CrashReporter' from project 'PLCrashReporter')
    cd /Users/jasonlee/Library/Developer/Xcode/DerivedData/Notch-ddzsfiyxyoauidejndllmosklbkq/SourcePackages/checkouts/plcrashreporter
    builtin-RegisterExecutionPolicyException /Users/jasonlee/Library/Developer/Xcode/DerivedData/Notch-ddzsfiyxyoauidejndllmosklbkq/Build/Products/Release/PLCrashReporter_CrashReporter.bundle

RegisterExecutionPolicyException /Users/jasonlee/Library/Developer/Xcode/DerivedData/Notch-ddzsfiyxyoauidejndllmosklbkq/Build/Products/Release/KeyboardShortcuts_KeyboardShortcuts.bundle (in target 'KeyboardShortcuts_KeyboardShortcuts' from project 'KeyboardShortcuts')
    cd /Users/jasonlee/Library/Developer/Xcode/DerivedData/Notch-ddzsfiyxyoauidejndllmosklbkq/SourcePackages/checkouts/KeyboardShortcuts
    builtin-RegisterExecutionPolicyException /Users/jasonlee/Library/Developer/Xcode/DerivedData/Notch-ddzsfiyxyoauidejndllmosklbkq/Build/Products/Release/KeyboardShortcuts_KeyboardShortcuts.bundle

Touch /Users/jasonlee/Library/Developer/Xcode/DerivedData/Notch-ddzsfiyxyoauidejndllmosklbkq/Build/Products/Release/PostHog_PostHog.bundle (in target 'PostHog_PostHog' from project 'PostHog')
    cd /Users/jasonlee/Library/Developer/Xcode/DerivedData/Notch-ddzsfiyxyoauidejndllmosklbkq/SourcePackages/checkouts/posthog-ios
    /usr/bin/touch -c /Users/jasonlee/Library/Developer/Xcode/DerivedData/Notch-ddzsfiyxyoauidejndllmosklbkq/Build/Products/Release/PostHog_PostHog.bundle

Touch /Users/jasonlee/Library/Developer/Xcode/DerivedData/Notch-ddzsfiyxyoauidejndllmosklbkq/Build/Products/Release/KeyboardShortcuts_KeyboardShortcuts.bundle (in target 'KeyboardShortcuts_KeyboardShortcuts' from project 'KeyboardShortcuts')
    cd /Users/jasonlee/Library/Developer/Xcode/DerivedData/Notch-ddzsfiyxyoauidejndllmosklbkq/SourcePackages/checkouts/KeyboardShortcuts
    /usr/bin/touch -c /Users/jasonlee/Library/Developer/Xcode/DerivedData/Notch-ddzsfiyxyoauidejndllmosklbkq/Build/Products/Release/KeyboardShortcuts_KeyboardShortcuts.bundle

Touch /Users/jasonlee/Library/Developer/Xcode/DerivedData/Notch-ddzsfiyxyoauidejndllmosklbkq/Build/Products/Release/PLCrashReporter_CrashReporter.bundle (in target 'PLCrashReporter_CrashReporter' from project 'PLCrashReporter')
    cd /Users/jasonlee/Library/Developer/Xcode/DerivedData/Notch-ddzsfiyxyoauidejndllmosklbkq/SourcePackages/checkouts/plcrashreporter
    /usr/bin/touch -c /Users/jasonlee/Library/Developer/Xcode/DerivedData/Notch-ddzsfiyxyoauidejndllmosklbkq/Build/Products/Release/PLCrashReporter_CrashReporter.bundle

WriteAuxiliaryFile /Users/jasonlee/Library/Developer/Xcode/DerivedData/Notch-ddzsfiyxyoauidejndllmosklbkq/Build/Intermediates.noindex/Notch.build/Release/WaveNotch.build/WaveNotch-own-target-headers.hmap (in target 'WaveNotch' from project 'Notch')
    cd /Users/jasonlee/Coding/App/Notch
    write-file /Users/jasonlee/Library/Developer/Xcode/DerivedData/Notch-ddzsfiyxyoauidejndllmosklbkq/Build/Intermediates.noindex/Notch.build/Release/WaveNotch.build/WaveNotch-own-target-headers.hmap

WriteAuxiliaryFile /Users/jasonlee/Library/Developer/Xcode/DerivedData/Notch-ddzsfiyxyoauidejndllmosklbkq/Build/Intermediates.noindex/Notch.build/Release/WaveNotch.build/WaveNotch-project-headers.hmap (in target 'WaveNotch' from project 'Notch')
    cd /Users/jasonlee/Coding/App/Notch
    write-file /Users/jasonlee/Library/Developer/Xcode/DerivedData/Notch-ddzsfiyxyoauidejndllmosklbkq/Build/Intermediates.noindex/Notch.build/Release/WaveNotch.build/WaveNotch-project-headers.hmap

WriteAuxiliaryFile /Users/jasonlee/Library/Developer/Xcode/DerivedData/Notch-ddzsfiyxyoauidejndllmosklbkq/Build/Intermediates.noindex/Notch.build/Release/WaveNotch.build/WaveNotch.hmap (in target 'WaveNotch' from project 'Notch')
    cd /Users/jasonlee/Coding/App/Notch
    write-file /Users/jasonlee/Library/Developer/Xcode/DerivedData/Notch-ddzsfiyxyoauidejndllmosklbkq/Build/Intermediates.noindex/Notch.build/Release/WaveNotch.build/WaveNotch.hmap

WriteAuxiliaryFile /Users/jasonlee/Library/Developer/Xcode/DerivedData/Notch-ddzsfiyxyoauidejndllmosklbkq/Build/Intermediates.noindex/Notch.build/Release/WaveNotch.build/WaveNotch-generated-files.hmap (in target 'WaveNotch' from project 'Notch')
    cd /Users/jasonlee/Coding/App/Notch
    write-file /Users/jasonlee/Library/Developer/Xcode/DerivedData/Notch-ddzsfiyxyoauidejndllmosklbkq/Build/Intermediates.noindex/Notch.build/Release/WaveNotch.build/WaveNotch-generated-files.hmap

WriteAuxiliaryFile /Users/jasonlee/Library/Developer/Xcode/DerivedData/Notch-ddzsfiyxyoauidejndllmosklbkq/Build/Intermediates.noindex/Notch.build/Release/WaveNotch.build/WaveNotch-all-target-headers.hmap (in target 'WaveNotch' from project 'Notch')
    cd /Users/jasonlee/Coding/App/Notch
    write-file /Users/jasonlee/Library/Developer/Xcode/DerivedData/Notch-ddzsfiyxyoauidejndllmosklbkq/Build/Intermediates.noindex/Notch.build/Release/WaveNotch.build/WaveNotch-all-target-headers.hmap

WriteAuxiliaryFile /Users/jasonlee/Library/Developer/Xcode/DerivedData/Notch-ddzsfiyxyoauidejndllmosklbkq/Build/Intermediates.noindex/Notch.build/Release/WaveNotch.build/WaveNotch-all-non-framework-target-headers.hmap (in target 'WaveNotch' from project 'Notch')
    cd /Users/jasonlee/Coding/App/Notch
    write-file /Users/jasonlee/Library/Developer/Xcode/DerivedData/Notch-ddzsfiyxyoauidejndllmosklbkq/Build/Intermediates.noindex/Notch.build/Release/WaveNotch.build/WaveNotch-all-non-framework-target-headers.hmap

WriteAuxiliaryFile /Users/jasonlee/Library/Developer/Xcode/DerivedData/Notch-ddzsfiyxyoauidejndllmosklbkq/Build/Intermediates.noindex/Notch.build/Release/WaveNotch.build/WaveNotch.DependencyStaticMetadataFileList (in target 'WaveNotch' from project 'Notch')
    cd /Users/jasonlee/Coding/App/Notch
    write-file /Users/jasonlee/Library/Developer/Xcode/DerivedData/Notch-ddzsfiyxyoauidejndllmosklbkq/Build/Intermediates.noindex/Notch.build/Release/WaveNotch.build/WaveNotch.DependencyStaticMetadataFileList

WriteAuxiliaryFile /Users/jasonlee/Library/Developer/Xcode/DerivedData/Notch-ddzsfiyxyoauidejndllmosklbkq/Build/Intermediates.noindex/Notch.build/Release/WaveNotch.build/WaveNotch.DependencyMetadataFileList (in target 'WaveNotch' from project 'Notch')
    cd /Users/jasonlee/Coding/App/Notch
    write-file /Users/jasonlee/Library/Developer/Xcode/DerivedData/Notch-ddzsfiyxyoauidejndllmosklbkq/Build/Intermediates.noindex/Notch.build/Release/WaveNotch.build/WaveNotch.DependencyMetadataFileList

WriteAuxiliaryFile /Users/jasonlee/Library/Developer/Xcode/DerivedData/Notch-ddzsfiyxyoauidejndllmosklbkq/Build/Intermediates.noindex/Notch.build/Release/WaveNotch.build/Objects-normal/x86_64/WaveNotch_const_extract_protocols.json (in target 'WaveNotch' from project 'Notch')
    cd /Users/jasonlee/Coding/App/Notch
    write-file /Users/jasonlee/Library/Developer/Xcode/DerivedData/Notch-ddzsfiyxyoauidejndllmosklbkq/Build/Intermediates.noindex/Notch.build/Release/WaveNotch.build/Objects-normal/x86_64/WaveNotch_const_extract_protocols.json

WriteAuxiliaryFile /Users/jasonlee/Library/Developer/Xcode/DerivedData/Notch-ddzsfiyxyoauidejndllmosklbkq/Build/Intermediates.noindex/Notch.build/Release/WaveNotch.build/Objects-normal/x86_64/WaveNotch.LinkFileList (in target 'WaveNotch' from project 'Notch')
    cd /Users/jasonlee/Coding/App/Notch
    write-file /Users/jasonlee/Library/Developer/Xcode/DerivedData/Notch-ddzsfiyxyoauidejndllmosklbkq/Build/Intermediates.noindex/Notch.build/Release/WaveNotch.build/Objects-normal/x86_64/WaveNotch.LinkFileList

WriteAuxiliaryFile /Users/jasonlee/Library/Developer/Xcode/DerivedData/Notch-ddzsfiyxyoauidejndllmosklbkq/Build/Intermediates.noindex/Notch.build/Release/WaveNotch.build/Objects-normal/x86_64/WaveNotch.SwiftFileList (in target 'WaveNotch' from project 'Notch')
    cd /Users/jasonlee/Coding/App/Notch
    write-file /Users/jasonlee/Library/Developer/Xcode/DerivedData/Notch-ddzsfiyxyoauidejndllmosklbkq/Build/Intermediates.noindex/Notch.build/Release/WaveNotch.build/Objects-normal/x86_64/WaveNotch.SwiftFileList

WriteAuxiliaryFile /Users/jasonlee/Library/Developer/Xcode/DerivedData/Notch-ddzsfiyxyoauidejndllmosklbkq/Build/Intermediates.noindex/Notch.build/Release/WaveNotch.build/Objects-normal/x86_64/WaveNotch.SwiftConstValuesFileList (in target 'WaveNotch' from project 'Notch')
    cd /Users/jasonlee/Coding/App/Notch
    write-file /Users/jasonlee/Library/Developer/Xcode/DerivedData/Notch-ddzsfiyxyoauidejndllmosklbkq/Build/Intermediates.noindex/Notch.build/Release/WaveNotch.build/Objects-normal/x86_64/WaveNotch.SwiftConstValuesFileList

WriteAuxiliaryFile /Users/jasonlee/Library/Developer/Xcode/DerivedData/Notch-ddzsfiyxyoauidejndllmosklbkq/Build/Intermediates.noindex/Notch.build/Release/WaveNotch.build/Objects-normal/x86_64/WaveNotch-OutputFileMap.json (in target 'WaveNotch' from project 'Notch')
    cd /Users/jasonlee/Coding/App/Notch
    write-file /Users/jasonlee/Library/Developer/Xcode/DerivedData/Notch-ddzsfiyxyoauidejndllmosklbkq/Build/Intermediates.noindex/Notch.build/Release/WaveNotch.build/Objects-normal/x86_64/WaveNotch-OutputFileMap.json

WriteAuxiliaryFile /Users/jasonlee/Library/Developer/Xcode/DerivedData/Notch-ddzsfiyxyoauidejndllmosklbkq/Build/Intermediates.noindex/Notch.build/Release/WaveNotch.build/Objects-normal/x86_64/7187679823f38a2a940e0043cdf9d637-common-args.resp (in target 'WaveNotch' from project 'Notch')
    cd /Users/jasonlee/Coding/App/Notch
    write-file /Users/jasonlee/Library/Developer/Xcode/DerivedData/Notch-ddzsfiyxyoauidejndllmosklbkq/Build/Intermediates.noindex/Notch.build/Release/WaveNotch.build/Objects-normal/x86_64/7187679823f38a2a940e0043cdf9d637-common-args.resp
'-std=gnu17' -fmodules -gmodules '-fmodules-cache-path=/Users/jasonlee/Library/Developer/Xcode/DerivedData/ModuleCache.noindex' -fpascal-strings -Os -fno-common -fasm-blocks -g '-fvisibility=hidden' -fprofile-instr-generate -fcoverage-mapping -iquote /Users/jasonlee/Library/Developer/Xcode/DerivedData/Notch-ddzsfiyxyoauidejndllmosklbkq/Build/Intermediates.noindex/Notch.build/Release/WaveNotch.build/WaveNotch-generated-files.hmap -I/Users/jasonlee/Library/Developer/Xcode/DerivedData/Notch-ddzsfiyxyoauidejndllmosklbkq/Build/Intermediates.noindex/Notch.build/Release/WaveNotch.build/WaveNotch-own-target-headers.hmap -I/Users/jasonlee/Library/Developer/Xcode/DerivedData/Notch-ddzsfiyxyoauidejndllmosklbkq/Build/Intermediates.noindex/Notch.build/Release/WaveNotch.build/WaveNotch-all-non-framework-target-headers.hmap -ivfsoverlay /Users/jasonlee/Library/Developer/Xcode/DerivedData/Notch-ddzsfiyxyoauidejndllmosklbkq/Build/Intermediates.noindex/Notch.build/Release/Notch-35fa6f496e3bd7a49f1f3aca2d298557-VFS/all-product-headers.yaml -iquote /Users/jasonlee/Library/Developer/Xcode/DerivedData/Notch-ddzsfiyxyoauidejndllmosklbkq/Build/Intermediates.noindex/Notch.build/Release/WaveNotch.build/WaveNotch-project-headers.hmap -I/Users/jasonlee/Library/Developer/Xcode/DerivedData/Notch-ddzsfiyxyoauidejndllmosklbkq/SourcePackages/checkouts/plcrashreporter/include -I/Users/jasonlee/Library/Developer/Xcode/DerivedData/Notch-ddzsfiyxyoauidejndllmosklbkq/SourcePackages/checkouts/posthog-ios/vendor/libwebp -I/Users/jasonlee/Library/Developer/Xcode/DerivedData/Notch-ddzsfiyxyoauidejndllmosklbkq/Build/Products/Release/include -I/Users/jasonlee/Library/Developer/Xcode/DerivedData/Notch-ddzsfiyxyoauidejndllmosklbkq/Build/Intermediates.noindex/Notch.build/Release/WaveNotch.build/DerivedSources-normal/x86_64 -I/Users/jasonlee/Library/Developer/Xcode/DerivedData/Notch-ddzsfiyxyoauidejndllmosklbkq/Build/Intermediates.noindex/Notch.build/Release/WaveNotch.build/DerivedSources/x86_64 -I/Users/jasonlee/Library/Developer/Xcode/DerivedData/Notch-ddzsfiyxyoauidejndllmosklbkq/Build/Intermediates.noindex/Notch.build/Release/WaveNotch.build/DerivedSources -F/Users/jasonlee/Library/Developer/Xcode/DerivedData/Notch-ddzsfiyxyoauidejndllmosklbkq/Build/Products/Release/PackageFrameworks -F/Users/jasonlee/Library/Developer/Xcode/DerivedData/Notch-ddzsfiyxyoauidejndllmosklbkq/Build/Products/Release/PackageFrameworks -F/Users/jasonlee/Library/Developer/Xcode/DerivedData/Notch-ddzsfiyxyoauidejndllmosklbkq/Build/Products/Release/PackageFrameworks -F/Users/jasonlee/Library/Developer/Xcode/DerivedData/Notch-ddzsfiyxyoauidejndllmosklbkq/Build/Products/Release/PackageFrameworks -F/Users/jasonlee/Library/Developer/Xcode/DerivedData/Notch-ddzsfiyxyoauidejndllmosklbkq/Build/Products/Release/PackageFrameworks -F/Users/jasonlee/Library/Developer/Xcode/DerivedData/Notch-ddzsfiyxyoauidejndllmosklbkq/Build/Products/Release '-fmodule-map-file=/Users/jasonlee/Library/Developer/Xcode/DerivedData/Notch-ddzsfiyxyoauidejndllmosklbkq/Build/Intermediates.noindex/GeneratedModuleMaps/SkyLightWindow.modulemap' '-fmodule-map-file=/Users/jasonlee/Library/Developer/Xcode/DerivedData/Notch-ddzsfiyxyoauidejndllmosklbkq/Build/Intermediates.noindex/GeneratedModuleMaps/KeyboardShortcuts.modulemap' '-fmodule-map-file=/Users/jasonlee/Library/Developer/Xcode/DerivedData/Notch-ddzsfiyxyoauidejndllmosklbkq/Build/Intermediates.noindex/GeneratedModuleMaps/CrashReporter.modulemap' '-fmodule-map-file=/Users/jasonlee/Library/Developer/Xcode/DerivedData/Notch-ddzsfiyxyoauidejndllmosklbkq/Build/Intermediates.noindex/GeneratedModuleMaps/phlibwebp.modulemap' '-fmodule-map-file=/Users/jasonlee/Library/Developer/Xcode/DerivedData/Notch-ddzsfiyxyoauidejndllmosklbkq/Build/Intermediates.noindex/GeneratedModuleMaps/PostHog.modulemap'

WriteAuxiliaryFile /Users/jasonlee/Library/Developer/Xcode/DerivedData/Notch-ddzsfiyxyoauidejndllmosklbkq/Build/Intermediates.noindex/Notch.build/Release/WaveNotch.build/Objects-normal/arm64/WaveNotch.SwiftConstValuesFileList (in target 'WaveNotch' from project 'Notch')
    cd /Users/jasonlee/Coding/App/Notch
    write-file /Users/jasonlee/Library/Developer/Xcode/DerivedData/Notch-ddzsfiyxyoauidejndllmosklbkq/Build/Intermediates.noindex/Notch.build/Release/WaveNotch.build/Objects-normal/arm64/WaveNotch.SwiftConstValuesFileList

WriteAuxiliaryFile /Users/jasonlee/Library/Developer/Xcode/DerivedData/Notch-ddzsfiyxyoauidejndllmosklbkq/Build/Intermediates.noindex/Notch.build/Release/WaveNotch.build/Objects-normal/arm64/WaveNotch_const_extract_protocols.json (in target 'WaveNotch' from project 'Notch')
    cd /Users/jasonlee/Coding/App/Notch
    write-file /Users/jasonlee/Library/Developer/Xcode/DerivedData/Notch-ddzsfiyxyoauidejndllmosklbkq/Build/Intermediates.noindex/Notch.build/Release/WaveNotch.build/Objects-normal/arm64/WaveNotch_const_extract_protocols.json

WriteAuxiliaryFile /Users/jasonlee/Library/Developer/Xcode/DerivedData/Notch-ddzsfiyxyoauidejndllmosklbkq/Build/Intermediates.noindex/Notch.build/Release/WaveNotch.build/Objects-normal/arm64/WaveNotch.SwiftFileList (in target 'WaveNotch' from project 'Notch')
    cd /Users/jasonlee/Coding/App/Notch
    write-file /Users/jasonlee/Library/Developer/Xcode/DerivedData/Notch-ddzsfiyxyoauidejndllmosklbkq/Build/Intermediates.noindex/Notch.build/Release/WaveNotch.build/Objects-normal/arm64/WaveNotch.SwiftFileList

WriteAuxiliaryFile /Users/jasonlee/Library/Developer/Xcode/DerivedData/Notch-ddzsfiyxyoauidejndllmosklbkq/Build/Intermediates.noindex/Notch.build/Release/WaveNotch.build/Objects-normal/arm64/WaveNotch.LinkFileList (in target 'WaveNotch' from project 'Notch')
    cd /Users/jasonlee/Coding/App/Notch
    write-file /Users/jasonlee/Library/Developer/Xcode/DerivedData/Notch-ddzsfiyxyoauidejndllmosklbkq/Build/Intermediates.noindex/Notch.build/Release/WaveNotch.build/Objects-normal/arm64/WaveNotch.LinkFileList

WriteAuxiliaryFile /Users/jasonlee/Library/Developer/Xcode/DerivedData/Notch-ddzsfiyxyoauidejndllmosklbkq/Build/Intermediates.noindex/Notch.build/Release/WaveNotch.build/Objects-normal/arm64/WaveNotch-OutputFileMap.json (in target 'WaveNotch' from project 'Notch')
    cd /Users/jasonlee/Coding/App/Notch
    write-file /Users/jasonlee/Library/Developer/Xcode/DerivedData/Notch-ddzsfiyxyoauidejndllmosklbkq/Build/Intermediates.noindex/Notch.build/Release/WaveNotch.build/Objects-normal/arm64/WaveNotch-OutputFileMap.json

WriteAuxiliaryFile /Users/jasonlee/Library/Developer/Xcode/DerivedData/Notch-ddzsfiyxyoauidejndllmosklbkq/Build/Intermediates.noindex/Notch.build/Release/WaveNotch.build/Objects-normal/arm64/7187679823f38a2a940e0043cdf9d637-common-args.resp (in target 'WaveNotch' from project 'Notch')
    cd /Users/jasonlee/Coding/App/Notch
    write-file /Users/jasonlee/Library/Developer/Xcode/DerivedData/Notch-ddzsfiyxyoauidejndllmosklbkq/Build/Intermediates.noindex/Notch.build/Release/WaveNotch.build/Objects-normal/arm64/7187679823f38a2a940e0043cdf9d637-common-args.resp
'-std=gnu17' -fmodules -gmodules '-fmodules-cache-path=/Users/jasonlee/Library/Developer/Xcode/DerivedData/ModuleCache.noindex' -fpascal-strings -Os -fno-common -g '-fvisibility=hidden' -fprofile-instr-generate -fcoverage-mapping -iquote /Users/jasonlee/Library/Developer/Xcode/DerivedData/Notch-ddzsfiyxyoauidejndllmosklbkq/Build/Intermediates.noindex/Notch.build/Release/WaveNotch.build/WaveNotch-generated-files.hmap -I/Users/jasonlee/Library/Developer/Xcode/DerivedData/Notch-ddzsfiyxyoauidejndllmosklbkq/Build/Intermediates.noindex/Notch.build/Release/WaveNotch.build/WaveNotch-own-target-headers.hmap -I/Users/jasonlee/Library/Developer/Xcode/DerivedData/Notch-ddzsfiyxyoauidejndllmosklbkq/Build/Intermediates.noindex/Notch.build/Release/WaveNotch.build/WaveNotch-all-non-framework-target-headers.hmap -ivfsoverlay /Users/jasonlee/Library/Developer/Xcode/DerivedData/Notch-ddzsfiyxyoauidejndllmosklbkq/Build/Intermediates.noindex/Notch.build/Release/Notch-35fa6f496e3bd7a49f1f3aca2d298557-VFS/all-product-headers.yaml -iquote /Users/jasonlee/Library/Developer/Xcode/DerivedData/Notch-ddzsfiyxyoauidejndllmosklbkq/Build/Intermediates.noindex/Notch.build/Release/WaveNotch.build/WaveNotch-project-headers.hmap -I/Users/jasonlee/Library/Developer/Xcode/DerivedData/Notch-ddzsfiyxyoauidejndllmosklbkq/SourcePackages/checkouts/plcrashreporter/include -I/Users/jasonlee/Library/Developer/Xcode/DerivedData/Notch-ddzsfiyxyoauidejndllmosklbkq/SourcePackages/checkouts/posthog-ios/vendor/libwebp -I/Users/jasonlee/Library/Developer/Xcode/DerivedData/Notch-ddzsfiyxyoauidejndllmosklbkq/Build/Products/Release/include -I/Users/jasonlee/Library/Developer/Xcode/DerivedData/Notch-ddzsfiyxyoauidejndllmosklbkq/Build/Intermediates.noindex/Notch.build/Release/WaveNotch.build/DerivedSources-normal/arm64 -I/Users/jasonlee/Library/Developer/Xcode/DerivedData/Notch-ddzsfiyxyoauidejndllmosklbkq/Build/Intermediates.noindex/Notch.build/Release/WaveNotch.build/DerivedSources/arm64 -I/Users/jasonlee/Library/Developer/Xcode/DerivedData/Notch-ddzsfiyxyoauidejndllmosklbkq/Build/Intermediates.noindex/Notch.build/Release/WaveNotch.build/DerivedSources -F/Users/jasonlee/Library/Developer/Xcode/DerivedData/Notch-ddzsfiyxyoauidejndllmosklbkq/Build/Products/Release/PackageFrameworks -F/Users/jasonlee/Library/Developer/Xcode/DerivedData/Notch-ddzsfiyxyoauidejndllmosklbkq/Build/Products/Release/PackageFrameworks -F/Users/jasonlee/Library/Developer/Xcode/DerivedData/Notch-ddzsfiyxyoauidejndllmosklbkq/Build/Products/Release/PackageFrameworks -F/Users/jasonlee/Library/Developer/Xcode/DerivedData/Notch-ddzsfiyxyoauidejndllmosklbkq/Build/Products/Release/PackageFrameworks -F/Users/jasonlee/Library/Developer/Xcode/DerivedData/Notch-ddzsfiyxyoauidejndllmosklbkq/Build/Products/Release/PackageFrameworks -F/Users/jasonlee/Library/Developer/Xcode/DerivedData/Notch-ddzsfiyxyoauidejndllmosklbkq/Build/Products/Release '-fmodule-map-file=/Users/jasonlee/Library/Developer/Xcode/DerivedData/Notch-ddzsfiyxyoauidejndllmosklbkq/Build/Intermediates.noindex/GeneratedModuleMaps/SkyLightWindow.modulemap' '-fmodule-map-file=/Users/jasonlee/Library/Developer/Xcode/DerivedData/Notch-ddzsfiyxyoauidejndllmosklbkq/Build/Intermediates.noindex/GeneratedModuleMaps/KeyboardShortcuts.modulemap' '-fmodule-map-file=/Users/jasonlee/Library/Developer/Xcode/DerivedData/Notch-ddzsfiyxyoauidejndllmosklbkq/Build/Intermediates.noindex/GeneratedModuleMaps/CrashReporter.modulemap' '-fmodule-map-file=/Users/jasonlee/Library/Developer/Xcode/DerivedData/Notch-ddzsfiyxyoauidejndllmosklbkq/Build/Intermediates.noindex/GeneratedModuleMaps/phlibwebp.modulemap' '-fmodule-map-file=/Users/jasonlee/Library/Developer/Xcode/DerivedData/Notch-ddzsfiyxyoauidejndllmosklbkq/Build/Intermediates.noindex/GeneratedModuleMaps/PostHog.modulemap'

WriteAuxiliaryFile /Users/jasonlee/Library/Developer/Xcode/DerivedData/Notch-ddzsfiyxyoauidejndllmosklbkq/Build/Intermediates.noindex/Notch.build/Release/WaveNotch.build/DerivedSources/Entitlements.plist (in target 'WaveNotch' from project 'Notch')
    cd /Users/jasonlee/Coding/App/Notch
    write-file /Users/jasonlee/Library/Developer/Xcode/DerivedData/Notch-ddzsfiyxyoauidejndllmosklbkq/Build/Intermediates.noindex/Notch.build/Release/WaveNotch.build/DerivedSources/Entitlements.plist

WriteAuxiliaryFile /Users/jasonlee/Library/Developer/Xcode/DerivedData/Notch-ddzsfiyxyoauidejndllmosklbkq/Build/Intermediates.noindex/Notch.build/Release/WaveNotch.build/DerivedSources/WaveNotch_vers.c (in target 'WaveNotch' from project 'Notch')
    cd /Users/jasonlee/Coding/App/Notch
    write-file /Users/jasonlee/Library/Developer/Xcode/DerivedData/Notch-ddzsfiyxyoauidejndllmosklbkq/Build/Intermediates.noindex/Notch.build/Release/WaveNotch.build/DerivedSources/WaveNotch_vers.c

MkDir /Users/jasonlee/Library/Developer/Xcode/DerivedData/Notch-ddzsfiyxyoauidejndllmosklbkq/Build/Products/Release/WaveNotch.app/Contents/Resources (in target 'WaveNotch' from project 'Notch')
    cd /Users/jasonlee/Coding/App/Notch
    /bin/mkdir -p /Users/jasonlee/Library/Developer/Xcode/DerivedData/Notch-ddzsfiyxyoauidejndllmosklbkq/Build/Products/Release/WaveNotch.app/Contents/Resources

MkDir /Users/jasonlee/Library/Developer/Xcode/DerivedData/Notch-ddzsfiyxyoauidejndllmosklbkq/Build/Products/Release/WaveNotch.app/Contents/MacOS (in target 'WaveNotch' from project 'Notch')
    cd /Users/jasonlee/Coding/App/Notch
    /bin/mkdir -p /Users/jasonlee/Library/Developer/Xcode/DerivedData/Notch-ddzsfiyxyoauidejndllmosklbkq/Build/Products/Release/WaveNotch.app/Contents/MacOS

MkDir /Users/jasonlee/Library/Developer/Xcode/DerivedData/Notch-ddzsfiyxyoauidejndllmosklbkq/Build/Products/Release/WaveNotch.app/Contents/Frameworks (in target 'WaveNotch' from project 'Notch')
    cd /Users/jasonlee/Coding/App/Notch
    /bin/mkdir -p /Users/jasonlee/Library/Developer/Xcode/DerivedData/Notch-ddzsfiyxyoauidejndllmosklbkq/Build/Products/Release/WaveNotch.app/Contents/Frameworks

MkDir /Users/jasonlee/Library/Developer/Xcode/DerivedData/Notch-ddzsfiyxyoauidejndllmosklbkq/Build/Products/Release/WaveNotch.app/Contents (in target 'WaveNotch' from project 'Notch')
    cd /Users/jasonlee/Coding/App/Notch
    /bin/mkdir -p /Users/jasonlee/Library/Developer/Xcode/DerivedData/Notch-ddzsfiyxyoauidejndllmosklbkq/Build/Products/Release/WaveNotch.app/Contents

MkDir /Users/jasonlee/Library/Developer/Xcode/DerivedData/Notch-ddzsfiyxyoauidejndllmosklbkq/Build/Products/Release/WaveNotch.app (in target 'WaveNotch' from project 'Notch')
    cd /Users/jasonlee/Coding/App/Notch
    /bin/mkdir -p /Users/jasonlee/Library/Developer/Xcode/DerivedData/Notch-ddzsfiyxyoauidejndllmosklbkq/Build/Products/Release/WaveNotch.app

ScanDependencies /Users/jasonlee/Library/Developer/Xcode/DerivedData/Notch-ddzsfiyxyoauidejndllmosklbkq/Build/Intermediates.noindex/PostHog.build/Release/phlibwebp.build/Objects-normal/x86_64/yuv_sse2.o /Users/jasonlee/Library/Developer/Xcode/DerivedData/Notch-ddzsfiyxyoauidejndllmosklbkq/SourcePackages/checkouts/posthog-ios/vendor/libwebp/yuv_sse2.c normal x86_64 c com.apple.compilers.llvm.clang.1_0.compiler (in target 'phlibwebp' from project 'PostHog')
    cd /Users/jasonlee/Coding/App/Notch/Notch.xcodeproj
    
    Using response file: /Users/jasonlee/Library/Developer/Xcode/DerivedData/Notch-ddzsfiyxyoauidejndllmosklbkq/Build/Intermediates.noindex/PostHog.build/Release/phlibwebp.build/Objects-normal/x86_64/7187679823f38a2a940e0043cdf9d637-common-args.resp
    
    builtin-ScanDependencies -o /Users/jasonlee/Library/Developer/Xcode/DerivedData/Notch-ddzsfiyxyoauidejndllmosklbkq/Build/Intermediates.noindex/PostHog.build/Release/phlibwebp.build/Objects-normal/x86_64/yuv_sse2.o.scan -- /Applications/Xcode.app/Contents/Developer/Toolchains/XcodeDefault.xctoolchain/usr/bin/clang -x c -ivfsstatcache /Users/jasonlee/Library/Developer/Xcode/DerivedData/SDKStatCaches.noindex/macosx26.4-25E251-30f9ca8789b706f8bd3fc906a70d770f.sdkstatcache -target x86_64-apple-macos10.15 -fmessage-length\=0 -fdiagnostics-show-note-include-stack -fmacro-backtrace-limit\=0 -fno-color-diagnostics -fmodules-prune-interval\=86400 -fmodules-prune-after\=345600 -fbuild-session-file\=/Users/jasonlee/Library/Developer/Xcode/DerivedData/ModuleCache.noindex/Session.modulevalidation -fmodules-validate-once-per-build-session -Wnon-modular-include-in-framework-module -Werror\=non-modular-include-in-framework-module -Wno-trigraphs -Wno-missing-field-initializers -Wno-missing-prototypes -Wno-return-type -Wno-missing-braces -Wparentheses -Wswitch -Wno-unused-function -Wno-unused-label -Wno-unused-parameter -Wno-unused-variable -Wunused-value -Wno-empty-body -Wno-uninitialized -Wno-unknown-pragmas -w -Wno-shadow -Wno-four-char-constants -Wno-conversion -Wno-constant-conversion -Wno-int-conversion -Wno-bool-conversion -Wno-enum-conversion -Wno-float-conversion -Wno-non-literal-null-conversion -Wno-objc-literal-conversion -Wshorten-64-to-32 -Wpointer-sign -Wno-newline-eof -Wno-implicit-fallthrough -isysroot /Applications/Xcode.app/Contents/Developer/Platforms/MacOSX.platform/Developer/SDKs/MacOSX26.4.sdk -fstrict-aliasing -Wdeprecated-declarations -Wno-sign-conversion -Wno-infinite-recursion -Wno-comma -Wno-block-capture-autoreleasing -Wno-strict-prototypes -Wno-semicolon-before-method-body @/Users/jasonlee/Library/Developer/Xcode/DerivedData/Notch-ddzsfiyxyoauidejndllmosklbkq/Build/Intermediates.noindex/PostHog.build/Release/phlibwebp.build/Objects-normal/x86_64/7187679823f38a2a940e0043cdf9d637-common-args.resp -MMD -MT dependencies -MF /Users/jasonlee/Library/Developer/Xcode/DerivedData/Notch-ddzsfiyxyoauidejndllmosklbkq/Build/Intermediates.noindex/PostHog.build/Release/phlibwebp.build/Objects-normal/x86_64/yuv_sse2.d --serialize-diagnostics /Users/jasonlee/Library/Developer/Xcode/DerivedData/Notch-ddzsfiyxyoauidejndllmosklbkq/Build/Intermediates.noindex/PostHog.build/Release/phlibwebp.build/Objects-normal/x86_64/yuv_sse2.dia -c /Users/jasonlee/Library/Developer/Xcode/DerivedData/Notch-ddzsfiyxyoauidejndllmosklbkq/SourcePackages/checkouts/posthog-ios/vendor/libwebp/yuv_sse2.c -o /Users/jasonlee/Library/Developer/Xcode/DerivedData/Notch-ddzsfiyxyoauidejndllmosklbkq/Build/Intermediates.noindex/PostHog.build/Release/phlibwebp.build/Objects-normal/x86_64/yuv_sse2.o

ScanDependencies /Users/jasonlee/Library/Developer/Xcode/DerivedData/Notch-ddzsfiyxyoauidejndllmosklbkq/Build/Intermediates.noindex/PostHog.build/Release/phlibwebp.build/Objects-normal/x86_64/yuv_sse41.o /Users/jasonlee/Library/Developer/Xcode/DerivedData/Notch-ddzsfiyxyoauidejndllmosklbkq/SourcePackages/checkouts/posthog-ios/vendor/libwebp/yuv_sse41.c normal x86_64 c com.apple.compilers.llvm.clang.1_0.compiler (in target 'phlibwebp' from project 'PostHog')
    cd /Users/jasonlee/Coding/App/Notch/Notch.xcodeproj
    
    Using response file: /Users/jasonlee/Library/Developer/Xcode/DerivedData/Notch-ddzsfiyxyoauidejndllmosklbkq/Build/Intermediates.noindex/PostHog.build/Release/phlibwebp.build/Objects-normal/x86_64/7187679823f38a2a940e0043cdf9d637-common-args.resp
    
    builtin-ScanDependencies -o /Users/jasonlee/Library/Developer/Xcode/DerivedData/Notch-ddzsfiyxyoauidejndllmosklbkq/Build/Intermediates.noindex/PostHog.build/Release/phlibwebp.build/Objects-normal/x86_64/yuv_sse41.o.scan -- /Applications/Xcode.app/Contents/Developer/Toolchains/XcodeDefault.xctoolchain/usr/bin/clang -x c -ivfsstatcache /Users/jasonlee/Library/Developer/Xcode/DerivedData/SDKStatCaches.noindex/macosx26.4-25E251-30f9ca8789b706f8bd3fc906a70d770f.sdkstatcache -target x86_64-apple-macos10.15 -fmessage-length\=0 -fdiagnostics-show-note-include-stack -fmacro-backtrace-limit\=0 -fno-color-diagnostics -fmodules-prune-interval\=86400 -fmodules-prune-after\=345600 -fbuild-session-file\=/Users/jasonlee/Library/Developer/Xcode/DerivedData/ModuleCache.noindex/Session.modulevalidation -fmodules-validate-once-per-build-session -Wnon-modular-include-in-framework-module -Werror\=non-modular-include-in-framework-module -Wno-trigraphs -Wno-missing-field-initializers -Wno-missing-prototypes -Wno-return-type -Wno-missing-braces -Wparentheses -Wswitch -Wno-unused-function -Wno-unused-label -Wno-unused-parameter -Wno-unused-variable -Wunused-value -Wno-empty-body -Wno-uninitialized -Wno-unknown-pragmas -w -Wno-shadow -Wno-four-char-constants -Wno-conversion -Wno-constant-conversion -Wno-int-conversion -Wno-bool-conversion -Wno-enum-conversion -Wno-float-conversion -Wno-non-literal-null-conversion -Wno-objc-literal-conversion -Wshorten-64-to-32 -Wpointer-sign -Wno-newline-eof -Wno-implicit-fallthrough -isysroot /Applications/Xcode.app/Contents/Developer/Platforms/MacOSX.platform/Developer/SDKs/MacOSX26.4.sdk -fstrict-aliasing -Wdeprecated-declarations -Wno-sign-conversion -Wno-infinite-recursion -Wno-comma -Wno-block-capture-autoreleasing -Wno-strict-prototypes -Wno-semicolon-before-method-body @/Users/jasonlee/Library/Developer/Xcode/DerivedData/Notch-ddzsfiyxyoauidejndllmosklbkq/Build/Intermediates.noindex/PostHog.build/Release/phlibwebp.build/Objects-normal/x86_64/7187679823f38a2a940e0043cdf9d637-common-args.resp -MMD -MT dependencies -MF /Users/jasonlee/Library/Developer/Xcode/DerivedData/Notch-ddzsfiyxyoauidejndllmosklbkq/Build/Intermediates.noindex/PostHog.build/Release/phlibwebp.build/Objects-normal/x86_64/yuv_sse41.d --serialize-diagnostics /Users/jasonlee/Library/Developer/Xcode/DerivedData/Notch-ddzsfiyxyoauidejndllmosklbkq/Build/Intermediates.noindex/PostHog.build/Release/phlibwebp.build/Objects-normal/x86_64/yuv_sse41.dia -c /Users/jasonlee/Library/Developer/Xcode/DerivedData/Notch-ddzsfiyxyoauidejndllmosklbkq/SourcePackages/checkouts/posthog-ios/vendor/libwebp/yuv_sse41.c -o /Users/jasonlee/Library/Developer/Xcode/DerivedData/Notch-ddzsfiyxyoauidejndllmosklbkq/Build/Intermediates.noindex/PostHog.build/Release/phlibwebp.build/Objects-normal/x86_64/yuv_sse41.o

ScanDependencies /Users/jasonlee/Library/Developer/Xcode/DerivedData/Notch-ddzsfiyxyoauidejndllmosklbkq/Build/Intermediates.noindex/PostHog.build/Release/phlibwebp.build/Objects-normal/x86_64/yuv.o /Users/jasonlee/Library/Developer/Xcode/DerivedData/Notch-ddzsfiyxyoauidejndllmosklbkq/SourcePackages/checkouts/posthog-ios/vendor/libwebp/yuv.c normal x86_64 c com.apple.compilers.llvm.clang.1_0.compiler (in target 'phlibwebp' from project 'PostHog')
    cd /Users/jasonlee/Coding/App/Notch/Notch.xcodeproj
    
    Using response file: /Users/jasonlee/Library/Developer/Xcode/DerivedData/Notch-ddzsfiyxyoauidejndllmosklbkq/Build/Intermediates.noindex/PostHog.build/Release/phlibwebp.build/Objects-normal/x86_64/7187679823f38a2a940e0043cdf9d637-common-args.resp
    
    builtin-ScanDependencies -o /Users/jasonlee/Library/Developer/Xcode/DerivedData/Notch-ddzsfiyxyoauidejndllmosklbkq/Build/Intermediates.noindex/PostHog.build/Release/phlibwebp.build/Objects-normal/x86_64/yuv.o.scan -- /Applications/Xcode.app/Contents/Developer/Toolchains/XcodeDefault.xctoolchain/usr/bin/clang -x c -ivfsstatcache /Users/jasonlee/Library/Developer/Xcode/DerivedData/SDKStatCaches.noindex/macosx26.4-25E251-30f9ca8789b706f8bd3fc906a70d770f.sdkstatcache -target x86_64-apple-macos10.15 -fmessage-length\=0 -fdiagnostics-show-note-include-stack -fmacro-backtrace-limit\=0 -fno-color-diagnostics -fmodules-prune-interval\=86400 -fmodules-prune-after\=345600 -fbuild-session-file\=/Users/jasonlee/Library/Developer/Xcode/DerivedData/ModuleCache.noindex/Session.modulevalidation -fmodules-validate-once-per-build-session -Wnon-modular-include-in-framework-module -Werror\=non-modular-include-in-framework-module -Wno-trigraphs -Wno-missing-field-initializers -Wno-missing-prototypes -Wno-return-type -Wno-missing-braces -Wparentheses -Wswitch -Wno-unused-function -Wno-unused-label -Wno-unused-parameter -Wno-unused-variable -Wunused-value -Wno-empty-body -Wno-uninitialized -Wno-unknown-pragmas -w -Wno-shadow -Wno-four-char-constants -Wno-conversion -Wno-constant-conversion -Wno-int-conversion -Wno-bool-conversion -Wno-enum-conversion -Wno-float-conversion -Wno-non-literal-null-conversion -Wno-objc-literal-conversion -Wshorten-64-to-32 -Wpointer-sign -Wno-newline-eof -Wno-implicit-fallthrough -isysroot /Applications/Xcode.app/Contents/Developer/Platforms/MacOSX.platform/Developer/SDKs/MacOSX26.4.sdk -fstrict-aliasing -Wdeprecated-declarations -Wno-sign-conversion -Wno-infinite-recursion -Wno-comma -Wno-block-capture-autoreleasing -Wno-strict-prototypes -Wno-semicolon-before-method-body @/Users/jasonlee/Library/Developer/Xcode/DerivedData/Notch-ddzsfiyxyoauidejndllmosklbkq/Build/Intermediates.noindex/PostHog.build/Release/phlibwebp.build/Objects-normal/x86_64/7187679823f38a2a940e0043cdf9d637-common-args.resp -MMD -MT dependencies -MF /Users/jasonlee/Library/Developer/Xcode/DerivedData/Notch-ddzsfiyxyoauidejndllmosklbkq/Build/Intermediates.noindex/PostHog.build/Release/phlibwebp.build/Objects-normal/x86_64/yuv.d --serialize-diagnostics /Users/jasonlee/Library/Developer/Xcode/DerivedData/Notch-ddzsfiyxyoauidejndllmosklbkq/Build/Intermediates.noindex/PostHog.build/Release/phlibwebp.build/Objects-normal/x86_64/yuv.dia -c /Users/jasonlee/Library/Developer/Xcode/DerivedData/Notch-ddzsfiyxyoauidejndllmosklbkq/SourcePackages/checkouts/posthog-ios/vendor/libwebp/yuv.c -o /Users/jasonlee/Library/Developer/Xcode/DerivedData/Notch-ddzsfiyxyoauidejndllmosklbkq/Build/Intermediates.noindex/PostHog.build/Release/phlibwebp.build/Objects-normal/x86_64/yuv.o

ScanDependencies /Users/jasonlee/Library/Developer/Xcode/DerivedData/Notch-ddzsfiyxyoauidejndllmosklbkq/Build/Intermediates.noindex/PostHog.build/Release/phlibwebp.build/Objects-normal/x86_64/webp_enc.o /Users/jasonlee/Library/Developer/Xcode/DerivedData/Notch-ddzsfiyxyoauidejndllmosklbkq/SourcePackages/checkouts/posthog-ios/vendor/libwebp/webp_enc.c normal x86_64 c com.apple.compilers.llvm.clang.1_0.compiler (in target 'phlibwebp' from project 'PostHog')
    cd /Users/jasonlee/Coding/App/Notch/Notch.xcodeproj
    
    Using response file: /Users/jasonlee/Library/Developer/Xcode/DerivedData/Notch-ddzsfiyxyoauidejndllmosklbkq/Build/Intermediates.noindex/PostHog.build/Release/phlibwebp.build/Objects-normal/x86_64/7187679823f38a2a940e0043cdf9d637-common-args.resp
    
    builtin-ScanDependencies -o /Users/jasonlee/Library/Developer/Xcode/DerivedData/Notch-ddzsfiyxyoauidejndllmosklbkq/Build/Intermediates.noindex/PostHog.build/Release/phlibwebp.build/Objects-normal/x86_64/webp_enc.o.scan -- /Applications/Xcode.app/Contents/Developer/Toolchains/XcodeDefault.xctoolchain/usr/bin/clang -x c -ivfsstatcache /Users/jasonlee/Library/Developer/Xcode/DerivedData/SDKStatCaches.noindex/macosx26.4-25E251-30f9ca8789b706f8bd3fc906a70d770f.sdkstatcache -target x86_64-apple-macos10.15 -fmessage-length\=0 -fdiagnostics-show-note-include-stack -fmacro-backtrace-limit\=0 -fno-color-diagnostics -fmodules-prune-interval\=86400 -fmodules-prune-after\=345600 -fbuild-session-file\=/Users/jasonlee/Library/Developer/Xcode/DerivedData/ModuleCache.noindex/Session.modulevalidation -fmodules-validate-once-per-build-session -Wnon-modular-include-in-framework-module -Werror\=non-modular-include-in-framework-module -Wno-trigraphs -Wno-missing-field-initializers -Wno-missing-prototypes -Wno-return-type -Wno-missing-braces -Wparentheses -Wswitch -Wno-unused-function -Wno-unused-label -Wno-unused-parameter -Wno-unused-variable -Wunused-value -Wno-empty-body -Wno-uninitialized -Wno-unknown-pragmas -w -Wno-shadow -Wno-four-char-constants -Wno-conversion -Wno-constant-conversion -Wno-int-conversion -Wno-bool-conversion -Wno-enum-conversion -Wno-float-conversion -Wno-non-literal-null-conversion -Wno-objc-literal-conversion -Wshorten-64-to-32 -Wpointer-sign -Wno-newline-eof -Wno-implicit-fallthrough -isysroot /Applications/Xcode.app/Contents/Developer/Platforms/MacOSX.platform/Developer/SDKs/MacOSX26.4.sdk -fstrict-aliasing -Wdeprecated-declarations -Wno-sign-conversion -Wno-infinite-recursion -Wno-comma -Wno-block-capture-autoreleasing -Wno-strict-prototypes -Wno-semicolon-before-method-body @/Users/jasonlee/Library/Developer/Xcode/DerivedData/Notch-ddzsfiyxyoauidejndllmosklbkq/Build/Intermediates.noindex/PostHog.build/Release/phlibwebp.build/Objects-normal/x86_64/7187679823f38a2a940e0043cdf9d637-common-args.resp -MMD -MT dependencies -MF /Users/jasonlee/Library/Developer/Xcode/DerivedData/Notch-ddzsfiyxyoauidejndllmosklbkq/Build/Intermediates.noindex/PostHog.build/Release/phlibwebp.build/Objects-normal/x86_64/webp_enc.d --serialize-diagnostics /Users/jasonlee/Library/Developer/Xcode/DerivedData/Notch-ddzsfiyxyoauidejndllmosklbkq/Build/Intermediates.noindex/PostHog.build/Release/phlibwebp.build/Objects-normal/x86_64/webp_enc.dia -c /Users/jasonlee/Library/Developer/Xcode/DerivedData/Notch-ddzsfiyxyoauidejndllmosklbkq/SourcePackages/checkouts/posthog-ios/vendor/libwebp/webp_enc.c -o /Users/jasonlee/Library/Developer/Xcode/DerivedData/Notch-ddzsfiyxyoauidejndllmosklbkq/Build/Intermediates.noindex/PostHog.build/Release/phlibwebp.build/Objects-normal/x86_64/webp_enc.o

ScanDependencies /Users/jasonlee/Library/Developer/Xcode/DerivedData/Notch-ddzsfiyxyoauidejndllmosklbkq/Build/Intermediates.noindex/PostHog.build/Release/phlibwebp.build/Objects-normal/x86_64/yuv_neon.o /Users/jasonlee/Library/Developer/Xcode/DerivedData/Notch-ddzsfiyxyoauidejndllmosklbkq/SourcePackages/checkouts/posthog-ios/vendor/libwebp/yuv_neon.c normal x86_64 c com.apple.compilers.llvm.clang.1_0.compiler (in target 'phlibwebp' from project 'PostHog')
    cd /Users/jasonlee/Coding/App/Notch/Notch.xcodeproj
    
    Using response file: /Users/jasonlee/Library/Developer/Xcode/DerivedData/Notch-ddzsfiyxyoauidejndllmosklbkq/Build/Intermediates.noindex/PostHog.build/Release/phlibwebp.build/Objects-normal/x86_64/7187679823f38a2a940e0043cdf9d637-common-args.resp
    
    builtin-ScanDependencies -o /Users/jasonlee/Library/Developer/Xcode/DerivedData/Notch-ddzsfiyxyoauidejndllmosklbkq/Build/Intermediates.noindex/PostHog.build/Release/phlibwebp.build/Objects-normal/x86_64/yuv_neon.o.scan -- /Applications/Xcode.app/Contents/Developer/Toolchains/XcodeDefault.xctoolchain/usr/bin/clang -x c -ivfsstatcache /Users/jasonlee/Library/Developer/Xcode/DerivedData/SDKStatCaches.noindex/macosx26.4-25E251-30f9ca8789b706f8bd3fc906a70d770f.sdkstatcache -target x86_64-apple-macos10.15 -fmessage-length\=0 -fdiagnostics-show-note-include-stack -fmacro-backtrace-limit\=0 -fno-color-diagnostics -fmodules-prune-interval\=86400 -fmodules-prune-after\=345600 -fbuild-session-file\=/Users/jasonlee/Library/Developer/Xcode/DerivedData/ModuleCache.noindex/Session.modulevalidation -fmodules-validate-once-per-build-session -Wnon-modular-include-in-framework-module -Werror\=non-modular-include-in-framework-module -Wno-trigraphs -Wno-missing-field-initializers -Wno-missing-prototypes -Wno-return-type -Wno-missing-braces -Wparentheses -Wswitch -Wno-unused-function -Wno-unused-label -Wno-unused-parameter -Wno-unused-variable -Wunused-value -Wno-empty-body -Wno-uninitialized -Wno-unknown-pragmas -w -Wno-shadow -Wno-four-char-constants -Wno-conversion -Wno-constant-conversion -Wno-int-conversion -Wno-bool-conversion -Wno-enum-conversion -Wno-float-conversion -Wno-non-literal-null-conversion -Wno-objc-literal-conversion -Wshorten-64-to-32 -Wpointer-sign -Wno-newline-eof -Wno-implicit-fallthrough -isysroot /Applications/Xcode.app/Contents/Developer/Platforms/MacOSX.platform/Developer/SDKs/MacOSX26.4.sdk -fstrict-aliasing -Wdeprecated-declarations -Wno-sign-conversion -Wno-infinite-recursion -Wno-comma -Wno-block-capture-autoreleasing -Wno-strict-prototypes -Wno-semicolon-before-method-body @/Users/jasonlee/Library/Developer/Xcode/DerivedData/Notch-ddzsfiyxyoauidejndllmosklbkq/Build/Intermediates.noindex/PostHog.build/Release/phlibwebp.build/Objects-normal/x86_64/7187679823f38a2a940e0043cdf9d637-common-args.resp -MMD -MT dependencies -MF /Users/jasonlee/Library/Developer/Xcode/DerivedData/Notch-ddzsfiyxyoauidejndllmosklbkq/Build/Intermediates.noindex/PostHog.build/Release/phlibwebp.build/Objects-normal/x86_64/yuv_neon.d --serialize-diagnostics /Users/jasonlee/Library/Developer/Xcode/DerivedData/Notch-ddzsfiyxyoauidejndllmosklbkq/Build/Intermediates.noindex/PostHog.build/Release/phlibwebp.build/Objects-normal/x86_64/yuv_neon.dia -c /Users/jasonlee/Library/Developer/Xcode/DerivedData/Notch-ddzsfiyxyoauidejndllmosklbkq/SourcePackages/checkouts/posthog-ios/vendor/libwebp/yuv_neon.c -o /Users/jasonlee/Library/Developer/Xcode/DerivedData/Notch-ddzsfiyxyoauidejndllmosklbkq/Build/Intermediates.noindex/PostHog.build/Release/phlibwebp.build/Objects-normal/x86_64/yuv_neon.o

ScanDependencies /Users/jasonlee/Library/Developer/Xcode/DerivedData/Notch-ddzsfiyxyoauidejndllmosklbkq/Build/Intermediates.noindex/PostHog.build/Release/phlibwebp.build/Objects-normal/x86_64/vp8l_enc.o /Users/jasonlee/Library/Developer/Xcode/DerivedData/Notch-ddzsfiyxyoauidejndllmosklbkq/SourcePackages/checkouts/posthog-ios/vendor/libwebp/vp8l_enc.c normal x86_64 c com.apple.compilers.llvm.clang.1_0.compiler (in target 'phlibwebp' from project 'PostHog')
    cd /Users/jasonlee/Coding/App/Notch/Notch.xcodeproj
    
    Using response file: /Users/jasonlee/Library/Developer/Xcode/DerivedData/Notch-ddzsfiyxyoauidejndllmosklbkq/Build/Intermediates.noindex/PostHog.build/Release/phlibwebp.build/Objects-normal/x86_64/7187679823f38a2a940e0043cdf9d637-common-args.resp
    
    builtin-ScanDependencies -o /Users/jasonlee/Library/Developer/Xcode/DerivedData/Notch-ddzsfiyxyoauidejndllmosklbkq/Build/Intermediates.noindex/PostHog.build/Release/phlibwebp.build/Objects-normal/x86_64/vp8l_enc.o.scan -- /Applications/Xcode.app/Contents/Developer/Toolchains/XcodeDefault.xctoolchain/usr/bin/clang -x c -ivfsstatcache /Users/jasonlee/Library/Developer/Xcode/DerivedData/SDKStatCaches.noindex/macosx26.4-25E251-30f9ca8789b706f8bd3fc906a70d770f.sdkstatcache -target x86_64-apple-macos10.15 -fmessage-length\=0 -fdiagnostics-show-note-include-stack -fmacro-backtrace-limit\=0 -fno-color-diagnostics -fmodules-prune-interval\=86400 -fmodules-prune-after\=345600 -fbuild-session-file\=/Users/jasonlee/Library/Developer/Xcode/DerivedData/ModuleCache.noindex/Session.modulevalidation -fmodules-validate-once-per-build-session -Wnon-modular-include-in-framework-module -Werror\=non-modular-include-in-framework-module -Wno-trigraphs -Wno-missing-field-initializers -Wno-missing-prototypes -Wno-return-type -Wno-missing-braces -Wparentheses -Wswitch -Wno-unused-function -Wno-unused-label -Wno-unused-parameter -Wno-unused-variable -Wunused-value -Wno-empty-body -Wno-uninitialized -Wno-unknown-pragmas -w -Wno-shadow -Wno-four-char-constants -Wno-conversion -Wno-constant-conversion -Wno-int-conversion -Wno-bool-conversion -Wno-enum-conversion -Wno-float-conversion -Wno-non-literal-null-conversion -Wno-objc-literal-conversion -Wshorten-64-to-32 -Wpointer-sign -Wno-newline-eof -Wno-implicit-fallthrough -isysroot /Applications/Xcode.app/Contents/Developer/Platforms/MacOSX.platform/Developer/SDKs/MacOSX26.4.sdk -fstrict-aliasing -Wdeprecated-declarations -Wno-sign-conversion -Wno-infinite-recursion -Wno-comma -Wno-block-capture-autoreleasing -Wno-strict-prototypes -Wno-semicolon-before-method-body @/Users/jasonlee/Library/Developer/Xcode/DerivedData/Notch-ddzsfiyxyoauidejndllmosklbkq/Build/Intermediates.noindex/PostHog.build/Release/phlibwebp.build/Objects-normal/x86_64/7187679823f38a2a940e0043cdf9d637-common-args.resp -MMD -MT dependencies -MF /Users/jasonlee/Library/Developer/Xcode/DerivedData/Notch-ddzsfiyxyoauidejndllmosklbkq/Build/Intermediates.noindex/PostHog.build/Release/phlibwebp.build/Objects-normal/x86_64/vp8l_enc.d --serialize-diagnostics /Users/jasonlee/Library/Developer/Xcode/DerivedData/Notch-ddzsfiyxyoauidejndllmosklbkq/Build/Intermediates.noindex/PostHog.build/Release/phlibwebp.build/Objects-normal/x86_64/vp8l_enc.dia -c /Users/jasonlee/Library/Developer/Xcode/DerivedData/Notch-ddzsfiyxyoauidejndllmosklbkq/SourcePackages/checkouts/posthog-ios/vendor/libwebp/vp8l_enc.c -o /Users/jasonlee/Library/Developer/Xcode/DerivedData/Notch-ddzsfiyxyoauidejndllmosklbkq/Build/Intermediates.noindex/PostHog.build/Release/phlibwebp.build/Objects-normal/x86_64/vp8l_enc.o

ScanDependencies /Users/jasonlee/Library/Developer/Xcode/DerivedData/Notch-ddzsfiyxyoauidejndllmosklbkq/Build/Intermediates.noindex/PostHog.build/Release/phlibwebp.build/Objects-normal/x86_64/utils.o /Users/jasonlee/Library/Developer/Xcode/DerivedData/Notch-ddzsfiyxyoauidejndllmosklbkq/SourcePackages/checkouts/posthog-ios/vendor/libwebp/utils.c normal x86_64 c com.apple.compilers.llvm.clang.1_0.compiler (in target 'phlibwebp' from project 'PostHog')
    cd /Users/jasonlee/Coding/App/Notch/Notch.xcodeproj
    
    Using response file: /Users/jasonlee/Library/Developer/Xcode/DerivedData/Notch-ddzsfiyxyoauidejndllmosklbkq/Build/Intermediates.noindex/PostHog.build/Release/phlibwebp.build/Objects-normal/x86_64/7187679823f38a2a940e0043cdf9d637-common-args.resp
    
    builtin-ScanDependencies -o /Users/jasonlee/Library/Developer/Xcode/DerivedData/Notch-ddzsfiyxyoauidejndllmosklbkq/Build/Intermediates.noindex/PostHog.build/Release/phlibwebp.build/Objects-normal/x86_64/utils.o.scan -- /Applications/Xcode.app/Contents/Developer/Toolchains/XcodeDefault.xctoolchain/usr/bin/clang -x c -ivfsstatcache /Users/jasonlee/Library/Developer/Xcode/DerivedData/SDKStatCaches.noindex/macosx26.4-25E251-30f9ca8789b706f8bd3fc906a70d770f.sdkstatcache -target x86_64-apple-macos10.15 -fmessage-length\=0 -fdiagnostics-show-note-include-stack -fmacro-backtrace-limit\=0 -fno-color-diagnostics -fmodules-prune-interval\=86400 -fmodules-prune-after\=345600 -fbuild-session-file\=/Users/jasonlee/Library/Developer/Xcode/DerivedData/ModuleCache.noindex/Session.modulevalidation -fmodules-validate-once-per-build-session -Wnon-modular-include-in-framework-module -Werror\=non-modular-include-in-framework-module -Wno-trigraphs -Wno-missing-field-initializers -Wno-missing-prototypes -Wno-return-type -Wno-missing-braces -Wparentheses -Wswitch -Wno-unused-function -Wno-unused-label -Wno-unused-parameter -Wno-unused-variable -Wunused-value -Wno-empty-body -Wno-uninitialized -Wno-unknown-pragmas -w -Wno-shadow -Wno-four-char-constants -Wno-conversion -Wno-constant-conversion -Wno-int-conversion -Wno-bool-conversion -Wno-enum-conversion -Wno-float-conversion -Wno-non-literal-null-conversion -Wno-objc-literal-conversion -Wshorten-64-to-32 -Wpointer-sign -Wno-newline-eof -Wno-implicit-fallthrough -isysroot /Applications/Xcode.app/Contents/Developer/Platforms/MacOSX.platform/Developer/SDKs/MacOSX26.4.sdk -fstrict-aliasing -Wdeprecated-declarations -Wno-sign-conversion -Wno-infinite-recursion -Wno-comma -Wno-block-capture-autoreleasing -Wno-strict-prototypes -Wno-semicolon-before-method-body @/Users/jasonlee/Library/Developer/Xcode/DerivedData/Notch-ddzsfiyxyoauidejndllmosklbkq/Build/Intermediates.noindex/PostHog.build/Release/phlibwebp.build/Objects-normal/x86_64/7187679823f38a2a940e0043cdf9d637-common-args.resp -MMD -MT dependencies -MF /Users/jasonlee/Library/Developer/Xcode/DerivedData/Notch-ddzsfiyxyoauidejndllmosklbkq/Build/Intermediates.noindex/PostHog.build/Release/phlibwebp.build/Objects-normal/x86_64/utils.d --serialize-diagnostics /Users/jasonlee/Library/Developer/Xcode/DerivedData/Notch-ddzsfiyxyoauidejndllmosklbkq/Build/Intermediates.noindex/PostHog.build/Release/phlibwebp.build/Objects-normal/x86_64/utils.dia -c /Users/jasonlee/Library/Developer/Xcode/DerivedData/Notch-ddzsfiyxyoauidejndllmosklbkq/SourcePackages/checkouts/posthog-ios/vendor/libwebp/utils.c -o /Users/jasonlee/Library/Developer/Xcode/DerivedData/Notch-ddzsfiyxyoauidejndllmosklbkq/Build/Intermediates.noindex/PostHog.build/Release/phlibwebp.build/Objects-normal/x86_64/utils.o

ScanDependencies /Users/jasonlee/Library/Developer/Xcode/DerivedData/Notch-ddzsfiyxyoauidejndllmosklbkq/Build/Intermediates.noindex/PostHog.build/Release/phlibwebp.build/Objects-normal/x86_64/upsampling_sse41.o /Users/jasonlee/Library/Developer/Xcode/DerivedData/Notch-ddzsfiyxyoauidejndllmosklbkq/SourcePackages/checkouts/posthog-ios/vendor/libwebp/upsampling_sse41.c normal x86_64 c com.apple.compilers.llvm.clang.1_0.compiler (in target 'phlibwebp' from project 'PostHog')
    cd /Users/jasonlee/Coding/App/Notch/Notch.xcodeproj
    
    Using response file: /Users/jasonlee/Library/Developer/Xcode/DerivedData/Notch-ddzsfiyxyoauidejndllmosklbkq/Build/Intermediates.noindex/PostHog.build/Release/phlibwebp.build/Objects-normal/x86_64/7187679823f38a2a940e0043cdf9d637-common-args.resp
    
    builtin-ScanDependencies -o /Users/jasonlee/Library/Developer/Xcode/DerivedData/Notch-ddzsfiyxyoauidejndllmosklbkq/Build/Intermediates.noindex/PostHog.build/Release/phlibwebp.build/Objects-normal/x86_64/upsampling_sse41.o.scan -- /Applications/Xcode.app/Contents/Developer/Toolchains/XcodeDefault.xctoolchain/usr/bin/clang -x c -ivfsstatcache /Users/jasonlee/Library/Developer/Xcode/DerivedData/SDKStatCaches.noindex/macosx26.4-25E251-30f9ca8789b706f8bd3fc906a70d770f.sdkstatcache -target x86_64-apple-macos10.15 -fmessage-length\=0 -fdiagnostics-show-note-include-stack -fmacro-backtrace-limit\=0 -fno-color-diagnostics -fmodules-prune-interval\=86400 -fmodules-prune-after\=345600 -fbuild-session-file\=/Users/jasonlee/Library/Developer/Xcode/DerivedData/ModuleCache.noindex/Session.modulevalidation -fmodules-validate-once-per-build-session -Wnon-modular-include-in-framework-module -Werror\=non-modular-include-in-framework-module -Wno-trigraphs -Wno-missing-field-initializers -Wno-missing-prototypes -Wno-return-type -Wno-missing-braces -Wparentheses -Wswitch -Wno-unused-function -Wno-unused-label -Wno-unused-parameter -Wno-unused-variable -Wunused-value -Wno-empty-body -Wno-uninitialized -Wno-unknown-pragmas -w -Wno-shadow -Wno-four-char-constants -Wno-conversion -Wno-constant-conversion -Wno-int-conversion -Wno-bool-conversion -Wno-enum-conversion -Wno-float-conversion -Wno-non-literal-null-conversion -Wno-objc-literal-conversion -Wshorten-64-to-32 -Wpointer-sign -Wno-newline-eof -Wno-implicit-fallthrough -isysroot /Applications/Xcode.app/Contents/Developer/Platforms/MacOSX.platform/Developer/SDKs/MacOSX26.4.sdk -fstrict-aliasing -Wdeprecated-declarations -Wno-sign-conversion -Wno-infinite-recursion -Wno-comma -Wno-block-capture-autoreleasing -Wno-strict-prototypes -Wno-semicolon-before-method-body @/Users/jasonlee/Library/Developer/Xcode/DerivedData/Notch-ddzsfiyxyoauidejndllmosklbkq/Build/Intermediates.noindex/PostHog.build/Release/phlibwebp.build/Objects-normal/x86_64/7187679823f38a2a940e0043cdf9d637-common-args.resp -MMD -MT dependencies -MF /Users/jasonlee/Library/Developer/Xcode/DerivedData/Notch-ddzsfiyxyoauidejndllmosklbkq/Build/Intermediates.noindex/PostHog.build/Release/phlibwebp.build/Objects-normal/x86_64/upsampling_sse41.d --serialize-diagnostics /Users/jasonlee/Library/Developer/Xcode/DerivedData/Notch-ddzsfiyxyoauidejndllmosklbkq/Build/Intermediates.noindex/PostHog.build/Release/phlibwebp.build/Objects-normal/x86_64/upsampling_sse41.dia -c /Users/jasonlee/Library/Developer/Xcode/DerivedData/Notch-ddzsfiyxyoauidejndllmosklbkq/SourcePackages/checkouts/posthog-ios/vendor/libwebp/upsampling_sse41.c -o /Users/jasonlee/Library/Developer/Xcode/DerivedData/Notch-ddzsfiyxyoauidejndllmosklbkq/Build/Intermediates.noindex/PostHog.build/Release/phlibwebp.build/Objects-normal/x86_64/upsampling_sse41.o

ScanDependencies /Users/jasonlee/Library/Developer/Xcode/DerivedData/Notch-ddzsfiyxyoauidejndllmosklbkq/Build/Intermediates.noindex/PostHog.build/Release/phlibwebp.build/Objects-normal/x86_64/upsampling_neon.o /Users/jasonlee/Library/Developer/Xcode/DerivedData/Notch-ddzsfiyxyoauidejndllmosklbkq/SourcePackages/checkouts/posthog-ios/vendor/libwebp/upsampling_neon.c normal x86_64 c com.apple.compilers.llvm.clang.1_0.compiler (in target 'phlibwebp' from project 'PostHog')
    cd /Users/jasonlee/Coding/App/Notch/Notch.xcodeproj
    
    Using response file: /Users/jasonlee/Library/Developer/Xcode/DerivedData/Notch-ddzsfiyxyoauidejndllmosklbkq/Build/Intermediates.noindex/PostHog.build/Release/phlibwebp.build/Objects-normal/x86_64/7187679823f38a2a940e0043cdf9d637-common-args.resp
    
    builtin-ScanDependencies -o /Users/jasonlee/Library/Developer/Xcode/DerivedData/Notch-ddzsfiyxyoauidejndllmosklbkq/Build/Intermediates.noindex/PostHog.build/Release/phlibwebp.build/Objects-normal/x86_64/upsampling_neon.o.scan -- /Applications/Xcode.app/Contents/Developer/Toolchains/XcodeDefault.xctoolchain/usr/bin/clang -x c -ivfsstatcache /Users/jasonlee/Library/Developer/Xcode/DerivedData/SDKStatCaches.noindex/macosx26.4-25E251-30f9ca8789b706f8bd3fc906a70d770f.sdkstatcache -target x86_64-apple-macos10.15 -fmessage-length\=0 -fdiagnostics-show-note-include-stack -fmacro-backtrace-limit\=0 -fno-color-diagnostics -fmodules-prune-interval\=86400 -fmodules-prune-after\=345600 -fbuild-session-file\=/Users/jasonlee/Library/Developer/Xcode/DerivedData/ModuleCache.noindex/Session.modulevalidation -fmodules-validate-once-per-build-session -Wnon-modular-include-in-framework-module -Werror\=non-modular-include-in-framework-module -Wno-trigraphs -Wno-missing-field-initializers -Wno-missing-prototypes -Wno-return-type -Wno-missing-braces -Wparentheses -Wswitch -Wno-unused-function -Wno-unused-label -Wno-unused-parameter -Wno-unused-variable -Wunused-value -Wno-empty-body -Wno-uninitialized -Wno-unknown-pragmas -w -Wno-shadow -Wno-four-char-constants -Wno-conversion -Wno-constant-conversion -Wno-int-conversion -Wno-bool-conversion -Wno-enum-conversion -Wno-float-conversion -Wno-non-literal-null-conversion -Wno-objc-literal-conversion -Wshorten-64-to-32 -Wpointer-sign -Wno-newline-eof -Wno-implicit-fallthrough -isysroot /Applications/Xcode.app/Contents/Developer/Platforms/MacOSX.platform/Developer/SDKs/MacOSX26.4.sdk -fstrict-aliasing -Wdeprecated-declarations -Wno-sign-conversion -Wno-infinite-recursion -Wno-comma -Wno-block-capture-autoreleasing -Wno-strict-prototypes -Wno-semicolon-before-method-body @/Users/jasonlee/Library/Developer/Xcode/DerivedData/Notch-ddzsfiyxyoauidejndllmosklbkq/Build/Intermediates.noindex/PostHog.build/Release/phlibwebp.build/Objects-normal/x86_64/7187679823f38a2a940e0043cdf9d637-common-args.resp -MMD -MT dependencies -MF /Users/jasonlee/Library/Developer/Xcode/DerivedData/Notch-ddzsfiyxyoauidejndllmosklbkq/Build/Intermediates.noindex/PostHog.build/Release/phlibwebp.build/Objects-normal/x86_64/upsampling_neon.d --serialize-diagnostics /Users/jasonlee/Library/Developer/Xcode/DerivedData/Notch-ddzsfiyxyoauidejndllmosklbkq/Build/Intermediates.noindex/PostHog.build/Release/phlibwebp.build/Objects-normal/x86_64/upsampling_neon.dia -c /Users/jasonlee/Library/Developer/Xcode/DerivedData/Notch-ddzsfiyxyoauidejndllmosklbkq/SourcePackages/checkouts/posthog-ios/vendor/libwebp/upsampling_neon.c -o /Users/jasonlee/Library/Developer/Xcode/DerivedData/Notch-ddzsfiyxyoauidejndllmosklbkq/Build/Intermediates.noindex/PostHog.build/Release/phlibwebp.build/Objects-normal/x86_64/upsampling_neon.o

ScanDependencies /Users/jasonlee/Library/Developer/Xcode/DerivedData/Notch-ddzsfiyxyoauidejndllmosklbkq/Build/Intermediates.noindex/PostHog.build/Release/phlibwebp.build/Objects-normal/x86_64/upsampling.o /Users/jasonlee/Library/Developer/Xcode/DerivedData/Notch-ddzsfiyxyoauidejndllmosklbkq/SourcePackages/checkouts/posthog-ios/vendor/libwebp/upsampling.c normal x86_64 c com.apple.compilers.llvm.clang.1_0.compiler (in target 'phlibwebp' from project 'PostHog')
    cd /Users/jasonlee/Coding/App/Notch/Notch.xcodeproj
    
    Using response file: /Users/jasonlee/Library/Developer/Xcode/DerivedData/Notch-ddzsfiyxyoauidejndllmosklbkq/Build/Intermediates.noindex/PostHog.build/Release/phlibwebp.build/Objects-normal/x86_64/7187679823f38a2a940e0043cdf9d637-common-args.resp
    
    builtin-ScanDependencies -o /Users/jasonlee/Library/Developer/Xcode/DerivedData/Notch-ddzsfiyxyoauidejndllmosklbkq/Build/Intermediates.noindex/PostHog.build/Release/phlibwebp.build/Objects-normal/x86_64/upsampling.o.scan -- /Applications/Xcode.app/Contents/Developer/Toolchains/XcodeDefault.xctoolchain/usr/bin/clang -x c -ivfsstatcache /Users/jasonlee/Library/Developer/Xcode/DerivedData/SDKStatCaches.noindex/macosx26.4-25E251-30f9ca8789b706f8bd3fc906a70d770f.sdkstatcache -target x86_64-apple-macos10.15 -fmessage-length\=0 -fdiagnostics-show-note-include-stack -fmacro-backtrace-limit\=0 -fno-color-diagnostics -fmodules-prune-interval\=86400 -fmodules-prune-after\=345600 -fbuild-session-file\=/Users/jasonlee/Library/Developer/Xcode/DerivedData/ModuleCache.noindex/Session.modulevalidation -fmodules-validate-once-per-build-session -Wnon-modular-include-in-framework-module -Werror\=non-modular-include-in-framework-module -Wno-trigraphs -Wno-missing-field-initializers -Wno-missing-prototypes -Wno-return-type -Wno-missing-braces -Wparentheses -Wswitch -Wno-unused-function -Wno-unused-label -Wno-unused-parameter -Wno-unused-variable -Wunused-value -Wno-empty-body -Wno-uninitialized -Wno-unknown-pragmas -w -Wno-shadow -Wno-four-char-constants -Wno-conversion -Wno-constant-conversion -Wno-int-conversion -Wno-bool-conversion -Wno-enum-conversion -Wno-float-conversion -Wno-non-literal-null-conversion -Wno-objc-literal-conversion -Wshorten-64-to-32 -Wpointer-sign -Wno-newline-eof -Wno-implicit-fallthrough -isysroot /Applications/Xcode.app/Contents/Developer/Platforms/MacOSX.platform/Developer/SDKs/MacOSX26.4.sdk -fstrict-aliasing -Wdeprecated-declarations -Wno-sign-conversion -Wno-infinite-recursion -Wno-comma -Wno-block-capture-autoreleasing -Wno-strict-prototypes -Wno-semicolon-before-method-body @/Users/jasonlee/Library/Developer/Xcode/DerivedData/Notch-ddzsfiyxyoauidejndllmosklbkq/Build/Intermediates.noindex/PostHog.build/Release/phlibwebp.build/Objects-normal/x86_64/7187679823f38a2a940e0043cdf9d637-common-args.resp -MMD -MT dependencies -MF /Users/jasonlee/Library/Developer/Xcode/DerivedData/Notch-ddzsfiyxyoauidejndllmosklbkq/Build/Intermediates.noindex/PostHog.build/Release/phlibwebp.build/Objects-normal/x86_64/upsampling.d --serialize-diagnostics /Users/jasonlee/Library/Developer/Xcode/DerivedData/Notch-ddzsfiyxyoauidejndllmosklbkq/Build/Intermediates.noindex/PostHog.build/Release/phlibwebp.build/Objects-normal/x86_64/upsampling.dia -c /Users/jasonlee/Library/Developer/Xcode/DerivedData/Notch-ddzsfiyxyoauidejndllmosklbkq/SourcePackages/checkouts/posthog-ios/vendor/libwebp/upsampling.c -o /Users/jasonlee/Library/Developer/Xcode/DerivedData/Notch-ddzsfiyxyoauidejndllmosklbkq/Build/Intermediates.noindex/PostHog.build/Release/phlibwebp.build/Objects-normal/x86_64/upsampling.o

ScanDependencies /Users/jasonlee/Library/Developer/Xcode/DerivedData/Notch-ddzsfiyxyoauidejndllmosklbkq/Build/Intermediates.noindex/PostHog.build/Release/phlibwebp.build/Objects-normal/x86_64/upsampling_sse2.o /Users/jasonlee/Library/Developer/Xcode/DerivedData/Notch-ddzsfiyxyoauidejndllmosklbkq/SourcePackages/checkouts/posthog-ios/vendor/libwebp/upsampling_sse2.c normal x86_64 c com.apple.compilers.llvm.clang.1_0.compiler (in target 'phlibwebp' from project 'PostHog')
    cd /Users/jasonlee/Coding/App/Notch/Notch.xcodeproj
    
    Using response file: /Users/jasonlee/Library/Developer/Xcode/DerivedData/Notch-ddzsfiyxyoauidejndllmosklbkq/Build/Intermediates.noindex/PostHog.build/Release/phlibwebp.build/Objects-normal/x86_64/7187679823f38a2a940e0043cdf9d637-common-args.resp
    
    builtin-ScanDependencies -o /Users/jasonlee/Library/Developer/Xcode/DerivedData/Notch-ddzsfiyxyoauidejndllmosklbkq/Build/Intermediates.noindex/PostHog.build/Release/phlibwebp.build/Objects-normal/x86_64/upsampling_sse2.o.scan -- /Applications/Xcode.app/Contents/Developer/Toolchains/XcodeDefault.xctoolchain/usr/bin/clang -x c -ivfsstatcache /Users/jasonlee/Library/Developer/Xcode/DerivedData/SDKStatCaches.noindex/macosx26.4-25E251-30f9ca8789b706f8bd3fc906a70d770f.sdkstatcache -target x86_64-apple-macos10.15 -fmessage-length\=0 -fdiagnostics-show-note-include-stack -fmacro-backtrace-limit\=0 -fno-color-diagnostics -fmodules-prune-interval\=86400 -fmodules-prune-after\=345600 -fbuild-session-file\=/Users/jasonlee/Library/Developer/Xcode/DerivedData/ModuleCache.noindex/Session.modulevalidation -fmodules-validate-once-per-build-session -Wnon-modular-include-in-framework-module -Werror\=non-modular-include-in-framework-module -Wno-trigraphs -Wno-missing-field-initializers -Wno-missing-prototypes -Wno-return-type -Wno-missing-braces -Wparentheses -Wswitch -Wno-unused-function -Wno-unused-label -Wno-unused-parameter -Wno-unused-variable -Wunused-value -Wno-empty-body -Wno-uninitialized -Wno-unknown-pragmas -w -Wno-shadow -Wno-four-char-constants -Wno-conversion -Wno-constant-conversion -Wno-int-conversion -Wno-bool-conversion -Wno-enum-conversion -Wno-float-conversion -Wno-non-literal-null-conversion -Wno-objc-literal-conversion -Wshorten-64-to-32 -Wpointer-sign -Wno-newline-eof -Wno-implicit-fallthrough -isysroot /Applications/Xcode.app/Contents/Developer/Platforms/MacOSX.platform/Developer/SDKs/MacOSX26.4.sdk -fstrict-aliasing -Wdeprecated-declarations -Wno-sign-conversion -Wno-infinite-recursion -Wno-comma -Wno-block-capture-autoreleasing -Wno-strict-prototypes -Wno-semicolon-before-method-body @/Users/jasonlee/Library/Developer/Xcode/DerivedData/Notch-ddzsfiyxyoauidejndllmosklbkq/Build/Intermediates.noindex/PostHog.build/Release/phlibwebp.build/Objects-normal/x86_64/7187679823f38a2a940e0043cdf9d637-common-args.resp -MMD -MT dependencies -MF /Users/jasonlee/Library/Developer/Xcode/DerivedData/Notch-ddzsfiyxyoauidejndllmosklbkq/Build/Intermediates.noindex/PostHog.build/Release/phlibwebp.build/Objects-normal/x86_64/upsampling_sse2.d --serialize-diagnostics /Users/jasonlee/Library/Developer/Xcode/DerivedData/Notch-ddzsfiyxyoauidejndllmosklbkq/Build/Intermediates.noindex/PostHog.build/Release/phlibwebp.build/Objects-normal/x86_64/upsampling_sse2.dia -c /Users/jasonlee/Library/Developer/Xcode/DerivedData/Notch-ddzsfiyxyoauidejndllmosklbkq/SourcePackages/checkouts/posthog-ios/vendor/libwebp/upsampling_sse2.c -o /Users/jasonlee/Library/Developer/Xcode/DerivedData/Notch-ddzsfiyxyoauidejndllmosklbkq/Build/Intermediates.noindex/PostHog.build/Release/phlibwebp.build/Objects-normal/x86_64/upsampling_sse2.o

ScanDependencies /Users/jasonlee/Library/Developer/Xcode/DerivedData/Notch-ddzsfiyxyoauidejndllmosklbkq/Build/Intermediates.noindex/PostHog.build/Release/phlibwebp.build/Objects-normal/x86_64/tree_enc.o /Users/jasonlee/Library/Developer/Xcode/DerivedData/Notch-ddzsfiyxyoauidejndllmosklbkq/SourcePackages/checkouts/posthog-ios/vendor/libwebp/tree_enc.c normal x86_64 c com.apple.compilers.llvm.clang.1_0.compiler (in target 'phlibwebp' from project 'PostHog')
    cd /Users/jasonlee/Coding/App/Notch/Notch.xcodeproj
    
    Using response file: /Users/jasonlee/Library/Developer/Xcode/DerivedData/Notch-ddzsfiyxyoauidejndllmosklbkq/Build/Intermediates.noindex/PostHog.build/Release/phlibwebp.build/Objects-normal/x86_64/7187679823f38a2a940e0043cdf9d637-common-args.resp
    
    builtin-ScanDependencies -o /Users/jasonlee/Library/Developer/Xcode/DerivedData/Notch-ddzsfiyxyoauidejndllmosklbkq/Build/Intermediates.noindex/PostHog.build/Release/phlibwebp.build/Objects-normal/x86_64/tree_enc.o.scan -- /Applications/Xcode.app/Contents/Developer/Toolchains/XcodeDefault.xctoolchain/usr/bin/clang -x c -ivfsstatcache /Users/jasonlee/Library/Developer/Xcode/DerivedData/SDKStatCaches.noindex/macosx26.4-25E251-30f9ca8789b706f8bd3fc906a70d770f.sdkstatcache -target x86_64-apple-macos10.15 -fmessage-length\=0 -fdiagnostics-show-note-include-stack -fmacro-backtrace-limit\=0 -fno-color-diagnostics -fmodules-prune-interval\=86400 -fmodules-prune-after\=345600 -fbuild-session-file\=/Users/jasonlee/Library/Developer/Xcode/DerivedData/ModuleCache.noindex/Session.modulevalidation -fmodules-validate-once-per-build-session -Wnon-modular-include-in-framework-module -Werror\=non-modular-include-in-framework-module -Wno-trigraphs -Wno-missing-field-initializers -Wno-missing-prototypes -Wno-return-type -Wno-missing-braces -Wparentheses -Wswitch -Wno-unused-function -Wno-unused-label -Wno-unused-parameter -Wno-unused-variable -Wunused-value -Wno-empty-body -Wno-uninitialized -Wno-unknown-pragmas -w -Wno-shadow -Wno-four-char-constants -Wno-conversion -Wno-constant-conversion -Wno-int-conversion -Wno-bool-conversion -Wno-enum-conversion -Wno-float-conversion -Wno-non-literal-null-conversion -Wno-objc-literal-conversion -Wshorten-64-to-32 -Wpointer-sign -Wno-newline-eof -Wno-implicit-fallthrough -isysroot /Applications/Xcode.app/Contents/Developer/Platforms/MacOSX.platform/Developer/SDKs/MacOSX26.4.sdk -fstrict-aliasing -Wdeprecated-declarations -Wno-sign-conversion -Wno-infinite-recursion -Wno-comma -Wno-block-capture-autoreleasing -Wno-strict-prototypes -Wno-semicolon-before-method-body @/Users/jasonlee/Library/Developer/Xcode/DerivedData/Notch-ddzsfiyxyoauidejndllmosklbkq/Build/Intermediates.noindex/PostHog.build/Release/phlibwebp.build/Objects-normal/x86_64/7187679823f38a2a940e0043cdf9d637-common-args.resp -MMD -MT dependencies -MF /Users/jasonlee/Library/Developer/Xcode/DerivedData/Notch-ddzsfiyxyoauidejndllmosklbkq/Build/Intermediates.noindex/PostHog.build/Release/phlibwebp.build/Objects-normal/x86_64/tree_enc.d --serialize-diagnostics /Users/jasonlee/Library/Developer/Xcode/DerivedData/Notch-ddzsfiyxyoauidejndllmosklbkq/Build/Intermediates.noindex/PostHog.build/Release/phlibwebp.build/Objects-normal/x86_64/tree_enc.dia -c /Users/jasonlee/Library/Developer/Xcode/DerivedData/Notch-ddzsfiyxyoauidejndllmosklbkq/SourcePackages/checkouts/posthog-ios/vendor/libwebp/tree_enc.c -o /Users/jasonlee/Library/Developer/Xcode/DerivedData/Notch-ddzsfiyxyoauidejndllmosklbkq/Build/Intermediates.noindex/PostHog.build/Release/phlibwebp.build/Objects-normal/x86_64/tree_enc.o

SwiftDriver SkyLightWindow normal arm64 com.apple.xcode.tools.swift.compiler (in target 'SkyLightWindow' from project 'SkyLightWindow')
    cd /Users/jasonlee/Coding/App/Notch/Notch.xcodeproj
    builtin-SwiftDriver -- /Applications/Xcode.app/Contents/Developer/Toolchains/XcodeDefault.xctoolchain/usr/bin/swiftc -module-name SkyLightWindow -O -whole-module-optimization @/Users/jasonlee/Library/Developer/Xcode/DerivedData/Notch-ddzsfiyxyoauidejndllmosklbkq/Build/Intermediates.noindex/SkyLightWindow.build/Release/SkyLightWindow.build/Objects-normal/arm64/SkyLightWindow.SwiftFileList -DSWIFT_PACKAGE -DSWIFT_MODULE_RESOURCE_BUNDLE_UNAVAILABLE -DXcode -plugin-path /Applications/Xcode.app/Contents/Developer/Toolchains/XcodeDefault.xctoolchain/usr/lib/swift/host/plugins/testing -enable-experimental-feature DebugDescriptionMacro -sdk /Applications/Xcode.app/Contents/Developer/Platforms/MacOSX.platform/Developer/SDKs/MacOSX26.4.sdk -target arm64-apple-macos11.0 -g -module-cache-path /Users/jasonlee/Library/Developer/Xcode/DerivedData/ModuleCache.noindex -Xfrontend -serialize-debugging-options -profile-coverage-mapping -profile-generate -suppress-warnings -swift-version 5 -I /Users/jasonlee/Library/Developer/Xcode/DerivedData/Notch-ddzsfiyxyoauidejndllmosklbkq/Build/Products/Release -Isystem /Applications/Xcode.app/Contents/Developer/Platforms/MacOSX.platform/Developer/usr/lib -F /Users/jasonlee/Library/Developer/Xcode/DerivedData/Notch-ddzsfiyxyoauidejndllmosklbkq/Build/Products/Release -F /Applications/Xcode.app/Contents/Developer/Platforms/MacOSX.platform/Developer/Library/Frameworks -c -num-threads 12 -Xcc -ivfsstatcache -Xcc /Users/jasonlee/Library/Developer/Xcode/DerivedData/SDKStatCaches.noindex/macosx26.4-25E251-30f9ca8789b706f8bd3fc906a70d770f.sdkstatcache -output-file-map /Users/jasonlee/Library/Developer/Xcode/DerivedData/Notch-ddzsfiyxyoauidejndllmosklbkq/Build/Intermediates.noindex/SkyLightWindow.build/Release/SkyLightWindow.build/Objects-normal/arm64/SkyLightWindow-OutputFileMap.json -use-frontend-parseable-output -save-temps -no-color-diagnostics -explicit-module-build -module-cache-path /Users/jasonlee/Library/Developer/Xcode/DerivedData/Notch-ddzsfiyxyoauidejndllmosklbkq/Build/Intermediates.noindex/SwiftExplicitPrecompiledModules -clang-scanner-module-cache-path /Users/jasonlee/Library/Developer/Xcode/DerivedData/ModuleCache.noindex -sdk-module-cache-path /Users/jasonlee/Library/Developer/Xcode/DerivedData/ModuleCache.noindex -serialize-diagnostics -emit-dependencies -emit-module -emit-module-path /Users/jasonlee/Library/Developer/Xcode/DerivedData/Notch-ddzsfiyxyoauidejndllmosklbkq/Build/Intermediates.noindex/SkyLightWindow.build/Release/SkyLightWindow.build/Objects-normal/arm64/SkyLightWindow.swiftmodule -validate-clang-modules-once -clang-build-session-file /Users/jasonlee/Library/Developer/Xcode/DerivedData/ModuleCache.noindex/Session.modulevalidation -package-name skylightwindow -Xcc -I/Users/jasonlee/Library/Developer/Xcode/DerivedData/Notch-ddzsfiyxyoauidejndllmosklbkq/Build/Intermediates.noindex/SkyLightWindow.build/Release/SkyLightWindow.build/swift-overrides.hmap -emit-const-values -Xfrontend -const-gather-protocols-file -Xfrontend /Users/jasonlee/Library/Developer/Xcode/DerivedData/Notch-ddzsfiyxyoauidejndllmosklbkq/Build/Intermediates.noindex/SkyLightWindow.build/Release/SkyLightWindow.build/Objects-normal/arm64/SkyLightWindow_const_extract_protocols.json -Xcc -I/Users/jasonlee/Library/Developer/Xcode/DerivedData/Notch-ddzsfiyxyoauidejndllmosklbkq/Build/Products/Release/include -Xcc -I/Users/jasonlee/Library/Developer/Xcode/DerivedData/Notch-ddzsfiyxyoauidejndllmosklbkq/Build/Intermediates.noindex/SkyLightWindow.build/Release/SkyLightWindow.build/DerivedSources-normal/arm64 -Xcc -I/Users/jasonlee/Library/Developer/Xcode/DerivedData/Notch-ddzsfiyxyoauidejndllmosklbkq/Build/Intermediates.noindex/SkyLightWindow.build/Release/SkyLightWindow.build/DerivedSources/arm64 -Xcc -I/Users/jasonlee/Library/Developer/Xcode/DerivedData/Notch-ddzsfiyxyoauidejndllmosklbkq/Build/Intermediates.noindex/SkyLightWindow.build/Release/SkyLightWindow.build/DerivedSources -Xcc -DSWIFT_PACKAGE -emit-objc-header -emit-objc-header-path /Users/jasonlee/Library/Developer/Xcode/DerivedData/Notch-ddzsfiyxyoauidejndllmosklbkq/Build/Intermediates.noindex/SkyLightWindow.build/Release/SkyLightWindow.build/Objects-normal/arm64/SkyLightWindow-Swift.h -working-directory /Users/jasonlee/Coding/App/Notch/Notch.xcodeproj -no-emit-module-separately-wmo

SwiftDriver SkyLightWindow normal x86_64 com.apple.xcode.tools.swift.compiler (in target 'SkyLightWindow' from project 'SkyLightWindow')
    cd /Users/jasonlee/Coding/App/Notch/Notch.xcodeproj
    builtin-SwiftDriver -- /Applications/Xcode.app/Contents/Developer/Toolchains/XcodeDefault.xctoolchain/usr/bin/swiftc -module-name SkyLightWindow -O -whole-module-optimization @/Users/jasonlee/Library/Developer/Xcode/DerivedData/Notch-ddzsfiyxyoauidejndllmosklbkq/Build/Intermediates.noindex/SkyLightWindow.build/Release/SkyLightWindow.build/Objects-normal/x86_64/SkyLightWindow.SwiftFileList -DSWIFT_PACKAGE -DSWIFT_MODULE_RESOURCE_BUNDLE_UNAVAILABLE -DXcode -plugin-path /Applications/Xcode.app/Contents/Developer/Toolchains/XcodeDefault.xctoolchain/usr/lib/swift/host/plugins/testing -enable-experimental-feature DebugDescriptionMacro -sdk /Applications/Xcode.app/Contents/Developer/Platforms/MacOSX.platform/Developer/SDKs/MacOSX26.4.sdk -target x86_64-apple-macos11.0 -g -module-cache-path /Users/jasonlee/Library/Developer/Xcode/DerivedData/ModuleCache.noindex -Xfrontend -serialize-debugging-options -profile-coverage-mapping -profile-generate -suppress-warnings -swift-version 5 -I /Users/jasonlee/Library/Developer/Xcode/DerivedData/Notch-ddzsfiyxyoauidejndllmosklbkq/Build/Products/Release -Isystem /Applications/Xcode.app/Contents/Developer/Platforms/MacOSX.platform/Developer/usr/lib -F /Users/jasonlee/Library/Developer/Xcode/DerivedData/Notch-ddzsfiyxyoauidejndllmosklbkq/Build/Products/Release -F /Applications/Xcode.app/Contents/Developer/Platforms/MacOSX.platform/Developer/Library/Frameworks -c -num-threads 12 -Xcc -ivfsstatcache -Xcc /Users/jasonlee/Library/Developer/Xcode/DerivedData/SDKStatCaches.noindex/macosx26.4-25E251-30f9ca8789b706f8bd3fc906a70d770f.sdkstatcache -output-file-map /Users/jasonlee/Library/Developer/Xcode/DerivedData/Notch-ddzsfiyxyoauidejndllmosklbkq/Build/Intermediates.noindex/SkyLightWindow.build/Release/SkyLightWindow.build/Objects-normal/x86_64/SkyLightWindow-OutputFileMap.json -use-frontend-parseable-output -save-temps -no-color-diagnostics -explicit-module-build -module-cache-path /Users/jasonlee/Library/Developer/Xcode/DerivedData/Notch-ddzsfiyxyoauidejndllmosklbkq/Build/Intermediates.noindex/SwiftExplicitPrecompiledModules -clang-scanner-module-cache-path /Users/jasonlee/Library/Developer/Xcode/DerivedData/ModuleCache.noindex -sdk-module-cache-path /Users/jasonlee/Library/Developer/Xcode/DerivedData/ModuleCache.noindex -serialize-diagnostics -emit-dependencies -emit-module -emit-module-path /Users/jasonlee/Library/Developer/Xcode/DerivedData/Notch-ddzsfiyxyoauidejndllmosklbkq/Build/Intermediates.noindex/SkyLightWindow.build/Release/SkyLightWindow.build/Objects-normal/x86_64/SkyLightWindow.swiftmodule -validate-clang-modules-once -clang-build-session-file /Users/jasonlee/Library/Developer/Xcode/DerivedData/ModuleCache.noindex/Session.modulevalidation -package-name skylightwindow -Xcc -I/Users/jasonlee/Library/Developer/Xcode/DerivedData/Notch-ddzsfiyxyoauidejndllmosklbkq/Build/Intermediates.noindex/SkyLightWindow.build/Release/SkyLightWindow.build/swift-overrides.hmap -emit-const-values -Xfrontend -const-gather-protocols-file -Xfrontend /Users/jasonlee/Library/Developer/Xcode/DerivedData/Notch-ddzsfiyxyoauidejndllmosklbkq/Build/Intermediates.noindex/SkyLightWindow.build/Release/SkyLightWindow.build/Objects-normal/x86_64/SkyLightWindow_const_extract_protocols.json -Xcc -I/Users/jasonlee/Library/Developer/Xcode/DerivedData/Notch-ddzsfiyxyoauidejndllmosklbkq/Build/Products/Release/include -Xcc -I/Users/jasonlee/Library/Developer/Xcode/DerivedData/Notch-ddzsfiyxyoauidejndllmosklbkq/Build/Intermediates.noindex/SkyLightWindow.build/Release/SkyLightWindow.build/DerivedSources-normal/x86_64 -Xcc -I/Users/jasonlee/Library/Developer/Xcode/DerivedData/Notch-ddzsfiyxyoauidejndllmosklbkq/Build/Intermediates.noindex/SkyLightWindow.build/Release/SkyLightWindow.build/DerivedSources/x86_64 -Xcc -I/Users/jasonlee/Library/Developer/Xcode/DerivedData/Notch-ddzsfiyxyoauidejndllmosklbkq/Build/Intermediates.noindex/SkyLightWindow.build/Release/SkyLightWindow.build/DerivedSources -Xcc -DSWIFT_PACKAGE -emit-objc-header -emit-objc-header-path /Users/jasonlee/Library/Developer/Xcode/DerivedData/Notch-ddzsfiyxyoauidejndllmosklbkq/Build/Intermediates.noindex/SkyLightWindow.build/Release/SkyLightWindow.build/Objects-normal/x86_64/SkyLightWindow-Swift.h -working-directory /Users/jasonlee/Coding/App/Notch/Notch.xcodeproj -no-emit-module-separately-wmo

SwiftDriver PostHog normal arm64 com.apple.xcode.tools.swift.compiler (in target 'PostHog' from project 'PostHog')
    cd /Users/jasonlee/Coding/App/Notch/Notch.xcodeproj
    builtin-SwiftDriver -- /Applications/Xcode.app/Contents/Developer/Toolchains/XcodeDefault.xctoolchain/usr/bin/swiftc -module-name PostHog -O -whole-module-optimization @/Users/jasonlee/Library/Developer/Xcode/DerivedData/Notch-ddzsfiyxyoauidejndllmosklbkq/Build/Intermediates.noindex/PostHog.build/Release/PostHog.build/Objects-normal/arm64/PostHog.SwiftFileList -DSWIFT_PACKAGE -DSWIFT_MODULE_RESOURCE_BUNDLE_AVAILABLE -Xcc -fmodule-map-file\=/Users/jasonlee/Library/Developer/Xcode/DerivedData/Notch-ddzsfiyxyoauidejndllmosklbkq/Build/Intermediates.noindex/GeneratedModuleMaps/CrashReporter.modulemap -Xcc -fmodule-map-file\=/Users/jasonlee/Library/Developer/Xcode/DerivedData/Notch-ddzsfiyxyoauidejndllmosklbkq/Build/Intermediates.noindex/GeneratedModuleMaps/phlibwebp.modulemap -DXcode -plugin-path /Applications/Xcode.app/Contents/Developer/Toolchains/XcodeDefault.xctoolchain/usr/lib/swift/host/plugins/testing -enable-experimental-feature DebugDescriptionMacro -sdk /Applications/Xcode.app/Contents/Developer/Platforms/MacOSX.platform/Developer/SDKs/MacOSX26.4.sdk -target arm64-apple-macos10.15 -g -module-cache-path /Users/jasonlee/Library/Developer/Xcode/DerivedData/ModuleCache.noindex -Xfrontend -serialize-debugging-options -profile-coverage-mapping -profile-generate -suppress-warnings -swift-version 5 -I /Users/jasonlee/Library/Developer/Xcode/DerivedData/Notch-ddzsfiyxyoauidejndllmosklbkq/Build/Products/Release -Isystem /Applications/Xcode.app/Contents/Developer/Platforms/MacOSX.platform/Developer/usr/lib -F /Users/jasonlee/Library/Developer/Xcode/DerivedData/Notch-ddzsfiyxyoauidejndllmosklbkq/Build/Products/Release/PackageFrameworks -F /Users/jasonlee/Library/Developer/Xcode/DerivedData/Notch-ddzsfiyxyoauidejndllmosklbkq/Build/Products/Release/PackageFrameworks -F /Users/jasonlee/Library/Developer/Xcode/DerivedData/Notch-ddzsfiyxyoauidejndllmosklbkq/Build/Products/Release -F /Applications/Xcode.app/Contents/Developer/Platforms/MacOSX.platform/Developer/Library/Frameworks -c -num-threads 12 -Xcc -ivfsstatcache -Xcc /Users/jasonlee/Library/Developer/Xcode/DerivedData/SDKStatCaches.noindex/macosx26.4-25E251-30f9ca8789b706f8bd3fc906a70d770f.sdkstatcache -output-file-map /Users/jasonlee/Library/Developer/Xcode/DerivedData/Notch-ddzsfiyxyoauidejndllmosklbkq/Build/Intermediates.noindex/PostHog.build/Release/PostHog.build/Objects-normal/arm64/PostHog-OutputFileMap.json -use-frontend-parseable-output -save-temps -no-color-diagnostics -explicit-module-build -module-cache-path /Users/jasonlee/Library/Developer/Xcode/DerivedData/Notch-ddzsfiyxyoauidejndllmosklbkq/Build/Intermediates.noindex/SwiftExplicitPrecompiledModules -clang-scanner-module-cache-path /Users/jasonlee/Library/Developer/Xcode/DerivedData/ModuleCache.noindex -sdk-module-cache-path /Users/jasonlee/Library/Developer/Xcode/DerivedData/ModuleCache.noindex -serialize-diagnostics -emit-dependencies -emit-module -emit-module-path /Users/jasonlee/Library/Developer/Xcode/DerivedData/Notch-ddzsfiyxyoauidejndllmosklbkq/Build/Intermediates.noindex/PostHog.build/Release/PostHog.build/Objects-normal/arm64/PostHog.swiftmodule -validate-clang-modules-once -clang-build-session-file /Users/jasonlee/Library/Developer/Xcode/DerivedData/ModuleCache.noindex/Session.modulevalidation -package-name posthog_ios -Xcc -I/Users/jasonlee/Library/Developer/Xcode/DerivedData/Notch-ddzsfiyxyoauidejndllmosklbkq/Build/Intermediates.noindex/PostHog.build/Release/PostHog.build/swift-overrides.hmap -emit-const-values -Xfrontend -const-gather-protocols-file -Xfrontend /Users/jasonlee/Library/Developer/Xcode/DerivedData/Notch-ddzsfiyxyoauidejndllmosklbkq/Build/Intermediates.noindex/PostHog.build/Release/PostHog.build/Objects-normal/arm64/PostHog_const_extract_protocols.json -Xcc -I/Users/jasonlee/Library/Developer/Xcode/DerivedData/Notch-ddzsfiyxyoauidejndllmosklbkq/SourcePackages/checkouts/plcrashreporter/include -Xcc -I/Users/jasonlee/Library/Developer/Xcode/DerivedData/Notch-ddzsfiyxyoauidejndllmosklbkq/SourcePackages/checkouts/posthog-ios/vendor/libwebp -Xcc -I/Users/jasonlee/Library/Developer/Xcode/DerivedData/Notch-ddzsfiyxyoauidejndllmosklbkq/Build/Products/Release/include -Xcc -I/Users/jasonlee/Library/Developer/Xcode/DerivedData/Notch-ddzsfiyxyoauidejndllmosklbkq/Build/Intermediates.noindex/PostHog.build/Release/PostHog.build/DerivedSources-normal/arm64 -Xcc -I/Users/jasonlee/Library/Developer/Xcode/DerivedData/Notch-ddzsfiyxyoauidejndllmosklbkq/Build/Intermediates.noindex/PostHog.build/Release/PostHog.build/DerivedSources/arm64 -Xcc -I/Users/jasonlee/Library/Developer/Xcode/DerivedData/Notch-ddzsfiyxyoauidejndllmosklbkq/Build/Intermediates.noindex/PostHog.build/Release/PostHog.build/DerivedSources -Xcc -DSWIFT_PACKAGE -emit-objc-header -emit-objc-header-path /Users/jasonlee/Library/Developer/Xcode/DerivedData/Notch-ddzsfiyxyoauidejndllmosklbkq/Build/Intermediates.noindex/PostHog.build/Release/PostHog.build/Objects-normal/arm64/PostHog-Swift.h -working-directory /Users/jasonlee/Coding/App/Notch/Notch.xcodeproj -no-emit-module-separately-wmo

SwiftDriver PostHog normal x86_64 com.apple.xcode.tools.swift.compiler (in target 'PostHog' from project 'PostHog')
    cd /Users/jasonlee/Coding/App/Notch/Notch.xcodeproj
    builtin-SwiftDriver -- /Applications/Xcode.app/Contents/Developer/Toolchains/XcodeDefault.xctoolchain/usr/bin/swiftc -module-name PostHog -O -whole-module-optimization @/Users/jasonlee/Library/Developer/Xcode/DerivedData/Notch-ddzsfiyxyoauidejndllmosklbkq/Build/Intermediates.noindex/PostHog.build/Release/PostHog.build/Objects-normal/x86_64/PostHog.SwiftFileList -DSWIFT_PACKAGE -DSWIFT_MODULE_RESOURCE_BUNDLE_AVAILABLE -Xcc -fmodule-map-file\=/Users/jasonlee/Library/Developer/Xcode/DerivedData/Notch-ddzsfiyxyoauidejndllmosklbkq/Build/Intermediates.noindex/GeneratedModuleMaps/CrashReporter.modulemap -Xcc -fmodule-map-file\=/Users/jasonlee/Library/Developer/Xcode/DerivedData/Notch-ddzsfiyxyoauidejndllmosklbkq/Build/Intermediates.noindex/GeneratedModuleMaps/phlibwebp.modulemap -DXcode -plugin-path /Applications/Xcode.app/Contents/Developer/Toolchains/XcodeDefault.xctoolchain/usr/lib/swift/host/plugins/testing -enable-experimental-feature DebugDescriptionMacro -sdk /Applications/Xcode.app/Contents/Developer/Platforms/MacOSX.platform/Developer/SDKs/MacOSX26.4.sdk -target x86_64-apple-macos10.15 -g -module-cache-path /Users/jasonlee/Library/Developer/Xcode/DerivedData/ModuleCache.noindex -Xfrontend -serialize-debugging-options -profile-coverage-mapping -profile-generate -suppress-warnings -swift-version 5 -I /Users/jasonlee/Library/Developer/Xcode/DerivedData/Notch-ddzsfiyxyoauidejndllmosklbkq/Build/Products/Release -Isystem /Applications/Xcode.app/Contents/Developer/Platforms/MacOSX.platform/Developer/usr/lib -F /Users/jasonlee/Library/Developer/Xcode/DerivedData/Notch-ddzsfiyxyoauidejndllmosklbkq/Build/Products/Release/PackageFrameworks -F /Users/jasonlee/Library/Developer/Xcode/DerivedData/Notch-ddzsfiyxyoauidejndllmosklbkq/Build/Products/Release/PackageFrameworks -F /Users/jasonlee/Library/Developer/Xcode/DerivedData/Notch-ddzsfiyxyoauidejndllmosklbkq/Build/Products/Release -F /Applications/Xcode.app/Contents/Developer/Platforms/MacOSX.platform/Developer/Library/Frameworks -c -num-threads 12 -Xcc -ivfsstatcache -Xcc /Users/jasonlee/Library/Developer/Xcode/DerivedData/SDKStatCaches.noindex/macosx26.4-25E251-30f9ca8789b706f8bd3fc906a70d770f.sdkstatcache -output-file-map /Users/jasonlee/Library/Developer/Xcode/DerivedData/Notch-ddzsfiyxyoauidejndllmosklbkq/Build/Intermediates.noindex/PostHog.build/Release/PostHog.build/Objects-normal/x86_64/PostHog-OutputFileMap.json -use-frontend-parseable-output -save-temps -no-color-diagnostics -explicit-module-build -module-cache-path /Users/jasonlee/Library/Developer/Xcode/DerivedData/Notch-ddzsfiyxyoauidejndllmosklbkq/Build/Intermediates.noindex/SwiftExplicitPrecompiledModules -clang-scanner-module-cache-path /Users/jasonlee/Library/Developer/Xcode/DerivedData/ModuleCache.noindex -sdk-module-cache-path /Users/jasonlee/Library/Developer/Xcode/DerivedData/ModuleCache.noindex -serialize-diagnostics -emit-dependencies -emit-module -emit-module-path /Users/jasonlee/Library/Developer/Xcode/DerivedData/Notch-ddzsfiyxyoauidejndllmosklbkq/Build/Intermediates.noindex/PostHog.build/Release/PostHog.build/Objects-normal/x86_64/PostHog.swiftmodule -validate-clang-modules-once -clang-build-session-file /Users/jasonlee/Library/Developer/Xcode/DerivedData/ModuleCache.noindex/Session.modulevalidation -package-name posthog_ios -Xcc -I/Users/jasonlee/Library/Developer/Xcode/DerivedData/Notch-ddzsfiyxyoauidejndllmosklbkq/Build/Intermediates.noindex/PostHog.build/Release/PostHog.build/swift-overrides.hmap -emit-const-values -Xfrontend -const-gather-protocols-file -Xfrontend /Users/jasonlee/Library/Developer/Xcode/DerivedData/Notch-ddzsfiyxyoauidejndllmosklbkq/Build/Intermediates.noindex/PostHog.build/Release/PostHog.build/Objects-normal/x86_64/PostHog_const_extract_protocols.json -Xcc -I/Users/jasonlee/Library/Developer/Xcode/DerivedData/Notch-ddzsfiyxyoauidejndllmosklbkq/SourcePackages/checkouts/plcrashreporter/include -Xcc -I/Users/jasonlee/Library/Developer/Xcode/DerivedData/Notch-ddzsfiyxyoauidejndllmosklbkq/SourcePackages/checkouts/posthog-ios/vendor/libwebp -Xcc -I/Users/jasonlee/Library/Developer/Xcode/DerivedData/Notch-ddzsfiyxyoauidejndllmosklbkq/Build/Products/Release/include -Xcc -I/Users/jasonlee/Library/Developer/Xcode/DerivedData/Notch-ddzsfiyxyoauidejndllmosklbkq/Build/Intermediates.noindex/PostHog.build/Release/PostHog.build/DerivedSources-normal/x86_64 -Xcc -I/Users/jasonlee/Library/Developer/Xcode/DerivedData/Notch-ddzsfiyxyoauidejndllmosklbkq/Build/Intermediates.noindex/PostHog.build/Release/PostHog.build/DerivedSources/x86_64 -Xcc -I/Users/jasonlee/Library/Developer/Xcode/DerivedData/Notch-ddzsfiyxyoauidejndllmosklbkq/Build/Intermediates.noindex/PostHog.build/Release/PostHog.build/DerivedSources -Xcc -DSWIFT_PACKAGE -emit-objc-header -emit-objc-header-path /Users/jasonlee/Library/Developer/Xcode/DerivedData/Notch-ddzsfiyxyoauidejndllmosklbkq/Build/Intermediates.noindex/PostHog.build/Release/PostHog.build/Objects-normal/x86_64/PostHog-Swift.h -working-directory /Users/jasonlee/Coding/App/Notch/Notch.xcodeproj -no-emit-module-separately-wmo

SwiftDriver KeyboardShortcuts normal x86_64 com.apple.xcode.tools.swift.compiler (in target 'KeyboardShortcuts' from project 'KeyboardShortcuts')
    cd /Users/jasonlee/Coding/App/Notch/Notch.xcodeproj
    builtin-SwiftDriver -- /Applications/Xcode.app/Contents/Developer/Toolchains/XcodeDefault.xctoolchain/usr/bin/swiftc -module-name KeyboardShortcuts -O -whole-module-optimization @/Users/jasonlee/Library/Developer/Xcode/DerivedData/Notch-ddzsfiyxyoauidejndllmosklbkq/Build/Intermediates.noindex/KeyboardShortcuts.build/Release/KeyboardShortcuts.build/Objects-normal/x86_64/KeyboardShortcuts.SwiftFileList -DSWIFT_PACKAGE -DSWIFT_MODULE_RESOURCE_BUNDLE_AVAILABLE -DXcode -plugin-path /Applications/Xcode.app/Contents/Developer/Toolchains/XcodeDefault.xctoolchain/usr/lib/swift/host/plugins/testing -enable-experimental-feature DebugDescriptionMacro -sdk /Applications/Xcode.app/Contents/Developer/Platforms/MacOSX.platform/Developer/SDKs/MacOSX26.4.sdk -target x86_64-apple-macos10.15 -g -module-cache-path /Users/jasonlee/Library/Developer/Xcode/DerivedData/ModuleCache.noindex -Xfrontend -serialize-debugging-options -profile-coverage-mapping -profile-generate -suppress-warnings -swift-version 5 -I /Users/jasonlee/Library/Developer/Xcode/DerivedData/Notch-ddzsfiyxyoauidejndllmosklbkq/Build/Products/Release -Isystem /Applications/Xcode.app/Contents/Developer/Platforms/MacOSX.platform/Developer/usr/lib -F /Users/jasonlee/Library/Developer/Xcode/DerivedData/Notch-ddzsfiyxyoauidejndllmosklbkq/Build/Products/Release -F /Applications/Xcode.app/Contents/Developer/Platforms/MacOSX.platform/Developer/Library/Frameworks -emit-localized-strings -emit-localized-strings-path /Users/jasonlee/Library/Developer/Xcode/DerivedData/Notch-ddzsfiyxyoauidejndllmosklbkq/Build/Intermediates.noindex/KeyboardShortcuts.build/Release/KeyboardShortcuts.build/Objects-normal/x86_64 -c -num-threads 12 -Xcc -ivfsstatcache -Xcc /Users/jasonlee/Library/Developer/Xcode/DerivedData/SDKStatCaches.noindex/macosx26.4-25E251-30f9ca8789b706f8bd3fc906a70d770f.sdkstatcache -output-file-map /Users/jasonlee/Library/Developer/Xcode/DerivedData/Notch-ddzsfiyxyoauidejndllmosklbkq/Build/Intermediates.noindex/KeyboardShortcuts.build/Release/KeyboardShortcuts.build/Objects-normal/x86_64/KeyboardShortcuts-OutputFileMap.json -use-frontend-parseable-output -save-temps -no-color-diagnostics -explicit-module-build -module-cache-path /Users/jasonlee/Library/Developer/Xcode/DerivedData/Notch-ddzsfiyxyoauidejndllmosklbkq/Build/Intermediates.noindex/SwiftExplicitPrecompiledModules -clang-scanner-module-cache-path /Users/jasonlee/Library/Developer/Xcode/DerivedData/ModuleCache.noindex -sdk-module-cache-path /Users/jasonlee/Library/Developer/Xcode/DerivedData/ModuleCache.noindex -serialize-diagnostics -emit-dependencies -emit-module -emit-module-path /Users/jasonlee/Library/Developer/Xcode/DerivedData/Notch-ddzsfiyxyoauidejndllmosklbkq/Build/Intermediates.noindex/KeyboardShortcuts.build/Release/KeyboardShortcuts.build/Objects-normal/x86_64/KeyboardShortcuts.swiftmodule -user-module-version 2.4.0 -validate-clang-modules-once -clang-build-session-file /Users/jasonlee/Library/Developer/Xcode/DerivedData/ModuleCache.noindex/Session.modulevalidation -package-name keyboardshortcuts -Xcc -I/Users/jasonlee/Library/Developer/Xcode/DerivedData/Notch-ddzsfiyxyoauidejndllmosklbkq/Build/Intermediates.noindex/KeyboardShortcuts.build/Release/KeyboardShortcuts.build/swift-overrides.hmap -emit-const-values -Xfrontend -const-gather-protocols-file -Xfrontend /Users/jasonlee/Library/Developer/Xcode/DerivedData/Notch-ddzsfiyxyoauidejndllmosklbkq/Build/Intermediates.noindex/KeyboardShortcuts.build/Release/KeyboardShortcuts.build/Objects-normal/x86_64/KeyboardShortcuts_const_extract_protocols.json -Xcc -I/Users/jasonlee/Library/Developer/Xcode/DerivedData/Notch-ddzsfiyxyoauidejndllmosklbkq/Build/Products/Release/include -Xcc -I/Users/jasonlee/Library/Developer/Xcode/DerivedData/Notch-ddzsfiyxyoauidejndllmosklbkq/Build/Intermediates.noindex/KeyboardShortcuts.build/Release/KeyboardShortcuts.build/DerivedSources-normal/x86_64 -Xcc -I/Users/jasonlee/Library/Developer/Xcode/DerivedData/Notch-ddzsfiyxyoauidejndllmosklbkq/Build/Intermediates.noindex/KeyboardShortcuts.build/Release/KeyboardShortcuts.build/DerivedSources/x86_64 -Xcc -I/Users/jasonlee/Library/Developer/Xcode/DerivedData/Notch-ddzsfiyxyoauidejndllmosklbkq/Build/Intermediates.noindex/KeyboardShortcuts.build/Release/KeyboardShortcuts.build/DerivedSources -Xcc -DSWIFT_PACKAGE -emit-objc-header -emit-objc-header-path /Users/jasonlee/Library/Developer/Xcode/DerivedData/Notch-ddzsfiyxyoauidejndllmosklbkq/Build/Intermediates.noindex/KeyboardShortcuts.build/Release/KeyboardShortcuts.build/Objects-normal/x86_64/KeyboardShortcuts-Swift.h -working-directory /Users/jasonlee/Coding/App/Notch/Notch.xcodeproj -no-emit-module-separately-wmo

SwiftDriver KeyboardShortcuts normal arm64 com.apple.xcode.tools.swift.compiler (in target 'KeyboardShortcuts' from project 'KeyboardShortcuts')
    cd /Users/jasonlee/Coding/App/Notch/Notch.xcodeproj
    builtin-SwiftDriver -- /Applications/Xcode.app/Contents/Developer/Toolchains/XcodeDefault.xctoolchain/usr/bin/swiftc -module-name KeyboardShortcuts -O -whole-module-optimization @/Users/jasonlee/Library/Developer/Xcode/DerivedData/Notch-ddzsfiyxyoauidejndllmosklbkq/Build/Intermediates.noindex/KeyboardShortcuts.build/Release/KeyboardShortcuts.build/Objects-normal/arm64/KeyboardShortcuts.SwiftFileList -DSWIFT_PACKAGE -DSWIFT_MODULE_RESOURCE_BUNDLE_AVAILABLE -DXcode -plugin-path /Applications/Xcode.app/Contents/Developer/Toolchains/XcodeDefault.xctoolchain/usr/lib/swift/host/plugins/testing -enable-experimental-feature DebugDescriptionMacro -sdk /Applications/Xcode.app/Contents/Developer/Platforms/MacOSX.platform/Developer/SDKs/MacOSX26.4.sdk -target arm64-apple-macos10.15 -g -module-cache-path /Users/jasonlee/Library/Developer/Xcode/DerivedData/ModuleCache.noindex -Xfrontend -serialize-debugging-options -profile-coverage-mapping -profile-generate -suppress-warnings -swift-version 5 -I /Users/jasonlee/Library/Developer/Xcode/DerivedData/Notch-ddzsfiyxyoauidejndllmosklbkq/Build/Products/Release -Isystem /Applications/Xcode.app/Contents/Developer/Platforms/MacOSX.platform/Developer/usr/lib -F /Users/jasonlee/Library/Developer/Xcode/DerivedData/Notch-ddzsfiyxyoauidejndllmosklbkq/Build/Products/Release -F /Applications/Xcode.app/Contents/Developer/Platforms/MacOSX.platform/Developer/Library/Frameworks -emit-localized-strings -emit-localized-strings-path /Users/jasonlee/Library/Developer/Xcode/DerivedData/Notch-ddzsfiyxyoauidejndllmosklbkq/Build/Intermediates.noindex/KeyboardShortcuts.build/Release/KeyboardShortcuts.build/Objects-normal/arm64 -c -num-threads 12 -Xcc -ivfsstatcache -Xcc /Users/jasonlee/Library/Developer/Xcode/DerivedData/SDKStatCaches.noindex/macosx26.4-25E251-30f9ca8789b706f8bd3fc906a70d770f.sdkstatcache -output-file-map /Users/jasonlee/Library/Developer/Xcode/DerivedData/Notch-ddzsfiyxyoauidejndllmosklbkq/Build/Intermediates.noindex/KeyboardShortcuts.build/Release/KeyboardShortcuts.build/Objects-normal/arm64/KeyboardShortcuts-OutputFileMap.json -use-frontend-parseable-output -save-temps -no-color-diagnostics -explicit-module-build -module-cache-path /Users/jasonlee/Library/Developer/Xcode/DerivedData/Notch-ddzsfiyxyoauidejndllmosklbkq/Build/Intermediates.noindex/SwiftExplicitPrecompiledModules -clang-scanner-module-cache-path /Users/jasonlee/Library/Developer/Xcode/DerivedData/ModuleCache.noindex -sdk-module-cache-path /Users/jasonlee/Library/Developer/Xcode/DerivedData/ModuleCache.noindex -serialize-diagnostics -emit-dependencies -emit-module -emit-module-path /Users/jasonlee/Library/Developer/Xcode/DerivedData/Notch-ddzsfiyxyoauidejndllmosklbkq/Build/Intermediates.noindex/KeyboardShortcuts.build/Release/KeyboardShortcuts.build/Objects-normal/arm64/KeyboardShortcuts.swiftmodule -user-module-version 2.4.0 -validate-clang-modules-once -clang-build-session-file /Users/jasonlee/Library/Developer/Xcode/DerivedData/ModuleCache.noindex/Session.modulevalidation -package-name keyboardshortcuts -Xcc -I/Users/jasonlee/Library/Developer/Xcode/DerivedData/Notch-ddzsfiyxyoauidejndllmosklbkq/Build/Intermediates.noindex/KeyboardShortcuts.build/Release/KeyboardShortcuts.build/swift-overrides.hmap -emit-const-values -Xfrontend -const-gather-protocols-file -Xfrontend /Users/jasonlee/Library/Developer/Xcode/DerivedData/Notch-ddzsfiyxyoauidejndllmosklbkq/Build/Intermediates.noindex/KeyboardShortcuts.build/Release/KeyboardShortcuts.build/Objects-normal/arm64/KeyboardShortcuts_const_extract_protocols.json -Xcc -I/Users/jasonlee/Library/Developer/Xcode/DerivedData/Notch-ddzsfiyxyoauidejndllmosklbkq/Build/Products/Release/include -Xcc -I/Users/jasonlee/Library/Developer/Xcode/DerivedData/Notch-ddzsfiyxyoauidejndllmosklbkq/Build/Intermediates.noindex/KeyboardShortcuts.build/Release/KeyboardShortcuts.build/DerivedSources-normal/arm64 -Xcc -I/Users/jasonlee/Library/Developer/Xcode/DerivedData/Notch-ddzsfiyxyoauidejndllmosklbkq/Build/Intermediates.noindex/KeyboardShortcuts.build/Release/KeyboardShortcuts.build/DerivedSources/arm64 -Xcc -I/Users/jasonlee/Library/Developer/Xcode/DerivedData/Notch-ddzsfiyxyoauidejndllmosklbkq/Build/Intermediates.noindex/KeyboardShortcuts.build/Release/KeyboardShortcuts.build/DerivedSources -Xcc -DSWIFT_PACKAGE -emit-objc-header -emit-objc-header-path /Users/jasonlee/Library/Developer/Xcode/DerivedData/Notch-ddzsfiyxyoauidejndllmosklbkq/Build/Intermediates.noindex/KeyboardShortcuts.build/Release/KeyboardShortcuts.build/Objects-normal/arm64/KeyboardShortcuts-Swift.h -working-directory /Users/jasonlee/Coding/App/Notch/Notch.xcodeproj -no-emit-module-separately-wmo

CompileC /Users/jasonlee/Library/Developer/Xcode/DerivedData/Notch-ddzsfiyxyoauidejndllmosklbkq/Build/Intermediates.noindex/PLCrashReporter.build/Release/CrashReporter.build/Objects-normal/x86_64/dwarf_opstream.o /Users/jasonlee/Library/Developer/Xcode/DerivedData/Notch-ddzsfiyxyoauidejndllmosklbkq/SourcePackages/checkouts/plcrashreporter/Source/dwarf_opstream.cpp normal x86_64 c++ com.apple.compilers.llvm.clang.1_0.compiler (in target 'CrashReporter' from project 'PLCrashReporter')
    cd /Users/jasonlee/Coding/App/Notch/Notch.xcodeproj
    
    Using response file: /Users/jasonlee/Library/Developer/Xcode/DerivedData/Notch-ddzsfiyxyoauidejndllmosklbkq/Build/Intermediates.noindex/PLCrashReporter.build/Release/CrashReporter.build/Objects-normal/x86_64/82b82416624d2658e5098eb0a28c15c5-common-args.resp
    
    /Applications/Xcode.app/Contents/Developer/Toolchains/XcodeDefault.xctoolchain/usr/bin/clang -x c++ -ivfsstatcache /Users/jasonlee/Library/Developer/Xcode/DerivedData/SDKStatCaches.noindex/macosx26.4-25E251-30f9ca8789b706f8bd3fc906a70d770f.sdkstatcache -target x86_64-apple-macos10.13 -fmessage-length\=0 -fdiagnostics-show-note-include-stack -fmacro-backtrace-limit\=0 -fno-color-diagnostics -fmodules-prune-interval\=86400 -fmodules-prune-after\=345600 -fbuild-session-file\=/Users/jasonlee/Library/Developer/Xcode/DerivedData/ModuleCache.noindex/Session.modulevalidation -fmodules-validate-once-per-build-session -Wnon-modular-include-in-framework-module -Werror\=non-modular-include-in-framework-module -Wno-trigraphs -Wno-missing-field-initializers -Wno-missing-prototypes -Wno-return-type -Wno-non-virtual-dtor -Wno-overloaded-virtual -Wno-exit-time-destructors -Wno-missing-braces -Wparentheses -Wswitch -Wno-unused-function -Wno-unused-label -Wno-unused-parameter -Wno-unused-variable -Wunused-value -Wno-empty-body -Wno-uninitialized -Wno-unknown-pragmas -w -Wno-shadow -Wno-four-char-constants -Wno-conversion -Wno-constant-conversion -Wno-int-conversion -Wno-bool-conversion -Wno-enum-conversion -Wno-float-conversion -Wno-non-literal-null-conversion -Wno-objc-literal-conversion -Wshorten-64-to-32 -Wno-newline-eof -Wno-c++11-extensions -Wno-implicit-fallthrough -isysroot /Applications/Xcode.app/Contents/Developer/Platforms/MacOSX.platform/Developer/SDKs/MacOSX26.4.sdk -fstrict-aliasing -Wdeprecated-declarations -Winvalid-offsetof -Wno-sign-conversion -Wno-infinite-recursion -Wno-move -Wno-comma -Wno-block-capture-autoreleasing -Wno-strict-prototypes -Wno-range-loop-analysis -Wno-semicolon-before-method-body @/Users/jasonlee/Library/Developer/Xcode/DerivedData/Notch-ddzsfiyxyoauidejndllmosklbkq/Build/Intermediates.noindex/PLCrashReporter.build/Release/CrashReporter.build/Objects-normal/x86_64/82b82416624d2658e5098eb0a28c15c5-common-args.resp -MMD -MT dependencies -MF /Users/jasonlee/Library/Developer/Xcode/DerivedData/Notch-ddzsfiyxyoauidejndllmosklbkq/Build/Intermediates.noindex/PLCrashReporter.build/Release/CrashReporter.build/Objects-normal/x86_64/dwarf_opstream.d --serialize-diagnostics /Users/jasonlee/Library/Developer/Xcode/DerivedData/Notch-ddzsfiyxyoauidejndllmosklbkq/Build/Intermediates.noindex/PLCrashReporter.build/Release/CrashReporter.build/Objects-normal/x86_64/dwarf_opstream.dia -c /Users/jasonlee/Library/Developer/Xcode/DerivedData/Notch-ddzsfiyxyoauidejndllmosklbkq/SourcePackages/checkouts/plcrashreporter/Source/dwarf_opstream.cpp -o /Users/jasonlee/Library/Developer/Xcode/DerivedData/Notch-ddzsfiyxyoauidejndllmosklbkq/Build/Intermediates.noindex/PLCrashReporter.build/Release/CrashReporter.build/Objects-normal/x86_64/dwarf_opstream.o

CompileC /Users/jasonlee/Library/Developer/Xcode/DerivedData/Notch-ddzsfiyxyoauidejndllmosklbkq/Build/Intermediates.noindex/PLCrashReporter.build/Release/CrashReporter.build/Objects-normal/x86_64/PLCrashSignalHandler.o /Users/jasonlee/Library/Developer/Xcode/DerivedData/Notch-ddzsfiyxyoauidejndllmosklbkq/SourcePackages/checkouts/plcrashreporter/Source/PLCrashSignalHandler.mm normal x86_64 objective-c++ com.apple.compilers.llvm.clang.1_0.compiler (in target 'CrashReporter' from project 'PLCrashReporter')
    cd /Users/jasonlee/Coding/App/Notch/Notch.xcodeproj
    
    Using response file: /Users/jasonlee/Library/Developer/Xcode/DerivedData/Notch-ddzsfiyxyoauidejndllmosklbkq/Build/Intermediates.noindex/PLCrashReporter.build/Release/CrashReporter.build/Objects-normal/x86_64/af3fcb34312c57c0f52879cdce924b91-common-args.resp
    
    /Applications/Xcode.app/Contents/Developer/Toolchains/XcodeDefault.xctoolchain/usr/bin/clang -x objective-c++ -ivfsstatcache /Users/jasonlee/Library/Developer/Xcode/DerivedData/SDKStatCaches.noindex/macosx26.4-25E251-30f9ca8789b706f8bd3fc906a70d770f.sdkstatcache -target x86_64-apple-macos10.13 -fmessage-length\=0 -fdiagnostics-show-note-include-stack -fmacro-backtrace-limit\=0 -fno-color-diagnostics -fmodules-prune-interval\=86400 -fmodules-prune-after\=345600 -fbuild-session-file\=/Users/jasonlee/Library/Developer/Xcode/DerivedData/ModuleCache.noindex/Session.modulevalidation -fmodules-validate-once-per-build-session -Wnon-modular-include-in-framework-module -Werror\=non-modular-include-in-framework-module -Wno-trigraphs -Wno-missing-field-initializers -Wno-missing-prototypes -Wno-return-type -Wno-implicit-atomic-properties -Wno-objc-interface-ivars -Wno-arc-repeated-use-of-weak -Wno-non-virtual-dtor -Wno-overloaded-virtual -Wno-exit-time-destructors -Wno-missing-braces -Wparentheses -Wswitch -Wno-unused-function -Wno-unused-label -Wno-unused-parameter -Wno-unused-variable -Wunused-value -Wno-empty-body -Wno-uninitialized -Wno-unknown-pragmas -w -Wno-shadow -Wno-four-char-constants -Wno-conversion -Wno-constant-conversion -Wno-int-conversion -Wno-bool-conversion -Wno-enum-conversion -Wno-float-conversion -Wno-non-literal-null-conversion -Wno-objc-literal-conversion -Wshorten-64-to-32 -Wno-newline-eof -Wno-selector -Wno-strict-selector-match -Wno-undeclared-selector -Wno-deprecated-implementations -Wno-c++11-extensions -Wno-implicit-fallthrough -isysroot /Applications/Xcode.app/Contents/Developer/Platforms/MacOSX.platform/Developer/SDKs/MacOSX26.4.sdk -fstrict-aliasing -Wprotocol -Wdeprecated-declarations -Winvalid-offsetof -Wno-sign-conversion -Wno-infinite-recursion -Wno-move -Wno-comma -Wno-block-capture-autoreleasing -Wno-strict-prototypes -Wno-range-loop-analysis -Wno-semicolon-before-method-body @/Users/jasonlee/Library/Developer/Xcode/DerivedData/Notch-ddzsfiyxyoauidejndllmosklbkq/Build/Intermediates.noindex/PLCrashReporter.build/Release/CrashReporter.build/Objects-normal/x86_64/af3fcb34312c57c0f52879cdce924b91-common-args.resp -include /Users/jasonlee/Library/Developer/Xcode/DerivedData/Notch-ddzsfiyxyoauidejndllmosklbkq/Build/Intermediates.noindex/PLCrashReporter.build/Release/CrashReporter.build/DerivedSources/resource_bundle_accessor.h -MMD -MT dependencies -MF /Users/jasonlee/Library/Developer/Xcode/DerivedData/Notch-ddzsfiyxyoauidejndllmosklbkq/Build/Intermediates.noindex/PLCrashReporter.build/Release/CrashReporter.build/Objects-normal/x86_64/PLCrashSignalHandler.d --serialize-diagnostics /Users/jasonlee/Library/Developer/Xcode/DerivedData/Notch-ddzsfiyxyoauidejndllmosklbkq/Build/Intermediates.noindex/PLCrashReporter.build/Release/CrashReporter.build/Objects-normal/x86_64/PLCrashSignalHandler.dia -c /Users/jasonlee/Library/Developer/Xcode/DerivedData/Notch-ddzsfiyxyoauidejndllmosklbkq/SourcePackages/checkouts/plcrashreporter/Source/PLCrashSignalHandler.mm -o /Users/jasonlee/Library/Developer/Xcode/DerivedData/Notch-ddzsfiyxyoauidejndllmosklbkq/Build/Intermediates.noindex/PLCrashReporter.build/Release/CrashReporter.build/Objects-normal/x86_64/PLCrashSignalHandler.o

CompileC /Users/jasonlee/Library/Developer/Xcode/DerivedData/Notch-ddzsfiyxyoauidejndllmosklbkq/Build/Intermediates.noindex/PLCrashReporter.build/Release/CrashReporter.build/Objects-normal/x86_64/PLCrashFrameDWARFUnwind.o /Users/jasonlee/Library/Developer/Xcode/DerivedData/Notch-ddzsfiyxyoauidejndllmosklbkq/SourcePackages/checkouts/plcrashreporter/Source/PLCrashFrameDWARFUnwind.cpp normal x86_64 c++ com.apple.compilers.llvm.clang.1_0.compiler (in target 'CrashReporter' from project 'PLCrashReporter')
    cd /Users/jasonlee/Coding/App/Notch/Notch.xcodeproj
    
    Using response file: /Users/jasonlee/Library/Developer/Xcode/DerivedData/Notch-ddzsfiyxyoauidejndllmosklbkq/Build/Intermediates.noindex/PLCrashReporter.build/Release/CrashReporter.build/Objects-normal/x86_64/82b82416624d2658e5098eb0a28c15c5-common-args.resp
    
    /Applications/Xcode.app/Contents/Developer/Toolchains/XcodeDefault.xctoolchain/usr/bin/clang -x c++ -ivfsstatcache /Users/jasonlee/Library/Developer/Xcode/DerivedData/SDKStatCaches.noindex/macosx26.4-25E251-30f9ca8789b706f8bd3fc906a70d770f.sdkstatcache -target x86_64-apple-macos10.13 -fmessage-length\=0 -fdiagnostics-show-note-include-stack -fmacro-backtrace-limit\=0 -fno-color-diagnostics -fmodules-prune-interval\=86400 -fmodules-prune-after\=345600 -fbuild-session-file\=/Users/jasonlee/Library/Developer/Xcode/DerivedData/ModuleCache.noindex/Session.modulevalidation -fmodules-validate-once-per-build-session -Wnon-modular-include-in-framework-module -Werror\=non-modular-include-in-framework-module -Wno-trigraphs -Wno-missing-field-initializers -Wno-missing-prototypes -Wno-return-type -Wno-non-virtual-dtor -Wno-overloaded-virtual -Wno-exit-time-destructors -Wno-missing-braces -Wparentheses -Wswitch -Wno-unused-function -Wno-unused-label -Wno-unused-parameter -Wno-unused-variable -Wunused-value -Wno-empty-body -Wno-uninitialized -Wno-unknown-pragmas -w -Wno-shadow -Wno-four-char-constants -Wno-conversion -Wno-constant-conversion -Wno-int-conversion -Wno-bool-conversion -Wno-enum-conversion -Wno-float-conversion -Wno-non-literal-null-conversion -Wno-objc-literal-conversion -Wshorten-64-to-32 -Wno-newline-eof -Wno-c++11-extensions -Wno-implicit-fallthrough -isysroot /Applications/Xcode.app/Contents/Developer/Platforms/MacOSX.platform/Developer/SDKs/MacOSX26.4.sdk -fstrict-aliasing -Wdeprecated-declarations -Winvalid-offsetof -Wno-sign-conversion -Wno-infinite-recursion -Wno-move -Wno-comma -Wno-block-capture-autoreleasing -Wno-strict-prototypes -Wno-range-loop-analysis -Wno-semicolon-before-method-body @/Users/jasonlee/Library/Developer/Xcode/DerivedData/Notch-ddzsfiyxyoauidejndllmosklbkq/Build/Intermediates.noindex/PLCrashReporter.build/Release/CrashReporter.build/Objects-normal/x86_64/82b82416624d2658e5098eb0a28c15c5-common-args.resp -MMD -MT dependencies -MF /Users/jasonlee/Library/Developer/Xcode/DerivedData/Notch-ddzsfiyxyoauidejndllmosklbkq/Build/Intermediates.noindex/PLCrashReporter.build/Release/CrashReporter.build/Objects-normal/x86_64/PLCrashFrameDWARFUnwind.d --serialize-diagnostics /Users/jasonlee/Library/Developer/Xcode/DerivedData/Notch-ddzsfiyxyoauidejndllmosklbkq/Build/Intermediates.noindex/PLCrashReporter.build/Release/CrashReporter.build/Objects-normal/x86_64/PLCrashFrameDWARFUnwind.dia -c /Users/jasonlee/Library/Developer/Xcode/DerivedData/Notch-ddzsfiyxyoauidejndllmosklbkq/SourcePackages/checkouts/plcrashreporter/Source/PLCrashFrameDWARFUnwind.cpp -o /Users/jasonlee/Library/Developer/Xcode/DerivedData/Notch-ddzsfiyxyoauidejndllmosklbkq/Build/Intermediates.noindex/PLCrashReporter.build/Release/CrashReporter.build/Objects-normal/x86_64/PLCrashFrameDWARFUnwind.o

CompileC /Users/jasonlee/Library/Developer/Xcode/DerivedData/Notch-ddzsfiyxyoauidejndllmosklbkq/Build/Intermediates.noindex/PLCrashReporter.build/Release/CrashReporter.build/Objects-normal/x86_64/PLCrashAsyncThread_current-6cb65003fcb83cb61285268cac48a762.o /Users/jasonlee/Library/Developer/Xcode/DerivedData/Notch-ddzsfiyxyoauidejndllmosklbkq/SourcePackages/checkouts/plcrashreporter/Source/PLCrashAsyncThread_current.S normal x86_64 assembler-with-cpp com.apple.compilers.llvm.clang.1_0.compiler (in target 'CrashReporter' from project 'PLCrashReporter')
    cd /Users/jasonlee/Coding/App/Notch/Notch.xcodeproj
    
    Using response file: /Users/jasonlee/Library/Developer/Xcode/DerivedData/Notch-ddzsfiyxyoauidejndllmosklbkq/Build/Intermediates.noindex/PLCrashReporter.build/Release/CrashReporter.build/Objects-normal/x86_64/533656923a283fa776881f304837ed9e-common-args.resp
    
    /Applications/Xcode.app/Contents/Developer/Toolchains/XcodeDefault.xctoolchain/usr/bin/clang -x assembler-with-cpp -ivfsstatcache /Users/jasonlee/Library/Developer/Xcode/DerivedData/SDKStatCaches.noindex/macosx26.4-25E251-30f9ca8789b706f8bd3fc906a70d770f.sdkstatcache -target x86_64-apple-macos10.13 -fmessage-length\=0 -fdiagnostics-show-note-include-stack -fmacro-backtrace-limit\=0 -fno-color-diagnostics -fmodules-prune-interval\=86400 -fmodules-prune-after\=345600 -fbuild-session-file\=/Users/jasonlee/Library/Developer/Xcode/DerivedData/ModuleCache.noindex/Session.modulevalidation -fmodules-validate-once-per-build-session -Wnon-modular-include-in-framework-module -Werror\=non-modular-include-in-framework-module -Wno-trigraphs -Wno-missing-field-initializers -Wno-missing-prototypes -Wno-return-type -Wno-missing-braces -Wparentheses -Wswitch -Wno-unused-function -Wno-unused-label -Wno-unused-parameter -Wno-unused-variable -Wunused-value -Wno-empty-body -Wno-uninitialized -Wno-unknown-pragmas -w -Wno-shadow -Wno-four-char-constants -Wno-conversion -Wno-constant-conversion -Wno-int-conversion -Wno-bool-conversion -Wno-enum-conversion -Wno-float-conversion -Wno-non-literal-null-conversion -Wno-objc-literal-conversion -Wshorten-64-to-32 -Wno-newline-eof -Wno-implicit-fallthrough -isysroot /Applications/Xcode.app/Contents/Developer/Platforms/MacOSX.platform/Developer/SDKs/MacOSX26.4.sdk -fstrict-aliasing -Wdeprecated-declarations -Wno-sign-conversion -Wno-infinite-recursion -Wno-comma -Wno-block-capture-autoreleasing -Wno-strict-prototypes -Wno-semicolon-before-method-body @/Users/jasonlee/Library/Developer/Xcode/DerivedData/Notch-ddzsfiyxyoauidejndllmosklbkq/Build/Intermediates.noindex/PLCrashReporter.build/Release/CrashReporter.build/Objects-normal/x86_64/533656923a283fa776881f304837ed9e-common-args.resp -MMD -MT dependencies -MF /Users/jasonlee/Library/Developer/Xcode/DerivedData/Notch-ddzsfiyxyoauidejndllmosklbkq/Build/Intermediates.noindex/PLCrashReporter.build/Release/CrashReporter.build/Objects-normal/x86_64/PLCrashAsyncThread_current-6cb65003fcb83cb61285268cac48a762.d --serialize-diagnostics /Users/jasonlee/Library/Developer/Xcode/DerivedData/Notch-ddzsfiyxyoauidejndllmosklbkq/Build/Intermediates.noindex/PLCrashReporter.build/Release/CrashReporter.build/Objects-normal/x86_64/PLCrashAsyncThread_current-6cb65003fcb83cb61285268cac48a762.dia -c /Users/jasonlee/Library/Developer/Xcode/DerivedData/Notch-ddzsfiyxyoauidejndllmosklbkq/SourcePackages/checkouts/plcrashreporter/Source/PLCrashAsyncThread_current.S -o /Users/jasonlee/Library/Developer/Xcode/DerivedData/Notch-ddzsfiyxyoauidejndllmosklbkq/Build/Intermediates.noindex/PLCrashReporter.build/Release/CrashReporter.build/Objects-normal/x86_64/PLCrashAsyncThread_current-6cb65003fcb83cb61285268cac48a762.o

CompileC /Users/jasonlee/Library/Developer/Xcode/DerivedData/Notch-ddzsfiyxyoauidejndllmosklbkq/Build/Intermediates.noindex/PLCrashReporter.build/Release/CrashReporter.build/Objects-normal/x86_64/PLCrashAsyncObjCSection.o /Users/jasonlee/Library/Developer/Xcode/DerivedData/Notch-ddzsfiyxyoauidejndllmosklbkq/SourcePackages/checkouts/plcrashreporter/Source/PLCrashAsyncObjCSection.mm normal x86_64 objective-c++ com.apple.compilers.llvm.clang.1_0.compiler (in target 'CrashReporter' from project 'PLCrashReporter')
    cd /Users/jasonlee/Coding/App/Notch/Notch.xcodeproj
    
    Using response file: /Users/jasonlee/Library/Developer/Xcode/DerivedData/Notch-ddzsfiyxyoauidejndllmosklbkq/Build/Intermediates.noindex/PLCrashReporter.build/Release/CrashReporter.build/Objects-normal/x86_64/af3fcb34312c57c0f52879cdce924b91-common-args.resp
    
    /Applications/Xcode.app/Contents/Developer/Toolchains/XcodeDefault.xctoolchain/usr/bin/clang -x objective-c++ -ivfsstatcache /Users/jasonlee/Library/Developer/Xcode/DerivedData/SDKStatCaches.noindex/macosx26.4-25E251-30f9ca8789b706f8bd3fc906a70d770f.sdkstatcache -target x86_64-apple-macos10.13 -fmessage-length\=0 -fdiagnostics-show-note-include-stack -fmacro-backtrace-limit\=0 -fno-color-diagnostics -fmodules-prune-interval\=86400 -fmodules-prune-after\=345600 -fbuild-session-file\=/Users/jasonlee/Library/Developer/Xcode/DerivedData/ModuleCache.noindex/Session.modulevalidation -fmodules-validate-once-per-build-session -Wnon-modular-include-in-framework-module -Werror\=non-modular-include-in-framework-module -Wno-trigraphs -Wno-missing-field-initializers -Wno-missing-prototypes -Wno-return-type -Wno-implicit-atomic-properties -Wno-objc-interface-ivars -Wno-arc-repeated-use-of-weak -Wno-non-virtual-dtor -Wno-overloaded-virtual -Wno-exit-time-destructors -Wno-missing-braces -Wparentheses -Wswitch -Wno-unused-function -Wno-unused-label -Wno-unused-parameter -Wno-unused-variable -Wunused-value -Wno-empty-body -Wno-uninitialized -Wno-unknown-pragmas -w -Wno-shadow -Wno-four-char-constants -Wno-conversion -Wno-constant-conversion -Wno-int-conversion -Wno-bool-conversion -Wno-enum-conversion -Wno-float-conversion -Wno-non-literal-null-conversion -Wno-objc-literal-conversion -Wshorten-64-to-32 -Wno-newline-eof -Wno-selector -Wno-strict-selector-match -Wno-undeclared-selector -Wno-deprecated-implementations -Wno-c++11-extensions -Wno-implicit-fallthrough -isysroot /Applications/Xcode.app/Contents/Developer/Platforms/MacOSX.platform/Developer/SDKs/MacOSX26.4.sdk -fstrict-aliasing -Wprotocol -Wdeprecated-declarations -Winvalid-offsetof -Wno-sign-conversion -Wno-infinite-recursion -Wno-move -Wno-comma -Wno-block-capture-autoreleasing -Wno-strict-prototypes -Wno-range-loop-analysis -Wno-semicolon-before-method-body @/Users/jasonlee/Library/Developer/Xcode/DerivedData/Notch-ddzsfiyxyoauidejndllmosklbkq/Build/Intermediates.noindex/PLCrashReporter.build/Release/CrashReporter.build/Objects-normal/x86_64/af3fcb34312c57c0f52879cdce924b91-common-args.resp -include /Users/jasonlee/Library/Developer/Xcode/DerivedData/Notch-ddzsfiyxyoauidejndllmosklbkq/Build/Intermediates.noindex/PLCrashReporter.build/Release/CrashReporter.build/DerivedSources/resource_bundle_accessor.h -MMD -MT dependencies -MF /Users/jasonlee/Library/Developer/Xcode/DerivedData/Notch-ddzsfiyxyoauidejndllmosklbkq/Build/Intermediates.noindex/PLCrashReporter.build/Release/CrashReporter.build/Objects-normal/x86_64/PLCrashAsyncObjCSection.d --serialize-diagnostics /Users/jasonlee/Library/Developer/Xcode/DerivedData/Notch-ddzsfiyxyoauidejndllmosklbkq/Build/Intermediates.noindex/PLCrashReporter.build/Release/CrashReporter.build/Objects-normal/x86_64/PLCrashAsyncObjCSection.dia -c /Users/jasonlee/Library/Developer/Xcode/DerivedData/Notch-ddzsfiyxyoauidejndllmosklbkq/SourcePackages/checkouts/plcrashreporter/Source/PLCrashAsyncObjCSection.mm -o /Users/jasonlee/Library/Developer/Xcode/DerivedData/Notch-ddzsfiyxyoauidejndllmosklbkq/Build/Intermediates.noindex/PLCrashReporter.build/Release/CrashReporter.build/Objects-normal/x86_64/PLCrashAsyncObjCSection.o

CompileC /Users/jasonlee/Library/Developer/Xcode/DerivedData/Notch-ddzsfiyxyoauidejndllmosklbkq/Build/Intermediates.noindex/PLCrashReporter.build/Release/CrashReporter.build/Objects-normal/x86_64/PLCrashAsyncImageList.o /Users/jasonlee/Library/Developer/Xcode/DerivedData/Notch-ddzsfiyxyoauidejndllmosklbkq/SourcePackages/checkouts/plcrashreporter/Source/PLCrashAsyncImageList.cpp normal x86_64 c++ com.apple.compilers.llvm.clang.1_0.compiler (in target 'CrashReporter' from project 'PLCrashReporter')
    cd /Users/jasonlee/Coding/App/Notch/Notch.xcodeproj
    
    Using response file: /Users/jasonlee/Library/Developer/Xcode/DerivedData/Notch-ddzsfiyxyoauidejndllmosklbkq/Build/Intermediates.noindex/PLCrashReporter.build/Release/CrashReporter.build/Objects-normal/x86_64/82b82416624d2658e5098eb0a28c15c5-common-args.resp
    
    /Applications/Xcode.app/Contents/Developer/Toolchains/XcodeDefault.xctoolchain/usr/bin/clang -x c++ -ivfsstatcache /Users/jasonlee/Library/Developer/Xcode/DerivedData/SDKStatCaches.noindex/macosx26.4-25E251-30f9ca8789b706f8bd3fc906a70d770f.sdkstatcache -target x86_64-apple-macos10.13 -fmessage-length\=0 -fdiagnostics-show-note-include-stack -fmacro-backtrace-limit\=0 -fno-color-diagnostics -fmodules-prune-interval\=86400 -fmodules-prune-after\=345600 -fbuild-session-file\=/Users/jasonlee/Library/Developer/Xcode/DerivedData/ModuleCache.noindex/Session.modulevalidation -fmodules-validate-once-per-build-session -Wnon-modular-include-in-framework-module -Werror\=non-modular-include-in-framework-module -Wno-trigraphs -Wno-missing-field-initializers -Wno-missing-prototypes -Wno-return-type -Wno-non-virtual-dtor -Wno-overloaded-virtual -Wno-exit-time-destructors -Wno-missing-braces -Wparentheses -Wswitch -Wno-unused-function -Wno-unused-label -Wno-unused-parameter -Wno-unused-variable -Wunused-value -Wno-empty-body -Wno-uninitialized -Wno-unknown-pragmas -w -Wno-shadow -Wno-four-char-constants -Wno-conversion -Wno-constant-conversion -Wno-int-conversion -Wno-bool-conversion -Wno-enum-conversion -Wno-float-conversion -Wno-non-literal-null-conversion -Wno-objc-literal-conversion -Wshorten-64-to-32 -Wno-newline-eof -Wno-c++11-extensions -Wno-implicit-fallthrough -isysroot /Applications/Xcode.app/Contents/Developer/Platforms/MacOSX.platform/Developer/SDKs/MacOSX26.4.sdk -fstrict-aliasing -Wdeprecated-declarations -Winvalid-offsetof -Wno-sign-conversion -Wno-infinite-recursion -Wno-move -Wno-comma -Wno-block-capture-autoreleasing -Wno-strict-prototypes -Wno-range-loop-analysis -Wno-semicolon-before-method-body @/Users/jasonlee/Library/Developer/Xcode/DerivedData/Notch-ddzsfiyxyoauidejndllmosklbkq/Build/Intermediates.noindex/PLCrashReporter.build/Release/CrashReporter.build/Objects-normal/x86_64/82b82416624d2658e5098eb0a28c15c5-common-args.resp -MMD -MT dependencies -MF /Users/jasonlee/Library/Developer/Xcode/DerivedData/Notch-ddzsfiyxyoauidejndllmosklbkq/Build/Intermediates.noindex/PLCrashReporter.build/Release/CrashReporter.build/Objects-normal/x86_64/PLCrashAsyncImageList.d --serialize-diagnostics /Users/jasonlee/Library/Developer/Xcode/DerivedData/Notch-ddzsfiyxyoauidejndllmosklbkq/Build/Intermediates.noindex/PLCrashReporter.build/Release/CrashReporter.build/Objects-normal/x86_64/PLCrashAsyncImageList.dia -c /Users/jasonlee/Library/Developer/Xcode/DerivedData/Notch-ddzsfiyxyoauidejndllmosklbkq/SourcePackages/checkouts/plcrashreporter/Source/PLCrashAsyncImageList.cpp -o /Users/jasonlee/Library/Developer/Xcode/DerivedData/Notch-ddzsfiyxyoauidejndllmosklbkq/Build/Intermediates.noindex/PLCrashReporter.build/Release/CrashReporter.build/Objects-normal/x86_64/PLCrashAsyncImageList.o

CompileC /Users/jasonlee/Library/Developer/Xcode/DerivedData/Notch-ddzsfiyxyoauidejndllmosklbkq/Build/Intermediates.noindex/PLCrashReporter.build/Release/CrashReporter.build/Objects-normal/x86_64/PLCrashAsyncDwarfPrimitives.o /Users/jasonlee/Library/Developer/Xcode/DerivedData/Notch-ddzsfiyxyoauidejndllmosklbkq/SourcePackages/checkouts/plcrashreporter/Source/PLCrashAsyncDwarfPrimitives.cpp normal x86_64 c++ com.apple.compilers.llvm.clang.1_0.compiler (in target 'CrashReporter' from project 'PLCrashReporter')
    cd /Users/jasonlee/Coding/App/Notch/Notch.xcodeproj
    
    Using response file: /Users/jasonlee/Library/Developer/Xcode/DerivedData/Notch-ddzsfiyxyoauidejndllmosklbkq/Build/Intermediates.noindex/PLCrashReporter.build/Release/CrashReporter.build/Objects-normal/x86_64/82b82416624d2658e5098eb0a28c15c5-common-args.resp
    
    /Applications/Xcode.app/Contents/Developer/Toolchains/XcodeDefault.xctoolchain/usr/bin/clang -x c++ -ivfsstatcache /Users/jasonlee/Library/Developer/Xcode/DerivedData/SDKStatCaches.noindex/macosx26.4-25E251-30f9ca8789b706f8bd3fc906a70d770f.sdkstatcache -target x86_64-apple-macos10.13 -fmessage-length\=0 -fdiagnostics-show-note-include-stack -fmacro-backtrace-limit\=0 -fno-color-diagnostics -fmodules-prune-interval\=86400 -fmodules-prune-after\=345600 -fbuild-session-file\=/Users/jasonlee/Library/Developer/Xcode/DerivedData/ModuleCache.noindex/Session.modulevalidation -fmodules-validate-once-per-build-session -Wnon-modular-include-in-framework-module -Werror\=non-modular-include-in-framework-module -Wno-trigraphs -Wno-missing-field-initializers -Wno-missing-prototypes -Wno-return-type -Wno-non-virtual-dtor -Wno-overloaded-virtual -Wno-exit-time-destructors -Wno-missing-braces -Wparentheses -Wswitch -Wno-unused-function -Wno-unused-label -Wno-unused-parameter -Wno-unused-variable -Wunused-value -Wno-empty-body -Wno-uninitialized -Wno-unknown-pragmas -w -Wno-shadow -Wno-four-char-constants -Wno-conversion -Wno-constant-conversion -Wno-int-conversion -Wno-bool-conversion -Wno-enum-conversion -Wno-float-conversion -Wno-non-literal-null-conversion -Wno-objc-literal-conversion -Wshorten-64-to-32 -Wno-newline-eof -Wno-c++11-extensions -Wno-implicit-fallthrough -isysroot /Applications/Xcode.app/Contents/Developer/Platforms/MacOSX.platform/Developer/SDKs/MacOSX26.4.sdk -fstrict-aliasing -Wdeprecated-declarations -Winvalid-offsetof -Wno-sign-conversion -Wno-infinite-recursion -Wno-move -Wno-comma -Wno-block-capture-autoreleasing -Wno-strict-prototypes -Wno-range-loop-analysis -Wno-semicolon-before-method-body @/Users/jasonlee/Library/Developer/Xcode/DerivedData/Notch-ddzsfiyxyoauidejndllmosklbkq/Build/Intermediates.noindex/PLCrashReporter.build/Release/CrashReporter.build/Objects-normal/x86_64/82b82416624d2658e5098eb0a28c15c5-common-args.resp -MMD -MT dependencies -MF /Users/jasonlee/Library/Developer/Xcode/DerivedData/Notch-ddzsfiyxyoauidejndllmosklbkq/Build/Intermediates.noindex/PLCrashReporter.build/Release/CrashReporter.build/Objects-normal/x86_64/PLCrashAsyncDwarfPrimitives.d --serialize-diagnostics /Users/jasonlee/Library/Developer/Xcode/DerivedData/Notch-ddzsfiyxyoauidejndllmosklbkq/Build/Intermediates.noindex/PLCrashReporter.build/Release/CrashReporter.build/Objects-normal/x86_64/PLCrashAsyncDwarfPrimitives.dia -c /Users/jasonlee/Library/Developer/Xcode/DerivedData/Notch-ddzsfiyxyoauidejndllmosklbkq/SourcePackages/checkouts/plcrashreporter/Source/PLCrashAsyncDwarfPrimitives.cpp -o /Users/jasonlee/Library/Developer/Xcode/DerivedData/Notch-ddzsfiyxyoauidejndllmosklbkq/Build/Intermediates.noindex/PLCrashReporter.build/Release/CrashReporter.build/Objects-normal/x86_64/PLCrashAsyncDwarfPrimitives.o

CompileC /Users/jasonlee/Library/Developer/Xcode/DerivedData/Notch-ddzsfiyxyoauidejndllmosklbkq/Build/Intermediates.noindex/PLCrashReporter.build/Release/CrashReporter.build/Objects-normal/x86_64/PLCrashAsyncDwarfFDE.o /Users/jasonlee/Library/Developer/Xcode/DerivedData/Notch-ddzsfiyxyoauidejndllmosklbkq/SourcePackages/checkouts/plcrashreporter/Source/PLCrashAsyncDwarfFDE.cpp normal x86_64 c++ com.apple.compilers.llvm.clang.1_0.compiler (in target 'CrashReporter' from project 'PLCrashReporter')
    cd /Users/jasonlee/Coding/App/Notch/Notch.xcodeproj
    
    Using response file: /Users/jasonlee/Library/Developer/Xcode/DerivedData/Notch-ddzsfiyxyoauidejndllmosklbkq/Build/Intermediates.noindex/PLCrashReporter.build/Release/CrashReporter.build/Objects-normal/x86_64/82b82416624d2658e5098eb0a28c15c5-common-args.resp
    
    /Applications/Xcode.app/Contents/Developer/Toolchains/XcodeDefault.xctoolchain/usr/bin/clang -x c++ -ivfsstatcache /Users/jasonlee/Library/Developer/Xcode/DerivedData/SDKStatCaches.noindex/macosx26.4-25E251-30f9ca8789b706f8bd3fc906a70d770f.sdkstatcache -target x86_64-apple-macos10.13 -fmessage-length\=0 -fdiagnostics-show-note-include-stack -fmacro-backtrace-limit\=0 -fno-color-diagnostics -fmodules-prune-interval\=86400 -fmodules-prune-after\=345600 -fbuild-session-file\=/Users/jasonlee/Library/Developer/Xcode/DerivedData/ModuleCache.noindex/Session.modulevalidation -fmodules-validate-once-per-build-session -Wnon-modular-include-in-framework-module -Werror\=non-modular-include-in-framework-module -Wno-trigraphs -Wno-missing-field-initializers -Wno-missing-prototypes -Wno-return-type -Wno-non-virtual-dtor -Wno-overloaded-virtual -Wno-exit-time-destructors -Wno-missing-braces -Wparentheses -Wswitch -Wno-unused-function -Wno-unused-label -Wno-unused-parameter -Wno-unused-variable -Wunused-value -Wno-empty-body -Wno-uninitialized -Wno-unknown-pragmas -w -Wno-shadow -Wno-four-char-constants -Wno-conversion -Wno-constant-conversion -Wno-int-conversion -Wno-bool-conversion -Wno-enum-conversion -Wno-float-conversion -Wno-non-literal-null-conversion -Wno-objc-literal-conversion -Wshorten-64-to-32 -Wno-newline-eof -Wno-c++11-extensions -Wno-implicit-fallthrough -isysroot /Applications/Xcode.app/Contents/Developer/Platforms/MacOSX.platform/Developer/SDKs/MacOSX26.4.sdk -fstrict-aliasing -Wdeprecated-declarations -Winvalid-offsetof -Wno-sign-conversion -Wno-infinite-recursion -Wno-move -Wno-comma -Wno-block-capture-autoreleasing -Wno-strict-prototypes -Wno-range-loop-analysis -Wno-semicolon-before-method-body @/Users/jasonlee/Library/Developer/Xcode/DerivedData/Notch-ddzsfiyxyoauidejndllmosklbkq/Build/Intermediates.noindex/PLCrashReporter.build/Release/CrashReporter.build/Objects-normal/x86_64/82b82416624d2658e5098eb0a28c15c5-common-args.resp -MMD -MT dependencies -MF /Users/jasonlee/Library/Developer/Xcode/DerivedData/Notch-ddzsfiyxyoauidejndllmosklbkq/Build/Intermediates.noindex/PLCrashReporter.build/Release/CrashReporter.build/Objects-normal/x86_64/PLCrashAsyncDwarfFDE.d --serialize-diagnostics /Users/jasonlee/Library/Developer/Xcode/DerivedData/Notch-ddzsfiyxyoauidejndllmosklbkq/Build/Intermediates.noindex/PLCrashReporter.build/Release/CrashReporter.build/Objects-normal/x86_64/PLCrashAsyncDwarfFDE.dia -c /Users/jasonlee/Library/Developer/Xcode/DerivedData/Notch-ddzsfiyxyoauidejndllmosklbkq/SourcePackages/checkouts/plcrashreporter/Source/PLCrashAsyncDwarfFDE.cpp -o /Users/jasonlee/Library/Developer/Xcode/DerivedData/Notch-ddzsfiyxyoauidejndllmosklbkq/Build/Intermediates.noindex/PLCrashReporter.build/Release/CrashReporter.build/Objects-normal/x86_64/PLCrashAsyncDwarfFDE.o

CompileC /Users/jasonlee/Library/Developer/Xcode/DerivedData/Notch-ddzsfiyxyoauidejndllmosklbkq/Build/Intermediates.noindex/PLCrashReporter.build/Release/CrashReporter.build/Objects-normal/x86_64/PLCrashAsyncDwarfExpression.o /Users/jasonlee/Library/Developer/Xcode/DerivedData/Notch-ddzsfiyxyoauidejndllmosklbkq/SourcePackages/checkouts/plcrashreporter/Source/PLCrashAsyncDwarfExpression.cpp normal x86_64 c++ com.apple.compilers.llvm.clang.1_0.compiler (in target 'CrashReporter' from project 'PLCrashReporter')
    cd /Users/jasonlee/Coding/App/Notch/Notch.xcodeproj
    
    Using response file: /Users/jasonlee/Library/Developer/Xcode/DerivedData/Notch-ddzsfiyxyoauidejndllmosklbkq/Build/Intermediates.noindex/PLCrashReporter.build/Release/CrashReporter.build/Objects-normal/x86_64/82b82416624d2658e5098eb0a28c15c5-common-args.resp
    
    /Applications/Xcode.app/Contents/Developer/Toolchains/XcodeDefault.xctoolchain/usr/bin/clang -x c++ -ivfsstatcache /Users/jasonlee/Library/Developer/Xcode/DerivedData/SDKStatCaches.noindex/macosx26.4-25E251-30f9ca8789b706f8bd3fc906a70d770f.sdkstatcache -target x86_64-apple-macos10.13 -fmessage-length\=0 -fdiagnostics-show-note-include-stack -fmacro-backtrace-limit\=0 -fno-color-diagnostics -fmodules-prune-interval\=86400 -fmodules-prune-after\=345600 -fbuild-session-file\=/Users/jasonlee/Library/Developer/Xcode/DerivedData/ModuleCache.noindex/Session.modulevalidation -fmodules-validate-once-per-build-session -Wnon-modular-include-in-framework-module -Werror\=non-modular-include-in-framework-module -Wno-trigraphs -Wno-missing-field-initializers -Wno-missing-prototypes -Wno-return-type -Wno-non-virtual-dtor -Wno-overloaded-virtual -Wno-exit-time-destructors -Wno-missing-braces -Wparentheses -Wswitch -Wno-unused-function -Wno-unused-label -Wno-unused-parameter -Wno-unused-variable -Wunused-value -Wno-empty-body -Wno-uninitialized -Wno-unknown-pragmas -w -Wno-shadow -Wno-four-char-constants -Wno-conversion -Wno-constant-conversion -Wno-int-conversion -Wno-bool-conversion -Wno-enum-conversion -Wno-float-conversion -Wno-non-literal-null-conversion -Wno-objc-literal-conversion -Wshorten-64-to-32 -Wno-newline-eof -Wno-c++11-extensions -Wno-implicit-fallthrough -isysroot /Applications/Xcode.app/Contents/Developer/Platforms/MacOSX.platform/Developer/SDKs/MacOSX26.4.sdk -fstrict-aliasing -Wdeprecated-declarations -Winvalid-offsetof -Wno-sign-conversion -Wno-infinite-recursion -Wno-move -Wno-comma -Wno-block-capture-autoreleasing -Wno-strict-prototypes -Wno-range-loop-analysis -Wno-semicolon-before-method-body @/Users/jasonlee/Library/Developer/Xcode/DerivedData/Notch-ddzsfiyxyoauidejndllmosklbkq/Build/Intermediates.noindex/PLCrashReporter.build/Release/CrashReporter.build/Objects-normal/x86_64/82b82416624d2658e5098eb0a28c15c5-common-args.resp -MMD -MT dependencies -MF /Users/jasonlee/Library/Developer/Xcode/DerivedData/Notch-ddzsfiyxyoauidejndllmosklbkq/Build/Intermediates.noindex/PLCrashReporter.build/Release/CrashReporter.build/Objects-normal/x86_64/PLCrashAsyncDwarfExpression.d --serialize-diagnostics /Users/jasonlee/Library/Developer/Xcode/DerivedData/Notch-ddzsfiyxyoauidejndllmosklbkq/Build/Intermediates.noindex/PLCrashReporter.build/Release/CrashReporter.build/Objects-normal/x86_64/PLCrashAsyncDwarfExpression.dia -c /Users/jasonlee/Library/Developer/Xcode/DerivedData/Notch-ddzsfiyxyoauidejndllmosklbkq/SourcePackages/checkouts/plcrashreporter/Source/PLCrashAsyncDwarfExpression.cpp -o /Users/jasonlee/Library/Developer/Xcode/DerivedData/Notch-ddzsfiyxyoauidejndllmosklbkq/Build/Intermediates.noindex/PLCrashReporter.build/Release/CrashReporter.build/Objects-normal/x86_64/PLCrashAsyncDwarfExpression.o

CompileC /Users/jasonlee/Library/Developer/Xcode/DerivedData/Notch-ddzsfiyxyoauidejndllmosklbkq/Build/Intermediates.noindex/PLCrashReporter.build/Release/CrashReporter.build/Objects-normal/x86_64/PLCrashAsyncDwarfEncoding.o /Users/jasonlee/Library/Developer/Xcode/DerivedData/Notch-ddzsfiyxyoauidejndllmosklbkq/SourcePackages/checkouts/plcrashreporter/Source/PLCrashAsyncDwarfEncoding.cpp normal x86_64 c++ com.apple.compilers.llvm.clang.1_0.compiler (in target 'CrashReporter' from project 'PLCrashReporter')
    cd /Users/jasonlee/Coding/App/Notch/Notch.xcodeproj
    
    Using response file: /Users/jasonlee/Library/Developer/Xcode/DerivedData/Notch-ddzsfiyxyoauidejndllmosklbkq/Build/Intermediates.noindex/PLCrashReporter.build/Release/CrashReporter.build/Objects-normal/x86_64/82b82416624d2658e5098eb0a28c15c5-common-args.resp
    
    /Applications/Xcode.app/Contents/Developer/Toolchains/XcodeDefault.xctoolchain/usr/bin/clang -x c++ -ivfsstatcache /Users/jasonlee/Library/Developer/Xcode/DerivedData/SDKStatCaches.noindex/macosx26.4-25E251-30f9ca8789b706f8bd3fc906a70d770f.sdkstatcache -target x86_64-apple-macos10.13 -fmessage-length\=0 -fdiagnostics-show-note-include-stack -fmacro-backtrace-limit\=0 -fno-color-diagnostics -fmodules-prune-interval\=86400 -fmodules-prune-after\=345600 -fbuild-session-file\=/Users/jasonlee/Library/Developer/Xcode/DerivedData/ModuleCache.noindex/Session.modulevalidation -fmodules-validate-once-per-build-session -Wnon-modular-include-in-framework-module -Werror\=non-modular-include-in-framework-module -Wno-trigraphs -Wno-missing-field-initializers -Wno-missing-prototypes -Wno-return-type -Wno-non-virtual-dtor -Wno-overloaded-virtual -Wno-exit-time-destructors -Wno-missing-braces -Wparentheses -Wswitch -Wno-unused-function -Wno-unused-label -Wno-unused-parameter -Wno-unused-variable -Wunused-value -Wno-empty-body -Wno-uninitialized -Wno-unknown-pragmas -w -Wno-shadow -Wno-four-char-constants -Wno-conversion -Wno-constant-conversion -Wno-int-conversion -Wno-bool-conversion -Wno-enum-conversion -Wno-float-conversion -Wno-non-literal-null-conversion -Wno-objc-literal-conversion -Wshorten-64-to-32 -Wno-newline-eof -Wno-c++11-extensions -Wno-implicit-fallthrough -isysroot /Applications/Xcode.app/Contents/Developer/Platforms/MacOSX.platform/Developer/SDKs/MacOSX26.4.sdk -fstrict-aliasing -Wdeprecated-declarations -Winvalid-offsetof -Wno-sign-conversion -Wno-infinite-recursion -Wno-move -Wno-comma -Wno-block-capture-autoreleasing -Wno-strict-prototypes -Wno-range-loop-analysis -Wno-semicolon-before-method-body @/Users/jasonlee/Library/Developer/Xcode/DerivedData/Notch-ddzsfiyxyoauidejndllmosklbkq/Build/Intermediates.noindex/PLCrashReporter.build/Release/CrashReporter.build/Objects-normal/x86_64/82b82416624d2658e5098eb0a28c15c5-common-args.resp -MMD -MT dependencies -MF /Users/jasonlee/Library/Developer/Xcode/DerivedData/Notch-ddzsfiyxyoauidejndllmosklbkq/Build/Intermediates.noindex/PLCrashReporter.build/Release/CrashReporter.build/Objects-normal/x86_64/PLCrashAsyncDwarfEncoding.d --serialize-diagnostics /Users/jasonlee/Library/Developer/Xcode/DerivedData/Notch-ddzsfiyxyoauidejndllmosklbkq/Build/Intermediates.noindex/PLCrashReporter.build/Release/CrashReporter.build/Objects-normal/x86_64/PLCrashAsyncDwarfEncoding.dia -c /Users/jasonlee/Library/Developer/Xcode/DerivedData/Notch-ddzsfiyxyoauidejndllmosklbkq/SourcePackages/checkouts/plcrashreporter/Source/PLCrashAsyncDwarfEncoding.cpp -o /Users/jasonlee/Library/Developer/Xcode/DerivedData/Notch-ddzsfiyxyoauidejndllmosklbkq/Build/Intermediates.noindex/PLCrashReporter.build/Release/CrashReporter.build/Objects-normal/x86_64/PLCrashAsyncDwarfEncoding.o

CompileC /Users/jasonlee/Library/Developer/Xcode/DerivedData/Notch-ddzsfiyxyoauidejndllmosklbkq/Build/Intermediates.noindex/PLCrashReporter.build/Release/CrashReporter.build/Objects-normal/x86_64/PLCrashAsyncDwarfCIE.o /Users/jasonlee/Library/Developer/Xcode/DerivedData/Notch-ddzsfiyxyoauidejndllmosklbkq/SourcePackages/checkouts/plcrashreporter/Source/PLCrashAsyncDwarfCIE.cpp normal x86_64 c++ com.apple.compilers.llvm.clang.1_0.compiler (in target 'CrashReporter' from project 'PLCrashReporter')
    cd /Users/jasonlee/Coding/App/Notch/Notch.xcodeproj
    
    Using response file: /Users/jasonlee/Library/Developer/Xcode/DerivedData/Notch-ddzsfiyxyoauidejndllmosklbkq/Build/Intermediates.noindex/PLCrashReporter.build/Release/CrashReporter.build/Objects-normal/x86_64/82b82416624d2658e5098eb0a28c15c5-common-args.resp
    
    /Applications/Xcode.app/Contents/Developer/Toolchains/XcodeDefault.xctoolchain/usr/bin/clang -x c++ -ivfsstatcache /Users/jasonlee/Library/Developer/Xcode/DerivedData/SDKStatCaches.noindex/macosx26.4-25E251-30f9ca8789b706f8bd3fc906a70d770f.sdkstatcache -target x86_64-apple-macos10.13 -fmessage-length\=0 -fdiagnostics-show-note-include-stack -fmacro-backtrace-limit\=0 -fno-color-diagnostics -fmodules-prune-interval\=86400 -fmodules-prune-after\=345600 -fbuild-session-file\=/Users/jasonlee/Library/Developer/Xcode/DerivedData/ModuleCache.noindex/Session.modulevalidation -fmodules-validate-once-per-build-session -Wnon-modular-include-in-framework-module -Werror\=non-modular-include-in-framework-module -Wno-trigraphs -Wno-missing-field-initializers -Wno-missing-prototypes -Wno-return-type -Wno-non-virtual-dtor -Wno-overloaded-virtual -Wno-exit-time-destructors -Wno-missing-braces -Wparentheses -Wswitch -Wno-unused-function -Wno-unused-label -Wno-unused-parameter -Wno-unused-variable -Wunused-value -Wno-empty-body -Wno-uninitialized -Wno-unknown-pragmas -w -Wno-shadow -Wno-four-char-constants -Wno-conversion -Wno-constant-conversion -Wno-int-conversion -Wno-bool-conversion -Wno-enum-conversion -Wno-float-conversion -Wno-non-literal-null-conversion -Wno-objc-literal-conversion -Wshorten-64-to-32 -Wno-newline-eof -Wno-c++11-extensions -Wno-implicit-fallthrough -isysroot /Applications/Xcode.app/Contents/Developer/Platforms/MacOSX.platform/Developer/SDKs/MacOSX26.4.sdk -fstrict-aliasing -Wdeprecated-declarations -Winvalid-offsetof -Wno-sign-conversion -Wno-infinite-recursion -Wno-move -Wno-comma -Wno-block-capture-autoreleasing -Wno-strict-prototypes -Wno-range-loop-analysis -Wno-semicolon-before-method-body @/Users/jasonlee/Library/Developer/Xcode/DerivedData/Notch-ddzsfiyxyoauidejndllmosklbkq/Build/Intermediates.noindex/PLCrashReporter.build/Release/CrashReporter.build/Objects-normal/x86_64/82b82416624d2658e5098eb0a28c15c5-common-args.resp -MMD -MT dependencies -MF /Users/jasonlee/Library/Developer/Xcode/DerivedData/Notch-ddzsfiyxyoauidejndllmosklbkq/Build/Intermediates.noindex/PLCrashReporter.build/Release/CrashReporter.build/Objects-normal/x86_64/PLCrashAsyncDwarfCIE.d --serialize-diagnostics /Users/jasonlee/Library/Developer/Xcode/DerivedData/Notch-ddzsfiyxyoauidejndllmosklbkq/Build/Intermediates.noindex/PLCrashReporter.build/Release/CrashReporter.build/Objects-normal/x86_64/PLCrashAsyncDwarfCIE.dia -c /Users/jasonlee/Library/Developer/Xcode/DerivedData/Notch-ddzsfiyxyoauidejndllmosklbkq/SourcePackages/checkouts/plcrashreporter/Source/PLCrashAsyncDwarfCIE.cpp -o /Users/jasonlee/Library/Developer/Xcode/DerivedData/Notch-ddzsfiyxyoauidejndllmosklbkq/Build/Intermediates.noindex/PLCrashReporter.build/Release/CrashReporter.build/Objects-normal/x86_64/PLCrashAsyncDwarfCIE.o

CompileC /Users/jasonlee/Library/Developer/Xcode/DerivedData/Notch-ddzsfiyxyoauidejndllmosklbkq/Build/Intermediates.noindex/PLCrashReporter.build/Release/CrashReporter.build/Objects-normal/x86_64/PLCrashAsyncDwarfCFAStateEvaluation.o /Users/jasonlee/Library/Developer/Xcode/DerivedData/Notch-ddzsfiyxyoauidejndllmosklbkq/SourcePackages/checkouts/plcrashreporter/Source/PLCrashAsyncDwarfCFAStateEvaluation.cpp normal x86_64 c++ com.apple.compilers.llvm.clang.1_0.compiler (in target 'CrashReporter' from project 'PLCrashReporter')
    cd /Users/jasonlee/Coding/App/Notch/Notch.xcodeproj
    
    Using response file: /Users/jasonlee/Library/Developer/Xcode/DerivedData/Notch-ddzsfiyxyoauidejndllmosklbkq/Build/Intermediates.noindex/PLCrashReporter.build/Release/CrashReporter.build/Objects-normal/x86_64/82b82416624d2658e5098eb0a28c15c5-common-args.resp
    
    /Applications/Xcode.app/Contents/Developer/Toolchains/XcodeDefault.xctoolchain/usr/bin/clang -x c++ -ivfsstatcache /Users/jasonlee/Library/Developer/Xcode/DerivedData/SDKStatCaches.noindex/macosx26.4-25E251-30f9ca8789b706f8bd3fc906a70d770f.sdkstatcache -target x86_64-apple-macos10.13 -fmessage-length\=0 -fdiagnostics-show-note-include-stack -fmacro-backtrace-limit\=0 -fno-color-diagnostics -fmodules-prune-interval\=86400 -fmodules-prune-after\=345600 -fbuild-session-file\=/Users/jasonlee/Library/Developer/Xcode/DerivedData/ModuleCache.noindex/Session.modulevalidation -fmodules-validate-once-per-build-session -Wnon-modular-include-in-framework-module -Werror\=non-modular-include-in-framework-module -Wno-trigraphs -Wno-missing-field-initializers -Wno-missing-prototypes -Wno-return-type -Wno-non-virtual-dtor -Wno-overloaded-virtual -Wno-exit-time-destructors -Wno-missing-braces -Wparentheses -Wswitch -Wno-unused-function -Wno-unused-label -Wno-unused-parameter -Wno-unused-variable -Wunused-value -Wno-empty-body -Wno-uninitialized -Wno-unknown-pragmas -w -Wno-shadow -Wno-four-char-constants -Wno-conversion -Wno-constant-conversion -Wno-int-conversion -Wno-bool-conversion -Wno-enum-conversion -Wno-float-conversion -Wno-non-literal-null-conversion -Wno-objc-literal-conversion -Wshorten-64-to-32 -Wno-newline-eof -Wno-c++11-extensions -Wno-implicit-fallthrough -isysroot /Applications/Xcode.app/Contents/Developer/Platforms/MacOSX.platform/Developer/SDKs/MacOSX26.4.sdk -fstrict-aliasing -Wdeprecated-declarations -Winvalid-offsetof -Wno-sign-conversion -Wno-infinite-recursion -Wno-move -Wno-comma -Wno-block-capture-autoreleasing -Wno-strict-prototypes -Wno-range-loop-analysis -Wno-semicolon-before-method-body @/Users/jasonlee/Library/Developer/Xcode/DerivedData/Notch-ddzsfiyxyoauidejndllmosklbkq/Build/Intermediates.noindex/PLCrashReporter.build/Release/CrashReporter.build/Objects-normal/x86_64/82b82416624d2658e5098eb0a28c15c5-common-args.resp -MMD -MT dependencies -MF /Users/jasonlee/Library/Developer/Xcode/DerivedData/Notch-ddzsfiyxyoauidejndllmosklbkq/Build/Intermediates.noindex/PLCrashReporter.build/Release/CrashReporter.build/Objects-normal/x86_64/PLCrashAsyncDwarfCFAStateEvaluation.d --serialize-diagnostics /Users/jasonlee/Library/Developer/Xcode/DerivedData/Notch-ddzsfiyxyoauidejndllmosklbkq/Build/Intermediates.noindex/PLCrashReporter.build/Release/CrashReporter.build/Objects-normal/x86_64/PLCrashAsyncDwarfCFAStateEvaluation.dia -c /Users/jasonlee/Library/Developer/Xcode/DerivedData/Notch-ddzsfiyxyoauidejndllmosklbkq/SourcePackages/checkouts/plcrashreporter/Source/PLCrashAsyncDwarfCFAStateEvaluation.cpp -o /Users/jasonlee/Library/Developer/Xcode/DerivedData/Notch-ddzsfiyxyoauidejndllmosklbkq/Build/Intermediates.noindex/PLCrashReporter.build/Release/CrashReporter.build/Objects-normal/x86_64/PLCrashAsyncDwarfCFAStateEvaluation.o

CompileC /Users/jasonlee/Library/Developer/Xcode/DerivedData/Notch-ddzsfiyxyoauidejndllmosklbkq/Build/Intermediates.noindex/PLCrashReporter.build/Release/CrashReporter.build/Objects-normal/x86_64/PLCrashAsyncDwarfCFAState.o /Users/jasonlee/Library/Developer/Xcode/DerivedData/Notch-ddzsfiyxyoauidejndllmosklbkq/SourcePackages/checkouts/plcrashreporter/Source/PLCrashAsyncDwarfCFAState.cpp normal x86_64 c++ com.apple.compilers.llvm.clang.1_0.compiler (in target 'CrashReporter' from project 'PLCrashReporter')
    cd /Users/jasonlee/Coding/App/Notch/Notch.xcodeproj
    
    Using response file: /Users/jasonlee/Library/Developer/Xcode/DerivedData/Notch-ddzsfiyxyoauidejndllmosklbkq/Build/Intermediates.noindex/PLCrashReporter.build/Release/CrashReporter.build/Objects-normal/x86_64/82b82416624d2658e5098eb0a28c15c5-common-args.resp
    
    /Applications/Xcode.app/Contents/Developer/Toolchains/XcodeDefault.xctoolchain/usr/bin/clang -x c++ -ivfsstatcache /Users/jasonlee/Library/Developer/Xcode/DerivedData/SDKStatCaches.noindex/macosx26.4-25E251-30f9ca8789b706f8bd3fc906a70d770f.sdkstatcache -target x86_64-apple-macos10.13 -fmessage-length\=0 -fdiagnostics-show-note-include-stack -fmacro-backtrace-limit\=0 -fno-color-diagnostics -fmodules-prune-interval\=86400 -fmodules-prune-after\=345600 -fbuild-session-file\=/Users/jasonlee/Library/Developer/Xcode/DerivedData/ModuleCache.noindex/Session.modulevalidation -fmodules-validate-once-per-build-session -Wnon-modular-include-in-framework-module -Werror\=non-modular-include-in-framework-module -Wno-trigraphs -Wno-missing-field-initializers -Wno-missing-prototypes -Wno-return-type -Wno-non-virtual-dtor -Wno-overloaded-virtual -Wno-exit-time-destructors -Wno-missing-braces -Wparentheses -Wswitch -Wno-unused-function -Wno-unused-label -Wno-unused-parameter -Wno-unused-variable -Wunused-value -Wno-empty-body -Wno-uninitialized -Wno-unknown-pragmas -w -Wno-shadow -Wno-four-char-constants -Wno-conversion -Wno-constant-conversion -Wno-int-conversion -Wno-bool-conversion -Wno-enum-conversion -Wno-float-conversion -Wno-non-literal-null-conversion -Wno-objc-literal-conversion -Wshorten-64-to-32 -Wno-newline-eof -Wno-c++11-extensions -Wno-implicit-fallthrough -isysroot /Applications/Xcode.app/Contents/Developer/Platforms/MacOSX.platform/Developer/SDKs/MacOSX26.4.sdk -fstrict-aliasing -Wdeprecated-declarations -Winvalid-offsetof -Wno-sign-conversion -Wno-infinite-recursion -Wno-move -Wno-comma -Wno-block-capture-autoreleasing -Wno-strict-prototypes -Wno-range-loop-analysis -Wno-semicolon-before-method-body @/Users/jasonlee/Library/Developer/Xcode/DerivedData/Notch-ddzsfiyxyoauidejndllmosklbkq/Build/Intermediates.noindex/PLCrashReporter.build/Release/CrashReporter.build/Objects-normal/x86_64/82b82416624d2658e5098eb0a28c15c5-common-args.resp -MMD -MT dependencies -MF /Users/jasonlee/Library/Developer/Xcode/DerivedData/Notch-ddzsfiyxyoauidejndllmosklbkq/Build/Intermediates.noindex/PLCrashReporter.build/Release/CrashReporter.build/Objects-normal/x86_64/PLCrashAsyncDwarfCFAState.d --serialize-diagnostics /Users/jasonlee/Library/Developer/Xcode/DerivedData/Notch-ddzsfiyxyoauidejndllmosklbkq/Build/Intermediates.noindex/PLCrashReporter.build/Release/CrashReporter.build/Objects-normal/x86_64/PLCrashAsyncDwarfCFAState.dia -c /Users/jasonlee/Library/Developer/Xcode/DerivedData/Notch-ddzsfiyxyoauidejndllmosklbkq/SourcePackages/checkouts/plcrashreporter/Source/PLCrashAsyncDwarfCFAState.cpp -o /Users/jasonlee/Library/Developer/Xcode/DerivedData/Notch-ddzsfiyxyoauidejndllmosklbkq/Build/Intermediates.noindex/PLCrashReporter.build/Release/CrashReporter.build/Objects-normal/x86_64/PLCrashAsyncDwarfCFAState.o

CompileC /Users/jasonlee/Library/Developer/Xcode/DerivedData/Notch-ddzsfiyxyoauidejndllmosklbkq/Build/Intermediates.noindex/PLCrashReporter.build/Release/CrashReporter.build/Objects-normal/arm64/dwarf_opstream.o /Users/jasonlee/Library/Developer/Xcode/DerivedData/Notch-ddzsfiyxyoauidejndllmosklbkq/SourcePackages/checkouts/plcrashreporter/Source/dwarf_opstream.cpp normal arm64 c++ com.apple.compilers.llvm.clang.1_0.compiler (in target 'CrashReporter' from project 'PLCrashReporter')
    cd /Users/jasonlee/Coding/App/Notch/Notch.xcodeproj
    
    Using response file: /Users/jasonlee/Library/Developer/Xcode/DerivedData/Notch-ddzsfiyxyoauidejndllmosklbkq/Build/Intermediates.noindex/PLCrashReporter.build/Release/CrashReporter.build/Objects-normal/arm64/82b82416624d2658e5098eb0a28c15c5-common-args.resp
    
    /Applications/Xcode.app/Contents/Developer/Toolchains/XcodeDefault.xctoolchain/usr/bin/clang -x c++ -ivfsstatcache /Users/jasonlee/Library/Developer/Xcode/DerivedData/SDKStatCaches.noindex/macosx26.4-25E251-30f9ca8789b706f8bd3fc906a70d770f.sdkstatcache -target arm64-apple-macos10.13 -fmessage-length\=0 -fdiagnostics-show-note-include-stack -fmacro-backtrace-limit\=0 -fno-color-diagnostics -fmodules-prune-interval\=86400 -fmodules-prune-after\=345600 -fbuild-session-file\=/Users/jasonlee/Library/Developer/Xcode/DerivedData/ModuleCache.noindex/Session.modulevalidation -fmodules-validate-once-per-build-session -Wnon-modular-include-in-framework-module -Werror\=non-modular-include-in-framework-module -Wno-trigraphs -Wno-missing-field-initializers -Wno-missing-prototypes -Wno-return-type -Wno-non-virtual-dtor -Wno-overloaded-virtual -Wno-exit-time-destructors -Wno-missing-braces -Wparentheses -Wswitch -Wno-unused-function -Wno-unused-label -Wno-unused-parameter -Wno-unused-variable -Wunused-value -Wno-empty-body -Wno-uninitialized -Wno-unknown-pragmas -w -Wno-shadow -Wno-four-char-constants -Wno-conversion -Wno-constant-conversion -Wno-int-conversion -Wno-bool-conversion -Wno-enum-conversion -Wno-float-conversion -Wno-non-literal-null-conversion -Wno-objc-literal-conversion -Wshorten-64-to-32 -Wno-newline-eof -Wno-c++11-extensions -Wno-implicit-fallthrough -isysroot /Applications/Xcode.app/Contents/Developer/Platforms/MacOSX.platform/Developer/SDKs/MacOSX26.4.sdk -fstrict-aliasing -Wdeprecated-declarations -Winvalid-offsetof -Wno-sign-conversion -Wno-infinite-recursion -Wno-move -Wno-comma -Wno-block-capture-autoreleasing -Wno-strict-prototypes -Wno-range-loop-analysis -Wno-semicolon-before-method-body @/Users/jasonlee/Library/Developer/Xcode/DerivedData/Notch-ddzsfiyxyoauidejndllmosklbkq/Build/Intermediates.noindex/PLCrashReporter.build/Release/CrashReporter.build/Objects-normal/arm64/82b82416624d2658e5098eb0a28c15c5-common-args.resp -MMD -MT dependencies -MF /Users/jasonlee/Library/Developer/Xcode/DerivedData/Notch-ddzsfiyxyoauidejndllmosklbkq/Build/Intermediates.noindex/PLCrashReporter.build/Release/CrashReporter.build/Objects-normal/arm64/dwarf_opstream.d --serialize-diagnostics /Users/jasonlee/Library/Developer/Xcode/DerivedData/Notch-ddzsfiyxyoauidejndllmosklbkq/Build/Intermediates.noindex/PLCrashReporter.build/Release/CrashReporter.build/Objects-normal/arm64/dwarf_opstream.dia -c /Users/jasonlee/Library/Developer/Xcode/DerivedData/Notch-ddzsfiyxyoauidejndllmosklbkq/SourcePackages/checkouts/plcrashreporter/Source/dwarf_opstream.cpp -o /Users/jasonlee/Library/Developer/Xcode/DerivedData/Notch-ddzsfiyxyoauidejndllmosklbkq/Build/Intermediates.noindex/PLCrashReporter.build/Release/CrashReporter.build/Objects-normal/arm64/dwarf_opstream.o

CompileC /Users/jasonlee/Library/Developer/Xcode/DerivedData/Notch-ddzsfiyxyoauidejndllmosklbkq/Build/Intermediates.noindex/PLCrashReporter.build/Release/CrashReporter.build/Objects-normal/arm64/PLCrashSignalHandler.o /Users/jasonlee/Library/Developer/Xcode/DerivedData/Notch-ddzsfiyxyoauidejndllmosklbkq/SourcePackages/checkouts/plcrashreporter/Source/PLCrashSignalHandler.mm normal arm64 objective-c++ com.apple.compilers.llvm.clang.1_0.compiler (in target 'CrashReporter' from project 'PLCrashReporter')
    cd /Users/jasonlee/Coding/App/Notch/Notch.xcodeproj
    
    Using response file: /Users/jasonlee/Library/Developer/Xcode/DerivedData/Notch-ddzsfiyxyoauidejndllmosklbkq/Build/Intermediates.noindex/PLCrashReporter.build/Release/CrashReporter.build/Objects-normal/arm64/af3fcb34312c57c0f52879cdce924b91-common-args.resp
    
    /Applications/Xcode.app/Contents/Developer/Toolchains/XcodeDefault.xctoolchain/usr/bin/clang -x objective-c++ -ivfsstatcache /Users/jasonlee/Library/Developer/Xcode/DerivedData/SDKStatCaches.noindex/macosx26.4-25E251-30f9ca8789b706f8bd3fc906a70d770f.sdkstatcache -target arm64-apple-macos10.13 -fmessage-length\=0 -fdiagnostics-show-note-include-stack -fmacro-backtrace-limit\=0 -fno-color-diagnostics -fmodules-prune-interval\=86400 -fmodules-prune-after\=345600 -fbuild-session-file\=/Users/jasonlee/Library/Developer/Xcode/DerivedData/ModuleCache.noindex/Session.modulevalidation -fmodules-validate-once-per-build-session -Wnon-modular-include-in-framework-module -Werror\=non-modular-include-in-framework-module -Wno-trigraphs -Wno-missing-field-initializers -Wno-missing-prototypes -Wno-return-type -Wno-implicit-atomic-properties -Wno-objc-interface-ivars -Wno-arc-repeated-use-of-weak -Wno-non-virtual-dtor -Wno-overloaded-virtual -Wno-exit-time-destructors -Wno-missing-braces -Wparentheses -Wswitch -Wno-unused-function -Wno-unused-label -Wno-unused-parameter -Wno-unused-variable -Wunused-value -Wno-empty-body -Wno-uninitialized -Wno-unknown-pragmas -w -Wno-shadow -Wno-four-char-constants -Wno-conversion -Wno-constant-conversion -Wno-int-conversion -Wno-bool-conversion -Wno-enum-conversion -Wno-float-conversion -Wno-non-literal-null-conversion -Wno-objc-literal-conversion -Wshorten-64-to-32 -Wno-newline-eof -Wno-selector -Wno-strict-selector-match -Wno-undeclared-selector -Wno-deprecated-implementations -Wno-c++11-extensions -Wno-implicit-fallthrough -isysroot /Applications/Xcode.app/Contents/Developer/Platforms/MacOSX.platform/Developer/SDKs/MacOSX26.4.sdk -fstrict-aliasing -Wprotocol -Wdeprecated-declarations -Winvalid-offsetof -Wno-sign-conversion -Wno-infinite-recursion -Wno-move -Wno-comma -Wno-block-capture-autoreleasing -Wno-strict-prototypes -Wno-range-loop-analysis -Wno-semicolon-before-method-body @/Users/jasonlee/Library/Developer/Xcode/DerivedData/Notch-ddzsfiyxyoauidejndllmosklbkq/Build/Intermediates.noindex/PLCrashReporter.build/Release/CrashReporter.build/Objects-normal/arm64/af3fcb34312c57c0f52879cdce924b91-common-args.resp -include /Users/jasonlee/Library/Developer/Xcode/DerivedData/Notch-ddzsfiyxyoauidejndllmosklbkq/Build/Intermediates.noindex/PLCrashReporter.build/Release/CrashReporter.build/DerivedSources/resource_bundle_accessor.h -MMD -MT dependencies -MF /Users/jasonlee/Library/Developer/Xcode/DerivedData/Notch-ddzsfiyxyoauidejndllmosklbkq/Build/Intermediates.noindex/PLCrashReporter.build/Release/CrashReporter.build/Objects-normal/arm64/PLCrashSignalHandler.d --serialize-diagnostics /Users/jasonlee/Library/Developer/Xcode/DerivedData/Notch-ddzsfiyxyoauidejndllmosklbkq/Build/Intermediates.noindex/PLCrashReporter.build/Release/CrashReporter.build/Objects-normal/arm64/PLCrashSignalHandler.dia -c /Users/jasonlee/Library/Developer/Xcode/DerivedData/Notch-ddzsfiyxyoauidejndllmosklbkq/SourcePackages/checkouts/plcrashreporter/Source/PLCrashSignalHandler.mm -o /Users/jasonlee/Library/Developer/Xcode/DerivedData/Notch-ddzsfiyxyoauidejndllmosklbkq/Build/Intermediates.noindex/PLCrashReporter.build/Release/CrashReporter.build/Objects-normal/arm64/PLCrashSignalHandler.o

CompileC /Users/jasonlee/Library/Developer/Xcode/DerivedData/Notch-ddzsfiyxyoauidejndllmosklbkq/Build/Intermediates.noindex/PLCrashReporter.build/Release/CrashReporter.build/Objects-normal/arm64/PLCrashFrameDWARFUnwind.o /Users/jasonlee/Library/Developer/Xcode/DerivedData/Notch-ddzsfiyxyoauidejndllmosklbkq/SourcePackages/checkouts/plcrashreporter/Source/PLCrashFrameDWARFUnwind.cpp normal arm64 c++ com.apple.compilers.llvm.clang.1_0.compiler (in target 'CrashReporter' from project 'PLCrashReporter')
    cd /Users/jasonlee/Coding/App/Notch/Notch.xcodeproj
    
    Using response file: /Users/jasonlee/Library/Developer/Xcode/DerivedData/Notch-ddzsfiyxyoauidejndllmosklbkq/Build/Intermediates.noindex/PLCrashReporter.build/Release/CrashReporter.build/Objects-normal/arm64/82b82416624d2658e5098eb0a28c15c5-common-args.resp
    
    /Applications/Xcode.app/Contents/Developer/Toolchains/XcodeDefault.xctoolchain/usr/bin/clang -x c++ -ivfsstatcache /Users/jasonlee/Library/Developer/Xcode/DerivedData/SDKStatCaches.noindex/macosx26.4-25E251-30f9ca8789b706f8bd3fc906a70d770f.sdkstatcache -target arm64-apple-macos10.13 -fmessage-length\=0 -fdiagnostics-show-note-include-stack -fmacro-backtrace-limit\=0 -fno-color-diagnostics -fmodules-prune-interval\=86400 -fmodules-prune-after\=345600 -fbuild-session-file\=/Users/jasonlee/Library/Developer/Xcode/DerivedData/ModuleCache.noindex/Session.modulevalidation -fmodules-validate-once-per-build-session -Wnon-modular-include-in-framework-module -Werror\=non-modular-include-in-framework-module -Wno-trigraphs -Wno-missing-field-initializers -Wno-missing-prototypes -Wno-return-type -Wno-non-virtual-dtor -Wno-overloaded-virtual -Wno-exit-time-destructors -Wno-missing-braces -Wparentheses -Wswitch -Wno-unused-function -Wno-unused-label -Wno-unused-parameter -Wno-unused-variable -Wunused-value -Wno-empty-body -Wno-uninitialized -Wno-unknown-pragmas -w -Wno-shadow -Wno-four-char-constants -Wno-conversion -Wno-constant-conversion -Wno-int-conversion -Wno-bool-conversion -Wno-enum-conversion -Wno-float-conversion -Wno-non-literal-null-conversion -Wno-objc-literal-conversion -Wshorten-64-to-32 -Wno-newline-eof -Wno-c++11-extensions -Wno-implicit-fallthrough -isysroot /Applications/Xcode.app/Contents/Developer/Platforms/MacOSX.platform/Developer/SDKs/MacOSX26.4.sdk -fstrict-aliasing -Wdeprecated-declarations -Winvalid-offsetof -Wno-sign-conversion -Wno-infinite-recursion -Wno-move -Wno-comma -Wno-block-capture-autoreleasing -Wno-strict-prototypes -Wno-range-loop-analysis -Wno-semicolon-before-method-body @/Users/jasonlee/Library/Developer/Xcode/DerivedData/Notch-ddzsfiyxyoauidejndllmosklbkq/Build/Intermediates.noindex/PLCrashReporter.build/Release/CrashReporter.build/Objects-normal/arm64/82b82416624d2658e5098eb0a28c15c5-common-args.resp -MMD -MT dependencies -MF /Users/jasonlee/Library/Developer/Xcode/DerivedData/Notch-ddzsfiyxyoauidejndllmosklbkq/Build/Intermediates.noindex/PLCrashReporter.build/Release/CrashReporter.build/Objects-normal/arm64/PLCrashFrameDWARFUnwind.d --serialize-diagnostics /Users/jasonlee/Library/Developer/Xcode/DerivedData/Notch-ddzsfiyxyoauidejndllmosklbkq/Build/Intermediates.noindex/PLCrashReporter.build/Release/CrashReporter.build/Objects-normal/arm64/PLCrashFrameDWARFUnwind.dia -c /Users/jasonlee/Library/Developer/Xcode/DerivedData/Notch-ddzsfiyxyoauidejndllmosklbkq/SourcePackages/checkouts/plcrashreporter/Source/PLCrashFrameDWARFUnwind.cpp -o /Users/jasonlee/Library/Developer/Xcode/DerivedData/Notch-ddzsfiyxyoauidejndllmosklbkq/Build/Intermediates.noindex/PLCrashReporter.build/Release/CrashReporter.build/Objects-normal/arm64/PLCrashFrameDWARFUnwind.o

CompileC /Users/jasonlee/Library/Developer/Xcode/DerivedData/Notch-ddzsfiyxyoauidejndllmosklbkq/Build/Intermediates.noindex/PLCrashReporter.build/Release/CrashReporter.build/Objects-normal/arm64/PLCrashAsyncThread_current-6cb65003fcb83cb61285268cac48a762.o /Users/jasonlee/Library/Developer/Xcode/DerivedData/Notch-ddzsfiyxyoauidejndllmosklbkq/SourcePackages/checkouts/plcrashreporter/Source/PLCrashAsyncThread_current.S normal arm64 assembler-with-cpp com.apple.compilers.llvm.clang.1_0.compiler (in target 'CrashReporter' from project 'PLCrashReporter')
    cd /Users/jasonlee/Coding/App/Notch/Notch.xcodeproj
    
    Using response file: /Users/jasonlee/Library/Developer/Xcode/DerivedData/Notch-ddzsfiyxyoauidejndllmosklbkq/Build/Intermediates.noindex/PLCrashReporter.build/Release/CrashReporter.build/Objects-normal/arm64/533656923a283fa776881f304837ed9e-common-args.resp
    
    /Applications/Xcode.app/Contents/Developer/Toolchains/XcodeDefault.xctoolchain/usr/bin/clang -x assembler-with-cpp -ivfsstatcache /Users/jasonlee/Library/Developer/Xcode/DerivedData/SDKStatCaches.noindex/macosx26.4-25E251-30f9ca8789b706f8bd3fc906a70d770f.sdkstatcache -target arm64-apple-macos10.13 -fmessage-length\=0 -fdiagnostics-show-note-include-stack -fmacro-backtrace-limit\=0 -fno-color-diagnostics -fmodules-prune-interval\=86400 -fmodules-prune-after\=345600 -fbuild-session-file\=/Users/jasonlee/Library/Developer/Xcode/DerivedData/ModuleCache.noindex/Session.modulevalidation -fmodules-validate-once-per-build-session -Wnon-modular-include-in-framework-module -Werror\=non-modular-include-in-framework-module -Wno-trigraphs -Wno-missing-field-initializers -Wno-missing-prototypes -Wno-return-type -Wno-missing-braces -Wparentheses -Wswitch -Wno-unused-function -Wno-unused-label -Wno-unused-parameter -Wno-unused-variable -Wunused-value -Wno-empty-body -Wno-uninitialized -Wno-unknown-pragmas -w -Wno-shadow -Wno-four-char-constants -Wno-conversion -Wno-constant-conversion -Wno-int-conversion -Wno-bool-conversion -Wno-enum-conversion -Wno-float-conversion -Wno-non-literal-null-conversion -Wno-objc-literal-conversion -Wshorten-64-to-32 -Wno-newline-eof -Wno-implicit-fallthrough -isysroot /Applications/Xcode.app/Contents/Developer/Platforms/MacOSX.platform/Developer/SDKs/MacOSX26.4.sdk -fstrict-aliasing -Wdeprecated-declarations -Wno-sign-conversion -Wno-infinite-recursion -Wno-comma -Wno-block-capture-autoreleasing -Wno-strict-prototypes -Wno-semicolon-before-method-body @/Users/jasonlee/Library/Developer/Xcode/DerivedData/Notch-ddzsfiyxyoauidejndllmosklbkq/Build/Intermediates.noindex/PLCrashReporter.build/Release/CrashReporter.build/Objects-normal/arm64/533656923a283fa776881f304837ed9e-common-args.resp -MMD -MT dependencies -MF /Users/jasonlee/Library/Developer/Xcode/DerivedData/Notch-ddzsfiyxyoauidejndllmosklbkq/Build/Intermediates.noindex/PLCrashReporter.build/Release/CrashReporter.build/Objects-normal/arm64/PLCrashAsyncThread_current-6cb65003fcb83cb61285268cac48a762.d --serialize-diagnostics /Users/jasonlee/Library/Developer/Xcode/DerivedData/Notch-ddzsfiyxyoauidejndllmosklbkq/Build/Intermediates.noindex/PLCrashReporter.build/Release/CrashReporter.build/Objects-normal/arm64/PLCrashAsyncThread_current-6cb65003fcb83cb61285268cac48a762.dia -c /Users/jasonlee/Library/Developer/Xcode/DerivedData/Notch-ddzsfiyxyoauidejndllmosklbkq/SourcePackages/checkouts/plcrashreporter/Source/PLCrashAsyncThread_current.S -o /Users/jasonlee/Library/Developer/Xcode/DerivedData/Notch-ddzsfiyxyoauidejndllmosklbkq/Build/Intermediates.noindex/PLCrashReporter.build/Release/CrashReporter.build/Objects-normal/arm64/PLCrashAsyncThread_current-6cb65003fcb83cb61285268cac48a762.o

CompileC /Users/jasonlee/Library/Developer/Xcode/DerivedData/Notch-ddzsfiyxyoauidejndllmosklbkq/Build/Intermediates.noindex/PLCrashReporter.build/Release/CrashReporter.build/Objects-normal/arm64/PLCrashAsyncObjCSection.o /Users/jasonlee/Library/Developer/Xcode/DerivedData/Notch-ddzsfiyxyoauidejndllmosklbkq/SourcePackages/checkouts/plcrashreporter/Source/PLCrashAsyncObjCSection.mm normal arm64 objective-c++ com.apple.compilers.llvm.clang.1_0.compiler (in target 'CrashReporter' from project 'PLCrashReporter')
    cd /Users/jasonlee/Coding/App/Notch/Notch.xcodeproj
    
    Using response file: /Users/jasonlee/Library/Developer/Xcode/DerivedData/Notch-ddzsfiyxyoauidejndllmosklbkq/Build/Intermediates.noindex/PLCrashReporter.build/Release/CrashReporter.build/Objects-normal/arm64/af3fcb34312c57c0f52879cdce924b91-common-args.resp
    
    /Applications/Xcode.app/Contents/Developer/Toolchains/XcodeDefault.xctoolchain/usr/bin/clang -x objective-c++ -ivfsstatcache /Users/jasonlee/Library/Developer/Xcode/DerivedData/SDKStatCaches.noindex/macosx26.4-25E251-30f9ca8789b706f8bd3fc906a70d770f.sdkstatcache -target arm64-apple-macos10.13 -fmessage-length\=0 -fdiagnostics-show-note-include-stack -fmacro-backtrace-limit\=0 -fno-color-diagnostics -fmodules-prune-interval\=86400 -fmodules-prune-after\=345600 -fbuild-session-file\=/Users/jasonlee/Library/Developer/Xcode/DerivedData/ModuleCache.noindex/Session.modulevalidation -fmodules-validate-once-per-build-session -Wnon-modular-include-in-framework-module -Werror\=non-modular-include-in-framework-module -Wno-trigraphs -Wno-missing-field-initializers -Wno-missing-prototypes -Wno-return-type -Wno-implicit-atomic-properties -Wno-objc-interface-ivars -Wno-arc-repeated-use-of-weak -Wno-non-virtual-dtor -Wno-overloaded-virtual -Wno-exit-time-destructors -Wno-missing-braces -Wparentheses -Wswitch -Wno-unused-function -Wno-unused-label -Wno-unused-parameter -Wno-unused-variable -Wunused-value -Wno-empty-body -Wno-uninitialized -Wno-unknown-pragmas -w -Wno-shadow -Wno-four-char-constants -Wno-conversion -Wno-constant-conversion -Wno-int-conversion -Wno-bool-conversion -Wno-enum-conversion -Wno-float-conversion -Wno-non-literal-null-conversion -Wno-objc-literal-conversion -Wshorten-64-to-32 -Wno-newline-eof -Wno-selector -Wno-strict-selector-match -Wno-undeclared-selector -Wno-deprecated-implementations -Wno-c++11-extensions -Wno-implicit-fallthrough -isysroot /Applications/Xcode.app/Contents/Developer/Platforms/MacOSX.platform/Developer/SDKs/MacOSX26.4.sdk -fstrict-aliasing -Wprotocol -Wdeprecated-declarations -Winvalid-offsetof -Wno-sign-conversion -Wno-infinite-recursion -Wno-move -Wno-comma -Wno-block-capture-autoreleasing -Wno-strict-prototypes -Wno-range-loop-analysis -Wno-semicolon-before-method-body @/Users/jasonlee/Library/Developer/Xcode/DerivedData/Notch-ddzsfiyxyoauidejndllmosklbkq/Build/Intermediates.noindex/PLCrashReporter.build/Release/CrashReporter.build/Objects-normal/arm64/af3fcb34312c57c0f52879cdce924b91-common-args.resp -include /Users/jasonlee/Library/Developer/Xcode/DerivedData/Notch-ddzsfiyxyoauidejndllmosklbkq/Build/Intermediates.noindex/PLCrashReporter.build/Release/CrashReporter.build/DerivedSources/resource_bundle_accessor.h -MMD -MT dependencies -MF /Users/jasonlee/Library/Developer/Xcode/DerivedData/Notch-ddzsfiyxyoauidejndllmosklbkq/Build/Intermediates.noindex/PLCrashReporter.build/Release/CrashReporter.build/Objects-normal/arm64/PLCrashAsyncObjCSection.d --serialize-diagnostics /Users/jasonlee/Library/Developer/Xcode/DerivedData/Notch-ddzsfiyxyoauidejndllmosklbkq/Build/Intermediates.noindex/PLCrashReporter.build/Release/CrashReporter.build/Objects-normal/arm64/PLCrashAsyncObjCSection.dia -c /Users/jasonlee/Library/Developer/Xcode/DerivedData/Notch-ddzsfiyxyoauidejndllmosklbkq/SourcePackages/checkouts/plcrashreporter/Source/PLCrashAsyncObjCSection.mm -o /Users/jasonlee/Library/Developer/Xcode/DerivedData/Notch-ddzsfiyxyoauidejndllmosklbkq/Build/Intermediates.noindex/PLCrashReporter.build/Release/CrashReporter.build/Objects-normal/arm64/PLCrashAsyncObjCSection.o

CompileC /Users/jasonlee/Library/Developer/Xcode/DerivedData/Notch-ddzsfiyxyoauidejndllmosklbkq/Build/Intermediates.noindex/PLCrashReporter.build/Release/CrashReporter.build/Objects-normal/arm64/PLCrashAsyncImageList.o /Users/jasonlee/Library/Developer/Xcode/DerivedData/Notch-ddzsfiyxyoauidejndllmosklbkq/SourcePackages/checkouts/plcrashreporter/Source/PLCrashAsyncImageList.cpp normal arm64 c++ com.apple.compilers.llvm.clang.1_0.compiler (in target 'CrashReporter' from project 'PLCrashReporter')
    cd /Users/jasonlee/Coding/App/Notch/Notch.xcodeproj
    
    Using response file: /Users/jasonlee/Library/Developer/Xcode/DerivedData/Notch-ddzsfiyxyoauidejndllmosklbkq/Build/Intermediates.noindex/PLCrashReporter.build/Release/CrashReporter.build/Objects-normal/arm64/82b82416624d2658e5098eb0a28c15c5-common-args.resp
    
    /Applications/Xcode.app/Contents/Developer/Toolchains/XcodeDefault.xctoolchain/usr/bin/clang -x c++ -ivfsstatcache /Users/jasonlee/Library/Developer/Xcode/DerivedData/SDKStatCaches.noindex/macosx26.4-25E251-30f9ca8789b706f8bd3fc906a70d770f.sdkstatcache -target arm64-apple-macos10.13 -fmessage-length\=0 -fdiagnostics-show-note-include-stack -fmacro-backtrace-limit\=0 -fno-color-diagnostics -fmodules-prune-interval\=86400 -fmodules-prune-after\=345600 -fbuild-session-file\=/Users/jasonlee/Library/Developer/Xcode/DerivedData/ModuleCache.noindex/Session.modulevalidation -fmodules-validate-once-per-build-session -Wnon-modular-include-in-framework-module -Werror\=non-modular-include-in-framework-module -Wno-trigraphs -Wno-missing-field-initializers -Wno-missing-prototypes -Wno-return-type -Wno-non-virtual-dtor -Wno-overloaded-virtual -Wno-exit-time-destructors -Wno-missing-braces -Wparentheses -Wswitch -Wno-unused-function -Wno-unused-label -Wno-unused-parameter -Wno-unused-variable -Wunused-value -Wno-empty-body -Wno-uninitialized -Wno-unknown-pragmas -w -Wno-shadow -Wno-four-char-constants -Wno-conversion -Wno-constant-conversion -Wno-int-conversion -Wno-bool-conversion -Wno-enum-conversion -Wno-float-conversion -Wno-non-literal-null-conversion -Wno-objc-literal-conversion -Wshorten-64-to-32 -Wno-newline-eof -Wno-c++11-extensions -Wno-implicit-fallthrough -isysroot /Applications/Xcode.app/Contents/Developer/Platforms/MacOSX.platform/Developer/SDKs/MacOSX26.4.sdk -fstrict-aliasing -Wdeprecated-declarations -Winvalid-offsetof -Wno-sign-conversion -Wno-infinite-recursion -Wno-move -Wno-comma -Wno-block-capture-autoreleasing -Wno-strict-prototypes -Wno-range-loop-analysis -Wno-semicolon-before-method-body @/Users/jasonlee/Library/Developer/Xcode/DerivedData/Notch-ddzsfiyxyoauidejndllmosklbkq/Build/Intermediates.noindex/PLCrashReporter.build/Release/CrashReporter.build/Objects-normal/arm64/82b82416624d2658e5098eb0a28c15c5-common-args.resp -MMD -MT dependencies -MF /Users/jasonlee/Library/Developer/Xcode/DerivedData/Notch-ddzsfiyxyoauidejndllmosklbkq/Build/Intermediates.noindex/PLCrashReporter.build/Release/CrashReporter.build/Objects-normal/arm64/PLCrashAsyncImageList.d --serialize-diagnostics /Users/jasonlee/Library/Developer/Xcode/DerivedData/Notch-ddzsfiyxyoauidejndllmosklbkq/Build/Intermediates.noindex/PLCrashReporter.build/Release/CrashReporter.build/Objects-normal/arm64/PLCrashAsyncImageList.dia -c /Users/jasonlee/Library/Developer/Xcode/DerivedData/Notch-ddzsfiyxyoauidejndllmosklbkq/SourcePackages/checkouts/plcrashreporter/Source/PLCrashAsyncImageList.cpp -o /Users/jasonlee/Library/Developer/Xcode/DerivedData/Notch-ddzsfiyxyoauidejndllmosklbkq/Build/Intermediates.noindex/PLCrashReporter.build/Release/CrashReporter.build/Objects-normal/arm64/PLCrashAsyncImageList.o

CompileC /Users/jasonlee/Library/Developer/Xcode/DerivedData/Notch-ddzsfiyxyoauidejndllmosklbkq/Build/Intermediates.noindex/PLCrashReporter.build/Release/CrashReporter.build/Objects-normal/arm64/PLCrashAsyncDwarfPrimitives.o /Users/jasonlee/Library/Developer/Xcode/DerivedData/Notch-ddzsfiyxyoauidejndllmosklbkq/SourcePackages/checkouts/plcrashreporter/Source/PLCrashAsyncDwarfPrimitives.cpp normal arm64 c++ com.apple.compilers.llvm.clang.1_0.compiler (in target 'CrashReporter' from project 'PLCrashReporter')
    cd /Users/jasonlee/Coding/App/Notch/Notch.xcodeproj
    
    Using response file: /Users/jasonlee/Library/Developer/Xcode/DerivedData/Notch-ddzsfiyxyoauidejndllmosklbkq/Build/Intermediates.noindex/PLCrashReporter.build/Release/CrashReporter.build/Objects-normal/arm64/82b82416624d2658e5098eb0a28c15c5-common-args.resp
    
    /Applications/Xcode.app/Contents/Developer/Toolchains/XcodeDefault.xctoolchain/usr/bin/clang -x c++ -ivfsstatcache /Users/jasonlee/Library/Developer/Xcode/DerivedData/SDKStatCaches.noindex/macosx26.4-25E251-30f9ca8789b706f8bd3fc906a70d770f.sdkstatcache -target arm64-apple-macos10.13 -fmessage-length\=0 -fdiagnostics-show-note-include-stack -fmacro-backtrace-limit\=0 -fno-color-diagnostics -fmodules-prune-interval\=86400 -fmodules-prune-after\=345600 -fbuild-session-file\=/Users/jasonlee/Library/Developer/Xcode/DerivedData/ModuleCache.noindex/Session.modulevalidation -fmodules-validate-once-per-build-session -Wnon-modular-include-in-framework-module -Werror\=non-modular-include-in-framework-module -Wno-trigraphs -Wno-missing-field-initializers -Wno-missing-prototypes -Wno-return-type -Wno-non-virtual-dtor -Wno-overloaded-virtual -Wno-exit-time-destructors -Wno-missing-braces -Wparentheses -Wswitch -Wno-unused-function -Wno-unused-label -Wno-unused-parameter -Wno-unused-variable -Wunused-value -Wno-empty-body -Wno-uninitialized -Wno-unknown-pragmas -w -Wno-shadow -Wno-four-char-constants -Wno-conversion -Wno-constant-conversion -Wno-int-conversion -Wno-bool-conversion -Wno-enum-conversion -Wno-float-conversion -Wno-non-literal-null-conversion -Wno-objc-literal-conversion -Wshorten-64-to-32 -Wno-newline-eof -Wno-c++11-extensions -Wno-implicit-fallthrough -isysroot /Applications/Xcode.app/Contents/Developer/Platforms/MacOSX.platform/Developer/SDKs/MacOSX26.4.sdk -fstrict-aliasing -Wdeprecated-declarations -Winvalid-offsetof -Wno-sign-conversion -Wno-infinite-recursion -Wno-move -Wno-comma -Wno-block-capture-autoreleasing -Wno-strict-prototypes -Wno-range-loop-analysis -Wno-semicolon-before-method-body @/Users/jasonlee/Library/Developer/Xcode/DerivedData/Notch-ddzsfiyxyoauidejndllmosklbkq/Build/Intermediates.noindex/PLCrashReporter.build/Release/CrashReporter.build/Objects-normal/arm64/82b82416624d2658e5098eb0a28c15c5-common-args.resp -MMD -MT dependencies -MF /Users/jasonlee/Library/Developer/Xcode/DerivedData/Notch-ddzsfiyxyoauidejndllmosklbkq/Build/Intermediates.noindex/PLCrashReporter.build/Release/CrashReporter.build/Objects-normal/arm64/PLCrashAsyncDwarfPrimitives.d --serialize-diagnostics /Users/jasonlee/Library/Developer/Xcode/DerivedData/Notch-ddzsfiyxyoauidejndllmosklbkq/Build/Intermediates.noindex/PLCrashReporter.build/Release/CrashReporter.build/Objects-normal/arm64/PLCrashAsyncDwarfPrimitives.dia -c /Users/jasonlee/Library/Developer/Xcode/DerivedData/Notch-ddzsfiyxyoauidejndllmosklbkq/SourcePackages/checkouts/plcrashreporter/Source/PLCrashAsyncDwarfPrimitives.cpp -o /Users/jasonlee/Library/Developer/Xcode/DerivedData/Notch-ddzsfiyxyoauidejndllmosklbkq/Build/Intermediates.noindex/PLCrashReporter.build/Release/CrashReporter.build/Objects-normal/arm64/PLCrashAsyncDwarfPrimitives.o

CompileC /Users/jasonlee/Library/Developer/Xcode/DerivedData/Notch-ddzsfiyxyoauidejndllmosklbkq/Build/Intermediates.noindex/PLCrashReporter.build/Release/CrashReporter.build/Objects-normal/arm64/PLCrashAsyncDwarfFDE.o /Users/jasonlee/Library/Developer/Xcode/DerivedData/Notch-ddzsfiyxyoauidejndllmosklbkq/SourcePackages/checkouts/plcrashreporter/Source/PLCrashAsyncDwarfFDE.cpp normal arm64 c++ com.apple.compilers.llvm.clang.1_0.compiler (in target 'CrashReporter' from project 'PLCrashReporter')
    cd /Users/jasonlee/Coding/App/Notch/Notch.xcodeproj
    
    Using response file: /Users/jasonlee/Library/Developer/Xcode/DerivedData/Notch-ddzsfiyxyoauidejndllmosklbkq/Build/Intermediates.noindex/PLCrashReporter.build/Release/CrashReporter.build/Objects-normal/arm64/82b82416624d2658e5098eb0a28c15c5-common-args.resp
    
    /Applications/Xcode.app/Contents/Developer/Toolchains/XcodeDefault.xctoolchain/usr/bin/clang -x c++ -ivfsstatcache /Users/jasonlee/Library/Developer/Xcode/DerivedData/SDKStatCaches.noindex/macosx26.4-25E251-30f9ca8789b706f8bd3fc906a70d770f.sdkstatcache -target arm64-apple-macos10.13 -fmessage-length\=0 -fdiagnostics-show-note-include-stack -fmacro-backtrace-limit\=0 -fno-color-diagnostics -fmodules-prune-interval\=86400 -fmodules-prune-after\=345600 -fbuild-session-file\=/Users/jasonlee/Library/Developer/Xcode/DerivedData/ModuleCache.noindex/Session.modulevalidation -fmodules-validate-once-per-build-session -Wnon-modular-include-in-framework-module -Werror\=non-modular-include-in-framework-module -Wno-trigraphs -Wno-missing-field-initializers -Wno-missing-prototypes -Wno-return-type -Wno-non-virtual-dtor -Wno-overloaded-virtual -Wno-exit-time-destructors -Wno-missing-braces -Wparentheses -Wswitch -Wno-unused-function -Wno-unused-label -Wno-unused-parameter -Wno-unused-variable -Wunused-value -Wno-empty-body -Wno-uninitialized -Wno-unknown-pragmas -w -Wno-shadow -Wno-four-char-constants -Wno-conversion -Wno-constant-conversion -Wno-int-conversion -Wno-bool-conversion -Wno-enum-conversion -Wno-float-conversion -Wno-non-literal-null-conversion -Wno-objc-literal-conversion -Wshorten-64-to-32 -Wno-newline-eof -Wno-c++11-extensions -Wno-implicit-fallthrough -isysroot /Applications/Xcode.app/Contents/Developer/Platforms/MacOSX.platform/Developer/SDKs/MacOSX26.4.sdk -fstrict-aliasing -Wdeprecated-declarations -Winvalid-offsetof -Wno-sign-conversion -Wno-infinite-recursion -Wno-move -Wno-comma -Wno-block-capture-autoreleasing -Wno-strict-prototypes -Wno-range-loop-analysis -Wno-semicolon-before-method-body @/Users/jasonlee/Library/Developer/Xcode/DerivedData/Notch-ddzsfiyxyoauidejndllmosklbkq/Build/Intermediates.noindex/PLCrashReporter.build/Release/CrashReporter.build/Objects-normal/arm64/82b82416624d2658e5098eb0a28c15c5-common-args.resp -MMD -MT dependencies -MF /Users/jasonlee/Library/Developer/Xcode/DerivedData/Notch-ddzsfiyxyoauidejndllmosklbkq/Build/Intermediates.noindex/PLCrashReporter.build/Release/CrashReporter.build/Objects-normal/arm64/PLCrashAsyncDwarfFDE.d --serialize-diagnostics /Users/jasonlee/Library/Developer/Xcode/DerivedData/Notch-ddzsfiyxyoauidejndllmosklbkq/Build/Intermediates.noindex/PLCrashReporter.build/Release/CrashReporter.build/Objects-normal/arm64/PLCrashAsyncDwarfFDE.dia -c /Users/jasonlee/Library/Developer/Xcode/DerivedData/Notch-ddzsfiyxyoauidejndllmosklbkq/SourcePackages/checkouts/plcrashreporter/Source/PLCrashAsyncDwarfFDE.cpp -o /Users/jasonlee/Library/Developer/Xcode/DerivedData/Notch-ddzsfiyxyoauidejndllmosklbkq/Build/Intermediates.noindex/PLCrashReporter.build/Release/CrashReporter.build/Objects-normal/arm64/PLCrashAsyncDwarfFDE.o

CompileC /Users/jasonlee/Library/Developer/Xcode/DerivedData/Notch-ddzsfiyxyoauidejndllmosklbkq/Build/Intermediates.noindex/PLCrashReporter.build/Release/CrashReporter.build/Objects-normal/arm64/PLCrashAsyncDwarfExpression.o /Users/jasonlee/Library/Developer/Xcode/DerivedData/Notch-ddzsfiyxyoauidejndllmosklbkq/SourcePackages/checkouts/plcrashreporter/Source/PLCrashAsyncDwarfExpression.cpp normal arm64 c++ com.apple.compilers.llvm.clang.1_0.compiler (in target 'CrashReporter' from project 'PLCrashReporter')
    cd /Users/jasonlee/Coding/App/Notch/Notch.xcodeproj
    
    Using response file: /Users/jasonlee/Library/Developer/Xcode/DerivedData/Notch-ddzsfiyxyoauidejndllmosklbkq/Build/Intermediates.noindex/PLCrashReporter.build/Release/CrashReporter.build/Objects-normal/arm64/82b82416624d2658e5098eb0a28c15c5-common-args.resp
    
    /Applications/Xcode.app/Contents/Developer/Toolchains/XcodeDefault.xctoolchain/usr/bin/clang -x c++ -ivfsstatcache /Users/jasonlee/Library/Developer/Xcode/DerivedData/SDKStatCaches.noindex/macosx26.4-25E251-30f9ca8789b706f8bd3fc906a70d770f.sdkstatcache -target arm64-apple-macos10.13 -fmessage-length\=0 -fdiagnostics-show-note-include-stack -fmacro-backtrace-limit\=0 -fno-color-diagnostics -fmodules-prune-interval\=86400 -fmodules-prune-after\=345600 -fbuild-session-file\=/Users/jasonlee/Library/Developer/Xcode/DerivedData/ModuleCache.noindex/Session.modulevalidation -fmodules-validate-once-per-build-session -Wnon-modular-include-in-framework-module -Werror\=non-modular-include-in-framework-module -Wno-trigraphs -Wno-missing-field-initializers -Wno-missing-prototypes -Wno-return-type -Wno-non-virtual-dtor -Wno-overloaded-virtual -Wno-exit-time-destructors -Wno-missing-braces -Wparentheses -Wswitch -Wno-unused-function -Wno-unused-label -Wno-unused-parameter -Wno-unused-variable -Wunused-value -Wno-empty-body -Wno-uninitialized -Wno-unknown-pragmas -w -Wno-shadow -Wno-four-char-constants -Wno-conversion -Wno-constant-conversion -Wno-int-conversion -Wno-bool-conversion -Wno-enum-conversion -Wno-float-conversion -Wno-non-literal-null-conversion -Wno-objc-literal-conversion -Wshorten-64-to-32 -Wno-newline-eof -Wno-c++11-extensions -Wno-implicit-fallthrough -isysroot /Applications/Xcode.app/Contents/Developer/Platforms/MacOSX.platform/Developer/SDKs/MacOSX26.4.sdk -fstrict-aliasing -Wdeprecated-declarations -Winvalid-offsetof -Wno-sign-conversion -Wno-infinite-recursion -Wno-move -Wno-comma -Wno-block-capture-autoreleasing -Wno-strict-prototypes -Wno-range-loop-analysis -Wno-semicolon-before-method-body @/Users/jasonlee/Library/Developer/Xcode/DerivedData/Notch-ddzsfiyxyoauidejndllmosklbkq/Build/Intermediates.noindex/PLCrashReporter.build/Release/CrashReporter.build/Objects-normal/arm64/82b82416624d2658e5098eb0a28c15c5-common-args.resp -MMD -MT dependencies -MF /Users/jasonlee/Library/Developer/Xcode/DerivedData/Notch-ddzsfiyxyoauidejndllmosklbkq/Build/Intermediates.noindex/PLCrashReporter.build/Release/CrashReporter.build/Objects-normal/arm64/PLCrashAsyncDwarfExpression.d --serialize-diagnostics /Users/jasonlee/Library/Developer/Xcode/DerivedData/Notch-ddzsfiyxyoauidejndllmosklbkq/Build/Intermediates.noindex/PLCrashReporter.build/Release/CrashReporter.build/Objects-normal/arm64/PLCrashAsyncDwarfExpression.dia -c /Users/jasonlee/Library/Developer/Xcode/DerivedData/Notch-ddzsfiyxyoauidejndllmosklbkq/SourcePackages/checkouts/plcrashreporter/Source/PLCrashAsyncDwarfExpression.cpp -o /Users/jasonlee/Library/Developer/Xcode/DerivedData/Notch-ddzsfiyxyoauidejndllmosklbkq/Build/Intermediates.noindex/PLCrashReporter.build/Release/CrashReporter.build/Objects-normal/arm64/PLCrashAsyncDwarfExpression.o

CompileC /Users/jasonlee/Library/Developer/Xcode/DerivedData/Notch-ddzsfiyxyoauidejndllmosklbkq/Build/Intermediates.noindex/PLCrashReporter.build/Release/CrashReporter.build/Objects-normal/arm64/PLCrashAsyncDwarfEncoding.o /Users/jasonlee/Library/Developer/Xcode/DerivedData/Notch-ddzsfiyxyoauidejndllmosklbkq/SourcePackages/checkouts/plcrashreporter/Source/PLCrashAsyncDwarfEncoding.cpp normal arm64 c++ com.apple.compilers.llvm.clang.1_0.compiler (in target 'CrashReporter' from project 'PLCrashReporter')
    cd /Users/jasonlee/Coding/App/Notch/Notch.xcodeproj
    
    Using response file: /Users/jasonlee/Library/Developer/Xcode/DerivedData/Notch-ddzsfiyxyoauidejndllmosklbkq/Build/Intermediates.noindex/PLCrashReporter.build/Release/CrashReporter.build/Objects-normal/arm64/82b82416624d2658e5098eb0a28c15c5-common-args.resp
    
    /Applications/Xcode.app/Contents/Developer/Toolchains/XcodeDefault.xctoolchain/usr/bin/clang -x c++ -ivfsstatcache /Users/jasonlee/Library/Developer/Xcode/DerivedData/SDKStatCaches.noindex/macosx26.4-25E251-30f9ca8789b706f8bd3fc906a70d770f.sdkstatcache -target arm64-apple-macos10.13 -fmessage-length\=0 -fdiagnostics-show-note-include-stack -fmacro-backtrace-limit\=0 -fno-color-diagnostics -fmodules-prune-interval\=86400 -fmodules-prune-after\=345600 -fbuild-session-file\=/Users/jasonlee/Library/Developer/Xcode/DerivedData/ModuleCache.noindex/Session.modulevalidation -fmodules-validate-once-per-build-session -Wnon-modular-include-in-framework-module -Werror\=non-modular-include-in-framework-module -Wno-trigraphs -Wno-missing-field-initializers -Wno-missing-prototypes -Wno-return-type -Wno-non-virtual-dtor -Wno-overloaded-virtual -Wno-exit-time-destructors -Wno-missing-braces -Wparentheses -Wswitch -Wno-unused-function -Wno-unused-label -Wno-unused-parameter -Wno-unused-variable -Wunused-value -Wno-empty-body -Wno-uninitialized -Wno-unknown-pragmas -w -Wno-shadow -Wno-four-char-constants -Wno-conversion -Wno-constant-conversion -Wno-int-conversion -Wno-bool-conversion -Wno-enum-conversion -Wno-float-conversion -Wno-non-literal-null-conversion -Wno-objc-literal-conversion -Wshorten-64-to-32 -Wno-newline-eof -Wno-c++11-extensions -Wno-implicit-fallthrough -isysroot /Applications/Xcode.app/Contents/Developer/Platforms/MacOSX.platform/Developer/SDKs/MacOSX26.4.sdk -fstrict-aliasing -Wdeprecated-declarations -Winvalid-offsetof -Wno-sign-conversion -Wno-infinite-recursion -Wno-move -Wno-comma -Wno-block-capture-autoreleasing -Wno-strict-prototypes -Wno-range-loop-analysis -Wno-semicolon-before-method-body @/Users/jasonlee/Library/Developer/Xcode/DerivedData/Notch-ddzsfiyxyoauidejndllmosklbkq/Build/Intermediates.noindex/PLCrashReporter.build/Release/CrashReporter.build/Objects-normal/arm64/82b82416624d2658e5098eb0a28c15c5-common-args.resp -MMD -MT dependencies -MF /Users/jasonlee/Library/Developer/Xcode/DerivedData/Notch-ddzsfiyxyoauidejndllmosklbkq/Build/Intermediates.noindex/PLCrashReporter.build/Release/CrashReporter.build/Objects-normal/arm64/PLCrashAsyncDwarfEncoding.d --serialize-diagnostics /Users/jasonlee/Library/Developer/Xcode/DerivedData/Notch-ddzsfiyxyoauidejndllmosklbkq/Build/Intermediates.noindex/PLCrashReporter.build/Release/CrashReporter.build/Objects-normal/arm64/PLCrashAsyncDwarfEncoding.dia -c /Users/jasonlee/Library/Developer/Xcode/DerivedData/Notch-ddzsfiyxyoauidejndllmosklbkq/SourcePackages/checkouts/plcrashreporter/Source/PLCrashAsyncDwarfEncoding.cpp -o /Users/jasonlee/Library/Developer/Xcode/DerivedData/Notch-ddzsfiyxyoauidejndllmosklbkq/Build/Intermediates.noindex/PLCrashReporter.build/Release/CrashReporter.build/Objects-normal/arm64/PLCrashAsyncDwarfEncoding.o

CompileC /Users/jasonlee/Library/Developer/Xcode/DerivedData/Notch-ddzsfiyxyoauidejndllmosklbkq/Build/Intermediates.noindex/PLCrashReporter.build/Release/CrashReporter.build/Objects-normal/arm64/PLCrashAsyncDwarfCIE.o /Users/jasonlee/Library/Developer/Xcode/DerivedData/Notch-ddzsfiyxyoauidejndllmosklbkq/SourcePackages/checkouts/plcrashreporter/Source/PLCrashAsyncDwarfCIE.cpp normal arm64 c++ com.apple.compilers.llvm.clang.1_0.compiler (in target 'CrashReporter' from project 'PLCrashReporter')
    cd /Users/jasonlee/Coding/App/Notch/Notch.xcodeproj
    
    Using response file: /Users/jasonlee/Library/Developer/Xcode/DerivedData/Notch-ddzsfiyxyoauidejndllmosklbkq/Build/Intermediates.noindex/PLCrashReporter.build/Release/CrashReporter.build/Objects-normal/arm64/82b82416624d2658e5098eb0a28c15c5-common-args.resp
    
    /Applications/Xcode.app/Contents/Developer/Toolchains/XcodeDefault.xctoolchain/usr/bin/clang -x c++ -ivfsstatcache /Users/jasonlee/Library/Developer/Xcode/DerivedData/SDKStatCaches.noindex/macosx26.4-25E251-30f9ca8789b706f8bd3fc906a70d770f.sdkstatcache -target arm64-apple-macos10.13 -fmessage-length\=0 -fdiagnostics-show-note-include-stack -fmacro-backtrace-limit\=0 -fno-color-diagnostics -fmodules-prune-interval\=86400 -fmodules-prune-after\=345600 -fbuild-session-file\=/Users/jasonlee/Library/Developer/Xcode/DerivedData/ModuleCache.noindex/Session.modulevalidation -fmodules-validate-once-per-build-session -Wnon-modular-include-in-framework-module -Werror\=non-modular-include-in-framework-module -Wno-trigraphs -Wno-missing-field-initializers -Wno-missing-prototypes -Wno-return-type -Wno-non-virtual-dtor -Wno-overloaded-virtual -Wno-exit-time-destructors -Wno-missing-braces -Wparentheses -Wswitch -Wno-unused-function -Wno-unused-label -Wno-unused-parameter -Wno-unused-variable -Wunused-value -Wno-empty-body -Wno-uninitialized -Wno-unknown-pragmas -w -Wno-shadow -Wno-four-char-constants -Wno-conversion -Wno-constant-conversion -Wno-int-conversion -Wno-bool-conversion -Wno-enum-conversion -Wno-float-conversion -Wno-non-literal-null-conversion -Wno-objc-literal-conversion -Wshorten-64-to-32 -Wno-newline-eof -Wno-c++11-extensions -Wno-implicit-fallthrough -isysroot /Applications/Xcode.app/Contents/Developer/Platforms/MacOSX.platform/Developer/SDKs/MacOSX26.4.sdk -fstrict-aliasing -Wdeprecated-declarations -Winvalid-offsetof -Wno-sign-conversion -Wno-infinite-recursion -Wno-move -Wno-comma -Wno-block-capture-autoreleasing -Wno-strict-prototypes -Wno-range-loop-analysis -Wno-semicolon-before-method-body @/Users/jasonlee/Library/Developer/Xcode/DerivedData/Notch-ddzsfiyxyoauidejndllmosklbkq/Build/Intermediates.noindex/PLCrashReporter.build/Release/CrashReporter.build/Objects-normal/arm64/82b82416624d2658e5098eb0a28c15c5-common-args.resp -MMD -MT dependencies -MF /Users/jasonlee/Library/Developer/Xcode/DerivedData/Notch-ddzsfiyxyoauidejndllmosklbkq/Build/Intermediates.noindex/PLCrashReporter.build/Release/CrashReporter.build/Objects-normal/arm64/PLCrashAsyncDwarfCIE.d --serialize-diagnostics /Users/jasonlee/Library/Developer/Xcode/DerivedData/Notch-ddzsfiyxyoauidejndllmosklbkq/Build/Intermediates.noindex/PLCrashReporter.build/Release/CrashReporter.build/Objects-normal/arm64/PLCrashAsyncDwarfCIE.dia -c /Users/jasonlee/Library/Developer/Xcode/DerivedData/Notch-ddzsfiyxyoauidejndllmosklbkq/SourcePackages/checkouts/plcrashreporter/Source/PLCrashAsyncDwarfCIE.cpp -o /Users/jasonlee/Library/Developer/Xcode/DerivedData/Notch-ddzsfiyxyoauidejndllmosklbkq/Build/Intermediates.noindex/PLCrashReporter.build/Release/CrashReporter.build/Objects-normal/arm64/PLCrashAsyncDwarfCIE.o

CompileC /Users/jasonlee/Library/Developer/Xcode/DerivedData/Notch-ddzsfiyxyoauidejndllmosklbkq/Build/Intermediates.noindex/PLCrashReporter.build/Release/CrashReporter.build/Objects-normal/arm64/PLCrashAsyncDwarfCFAStateEvaluation.o /Users/jasonlee/Library/Developer/Xcode/DerivedData/Notch-ddzsfiyxyoauidejndllmosklbkq/SourcePackages/checkouts/plcrashreporter/Source/PLCrashAsyncDwarfCFAStateEvaluation.cpp normal arm64 c++ com.apple.compilers.llvm.clang.1_0.compiler (in target 'CrashReporter' from project 'PLCrashReporter')
    cd /Users/jasonlee/Coding/App/Notch/Notch.xcodeproj
    
    Using response file: /Users/jasonlee/Library/Developer/Xcode/DerivedData/Notch-ddzsfiyxyoauidejndllmosklbkq/Build/Intermediates.noindex/PLCrashReporter.build/Release/CrashReporter.build/Objects-normal/arm64/82b82416624d2658e5098eb0a28c15c5-common-args.resp
    
    /Applications/Xcode.app/Contents/Developer/Toolchains/XcodeDefault.xctoolchain/usr/bin/clang -x c++ -ivfsstatcache /Users/jasonlee/Library/Developer/Xcode/DerivedData/SDKStatCaches.noindex/macosx26.4-25E251-30f9ca8789b706f8bd3fc906a70d770f.sdkstatcache -target arm64-apple-macos10.13 -fmessage-length\=0 -fdiagnostics-show-note-include-stack -fmacro-backtrace-limit\=0 -fno-color-diagnostics -fmodules-prune-interval\=86400 -fmodules-prune-after\=345600 -fbuild-session-file\=/Users/jasonlee/Library/Developer/Xcode/DerivedData/ModuleCache.noindex/Session.modulevalidation -fmodules-validate-once-per-build-session -Wnon-modular-include-in-framework-module -Werror\=non-modular-include-in-framework-module -Wno-trigraphs -Wno-missing-field-initializers -Wno-missing-prototypes -Wno-return-type -Wno-non-virtual-dtor -Wno-overloaded-virtual -Wno-exit-time-destructors -Wno-missing-braces -Wparentheses -Wswitch -Wno-unused-function -Wno-unused-label -Wno-unused-parameter -Wno-unused-variable -Wunused-value -Wno-empty-body -Wno-uninitialized -Wno-unknown-pragmas -w -Wno-shadow -Wno-four-char-constants -Wno-conversion -Wno-constant-conversion -Wno-int-conversion -Wno-bool-conversion -Wno-enum-conversion -Wno-float-conversion -Wno-non-literal-null-conversion -Wno-objc-literal-conversion -Wshorten-64-to-32 -Wno-newline-eof -Wno-c++11-extensions -Wno-implicit-fallthrough -isysroot /Applications/Xcode.app/Contents/Developer/Platforms/MacOSX.platform/Developer/SDKs/MacOSX26.4.sdk -fstrict-aliasing -Wdeprecated-declarations -Winvalid-offsetof -Wno-sign-conversion -Wno-infinite-recursion -Wno-move -Wno-comma -Wno-block-capture-autoreleasing -Wno-strict-prototypes -Wno-range-loop-analysis -Wno-semicolon-before-method-body @/Users/jasonlee/Library/Developer/Xcode/DerivedData/Notch-ddzsfiyxyoauidejndllmosklbkq/Build/Intermediates.noindex/PLCrashReporter.build/Release/CrashReporter.build/Objects-normal/arm64/82b82416624d2658e5098eb0a28c15c5-common-args.resp -MMD -MT dependencies -MF /Users/jasonlee/Library/Developer/Xcode/DerivedData/Notch-ddzsfiyxyoauidejndllmosklbkq/Build/Intermediates.noindex/PLCrashReporter.build/Release/CrashReporter.build/Objects-normal/arm64/PLCrashAsyncDwarfCFAStateEvaluation.d --serialize-diagnostics /Users/jasonlee/Library/Developer/Xcode/DerivedData/Notch-ddzsfiyxyoauidejndllmosklbkq/Build/Intermediates.noindex/PLCrashReporter.build/Release/CrashReporter.build/Objects-normal/arm64/PLCrashAsyncDwarfCFAStateEvaluation.dia -c /Users/jasonlee/Library/Developer/Xcode/DerivedData/Notch-ddzsfiyxyoauidejndllmosklbkq/SourcePackages/checkouts/plcrashreporter/Source/PLCrashAsyncDwarfCFAStateEvaluation.cpp -o /Users/jasonlee/Library/Developer/Xcode/DerivedData/Notch-ddzsfiyxyoauidejndllmosklbkq/Build/Intermediates.noindex/PLCrashReporter.build/Release/CrashReporter.build/Objects-normal/arm64/PLCrashAsyncDwarfCFAStateEvaluation.o

CompileC /Users/jasonlee/Library/Developer/Xcode/DerivedData/Notch-ddzsfiyxyoauidejndllmosklbkq/Build/Intermediates.noindex/PLCrashReporter.build/Release/CrashReporter.build/Objects-normal/arm64/PLCrashAsyncDwarfCFAState.o /Users/jasonlee/Library/Developer/Xcode/DerivedData/Notch-ddzsfiyxyoauidejndllmosklbkq/SourcePackages/checkouts/plcrashreporter/Source/PLCrashAsyncDwarfCFAState.cpp normal arm64 c++ com.apple.compilers.llvm.clang.1_0.compiler (in target 'CrashReporter' from project 'PLCrashReporter')
    cd /Users/jasonlee/Coding/App/Notch/Notch.xcodeproj
    
    Using response file: /Users/jasonlee/Library/Developer/Xcode/DerivedData/Notch-ddzsfiyxyoauidejndllmosklbkq/Build/Intermediates.noindex/PLCrashReporter.build/Release/CrashReporter.build/Objects-normal/arm64/82b82416624d2658e5098eb0a28c15c5-common-args.resp
    
    /Applications/Xcode.app/Contents/Developer/Toolchains/XcodeDefault.xctoolchain/usr/bin/clang -x c++ -ivfsstatcache /Users/jasonlee/Library/Developer/Xcode/DerivedData/SDKStatCaches.noindex/macosx26.4-25E251-30f9ca8789b706f8bd3fc906a70d770f.sdkstatcache -target arm64-apple-macos10.13 -fmessage-length\=0 -fdiagnostics-show-note-include-stack -fmacro-backtrace-limit\=0 -fno-color-diagnostics -fmodules-prune-interval\=86400 -fmodules-prune-after\=345600 -fbuild-session-file\=/Users/jasonlee/Library/Developer/Xcode/DerivedData/ModuleCache.noindex/Session.modulevalidation -fmodules-validate-once-per-build-session -Wnon-modular-include-in-framework-module -Werror\=non-modular-include-in-framework-module -Wno-trigraphs -Wno-missing-field-initializers -Wno-missing-prototypes -Wno-return-type -Wno-non-virtual-dtor -Wno-overloaded-virtual -Wno-exit-time-destructors -Wno-missing-braces -Wparentheses -Wswitch -Wno-unused-function -Wno-unused-label -Wno-unused-parameter -Wno-unused-variable -Wunused-value -Wno-empty-body -Wno-uninitialized -Wno-unknown-pragmas -w -Wno-shadow -Wno-four-char-constants -Wno-conversion -Wno-constant-conversion -Wno-int-conversion -Wno-bool-conversion -Wno-enum-conversion -Wno-float-conversion -Wno-non-literal-null-conversion -Wno-objc-literal-conversion -Wshorten-64-to-32 -Wno-newline-eof -Wno-c++11-extensions -Wno-implicit-fallthrough -isysroot /Applications/Xcode.app/Contents/Developer/Platforms/MacOSX.platform/Developer/SDKs/MacOSX26.4.sdk -fstrict-aliasing -Wdeprecated-declarations -Winvalid-offsetof -Wno-sign-conversion -Wno-infinite-recursion -Wno-move -Wno-comma -Wno-block-capture-autoreleasing -Wno-strict-prototypes -Wno-range-loop-analysis -Wno-semicolon-before-method-body @/Users/jasonlee/Library/Developer/Xcode/DerivedData/Notch-ddzsfiyxyoauidejndllmosklbkq/Build/Intermediates.noindex/PLCrashReporter.build/Release/CrashReporter.build/Objects-normal/arm64/82b82416624d2658e5098eb0a28c15c5-common-args.resp -MMD -MT dependencies -MF /Users/jasonlee/Library/Developer/Xcode/DerivedData/Notch-ddzsfiyxyoauidejndllmosklbkq/Build/Intermediates.noindex/PLCrashReporter.build/Release/CrashReporter.build/Objects-normal/arm64/PLCrashAsyncDwarfCFAState.d --serialize-diagnostics /Users/jasonlee/Library/Developer/Xcode/DerivedData/Notch-ddzsfiyxyoauidejndllmosklbkq/Build/Intermediates.noindex/PLCrashReporter.build/Release/CrashReporter.build/Objects-normal/arm64/PLCrashAsyncDwarfCFAState.dia -c /Users/jasonlee/Library/Developer/Xcode/DerivedData/Notch-ddzsfiyxyoauidejndllmosklbkq/SourcePackages/checkouts/plcrashreporter/Source/PLCrashAsyncDwarfCFAState.cpp -o /Users/jasonlee/Library/Developer/Xcode/DerivedData/Notch-ddzsfiyxyoauidejndllmosklbkq/Build/Intermediates.noindex/PLCrashReporter.build/Release/CrashReporter.build/Objects-normal/arm64/PLCrashAsyncDwarfCFAState.o

PrecompileModule /Users/jasonlee/Library/Developer/Xcode/DerivedData/Notch-ddzsfiyxyoauidejndllmosklbkq/Build/Intermediates.noindex/ExplicitPrecompiledModules/_AvailabilityInternal-AVHSUJZMDXVLEBOLMUXL979HA.scan
    cd /
    builtin-precompileModule /Users/jasonlee/Library/Developer/Xcode/DerivedData/Notch-ddzsfiyxyoauidejndllmosklbkq/Build/Intermediates.noindex/ExplicitPrecompiledModules/_AvailabilityInternal-AVHSUJZMDXVLEBOLMUXL979HA.scan

PrecompileModule /Users/jasonlee/Library/Developer/Xcode/DerivedData/Notch-ddzsfiyxyoauidejndllmosklbkq/Build/Intermediates.noindex/ExplicitPrecompiledModules/_Builtin_stdbool-9TB3SEEHBJJJJPLFEPVBFIC03.scan
    cd /
    builtin-precompileModule /Users/jasonlee/Library/Developer/Xcode/DerivedData/Notch-ddzsfiyxyoauidejndllmosklbkq/Build/Intermediates.noindex/ExplicitPrecompiledModules/_Builtin_stdbool-9TB3SEEHBJJJJPLFEPVBFIC03.scan

PrecompileModule /Users/jasonlee/Library/Developer/Xcode/DerivedData/Notch-ddzsfiyxyoauidejndllmosklbkq/Build/Intermediates.noindex/ExplicitPrecompiledModules/_Builtin_stddef-55KSX4593D41FDSVKHJSL05G4.scan
    cd /
    builtin-precompileModule /Users/jasonlee/Library/Developer/Xcode/DerivedData/Notch-ddzsfiyxyoauidejndllmosklbkq/Build/Intermediates.noindex/ExplicitPrecompiledModules/_Builtin_stddef-55KSX4593D41FDSVKHJSL05G4.scan

PrecompileModule /Users/jasonlee/Library/Developer/Xcode/DerivedData/Notch-ddzsfiyxyoauidejndllmosklbkq/Build/Intermediates.noindex/ExplicitPrecompiledModules/ptrcheck-825P8Q3PEENM99H6RQ1PJ0NNQ.scan
    cd /
    builtin-precompileModule /Users/jasonlee/Library/Developer/Xcode/DerivedData/Notch-ddzsfiyxyoauidejndllmosklbkq/Build/Intermediates.noindex/ExplicitPrecompiledModules/ptrcheck-825P8Q3PEENM99H6RQ1PJ0NNQ.scan

PrecompileModule /Users/jasonlee/Library/Developer/Xcode/DerivedData/Notch-ddzsfiyxyoauidejndllmosklbkq/Build/Intermediates.noindex/ExplicitPrecompiledModules/_Builtin_stdarg-31K1BJKK5JCA5DP8BXKYV6WWV.scan
    cd /
    builtin-precompileModule /Users/jasonlee/Library/Developer/Xcode/DerivedData/Notch-ddzsfiyxyoauidejndllmosklbkq/Build/Intermediates.noindex/ExplicitPrecompiledModules/_Builtin_stdarg-31K1BJKK5JCA5DP8BXKYV6WWV.scan

ScanDependencies /Users/jasonlee/Library/Developer/Xcode/DerivedData/Notch-ddzsfiyxyoauidejndllmosklbkq/Build/Intermediates.noindex/PostHog.build/Release/phlibwebp.build/Objects-normal/x86_64/token_enc.o /Users/jasonlee/Library/Developer/Xcode/DerivedData/Notch-ddzsfiyxyoauidejndllmosklbkq/SourcePackages/checkouts/posthog-ios/vendor/libwebp/token_enc.c normal x86_64 c com.apple.compilers.llvm.clang.1_0.compiler (in target 'phlibwebp' from project 'PostHog')
    cd /Users/jasonlee/Coding/App/Notch/Notch.xcodeproj
    
    Using response file: /Users/jasonlee/Library/Developer/Xcode/DerivedData/Notch-ddzsfiyxyoauidejndllmosklbkq/Build/Intermediates.noindex/PostHog.build/Release/phlibwebp.build/Objects-normal/x86_64/7187679823f38a2a940e0043cdf9d637-common-args.resp
    
    builtin-ScanDependencies -o /Users/jasonlee/Library/Developer/Xcode/DerivedData/Notch-ddzsfiyxyoauidejndllmosklbkq/Build/Intermediates.noindex/PostHog.build/Release/phlibwebp.build/Objects-normal/x86_64/token_enc.o.scan -- /Applications/Xcode.app/Contents/Developer/Toolchains/XcodeDefault.xctoolchain/usr/bin/clang -x c -ivfsstatcache /Users/jasonlee/Library/Developer/Xcode/DerivedData/SDKStatCaches.noindex/macosx26.4-25E251-30f9ca8789b706f8bd3fc906a70d770f.sdkstatcache -target x86_64-apple-macos10.15 -fmessage-length\=0 -fdiagnostics-show-note-include-stack -fmacro-backtrace-limit\=0 -fno-color-diagnostics -fmodules-prune-interval\=86400 -fmodules-prune-after\=345600 -fbuild-session-file\=/Users/jasonlee/Library/Developer/Xcode/DerivedData/ModuleCache.noindex/Session.modulevalidation -fmodules-validate-once-per-build-session -Wnon-modular-include-in-framework-module -Werror\=non-modular-include-in-framework-module -Wno-trigraphs -Wno-missing-field-initializers -Wno-missing-prototypes -Wno-return-type -Wno-missing-braces -Wparentheses -Wswitch -Wno-unused-function -Wno-unused-label -Wno-unused-parameter -Wno-unused-variable -Wunused-value -Wno-empty-body -Wno-uninitialized -Wno-unknown-pragmas -w -Wno-shadow -Wno-four-char-constants -Wno-conversion -Wno-constant-conversion -Wno-int-conversion -Wno-bool-conversion -Wno-enum-conversion -Wno-float-conversion -Wno-non-literal-null-conversion -Wno-objc-literal-conversion -Wshorten-64-to-32 -Wpointer-sign -Wno-newline-eof -Wno-implicit-fallthrough -isysroot /Applications/Xcode.app/Contents/Developer/Platforms/MacOSX.platform/Developer/SDKs/MacOSX26.4.sdk -fstrict-aliasing -Wdeprecated-declarations -Wno-sign-conversion -Wno-infinite-recursion -Wno-comma -Wno-block-capture-autoreleasing -Wno-strict-prototypes -Wno-semicolon-before-method-body @/Users/jasonlee/Library/Developer/Xcode/DerivedData/Notch-ddzsfiyxyoauidejndllmosklbkq/Build/Intermediates.noindex/PostHog.build/Release/phlibwebp.build/Objects-normal/x86_64/7187679823f38a2a940e0043cdf9d637-common-args.resp -MMD -MT dependencies -MF /Users/jasonlee/Library/Developer/Xcode/DerivedData/Notch-ddzsfiyxyoauidejndllmosklbkq/Build/Intermediates.noindex/PostHog.build/Release/phlibwebp.build/Objects-normal/x86_64/token_enc.d --serialize-diagnostics /Users/jasonlee/Library/Developer/Xcode/DerivedData/Notch-ddzsfiyxyoauidejndllmosklbkq/Build/Intermediates.noindex/PostHog.build/Release/phlibwebp.build/Objects-normal/x86_64/token_enc.dia -c /Users/jasonlee/Library/Developer/Xcode/DerivedData/Notch-ddzsfiyxyoauidejndllmosklbkq/SourcePackages/checkouts/posthog-ios/vendor/libwebp/token_enc.c -o /Users/jasonlee/Library/Developer/Xcode/DerivedData/Notch-ddzsfiyxyoauidejndllmosklbkq/Build/Intermediates.noindex/PostHog.build/Release/phlibwebp.build/Objects-normal/x86_64/token_enc.o

PrecompileModule /Users/jasonlee/Library/Developer/Xcode/DerivedData/Notch-ddzsfiyxyoauidejndllmosklbkq/Build/Intermediates.noindex/ExplicitPrecompiledModules/_DarwinFoundation1-5K3V9I9UQWNWVUSZ0Y2C6T8TN.scan
    cd /
    builtin-precompileModule /Users/jasonlee/Library/Developer/Xcode/DerivedData/Notch-ddzsfiyxyoauidejndllmosklbkq/Build/Intermediates.noindex/ExplicitPrecompiledModules/_DarwinFoundation1-5K3V9I9UQWNWVUSZ0Y2C6T8TN.scan

ScanDependencies /Users/jasonlee/Library/Developer/Xcode/DerivedData/Notch-ddzsfiyxyoauidejndllmosklbkq/Build/Intermediates.noindex/PostHog.build/Release/phlibwebp.build/Objects-normal/x86_64/thread_utils.o /Users/jasonlee/Library/Developer/Xcode/DerivedData/Notch-ddzsfiyxyoauidejndllmosklbkq/SourcePackages/checkouts/posthog-ios/vendor/libwebp/thread_utils.c normal x86_64 c com.apple.compilers.llvm.clang.1_0.compiler (in target 'phlibwebp' from project 'PostHog')
    cd /Users/jasonlee/Coding/App/Notch/Notch.xcodeproj
    
    Using response file: /Users/jasonlee/Library/Developer/Xcode/DerivedData/Notch-ddzsfiyxyoauidejndllmosklbkq/Build/Intermediates.noindex/PostHog.build/Release/phlibwebp.build/Objects-normal/x86_64/7187679823f38a2a940e0043cdf9d637-common-args.resp
    
    builtin-ScanDependencies -o /Users/jasonlee/Library/Developer/Xcode/DerivedData/Notch-ddzsfiyxyoauidejndllmosklbkq/Build/Intermediates.noindex/PostHog.build/Release/phlibwebp.build/Objects-normal/x86_64/thread_utils.o.scan -- /Applications/Xcode.app/Contents/Developer/Toolchains/XcodeDefault.xctoolchain/usr/bin/clang -x c -ivfsstatcache /Users/jasonlee/Library/Developer/Xcode/DerivedData/SDKStatCaches.noindex/macosx26.4-25E251-30f9ca8789b706f8bd3fc906a70d770f.sdkstatcache -target x86_64-apple-macos10.15 -fmessage-length\=0 -fdiagnostics-show-note-include-stack -fmacro-backtrace-limit\=0 -fno-color-diagnostics -fmodules-prune-interval\=86400 -fmodules-prune-after\=345600 -fbuild-session-file\=/Users/jasonlee/Library/Developer/Xcode/DerivedData/ModuleCache.noindex/Session.modulevalidation -fmodules-validate-once-per-build-session -Wnon-modular-include-in-framework-module -Werror\=non-modular-include-in-framework-module -Wno-trigraphs -Wno-missing-field-initializers -Wno-missing-prototypes -Wno-return-type -Wno-missing-braces -Wparentheses -Wswitch -Wno-unused-function -Wno-unused-label -Wno-unused-parameter -Wno-unused-variable -Wunused-value -Wno-empty-body -Wno-uninitialized -Wno-unknown-pragmas -w -Wno-shadow -Wno-four-char-constants -Wno-conversion -Wno-constant-conversion -Wno-int-conversion -Wno-bool-conversion -Wno-enum-conversion -Wno-float-conversion -Wno-non-literal-null-conversion -Wno-objc-literal-conversion -Wshorten-64-to-32 -Wpointer-sign -Wno-newline-eof -Wno-implicit-fallthrough -isysroot /Applications/Xcode.app/Contents/Developer/Platforms/MacOSX.platform/Developer/SDKs/MacOSX26.4.sdk -fstrict-aliasing -Wdeprecated-declarations -Wno-sign-conversion -Wno-infinite-recursion -Wno-comma -Wno-block-capture-autoreleasing -Wno-strict-prototypes -Wno-semicolon-before-method-body @/Users/jasonlee/Library/Developer/Xcode/DerivedData/Notch-ddzsfiyxyoauidejndllmosklbkq/Build/Intermediates.noindex/PostHog.build/Release/phlibwebp.build/Objects-normal/x86_64/7187679823f38a2a940e0043cdf9d637-common-args.resp -MMD -MT dependencies -MF /Users/jasonlee/Library/Developer/Xcode/DerivedData/Notch-ddzsfiyxyoauidejndllmosklbkq/Build/Intermediates.noindex/PostHog.build/Release/phlibwebp.build/Objects-normal/x86_64/thread_utils.d --serialize-diagnostics /Users/jasonlee/Library/Developer/Xcode/DerivedData/Notch-ddzsfiyxyoauidejndllmosklbkq/Build/Intermediates.noindex/PostHog.build/Release/phlibwebp.build/Objects-normal/x86_64/thread_utils.dia -c /Users/jasonlee/Library/Developer/Xcode/DerivedData/Notch-ddzsfiyxyoauidejndllmosklbkq/SourcePackages/checkouts/posthog-ios/vendor/libwebp/thread_utils.c -o /Users/jasonlee/Library/Developer/Xcode/DerivedData/Notch-ddzsfiyxyoauidejndllmosklbkq/Build/Intermediates.noindex/PostHog.build/Release/phlibwebp.build/Objects-normal/x86_64/thread_utils.o

ScanDependencies /Users/jasonlee/Library/Developer/Xcode/DerivedData/Notch-ddzsfiyxyoauidejndllmosklbkq/Build/Intermediates.noindex/PostHog.build/Release/phlibwebp.build/Objects-normal/x86_64/syntax_enc.o /Users/jasonlee/Library/Developer/Xcode/DerivedData/Notch-ddzsfiyxyoauidejndllmosklbkq/SourcePackages/checkouts/posthog-ios/vendor/libwebp/syntax_enc.c normal x86_64 c com.apple.compilers.llvm.clang.1_0.compiler (in target 'phlibwebp' from project 'PostHog')
    cd /Users/jasonlee/Coding/App/Notch/Notch.xcodeproj
    
    Using response file: /Users/jasonlee/Library/Developer/Xcode/DerivedData/Notch-ddzsfiyxyoauidejndllmosklbkq/Build/Intermediates.noindex/PostHog.build/Release/phlibwebp.build/Objects-normal/x86_64/7187679823f38a2a940e0043cdf9d637-common-args.resp
    
    builtin-ScanDependencies -o /Users/jasonlee/Library/Developer/Xcode/DerivedData/Notch-ddzsfiyxyoauidejndllmosklbkq/Build/Intermediates.noindex/PostHog.build/Release/phlibwebp.build/Objects-normal/x86_64/syntax_enc.o.scan -- /Applications/Xcode.app/Contents/Developer/Toolchains/XcodeDefault.xctoolchain/usr/bin/clang -x c -ivfsstatcache /Users/jasonlee/Library/Developer/Xcode/DerivedData/SDKStatCaches.noindex/macosx26.4-25E251-30f9ca8789b706f8bd3fc906a70d770f.sdkstatcache -target x86_64-apple-macos10.15 -fmessage-length\=0 -fdiagnostics-show-note-include-stack -fmacro-backtrace-limit\=0 -fno-color-diagnostics -fmodules-prune-interval\=86400 -fmodules-prune-after\=345600 -fbuild-session-file\=/Users/jasonlee/Library/Developer/Xcode/DerivedData/ModuleCache.noindex/Session.modulevalidation -fmodules-validate-once-per-build-session -Wnon-modular-include-in-framework-module -Werror\=non-modular-include-in-framework-module -Wno-trigraphs -Wno-missing-field-initializers -Wno-missing-prototypes -Wno-return-type -Wno-missing-braces -Wparentheses -Wswitch -Wno-unused-function -Wno-unused-label -Wno-unused-parameter -Wno-unused-variable -Wunused-value -Wno-empty-body -Wno-uninitialized -Wno-unknown-pragmas -w -Wno-shadow -Wno-four-char-constants -Wno-conversion -Wno-constant-conversion -Wno-int-conversion -Wno-bool-conversion -Wno-enum-conversion -Wno-float-conversion -Wno-non-literal-null-conversion -Wno-objc-literal-conversion -Wshorten-64-to-32 -Wpointer-sign -Wno-newline-eof -Wno-implicit-fallthrough -isysroot /Applications/Xcode.app/Contents/Developer/Platforms/MacOSX.platform/Developer/SDKs/MacOSX26.4.sdk -fstrict-aliasing -Wdeprecated-declarations -Wno-sign-conversion -Wno-infinite-recursion -Wno-comma -Wno-block-capture-autoreleasing -Wno-strict-prototypes -Wno-semicolon-before-method-body @/Users/jasonlee/Library/Developer/Xcode/DerivedData/Notch-ddzsfiyxyoauidejndllmosklbkq/Build/Intermediates.noindex/PostHog.build/Release/phlibwebp.build/Objects-normal/x86_64/7187679823f38a2a940e0043cdf9d637-common-args.resp -MMD -MT dependencies -MF /Users/jasonlee/Library/Developer/Xcode/DerivedData/Notch-ddzsfiyxyoauidejndllmosklbkq/Build/Intermediates.noindex/PostHog.build/Release/phlibwebp.build/Objects-normal/x86_64/syntax_enc.d --serialize-diagnostics /Users/jasonlee/Library/Developer/Xcode/DerivedData/Notch-ddzsfiyxyoauidejndllmosklbkq/Build/Intermediates.noindex/PostHog.build/Release/phlibwebp.build/Objects-normal/x86_64/syntax_enc.dia -c /Users/jasonlee/Library/Developer/Xcode/DerivedData/Notch-ddzsfiyxyoauidejndllmosklbkq/SourcePackages/checkouts/posthog-ios/vendor/libwebp/syntax_enc.c -o /Users/jasonlee/Library/Developer/Xcode/DerivedData/Notch-ddzsfiyxyoauidejndllmosklbkq/Build/Intermediates.noindex/PostHog.build/Release/phlibwebp.build/Objects-normal/x86_64/syntax_enc.o

ScanDependencies /Users/jasonlee/Library/Developer/Xcode/DerivedData/Notch-ddzsfiyxyoauidejndllmosklbkq/Build/Intermediates.noindex/PostHog.build/Release/phlibwebp.build/Objects-normal/x86_64/ssim_sse2.o /Users/jasonlee/Library/Developer/Xcode/DerivedData/Notch-ddzsfiyxyoauidejndllmosklbkq/SourcePackages/checkouts/posthog-ios/vendor/libwebp/ssim_sse2.c normal x86_64 c com.apple.compilers.llvm.clang.1_0.compiler (in target 'phlibwebp' from project 'PostHog')
    cd /Users/jasonlee/Coding/App/Notch/Notch.xcodeproj
    
    Using response file: /Users/jasonlee/Library/Developer/Xcode/DerivedData/Notch-ddzsfiyxyoauidejndllmosklbkq/Build/Intermediates.noindex/PostHog.build/Release/phlibwebp.build/Objects-normal/x86_64/7187679823f38a2a940e0043cdf9d637-common-args.resp
    
    builtin-ScanDependencies -o /Users/jasonlee/Library/Developer/Xcode/DerivedData/Notch-ddzsfiyxyoauidejndllmosklbkq/Build/Intermediates.noindex/PostHog.build/Release/phlibwebp.build/Objects-normal/x86_64/ssim_sse2.o.scan -- /Applications/Xcode.app/Contents/Developer/Toolchains/XcodeDefault.xctoolchain/usr/bin/clang -x c -ivfsstatcache /Users/jasonlee/Library/Developer/Xcode/DerivedData/SDKStatCaches.noindex/macosx26.4-25E251-30f9ca8789b706f8bd3fc906a70d770f.sdkstatcache -target x86_64-apple-macos10.15 -fmessage-length\=0 -fdiagnostics-show-note-include-stack -fmacro-backtrace-limit\=0 -fno-color-diagnostics -fmodules-prune-interval\=86400 -fmodules-prune-after\=345600 -fbuild-session-file\=/Users/jasonlee/Library/Developer/Xcode/DerivedData/ModuleCache.noindex/Session.modulevalidation -fmodules-validate-once-per-build-session -Wnon-modular-include-in-framework-module -Werror\=non-modular-include-in-framework-module -Wno-trigraphs -Wno-missing-field-initializers -Wno-missing-prototypes -Wno-return-type -Wno-missing-braces -Wparentheses -Wswitch -Wno-unused-function -Wno-unused-label -Wno-unused-parameter -Wno-unused-variable -Wunused-value -Wno-empty-body -Wno-uninitialized -Wno-unknown-pragmas -w -Wno-shadow -Wno-four-char-constants -Wno-conversion -Wno-constant-conversion -Wno-int-conversion -Wno-bool-conversion -Wno-enum-conversion -Wno-float-conversion -Wno-non-literal-null-conversion -Wno-objc-literal-conversion -Wshorten-64-to-32 -Wpointer-sign -Wno-newline-eof -Wno-implicit-fallthrough -isysroot /Applications/Xcode.app/Contents/Developer/Platforms/MacOSX.platform/Developer/SDKs/MacOSX26.4.sdk -fstrict-aliasing -Wdeprecated-declarations -Wno-sign-conversion -Wno-infinite-recursion -Wno-comma -Wno-block-capture-autoreleasing -Wno-strict-prototypes -Wno-semicolon-before-method-body @/Users/jasonlee/Library/Developer/Xcode/DerivedData/Notch-ddzsfiyxyoauidejndllmosklbkq/Build/Intermediates.noindex/PostHog.build/Release/phlibwebp.build/Objects-normal/x86_64/7187679823f38a2a940e0043cdf9d637-common-args.resp -MMD -MT dependencies -MF /Users/jasonlee/Library/Developer/Xcode/DerivedData/Notch-ddzsfiyxyoauidejndllmosklbkq/Build/Intermediates.noindex/PostHog.build/Release/phlibwebp.build/Objects-normal/x86_64/ssim_sse2.d --serialize-diagnostics /Users/jasonlee/Library/Developer/Xcode/DerivedData/Notch-ddzsfiyxyoauidejndllmosklbkq/Build/Intermediates.noindex/PostHog.build/Release/phlibwebp.build/Objects-normal/x86_64/ssim_sse2.dia -c /Users/jasonlee/Library/Developer/Xcode/DerivedData/Notch-ddzsfiyxyoauidejndllmosklbkq/SourcePackages/checkouts/posthog-ios/vendor/libwebp/ssim_sse2.c -o /Users/jasonlee/Library/Developer/Xcode/DerivedData/Notch-ddzsfiyxyoauidejndllmosklbkq/Build/Intermediates.noindex/PostHog.build/Release/phlibwebp.build/Objects-normal/x86_64/ssim_sse2.o

ScanDependencies /Users/jasonlee/Library/Developer/Xcode/DerivedData/Notch-ddzsfiyxyoauidejndllmosklbkq/Build/Intermediates.noindex/PostHog.build/Release/phlibwebp.build/Objects-normal/x86_64/ssim.o /Users/jasonlee/Library/Developer/Xcode/DerivedData/Notch-ddzsfiyxyoauidejndllmosklbkq/SourcePackages/checkouts/posthog-ios/vendor/libwebp/ssim.c normal x86_64 c com.apple.compilers.llvm.clang.1_0.compiler (in target 'phlibwebp' from project 'PostHog')
    cd /Users/jasonlee/Coding/App/Notch/Notch.xcodeproj
    
    Using response file: /Users/jasonlee/Library/Developer/Xcode/DerivedData/Notch-ddzsfiyxyoauidejndllmosklbkq/Build/Intermediates.noindex/PostHog.build/Release/phlibwebp.build/Objects-normal/x86_64/7187679823f38a2a940e0043cdf9d637-common-args.resp
    
    builtin-ScanDependencies -o /Users/jasonlee/Library/Developer/Xcode/DerivedData/Notch-ddzsfiyxyoauidejndllmosklbkq/Build/Intermediates.noindex/PostHog.build/Release/phlibwebp.build/Objects-normal/x86_64/ssim.o.scan -- /Applications/Xcode.app/Contents/Developer/Toolchains/XcodeDefault.xctoolchain/usr/bin/clang -x c -ivfsstatcache /Users/jasonlee/Library/Developer/Xcode/DerivedData/SDKStatCaches.noindex/macosx26.4-25E251-30f9ca8789b706f8bd3fc906a70d770f.sdkstatcache -target x86_64-apple-macos10.15 -fmessage-length\=0 -fdiagnostics-show-note-include-stack -fmacro-backtrace-limit\=0 -fno-color-diagnostics -fmodules-prune-interval\=86400 -fmodules-prune-after\=345600 -fbuild-session-file\=/Users/jasonlee/Library/Developer/Xcode/DerivedData/ModuleCache.noindex/Session.modulevalidation -fmodules-validate-once-per-build-session -Wnon-modular-include-in-framework-module -Werror\=non-modular-include-in-framework-module -Wno-trigraphs -Wno-missing-field-initializers -Wno-missing-prototypes -Wno-return-type -Wno-missing-braces -Wparentheses -Wswitch -Wno-unused-function -Wno-unused-label -Wno-unused-parameter -Wno-unused-variable -Wunused-value -Wno-empty-body -Wno-uninitialized -Wno-unknown-pragmas -w -Wno-shadow -Wno-four-char-constants -Wno-conversion -Wno-constant-conversion -Wno-int-conversion -Wno-bool-conversion -Wno-enum-conversion -Wno-float-conversion -Wno-non-literal-null-conversion -Wno-objc-literal-conversion -Wshorten-64-to-32 -Wpointer-sign -Wno-newline-eof -Wno-implicit-fallthrough -isysroot /Applications/Xcode.app/Contents/Developer/Platforms/MacOSX.platform/Developer/SDKs/MacOSX26.4.sdk -fstrict-aliasing -Wdeprecated-declarations -Wno-sign-conversion -Wno-infinite-recursion -Wno-comma -Wno-block-capture-autoreleasing -Wno-strict-prototypes -Wno-semicolon-before-method-body @/Users/jasonlee/Library/Developer/Xcode/DerivedData/Notch-ddzsfiyxyoauidejndllmosklbkq/Build/Intermediates.noindex/PostHog.build/Release/phlibwebp.build/Objects-normal/x86_64/7187679823f38a2a940e0043cdf9d637-common-args.resp -MMD -MT dependencies -MF /Users/jasonlee/Library/Developer/Xcode/DerivedData/Notch-ddzsfiyxyoauidejndllmosklbkq/Build/Intermediates.noindex/PostHog.build/Release/phlibwebp.build/Objects-normal/x86_64/ssim.d --serialize-diagnostics /Users/jasonlee/Library/Developer/Xcode/DerivedData/Notch-ddzsfiyxyoauidejndllmosklbkq/Build/Intermediates.noindex/PostHog.build/Release/phlibwebp.build/Objects-normal/x86_64/ssim.dia -c /Users/jasonlee/Library/Developer/Xcode/DerivedData/Notch-ddzsfiyxyoauidejndllmosklbkq/SourcePackages/checkouts/posthog-ios/vendor/libwebp/ssim.c -o /Users/jasonlee/Library/Developer/Xcode/DerivedData/Notch-ddzsfiyxyoauidejndllmosklbkq/Build/Intermediates.noindex/PostHog.build/Release/phlibwebp.build/Objects-normal/x86_64/ssim.o

ScanDependencies /Users/jasonlee/Library/Developer/Xcode/DerivedData/Notch-ddzsfiyxyoauidejndllmosklbkq/Build/Intermediates.noindex/PostHog.build/Release/phlibwebp.build/Objects-normal/x86_64/sharpyuv_sse2.o /Users/jasonlee/Library/Developer/Xcode/DerivedData/Notch-ddzsfiyxyoauidejndllmosklbkq/SourcePackages/checkouts/posthog-ios/vendor/libwebp/sharpyuv_sse2.c normal x86_64 c com.apple.compilers.llvm.clang.1_0.compiler (in target 'phlibwebp' from project 'PostHog')
    cd /Users/jasonlee/Coding/App/Notch/Notch.xcodeproj
    
    Using response file: /Users/jasonlee/Library/Developer/Xcode/DerivedData/Notch-ddzsfiyxyoauidejndllmosklbkq/Build/Intermediates.noindex/PostHog.build/Release/phlibwebp.build/Objects-normal/x86_64/7187679823f38a2a940e0043cdf9d637-common-args.resp
    
    builtin-ScanDependencies -o /Users/jasonlee/Library/Developer/Xcode/DerivedData/Notch-ddzsfiyxyoauidejndllmosklbkq/Build/Intermediates.noindex/PostHog.build/Release/phlibwebp.build/Objects-normal/x86_64/sharpyuv_sse2.o.scan -- /Applications/Xcode.app/Contents/Developer/Toolchains/XcodeDefault.xctoolchain/usr/bin/clang -x c -ivfsstatcache /Users/jasonlee/Library/Developer/Xcode/DerivedData/SDKStatCaches.noindex/macosx26.4-25E251-30f9ca8789b706f8bd3fc906a70d770f.sdkstatcache -target x86_64-apple-macos10.15 -fmessage-length\=0 -fdiagnostics-show-note-include-stack -fmacro-backtrace-limit\=0 -fno-color-diagnostics -fmodules-prune-interval\=86400 -fmodules-prune-after\=345600 -fbuild-session-file\=/Users/jasonlee/Library/Developer/Xcode/DerivedData/ModuleCache.noindex/Session.modulevalidation -fmodules-validate-once-per-build-session -Wnon-modular-include-in-framework-module -Werror\=non-modular-include-in-framework-module -Wno-trigraphs -Wno-missing-field-initializers -Wno-missing-prototypes -Wno-return-type -Wno-missing-braces -Wparentheses -Wswitch -Wno-unused-function -Wno-unused-label -Wno-unused-parameter -Wno-unused-variable -Wunused-value -Wno-empty-body -Wno-uninitialized -Wno-unknown-pragmas -w -Wno-shadow -Wno-four-char-constants -Wno-conversion -Wno-constant-conversion -Wno-int-conversion -Wno-bool-conversion -Wno-enum-conversion -Wno-float-conversion -Wno-non-literal-null-conversion -Wno-objc-literal-conversion -Wshorten-64-to-32 -Wpointer-sign -Wno-newline-eof -Wno-implicit-fallthrough -isysroot /Applications/Xcode.app/Contents/Developer/Platforms/MacOSX.platform/Developer/SDKs/MacOSX26.4.sdk -fstrict-aliasing -Wdeprecated-declarations -Wno-sign-conversion -Wno-infinite-recursion -Wno-comma -Wno-block-capture-autoreleasing -Wno-strict-prototypes -Wno-semicolon-before-method-body @/Users/jasonlee/Library/Developer/Xcode/DerivedData/Notch-ddzsfiyxyoauidejndllmosklbkq/Build/Intermediates.noindex/PostHog.build/Release/phlibwebp.build/Objects-normal/x86_64/7187679823f38a2a940e0043cdf9d637-common-args.resp -MMD -MT dependencies -MF /Users/jasonlee/Library/Developer/Xcode/DerivedData/Notch-ddzsfiyxyoauidejndllmosklbkq/Build/Intermediates.noindex/PostHog.build/Release/phlibwebp.build/Objects-normal/x86_64/sharpyuv_sse2.d --serialize-diagnostics /Users/jasonlee/Library/Developer/Xcode/DerivedData/Notch-ddzsfiyxyoauidejndllmosklbkq/Build/Intermediates.noindex/PostHog.build/Release/phlibwebp.build/Objects-normal/x86_64/sharpyuv_sse2.dia -c /Users/jasonlee/Library/Developer/Xcode/DerivedData/Notch-ddzsfiyxyoauidejndllmosklbkq/SourcePackages/checkouts/posthog-ios/vendor/libwebp/sharpyuv_sse2.c -o /Users/jasonlee/Library/Developer/Xcode/DerivedData/Notch-ddzsfiyxyoauidejndllmosklbkq/Build/Intermediates.noindex/PostHog.build/Release/phlibwebp.build/Objects-normal/x86_64/sharpyuv_sse2.o

ScanDependencies /Users/jasonlee/Library/Developer/Xcode/DerivedData/Notch-ddzsfiyxyoauidejndllmosklbkq/Build/Intermediates.noindex/PostHog.build/Release/phlibwebp.build/Objects-normal/x86_64/sharpyuv_neon.o /Users/jasonlee/Library/Developer/Xcode/DerivedData/Notch-ddzsfiyxyoauidejndllmosklbkq/SourcePackages/checkouts/posthog-ios/vendor/libwebp/sharpyuv_neon.c normal x86_64 c com.apple.compilers.llvm.clang.1_0.compiler (in target 'phlibwebp' from project 'PostHog')
    cd /Users/jasonlee/Coding/App/Notch/Notch.xcodeproj
    
    Using response file: /Users/jasonlee/Library/Developer/Xcode/DerivedData/Notch-ddzsfiyxyoauidejndllmosklbkq/Build/Intermediates.noindex/PostHog.build/Release/phlibwebp.build/Objects-normal/x86_64/7187679823f38a2a940e0043cdf9d637-common-args.resp
    
    builtin-ScanDependencies -o /Users/jasonlee/Library/Developer/Xcode/DerivedData/Notch-ddzsfiyxyoauidejndllmosklbkq/Build/Intermediates.noindex/PostHog.build/Release/phlibwebp.build/Objects-normal/x86_64/sharpyuv_neon.o.scan -- /Applications/Xcode.app/Contents/Developer/Toolchains/XcodeDefault.xctoolchain/usr/bin/clang -x c -ivfsstatcache /Users/jasonlee/Library/Developer/Xcode/DerivedData/SDKStatCaches.noindex/macosx26.4-25E251-30f9ca8789b706f8bd3fc906a70d770f.sdkstatcache -target x86_64-apple-macos10.15 -fmessage-length\=0 -fdiagnostics-show-note-include-stack -fmacro-backtrace-limit\=0 -fno-color-diagnostics -fmodules-prune-interval\=86400 -fmodules-prune-after\=345600 -fbuild-session-file\=/Users/jasonlee/Library/Developer/Xcode/DerivedData/ModuleCache.noindex/Session.modulevalidation -fmodules-validate-once-per-build-session -Wnon-modular-include-in-framework-module -Werror\=non-modular-include-in-framework-module -Wno-trigraphs -Wno-missing-field-initializers -Wno-missing-prototypes -Wno-return-type -Wno-missing-braces -Wparentheses -Wswitch -Wno-unused-function -Wno-unused-label -Wno-unused-parameter -Wno-unused-variable -Wunused-value -Wno-empty-body -Wno-uninitialized -Wno-unknown-pragmas -w -Wno-shadow -Wno-four-char-constants -Wno-conversion -Wno-constant-conversion -Wno-int-conversion -Wno-bool-conversion -Wno-enum-conversion -Wno-float-conversion -Wno-non-literal-null-conversion -Wno-objc-literal-conversion -Wshorten-64-to-32 -Wpointer-sign -Wno-newline-eof -Wno-implicit-fallthrough -isysroot /Applications/Xcode.app/Contents/Developer/Platforms/MacOSX.platform/Developer/SDKs/MacOSX26.4.sdk -fstrict-aliasing -Wdeprecated-declarations -Wno-sign-conversion -Wno-infinite-recursion -Wno-comma -Wno-block-capture-autoreleasing -Wno-strict-prototypes -Wno-semicolon-before-method-body @/Users/jasonlee/Library/Developer/Xcode/DerivedData/Notch-ddzsfiyxyoauidejndllmosklbkq/Build/Intermediates.noindex/PostHog.build/Release/phlibwebp.build/Objects-normal/x86_64/7187679823f38a2a940e0043cdf9d637-common-args.resp -MMD -MT dependencies -MF /Users/jasonlee/Library/Developer/Xcode/DerivedData/Notch-ddzsfiyxyoauidejndllmosklbkq/Build/Intermediates.noindex/PostHog.build/Release/phlibwebp.build/Objects-normal/x86_64/sharpyuv_neon.d --serialize-diagnostics /Users/jasonlee/Library/Developer/Xcode/DerivedData/Notch-ddzsfiyxyoauidejndllmosklbkq/Build/Intermediates.noindex/PostHog.build/Release/phlibwebp.build/Objects-normal/x86_64/sharpyuv_neon.dia -c /Users/jasonlee/Library/Developer/Xcode/DerivedData/Notch-ddzsfiyxyoauidejndllmosklbkq/SourcePackages/checkouts/posthog-ios/vendor/libwebp/sharpyuv_neon.c -o /Users/jasonlee/Library/Developer/Xcode/DerivedData/Notch-ddzsfiyxyoauidejndllmosklbkq/Build/Intermediates.noindex/PostHog.build/Release/phlibwebp.build/Objects-normal/x86_64/sharpyuv_neon.o

ScanDependencies /Users/jasonlee/Library/Developer/Xcode/DerivedData/Notch-ddzsfiyxyoauidejndllmosklbkq/Build/Intermediates.noindex/PostHog.build/Release/phlibwebp.build/Objects-normal/x86_64/sharpyuv_gamma.o /Users/jasonlee/Library/Developer/Xcode/DerivedData/Notch-ddzsfiyxyoauidejndllmosklbkq/SourcePackages/checkouts/posthog-ios/vendor/libwebp/sharpyuv_gamma.c normal x86_64 c com.apple.compilers.llvm.clang.1_0.compiler (in target 'phlibwebp' from project 'PostHog')
    cd /Users/jasonlee/Coding/App/Notch/Notch.xcodeproj
    
    Using response file: /Users/jasonlee/Library/Developer/Xcode/DerivedData/Notch-ddzsfiyxyoauidejndllmosklbkq/Build/Intermediates.noindex/PostHog.build/Release/phlibwebp.build/Objects-normal/x86_64/7187679823f38a2a940e0043cdf9d637-common-args.resp
    
    builtin-ScanDependencies -o /Users/jasonlee/Library/Developer/Xcode/DerivedData/Notch-ddzsfiyxyoauidejndllmosklbkq/Build/Intermediates.noindex/PostHog.build/Release/phlibwebp.build/Objects-normal/x86_64/sharpyuv_gamma.o.scan -- /Applications/Xcode.app/Contents/Developer/Toolchains/XcodeDefault.xctoolchain/usr/bin/clang -x c -ivfsstatcache /Users/jasonlee/Library/Developer/Xcode/DerivedData/SDKStatCaches.noindex/macosx26.4-25E251-30f9ca8789b706f8bd3fc906a70d770f.sdkstatcache -target x86_64-apple-macos10.15 -fmessage-length\=0 -fdiagnostics-show-note-include-stack -fmacro-backtrace-limit\=0 -fno-color-diagnostics -fmodules-prune-interval\=86400 -fmodules-prune-after\=345600 -fbuild-session-file\=/Users/jasonlee/Library/Developer/Xcode/DerivedData/ModuleCache.noindex/Session.modulevalidation -fmodules-validate-once-per-build-session -Wnon-modular-include-in-framework-module -Werror\=non-modular-include-in-framework-module -Wno-trigraphs -Wno-missing-field-initializers -Wno-missing-prototypes -Wno-return-type -Wno-missing-braces -Wparentheses -Wswitch -Wno-unused-function -Wno-unused-label -Wno-unused-parameter -Wno-unused-variable -Wunused-value -Wno-empty-body -Wno-uninitialized -Wno-unknown-pragmas -w -Wno-shadow -Wno-four-char-constants -Wno-conversion -Wno-constant-conversion -Wno-int-conversion -Wno-bool-conversion -Wno-enum-conversion -Wno-float-conversion -Wno-non-literal-null-conversion -Wno-objc-literal-conversion -Wshorten-64-to-32 -Wpointer-sign -Wno-newline-eof -Wno-implicit-fallthrough -isysroot /Applications/Xcode.app/Contents/Developer/Platforms/MacOSX.platform/Developer/SDKs/MacOSX26.4.sdk -fstrict-aliasing -Wdeprecated-declarations -Wno-sign-conversion -Wno-infinite-recursion -Wno-comma -Wno-block-capture-autoreleasing -Wno-strict-prototypes -Wno-semicolon-before-method-body @/Users/jasonlee/Library/Developer/Xcode/DerivedData/Notch-ddzsfiyxyoauidejndllmosklbkq/Build/Intermediates.noindex/PostHog.build/Release/phlibwebp.build/Objects-normal/x86_64/7187679823f38a2a940e0043cdf9d637-common-args.resp -MMD -MT dependencies -MF /Users/jasonlee/Library/Developer/Xcode/DerivedData/Notch-ddzsfiyxyoauidejndllmosklbkq/Build/Intermediates.noindex/PostHog.build/Release/phlibwebp.build/Objects-normal/x86_64/sharpyuv_gamma.d --serialize-diagnostics /Users/jasonlee/Library/Developer/Xcode/DerivedData/Notch-ddzsfiyxyoauidejndllmosklbkq/Build/Intermediates.noindex/PostHog.build/Release/phlibwebp.build/Objects-normal/x86_64/sharpyuv_gamma.dia -c /Users/jasonlee/Library/Developer/Xcode/DerivedData/Notch-ddzsfiyxyoauidejndllmosklbkq/SourcePackages/checkouts/posthog-ios/vendor/libwebp/sharpyuv_gamma.c -o /Users/jasonlee/Library/Developer/Xcode/DerivedData/Notch-ddzsfiyxyoauidejndllmosklbkq/Build/Intermediates.noindex/PostHog.build/Release/phlibwebp.build/Objects-normal/x86_64/sharpyuv_gamma.o

PrecompileModule /Users/jasonlee/Library/Developer/Xcode/DerivedData/Notch-ddzsfiyxyoauidejndllmosklbkq/Build/Intermediates.noindex/ExplicitPrecompiledModules/_DarwinFoundation2-IY6U1OYNU96048BOQOCCUDM0.scan
    cd /
    builtin-precompileModule /Users/jasonlee/Library/Developer/Xcode/DerivedData/Notch-ddzsfiyxyoauidejndllmosklbkq/Build/Intermediates.noindex/ExplicitPrecompiledModules/_DarwinFoundation2-IY6U1OYNU96048BOQOCCUDM0.scan

ScanDependencies /Users/jasonlee/Library/Developer/Xcode/DerivedData/Notch-ddzsfiyxyoauidejndllmosklbkq/Build/Intermediates.noindex/PostHog.build/Release/phlibwebp.build/Objects-normal/x86_64/sharpyuv_dsp.o /Users/jasonlee/Library/Developer/Xcode/DerivedData/Notch-ddzsfiyxyoauidejndllmosklbkq/SourcePackages/checkouts/posthog-ios/vendor/libwebp/sharpyuv_dsp.c normal x86_64 c com.apple.compilers.llvm.clang.1_0.compiler (in target 'phlibwebp' from project 'PostHog')
    cd /Users/jasonlee/Coding/App/Notch/Notch.xcodeproj
    
    Using response file: /Users/jasonlee/Library/Developer/Xcode/DerivedData/Notch-ddzsfiyxyoauidejndllmosklbkq/Build/Intermediates.noindex/PostHog.build/Release/phlibwebp.build/Objects-normal/x86_64/7187679823f38a2a940e0043cdf9d637-common-args.resp
    
    builtin-ScanDependencies -o /Users/jasonlee/Library/Developer/Xcode/DerivedData/Notch-ddzsfiyxyoauidejndllmosklbkq/Build/Intermediates.noindex/PostHog.build/Release/phlibwebp.build/Objects-normal/x86_64/sharpyuv_dsp.o.scan -- /Applications/Xcode.app/Contents/Developer/Toolchains/XcodeDefault.xctoolchain/usr/bin/clang -x c -ivfsstatcache /Users/jasonlee/Library/Developer/Xcode/DerivedData/SDKStatCaches.noindex/macosx26.4-25E251-30f9ca8789b706f8bd3fc906a70d770f.sdkstatcache -target x86_64-apple-macos10.15 -fmessage-length\=0 -fdiagnostics-show-note-include-stack -fmacro-backtrace-limit\=0 -fno-color-diagnostics -fmodules-prune-interval\=86400 -fmodules-prune-after\=345600 -fbuild-session-file\=/Users/jasonlee/Library/Developer/Xcode/DerivedData/ModuleCache.noindex/Session.modulevalidation -fmodules-validate-once-per-build-session -Wnon-modular-include-in-framework-module -Werror\=non-modular-include-in-framework-module -Wno-trigraphs -Wno-missing-field-initializers -Wno-missing-prototypes -Wno-return-type -Wno-missing-braces -Wparentheses -Wswitch -Wno-unused-function -Wno-unused-label -Wno-unused-parameter -Wno-unused-variable -Wunused-value -Wno-empty-body -Wno-uninitialized -Wno-unknown-pragmas -w -Wno-shadow -Wno-four-char-constants -Wno-conversion -Wno-constant-conversion -Wno-int-conversion -Wno-bool-conversion -Wno-enum-conversion -Wno-float-conversion -Wno-non-literal-null-conversion -Wno-objc-literal-conversion -Wshorten-64-to-32 -Wpointer-sign -Wno-newline-eof -Wno-implicit-fallthrough -isysroot /Applications/Xcode.app/Contents/Developer/Platforms/MacOSX.platform/Developer/SDKs/MacOSX26.4.sdk -fstrict-aliasing -Wdeprecated-declarations -Wno-sign-conversion -Wno-infinite-recursion -Wno-comma -Wno-block-capture-autoreleasing -Wno-strict-prototypes -Wno-semicolon-before-method-body @/Users/jasonlee/Library/Developer/Xcode/DerivedData/Notch-ddzsfiyxyoauidejndllmosklbkq/Build/Intermediates.noindex/PostHog.build/Release/phlibwebp.build/Objects-normal/x86_64/7187679823f38a2a940e0043cdf9d637-common-args.resp -MMD -MT dependencies -MF /Users/jasonlee/Library/Developer/Xcode/DerivedData/Notch-ddzsfiyxyoauidejndllmosklbkq/Build/Intermediates.noindex/PostHog.build/Release/phlibwebp.build/Objects-normal/x86_64/sharpyuv_dsp.d --serialize-diagnostics /Users/jasonlee/Library/Developer/Xcode/DerivedData/Notch-ddzsfiyxyoauidejndllmosklbkq/Build/Intermediates.noindex/PostHog.build/Release/phlibwebp.build/Objects-normal/x86_64/sharpyuv_dsp.dia -c /Users/jasonlee/Library/Developer/Xcode/DerivedData/Notch-ddzsfiyxyoauidejndllmosklbkq/SourcePackages/checkouts/posthog-ios/vendor/libwebp/sharpyuv_dsp.c -o /Users/jasonlee/Library/Developer/Xcode/DerivedData/Notch-ddzsfiyxyoauidejndllmosklbkq/Build/Intermediates.noindex/PostHog.build/Release/phlibwebp.build/Objects-normal/x86_64/sharpyuv_dsp.o

ScanDependencies /Users/jasonlee/Library/Developer/Xcode/DerivedData/Notch-ddzsfiyxyoauidejndllmosklbkq/Build/Intermediates.noindex/PostHog.build/Release/phlibwebp.build/Objects-normal/x86_64/sharpyuv_csp.o /Users/jasonlee/Library/Developer/Xcode/DerivedData/Notch-ddzsfiyxyoauidejndllmosklbkq/SourcePackages/checkouts/posthog-ios/vendor/libwebp/sharpyuv_csp.c normal x86_64 c com.apple.compilers.llvm.clang.1_0.compiler (in target 'phlibwebp' from project 'PostHog')
    cd /Users/jasonlee/Coding/App/Notch/Notch.xcodeproj
    
    Using response file: /Users/jasonlee/Library/Developer/Xcode/DerivedData/Notch-ddzsfiyxyoauidejndllmosklbkq/Build/Intermediates.noindex/PostHog.build/Release/phlibwebp.build/Objects-normal/x86_64/7187679823f38a2a940e0043cdf9d637-common-args.resp
    
    builtin-ScanDependencies -o /Users/jasonlee/Library/Developer/Xcode/DerivedData/Notch-ddzsfiyxyoauidejndllmosklbkq/Build/Intermediates.noindex/PostHog.build/Release/phlibwebp.build/Objects-normal/x86_64/sharpyuv_csp.o.scan -- /Applications/Xcode.app/Contents/Developer/Toolchains/XcodeDefault.xctoolchain/usr/bin/clang -x c -ivfsstatcache /Users/jasonlee/Library/Developer/Xcode/DerivedData/SDKStatCaches.noindex/macosx26.4-25E251-30f9ca8789b706f8bd3fc906a70d770f.sdkstatcache -target x86_64-apple-macos10.15 -fmessage-length\=0 -fdiagnostics-show-note-include-stack -fmacro-backtrace-limit\=0 -fno-color-diagnostics -fmodules-prune-interval\=86400 -fmodules-prune-after\=345600 -fbuild-session-file\=/Users/jasonlee/Library/Developer/Xcode/DerivedData/ModuleCache.noindex/Session.modulevalidation -fmodules-validate-once-per-build-session -Wnon-modular-include-in-framework-module -Werror\=non-modular-include-in-framework-module -Wno-trigraphs -Wno-missing-field-initializers -Wno-missing-prototypes -Wno-return-type -Wno-missing-braces -Wparentheses -Wswitch -Wno-unused-function -Wno-unused-label -Wno-unused-parameter -Wno-unused-variable -Wunused-value -Wno-empty-body -Wno-uninitialized -Wno-unknown-pragmas -w -Wno-shadow -Wno-four-char-constants -Wno-conversion -Wno-constant-conversion -Wno-int-conversion -Wno-bool-conversion -Wno-enum-conversion -Wno-float-conversion -Wno-non-literal-null-conversion -Wno-objc-literal-conversion -Wshorten-64-to-32 -Wpointer-sign -Wno-newline-eof -Wno-implicit-fallthrough -isysroot /Applications/Xcode.app/Contents/Developer/Platforms/MacOSX.platform/Developer/SDKs/MacOSX26.4.sdk -fstrict-aliasing -Wdeprecated-declarations -Wno-sign-conversion -Wno-infinite-recursion -Wno-comma -Wno-block-capture-autoreleasing -Wno-strict-prototypes -Wno-semicolon-before-method-body @/Users/jasonlee/Library/Developer/Xcode/DerivedData/Notch-ddzsfiyxyoauidejndllmosklbkq/Build/Intermediates.noindex/PostHog.build/Release/phlibwebp.build/Objects-normal/x86_64/7187679823f38a2a940e0043cdf9d637-common-args.resp -MMD -MT dependencies -MF /Users/jasonlee/Library/Developer/Xcode/DerivedData/Notch-ddzsfiyxyoauidejndllmosklbkq/Build/Intermediates.noindex/PostHog.build/Release/phlibwebp.build/Objects-normal/x86_64/sharpyuv_csp.d --serialize-diagnostics /Users/jasonlee/Library/Developer/Xcode/DerivedData/Notch-ddzsfiyxyoauidejndllmosklbkq/Build/Intermediates.noindex/PostHog.build/Release/phlibwebp.build/Objects-normal/x86_64/sharpyuv_csp.dia -c /Users/jasonlee/Library/Developer/Xcode/DerivedData/Notch-ddzsfiyxyoauidejndllmosklbkq/SourcePackages/checkouts/posthog-ios/vendor/libwebp/sharpyuv_csp.c -o /Users/jasonlee/Library/Developer/Xcode/DerivedData/Notch-ddzsfiyxyoauidejndllmosklbkq/Build/Intermediates.noindex/PostHog.build/Release/phlibwebp.build/Objects-normal/x86_64/sharpyuv_csp.o

PrecompileModule /Users/jasonlee/Library/Developer/Xcode/DerivedData/Notch-ddzsfiyxyoauidejndllmosklbkq/Build/Intermediates.noindex/ExplicitPrecompiledModules/_Builtin_float-4A8QNKQALG9KVABN9NHWDD91S.scan
    cd /
    builtin-precompileModule /Users/jasonlee/Library/Developer/Xcode/DerivedData/Notch-ddzsfiyxyoauidejndllmosklbkq/Build/Intermediates.noindex/ExplicitPrecompiledModules/_Builtin_float-4A8QNKQALG9KVABN9NHWDD91S.scan

ScanDependencies /Users/jasonlee/Library/Developer/Xcode/DerivedData/Notch-ddzsfiyxyoauidejndllmosklbkq/Build/Intermediates.noindex/PostHog.build/Release/phlibwebp.build/Objects-normal/x86_64/sharpyuv_cpu.o /Users/jasonlee/Library/Developer/Xcode/DerivedData/Notch-ddzsfiyxyoauidejndllmosklbkq/SourcePackages/checkouts/posthog-ios/vendor/libwebp/sharpyuv_cpu.c normal x86_64 c com.apple.compilers.llvm.clang.1_0.compiler (in target 'phlibwebp' from project 'PostHog')
    cd /Users/jasonlee/Coding/App/Notch/Notch.xcodeproj
    
    Using response file: /Users/jasonlee/Library/Developer/Xcode/DerivedData/Notch-ddzsfiyxyoauidejndllmosklbkq/Build/Intermediates.noindex/PostHog.build/Release/phlibwebp.build/Objects-normal/x86_64/7187679823f38a2a940e0043cdf9d637-common-args.resp
    
    builtin-ScanDependencies -o /Users/jasonlee/Library/Developer/Xcode/DerivedData/Notch-ddzsfiyxyoauidejndllmosklbkq/Build/Intermediates.noindex/PostHog.build/Release/phlibwebp.build/Objects-normal/x86_64/sharpyuv_cpu.o.scan -- /Applications/Xcode.app/Contents/Developer/Toolchains/XcodeDefault.xctoolchain/usr/bin/clang -x c -ivfsstatcache /Users/jasonlee/Library/Developer/Xcode/DerivedData/SDKStatCaches.noindex/macosx26.4-25E251-30f9ca8789b706f8bd3fc906a70d770f.sdkstatcache -target x86_64-apple-macos10.15 -fmessage-length\=0 -fdiagnostics-show-note-include-stack -fmacro-backtrace-limit\=0 -fno-color-diagnostics -fmodules-prune-interval\=86400 -fmodules-prune-after\=345600 -fbuild-session-file\=/Users/jasonlee/Library/Developer/Xcode/DerivedData/ModuleCache.noindex/Session.modulevalidation -fmodules-validate-once-per-build-session -Wnon-modular-include-in-framework-module -Werror\=non-modular-include-in-framework-module -Wno-trigraphs -Wno-missing-field-initializers -Wno-missing-prototypes -Wno-return-type -Wno-missing-braces -Wparentheses -Wswitch -Wno-unused-function -Wno-unused-label -Wno-unused-parameter -Wno-unused-variable -Wunused-value -Wno-empty-body -Wno-uninitialized -Wno-unknown-pragmas -w -Wno-shadow -Wno-four-char-constants -Wno-conversion -Wno-constant-conversion -Wno-int-conversion -Wno-bool-conversion -Wno-enum-conversion -Wno-float-conversion -Wno-non-literal-null-conversion -Wno-objc-literal-conversion -Wshorten-64-to-32 -Wpointer-sign -Wno-newline-eof -Wno-implicit-fallthrough -isysroot /Applications/Xcode.app/Contents/Developer/Platforms/MacOSX.platform/Developer/SDKs/MacOSX26.4.sdk -fstrict-aliasing -Wdeprecated-declarations -Wno-sign-conversion -Wno-infinite-recursion -Wno-comma -Wno-block-capture-autoreleasing -Wno-strict-prototypes -Wno-semicolon-before-method-body @/Users/jasonlee/Library/Developer/Xcode/DerivedData/Notch-ddzsfiyxyoauidejndllmosklbkq/Build/Intermediates.noindex/PostHog.build/Release/phlibwebp.build/Objects-normal/x86_64/7187679823f38a2a940e0043cdf9d637-common-args.resp -MMD -MT dependencies -MF /Users/jasonlee/Library/Developer/Xcode/DerivedData/Notch-ddzsfiyxyoauidejndllmosklbkq/Build/Intermediates.noindex/PostHog.build/Release/phlibwebp.build/Objects-normal/x86_64/sharpyuv_cpu.d --serialize-diagnostics /Users/jasonlee/Library/Developer/Xcode/DerivedData/Notch-ddzsfiyxyoauidejndllmosklbkq/Build/Intermediates.noindex/PostHog.build/Release/phlibwebp.build/Objects-normal/x86_64/sharpyuv_cpu.dia -c /Users/jasonlee/Library/Developer/Xcode/DerivedData/Notch-ddzsfiyxyoauidejndllmosklbkq/SourcePackages/checkouts/posthog-ios/vendor/libwebp/sharpyuv_cpu.c -o /Users/jasonlee/Library/Developer/Xcode/DerivedData/Notch-ddzsfiyxyoauidejndllmosklbkq/Build/Intermediates.noindex/PostHog.build/Release/phlibwebp.build/Objects-normal/x86_64/sharpyuv_cpu.o

ScanDependencies /Users/jasonlee/Library/Developer/Xcode/DerivedData/Notch-ddzsfiyxyoauidejndllmosklbkq/Build/Intermediates.noindex/PostHog.build/Release/phlibwebp.build/Objects-normal/x86_64/sharpyuv.o /Users/jasonlee/Library/Developer/Xcode/DerivedData/Notch-ddzsfiyxyoauidejndllmosklbkq/SourcePackages/checkouts/posthog-ios/vendor/libwebp/sharpyuv.c normal x86_64 c com.apple.compilers.llvm.clang.1_0.compiler (in target 'phlibwebp' from project 'PostHog')
    cd /Users/jasonlee/Coding/App/Notch/Notch.xcodeproj
    
    Using response file: /Users/jasonlee/Library/Developer/Xcode/DerivedData/Notch-ddzsfiyxyoauidejndllmosklbkq/Build/Intermediates.noindex/PostHog.build/Release/phlibwebp.build/Objects-normal/x86_64/7187679823f38a2a940e0043cdf9d637-common-args.resp
    
    builtin-ScanDependencies -o /Users/jasonlee/Library/Developer/Xcode/DerivedData/Notch-ddzsfiyxyoauidejndllmosklbkq/Build/Intermediates.noindex/PostHog.build/Release/phlibwebp.build/Objects-normal/x86_64/sharpyuv.o.scan -- /Applications/Xcode.app/Contents/Developer/Toolchains/XcodeDefault.xctoolchain/usr/bin/clang -x c -ivfsstatcache /Users/jasonlee/Library/Developer/Xcode/DerivedData/SDKStatCaches.noindex/macosx26.4-25E251-30f9ca8789b706f8bd3fc906a70d770f.sdkstatcache -target x86_64-apple-macos10.15 -fmessage-length\=0 -fdiagnostics-show-note-include-stack -fmacro-backtrace-limit\=0 -fno-color-diagnostics -fmodules-prune-interval\=86400 -fmodules-prune-after\=345600 -fbuild-session-file\=/Users/jasonlee/Library/Developer/Xcode/DerivedData/ModuleCache.noindex/Session.modulevalidation -fmodules-validate-once-per-build-session -Wnon-modular-include-in-framework-module -Werror\=non-modular-include-in-framework-module -Wno-trigraphs -Wno-missing-field-initializers -Wno-missing-prototypes -Wno-return-type -Wno-missing-braces -Wparentheses -Wswitch -Wno-unused-function -Wno-unused-label -Wno-unused-parameter -Wno-unused-variable -Wunused-value -Wno-empty-body -Wno-uninitialized -Wno-unknown-pragmas -w -Wno-shadow -Wno-four-char-constants -Wno-conversion -Wno-constant-conversion -Wno-int-conversion -Wno-bool-conversion -Wno-enum-conversion -Wno-float-conversion -Wno-non-literal-null-conversion -Wno-objc-literal-conversion -Wshorten-64-to-32 -Wpointer-sign -Wno-newline-eof -Wno-implicit-fallthrough -isysroot /Applications/Xcode.app/Contents/Developer/Platforms/MacOSX.platform/Developer/SDKs/MacOSX26.4.sdk -fstrict-aliasing -Wdeprecated-declarations -Wno-sign-conversion -Wno-infinite-recursion -Wno-comma -Wno-block-capture-autoreleasing -Wno-strict-prototypes -Wno-semicolon-before-method-body @/Users/jasonlee/Library/Developer/Xcode/DerivedData/Notch-ddzsfiyxyoauidejndllmosklbkq/Build/Intermediates.noindex/PostHog.build/Release/phlibwebp.build/Objects-normal/x86_64/7187679823f38a2a940e0043cdf9d637-common-args.resp -MMD -MT dependencies -MF /Users/jasonlee/Library/Developer/Xcode/DerivedData/Notch-ddzsfiyxyoauidejndllmosklbkq/Build/Intermediates.noindex/PostHog.build/Release/phlibwebp.build/Objects-normal/x86_64/sharpyuv.d --serialize-diagnostics /Users/jasonlee/Library/Developer/Xcode/DerivedData/Notch-ddzsfiyxyoauidejndllmosklbkq/Build/Intermediates.noindex/PostHog.build/Release/phlibwebp.build/Objects-normal/x86_64/sharpyuv.dia -c /Users/jasonlee/Library/Developer/Xcode/DerivedData/Notch-ddzsfiyxyoauidejndllmosklbkq/SourcePackages/checkouts/posthog-ios/vendor/libwebp/sharpyuv.c -o /Users/jasonlee/Library/Developer/Xcode/DerivedData/Notch-ddzsfiyxyoauidejndllmosklbkq/Build/Intermediates.noindex/PostHog.build/Release/phlibwebp.build/Objects-normal/x86_64/sharpyuv.o

ScanDependencies /Users/jasonlee/Library/Developer/Xcode/DerivedData/Notch-ddzsfiyxyoauidejndllmosklbkq/Build/Intermediates.noindex/PostHog.build/Release/phlibwebp.build/Objects-normal/x86_64/rescaler_utils.o /Users/jasonlee/Library/Developer/Xcode/DerivedData/Notch-ddzsfiyxyoauidejndllmosklbkq/SourcePackages/checkouts/posthog-ios/vendor/libwebp/rescaler_utils.c normal x86_64 c com.apple.compilers.llvm.clang.1_0.compiler (in target 'phlibwebp' from project 'PostHog')
    cd /Users/jasonlee/Coding/App/Notch/Notch.xcodeproj
    
    Using response file: /Users/jasonlee/Library/Developer/Xcode/DerivedData/Notch-ddzsfiyxyoauidejndllmosklbkq/Build/Intermediates.noindex/PostHog.build/Release/phlibwebp.build/Objects-normal/x86_64/7187679823f38a2a940e0043cdf9d637-common-args.resp
    
    builtin-ScanDependencies -o /Users/jasonlee/Library/Developer/Xcode/DerivedData/Notch-ddzsfiyxyoauidejndllmosklbkq/Build/Intermediates.noindex/PostHog.build/Release/phlibwebp.build/Objects-normal/x86_64/rescaler_utils.o.scan -- /Applications/Xcode.app/Contents/Developer/Toolchains/XcodeDefault.xctoolchain/usr/bin/clang -x c -ivfsstatcache /Users/jasonlee/Library/Developer/Xcode/DerivedData/SDKStatCaches.noindex/macosx26.4-25E251-30f9ca8789b706f8bd3fc906a70d770f.sdkstatcache -target x86_64-apple-macos10.15 -fmessage-length\=0 -fdiagnostics-show-note-include-stack -fmacro-backtrace-limit\=0 -fno-color-diagnostics -fmodules-prune-interval\=86400 -fmodules-prune-after\=345600 -fbuild-session-file\=/Users/jasonlee/Library/Developer/Xcode/DerivedData/ModuleCache.noindex/Session.modulevalidation -fmodules-validate-once-per-build-session -Wnon-modular-include-in-framework-module -Werror\=non-modular-include-in-framework-module -Wno-trigraphs -Wno-missing-field-initializers -Wno-missing-prototypes -Wno-return-type -Wno-missing-braces -Wparentheses -Wswitch -Wno-unused-function -Wno-unused-label -Wno-unused-parameter -Wno-unused-variable -Wunused-value -Wno-empty-body -Wno-uninitialized -Wno-unknown-pragmas -w -Wno-shadow -Wno-four-char-constants -Wno-conversion -Wno-constant-conversion -Wno-int-conversion -Wno-bool-conversion -Wno-enum-conversion -Wno-float-conversion -Wno-non-literal-null-conversion -Wno-objc-literal-conversion -Wshorten-64-to-32 -Wpointer-sign -Wno-newline-eof -Wno-implicit-fallthrough -isysroot /Applications/Xcode.app/Contents/Developer/Platforms/MacOSX.platform/Developer/SDKs/MacOSX26.4.sdk -fstrict-aliasing -Wdeprecated-declarations -Wno-sign-conversion -Wno-infinite-recursion -Wno-comma -Wno-block-capture-autoreleasing -Wno-strict-prototypes -Wno-semicolon-before-method-body @/Users/jasonlee/Library/Developer/Xcode/DerivedData/Notch-ddzsfiyxyoauidejndllmosklbkq/Build/Intermediates.noindex/PostHog.build/Release/phlibwebp.build/Objects-normal/x86_64/7187679823f38a2a940e0043cdf9d637-common-args.resp -MMD -MT dependencies -MF /Users/jasonlee/Library/Developer/Xcode/DerivedData/Notch-ddzsfiyxyoauidejndllmosklbkq/Build/Intermediates.noindex/PostHog.build/Release/phlibwebp.build/Objects-normal/x86_64/rescaler_utils.d --serialize-diagnostics /Users/jasonlee/Library/Developer/Xcode/DerivedData/Notch-ddzsfiyxyoauidejndllmosklbkq/Build/Intermediates.noindex/PostHog.build/Release/phlibwebp.build/Objects-normal/x86_64/rescaler_utils.dia -c /Users/jasonlee/Library/Developer/Xcode/DerivedData/Notch-ddzsfiyxyoauidejndllmosklbkq/SourcePackages/checkouts/posthog-ios/vendor/libwebp/rescaler_utils.c -o /Users/jasonlee/Library/Developer/Xcode/DerivedData/Notch-ddzsfiyxyoauidejndllmosklbkq/Build/Intermediates.noindex/PostHog.build/Release/phlibwebp.build/Objects-normal/x86_64/rescaler_utils.o

ScanDependencies /Users/jasonlee/Library/Developer/Xcode/DerivedData/Notch-ddzsfiyxyoauidejndllmosklbkq/Build/Intermediates.noindex/PostHog.build/Release/phlibwebp.build/Objects-normal/x86_64/rescaler_sse2.o /Users/jasonlee/Library/Developer/Xcode/DerivedData/Notch-ddzsfiyxyoauidejndllmosklbkq/SourcePackages/checkouts/posthog-ios/vendor/libwebp/rescaler_sse2.c normal x86_64 c com.apple.compilers.llvm.clang.1_0.compiler (in target 'phlibwebp' from project 'PostHog')
    cd /Users/jasonlee/Coding/App/Notch/Notch.xcodeproj
    
    Using response file: /Users/jasonlee/Library/Developer/Xcode/DerivedData/Notch-ddzsfiyxyoauidejndllmosklbkq/Build/Intermediates.noindex/PostHog.build/Release/phlibwebp.build/Objects-normal/x86_64/7187679823f38a2a940e0043cdf9d637-common-args.resp
    
    builtin-ScanDependencies -o /Users/jasonlee/Library/Developer/Xcode/DerivedData/Notch-ddzsfiyxyoauidejndllmosklbkq/Build/Intermediates.noindex/PostHog.build/Release/phlibwebp.build/Objects-normal/x86_64/rescaler_sse2.o.scan -- /Applications/Xcode.app/Contents/Developer/Toolchains/XcodeDefault.xctoolchain/usr/bin/clang -x c -ivfsstatcache /Users/jasonlee/Library/Developer/Xcode/DerivedData/SDKStatCaches.noindex/macosx26.4-25E251-30f9ca8789b706f8bd3fc906a70d770f.sdkstatcache -target x86_64-apple-macos10.15 -fmessage-length\=0 -fdiagnostics-show-note-include-stack -fmacro-backtrace-limit\=0 -fno-color-diagnostics -fmodules-prune-interval\=86400 -fmodules-prune-after\=345600 -fbuild-session-file\=/Users/jasonlee/Library/Developer/Xcode/DerivedData/ModuleCache.noindex/Session.modulevalidation -fmodules-validate-once-per-build-session -Wnon-modular-include-in-framework-module -Werror\=non-modular-include-in-framework-module -Wno-trigraphs -Wno-missing-field-initializers -Wno-missing-prototypes -Wno-return-type -Wno-missing-braces -Wparentheses -Wswitch -Wno-unused-function -Wno-unused-label -Wno-unused-parameter -Wno-unused-variable -Wunused-value -Wno-empty-body -Wno-uninitialized -Wno-unknown-pragmas -w -Wno-shadow -Wno-four-char-constants -Wno-conversion -Wno-constant-conversion -Wno-int-conversion -Wno-bool-conversion -Wno-enum-conversion -Wno-float-conversion -Wno-non-literal-null-conversion -Wno-objc-literal-conversion -Wshorten-64-to-32 -Wpointer-sign -Wno-newline-eof -Wno-implicit-fallthrough -isysroot /Applications/Xcode.app/Contents/Developer/Platforms/MacOSX.platform/Developer/SDKs/MacOSX26.4.sdk -fstrict-aliasing -Wdeprecated-declarations -Wno-sign-conversion -Wno-infinite-recursion -Wno-comma -Wno-block-capture-autoreleasing -Wno-strict-prototypes -Wno-semicolon-before-method-body @/Users/jasonlee/Library/Developer/Xcode/DerivedData/Notch-ddzsfiyxyoauidejndllmosklbkq/Build/Intermediates.noindex/PostHog.build/Release/phlibwebp.build/Objects-normal/x86_64/7187679823f38a2a940e0043cdf9d637-common-args.resp -MMD -MT dependencies -MF /Users/jasonlee/Library/Developer/Xcode/DerivedData/Notch-ddzsfiyxyoauidejndllmosklbkq/Build/Intermediates.noindex/PostHog.build/Release/phlibwebp.build/Objects-normal/x86_64/rescaler_sse2.d --serialize-diagnostics /Users/jasonlee/Library/Developer/Xcode/DerivedData/Notch-ddzsfiyxyoauidejndllmosklbkq/Build/Intermediates.noindex/PostHog.build/Release/phlibwebp.build/Objects-normal/x86_64/rescaler_sse2.dia -c /Users/jasonlee/Library/Developer/Xcode/DerivedData/Notch-ddzsfiyxyoauidejndllmosklbkq/SourcePackages/checkouts/posthog-ios/vendor/libwebp/rescaler_sse2.c -o /Users/jasonlee/Library/Developer/Xcode/DerivedData/Notch-ddzsfiyxyoauidejndllmosklbkq/Build/Intermediates.noindex/PostHog.build/Release/phlibwebp.build/Objects-normal/x86_64/rescaler_sse2.o

ScanDependencies /Users/jasonlee/Library/Developer/Xcode/DerivedData/Notch-ddzsfiyxyoauidejndllmosklbkq/Build/Intermediates.noindex/PostHog.build/Release/phlibwebp.build/Objects-normal/x86_64/rescaler_neon.o /Users/jasonlee/Library/Developer/Xcode/DerivedData/Notch-ddzsfiyxyoauidejndllmosklbkq/SourcePackages/checkouts/posthog-ios/vendor/libwebp/rescaler_neon.c normal x86_64 c com.apple.compilers.llvm.clang.1_0.compiler (in target 'phlibwebp' from project 'PostHog')
    cd /Users/jasonlee/Coding/App/Notch/Notch.xcodeproj
    
    Using response file: /Users/jasonlee/Library/Developer/Xcode/DerivedData/Notch-ddzsfiyxyoauidejndllmosklbkq/Build/Intermediates.noindex/PostHog.build/Release/phlibwebp.build/Objects-normal/x86_64/7187679823f38a2a940e0043cdf9d637-common-args.resp
    
    builtin-ScanDependencies -o /Users/jasonlee/Library/Developer/Xcode/DerivedData/Notch-ddzsfiyxyoauidejndllmosklbkq/Build/Intermediates.noindex/PostHog.build/Release/phlibwebp.build/Objects-normal/x86_64/rescaler_neon.o.scan -- /Applications/Xcode.app/Contents/Developer/Toolchains/XcodeDefault.xctoolchain/usr/bin/clang -x c -ivfsstatcache /Users/jasonlee/Library/Developer/Xcode/DerivedData/SDKStatCaches.noindex/macosx26.4-25E251-30f9ca8789b706f8bd3fc906a70d770f.sdkstatcache -target x86_64-apple-macos10.15 -fmessage-length\=0 -fdiagnostics-show-note-include-stack -fmacro-backtrace-limit\=0 -fno-color-diagnostics -fmodules-prune-interval\=86400 -fmodules-prune-after\=345600 -fbuild-session-file\=/Users/jasonlee/Library/Developer/Xcode/DerivedData/ModuleCache.noindex/Session.modulevalidation -fmodules-validate-once-per-build-session -Wnon-modular-include-in-framework-module -Werror\=non-modular-include-in-framework-module -Wno-trigraphs -Wno-missing-field-initializers -Wno-missing-prototypes -Wno-return-type -Wno-missing-braces -Wparentheses -Wswitch -Wno-unused-function -Wno-unused-label -Wno-unused-parameter -Wno-unused-variable -Wunused-value -Wno-empty-body -Wno-uninitialized -Wno-unknown-pragmas -w -Wno-shadow -Wno-four-char-constants -Wno-conversion -Wno-constant-conversion -Wno-int-conversion -Wno-bool-conversion -Wno-enum-conversion -Wno-float-conversion -Wno-non-literal-null-conversion -Wno-objc-literal-conversion -Wshorten-64-to-32 -Wpointer-sign -Wno-newline-eof -Wno-implicit-fallthrough -isysroot /Applications/Xcode.app/Contents/Developer/Platforms/MacOSX.platform/Developer/SDKs/MacOSX26.4.sdk -fstrict-aliasing -Wdeprecated-declarations -Wno-sign-conversion -Wno-infinite-recursion -Wno-comma -Wno-block-capture-autoreleasing -Wno-strict-prototypes -Wno-semicolon-before-method-body @/Users/jasonlee/Library/Developer/Xcode/DerivedData/Notch-ddzsfiyxyoauidejndllmosklbkq/Build/Intermediates.noindex/PostHog.build/Release/phlibwebp.build/Objects-normal/x86_64/7187679823f38a2a940e0043cdf9d637-common-args.resp -MMD -MT dependencies -MF /Users/jasonlee/Library/Developer/Xcode/DerivedData/Notch-ddzsfiyxyoauidejndllmosklbkq/Build/Intermediates.noindex/PostHog.build/Release/phlibwebp.build/Objects-normal/x86_64/rescaler_neon.d --serialize-diagnostics /Users/jasonlee/Library/Developer/Xcode/DerivedData/Notch-ddzsfiyxyoauidejndllmosklbkq/Build/Intermediates.noindex/PostHog.build/Release/phlibwebp.build/Objects-normal/x86_64/rescaler_neon.dia -c /Users/jasonlee/Library/Developer/Xcode/DerivedData/Notch-ddzsfiyxyoauidejndllmosklbkq/SourcePackages/checkouts/posthog-ios/vendor/libwebp/rescaler_neon.c -o /Users/jasonlee/Library/Developer/Xcode/DerivedData/Notch-ddzsfiyxyoauidejndllmosklbkq/Build/Intermediates.noindex/PostHog.build/Release/phlibwebp.build/Objects-normal/x86_64/rescaler_neon.o

PrecompileModule /Users/jasonlee/Library/Developer/Xcode/DerivedData/Notch-ddzsfiyxyoauidejndllmosklbkq/Build/Intermediates.noindex/ExplicitPrecompiledModules/_Builtin_limits-9CD1ZSRUNU44Y8E8RTMJA3W46.scan
    cd /
    builtin-precompileModule /Users/jasonlee/Library/Developer/Xcode/DerivedData/Notch-ddzsfiyxyoauidejndllmosklbkq/Build/Intermediates.noindex/ExplicitPrecompiledModules/_Builtin_limits-9CD1ZSRUNU44Y8E8RTMJA3W46.scan

ScanDependencies /Users/jasonlee/Library/Developer/Xcode/DerivedData/Notch-ddzsfiyxyoauidejndllmosklbkq/Build/Intermediates.noindex/PostHog.build/Release/phlibwebp.build/Objects-normal/x86_64/rescaler.o /Users/jasonlee/Library/Developer/Xcode/DerivedData/Notch-ddzsfiyxyoauidejndllmosklbkq/SourcePackages/checkouts/posthog-ios/vendor/libwebp/rescaler.c normal x86_64 c com.apple.compilers.llvm.clang.1_0.compiler (in target 'phlibwebp' from project 'PostHog')
    cd /Users/jasonlee/Coding/App/Notch/Notch.xcodeproj
    
    Using response file: /Users/jasonlee/Library/Developer/Xcode/DerivedData/Notch-ddzsfiyxyoauidejndllmosklbkq/Build/Intermediates.noindex/PostHog.build/Release/phlibwebp.build/Objects-normal/x86_64/7187679823f38a2a940e0043cdf9d637-common-args.resp
    
    builtin-ScanDependencies -o /Users/jasonlee/Library/Developer/Xcode/DerivedData/Notch-ddzsfiyxyoauidejndllmosklbkq/Build/Intermediates.noindex/PostHog.build/Release/phlibwebp.build/Objects-normal/x86_64/rescaler.o.scan -- /Applications/Xcode.app/Contents/Developer/Toolchains/XcodeDefault.xctoolchain/usr/bin/clang -x c -ivfsstatcache /Users/jasonlee/Library/Developer/Xcode/DerivedData/SDKStatCaches.noindex/macosx26.4-25E251-30f9ca8789b706f8bd3fc906a70d770f.sdkstatcache -target x86_64-apple-macos10.15 -fmessage-length\=0 -fdiagnostics-show-note-include-stack -fmacro-backtrace-limit\=0 -fno-color-diagnostics -fmodules-prune-interval\=86400 -fmodules-prune-after\=345600 -fbuild-session-file\=/Users/jasonlee/Library/Developer/Xcode/DerivedData/ModuleCache.noindex/Session.modulevalidation -fmodules-validate-once-per-build-session -Wnon-modular-include-in-framework-module -Werror\=non-modular-include-in-framework-module -Wno-trigraphs -Wno-missing-field-initializers -Wno-missing-prototypes -Wno-return-type -Wno-missing-braces -Wparentheses -Wswitch -Wno-unused-function -Wno-unused-label -Wno-unused-parameter -Wno-unused-variable -Wunused-value -Wno-empty-body -Wno-uninitialized -Wno-unknown-pragmas -w -Wno-shadow -Wno-four-char-constants -Wno-conversion -Wno-constant-conversion -Wno-int-conversion -Wno-bool-conversion -Wno-enum-conversion -Wno-float-conversion -Wno-non-literal-null-conversion -Wno-objc-literal-conversion -Wshorten-64-to-32 -Wpointer-sign -Wno-newline-eof -Wno-implicit-fallthrough -isysroot /Applications/Xcode.app/Contents/Developer/Platforms/MacOSX.platform/Developer/SDKs/MacOSX26.4.sdk -fstrict-aliasing -Wdeprecated-declarations -Wno-sign-conversion -Wno-infinite-recursion -Wno-comma -Wno-block-capture-autoreleasing -Wno-strict-prototypes -Wno-semicolon-before-method-body @/Users/jasonlee/Library/Developer/Xcode/DerivedData/Notch-ddzsfiyxyoauidejndllmosklbkq/Build/Intermediates.noindex/PostHog.build/Release/phlibwebp.build/Objects-normal/x86_64/7187679823f38a2a940e0043cdf9d637-common-args.resp -MMD -MT dependencies -MF /Users/jasonlee/Library/Developer/Xcode/DerivedData/Notch-ddzsfiyxyoauidejndllmosklbkq/Build/Intermediates.noindex/PostHog.build/Release/phlibwebp.build/Objects-normal/x86_64/rescaler.d --serialize-diagnostics /Users/jasonlee/Library/Developer/Xcode/DerivedData/Notch-ddzsfiyxyoauidejndllmosklbkq/Build/Intermediates.noindex/PostHog.build/Release/phlibwebp.build/Objects-normal/x86_64/rescaler.dia -c /Users/jasonlee/Library/Developer/Xcode/DerivedData/Notch-ddzsfiyxyoauidejndllmosklbkq/SourcePackages/checkouts/posthog-ios/vendor/libwebp/rescaler.c -o /Users/jasonlee/Library/Developer/Xcode/DerivedData/Notch-ddzsfiyxyoauidejndllmosklbkq/Build/Intermediates.noindex/PostHog.build/Release/phlibwebp.build/Objects-normal/x86_64/rescaler.o

ScanDependencies /Users/jasonlee/Library/Developer/Xcode/DerivedData/Notch-ddzsfiyxyoauidejndllmosklbkq/Build/Intermediates.noindex/PostHog.build/Release/phlibwebp.build/Objects-normal/x86_64/random_utils.o /Users/jasonlee/Library/Developer/Xcode/DerivedData/Notch-ddzsfiyxyoauidejndllmosklbkq/SourcePackages/checkouts/posthog-ios/vendor/libwebp/random_utils.c normal x86_64 c com.apple.compilers.llvm.clang.1_0.compiler (in target 'phlibwebp' from project 'PostHog')
    cd /Users/jasonlee/Coding/App/Notch/Notch.xcodeproj
    
    Using response file: /Users/jasonlee/Library/Developer/Xcode/DerivedData/Notch-ddzsfiyxyoauidejndllmosklbkq/Build/Intermediates.noindex/PostHog.build/Release/phlibwebp.build/Objects-normal/x86_64/7187679823f38a2a940e0043cdf9d637-common-args.resp
    
    builtin-ScanDependencies -o /Users/jasonlee/Library/Developer/Xcode/DerivedData/Notch-ddzsfiyxyoauidejndllmosklbkq/Build/Intermediates.noindex/PostHog.build/Release/phlibwebp.build/Objects-normal/x86_64/random_utils.o.scan -- /Applications/Xcode.app/Contents/Developer/Toolchains/XcodeDefault.xctoolchain/usr/bin/clang -x c -ivfsstatcache /Users/jasonlee/Library/Developer/Xcode/DerivedData/SDKStatCaches.noindex/macosx26.4-25E251-30f9ca8789b706f8bd3fc906a70d770f.sdkstatcache -target x86_64-apple-macos10.15 -fmessage-length\=0 -fdiagnostics-show-note-include-stack -fmacro-backtrace-limit\=0 -fno-color-diagnostics -fmodules-prune-interval\=86400 -fmodules-prune-after\=345600 -fbuild-session-file\=/Users/jasonlee/Library/Developer/Xcode/DerivedData/ModuleCache.noindex/Session.modulevalidation -fmodules-validate-once-per-build-session -Wnon-modular-include-in-framework-module -Werror\=non-modular-include-in-framework-module -Wno-trigraphs -Wno-missing-field-initializers -Wno-missing-prototypes -Wno-return-type -Wno-missing-braces -Wparentheses -Wswitch -Wno-unused-function -Wno-unused-label -Wno-unused-parameter -Wno-unused-variable -Wunused-value -Wno-empty-body -Wno-uninitialized -Wno-unknown-pragmas -w -Wno-shadow -Wno-four-char-constants -Wno-conversion -Wno-constant-conversion -Wno-int-conversion -Wno-bool-conversion -Wno-enum-conversion -Wno-float-conversion -Wno-non-literal-null-conversion -Wno-objc-literal-conversion -Wshorten-64-to-32 -Wpointer-sign -Wno-newline-eof -Wno-implicit-fallthrough -isysroot /Applications/Xcode.app/Contents/Developer/Platforms/MacOSX.platform/Developer/SDKs/MacOSX26.4.sdk -fstrict-aliasing -Wdeprecated-declarations -Wno-sign-conversion -Wno-infinite-recursion -Wno-comma -Wno-block-capture-autoreleasing -Wno-strict-prototypes -Wno-semicolon-before-method-body @/Users/jasonlee/Library/Developer/Xcode/DerivedData/Notch-ddzsfiyxyoauidejndllmosklbkq/Build/Intermediates.noindex/PostHog.build/Release/phlibwebp.build/Objects-normal/x86_64/7187679823f38a2a940e0043cdf9d637-common-args.resp -MMD -MT dependencies -MF /Users/jasonlee/Library/Developer/Xcode/DerivedData/Notch-ddzsfiyxyoauidejndllmosklbkq/Build/Intermediates.noindex/PostHog.build/Release/phlibwebp.build/Objects-normal/x86_64/random_utils.d --serialize-diagnostics /Users/jasonlee/Library/Developer/Xcode/DerivedData/Notch-ddzsfiyxyoauidejndllmosklbkq/Build/Intermediates.noindex/PostHog.build/Release/phlibwebp.build/Objects-normal/x86_64/random_utils.dia -c /Users/jasonlee/Library/Developer/Xcode/DerivedData/Notch-ddzsfiyxyoauidejndllmosklbkq/SourcePackages/checkouts/posthog-ios/vendor/libwebp/random_utils.c -o /Users/jasonlee/Library/Developer/Xcode/DerivedData/Notch-ddzsfiyxyoauidejndllmosklbkq/Build/Intermediates.noindex/PostHog.build/Release/phlibwebp.build/Objects-normal/x86_64/random_utils.o

ScanDependencies /Users/jasonlee/Library/Developer/Xcode/DerivedData/Notch-ddzsfiyxyoauidejndllmosklbkq/Build/Intermediates.noindex/PostHog.build/Release/phlibwebp.build/Objects-normal/x86_64/quant_levels_utils.o /Users/jasonlee/Library/Developer/Xcode/DerivedData/Notch-ddzsfiyxyoauidejndllmosklbkq/SourcePackages/checkouts/posthog-ios/vendor/libwebp/quant_levels_utils.c normal x86_64 c com.apple.compilers.llvm.clang.1_0.compiler (in target 'phlibwebp' from project 'PostHog')
    cd /Users/jasonlee/Coding/App/Notch/Notch.xcodeproj
    
    Using response file: /Users/jasonlee/Library/Developer/Xcode/DerivedData/Notch-ddzsfiyxyoauidejndllmosklbkq/Build/Intermediates.noindex/PostHog.build/Release/phlibwebp.build/Objects-normal/x86_64/7187679823f38a2a940e0043cdf9d637-common-args.resp
    
    builtin-ScanDependencies -o /Users/jasonlee/Library/Developer/Xcode/DerivedData/Notch-ddzsfiyxyoauidejndllmosklbkq/Build/Intermediates.noindex/PostHog.build/Release/phlibwebp.build/Objects-normal/x86_64/quant_levels_utils.o.scan -- /Applications/Xcode.app/Contents/Developer/Toolchains/XcodeDefault.xctoolchain/usr/bin/clang -x c -ivfsstatcache /Users/jasonlee/Library/Developer/Xcode/DerivedData/SDKStatCaches.noindex/macosx26.4-25E251-30f9ca8789b706f8bd3fc906a70d770f.sdkstatcache -target x86_64-apple-macos10.15 -fmessage-length\=0 -fdiagnostics-show-note-include-stack -fmacro-backtrace-limit\=0 -fno-color-diagnostics -fmodules-prune-interval\=86400 -fmodules-prune-after\=345600 -fbuild-session-file\=/Users/jasonlee/Library/Developer/Xcode/DerivedData/ModuleCache.noindex/Session.modulevalidation -fmodules-validate-once-per-build-session -Wnon-modular-include-in-framework-module -Werror\=non-modular-include-in-framework-module -Wno-trigraphs -Wno-missing-field-initializers -Wno-missing-prototypes -Wno-return-type -Wno-missing-braces -Wparentheses -Wswitch -Wno-unused-function -Wno-unused-label -Wno-unused-parameter -Wno-unused-variable -Wunused-value -Wno-empty-body -Wno-uninitialized -Wno-unknown-pragmas -w -Wno-shadow -Wno-four-char-constants -Wno-conversion -Wno-constant-conversion -Wno-int-conversion -Wno-bool-conversion -Wno-enum-conversion -Wno-float-conversion -Wno-non-literal-null-conversion -Wno-objc-literal-conversion -Wshorten-64-to-32 -Wpointer-sign -Wno-newline-eof -Wno-implicit-fallthrough -isysroot /Applications/Xcode.app/Contents/Developer/Platforms/MacOSX.platform/Developer/SDKs/MacOSX26.4.sdk -fstrict-aliasing -Wdeprecated-declarations -Wno-sign-conversion -Wno-infinite-recursion -Wno-comma -Wno-block-capture-autoreleasing -Wno-strict-prototypes -Wno-semicolon-before-method-body @/Users/jasonlee/Library/Developer/Xcode/DerivedData/Notch-ddzsfiyxyoauidejndllmosklbkq/Build/Intermediates.noindex/PostHog.build/Release/phlibwebp.build/Objects-normal/x86_64/7187679823f38a2a940e0043cdf9d637-common-args.resp -MMD -MT dependencies -MF /Users/jasonlee/Library/Developer/Xcode/DerivedData/Notch-ddzsfiyxyoauidejndllmosklbkq/Build/Intermediates.noindex/PostHog.build/Release/phlibwebp.build/Objects-normal/x86_64/quant_levels_utils.d --serialize-diagnostics /Users/jasonlee/Library/Developer/Xcode/DerivedData/Notch-ddzsfiyxyoauidejndllmosklbkq/Build/Intermediates.noindex/PostHog.build/Release/phlibwebp.build/Objects-normal/x86_64/quant_levels_utils.dia -c /Users/jasonlee/Library/Developer/Xcode/DerivedData/Notch-ddzsfiyxyoauidejndllmosklbkq/SourcePackages/checkouts/posthog-ios/vendor/libwebp/quant_levels_utils.c -o /Users/jasonlee/Library/Developer/Xcode/DerivedData/Notch-ddzsfiyxyoauidejndllmosklbkq/Build/Intermediates.noindex/PostHog.build/Release/phlibwebp.build/Objects-normal/x86_64/quant_levels_utils.o

ScanDependencies /Users/jasonlee/Library/Developer/Xcode/DerivedData/Notch-ddzsfiyxyoauidejndllmosklbkq/Build/Intermediates.noindex/PostHog.build/Release/phlibwebp.build/Objects-normal/x86_64/quant_levels_dec_utils.o /Users/jasonlee/Library/Developer/Xcode/DerivedData/Notch-ddzsfiyxyoauidejndllmosklbkq/SourcePackages/checkouts/posthog-ios/vendor/libwebp/quant_levels_dec_utils.c normal x86_64 c com.apple.compilers.llvm.clang.1_0.compiler (in target 'phlibwebp' from project 'PostHog')
    cd /Users/jasonlee/Coding/App/Notch/Notch.xcodeproj
    
    Using response file: /Users/jasonlee/Library/Developer/Xcode/DerivedData/Notch-ddzsfiyxyoauidejndllmosklbkq/Build/Intermediates.noindex/PostHog.build/Release/phlibwebp.build/Objects-normal/x86_64/7187679823f38a2a940e0043cdf9d637-common-args.resp
    
    builtin-ScanDependencies -o /Users/jasonlee/Library/Developer/Xcode/DerivedData/Notch-ddzsfiyxyoauidejndllmosklbkq/Build/Intermediates.noindex/PostHog.build/Release/phlibwebp.build/Objects-normal/x86_64/quant_levels_dec_utils.o.scan -- /Applications/Xcode.app/Contents/Developer/Toolchains/XcodeDefault.xctoolchain/usr/bin/clang -x c -ivfsstatcache /Users/jasonlee/Library/Developer/Xcode/DerivedData/SDKStatCaches.noindex/macosx26.4-25E251-30f9ca8789b706f8bd3fc906a70d770f.sdkstatcache -target x86_64-apple-macos10.15 -fmessage-length\=0 -fdiagnostics-show-note-include-stack -fmacro-backtrace-limit\=0 -fno-color-diagnostics -fmodules-prune-interval\=86400 -fmodules-prune-after\=345600 -fbuild-session-file\=/Users/jasonlee/Library/Developer/Xcode/DerivedData/ModuleCache.noindex/Session.modulevalidation -fmodules-validate-once-per-build-session -Wnon-modular-include-in-framework-module -Werror\=non-modular-include-in-framework-module -Wno-trigraphs -Wno-missing-field-initializers -Wno-missing-prototypes -Wno-return-type -Wno-missing-braces -Wparentheses -Wswitch -Wno-unused-function -Wno-unused-label -Wno-unused-parameter -Wno-unused-variable -Wunused-value -Wno-empty-body -Wno-uninitialized -Wno-unknown-pragmas -w -Wno-shadow -Wno-four-char-constants -Wno-conversion -Wno-constant-conversion -Wno-int-conversion -Wno-bool-conversion -Wno-enum-conversion -Wno-float-conversion -Wno-non-literal-null-conversion -Wno-objc-literal-conversion -Wshorten-64-to-32 -Wpointer-sign -Wno-newline-eof -Wno-implicit-fallthrough -isysroot /Applications/Xcode.app/Contents/Developer/Platforms/MacOSX.platform/Developer/SDKs/MacOSX26.4.sdk -fstrict-aliasing -Wdeprecated-declarations -Wno-sign-conversion -Wno-infinite-recursion -Wno-comma -Wno-block-capture-autoreleasing -Wno-strict-prototypes -Wno-semicolon-before-method-body @/Users/jasonlee/Library/Developer/Xcode/DerivedData/Notch-ddzsfiyxyoauidejndllmosklbkq/Build/Intermediates.noindex/PostHog.build/Release/phlibwebp.build/Objects-normal/x86_64/7187679823f38a2a940e0043cdf9d637-common-args.resp -MMD -MT dependencies -MF /Users/jasonlee/Library/Developer/Xcode/DerivedData/Notch-ddzsfiyxyoauidejndllmosklbkq/Build/Intermediates.noindex/PostHog.build/Release/phlibwebp.build/Objects-normal/x86_64/quant_levels_dec_utils.d --serialize-diagnostics /Users/jasonlee/Library/Developer/Xcode/DerivedData/Notch-ddzsfiyxyoauidejndllmosklbkq/Build/Intermediates.noindex/PostHog.build/Release/phlibwebp.build/Objects-normal/x86_64/quant_levels_dec_utils.dia -c /Users/jasonlee/Library/Developer/Xcode/DerivedData/Notch-ddzsfiyxyoauidejndllmosklbkq/SourcePackages/checkouts/posthog-ios/vendor/libwebp/quant_levels_dec_utils.c -o /Users/jasonlee/Library/Developer/Xcode/DerivedData/Notch-ddzsfiyxyoauidejndllmosklbkq/Build/Intermediates.noindex/PostHog.build/Release/phlibwebp.build/Objects-normal/x86_64/quant_levels_dec_utils.o

PrecompileModule /Users/jasonlee/Library/Developer/Xcode/DerivedData/Notch-ddzsfiyxyoauidejndllmosklbkq/Build/Intermediates.noindex/ExplicitPrecompiledModules/_Builtin_stdint-7JL8NWLRY10WS9GJHJRWGEZIL.scan
    cd /
    builtin-precompileModule /Users/jasonlee/Library/Developer/Xcode/DerivedData/Notch-ddzsfiyxyoauidejndllmosklbkq/Build/Intermediates.noindex/ExplicitPrecompiledModules/_Builtin_stdint-7JL8NWLRY10WS9GJHJRWGEZIL.scan

ScanDependencies /Users/jasonlee/Library/Developer/Xcode/DerivedData/Notch-ddzsfiyxyoauidejndllmosklbkq/Build/Intermediates.noindex/PostHog.build/Release/phlibwebp.build/Objects-normal/x86_64/quant_enc.o /Users/jasonlee/Library/Developer/Xcode/DerivedData/Notch-ddzsfiyxyoauidejndllmosklbkq/SourcePackages/checkouts/posthog-ios/vendor/libwebp/quant_enc.c normal x86_64 c com.apple.compilers.llvm.clang.1_0.compiler (in target 'phlibwebp' from project 'PostHog')
    cd /Users/jasonlee/Coding/App/Notch/Notch.xcodeproj
    
    Using response file: /Users/jasonlee/Library/Developer/Xcode/DerivedData/Notch-ddzsfiyxyoauidejndllmosklbkq/Build/Intermediates.noindex/PostHog.build/Release/phlibwebp.build/Objects-normal/x86_64/7187679823f38a2a940e0043cdf9d637-common-args.resp
    
    builtin-ScanDependencies -o /Users/jasonlee/Library/Developer/Xcode/DerivedData/Notch-ddzsfiyxyoauidejndllmosklbkq/Build/Intermediates.noindex/PostHog.build/Release/phlibwebp.build/Objects-normal/x86_64/quant_enc.o.scan -- /Applications/Xcode.app/Contents/Developer/Toolchains/XcodeDefault.xctoolchain/usr/bin/clang -x c -ivfsstatcache /Users/jasonlee/Library/Developer/Xcode/DerivedData/SDKStatCaches.noindex/macosx26.4-25E251-30f9ca8789b706f8bd3fc906a70d770f.sdkstatcache -target x86_64-apple-macos10.15 -fmessage-length\=0 -fdiagnostics-show-note-include-stack -fmacro-backtrace-limit\=0 -fno-color-diagnostics -fmodules-prune-interval\=86400 -fmodules-prune-after\=345600 -fbuild-session-file\=/Users/jasonlee/Library/Developer/Xcode/DerivedData/ModuleCache.noindex/Session.modulevalidation -fmodules-validate-once-per-build-session -Wnon-modular-include-in-framework-module -Werror\=non-modular-include-in-framework-module -Wno-trigraphs -Wno-missing-field-initializers -Wno-missing-prototypes -Wno-return-type -Wno-missing-braces -Wparentheses -Wswitch -Wno-unused-function -Wno-unused-label -Wno-unused-parameter -Wno-unused-variable -Wunused-value -Wno-empty-body -Wno-uninitialized -Wno-unknown-pragmas -w -Wno-shadow -Wno-four-char-constants -Wno-conversion -Wno-constant-conversion -Wno-int-conversion -Wno-bool-conversion -Wno-enum-conversion -Wno-float-conversion -Wno-non-literal-null-conversion -Wno-objc-literal-conversion -Wshorten-64-to-32 -Wpointer-sign -Wno-newline-eof -Wno-implicit-fallthrough -isysroot /Applications/Xcode.app/Contents/Developer/Platforms/MacOSX.platform/Developer/SDKs/MacOSX26.4.sdk -fstrict-aliasing -Wdeprecated-declarations -Wno-sign-conversion -Wno-infinite-recursion -Wno-comma -Wno-block-capture-autoreleasing -Wno-strict-prototypes -Wno-semicolon-before-method-body @/Users/jasonlee/Library/Developer/Xcode/DerivedData/Notch-ddzsfiyxyoauidejndllmosklbkq/Build/Intermediates.noindex/PostHog.build/Release/phlibwebp.build/Objects-normal/x86_64/7187679823f38a2a940e0043cdf9d637-common-args.resp -MMD -MT dependencies -MF /Users/jasonlee/Library/Developer/Xcode/DerivedData/Notch-ddzsfiyxyoauidejndllmosklbkq/Build/Intermediates.noindex/PostHog.build/Release/phlibwebp.build/Objects-normal/x86_64/quant_enc.d --serialize-diagnostics /Users/jasonlee/Library/Developer/Xcode/DerivedData/Notch-ddzsfiyxyoauidejndllmosklbkq/Build/Intermediates.noindex/PostHog.build/Release/phlibwebp.build/Objects-normal/x86_64/quant_enc.dia -c /Users/jasonlee/Library/Developer/Xcode/DerivedData/Notch-ddzsfiyxyoauidejndllmosklbkq/SourcePackages/checkouts/posthog-ios/vendor/libwebp/quant_enc.c -o /Users/jasonlee/Library/Developer/Xcode/DerivedData/Notch-ddzsfiyxyoauidejndllmosklbkq/Build/Intermediates.noindex/PostHog.build/Release/phlibwebp.build/Objects-normal/x86_64/quant_enc.o

ScanDependencies /Users/jasonlee/Library/Developer/Xcode/DerivedData/Notch-ddzsfiyxyoauidejndllmosklbkq/Build/Intermediates.noindex/PostHog.build/Release/phlibwebp.build/Objects-normal/x86_64/predictor_enc.o /Users/jasonlee/Library/Developer/Xcode/DerivedData/Notch-ddzsfiyxyoauidejndllmosklbkq/SourcePackages/checkouts/posthog-ios/vendor/libwebp/predictor_enc.c normal x86_64 c com.apple.compilers.llvm.clang.1_0.compiler (in target 'phlibwebp' from project 'PostHog')
    cd /Users/jasonlee/Coding/App/Notch/Notch.xcodeproj
    
    Using response file: /Users/jasonlee/Library/Developer/Xcode/DerivedData/Notch-ddzsfiyxyoauidejndllmosklbkq/Build/Intermediates.noindex/PostHog.build/Release/phlibwebp.build/Objects-normal/x86_64/7187679823f38a2a940e0043cdf9d637-common-args.resp
    
    builtin-ScanDependencies -o /Users/jasonlee/Library/Developer/Xcode/DerivedData/Notch-ddzsfiyxyoauidejndllmosklbkq/Build/Intermediates.noindex/PostHog.build/Release/phlibwebp.build/Objects-normal/x86_64/predictor_enc.o.scan -- /Applications/Xcode.app/Contents/Developer/Toolchains/XcodeDefault.xctoolchain/usr/bin/clang -x c -ivfsstatcache /Users/jasonlee/Library/Developer/Xcode/DerivedData/SDKStatCaches.noindex/macosx26.4-25E251-30f9ca8789b706f8bd3fc906a70d770f.sdkstatcache -target x86_64-apple-macos10.15 -fmessage-length\=0 -fdiagnostics-show-note-include-stack -fmacro-backtrace-limit\=0 -fno-color-diagnostics -fmodules-prune-interval\=86400 -fmodules-prune-after\=345600 -fbuild-session-file\=/Users/jasonlee/Library/Developer/Xcode/DerivedData/ModuleCache.noindex/Session.modulevalidation -fmodules-validate-once-per-build-session -Wnon-modular-include-in-framework-module -Werror\=non-modular-include-in-framework-module -Wno-trigraphs -Wno-missing-field-initializers -Wno-missing-prototypes -Wno-return-type -Wno-missing-braces -Wparentheses -Wswitch -Wno-unused-function -Wno-unused-label -Wno-unused-parameter -Wno-unused-variable -Wunused-value -Wno-empty-body -Wno-uninitialized -Wno-unknown-pragmas -w -Wno-shadow -Wno-four-char-constants -Wno-conversion -Wno-constant-conversion -Wno-int-conversion -Wno-bool-conversion -Wno-enum-conversion -Wno-float-conversion -Wno-non-literal-null-conversion -Wno-objc-literal-conversion -Wshorten-64-to-32 -Wpointer-sign -Wno-newline-eof -Wno-implicit-fallthrough -isysroot /Applications/Xcode.app/Contents/Developer/Platforms/MacOSX.platform/Developer/SDKs/MacOSX26.4.sdk -fstrict-aliasing -Wdeprecated-declarations -Wno-sign-conversion -Wno-infinite-recursion -Wno-comma -Wno-block-capture-autoreleasing -Wno-strict-prototypes -Wno-semicolon-before-method-body @/Users/jasonlee/Library/Developer/Xcode/DerivedData/Notch-ddzsfiyxyoauidejndllmosklbkq/Build/Intermediates.noindex/PostHog.build/Release/phlibwebp.build/Objects-normal/x86_64/7187679823f38a2a940e0043cdf9d637-common-args.resp -MMD -MT dependencies -MF /Users/jasonlee/Library/Developer/Xcode/DerivedData/Notch-ddzsfiyxyoauidejndllmosklbkq/Build/Intermediates.noindex/PostHog.build/Release/phlibwebp.build/Objects-normal/x86_64/predictor_enc.d --serialize-diagnostics /Users/jasonlee/Library/Developer/Xcode/DerivedData/Notch-ddzsfiyxyoauidejndllmosklbkq/Build/Intermediates.noindex/PostHog.build/Release/phlibwebp.build/Objects-normal/x86_64/predictor_enc.dia -c /Users/jasonlee/Library/Developer/Xcode/DerivedData/Notch-ddzsfiyxyoauidejndllmosklbkq/SourcePackages/checkouts/posthog-ios/vendor/libwebp/predictor_enc.c -o /Users/jasonlee/Library/Developer/Xcode/DerivedData/Notch-ddzsfiyxyoauidejndllmosklbkq/Build/Intermediates.noindex/PostHog.build/Release/phlibwebp.build/Objects-normal/x86_64/predictor_enc.o

ScanDependencies /Users/jasonlee/Library/Developer/Xcode/DerivedData/Notch-ddzsfiyxyoauidejndllmosklbkq/Build/Intermediates.noindex/PostHog.build/Release/phlibwebp.build/Objects-normal/x86_64/picture_rescale_enc.o /Users/jasonlee/Library/Developer/Xcode/DerivedData/Notch-ddzsfiyxyoauidejndllmosklbkq/SourcePackages/checkouts/posthog-ios/vendor/libwebp/picture_rescale_enc.c normal x86_64 c com.apple.compilers.llvm.clang.1_0.compiler (in target 'phlibwebp' from project 'PostHog')
    cd /Users/jasonlee/Coding/App/Notch/Notch.xcodeproj
    
    Using response file: /Users/jasonlee/Library/Developer/Xcode/DerivedData/Notch-ddzsfiyxyoauidejndllmosklbkq/Build/Intermediates.noindex/PostHog.build/Release/phlibwebp.build/Objects-normal/x86_64/7187679823f38a2a940e0043cdf9d637-common-args.resp
    
    builtin-ScanDependencies -o /Users/jasonlee/Library/Developer/Xcode/DerivedData/Notch-ddzsfiyxyoauidejndllmosklbkq/Build/Intermediates.noindex/PostHog.build/Release/phlibwebp.build/Objects-normal/x86_64/picture_rescale_enc.o.scan -- /Applications/Xcode.app/Contents/Developer/Toolchains/XcodeDefault.xctoolchain/usr/bin/clang -x c -ivfsstatcache /Users/jasonlee/Library/Developer/Xcode/DerivedData/SDKStatCaches.noindex/macosx26.4-25E251-30f9ca8789b706f8bd3fc906a70d770f.sdkstatcache -target x86_64-apple-macos10.15 -fmessage-length\=0 -fdiagnostics-show-note-include-stack -fmacro-backtrace-limit\=0 -fno-color-diagnostics -fmodules-prune-interval\=86400 -fmodules-prune-after\=345600 -fbuild-session-file\=/Users/jasonlee/Library/Developer/Xcode/DerivedData/ModuleCache.noindex/Session.modulevalidation -fmodules-validate-once-per-build-session -Wnon-modular-include-in-framework-module -Werror\=non-modular-include-in-framework-module -Wno-trigraphs -Wno-missing-field-initializers -Wno-missing-prototypes -Wno-return-type -Wno-missing-braces -Wparentheses -Wswitch -Wno-unused-function -Wno-unused-label -Wno-unused-parameter -Wno-unused-variable -Wunused-value -Wno-empty-body -Wno-uninitialized -Wno-unknown-pragmas -w -Wno-shadow -Wno-four-char-constants -Wno-conversion -Wno-constant-conversion -Wno-int-conversion -Wno-bool-conversion -Wno-enum-conversion -Wno-float-conversion -Wno-non-literal-null-conversion -Wno-objc-literal-conversion -Wshorten-64-to-32 -Wpointer-sign -Wno-newline-eof -Wno-implicit-fallthrough -isysroot /Applications/Xcode.app/Contents/Developer/Platforms/MacOSX.platform/Developer/SDKs/MacOSX26.4.sdk -fstrict-aliasing -Wdeprecated-declarations -Wno-sign-conversion -Wno-infinite-recursion -Wno-comma -Wno-block-capture-autoreleasing -Wno-strict-prototypes -Wno-semicolon-before-method-body @/Users/jasonlee/Library/Developer/Xcode/DerivedData/Notch-ddzsfiyxyoauidejndllmosklbkq/Build/Intermediates.noindex/PostHog.build/Release/phlibwebp.build/Objects-normal/x86_64/7187679823f38a2a940e0043cdf9d637-common-args.resp -MMD -MT dependencies -MF /Users/jasonlee/Library/Developer/Xcode/DerivedData/Notch-ddzsfiyxyoauidejndllmosklbkq/Build/Intermediates.noindex/PostHog.build/Release/phlibwebp.build/Objects-normal/x86_64/picture_rescale_enc.d --serialize-diagnostics /Users/jasonlee/Library/Developer/Xcode/DerivedData/Notch-ddzsfiyxyoauidejndllmosklbkq/Build/Intermediates.noindex/PostHog.build/Release/phlibwebp.build/Objects-normal/x86_64/picture_rescale_enc.dia -c /Users/jasonlee/Library/Developer/Xcode/DerivedData/Notch-ddzsfiyxyoauidejndllmosklbkq/SourcePackages/checkouts/posthog-ios/vendor/libwebp/picture_rescale_enc.c -o /Users/jasonlee/Library/Developer/Xcode/DerivedData/Notch-ddzsfiyxyoauidejndllmosklbkq/Build/Intermediates.noindex/PostHog.build/Release/phlibwebp.build/Objects-normal/x86_64/picture_rescale_enc.o

ScanDependencies /Users/jasonlee/Library/Developer/Xcode/DerivedData/Notch-ddzsfiyxyoauidejndllmosklbkq/Build/Intermediates.noindex/PostHog.build/Release/phlibwebp.build/Objects-normal/x86_64/picture_tools_enc.o /Users/jasonlee/Library/Developer/Xcode/DerivedData/Notch-ddzsfiyxyoauidejndllmosklbkq/SourcePackages/checkouts/posthog-ios/vendor/libwebp/picture_tools_enc.c normal x86_64 c com.apple.compilers.llvm.clang.1_0.compiler (in target 'phlibwebp' from project 'PostHog')
    cd /Users/jasonlee/Coding/App/Notch/Notch.xcodeproj
    
    Using response file: /Users/jasonlee/Library/Developer/Xcode/DerivedData/Notch-ddzsfiyxyoauidejndllmosklbkq/Build/Intermediates.noindex/PostHog.build/Release/phlibwebp.build/Objects-normal/x86_64/7187679823f38a2a940e0043cdf9d637-common-args.resp
    
    builtin-ScanDependencies -o /Users/jasonlee/Library/Developer/Xcode/DerivedData/Notch-ddzsfiyxyoauidejndllmosklbkq/Build/Intermediates.noindex/PostHog.build/Release/phlibwebp.build/Objects-normal/x86_64/picture_tools_enc.o.scan -- /Applications/Xcode.app/Contents/Developer/Toolchains/XcodeDefault.xctoolchain/usr/bin/clang -x c -ivfsstatcache /Users/jasonlee/Library/Developer/Xcode/DerivedData/SDKStatCaches.noindex/macosx26.4-25E251-30f9ca8789b706f8bd3fc906a70d770f.sdkstatcache -target x86_64-apple-macos10.15 -fmessage-length\=0 -fdiagnostics-show-note-include-stack -fmacro-backtrace-limit\=0 -fno-color-diagnostics -fmodules-prune-interval\=86400 -fmodules-prune-after\=345600 -fbuild-session-file\=/Users/jasonlee/Library/Developer/Xcode/DerivedData/ModuleCache.noindex/Session.modulevalidation -fmodules-validate-once-per-build-session -Wnon-modular-include-in-framework-module -Werror\=non-modular-include-in-framework-module -Wno-trigraphs -Wno-missing-field-initializers -Wno-missing-prototypes -Wno-return-type -Wno-missing-braces -Wparentheses -Wswitch -Wno-unused-function -Wno-unused-label -Wno-unused-parameter -Wno-unused-variable -Wunused-value -Wno-empty-body -Wno-uninitialized -Wno-unknown-pragmas -w -Wno-shadow -Wno-four-char-constants -Wno-conversion -Wno-constant-conversion -Wno-int-conversion -Wno-bool-conversion -Wno-enum-conversion -Wno-float-conversion -Wno-non-literal-null-conversion -Wno-objc-literal-conversion -Wshorten-64-to-32 -Wpointer-sign -Wno-newline-eof -Wno-implicit-fallthrough -isysroot /Applications/Xcode.app/Contents/Developer/Platforms/MacOSX.platform/Developer/SDKs/MacOSX26.4.sdk -fstrict-aliasing -Wdeprecated-declarations -Wno-sign-conversion -Wno-infinite-recursion -Wno-comma -Wno-block-capture-autoreleasing -Wno-strict-prototypes -Wno-semicolon-before-method-body @/Users/jasonlee/Library/Developer/Xcode/DerivedData/Notch-ddzsfiyxyoauidejndllmosklbkq/Build/Intermediates.noindex/PostHog.build/Release/phlibwebp.build/Objects-normal/x86_64/7187679823f38a2a940e0043cdf9d637-common-args.resp -MMD -MT dependencies -MF /Users/jasonlee/Library/Developer/Xcode/DerivedData/Notch-ddzsfiyxyoauidejndllmosklbkq/Build/Intermediates.noindex/PostHog.build/Release/phlibwebp.build/Objects-normal/x86_64/picture_tools_enc.d --serialize-diagnostics /Users/jasonlee/Library/Developer/Xcode/DerivedData/Notch-ddzsfiyxyoauidejndllmosklbkq/Build/Intermediates.noindex/PostHog.build/Release/phlibwebp.build/Objects-normal/x86_64/picture_tools_enc.dia -c /Users/jasonlee/Library/Developer/Xcode/DerivedData/Notch-ddzsfiyxyoauidejndllmosklbkq/SourcePackages/checkouts/posthog-ios/vendor/libwebp/picture_tools_enc.c -o /Users/jasonlee/Library/Developer/Xcode/DerivedData/Notch-ddzsfiyxyoauidejndllmosklbkq/Build/Intermediates.noindex/PostHog.build/Release/phlibwebp.build/Objects-normal/x86_64/picture_tools_enc.o

SwiftCompile normal x86_64 Compiling\ SkyLightOperator.swift,\ SwiftUI+MoveToSky.swift,\ SwiftUI+WindowReader.swift,\ TopmostWindow.swift,\ TopmostWindowController.swift /Users/jasonlee/Library/Developer/Xcode/DerivedData/Notch-ddzsfiyxyoauidejndllmosklbkq/SourcePackages/checkouts/SkyLightWindow/Sources/SkyLightWindow/SkyLightOperator.swift /Users/jasonlee/Library/Developer/Xcode/DerivedData/Notch-ddzsfiyxyoauidejndllmosklbkq/SourcePackages/checkouts/SkyLightWindow/Sources/SkyLightWindow/SwiftUI+MoveToSky.swift /Users/jasonlee/Library/Developer/Xcode/DerivedData/Notch-ddzsfiyxyoauidejndllmosklbkq/SourcePackages/checkouts/SkyLightWindow/Sources/SkyLightWindow/SwiftUI+WindowReader.swift /Users/jasonlee/Library/Developer/Xcode/DerivedData/Notch-ddzsfiyxyoauidejndllmosklbkq/SourcePackages/checkouts/SkyLightWindow/Sources/SkyLightWindow/TopmostWindow.swift /Users/jasonlee/Library/Developer/Xcode/DerivedData/Notch-ddzsfiyxyoauidejndllmosklbkq/SourcePackages/checkouts/SkyLightWindow/Sources/SkyLightWindow/TopmostWindowController.swift /Applications/Xcode.app/Contents/Developer/Toolchains/XcodeDefault.xctoolchain/usr/lib/swift/macosx/prebuilt-modules/26.4/CoreTransferable.swiftmodule/x86_64-apple-macos.swiftmodule /Applications/Xcode.app/Contents/Developer/Toolchains/XcodeDefault.xctoolchain/usr/lib/swift/macosx/prebuilt-modules/26.4/Accessibility.swiftmodule/x86_64-apple-macos.swiftmodule /Applications/Xcode.app/Contents/Developer/Toolchains/XcodeDefault.xctoolchain/usr/lib/swift/macosx/prebuilt-modules/26.4/System.swiftmodule/x86_64-apple-macos.swiftmodule /Applications/Xcode.app/Contents/Developer/Toolchains/XcodeDefault.xctoolchain/usr/lib/swift/macosx/prebuilt-modules/26.4/_StringProcessing.swiftmodule/x86_64-apple-macos.swiftmodule /Applications/Xcode.app/Contents/Developer/Toolchains/XcodeDefault.xctoolchain/usr/lib/swift/macosx/prebuilt-modules/26.4/Dispatch.swiftmodule/x86_64-apple-macos.swiftmodule /Applications/Xcode.app/Contents/Developer/Toolchains/XcodeDefault.xctoolchain/usr/lib/swift/macosx/prebuilt-modules/26.4/XPC.swiftmodule/x86_64-apple-macos.swiftmodule /Applications/Xcode.app/Contents/Developer/Toolchains/XcodeDefault.xctoolchain/usr/lib/swift/macosx/prebuilt-modules/26.4/_DarwinFoundation2.swiftmodule/x86_64-apple-macos.swiftmodule /Applications/Xcode.app/Contents/Developer/Toolchains/XcodeDefault.xctoolchain/usr/lib/swift/macosx/prebuilt-modules/26.4/Darwin.swiftmodule/x86_64-apple-macos.swiftmodule /Applications/Xcode.app/Contents/Developer/Toolchains/XcodeDefault.xctoolchain/usr/lib/swift/macosx/prebuilt-modules/26.4/QuartzCore.swiftmodule/x86_64-apple-macos.swiftmodule /Applications/Xcode.app/Contents/Developer/Toolchains/XcodeDefault.xctoolchain/usr/lib/swift/macosx/prebuilt-modules/26.4/Observation.swiftmodule/x86_64-apple-macos.swiftmodule /Applications/Xcode.app/Contents/Developer/Toolchains/XcodeDefault.xctoolchain/usr/lib/swift/macosx/prebuilt-modules/26.4/UniformTypeIdentifiers.swiftmodule/x86_64-apple-macos.swiftmodule /Applications/Xcode.app/Contents/Developer/Toolchains/XcodeDefault.xctoolchain/usr/lib/swift/macosx/prebuilt-modules/26.4/_DarwinFoundation1.swiftmodule/x86_64-apple-macos.swiftmodule /Applications/Xcode.app/Contents/Developer/Toolchains/XcodeDefault.xctoolchain/usr/lib/swift/macosx/prebuilt-modules/26.4/DeveloperToolsSupport.swiftmodule/x86_64-apple-macos.swiftmodule /Applications/Xcode.app/Contents/Developer/Toolchains/XcodeDefault.xctoolchain/usr/lib/swift/macosx/prebuilt-modules/26.4/_Concurrency.swiftmodule/x86_64-apple-macos.swiftmodule /Applications/Xcode.app/Contents/Developer/Toolchains/XcodeDefault.xctoolchain/usr/lib/swift/macosx/prebuilt-modules/26.4/Foundation.swiftmodule/x86_64-apple-macos.swiftmodule /Applications/Xcode.app/Contents/Developer/Toolchains/XcodeDefault.xctoolchain/usr/lib/swift/macosx/prebuilt-modules/26.4/CoreVideo.swiftmodule/x86_64-apple-macos.swiftmodule /Applications/Xcode.app/Contents/Developer/Toolchains/XcodeDefault.xctoolchain/usr/lib/swift/macosx/prebuilt-modules/26.4/CoreText.swiftmodule/x86_64-apple-macos.swiftmodule /Applications/Xcode.app/Contents/Developer/Toolchains/XcodeDefault.xctoolchain/usr/lib/swift/macosx/prebuilt-modules/26.4/Symbols.swiftmodule/x86_64-apple-macos.swiftmodule /Applications/Xcode.app/Contents/Developer/Toolchains/XcodeDefault.xctoolchain/usr/lib/swift/macosx/prebuilt-modules/26.4/Combine.swiftmodule/x86_64-apple-macos.swiftmodule /Applications/Xcode.app/Contents/Developer/Toolchains/XcodeDefault.xctoolchain/usr/lib/swift/macosx/prebuilt-modules/26.4/Metal.swiftmodule/x86_64-apple-macos.swiftmodule /Applications/Xcode.app/Contents/Developer/Toolchains/XcodeDefault.xctoolchain/usr/lib/swift/macosx/prebuilt-modules/26.4/ObjectiveC.swiftmodule/x86_64-apple-macos.swiftmodule /Applications/Xcode.app/Contents/Developer/Toolchains/XcodeDefault.xctoolchain/usr/lib/swift/macosx/prebuilt-modules/26.4/SwiftUICore.swiftmodule/x86_64-apple-macos.swiftmodule /Applications/Xcode.app/Contents/Developer/Toolchains/XcodeDefault.xctoolchain/usr/lib/swift/macosx/prebuilt-modules/26.4/Spatial.swiftmodule/x86_64-apple-macos.swiftmodule /Applications/Xcode.app/Contents/Developer/Toolchains/XcodeDefault.xctoolchain/usr/lib/swift/macosx/prebuilt-modules/26.4/CoreImage.swiftmodule/x86_64-apple-macos.swiftmodule /Applications/Xcode.app/Contents/Developer/Toolchains/XcodeDefault.xctoolchain/usr/lib/swift/macosx/prebuilt-modules/26.4/SwiftUI.swiftmodule/x86_64-apple-macos.swiftmodule /Applications/Xcode.app/Contents/Developer/Toolchains/XcodeDefault.xctoolchain/usr/lib/swift/macosx/prebuilt-modules/26.4/CoreData.swiftmodule/x86_64-apple-macos.swiftmodule /Applications/Xcode.app/Contents/Developer/Toolchains/XcodeDefault.xctoolchain/usr/lib/swift/macosx/prebuilt-modules/26.4/_Builtin_float.swiftmodule/x86_64-apple-macos.swiftmodule /Applications/Xcode.app/Contents/Developer/Toolchains/XcodeDefault.xctoolchain/usr/lib/swift/macosx/prebuilt-modules/26.4/Swift.swiftmodule/x86_64-apple-macos.swiftmodule /Applications/Xcode.app/Contents/Developer/Toolchains/XcodeDefault.xctoolchain/usr/lib/swift/macosx/prebuilt-modules/26.4/CoreGraphics.swiftmodule/x86_64-apple-macos.swiftmodule /Applications/Xcode.app/Contents/Developer/Toolchains/XcodeDefault.xctoolchain/usr/lib/swift/macosx/prebuilt-modules/26.4/CoreFoundation.swiftmodule/x86_64-apple-macos.swiftmodule /Applications/Xcode.app/Contents/Developer/Toolchains/XcodeDefault.xctoolchain/usr/lib/swift/macosx/prebuilt-modules/26.4/AppKit.swiftmodule/x86_64-apple-macos.swiftmodule /Applications/Xcode.app/Contents/Developer/Toolchains/XcodeDefault.xctoolchain/usr/lib/swift/macosx/prebuilt-modules/26.4/_DarwinFoundation3.swiftmodule/x86_64-apple-macos.swiftmodule /Applications/Xcode.app/Contents/Developer/Toolchains/XcodeDefault.xctoolchain/usr/lib/swift/macosx/prebuilt-modules/26.4/DataDetection.swiftmodule/x86_64-apple-macos.swiftmodule /Applications/Xcode.app/Contents/Developer/Toolchains/XcodeDefault.xctoolchain/usr/lib/swift/macosx/prebuilt-modules/26.4/os.swiftmodule/x86_64-apple-macos.swiftmodule /Applications/Xcode.app/Contents/Developer/Toolchains/XcodeDefault.xctoolchain/usr/lib/swift/macosx/prebuilt-modules/26.4/simd.swiftmodule/x86_64-apple-macos.swiftmodule /Applications/Xcode.app/Contents/Developer/Toolchains/XcodeDefault.xctoolchain/usr/lib/swift/macosx/prebuilt-modules/26.4/IOKit.swiftmodule/x86_64-apple-macos.swiftmodule /Applications/Xcode.app/Contents/Developer/Toolchains/XcodeDefault.xctoolchain/usr/lib/swift/macosx/prebuilt-modules/26.4/OSLog.swiftmodule/x86_64-apple-macos.swiftmodule /Users/jasonlee/Library/Developer/Xcode/DerivedData/ModuleCache.noindex/_DarwinFoundation2-3ZXYPAGPILV3KX5SLBLCLWXHX.pcm /Users/jasonlee/Library/Developer/Xcode/DerivedData/ModuleCache.noindex/OpenGL-7ETTHG9FPYA845WR23B34EVYB.pcm /Users/jasonlee/Library/Developer/Xcode/DerivedData/ModuleCache.noindex/UniformTypeIdentifiers-5F6K5QIMQR6AOFNN8I2E9KRL8.pcm /Users/jasonlee/Library/Developer/Xcode/DerivedData/ModuleCache.noindex/launch-DUFXTMT1BXOSVBYFM21L7E4JG.pcm /Users/jasonlee/Library/Developer/Xcode/DerivedData/ModuleCache.noindex/ptrauth-84MZA7V82DGI8MKXSUDG85G7D.pcm /Users/jasonlee/Library/Developer/Xcode/DerivedData/ModuleCache.noindex/Foundation-3BVKKWJJ0B0SB8RIEO9U8V3J.pcm /Users/jasonlee/Library/Developer/Xcode/DerivedData/ModuleCache.noindex/Symbols-34VJAGWW0GEX4IP93CYCGDFVR.pcm /Users/jasonlee/Library/Developer/Xcode/DerivedData/ModuleCache.noindex/SwiftUICore-7IS0C7W1QQKHQXHJSZGHGPXZ1.pcm /Users/jasonlee/Library/Developer/Xcode/DerivedData/ModuleCache.noindex/ptrcheck-4P7KRCPHERCLHXRROIKD3SPVG.pcm /Users/jasonlee/Library/Developer/Xcode/DerivedData/ModuleCache.noindex/Dispatch-7M4TO5PYO2YD5FVEU67P22G9F.pcm /Users/jasonlee/Library/Developer/Xcode/DerivedData/ModuleCache.noindex/CFNetwork-4RKCLZ95WH2067F61DT6CY8SF.pcm /Users/jasonlee/Library/Developer/Xcode/DerivedData/ModuleCache.noindex/_Builtin_inttypes-2ZUACPO8ARH14B576ZOJ716DM.pcm /Users/jasonlee/Library/Developer/Xcode/DerivedData/ModuleCache.noindex/DeveloperToolsSupport-B36UCNL4YFY8T0FORREANENFI.pcm /Users/jasonlee/Library/Developer/Xcode/DerivedData/ModuleCache.noindex/_Builtin_stdarg-329O5A2UVP8625Z0HTW6WPUY7.pcm /Users/jasonlee/Library/Developer/Xcode/DerivedData/ModuleCache.noindex/ApplicationServices-5SF4BGZ8K05GB2GEYQ3HJUROQ.pcm /Users/jasonlee/Library/Developer/Xcode/DerivedData/ModuleCache.noindex/libkern-ADFVSB151LM3NKCV99BUQZA27.pcm /Users/jasonlee/Library/Developer/Xcode/DerivedData/ModuleCache.noindex/_Builtin_stdbool-BEV6QXEF2D5DBFQN4YRGL3ZL5.pcm /Users/jasonlee/Library/Developer/Xcode/DerivedData/ModuleCache.noindex/SwiftUI-EBQFYPZHS6HYCHCD6FCJ2BXMJ.pcm /Users/jasonlee/Library/Developer/Xcode/DerivedData/ModuleCache.noindex/QuartzCore-E7QMH3PM2AVI698VOMWSQ5RDT.pcm /Users/jasonlee/Library/Developer/Xcode/DerivedData/ModuleCache.noindex/ImageIO-25869I3DHFSJX9HBJ3FRCZ187.pcm /Users/jasonlee/Library/Developer/Xcode/DerivedData/ModuleCache.noindex/Accessibility-6107S9CHAHKFFWS6ADMLSBQU6.pcm /Users/jasonlee/Library/Developer/Xcode/DerivedData/ModuleCache.noindex/_SwiftConcurrencyShims-B9EVLH7ADID5XTQQ35OFMC85U.pcm /Users/jasonlee/Library/Developer/Xcode/DerivedData/ModuleCache.noindex/CoreData-C9Y3ZE4FVBEOE1OF171CTGSRM.pcm /Users/jasonlee/Library/Developer/Xcode/DerivedData/ModuleCache.noindex/sys_types-CVKKTSPDTAQCEDDRNNW6LQJGE.pcm /Users/jasonlee/Library/Developer/Xcode/DerivedData/ModuleCache.noindex/_Builtin_tgmath-4COQ42QDAPAESMC54JK1CZ4R.pcm /Users/jasonlee/Library/Developer/Xcode/DerivedData/ModuleCache.noindex/SwiftShims-1ISGTXI0B0NX851Q4WY7525SE.pcm /Users/jasonlee/Library/Developer/Xcode/DerivedData/ModuleCache.noindex/ObjectiveC-65N939C9HDYSFLS0OBE7IKJK5.pcm /Users/jasonlee/Library/Developer/Xcode/DerivedData/ModuleCache.noindex/simd-BZ0UBWV65GUJ480VMFNKC701U.pcm /Users/jasonlee/Library/Developer/Xcode/DerivedData/ModuleCache.noindex/_Builtin_stdint-8SZQ2C5OQIYBCJ9O1BQC8YSRU.pcm /Users/jasonlee/Library/Developer/Xcode/DerivedData/ModuleCache.noindex/CoreTransferable-2ZW4WOQSVS54FRPM4GR929WOI.pcm /Users/jasonlee/Library/Developer/Xcode/DerivedData/ModuleCache.noindex/libDER-3ARBF7EU0YSX465GD49M8ON0F.pcm /Users/jasonlee/Library/Developer/Xcode/DerivedData/ModuleCache.noindex/OSLog-DYSS4CJ2DMV5H55VYH8EAPWHO.pcm /Users/jasonlee/Library/Developer/Xcode/DerivedData/ModuleCache.noindex/_DarwinFoundation1-8X1I2PW8R8SC0ZU23XBRS8C2I.pcm /Users/jasonlee/Library/Developer/Xcode/DerivedData/ModuleCache.noindex/_AvailabilityInternal-E8P8TDU4XX8311TF7DW8PTDTV.pcm /Users/jasonlee/Library/Developer/Xcode/DerivedData/ModuleCache.noindex/CoreGraphics-D8TW7V35AMFKG3VMNDPG2JD2C.pcm /Users/jasonlee/Library/Developer/Xcode/DerivedData/ModuleCache.noindex/_Builtin_stddef-8MDIHTDPE6ZRIXDR1H0W4L8KA.pcm /Users/jasonlee/Library/Developer/Xcode/DerivedData/ModuleCache.noindex/Metal-1800JL6F0OMUVZXUTWNKG87NU.pcm /Users/jasonlee/Library/Developer/Xcode/DerivedData/ModuleCache.noindex/CoreVideo-5IOVJB9BWVGXL33T5Y2SK8AGC.pcm /Users/jasonlee/Library/Developer/Xcode/DerivedData/ModuleCache.noindex/os_object-B0P6TUVA4YZKJ2TZ8FBPLL889.pcm /Users/jasonlee/Library/Developer/Xcode/DerivedData/ModuleCache.noindex/Spatial-2SPL6TVGETG763YKQNJJBNKCF.pcm /Users/jasonlee/Library/Developer/Xcode/DerivedData/ModuleCache.noindex/DataDetection-9IQ64VS606YD49EP1X3SUZBXI.pcm /Users/jasonlee/Library/Developer/Xcode/DerivedData/ModuleCache.noindex/IOSurface-1JT7K81EP56LMOO6PL3PXBNA8.pcm /Users/jasonlee/Library/Developer/Xcode/DerivedData/ModuleCache.noindex/CoreFoundation-BYP2SMIFD2394JDAEM5IONCMR.pcm /Users/jasonlee/Library/Developer/Xcode/DerivedData/ModuleCache.noindex/_Builtin_intrinsics-5XWEW779UQF5QS0P1CL9QYJ6F.pcm /Users/jasonlee/Library/Developer/Xcode/DerivedData/ModuleCache.noindex/_Builtin_limits-F2RM3VIBV1V8UMWXAHYSZOCQC.pcm /Users/jasonlee/Library/Developer/Xcode/DerivedData/ModuleCache.noindex/MachO-ATM1NWL8BLRIVCC12ASYNK41L.pcm /Users/jasonlee/Library/Developer/Xcode/DerivedData/ModuleCache.noindex/CUPS-BW7T766U67KVW0RY03S24P26A.pcm /Users/jasonlee/Library/Developer/Xcode/DerivedData/ModuleCache.noindex/CoreServices-84MBIWWVLFR0SEBUOK3Q4V876.pcm /Users/jasonlee/Library/Developer/Xcode/DerivedData/ModuleCache.noindex/IOKit-E5MWY895POA6I6ETKXCTZMP14.pcm /Users/jasonlee/Library/Developer/Xcode/DerivedData/ModuleCache.noindex/DiskArbitration-7TPDAGZT7BGIIWVA17RJDA3VG.pcm /Users/jasonlee/Library/Developer/Xcode/DerivedData/ModuleCache.noindex/XPC-CCOAWDEC6QOKWM09YXL4BUSSS.pcm /Users/jasonlee/Library/Developer/Xcode/DerivedData/ModuleCache.noindex/os_workgroup-EKQBWC3U89Y4OJKNJD1LCFIH.pcm /Users/jasonlee/Library/Developer/Xcode/DerivedData/ModuleCache.noindex/_DarwinFoundation3-63V6MZC9FIDLSN0CQDXCSQ933.pcm /Users/jasonlee/Library/Developer/Xcode/DerivedData/ModuleCache.noindex/os-E4G7BLJ905GB1L1CUYKQ5WEQ5.pcm /Users/jasonlee/Library/Developer/Xcode/DerivedData/ModuleCache.noindex/_Builtin_float-D3PW8PONKS8RV0DXJWIC480FO.pcm /Users/jasonlee/Library/Developer/Xcode/DerivedData/ModuleCache.noindex/_Builtin_stdatomic-268UBIMDE5GYR8AZEGKVDNMIK.pcm /Users/jasonlee/Library/Developer/Xcode/DerivedData/ModuleCache.noindex/ColorSync-EYZCWFZ97B9CK0FXJ14V5M8CI.pcm /Users/jasonlee/Library/Developer/Xcode/DerivedData/ModuleCache.noindex/Darwin-8YZ6X96I015YWQW9HTMNA5UE2.pcm /Users/jasonlee/Library/Developer/Xcode/DerivedData/ModuleCache.noindex/CoreImage-EF6EU006G3I1WKGTMQWPDBEBW.pcm /Users/jasonlee/Library/Developer/Xcode/DerivedData/ModuleCache.noindex/CoreText-D3HOB9MR6NH7N0X8EOUW3KP9W.pcm /Users/jasonlee/Library/Developer/Xcode/DerivedData/ModuleCache.noindex/AppKit-13K4B1G4RJGEUMHM2XBJYFFZB.pcm /Users/jasonlee/Library/Developer/Xcode/DerivedData/ModuleCache.noindex/Security-AHPMOIFREO2DQ71RGZ92P6ENW.pcm /Users/jasonlee/Library/Developer/Xcode/DerivedData/Notch-ddzsfiyxyoauidejndllmosklbkq/Build/Intermediates.noindex/SkyLightWindow.build/Release/SkyLightWindow.build/Objects-normal/x86_64/SkyLightWindow-dependencies-1.json (in target 'SkyLightWindow' from project 'SkyLightWindow')
CompileSwift normal x86_64 (in target 'SkyLightWindow' from project 'SkyLightWindow')
    cd /Users/jasonlee/Coding/App/Notch/Notch.xcodeproj
    

ScanDependencies /Users/jasonlee/Library/Developer/Xcode/DerivedData/Notch-ddzsfiyxyoauidejndllmosklbkq/Build/Intermediates.noindex/PostHog.build/Release/phlibwebp.build/Objects-normal/x86_64/picture_psnr_enc.o /Users/jasonlee/Library/Developer/Xcode/DerivedData/Notch-ddzsfiyxyoauidejndllmosklbkq/SourcePackages/checkouts/posthog-ios/vendor/libwebp/picture_psnr_enc.c normal x86_64 c com.apple.compilers.llvm.clang.1_0.compiler (in target 'phlibwebp' from project 'PostHog')
    cd /Users/jasonlee/Coding/App/Notch/Notch.xcodeproj
    
    Using response file: /Users/jasonlee/Library/Developer/Xcode/DerivedData/Notch-ddzsfiyxyoauidejndllmosklbkq/Build/Intermediates.noindex/PostHog.build/Release/phlibwebp.build/Objects-normal/x86_64/7187679823f38a2a940e0043cdf9d637-common-args.resp
    
    builtin-ScanDependencies -o /Users/jasonlee/Library/Developer/Xcode/DerivedData/Notch-ddzsfiyxyoauidejndllmosklbkq/Build/Intermediates.noindex/PostHog.build/Release/phlibwebp.build/Objects-normal/x86_64/picture_psnr_enc.o.scan -- /Applications/Xcode.app/Contents/Developer/Toolchains/XcodeDefault.xctoolchain/usr/bin/clang -x c -ivfsstatcache /Users/jasonlee/Library/Developer/Xcode/DerivedData/SDKStatCaches.noindex/macosx26.4-25E251-30f9ca8789b706f8bd3fc906a70d770f.sdkstatcache -target x86_64-apple-macos10.15 -fmessage-length\=0 -fdiagnostics-show-note-include-stack -fmacro-backtrace-limit\=0 -fno-color-diagnostics -fmodules-prune-interval\=86400 -fmodules-prune-after\=345600 -fbuild-session-file\=/Users/jasonlee/Library/Developer/Xcode/DerivedData/ModuleCache.noindex/Session.modulevalidation -fmodules-validate-once-per-build-session -Wnon-modular-include-in-framework-module -Werror\=non-modular-include-in-framework-module -Wno-trigraphs -Wno-missing-field-initializers -Wno-missing-prototypes -Wno-return-type -Wno-missing-braces -Wparentheses -Wswitch -Wno-unused-function -Wno-unused-label -Wno-unused-parameter -Wno-unused-variable -Wunused-value -Wno-empty-body -Wno-uninitialized -Wno-unknown-pragmas -w -Wno-shadow -Wno-four-char-constants -Wno-conversion -Wno-constant-conversion -Wno-int-conversion -Wno-bool-conversion -Wno-enum-conversion -Wno-float-conversion -Wno-non-literal-null-conversion -Wno-objc-literal-conversion -Wshorten-64-to-32 -Wpointer-sign -Wno-newline-eof -Wno-implicit-fallthrough -isysroot /Applications/Xcode.app/Contents/Developer/Platforms/MacOSX.platform/Developer/SDKs/MacOSX26.4.sdk -fstrict-aliasing -Wdeprecated-declarations -Wno-sign-conversion -Wno-infinite-recursion -Wno-comma -Wno-block-capture-autoreleasing -Wno-strict-prototypes -Wno-semicolon-before-method-body @/Users/jasonlee/Library/Developer/Xcode/DerivedData/Notch-ddzsfiyxyoauidejndllmosklbkq/Build/Intermediates.noindex/PostHog.build/Release/phlibwebp.build/Objects-normal/x86_64/7187679823f38a2a940e0043cdf9d637-common-args.resp -MMD -MT dependencies -MF /Users/jasonlee/Library/Developer/Xcode/DerivedData/Notch-ddzsfiyxyoauidejndllmosklbkq/Build/Intermediates.noindex/PostHog.build/Release/phlibwebp.build/Objects-normal/x86_64/picture_psnr_enc.d --serialize-diagnostics /Users/jasonlee/Library/Developer/Xcode/DerivedData/Notch-ddzsfiyxyoauidejndllmosklbkq/Build/Intermediates.noindex/PostHog.build/Release/phlibwebp.build/Objects-normal/x86_64/picture_psnr_enc.dia -c /Users/jasonlee/Library/Developer/Xcode/DerivedData/Notch-ddzsfiyxyoauidejndllmosklbkq/SourcePackages/checkouts/posthog-ios/vendor/libwebp/picture_psnr_enc.c -o /Users/jasonlee/Library/Developer/Xcode/DerivedData/Notch-ddzsfiyxyoauidejndllmosklbkq/Build/Intermediates.noindex/PostHog.build/Release/phlibwebp.build/Objects-normal/x86_64/picture_psnr_enc.o

ScanDependencies /Users/jasonlee/Library/Developer/Xcode/DerivedData/Notch-ddzsfiyxyoauidejndllmosklbkq/Build/Intermediates.noindex/PostHog.build/Release/phlibwebp.build/Objects-normal/x86_64/picture_enc.o /Users/jasonlee/Library/Developer/Xcode/DerivedData/Notch-ddzsfiyxyoauidejndllmosklbkq/SourcePackages/checkouts/posthog-ios/vendor/libwebp/picture_enc.c normal x86_64 c com.apple.compilers.llvm.clang.1_0.compiler (in target 'phlibwebp' from project 'PostHog')
    cd /Users/jasonlee/Coding/App/Notch/Notch.xcodeproj
    
    Using response file: /Users/jasonlee/Library/Developer/Xcode/DerivedData/Notch-ddzsfiyxyoauidejndllmosklbkq/Build/Intermediates.noindex/PostHog.build/Release/phlibwebp.build/Objects-normal/x86_64/7187679823f38a2a940e0043cdf9d637-common-args.resp
    
    builtin-ScanDependencies -o /Users/jasonlee/Library/Developer/Xcode/DerivedData/Notch-ddzsfiyxyoauidejndllmosklbkq/Build/Intermediates.noindex/PostHog.build/Release/phlibwebp.build/Objects-normal/x86_64/picture_enc.o.scan -- /Applications/Xcode.app/Contents/Developer/Toolchains/XcodeDefault.xctoolchain/usr/bin/clang -x c -ivfsstatcache /Users/jasonlee/Library/Developer/Xcode/DerivedData/SDKStatCaches.noindex/macosx26.4-25E251-30f9ca8789b706f8bd3fc906a70d770f.sdkstatcache -target x86_64-apple-macos10.15 -fmessage-length\=0 -fdiagnostics-show-note-include-stack -fmacro-backtrace-limit\=0 -fno-color-diagnostics -fmodules-prune-interval\=86400 -fmodules-prune-after\=345600 -fbuild-session-file\=/Users/jasonlee/Library/Developer/Xcode/DerivedData/ModuleCache.noindex/Session.modulevalidation -fmodules-validate-once-per-build-session -Wnon-modular-include-in-framework-module -Werror\=non-modular-include-in-framework-module -Wno-trigraphs -Wno-missing-field-initializers -Wno-missing-prototypes -Wno-return-type -Wno-missing-braces -Wparentheses -Wswitch -Wno-unused-function -Wno-unused-label -Wno-unused-parameter -Wno-unused-variable -Wunused-value -Wno-empty-body -Wno-uninitialized -Wno-unknown-pragmas -w -Wno-shadow -Wno-four-char-constants -Wno-conversion -Wno-constant-conversion -Wno-int-conversion -Wno-bool-conversion -Wno-enum-conversion -Wno-float-conversion -Wno-non-literal-null-conversion -Wno-objc-literal-conversion -Wshorten-64-to-32 -Wpointer-sign -Wno-newline-eof -Wno-implicit-fallthrough -isysroot /Applications/Xcode.app/Contents/Developer/Platforms/MacOSX.platform/Developer/SDKs/MacOSX26.4.sdk -fstrict-aliasing -Wdeprecated-declarations -Wno-sign-conversion -Wno-infinite-recursion -Wno-comma -Wno-block-capture-autoreleasing -Wno-strict-prototypes -Wno-semicolon-before-method-body @/Users/jasonlee/Library/Developer/Xcode/DerivedData/Notch-ddzsfiyxyoauidejndllmosklbkq/Build/Intermediates.noindex/PostHog.build/Release/phlibwebp.build/Objects-normal/x86_64/7187679823f38a2a940e0043cdf9d637-common-args.resp -MMD -MT dependencies -MF /Users/jasonlee/Library/Developer/Xcode/DerivedData/Notch-ddzsfiyxyoauidejndllmosklbkq/Build/Intermediates.noindex/PostHog.build/Release/phlibwebp.build/Objects-normal/x86_64/picture_enc.d --serialize-diagnostics /Users/jasonlee/Library/Developer/Xcode/DerivedData/Notch-ddzsfiyxyoauidejndllmosklbkq/Build/Intermediates.noindex/PostHog.build/Release/phlibwebp.build/Objects-normal/x86_64/picture_enc.dia -c /Users/jasonlee/Library/Developer/Xcode/DerivedData/Notch-ddzsfiyxyoauidejndllmosklbkq/SourcePackages/checkouts/posthog-ios/vendor/libwebp/picture_enc.c -o /Users/jasonlee/Library/Developer/Xcode/DerivedData/Notch-ddzsfiyxyoauidejndllmosklbkq/Build/Intermediates.noindex/PostHog.build/Release/phlibwebp.build/Objects-normal/x86_64/picture_enc.o

ScanDependencies /Users/jasonlee/Library/Developer/Xcode/DerivedData/Notch-ddzsfiyxyoauidejndllmosklbkq/Build/Intermediates.noindex/PostHog.build/Release/phlibwebp.build/Objects-normal/x86_64/picture_csp_enc.o /Users/jasonlee/Library/Developer/Xcode/DerivedData/Notch-ddzsfiyxyoauidejndllmosklbkq/SourcePackages/checkouts/posthog-ios/vendor/libwebp/picture_csp_enc.c normal x86_64 c com.apple.compilers.llvm.clang.1_0.compiler (in target 'phlibwebp' from project 'PostHog')
    cd /Users/jasonlee/Coding/App/Notch/Notch.xcodeproj
    
    Using response file: /Users/jasonlee/Library/Developer/Xcode/DerivedData/Notch-ddzsfiyxyoauidejndllmosklbkq/Build/Intermediates.noindex/PostHog.build/Release/phlibwebp.build/Objects-normal/x86_64/7187679823f38a2a940e0043cdf9d637-common-args.resp
    
    builtin-ScanDependencies -o /Users/jasonlee/Library/Developer/Xcode/DerivedData/Notch-ddzsfiyxyoauidejndllmosklbkq/Build/Intermediates.noindex/PostHog.build/Release/phlibwebp.build/Objects-normal/x86_64/picture_csp_enc.o.scan -- /Applications/Xcode.app/Contents/Developer/Toolchains/XcodeDefault.xctoolchain/usr/bin/clang -x c -ivfsstatcache /Users/jasonlee/Library/Developer/Xcode/DerivedData/SDKStatCaches.noindex/macosx26.4-25E251-30f9ca8789b706f8bd3fc906a70d770f.sdkstatcache -target x86_64-apple-macos10.15 -fmessage-length\=0 -fdiagnostics-show-note-include-stack -fmacro-backtrace-limit\=0 -fno-color-diagnostics -fmodules-prune-interval\=86400 -fmodules-prune-after\=345600 -fbuild-session-file\=/Users/jasonlee/Library/Developer/Xcode/DerivedData/ModuleCache.noindex/Session.modulevalidation -fmodules-validate-once-per-build-session -Wnon-modular-include-in-framework-module -Werror\=non-modular-include-in-framework-module -Wno-trigraphs -Wno-missing-field-initializers -Wno-missing-prototypes -Wno-return-type -Wno-missing-braces -Wparentheses -Wswitch -Wno-unused-function -Wno-unused-label -Wno-unused-parameter -Wno-unused-variable -Wunused-value -Wno-empty-body -Wno-uninitialized -Wno-unknown-pragmas -w -Wno-shadow -Wno-four-char-constants -Wno-conversion -Wno-constant-conversion -Wno-int-conversion -Wno-bool-conversion -Wno-enum-conversion -Wno-float-conversion -Wno-non-literal-null-conversion -Wno-objc-literal-conversion -Wshorten-64-to-32 -Wpointer-sign -Wno-newline-eof -Wno-implicit-fallthrough -isysroot /Applications/Xcode.app/Contents/Developer/Platforms/MacOSX.platform/Developer/SDKs/MacOSX26.4.sdk -fstrict-aliasing -Wdeprecated-declarations -Wno-sign-conversion -Wno-infinite-recursion -Wno-comma -Wno-block-capture-autoreleasing -Wno-strict-prototypes -Wno-semicolon-before-method-body @/Users/jasonlee/Library/Developer/Xcode/DerivedData/Notch-ddzsfiyxyoauidejndllmosklbkq/Build/Intermediates.noindex/PostHog.build/Release/phlibwebp.build/Objects-normal/x86_64/7187679823f38a2a940e0043cdf9d637-common-args.resp -MMD -MT dependencies -MF /Users/jasonlee/Library/Developer/Xcode/DerivedData/Notch-ddzsfiyxyoauidejndllmosklbkq/Build/Intermediates.noindex/PostHog.build/Release/phlibwebp.build/Objects-normal/x86_64/picture_csp_enc.d --serialize-diagnostics /Users/jasonlee/Library/Developer/Xcode/DerivedData/Notch-ddzsfiyxyoauidejndllmosklbkq/Build/Intermediates.noindex/PostHog.build/Release/phlibwebp.build/Objects-normal/x86_64/picture_csp_enc.dia -c /Users/jasonlee/Library/Developer/Xcode/DerivedData/Notch-ddzsfiyxyoauidejndllmosklbkq/SourcePackages/checkouts/posthog-ios/vendor/libwebp/picture_csp_enc.c -o /Users/jasonlee/Library/Developer/Xcode/DerivedData/Notch-ddzsfiyxyoauidejndllmosklbkq/Build/Intermediates.noindex/PostHog.build/Release/phlibwebp.build/Objects-normal/x86_64/picture_csp_enc.o

ScanDependencies /Users/jasonlee/Library/Developer/Xcode/DerivedData/Notch-ddzsfiyxyoauidejndllmosklbkq/Build/Intermediates.noindex/PostHog.build/Release/phlibwebp.build/Objects-normal/x86_64/palette.o /Users/jasonlee/Library/Developer/Xcode/DerivedData/Notch-ddzsfiyxyoauidejndllmosklbkq/SourcePackages/checkouts/posthog-ios/vendor/libwebp/palette.c normal x86_64 c com.apple.compilers.llvm.clang.1_0.compiler (in target 'phlibwebp' from project 'PostHog')
    cd /Users/jasonlee/Coding/App/Notch/Notch.xcodeproj
    
    Using response file: /Users/jasonlee/Library/Developer/Xcode/DerivedData/Notch-ddzsfiyxyoauidejndllmosklbkq/Build/Intermediates.noindex/PostHog.build/Release/phlibwebp.build/Objects-normal/x86_64/7187679823f38a2a940e0043cdf9d637-common-args.resp
    
    builtin-ScanDependencies -o /Users/jasonlee/Library/Developer/Xcode/DerivedData/Notch-ddzsfiyxyoauidejndllmosklbkq/Build/Intermediates.noindex/PostHog.build/Release/phlibwebp.build/Objects-normal/x86_64/palette.o.scan -- /Applications/Xcode.app/Contents/Developer/Toolchains/XcodeDefault.xctoolchain/usr/bin/clang -x c -ivfsstatcache /Users/jasonlee/Library/Developer/Xcode/DerivedData/SDKStatCaches.noindex/macosx26.4-25E251-30f9ca8789b706f8bd3fc906a70d770f.sdkstatcache -target x86_64-apple-macos10.15 -fmessage-length\=0 -fdiagnostics-show-note-include-stack -fmacro-backtrace-limit\=0 -fno-color-diagnostics -fmodules-prune-interval\=86400 -fmodules-prune-after\=345600 -fbuild-session-file\=/Users/jasonlee/Library/Developer/Xcode/DerivedData/ModuleCache.noindex/Session.modulevalidation -fmodules-validate-once-per-build-session -Wnon-modular-include-in-framework-module -Werror\=non-modular-include-in-framework-module -Wno-trigraphs -Wno-missing-field-initializers -Wno-missing-prototypes -Wno-return-type -Wno-missing-braces -Wparentheses -Wswitch -Wno-unused-function -Wno-unused-label -Wno-unused-parameter -Wno-unused-variable -Wunused-value -Wno-empty-body -Wno-uninitialized -Wno-unknown-pragmas -w -Wno-shadow -Wno-four-char-constants -Wno-conversion -Wno-constant-conversion -Wno-int-conversion -Wno-bool-conversion -Wno-enum-conversion -Wno-float-conversion -Wno-non-literal-null-conversion -Wno-objc-literal-conversion -Wshorten-64-to-32 -Wpointer-sign -Wno-newline-eof -Wno-implicit-fallthrough -isysroot /Applications/Xcode.app/Contents/Developer/Platforms/MacOSX.platform/Developer/SDKs/MacOSX26.4.sdk -fstrict-aliasing -Wdeprecated-declarations -Wno-sign-conversion -Wno-infinite-recursion -Wno-comma -Wno-block-capture-autoreleasing -Wno-strict-prototypes -Wno-semicolon-before-method-body @/Users/jasonlee/Library/Developer/Xcode/DerivedData/Notch-ddzsfiyxyoauidejndllmosklbkq/Build/Intermediates.noindex/PostHog.build/Release/phlibwebp.build/Objects-normal/x86_64/7187679823f38a2a940e0043cdf9d637-common-args.resp -MMD -MT dependencies -MF /Users/jasonlee/Library/Developer/Xcode/DerivedData/Notch-ddzsfiyxyoauidejndllmosklbkq/Build/Intermediates.noindex/PostHog.build/Release/phlibwebp.build/Objects-normal/x86_64/palette.d --serialize-diagnostics /Users/jasonlee/Library/Developer/Xcode/DerivedData/Notch-ddzsfiyxyoauidejndllmosklbkq/Build/Intermediates.noindex/PostHog.build/Release/phlibwebp.build/Objects-normal/x86_64/palette.dia -c /Users/jasonlee/Library/Developer/Xcode/DerivedData/Notch-ddzsfiyxyoauidejndllmosklbkq/SourcePackages/checkouts/posthog-ios/vendor/libwebp/palette.c -o /Users/jasonlee/Library/Developer/Xcode/DerivedData/Notch-ddzsfiyxyoauidejndllmosklbkq/Build/Intermediates.noindex/PostHog.build/Release/phlibwebp.build/Objects-normal/x86_64/palette.o

ScanDependencies /Users/jasonlee/Library/Developer/Xcode/DerivedData/Notch-ddzsfiyxyoauidejndllmosklbkq/Build/Intermediates.noindex/PostHog.build/Release/phlibwebp.build/Objects-normal/x86_64/near_lossless_enc.o /Users/jasonlee/Library/Developer/Xcode/DerivedData/Notch-ddzsfiyxyoauidejndllmosklbkq/SourcePackages/checkouts/posthog-ios/vendor/libwebp/near_lossless_enc.c normal x86_64 c com.apple.compilers.llvm.clang.1_0.compiler (in target 'phlibwebp' from project 'PostHog')
    cd /Users/jasonlee/Coding/App/Notch/Notch.xcodeproj
    
    Using response file: /Users/jasonlee/Library/Developer/Xcode/DerivedData/Notch-ddzsfiyxyoauidejndllmosklbkq/Build/Intermediates.noindex/PostHog.build/Release/phlibwebp.build/Objects-normal/x86_64/7187679823f38a2a940e0043cdf9d637-common-args.resp
    
    builtin-ScanDependencies -o /Users/jasonlee/Library/Developer/Xcode/DerivedData/Notch-ddzsfiyxyoauidejndllmosklbkq/Build/Intermediates.noindex/PostHog.build/Release/phlibwebp.build/Objects-normal/x86_64/near_lossless_enc.o.scan -- /Applications/Xcode.app/Contents/Developer/Toolchains/XcodeDefault.xctoolchain/usr/bin/clang -x c -ivfsstatcache /Users/jasonlee/Library/Developer/Xcode/DerivedData/SDKStatCaches.noindex/macosx26.4-25E251-30f9ca8789b706f8bd3fc906a70d770f.sdkstatcache -target x86_64-apple-macos10.15 -fmessage-length\=0 -fdiagnostics-show-note-include-stack -fmacro-backtrace-limit\=0 -fno-color-diagnostics -fmodules-prune-interval\=86400 -fmodules-prune-after\=345600 -fbuild-session-file\=/Users/jasonlee/Library/Developer/Xcode/DerivedData/ModuleCache.noindex/Session.modulevalidation -fmodules-validate-once-per-build-session -Wnon-modular-include-in-framework-module -Werror\=non-modular-include-in-framework-module -Wno-trigraphs -Wno-missing-field-initializers -Wno-missing-prototypes -Wno-return-type -Wno-missing-braces -Wparentheses -Wswitch -Wno-unused-function -Wno-unused-label -Wno-unused-parameter -Wno-unused-variable -Wunused-value -Wno-empty-body -Wno-uninitialized -Wno-unknown-pragmas -w -Wno-shadow -Wno-four-char-constants -Wno-conversion -Wno-constant-conversion -Wno-int-conversion -Wno-bool-conversion -Wno-enum-conversion -Wno-float-conversion -Wno-non-literal-null-conversion -Wno-objc-literal-conversion -Wshorten-64-to-32 -Wpointer-sign -Wno-newline-eof -Wno-implicit-fallthrough -isysroot /Applications/Xcode.app/Contents/Developer/Platforms/MacOSX.platform/Developer/SDKs/MacOSX26.4.sdk -fstrict-aliasing -Wdeprecated-declarations -Wno-sign-conversion -Wno-infinite-recursion -Wno-comma -Wno-block-capture-autoreleasing -Wno-strict-prototypes -Wno-semicolon-before-method-body @/Users/jasonlee/Library/Developer/Xcode/DerivedData/Notch-ddzsfiyxyoauidejndllmosklbkq/Build/Intermediates.noindex/PostHog.build/Release/phlibwebp.build/Objects-normal/x86_64/7187679823f38a2a940e0043cdf9d637-common-args.resp -MMD -MT dependencies -MF /Users/jasonlee/Library/Developer/Xcode/DerivedData/Notch-ddzsfiyxyoauidejndllmosklbkq/Build/Intermediates.noindex/PostHog.build/Release/phlibwebp.build/Objects-normal/x86_64/near_lossless_enc.d --serialize-diagnostics /Users/jasonlee/Library/Developer/Xcode/DerivedData/Notch-ddzsfiyxyoauidejndllmosklbkq/Build/Intermediates.noindex/PostHog.build/Release/phlibwebp.build/Objects-normal/x86_64/near_lossless_enc.dia -c /Users/jasonlee/Library/Developer/Xcode/DerivedData/Notch-ddzsfiyxyoauidejndllmosklbkq/SourcePackages/checkouts/posthog-ios/vendor/libwebp/near_lossless_enc.c -o /Users/jasonlee/Library/Developer/Xcode/DerivedData/Notch-ddzsfiyxyoauidejndllmosklbkq/Build/Intermediates.noindex/PostHog.build/Release/phlibwebp.build/Objects-normal/x86_64/near_lossless_enc.o

SwiftCompile normal arm64 Compiling\ SkyLightOperator.swift,\ SwiftUI+MoveToSky.swift,\ SwiftUI+WindowReader.swift,\ TopmostWindow.swift,\ TopmostWindowController.swift /Users/jasonlee/Library/Developer/Xcode/DerivedData/Notch-ddzsfiyxyoauidejndllmosklbkq/SourcePackages/checkouts/SkyLightWindow/Sources/SkyLightWindow/SkyLightOperator.swift /Users/jasonlee/Library/Developer/Xcode/DerivedData/Notch-ddzsfiyxyoauidejndllmosklbkq/SourcePackages/checkouts/SkyLightWindow/Sources/SkyLightWindow/SwiftUI+MoveToSky.swift /Users/jasonlee/Library/Developer/Xcode/DerivedData/Notch-ddzsfiyxyoauidejndllmosklbkq/SourcePackages/checkouts/SkyLightWindow/Sources/SkyLightWindow/SwiftUI+WindowReader.swift /Users/jasonlee/Library/Developer/Xcode/DerivedData/Notch-ddzsfiyxyoauidejndllmosklbkq/SourcePackages/checkouts/SkyLightWindow/Sources/SkyLightWindow/TopmostWindow.swift /Users/jasonlee/Library/Developer/Xcode/DerivedData/Notch-ddzsfiyxyoauidejndllmosklbkq/SourcePackages/checkouts/SkyLightWindow/Sources/SkyLightWindow/TopmostWindowController.swift /Applications/Xcode.app/Contents/Developer/Toolchains/XcodeDefault.xctoolchain/usr/lib/swift/macosx/prebuilt-modules/26.4/UniformTypeIdentifiers.swiftmodule/arm64e-apple-macos.swiftmodule /Applications/Xcode.app/Contents/Developer/Toolchains/XcodeDefault.xctoolchain/usr/lib/swift/macosx/prebuilt-modules/26.4/CoreData.swiftmodule/arm64e-apple-macos.swiftmodule /Applications/Xcode.app/Contents/Developer/Toolchains/XcodeDefault.xctoolchain/usr/lib/swift/macosx/prebuilt-modules/26.4/Accessibility.swiftmodule/arm64e-apple-macos.swiftmodule /Applications/Xcode.app/Contents/Developer/Toolchains/XcodeDefault.xctoolchain/usr/lib/swift/macosx/prebuilt-modules/26.4/Observation.swiftmodule/arm64e-apple-macos.swiftmodule /Applications/Xcode.app/Contents/Developer/Toolchains/XcodeDefault.xctoolchain/usr/lib/swift/macosx/prebuilt-modules/26.4/simd.swiftmodule/arm64e-apple-macos.swiftmodule /Applications/Xcode.app/Contents/Developer/Toolchains/XcodeDefault.xctoolchain/usr/lib/swift/macosx/prebuilt-modules/26.4/System.swiftmodule/arm64e-apple-macos.swiftmodule /Applications/Xcode.app/Contents/Developer/Toolchains/XcodeDefault.xctoolchain/usr/lib/swift/macosx/prebuilt-modules/26.4/_Concurrency.swiftmodule/arm64e-apple-macos.swiftmodule /Applications/Xcode.app/Contents/Developer/Toolchains/XcodeDefault.xctoolchain/usr/lib/swift/macosx/prebuilt-modules/26.4/IOKit.swiftmodule/arm64e-apple-macos.swiftmodule /Applications/Xcode.app/Contents/Developer/Toolchains/XcodeDefault.xctoolchain/usr/lib/swift/macosx/prebuilt-modules/26.4/DeveloperToolsSupport.swiftmodule/arm64e-apple-macos.swiftmodule /Applications/Xcode.app/Contents/Developer/Toolchains/XcodeDefault.xctoolchain/usr/lib/swift/macosx/prebuilt-modules/26.4/_DarwinFoundation3.swiftmodule/arm64e-apple-macos.swiftmodule /Applications/Xcode.app/Contents/Developer/Toolchains/XcodeDefault.xctoolchain/usr/lib/swift/macosx/prebuilt-modules/26.4/os.swiftmodule/arm64e-apple-macos.swiftmodule /Applications/Xcode.app/Contents/Developer/Toolchains/XcodeDefault.xctoolchain/usr/lib/swift/macosx/prebuilt-modules/26.4/QuartzCore.swiftmodule/arm64e-apple-macos.swiftmodule /Applications/Xcode.app/Contents/Developer/Toolchains/XcodeDefault.xctoolchain/usr/lib/swift/macosx/prebuilt-modules/26.4/OSLog.swiftmodule/arm64e-apple-macos.swiftmodule /Applications/Xcode.app/Contents/Developer/Toolchains/XcodeDefault.xctoolchain/usr/lib/swift/macosx/prebuilt-modules/26.4/CoreVideo.swiftmodule/arm64e-apple-macos.swiftmodule /Applications/Xcode.app/Contents/Developer/Toolchains/XcodeDefault.xctoolchain/usr/lib/swift/macosx/prebuilt-modules/26.4/Darwin.swiftmodule/arm64e-apple-macos.swiftmodule /Applications/Xcode.app/Contents/Developer/Toolchains/XcodeDefault.xctoolchain/usr/lib/swift/macosx/prebuilt-modules/26.4/CoreGraphics.swiftmodule/arm64e-apple-macos.swiftmodule /Applications/Xcode.app/Contents/Developer/Toolchains/XcodeDefault.xctoolchain/usr/lib/swift/macosx/prebuilt-modules/26.4/Dispatch.swiftmodule/arm64e-apple-macos.swiftmodule /Applications/Xcode.app/Contents/Developer/Toolchains/XcodeDefault.xctoolchain/usr/lib/swift/macosx/prebuilt-modules/26.4/Spatial.swiftmodule/arm64e-apple-macos.swiftmodule /Applications/Xcode.app/Contents/Developer/Toolchains/XcodeDefault.xctoolchain/usr/lib/swift/macosx/prebuilt-modules/26.4/ObjectiveC.swiftmodule/arm64e-apple-macos.swiftmodule /Applications/Xcode.app/Contents/Developer/Toolchains/XcodeDefault.xctoolchain/usr/lib/swift/macosx/prebuilt-modules/26.4/Combine.swiftmodule/arm64e-apple-macos.swiftmodule /Applications/Xcode.app/Contents/Developer/Toolchains/XcodeDefault.xctoolchain/usr/lib/swift/macosx/prebuilt-modules/26.4/SwiftUI.swiftmodule/arm64e-apple-macos.swiftmodule /Applications/Xcode.app/Contents/Developer/Toolchains/XcodeDefault.xctoolchain/usr/lib/swift/macosx/prebuilt-modules/26.4/SwiftUICore.swiftmodule/arm64e-apple-macos.swiftmodule /Applications/Xcode.app/Contents/Developer/Toolchains/XcodeDefault.xctoolchain/usr/lib/swift/macosx/prebuilt-modules/26.4/_DarwinFoundation1.swiftmodule/arm64e-apple-macos.swiftmodule /Applications/Xcode.app/Contents/Developer/Toolchains/XcodeDefault.xctoolchain/usr/lib/swift/macosx/prebuilt-modules/26.4/_Builtin_float.swiftmodule/arm64e-apple-macos.swiftmodule /Applications/Xcode.app/Contents/Developer/Toolchains/XcodeDefault.xctoolchain/usr/lib/swift/macosx/prebuilt-modules/26.4/_DarwinFoundation2.swiftmodule/arm64e-apple-macos.swiftmodule /Applications/Xcode.app/Contents/Developer/Toolchains/XcodeDefault.xctoolchain/usr/lib/swift/macosx/prebuilt-modules/26.4/CoreText.swiftmodule/arm64e-apple-macos.swiftmodule /Applications/Xcode.app/Contents/Developer/Toolchains/XcodeDefault.xctoolchain/usr/lib/swift/macosx/prebuilt-modules/26.4/CoreImage.swiftmodule/arm64e-apple-macos.swiftmodule /Applications/Xcode.app/Contents/Developer/Toolchains/XcodeDefault.xctoolchain/usr/lib/swift/macosx/prebuilt-modules/26.4/AppKit.swiftmodule/arm64e-apple-macos.swiftmodule /Applications/Xcode.app/Contents/Developer/Toolchains/XcodeDefault.xctoolchain/usr/lib/swift/macosx/prebuilt-modules/26.4/Swift.swiftmodule/arm64e-apple-macos.swiftmodule /Applications/Xcode.app/Contents/Developer/Toolchains/XcodeDefault.xctoolchain/usr/lib/swift/macosx/prebuilt-modules/26.4/Metal.swiftmodule/arm64e-apple-macos.swiftmodule /Applications/Xcode.app/Contents/Developer/Toolchains/XcodeDefault.xctoolchain/usr/lib/swift/macosx/prebuilt-modules/26.4/CoreFoundation.swiftmodule/arm64e-apple-macos.swiftmodule /Applications/Xcode.app/Contents/Developer/Toolchains/XcodeDefault.xctoolchain/usr/lib/swift/macosx/prebuilt-modules/26.4/XPC.swiftmodule/arm64e-apple-macos.swiftmodule /Applications/Xcode.app/Contents/Developer/Toolchains/XcodeDefault.xctoolchain/usr/lib/swift/macosx/prebuilt-modules/26.4/DataDetection.swiftmodule/arm64e-apple-macos.swiftmodule /Applications/Xcode.app/Contents/Developer/Toolchains/XcodeDefault.xctoolchain/usr/lib/swift/macosx/prebuilt-modules/26.4/CoreTransferable.swiftmodule/arm64e-apple-macos.swiftmodule /Applications/Xcode.app/Contents/Developer/Toolchains/XcodeDefault.xctoolchain/usr/lib/swift/macosx/prebuilt-modules/26.4/Foundation.swiftmodule/arm64e-apple-macos.swiftmodule /Applications/Xcode.app/Contents/Developer/Toolchains/XcodeDefault.xctoolchain/usr/lib/swift/macosx/prebuilt-modules/26.4/Symbols.swiftmodule/arm64e-apple-macos.swiftmodule /Applications/Xcode.app/Contents/Developer/Toolchains/XcodeDefault.xctoolchain/usr/lib/swift/macosx/prebuilt-modules/26.4/_StringProcessing.swiftmodule/arm64e-apple-macos.swiftmodule /Users/jasonlee/Library/Developer/Xcode/DerivedData/ModuleCache.noindex/Spatial-7DICNCWKRO69LBW17N8HW0URY.pcm /Users/jasonlee/Library/Developer/Xcode/DerivedData/ModuleCache.noindex/_Builtin_intrinsics-1M0YWW5ZSN8JGU3T70TN5AYBP.pcm /Users/jasonlee/Library/Developer/Xcode/DerivedData/ModuleCache.noindex/SwiftUICore-AUYIN0FEVL4MUMR0Q04L8MMRA.pcm /Users/jasonlee/Library/Developer/Xcode/DerivedData/ModuleCache.noindex/os-9R3FXF2PC8F1A0XCB18QKH874.pcm /Users/jasonlee/Library/Developer/Xcode/DerivedData/ModuleCache.noindex/_Builtin_inttypes-8L3REPPSU1LFNCSAP3U2RO56E.pcm /Users/jasonlee/Library/Developer/Xcode/DerivedData/ModuleCache.noindex/DeveloperToolsSupport-734D0A2LHFEA7L1FRZ8RVKUH2.pcm /Users/jasonlee/Library/Developer/Xcode/DerivedData/ModuleCache.noindex/CoreFoundation-EXEQCMJSPCME20B2IH8M2RBEA.pcm /Users/jasonlee/Library/Developer/Xcode/DerivedData/ModuleCache.noindex/_Builtin_stdarg-3CDCGZE9L5WT8RU4170FH0XPM.pcm /Users/jasonlee/Library/Developer/Xcode/DerivedData/ModuleCache.noindex/SwiftUI-7QQ09HLJZM1QLRRGGPX89ZNJD.pcm /Users/jasonlee/Library/Developer/Xcode/DerivedData/ModuleCache.noindex/UniformTypeIdentifiers-75CO8QUIDUISM2HMEIFRVTYC6.pcm /Users/jasonlee/Library/Developer/Xcode/DerivedData/ModuleCache.noindex/_DarwinFoundation1-8SH7QHQHSSPSNE3C8PTVQ3F4G.pcm /Users/jasonlee/Library/Developer/Xcode/DerivedData/ModuleCache.noindex/Accessibility-D3VSV1I7B0ZSNOKE2H9NXMBWH.pcm /Users/jasonlee/Library/Developer/Xcode/DerivedData/ModuleCache.noindex/CoreServices-9BNM49A1V1AOJW227NTH41RR8.pcm /Users/jasonlee/Library/Developer/Xcode/DerivedData/ModuleCache.noindex/OSLog-6HPW9JWSLQGHKGYX5T6X8APQF.pcm /Users/jasonlee/Library/Developer/Xcode/DerivedData/ModuleCache.noindex/Darwin-7C413J2FWGYC8KBD2F9PHP5FZ.pcm /Users/jasonlee/Library/Developer/Xcode/DerivedData/ModuleCache.noindex/_Builtin_stdint-6X7WCZ5X7X1ZOPYNOSX4PVNAZ.pcm /Users/jasonlee/Library/Developer/Xcode/DerivedData/ModuleCache.noindex/IOKit-AW34XRESWB8I7K2E0HY0TVLOE.pcm /Users/jasonlee/Library/Developer/Xcode/DerivedData/ModuleCache.noindex/CoreText-2YYIC7VBKUTV9Q71OK1NKOYYA.pcm /Users/jasonlee/Library/Developer/Xcode/DerivedData/ModuleCache.noindex/_DarwinFoundation2-2AC3CWL7D6OLUEPCB3YL43L5X.pcm /Users/jasonlee/Library/Developer/Xcode/DerivedData/ModuleCache.noindex/ptrauth-4FS70LCZJV89YLOD5VLI6THH2.pcm /Users/jasonlee/Library/Developer/Xcode/DerivedData/ModuleCache.noindex/CUPS-63V4QODOROU69BWOY4NBGHNU5.pcm /Users/jasonlee/Library/Developer/Xcode/DerivedData/ModuleCache.noindex/MachO-8DM6HP7GMICHOVYTVPK7FNR2B.pcm /Users/jasonlee/Library/Developer/Xcode/DerivedData/ModuleCache.noindex/DataDetection-4JA8GK56UJ7JYIFIJYUHIH59.pcm /Users/jasonlee/Library/Developer/Xcode/DerivedData/ModuleCache.noindex/XPC-94IPTFM38GPOULV6M6MRIR933.pcm /Users/jasonlee/Library/Developer/Xcode/DerivedData/ModuleCache.noindex/Metal-42Y50DRA5GZLNPZX39T9DCQDR.pcm /Users/jasonlee/Library/Developer/Xcode/DerivedData/ModuleCache.noindex/CFNetwork-2LVGDDK96JROQP2DSDBR6HM2G.pcm /Users/jasonlee/Library/Developer/Xcode/DerivedData/ModuleCache.noindex/os_object-5LLS1B1DMLPB3O7CZM721TM2O.pcm /Users/jasonlee/Library/Developer/Xcode/DerivedData/ModuleCache.noindex/ptrcheck-P5PIPOUXTXYM9SARTM012TXE.pcm /Users/jasonlee/Library/Developer/Xcode/DerivedData/ModuleCache.noindex/QuartzCore-DHTZM9LX0A1YF9VZBCAGVVWXL.pcm /Users/jasonlee/Library/Developer/Xcode/DerivedData/ModuleCache.noindex/Security-D99NHHB2YWBDCFMI95B40FXT9.pcm /Users/jasonlee/Library/Developer/Xcode/DerivedData/ModuleCache.noindex/launch-BEQBYCQILK7I4BC7C5O610QC4.pcm /Users/jasonlee/Library/Developer/Xcode/DerivedData/ModuleCache.noindex/ColorSync-73768K6ZSEHQ3THVRXLS0UW5L.pcm /Users/jasonlee/Library/Developer/Xcode/DerivedData/ModuleCache.noindex/_Builtin_limits-A2D93QLEDFYZBTMGQE50A7J6L.pcm /Users/jasonlee/Library/Developer/Xcode/DerivedData/ModuleCache.noindex/_Builtin_stdatomic-A6OP9DUB1YUO3PBEKAJGK5M1O.pcm /Users/jasonlee/Library/Developer/Xcode/DerivedData/ModuleCache.noindex/AppKit-44LLXL6LTM5VBQLF0V48GEFEX.pcm /Users/jasonlee/Library/Developer/Xcode/DerivedData/ModuleCache.noindex/DiskArbitration-BAT0A1SC1KYYDDVE48LOXV3MQ.pcm /Users/jasonlee/Library/Developer/Xcode/DerivedData/ModuleCache.noindex/IOSurface-EXZNIGGZ2WGU6JQUB0SQKAY9.pcm /Users/jasonlee/Library/Developer/Xcode/DerivedData/ModuleCache.noindex/_DarwinFoundation3-8449J4NEJSYHNYD9AQHJLEP5I.pcm /Users/jasonlee/Library/Developer/Xcode/DerivedData/ModuleCache.noindex/ObjectiveC-EXO03E7AICPMGA7FVKYYPSLKG.pcm /Users/jasonlee/Library/Developer/Xcode/DerivedData/ModuleCache.noindex/ApplicationServices-D0R4H884NT9V41FJARENYXE9C.pcm /Users/jasonlee/Library/Developer/Xcode/DerivedData/ModuleCache.noindex/Dispatch-7PVQ3LQGVPM82UOQKISDO4OHR.pcm /Users/jasonlee/Library/Developer/Xcode/DerivedData/ModuleCache.noindex/simd-9FMDGKR36NBGHLADBCAIYD9YX.pcm /Users/jasonlee/Library/Developer/Xcode/DerivedData/ModuleCache.noindex/_SwiftConcurrencyShims-DAQBP3W3AKOUN3K31AZ6FUXY0.pcm /Users/jasonlee/Library/Developer/Xcode/DerivedData/ModuleCache.noindex/CoreVideo-E8EK2LZ850WH16Z8GQTE1HJQU.pcm /Users/jasonlee/Library/Developer/Xcode/DerivedData/ModuleCache.noindex/CoreData-ETMA5DQCDIYPJTKN8M43536LF.pcm /Users/jasonlee/Library/Developer/Xcode/DerivedData/ModuleCache.noindex/OpenGL-4K2O3YLF8ID4B4VOP29Y7ICY1.pcm /Users/jasonlee/Library/Developer/Xcode/DerivedData/ModuleCache.noindex/os_workgroup-BZ0I0SD84M207M8XLTCZX4UIL.pcm /Users/jasonlee/Library/Developer/Xcode/DerivedData/ModuleCache.noindex/CoreTransferable-85VISKXEPTQ2M3O4T24AG2EDQ.pcm /Users/jasonlee/Library/Developer/Xcode/DerivedData/ModuleCache.noindex/libkern-7QG5SE7CX8O1TNE5L13F64YA5.pcm /Users/jasonlee/Library/Developer/Xcode/DerivedData/ModuleCache.noindex/_Builtin_float-B3X23RATCEWJ3XHJNFVYI7N9Y.pcm /Users/jasonlee/Library/Developer/Xcode/DerivedData/ModuleCache.noindex/_AvailabilityInternal-DHGB2QDBEVMT55S2668L9GD1W.pcm /Users/jasonlee/Library/Developer/Xcode/DerivedData/ModuleCache.noindex/CoreImage-MED9LBTZSW1YVNVWWFDSL9RA.pcm /Users/jasonlee/Library/Developer/Xcode/DerivedData/ModuleCache.noindex/SwiftShims-F33ZQI6YMY74LDZRUMQX24UK9.pcm /Users/jasonlee/Library/Developer/Xcode/DerivedData/ModuleCache.noindex/_Builtin_tgmath-76DKY0IM5MXFUNQCTD8EC5FJ6.pcm /Users/jasonlee/Library/Developer/Xcode/DerivedData/ModuleCache.noindex/libDER-7OR3RSBWDN4SWATOMUQZQ8CHJ.pcm /Users/jasonlee/Library/Developer/Xcode/DerivedData/ModuleCache.noindex/_Builtin_stddef-1R68W4J7VJYOKTQ2RO86SRYS6.pcm /Users/jasonlee/Library/Developer/Xcode/DerivedData/ModuleCache.noindex/_Builtin_stdbool-8RV0YNJMYOD55Q606PTEO4G33.pcm /Users/jasonlee/Library/Developer/Xcode/DerivedData/ModuleCache.noindex/Symbols-4VY12CUIZQ7MF1W2FU3UZKENY.pcm /Users/jasonlee/Library/Developer/Xcode/DerivedData/ModuleCache.noindex/sys_types-322VM8GK1P0G4P43R0V6K9KDJ.pcm /Users/jasonlee/Library/Developer/Xcode/DerivedData/ModuleCache.noindex/ImageIO-8QMOHNLSXOKUX0A87ILNKN9YT.pcm /Users/jasonlee/Library/Developer/Xcode/DerivedData/ModuleCache.noindex/Foundation-7FV17LB01BZUO8NR6I3X4XHCZ.pcm /Users/jasonlee/Library/Developer/Xcode/DerivedData/ModuleCache.noindex/CoreGraphics-26XMIL84HZGPU6VS3F1H6CBCA.pcm /Users/jasonlee/Library/Developer/Xcode/DerivedData/Notch-ddzsfiyxyoauidejndllmosklbkq/Build/Intermediates.noindex/SkyLightWindow.build/Release/SkyLightWindow.build/Objects-normal/arm64/SkyLightWindow-dependencies-2.json (in target 'SkyLightWindow' from project 'SkyLightWindow')

CompileSwift normal arm64 (in target 'SkyLightWindow' from project 'SkyLightWindow')
    cd /Users/jasonlee/Coding/App/Notch/Notch.xcodeproj
    

PrecompileModule /Users/jasonlee/Library/Developer/Xcode/DerivedData/Notch-ddzsfiyxyoauidejndllmosklbkq/Build/Intermediates.noindex/ExplicitPrecompiledModules/_DarwinFoundation3-2US2CA8GI6YPGPE09U905ULYK.scan
    cd /
    builtin-precompileModule /Users/jasonlee/Library/Developer/Xcode/DerivedData/Notch-ddzsfiyxyoauidejndllmosklbkq/Build/Intermediates.noindex/ExplicitPrecompiledModules/_DarwinFoundation3-2US2CA8GI6YPGPE09U905ULYK.scan

ScanDependencies /Users/jasonlee/Library/Developer/Xcode/DerivedData/Notch-ddzsfiyxyoauidejndllmosklbkq/Build/Intermediates.noindex/PostHog.build/Release/phlibwebp.build/Objects-normal/x86_64/muxread.o /Users/jasonlee/Library/Developer/Xcode/DerivedData/Notch-ddzsfiyxyoauidejndllmosklbkq/SourcePackages/checkouts/posthog-ios/vendor/libwebp/muxread.c normal x86_64 c com.apple.compilers.llvm.clang.1_0.compiler (in target 'phlibwebp' from project 'PostHog')
    cd /Users/jasonlee/Coding/App/Notch/Notch.xcodeproj
    
    Using response file: /Users/jasonlee/Library/Developer/Xcode/DerivedData/Notch-ddzsfiyxyoauidejndllmosklbkq/Build/Intermediates.noindex/PostHog.build/Release/phlibwebp.build/Objects-normal/x86_64/7187679823f38a2a940e0043cdf9d637-common-args.resp
    
    builtin-ScanDependencies -o /Users/jasonlee/Library/Developer/Xcode/DerivedData/Notch-ddzsfiyxyoauidejndllmosklbkq/Build/Intermediates.noindex/PostHog.build/Release/phlibwebp.build/Objects-normal/x86_64/muxread.o.scan -- /Applications/Xcode.app/Contents/Developer/Toolchains/XcodeDefault.xctoolchain/usr/bin/clang -x c -ivfsstatcache /Users/jasonlee/Library/Developer/Xcode/DerivedData/SDKStatCaches.noindex/macosx26.4-25E251-30f9ca8789b706f8bd3fc906a70d770f.sdkstatcache -target x86_64-apple-macos10.15 -fmessage-length\=0 -fdiagnostics-show-note-include-stack -fmacro-backtrace-limit\=0 -fno-color-diagnostics -fmodules-prune-interval\=86400 -fmodules-prune-after\=345600 -fbuild-session-file\=/Users/jasonlee/Library/Developer/Xcode/DerivedData/ModuleCache.noindex/Session.modulevalidation -fmodules-validate-once-per-build-session -Wnon-modular-include-in-framework-module -Werror\=non-modular-include-in-framework-module -Wno-trigraphs -Wno-missing-field-initializers -Wno-missing-prototypes -Wno-return-type -Wno-missing-braces -Wparentheses -Wswitch -Wno-unused-function -Wno-unused-label -Wno-unused-parameter -Wno-unused-variable -Wunused-value -Wno-empty-body -Wno-uninitialized -Wno-unknown-pragmas -w -Wno-shadow -Wno-four-char-constants -Wno-conversion -Wno-constant-conversion -Wno-int-conversion -Wno-bool-conversion -Wno-enum-conversion -Wno-float-conversion -Wno-non-literal-null-conversion -Wno-objc-literal-conversion -Wshorten-64-to-32 -Wpointer-sign -Wno-newline-eof -Wno-implicit-fallthrough -isysroot /Applications/Xcode.app/Contents/Developer/Platforms/MacOSX.platform/Developer/SDKs/MacOSX26.4.sdk -fstrict-aliasing -Wdeprecated-declarations -Wno-sign-conversion -Wno-infinite-recursion -Wno-comma -Wno-block-capture-autoreleasing -Wno-strict-prototypes -Wno-semicolon-before-method-body @/Users/jasonlee/Library/Developer/Xcode/DerivedData/Notch-ddzsfiyxyoauidejndllmosklbkq/Build/Intermediates.noindex/PostHog.build/Release/phlibwebp.build/Objects-normal/x86_64/7187679823f38a2a940e0043cdf9d637-common-args.resp -MMD -MT dependencies -MF /Users/jasonlee/Library/Developer/Xcode/DerivedData/Notch-ddzsfiyxyoauidejndllmosklbkq/Build/Intermediates.noindex/PostHog.build/Release/phlibwebp.build/Objects-normal/x86_64/muxread.d --serialize-diagnostics /Users/jasonlee/Library/Developer/Xcode/DerivedData/Notch-ddzsfiyxyoauidejndllmosklbkq/Build/Intermediates.noindex/PostHog.build/Release/phlibwebp.build/Objects-normal/x86_64/muxread.dia -c /Users/jasonlee/Library/Developer/Xcode/DerivedData/Notch-ddzsfiyxyoauidejndllmosklbkq/SourcePackages/checkouts/posthog-ios/vendor/libwebp/muxread.c -o /Users/jasonlee/Library/Developer/Xcode/DerivedData/Notch-ddzsfiyxyoauidejndllmosklbkq/Build/Intermediates.noindex/PostHog.build/Release/phlibwebp.build/Objects-normal/x86_64/muxread.o

ScanDependencies /Users/jasonlee/Library/Developer/Xcode/DerivedData/Notch-ddzsfiyxyoauidejndllmosklbkq/Build/Intermediates.noindex/PostHog.build/Release/phlibwebp.build/Objects-normal/x86_64/muxinternal.o /Users/jasonlee/Library/Developer/Xcode/DerivedData/Notch-ddzsfiyxyoauidejndllmosklbkq/SourcePackages/checkouts/posthog-ios/vendor/libwebp/muxinternal.c normal x86_64 c com.apple.compilers.llvm.clang.1_0.compiler (in target 'phlibwebp' from project 'PostHog')
    cd /Users/jasonlee/Coding/App/Notch/Notch.xcodeproj
    
    Using response file: /Users/jasonlee/Library/Developer/Xcode/DerivedData/Notch-ddzsfiyxyoauidejndllmosklbkq/Build/Intermediates.noindex/PostHog.build/Release/phlibwebp.build/Objects-normal/x86_64/7187679823f38a2a940e0043cdf9d637-common-args.resp
    
    builtin-ScanDependencies -o /Users/jasonlee/Library/Developer/Xcode/DerivedData/Notch-ddzsfiyxyoauidejndllmosklbkq/Build/Intermediates.noindex/PostHog.build/Release/phlibwebp.build/Objects-normal/x86_64/muxinternal.o.scan -- /Applications/Xcode.app/Contents/Developer/Toolchains/XcodeDefault.xctoolchain/usr/bin/clang -x c -ivfsstatcache /Users/jasonlee/Library/Developer/Xcode/DerivedData/SDKStatCaches.noindex/macosx26.4-25E251-30f9ca8789b706f8bd3fc906a70d770f.sdkstatcache -target x86_64-apple-macos10.15 -fmessage-length\=0 -fdiagnostics-show-note-include-stack -fmacro-backtrace-limit\=0 -fno-color-diagnostics -fmodules-prune-interval\=86400 -fmodules-prune-after\=345600 -fbuild-session-file\=/Users/jasonlee/Library/Developer/Xcode/DerivedData/ModuleCache.noindex/Session.modulevalidation -fmodules-validate-once-per-build-session -Wnon-modular-include-in-framework-module -Werror\=non-modular-include-in-framework-module -Wno-trigraphs -Wno-missing-field-initializers -Wno-missing-prototypes -Wno-return-type -Wno-missing-braces -Wparentheses -Wswitch -Wno-unused-function -Wno-unused-label -Wno-unused-parameter -Wno-unused-variable -Wunused-value -Wno-empty-body -Wno-uninitialized -Wno-unknown-pragmas -w -Wno-shadow -Wno-four-char-constants -Wno-conversion -Wno-constant-conversion -Wno-int-conversion -Wno-bool-conversion -Wno-enum-conversion -Wno-float-conversion -Wno-non-literal-null-conversion -Wno-objc-literal-conversion -Wshorten-64-to-32 -Wpointer-sign -Wno-newline-eof -Wno-implicit-fallthrough -isysroot /Applications/Xcode.app/Contents/Developer/Platforms/MacOSX.platform/Developer/SDKs/MacOSX26.4.sdk -fstrict-aliasing -Wdeprecated-declarations -Wno-sign-conversion -Wno-infinite-recursion -Wno-comma -Wno-block-capture-autoreleasing -Wno-strict-prototypes -Wno-semicolon-before-method-body @/Users/jasonlee/Library/Developer/Xcode/DerivedData/Notch-ddzsfiyxyoauidejndllmosklbkq/Build/Intermediates.noindex/PostHog.build/Release/phlibwebp.build/Objects-normal/x86_64/7187679823f38a2a940e0043cdf9d637-common-args.resp -MMD -MT dependencies -MF /Users/jasonlee/Library/Developer/Xcode/DerivedData/Notch-ddzsfiyxyoauidejndllmosklbkq/Build/Intermediates.noindex/PostHog.build/Release/phlibwebp.build/Objects-normal/x86_64/muxinternal.d --serialize-diagnostics /Users/jasonlee/Library/Developer/Xcode/DerivedData/Notch-ddzsfiyxyoauidejndllmosklbkq/Build/Intermediates.noindex/PostHog.build/Release/phlibwebp.build/Objects-normal/x86_64/muxinternal.dia -c /Users/jasonlee/Library/Developer/Xcode/DerivedData/Notch-ddzsfiyxyoauidejndllmosklbkq/SourcePackages/checkouts/posthog-ios/vendor/libwebp/muxinternal.c -o /Users/jasonlee/Library/Developer/Xcode/DerivedData/Notch-ddzsfiyxyoauidejndllmosklbkq/Build/Intermediates.noindex/PostHog.build/Release/phlibwebp.build/Objects-normal/x86_64/muxinternal.o

ScanDependencies /Users/jasonlee/Library/Developer/Xcode/DerivedData/Notch-ddzsfiyxyoauidejndllmosklbkq/Build/Intermediates.noindex/PostHog.build/Release/phlibwebp.build/Objects-normal/x86_64/muxedit.o /Users/jasonlee/Library/Developer/Xcode/DerivedData/Notch-ddzsfiyxyoauidejndllmosklbkq/SourcePackages/checkouts/posthog-ios/vendor/libwebp/muxedit.c normal x86_64 c com.apple.compilers.llvm.clang.1_0.compiler (in target 'phlibwebp' from project 'PostHog')
    cd /Users/jasonlee/Coding/App/Notch/Notch.xcodeproj
    
    Using response file: /Users/jasonlee/Library/Developer/Xcode/DerivedData/Notch-ddzsfiyxyoauidejndllmosklbkq/Build/Intermediates.noindex/PostHog.build/Release/phlibwebp.build/Objects-normal/x86_64/7187679823f38a2a940e0043cdf9d637-common-args.resp
    
    builtin-ScanDependencies -o /Users/jasonlee/Library/Developer/Xcode/DerivedData/Notch-ddzsfiyxyoauidejndllmosklbkq/Build/Intermediates.noindex/PostHog.build/Release/phlibwebp.build/Objects-normal/x86_64/muxedit.o.scan -- /Applications/Xcode.app/Contents/Developer/Toolchains/XcodeDefault.xctoolchain/usr/bin/clang -x c -ivfsstatcache /Users/jasonlee/Library/Developer/Xcode/DerivedData/SDKStatCaches.noindex/macosx26.4-25E251-30f9ca8789b706f8bd3fc906a70d770f.sdkstatcache -target x86_64-apple-macos10.15 -fmessage-length\=0 -fdiagnostics-show-note-include-stack -fmacro-backtrace-limit\=0 -fno-color-diagnostics -fmodules-prune-interval\=86400 -fmodules-prune-after\=345600 -fbuild-session-file\=/Users/jasonlee/Library/Developer/Xcode/DerivedData/ModuleCache.noindex/Session.modulevalidation -fmodules-validate-once-per-build-session -Wnon-modular-include-in-framework-module -Werror\=non-modular-include-in-framework-module -Wno-trigraphs -Wno-missing-field-initializers -Wno-missing-prototypes -Wno-return-type -Wno-missing-braces -Wparentheses -Wswitch -Wno-unused-function -Wno-unused-label -Wno-unused-parameter -Wno-unused-variable -Wunused-value -Wno-empty-body -Wno-uninitialized -Wno-unknown-pragmas -w -Wno-shadow -Wno-four-char-constants -Wno-conversion -Wno-constant-conversion -Wno-int-conversion -Wno-bool-conversion -Wno-enum-conversion -Wno-float-conversion -Wno-non-literal-null-conversion -Wno-objc-literal-conversion -Wshorten-64-to-32 -Wpointer-sign -Wno-newline-eof -Wno-implicit-fallthrough -isysroot /Applications/Xcode.app/Contents/Developer/Platforms/MacOSX.platform/Developer/SDKs/MacOSX26.4.sdk -fstrict-aliasing -Wdeprecated-declarations -Wno-sign-conversion -Wno-infinite-recursion -Wno-comma -Wno-block-capture-autoreleasing -Wno-strict-prototypes -Wno-semicolon-before-method-body @/Users/jasonlee/Library/Developer/Xcode/DerivedData/Notch-ddzsfiyxyoauidejndllmosklbkq/Build/Intermediates.noindex/PostHog.build/Release/phlibwebp.build/Objects-normal/x86_64/7187679823f38a2a940e0043cdf9d637-common-args.resp -MMD -MT dependencies -MF /Users/jasonlee/Library/Developer/Xcode/DerivedData/Notch-ddzsfiyxyoauidejndllmosklbkq/Build/Intermediates.noindex/PostHog.build/Release/phlibwebp.build/Objects-normal/x86_64/muxedit.d --serialize-diagnostics /Users/jasonlee/Library/Developer/Xcode/DerivedData/Notch-ddzsfiyxyoauidejndllmosklbkq/Build/Intermediates.noindex/PostHog.build/Release/phlibwebp.build/Objects-normal/x86_64/muxedit.dia -c /Users/jasonlee/Library/Developer/Xcode/DerivedData/Notch-ddzsfiyxyoauidejndllmosklbkq/SourcePackages/checkouts/posthog-ios/vendor/libwebp/muxedit.c -o /Users/jasonlee/Library/Developer/Xcode/DerivedData/Notch-ddzsfiyxyoauidejndllmosklbkq/Build/Intermediates.noindex/PostHog.build/Release/phlibwebp.build/Objects-normal/x86_64/muxedit.o

ScanDependencies /Users/jasonlee/Library/Developer/Xcode/DerivedData/Notch-ddzsfiyxyoauidejndllmosklbkq/Build/Intermediates.noindex/PostHog.build/Release/phlibwebp.build/Objects-normal/x86_64/lossless_sse41.o /Users/jasonlee/Library/Developer/Xcode/DerivedData/Notch-ddzsfiyxyoauidejndllmosklbkq/SourcePackages/checkouts/posthog-ios/vendor/libwebp/lossless_sse41.c normal x86_64 c com.apple.compilers.llvm.clang.1_0.compiler (in target 'phlibwebp' from project 'PostHog')
    cd /Users/jasonlee/Coding/App/Notch/Notch.xcodeproj
    
    Using response file: /Users/jasonlee/Library/Developer/Xcode/DerivedData/Notch-ddzsfiyxyoauidejndllmosklbkq/Build/Intermediates.noindex/PostHog.build/Release/phlibwebp.build/Objects-normal/x86_64/7187679823f38a2a940e0043cdf9d637-common-args.resp
    
    builtin-ScanDependencies -o /Users/jasonlee/Library/Developer/Xcode/DerivedData/Notch-ddzsfiyxyoauidejndllmosklbkq/Build/Intermediates.noindex/PostHog.build/Release/phlibwebp.build/Objects-normal/x86_64/lossless_sse41.o.scan -- /Applications/Xcode.app/Contents/Developer/Toolchains/XcodeDefault.xctoolchain/usr/bin/clang -x c -ivfsstatcache /Users/jasonlee/Library/Developer/Xcode/DerivedData/SDKStatCaches.noindex/macosx26.4-25E251-30f9ca8789b706f8bd3fc906a70d770f.sdkstatcache -target x86_64-apple-macos10.15 -fmessage-length\=0 -fdiagnostics-show-note-include-stack -fmacro-backtrace-limit\=0 -fno-color-diagnostics -fmodules-prune-interval\=86400 -fmodules-prune-after\=345600 -fbuild-session-file\=/Users/jasonlee/Library/Developer/Xcode/DerivedData/ModuleCache.noindex/Session.modulevalidation -fmodules-validate-once-per-build-session -Wnon-modular-include-in-framework-module -Werror\=non-modular-include-in-framework-module -Wno-trigraphs -Wno-missing-field-initializers -Wno-missing-prototypes -Wno-return-type -Wno-missing-braces -Wparentheses -Wswitch -Wno-unused-function -Wno-unused-label -Wno-unused-parameter -Wno-unused-variable -Wunused-value -Wno-empty-body -Wno-uninitialized -Wno-unknown-pragmas -w -Wno-shadow -Wno-four-char-constants -Wno-conversion -Wno-constant-conversion -Wno-int-conversion -Wno-bool-conversion -Wno-enum-conversion -Wno-float-conversion -Wno-non-literal-null-conversion -Wno-objc-literal-conversion -Wshorten-64-to-32 -Wpointer-sign -Wno-newline-eof -Wno-implicit-fallthrough -isysroot /Applications/Xcode.app/Contents/Developer/Platforms/MacOSX.platform/Developer/SDKs/MacOSX26.4.sdk -fstrict-aliasing -Wdeprecated-declarations -Wno-sign-conversion -Wno-infinite-recursion -Wno-comma -Wno-block-capture-autoreleasing -Wno-strict-prototypes -Wno-semicolon-before-method-body @/Users/jasonlee/Library/Developer/Xcode/DerivedData/Notch-ddzsfiyxyoauidejndllmosklbkq/Build/Intermediates.noindex/PostHog.build/Release/phlibwebp.build/Objects-normal/x86_64/7187679823f38a2a940e0043cdf9d637-common-args.resp -MMD -MT dependencies -MF /Users/jasonlee/Library/Developer/Xcode/DerivedData/Notch-ddzsfiyxyoauidejndllmosklbkq/Build/Intermediates.noindex/PostHog.build/Release/phlibwebp.build/Objects-normal/x86_64/lossless_sse41.d --serialize-diagnostics /Users/jasonlee/Library/Developer/Xcode/DerivedData/Notch-ddzsfiyxyoauidejndllmosklbkq/Build/Intermediates.noindex/PostHog.build/Release/phlibwebp.build/Objects-normal/x86_64/lossless_sse41.dia -c /Users/jasonlee/Library/Developer/Xcode/DerivedData/Notch-ddzsfiyxyoauidejndllmosklbkq/SourcePackages/checkouts/posthog-ios/vendor/libwebp/lossless_sse41.c -o /Users/jasonlee/Library/Developer/Xcode/DerivedData/Notch-ddzsfiyxyoauidejndllmosklbkq/Build/Intermediates.noindex/PostHog.build/Release/phlibwebp.build/Objects-normal/x86_64/lossless_sse41.o

ScanDependencies /Users/jasonlee/Library/Developer/Xcode/DerivedData/Notch-ddzsfiyxyoauidejndllmosklbkq/Build/Intermediates.noindex/PostHog.build/Release/phlibwebp.build/Objects-normal/x86_64/lossless_sse2.o /Users/jasonlee/Library/Developer/Xcode/DerivedData/Notch-ddzsfiyxyoauidejndllmosklbkq/SourcePackages/checkouts/posthog-ios/vendor/libwebp/lossless_sse2.c normal x86_64 c com.apple.compilers.llvm.clang.1_0.compiler (in target 'phlibwebp' from project 'PostHog')
    cd /Users/jasonlee/Coding/App/Notch/Notch.xcodeproj
    
    Using response file: /Users/jasonlee/Library/Developer/Xcode/DerivedData/Notch-ddzsfiyxyoauidejndllmosklbkq/Build/Intermediates.noindex/PostHog.build/Release/phlibwebp.build/Objects-normal/x86_64/7187679823f38a2a940e0043cdf9d637-common-args.resp
    
    builtin-ScanDependencies -o /Users/jasonlee/Library/Developer/Xcode/DerivedData/Notch-ddzsfiyxyoauidejndllmosklbkq/Build/Intermediates.noindex/PostHog.build/Release/phlibwebp.build/Objects-normal/x86_64/lossless_sse2.o.scan -- /Applications/Xcode.app/Contents/Developer/Toolchains/XcodeDefault.xctoolchain/usr/bin/clang -x c -ivfsstatcache /Users/jasonlee/Library/Developer/Xcode/DerivedData/SDKStatCaches.noindex/macosx26.4-25E251-30f9ca8789b706f8bd3fc906a70d770f.sdkstatcache -target x86_64-apple-macos10.15 -fmessage-length\=0 -fdiagnostics-show-note-include-stack -fmacro-backtrace-limit\=0 -fno-color-diagnostics -fmodules-prune-interval\=86400 -fmodules-prune-after\=345600 -fbuild-session-file\=/Users/jasonlee/Library/Developer/Xcode/DerivedData/ModuleCache.noindex/Session.modulevalidation -fmodules-validate-once-per-build-session -Wnon-modular-include-in-framework-module -Werror\=non-modular-include-in-framework-module -Wno-trigraphs -Wno-missing-field-initializers -Wno-missing-prototypes -Wno-return-type -Wno-missing-braces -Wparentheses -Wswitch -Wno-unused-function -Wno-unused-label -Wno-unused-parameter -Wno-unused-variable -Wunused-value -Wno-empty-body -Wno-uninitialized -Wno-unknown-pragmas -w -Wno-shadow -Wno-four-char-constants -Wno-conversion -Wno-constant-conversion -Wno-int-conversion -Wno-bool-conversion -Wno-enum-conversion -Wno-float-conversion -Wno-non-literal-null-conversion -Wno-objc-literal-conversion -Wshorten-64-to-32 -Wpointer-sign -Wno-newline-eof -Wno-implicit-fallthrough -isysroot /Applications/Xcode.app/Contents/Developer/Platforms/MacOSX.platform/Developer/SDKs/MacOSX26.4.sdk -fstrict-aliasing -Wdeprecated-declarations -Wno-sign-conversion -Wno-infinite-recursion -Wno-comma -Wno-block-capture-autoreleasing -Wno-strict-prototypes -Wno-semicolon-before-method-body @/Users/jasonlee/Library/Developer/Xcode/DerivedData/Notch-ddzsfiyxyoauidejndllmosklbkq/Build/Intermediates.noindex/PostHog.build/Release/phlibwebp.build/Objects-normal/x86_64/7187679823f38a2a940e0043cdf9d637-common-args.resp -MMD -MT dependencies -MF /Users/jasonlee/Library/Developer/Xcode/DerivedData/Notch-ddzsfiyxyoauidejndllmosklbkq/Build/Intermediates.noindex/PostHog.build/Release/phlibwebp.build/Objects-normal/x86_64/lossless_sse2.d --serialize-diagnostics /Users/jasonlee/Library/Developer/Xcode/DerivedData/Notch-ddzsfiyxyoauidejndllmosklbkq/Build/Intermediates.noindex/PostHog.build/Release/phlibwebp.build/Objects-normal/x86_64/lossless_sse2.dia -c /Users/jasonlee/Library/Developer/Xcode/DerivedData/Notch-ddzsfiyxyoauidejndllmosklbkq/SourcePackages/checkouts/posthog-ios/vendor/libwebp/lossless_sse2.c -o /Users/jasonlee/Library/Developer/Xcode/DerivedData/Notch-ddzsfiyxyoauidejndllmosklbkq/Build/Intermediates.noindex/PostHog.build/Release/phlibwebp.build/Objects-normal/x86_64/lossless_sse2.o

SwiftCompile normal arm64 Compiling\ resource_bundle_accessor.swift,\ CarbonKeyboardShortcuts.swift,\ Key.swift,\ KeyboardShortcuts.swift,\ NSMenuItem++.swift,\ Name.swift,\ Recorder.swift,\ RecorderCocoa.swift,\ Shortcut.swift,\ Utilities.swift,\ ViewModifiers.swift /Users/jasonlee/Library/Developer/Xcode/DerivedData/Notch-ddzsfiyxyoauidejndllmosklbkq/Build/Intermediates.noindex/KeyboardShortcuts.build/Release/KeyboardShortcuts.build/DerivedSources/resource_bundle_accessor.swift /Users/jasonlee/Library/Developer/Xcode/DerivedData/Notch-ddzsfiyxyoauidejndllmosklbkq/SourcePackages/checkouts/KeyboardShortcuts/Sources/KeyboardShortcuts/CarbonKeyboardShortcuts.swift /Users/jasonlee/Library/Developer/Xcode/DerivedData/Notch-ddzsfiyxyoauidejndllmosklbkq/SourcePackages/checkouts/KeyboardShortcuts/Sources/KeyboardShortcuts/Key.swift /Users/jasonlee/Library/Developer/Xcode/DerivedData/Notch-ddzsfiyxyoauidejndllmosklbkq/SourcePackages/checkouts/KeyboardShortcuts/Sources/KeyboardShortcuts/KeyboardShortcuts.swift /Users/jasonlee/Library/Developer/Xcode/DerivedData/Notch-ddzsfiyxyoauidejndllmosklbkq/SourcePackages/checkouts/KeyboardShortcuts/Sources/KeyboardShortcuts/NSMenuItem++.swift /Users/jasonlee/Library/Developer/Xcode/DerivedData/Notch-ddzsfiyxyoauidejndllmosklbkq/SourcePackages/checkouts/KeyboardShortcuts/Sources/KeyboardShortcuts/Name.swift /Users/jasonlee/Library/Developer/Xcode/DerivedData/Notch-ddzsfiyxyoauidejndllmosklbkq/SourcePackages/checkouts/KeyboardShortcuts/Sources/KeyboardShortcuts/Recorder.swift /Users/jasonlee/Library/Developer/Xcode/DerivedData/Notch-ddzsfiyxyoauidejndllmosklbkq/SourcePackages/checkouts/KeyboardShortcuts/Sources/KeyboardShortcuts/RecorderCocoa.swift /Users/jasonlee/Library/Developer/Xcode/DerivedData/Notch-ddzsfiyxyoauidejndllmosklbkq/SourcePackages/checkouts/KeyboardShortcuts/Sources/KeyboardShortcuts/Shortcut.swift /Users/jasonlee/Library/Developer/Xcode/DerivedData/Notch-ddzsfiyxyoauidejndllmosklbkq/SourcePackages/checkouts/KeyboardShortcuts/Sources/KeyboardShortcuts/Utilities.swift /Users/jasonlee/Library/Developer/Xcode/DerivedData/Notch-ddzsfiyxyoauidejndllmosklbkq/SourcePackages/checkouts/KeyboardShortcuts/Sources/KeyboardShortcuts/ViewModifiers.swift /Applications/Xcode.app/Contents/Developer/Toolchains/XcodeDefault.xctoolchain/usr/lib/swift/macosx/prebuilt-modules/26.4/Spatial.swiftmodule/arm64e-apple-macos.swiftmodule /Applications/Xcode.app/Contents/Developer/Toolchains/XcodeDefault.xctoolchain/usr/lib/swift/macosx/prebuilt-modules/26.4/Accessibility.swiftmodule/arm64e-apple-macos.swiftmodule /Applications/Xcode.app/Contents/Developer/Toolchains/XcodeDefault.xctoolchain/usr/lib/swift/macosx/prebuilt-modules/26.4/CoreVideo.swiftmodule/arm64e-apple-macos.swiftmodule /Applications/Xcode.app/Contents/Developer/Toolchains/XcodeDefault.xctoolchain/usr/lib/swift/macosx/prebuilt-modules/26.4/Combine.swiftmodule/arm64e-apple-macos.swiftmodule /Applications/Xcode.app/Contents/Developer/Toolchains/XcodeDefault.xctoolchain/usr/lib/swift/macosx/prebuilt-modules/26.4/Symbols.swiftmodule/arm64e-apple-macos.swiftmodule /Applications/Xcode.app/Contents/Developer/Toolchains/XcodeDefault.xctoolchain/usr/lib/swift/macosx/prebuilt-modules/26.4/CoreImage.swiftmodule/arm64e-apple-macos.swiftmodule /Applications/Xcode.app/Contents/Developer/Toolchains/XcodeDefault.xctoolchain/usr/lib/swift/macosx/prebuilt-modules/26.4/Dispatch.swiftmodule/arm64e-apple-macos.swiftmodule /Applications/Xcode.app/Contents/Developer/Toolchains/XcodeDefault.xctoolchain/usr/lib/swift/macosx/prebuilt-modules/26.4/SwiftUICore.swiftmodule/arm64e-apple-macos.swiftmodule /Applications/Xcode.app/Contents/Developer/Toolchains/XcodeDefault.xctoolchain/usr/lib/swift/macosx/prebuilt-modules/26.4/ObjectiveC.swiftmodule/arm64e-apple-macos.swiftmodule /Applications/Xcode.app/Contents/Developer/Toolchains/XcodeDefault.xctoolchain/usr/lib/swift/macosx/prebuilt-modules/26.4/simd.swiftmodule/arm64e-apple-macos.swiftmodule /Applications/Xcode.app/Contents/Developer/Toolchains/XcodeDefault.xctoolchain/usr/lib/swift/macosx/prebuilt-modules/26.4/_Concurrency.swiftmodule/arm64e-apple-macos.swiftmodule /Applications/Xcode.app/Contents/Developer/Toolchains/XcodeDefault.xctoolchain/usr/lib/swift/macosx/prebuilt-modules/26.4/XPC.swiftmodule/arm64e-apple-macos.swiftmodule /Applications/Xcode.app/Contents/Developer/Toolchains/XcodeDefault.xctoolchain/usr/lib/swift/macosx/prebuilt-modules/26.4/Observation.swiftmodule/arm64e-apple-macos.swiftmodule /Applications/Xcode.app/Contents/Developer/Toolchains/XcodeDefault.xctoolchain/usr/lib/swift/macosx/prebuilt-modules/26.4/_Builtin_float.swiftmodule/arm64e-apple-macos.swiftmodule /Applications/Xcode.app/Contents/Developer/Toolchains/XcodeDefault.xctoolchain/usr/lib/swift/macosx/prebuilt-modules/26.4/QuartzCore.swiftmodule/arm64e-apple-macos.swiftmodule /Applications/Xcode.app/Contents/Developer/Toolchains/XcodeDefault.xctoolchain/usr/lib/swift/macosx/prebuilt-modules/26.4/CoreGraphics.swiftmodule/arm64e-apple-macos.swiftmodule /Applications/Xcode.app/Contents/Developer/Toolchains/XcodeDefault.xctoolchain/usr/lib/swift/macosx/prebuilt-modules/26.4/CoreTransferable.swiftmodule/arm64e-apple-macos.swiftmodule /Applications/Xcode.app/Contents/Developer/Toolchains/XcodeDefault.xctoolchain/usr/lib/swift/macosx/prebuilt-modules/26.4/CoreData.swiftmodule/arm64e-apple-macos.swiftmodule /Applications/Xcode.app/Contents/Developer/Toolchains/XcodeDefault.xctoolchain/usr/lib/swift/macosx/prebuilt-modules/26.4/os.swiftmodule/arm64e-apple-macos.swiftmodule /Applications/Xcode.app/Contents/Developer/Toolchains/XcodeDefault.xctoolchain/usr/lib/swift/macosx/prebuilt-modules/26.4/CoreText.swiftmodule/arm64e-apple-macos.swiftmodule /Applications/Xcode.app/Contents/Developer/Toolchains/XcodeDefault.xctoolchain/usr/lib/swift/macosx/prebuilt-modules/26.4/CoreFoundation.swiftmodule/arm64e-apple-macos.swiftmodule /Applications/Xcode.app/Contents/Developer/Toolchains/XcodeDefault.xctoolchain/usr/lib/swift/macosx/prebuilt-modules/26.4/_DarwinFoundation2.swiftmodule/arm64e-apple-macos.swiftmodule /Applications/Xcode.app/Contents/Developer/Toolchains/XcodeDefault.xctoolchain/usr/lib/swift/macosx/prebuilt-modules/26.4/DeveloperToolsSupport.swiftmodule/arm64e-apple-macos.swiftmodule /Applications/Xcode.app/Contents/Developer/Toolchains/XcodeDefault.xctoolchain/usr/lib/swift/macosx/prebuilt-modules/26.4/Metal.swiftmodule/arm64e-apple-macos.swiftmodule /Applications/Xcode.app/Contents/Developer/Toolchains/XcodeDefault.xctoolchain/usr/lib/swift/macosx/prebuilt-modules/26.4/DataDetection.swiftmodule/arm64e-apple-macos.swiftmodule /Applications/Xcode.app/Contents/Developer/Toolchains/XcodeDefault.xctoolchain/usr/lib/swift/macosx/prebuilt-modules/26.4/SwiftUI.swiftmodule/arm64e-apple-macos.swiftmodule /Applications/Xcode.app/Contents/Developer/Toolchains/XcodeDefault.xctoolchain/usr/lib/swift/macosx/prebuilt-modules/26.4/Darwin.swiftmodule/arm64e-apple-macos.swiftmodule /Applications/Xcode.app/Contents/Developer/Toolchains/XcodeDefault.xctoolchain/usr/lib/swift/macosx/prebuilt-modules/26.4/_DarwinFoundation1.swiftmodule/arm64e-apple-macos.swiftmodule /Applications/Xcode.app/Contents/Developer/Toolchains/XcodeDefault.xctoolchain/usr/lib/swift/macosx/prebuilt-modules/26.4/Foundation.swiftmodule/arm64e-apple-macos.swiftmodule /Applications/Xcode.app/Contents/Developer/Toolchains/XcodeDefault.xctoolchain/usr/lib/swift/macosx/prebuilt-modules/26.4/UniformTypeIdentifiers.swiftmodule/arm64e-apple-macos.swiftmodule /Applications/Xcode.app/Contents/Developer/Toolchains/XcodeDefault.xctoolchain/usr/lib/swift/macosx/prebuilt-modules/26.4/_DarwinFoundation3.swiftmodule/arm64e-apple-macos.swiftmodule /Applications/Xcode.app/Contents/Developer/Toolchains/XcodeDefault.xctoolchain/usr/lib/swift/macosx/prebuilt-modules/26.4/System.swiftmodule/arm64e-apple-macos.swiftmodule /Applications/Xcode.app/Contents/Developer/Toolchains/XcodeDefault.xctoolchain/usr/lib/swift/macosx/prebuilt-modules/26.4/_StringProcessing.swiftmodule/arm64e-apple-macos.swiftmodule /Applications/Xcode.app/Contents/Developer/Toolchains/XcodeDefault.xctoolchain/usr/lib/swift/macosx/prebuilt-modules/26.4/OSLog.swiftmodule/arm64e-apple-macos.swiftmodule /Applications/Xcode.app/Contents/Developer/Toolchains/XcodeDefault.xctoolchain/usr/lib/swift/macosx/prebuilt-modules/26.4/IOKit.swiftmodule/arm64e-apple-macos.swiftmodule /Applications/Xcode.app/Contents/Developer/Toolchains/XcodeDefault.xctoolchain/usr/lib/swift/macosx/prebuilt-modules/26.4/Swift.swiftmodule/arm64e-apple-macos.swiftmodule /Applications/Xcode.app/Contents/Developer/Toolchains/XcodeDefault.xctoolchain/usr/lib/swift/macosx/prebuilt-modules/26.4/AppKit.swiftmodule/arm64e-apple-macos.swiftmodule /Users/jasonlee/Library/Developer/Xcode/DerivedData/ModuleCache.noindex/CoreTransferable-85VISKXEPTQ2M3O4T24AG2EDQ.pcm /Users/jasonlee/Library/Developer/Xcode/DerivedData/ModuleCache.noindex/CFNetwork-2LVGDDK96JROQP2DSDBR6HM2G.pcm /Users/jasonlee/Library/Developer/Xcode/DerivedData/ModuleCache.noindex/ptrcheck-P5PIPOUXTXYM9SARTM012TXE.pcm /Users/jasonlee/Library/Developer/Xcode/DerivedData/ModuleCache.noindex/OSLog-6HPW9JWSLQGHKGYX5T6X8APQF.pcm /Users/jasonlee/Library/Developer/Xcode/DerivedData/ModuleCache.noindex/ptrauth-4FS70LCZJV89YLOD5VLI6THH2.pcm /Users/jasonlee/Library/Developer/Xcode/DerivedData/ModuleCache.noindex/Foundation-7FV17LB01BZUO8NR6I3X4XHCZ.pcm /Users/jasonlee/Library/Developer/Xcode/DerivedData/ModuleCache.noindex/AppKit-44LLXL6LTM5VBQLF0V48GEFEX.pcm /Users/jasonlee/Library/Developer/Xcode/DerivedData/ModuleCache.noindex/_Builtin_tgmath-76DKY0IM5MXFUNQCTD8EC5FJ6.pcm /Users/jasonlee/Library/Developer/Xcode/DerivedData/ModuleCache.noindex/SwiftUICore-AUYIN0FEVL4MUMR0Q04L8MMRA.pcm /Users/jasonlee/Library/Developer/Xcode/DerivedData/ModuleCache.noindex/ImageIO-8QMOHNLSXOKUX0A87ILNKN9YT.pcm /Users/jasonlee/Library/Developer/Xcode/DerivedData/ModuleCache.noindex/_DarwinFoundation2-2AC3CWL7D6OLUEPCB3YL43L5X.pcm /Users/jasonlee/Library/Developer/Xcode/DerivedData/ModuleCache.noindex/ObjectiveC-EXO03E7AICPMGA7FVKYYPSLKG.pcm /Users/jasonlee/Library/Developer/Xcode/DerivedData/ModuleCache.noindex/DiskArbitration-BAT0A1SC1KYYDDVE48LOXV3MQ.pcm /Users/jasonlee/Library/Developer/Xcode/DerivedData/ModuleCache.noindex/_Builtin_inttypes-8L3REPPSU1LFNCSAP3U2RO56E.pcm /Users/jasonlee/Library/Developer/Xcode/DerivedData/ModuleCache.noindex/_Builtin_stdint-6X7WCZ5X7X1ZOPYNOSX4PVNAZ.pcm /Users/jasonlee/Library/Developer/Xcode/DerivedData/ModuleCache.noindex/QuartzCore-DHTZM9LX0A1YF9VZBCAGVVWXL.pcm /Users/jasonlee/Library/Developer/Xcode/DerivedData/ModuleCache.noindex/CoreServices-9BNM49A1V1AOJW227NTH41RR8.pcm /Users/jasonlee/Library/Developer/Xcode/DerivedData/ModuleCache.noindex/os-9R3FXF2PC8F1A0XCB18QKH874.pcm /Users/jasonlee/Library/Developer/Xcode/DerivedData/ModuleCache.noindex/sys_types-322VM8GK1P0G4P43R0V6K9KDJ.pcm /Users/jasonlee/Library/Developer/Xcode/DerivedData/ModuleCache.noindex/CoreVideo-E8EK2LZ850WH16Z8GQTE1HJQU.pcm /Users/jasonlee/Library/Developer/Xcode/DerivedData/ModuleCache.noindex/CoreFoundation-EXEQCMJSPCME20B2IH8M2RBEA.pcm /Users/jasonlee/Library/Developer/Xcode/DerivedData/ModuleCache.noindex/Symbols-4VY12CUIZQ7MF1W2FU3UZKENY.pcm /Users/jasonlee/Library/Developer/Xcode/DerivedData/ModuleCache.noindex/_Builtin_stdatomic-A6OP9DUB1YUO3PBEKAJGK5M1O.pcm /Users/jasonlee/Library/Developer/Xcode/DerivedData/ModuleCache.noindex/libDER-7OR3RSBWDN4SWATOMUQZQ8CHJ.pcm /Users/jasonlee/Library/Developer/Xcode/DerivedData/ModuleCache.noindex/_AvailabilityInternal-DHGB2QDBEVMT55S2668L9GD1W.pcm /Users/jasonlee/Library/Developer/Xcode/DerivedData/ModuleCache.noindex/IOSurface-EXZNIGGZ2WGU6JQUB0SQKAY9.pcm /Users/jasonlee/Library/Developer/Xcode/DerivedData/ModuleCache.noindex/UniformTypeIdentifiers-75CO8QUIDUISM2HMEIFRVTYC6.pcm /Users/jasonlee/Library/Developer/Xcode/DerivedData/ModuleCache.noindex/CoreImage-MED9LBTZSW1YVNVWWFDSL9RA.pcm /Users/jasonlee/Library/Developer/Xcode/DerivedData/ModuleCache.noindex/CoreData-ETMA5DQCDIYPJTKN8M43536LF.pcm /Users/jasonlee/Library/Developer/Xcode/DerivedData/ModuleCache.noindex/launch-BEQBYCQILK7I4BC7C5O610QC4.pcm /Users/jasonlee/Library/Developer/Xcode/DerivedData/ModuleCache.noindex/CoreText-2YYIC7VBKUTV9Q71OK1NKOYYA.pcm /Users/jasonlee/Library/Developer/Xcode/DerivedData/ModuleCache.noindex/SwiftShims-F33ZQI6YMY74LDZRUMQX24UK9.pcm /Users/jasonlee/Library/Developer/Xcode/DerivedData/ModuleCache.noindex/DeveloperToolsSupport-734D0A2LHFEA7L1FRZ8RVKUH2.pcm /Users/jasonlee/Library/Developer/Xcode/DerivedData/ModuleCache.noindex/IOKit-AW34XRESWB8I7K2E0HY0TVLOE.pcm /Users/jasonlee/Library/Developer/Xcode/DerivedData/ModuleCache.noindex/_Builtin_limits-A2D93QLEDFYZBTMGQE50A7J6L.pcm /Users/jasonlee/Library/Developer/Xcode/DerivedData/ModuleCache.noindex/ApplicationServices-D0R4H884NT9V41FJARENYXE9C.pcm /Users/jasonlee/Library/Developer/Xcode/DerivedData/ModuleCache.noindex/_DarwinFoundation1-8SH7QHQHSSPSNE3C8PTVQ3F4G.pcm /Users/jasonlee/Library/Developer/Xcode/DerivedData/ModuleCache.noindex/_DarwinFoundation3-8449J4NEJSYHNYD9AQHJLEP5I.pcm /Users/jasonlee/Library/Developer/Xcode/DerivedData/ModuleCache.noindex/MachO-8DM6HP7GMICHOVYTVPK7FNR2B.pcm /Users/jasonlee/Library/Developer/Xcode/DerivedData/ModuleCache.noindex/OpenGL-4K2O3YLF8ID4B4VOP29Y7ICY1.pcm /Users/jasonlee/Library/Developer/Xcode/DerivedData/ModuleCache.noindex/CUPS-63V4QODOROU69BWOY4NBGHNU5.pcm /Users/jasonlee/Library/Developer/Xcode/DerivedData/ModuleCache.noindex/os_object-5LLS1B1DMLPB3O7CZM721TM2O.pcm /Users/jasonlee/Library/Developer/Xcode/DerivedData/ModuleCache.noindex/Metal-42Y50DRA5GZLNPZX39T9DCQDR.pcm /Users/jasonlee/Library/Developer/Xcode/DerivedData/ModuleCache.noindex/Spatial-7DICNCWKRO69LBW17N8HW0URY.pcm /Users/jasonlee/Library/Developer/Xcode/DerivedData/ModuleCache.noindex/SwiftUI-7QQ09HLJZM1QLRRGGPX89ZNJD.pcm /Users/jasonlee/Library/Developer/Xcode/DerivedData/ModuleCache.noindex/XPC-94IPTFM38GPOULV6M6MRIR933.pcm /Users/jasonlee/Library/Developer/Xcode/DerivedData/ModuleCache.noindex/CoreGraphics-26XMIL84HZGPU6VS3F1H6CBCA.pcm /Users/jasonlee/Library/Developer/Xcode/DerivedData/ModuleCache.noindex/ColorSync-73768K6ZSEHQ3THVRXLS0UW5L.pcm /Users/jasonlee/Library/Developer/Xcode/DerivedData/ModuleCache.noindex/libkern-7QG5SE7CX8O1TNE5L13F64YA5.pcm /Users/jasonlee/Library/Developer/Xcode/DerivedData/ModuleCache.noindex/Security-D99NHHB2YWBDCFMI95B40FXT9.pcm /Users/jasonlee/Library/Developer/Xcode/DerivedData/ModuleCache.noindex/Dispatch-7PVQ3LQGVPM82UOQKISDO4OHR.pcm /Users/jasonlee/Library/Developer/Xcode/DerivedData/ModuleCache.noindex/os_workgroup-BZ0I0SD84M207M8XLTCZX4UIL.pcm /Users/jasonlee/Library/Developer/Xcode/DerivedData/ModuleCache.noindex/_Builtin_stdbool-8RV0YNJMYOD55Q606PTEO4G33.pcm /Users/jasonlee/Library/Developer/Xcode/DerivedData/ModuleCache.noindex/_Builtin_intrinsics-1M0YWW5ZSN8JGU3T70TN5AYBP.pcm /Users/jasonlee/Library/Developer/Xcode/DerivedData/ModuleCache.noindex/_SwiftConcurrencyShims-DAQBP3W3AKOUN3K31AZ6FUXY0.pcm /Users/jasonlee/Library/Developer/Xcode/DerivedData/ModuleCache.noindex/Darwin-7C413J2FWGYC8KBD2F9PHP5FZ.pcm /Users/jasonlee/Library/Developer/Xcode/DerivedData/ModuleCache.noindex/DataDetection-4JA8GK56UJ7JYIFIJYUHIH59.pcm /Users/jasonlee/Library/Developer/Xcode/DerivedData/ModuleCache.noindex/_Builtin_stddef-1R68W4J7VJYOKTQ2RO86SRYS6.pcm /Users/jasonlee/Library/Developer/Xcode/DerivedData/ModuleCache.noindex/Carbon-D3S7DUZZPS60TBT1UAPGU0C3Z.pcm /Users/jasonlee/Library/Developer/Xcode/DerivedData/ModuleCache.noindex/Accessibility-D3VSV1I7B0ZSNOKE2H9NXMBWH.pcm /Users/jasonlee/Library/Developer/Xcode/DerivedData/ModuleCache.noindex/_Builtin_stdarg-3CDCGZE9L5WT8RU4170FH0XPM.pcm /Users/jasonlee/Library/Developer/Xcode/DerivedData/ModuleCache.noindex/simd-9FMDGKR36NBGHLADBCAIYD9YX.pcm /Users/jasonlee/Library/Developer/Xcode/DerivedData/ModuleCache.noindex/_Builtin_float-B3X23RATCEWJ3XHJNFVYI7N9Y.pcm /Users/jasonlee/Library/Developer/Xcode/DerivedData/Notch-ddzsfiyxyoauidejndllmosklbkq/Build/Intermediates.noindex/KeyboardShortcuts.build/Release/KeyboardShortcuts.build/Objects-normal/arm64/KeyboardShortcuts-dependencies-2.json (in target 'KeyboardShortcuts' from project 'KeyboardShortcuts')
CompileSwift normal arm64 (in target 'KeyboardShortcuts' from project 'KeyboardShortcuts')
    cd /Users/jasonlee/Coding/App/Notch/Notch.xcodeproj
    

ScanDependencies /Users/jasonlee/Library/Developer/Xcode/DerivedData/Notch-ddzsfiyxyoauidejndllmosklbkq/Build/Intermediates.noindex/PostHog.build/Release/phlibwebp.build/Objects-normal/x86_64/lossless_neon.o /Users/jasonlee/Library/Developer/Xcode/DerivedData/Notch-ddzsfiyxyoauidejndllmosklbkq/SourcePackages/checkouts/posthog-ios/vendor/libwebp/lossless_neon.c normal x86_64 c com.apple.compilers.llvm.clang.1_0.compiler (in target 'phlibwebp' from project 'PostHog')
    cd /Users/jasonlee/Coding/App/Notch/Notch.xcodeproj
    
    Using response file: /Users/jasonlee/Library/Developer/Xcode/DerivedData/Notch-ddzsfiyxyoauidejndllmosklbkq/Build/Intermediates.noindex/PostHog.build/Release/phlibwebp.build/Objects-normal/x86_64/7187679823f38a2a940e0043cdf9d637-common-args.resp
    
    builtin-ScanDependencies -o /Users/jasonlee/Library/Developer/Xcode/DerivedData/Notch-ddzsfiyxyoauidejndllmosklbkq/Build/Intermediates.noindex/PostHog.build/Release/phlibwebp.build/Objects-normal/x86_64/lossless_neon.o.scan -- /Applications/Xcode.app/Contents/Developer/Toolchains/XcodeDefault.xctoolchain/usr/bin/clang -x c -ivfsstatcache /Users/jasonlee/Library/Developer/Xcode/DerivedData/SDKStatCaches.noindex/macosx26.4-25E251-30f9ca8789b706f8bd3fc906a70d770f.sdkstatcache -target x86_64-apple-macos10.15 -fmessage-length\=0 -fdiagnostics-show-note-include-stack -fmacro-backtrace-limit\=0 -fno-color-diagnostics -fmodules-prune-interval\=86400 -fmodules-prune-after\=345600 -fbuild-session-file\=/Users/jasonlee/Library/Developer/Xcode/DerivedData/ModuleCache.noindex/Session.modulevalidation -fmodules-validate-once-per-build-session -Wnon-modular-include-in-framework-module -Werror\=non-modular-include-in-framework-module -Wno-trigraphs -Wno-missing-field-initializers -Wno-missing-prototypes -Wno-return-type -Wno-missing-braces -Wparentheses -Wswitch -Wno-unused-function -Wno-unused-label -Wno-unused-parameter -Wno-unused-variable -Wunused-value -Wno-empty-body -Wno-uninitialized -Wno-unknown-pragmas -w -Wno-shadow -Wno-four-char-constants -Wno-conversion -Wno-constant-conversion -Wno-int-conversion -Wno-bool-conversion -Wno-enum-conversion -Wno-float-conversion -Wno-non-literal-null-conversion -Wno-objc-literal-conversion -Wshorten-64-to-32 -Wpointer-sign -Wno-newline-eof -Wno-implicit-fallthrough -isysroot /Applications/Xcode.app/Contents/Developer/Platforms/MacOSX.platform/Developer/SDKs/MacOSX26.4.sdk -fstrict-aliasing -Wdeprecated-declarations -Wno-sign-conversion -Wno-infinite-recursion -Wno-comma -Wno-block-capture-autoreleasing -Wno-strict-prototypes -Wno-semicolon-before-method-body @/Users/jasonlee/Library/Developer/Xcode/DerivedData/Notch-ddzsfiyxyoauidejndllmosklbkq/Build/Intermediates.noindex/PostHog.build/Release/phlibwebp.build/Objects-normal/x86_64/7187679823f38a2a940e0043cdf9d637-common-args.resp -MMD -MT dependencies -MF /Users/jasonlee/Library/Developer/Xcode/DerivedData/Notch-ddzsfiyxyoauidejndllmosklbkq/Build/Intermediates.noindex/PostHog.build/Release/phlibwebp.build/Objects-normal/x86_64/lossless_neon.d --serialize-diagnostics /Users/jasonlee/Library/Developer/Xcode/DerivedData/Notch-ddzsfiyxyoauidejndllmosklbkq/Build/Intermediates.noindex/PostHog.build/Release/phlibwebp.build/Objects-normal/x86_64/lossless_neon.dia -c /Users/jasonlee/Library/Developer/Xcode/DerivedData/Notch-ddzsfiyxyoauidejndllmosklbkq/SourcePackages/checkouts/posthog-ios/vendor/libwebp/lossless_neon.c -o /Users/jasonlee/Library/Developer/Xcode/DerivedData/Notch-ddzsfiyxyoauidejndllmosklbkq/Build/Intermediates.noindex/PostHog.build/Release/phlibwebp.build/Objects-normal/x86_64/lossless_neon.o

ScanDependencies /Users/jasonlee/Library/Developer/Xcode/DerivedData/Notch-ddzsfiyxyoauidejndllmosklbkq/Build/Intermediates.noindex/PostHog.build/Release/phlibwebp.build/Objects-normal/x86_64/lossless_enc_sse41.o /Users/jasonlee/Library/Developer/Xcode/DerivedData/Notch-ddzsfiyxyoauidejndllmosklbkq/SourcePackages/checkouts/posthog-ios/vendor/libwebp/lossless_enc_sse41.c normal x86_64 c com.apple.compilers.llvm.clang.1_0.compiler (in target 'phlibwebp' from project 'PostHog')
    cd /Users/jasonlee/Coding/App/Notch/Notch.xcodeproj
    
    Using response file: /Users/jasonlee/Library/Developer/Xcode/DerivedData/Notch-ddzsfiyxyoauidejndllmosklbkq/Build/Intermediates.noindex/PostHog.build/Release/phlibwebp.build/Objects-normal/x86_64/7187679823f38a2a940e0043cdf9d637-common-args.resp
    
    builtin-ScanDependencies -o /Users/jasonlee/Library/Developer/Xcode/DerivedData/Notch-ddzsfiyxyoauidejndllmosklbkq/Build/Intermediates.noindex/PostHog.build/Release/phlibwebp.build/Objects-normal/x86_64/lossless_enc_sse41.o.scan -- /Applications/Xcode.app/Contents/Developer/Toolchains/XcodeDefault.xctoolchain/usr/bin/clang -x c -ivfsstatcache /Users/jasonlee/Library/Developer/Xcode/DerivedData/SDKStatCaches.noindex/macosx26.4-25E251-30f9ca8789b706f8bd3fc906a70d770f.sdkstatcache -target x86_64-apple-macos10.15 -fmessage-length\=0 -fdiagnostics-show-note-include-stack -fmacro-backtrace-limit\=0 -fno-color-diagnostics -fmodules-prune-interval\=86400 -fmodules-prune-after\=345600 -fbuild-session-file\=/Users/jasonlee/Library/Developer/Xcode/DerivedData/ModuleCache.noindex/Session.modulevalidation -fmodules-validate-once-per-build-session -Wnon-modular-include-in-framework-module -Werror\=non-modular-include-in-framework-module -Wno-trigraphs -Wno-missing-field-initializers -Wno-missing-prototypes -Wno-return-type -Wno-missing-braces -Wparentheses -Wswitch -Wno-unused-function -Wno-unused-label -Wno-unused-parameter -Wno-unused-variable -Wunused-value -Wno-empty-body -Wno-uninitialized -Wno-unknown-pragmas -w -Wno-shadow -Wno-four-char-constants -Wno-conversion -Wno-constant-conversion -Wno-int-conversion -Wno-bool-conversion -Wno-enum-conversion -Wno-float-conversion -Wno-non-literal-null-conversion -Wno-objc-literal-conversion -Wshorten-64-to-32 -Wpointer-sign -Wno-newline-eof -Wno-implicit-fallthrough -isysroot /Applications/Xcode.app/Contents/Developer/Platforms/MacOSX.platform/Developer/SDKs/MacOSX26.4.sdk -fstrict-aliasing -Wdeprecated-declarations -Wno-sign-conversion -Wno-infinite-recursion -Wno-comma -Wno-block-capture-autoreleasing -Wno-strict-prototypes -Wno-semicolon-before-method-body @/Users/jasonlee/Library/Developer/Xcode/DerivedData/Notch-ddzsfiyxyoauidejndllmosklbkq/Build/Intermediates.noindex/PostHog.build/Release/phlibwebp.build/Objects-normal/x86_64/7187679823f38a2a940e0043cdf9d637-common-args.resp -MMD -MT dependencies -MF /Users/jasonlee/Library/Developer/Xcode/DerivedData/Notch-ddzsfiyxyoauidejndllmosklbkq/Build/Intermediates.noindex/PostHog.build/Release/phlibwebp.build/Objects-normal/x86_64/lossless_enc_sse41.d --serialize-diagnostics /Users/jasonlee/Library/Developer/Xcode/DerivedData/Notch-ddzsfiyxyoauidejndllmosklbkq/Build/Intermediates.noindex/PostHog.build/Release/phlibwebp.build/Objects-normal/x86_64/lossless_enc_sse41.dia -c /Users/jasonlee/Library/Developer/Xcode/DerivedData/Notch-ddzsfiyxyoauidejndllmosklbkq/SourcePackages/checkouts/posthog-ios/vendor/libwebp/lossless_enc_sse41.c -o /Users/jasonlee/Library/Developer/Xcode/DerivedData/Notch-ddzsfiyxyoauidejndllmosklbkq/Build/Intermediates.noindex/PostHog.build/Release/phlibwebp.build/Objects-normal/x86_64/lossless_enc_sse41.o

ScanDependencies /Users/jasonlee/Library/Developer/Xcode/DerivedData/Notch-ddzsfiyxyoauidejndllmosklbkq/Build/Intermediates.noindex/PostHog.build/Release/phlibwebp.build/Objects-normal/x86_64/lossless_enc_sse2.o /Users/jasonlee/Library/Developer/Xcode/DerivedData/Notch-ddzsfiyxyoauidejndllmosklbkq/SourcePackages/checkouts/posthog-ios/vendor/libwebp/lossless_enc_sse2.c normal x86_64 c com.apple.compilers.llvm.clang.1_0.compiler (in target 'phlibwebp' from project 'PostHog')
    cd /Users/jasonlee/Coding/App/Notch/Notch.xcodeproj
    
    Using response file: /Users/jasonlee/Library/Developer/Xcode/DerivedData/Notch-ddzsfiyxyoauidejndllmosklbkq/Build/Intermediates.noindex/PostHog.build/Release/phlibwebp.build/Objects-normal/x86_64/7187679823f38a2a940e0043cdf9d637-common-args.resp
    
    builtin-ScanDependencies -o /Users/jasonlee/Library/Developer/Xcode/DerivedData/Notch-ddzsfiyxyoauidejndllmosklbkq/Build/Intermediates.noindex/PostHog.build/Release/phlibwebp.build/Objects-normal/x86_64/lossless_enc_sse2.o.scan -- /Applications/Xcode.app/Contents/Developer/Toolchains/XcodeDefault.xctoolchain/usr/bin/clang -x c -ivfsstatcache /Users/jasonlee/Library/Developer/Xcode/DerivedData/SDKStatCaches.noindex/macosx26.4-25E251-30f9ca8789b706f8bd3fc906a70d770f.sdkstatcache -target x86_64-apple-macos10.15 -fmessage-length\=0 -fdiagnostics-show-note-include-stack -fmacro-backtrace-limit\=0 -fno-color-diagnostics -fmodules-prune-interval\=86400 -fmodules-prune-after\=345600 -fbuild-session-file\=/Users/jasonlee/Library/Developer/Xcode/DerivedData/ModuleCache.noindex/Session.modulevalidation -fmodules-validate-once-per-build-session -Wnon-modular-include-in-framework-module -Werror\=non-modular-include-in-framework-module -Wno-trigraphs -Wno-missing-field-initializers -Wno-missing-prototypes -Wno-return-type -Wno-missing-braces -Wparentheses -Wswitch -Wno-unused-function -Wno-unused-label -Wno-unused-parameter -Wno-unused-variable -Wunused-value -Wno-empty-body -Wno-uninitialized -Wno-unknown-pragmas -w -Wno-shadow -Wno-four-char-constants -Wno-conversion -Wno-constant-conversion -Wno-int-conversion -Wno-bool-conversion -Wno-enum-conversion -Wno-float-conversion -Wno-non-literal-null-conversion -Wno-objc-literal-conversion -Wshorten-64-to-32 -Wpointer-sign -Wno-newline-eof -Wno-implicit-fallthrough -isysroot /Applications/Xcode.app/Contents/Developer/Platforms/MacOSX.platform/Developer/SDKs/MacOSX26.4.sdk -fstrict-aliasing -Wdeprecated-declarations -Wno-sign-conversion -Wno-infinite-recursion -Wno-comma -Wno-block-capture-autoreleasing -Wno-strict-prototypes -Wno-semicolon-before-method-body @/Users/jasonlee/Library/Developer/Xcode/DerivedData/Notch-ddzsfiyxyoauidejndllmosklbkq/Build/Intermediates.noindex/PostHog.build/Release/phlibwebp.build/Objects-normal/x86_64/7187679823f38a2a940e0043cdf9d637-common-args.resp -MMD -MT dependencies -MF /Users/jasonlee/Library/Developer/Xcode/DerivedData/Notch-ddzsfiyxyoauidejndllmosklbkq/Build/Intermediates.noindex/PostHog.build/Release/phlibwebp.build/Objects-normal/x86_64/lossless_enc_sse2.d --serialize-diagnostics /Users/jasonlee/Library/Developer/Xcode/DerivedData/Notch-ddzsfiyxyoauidejndllmosklbkq/Build/Intermediates.noindex/PostHog.build/Release/phlibwebp.build/Objects-normal/x86_64/lossless_enc_sse2.dia -c /Users/jasonlee/Library/Developer/Xcode/DerivedData/Notch-ddzsfiyxyoauidejndllmosklbkq/SourcePackages/checkouts/posthog-ios/vendor/libwebp/lossless_enc_sse2.c -o /Users/jasonlee/Library/Developer/Xcode/DerivedData/Notch-ddzsfiyxyoauidejndllmosklbkq/Build/Intermediates.noindex/PostHog.build/Release/phlibwebp.build/Objects-normal/x86_64/lossless_enc_sse2.o

ScanDependencies /Users/jasonlee/Library/Developer/Xcode/DerivedData/Notch-ddzsfiyxyoauidejndllmosklbkq/Build/Intermediates.noindex/PostHog.build/Release/phlibwebp.build/Objects-normal/x86_64/lossless_enc_neon.o /Users/jasonlee/Library/Developer/Xcode/DerivedData/Notch-ddzsfiyxyoauidejndllmosklbkq/SourcePackages/checkouts/posthog-ios/vendor/libwebp/lossless_enc_neon.c normal x86_64 c com.apple.compilers.llvm.clang.1_0.compiler (in target 'phlibwebp' from project 'PostHog')
    cd /Users/jasonlee/Coding/App/Notch/Notch.xcodeproj
    
    Using response file: /Users/jasonlee/Library/Developer/Xcode/DerivedData/Notch-ddzsfiyxyoauidejndllmosklbkq/Build/Intermediates.noindex/PostHog.build/Release/phlibwebp.build/Objects-normal/x86_64/7187679823f38a2a940e0043cdf9d637-common-args.resp
    
    builtin-ScanDependencies -o /Users/jasonlee/Library/Developer/Xcode/DerivedData/Notch-ddzsfiyxyoauidejndllmosklbkq/Build/Intermediates.noindex/PostHog.build/Release/phlibwebp.build/Objects-normal/x86_64/lossless_enc_neon.o.scan -- /Applications/Xcode.app/Contents/Developer/Toolchains/XcodeDefault.xctoolchain/usr/bin/clang -x c -ivfsstatcache /Users/jasonlee/Library/Developer/Xcode/DerivedData/SDKStatCaches.noindex/macosx26.4-25E251-30f9ca8789b706f8bd3fc906a70d770f.sdkstatcache -target x86_64-apple-macos10.15 -fmessage-length\=0 -fdiagnostics-show-note-include-stack -fmacro-backtrace-limit\=0 -fno-color-diagnostics -fmodules-prune-interval\=86400 -fmodules-prune-after\=345600 -fbuild-session-file\=/Users/jasonlee/Library/Developer/Xcode/DerivedData/ModuleCache.noindex/Session.modulevalidation -fmodules-validate-once-per-build-session -Wnon-modular-include-in-framework-module -Werror\=non-modular-include-in-framework-module -Wno-trigraphs -Wno-missing-field-initializers -Wno-missing-prototypes -Wno-return-type -Wno-missing-braces -Wparentheses -Wswitch -Wno-unused-function -Wno-unused-label -Wno-unused-parameter -Wno-unused-variable -Wunused-value -Wno-empty-body -Wno-uninitialized -Wno-unknown-pragmas -w -Wno-shadow -Wno-four-char-constants -Wno-conversion -Wno-constant-conversion -Wno-int-conversion -Wno-bool-conversion -Wno-enum-conversion -Wno-float-conversion -Wno-non-literal-null-conversion -Wno-objc-literal-conversion -Wshorten-64-to-32 -Wpointer-sign -Wno-newline-eof -Wno-implicit-fallthrough -isysroot /Applications/Xcode.app/Contents/Developer/Platforms/MacOSX.platform/Developer/SDKs/MacOSX26.4.sdk -fstrict-aliasing -Wdeprecated-declarations -Wno-sign-conversion -Wno-infinite-recursion -Wno-comma -Wno-block-capture-autoreleasing -Wno-strict-prototypes -Wno-semicolon-before-method-body @/Users/jasonlee/Library/Developer/Xcode/DerivedData/Notch-ddzsfiyxyoauidejndllmosklbkq/Build/Intermediates.noindex/PostHog.build/Release/phlibwebp.build/Objects-normal/x86_64/7187679823f38a2a940e0043cdf9d637-common-args.resp -MMD -MT dependencies -MF /Users/jasonlee/Library/Developer/Xcode/DerivedData/Notch-ddzsfiyxyoauidejndllmosklbkq/Build/Intermediates.noindex/PostHog.build/Release/phlibwebp.build/Objects-normal/x86_64/lossless_enc_neon.d --serialize-diagnostics /Users/jasonlee/Library/Developer/Xcode/DerivedData/Notch-ddzsfiyxyoauidejndllmosklbkq/Build/Intermediates.noindex/PostHog.build/Release/phlibwebp.build/Objects-normal/x86_64/lossless_enc_neon.dia -c /Users/jasonlee/Library/Developer/Xcode/DerivedData/Notch-ddzsfiyxyoauidejndllmosklbkq/SourcePackages/checkouts/posthog-ios/vendor/libwebp/lossless_enc_neon.c -o /Users/jasonlee/Library/Developer/Xcode/DerivedData/Notch-ddzsfiyxyoauidejndllmosklbkq/Build/Intermediates.noindex/PostHog.build/Release/phlibwebp.build/Objects-normal/x86_64/lossless_enc_neon.o

ScanDependencies /Users/jasonlee/Library/Developer/Xcode/DerivedData/Notch-ddzsfiyxyoauidejndllmosklbkq/Build/Intermediates.noindex/PostHog.build/Release/phlibwebp.build/Objects-normal/x86_64/lossless_enc.o /Users/jasonlee/Library/Developer/Xcode/DerivedData/Notch-ddzsfiyxyoauidejndllmosklbkq/SourcePackages/checkouts/posthog-ios/vendor/libwebp/lossless_enc.c normal x86_64 c com.apple.compilers.llvm.clang.1_0.compiler (in target 'phlibwebp' from project 'PostHog')
    cd /Users/jasonlee/Coding/App/Notch/Notch.xcodeproj
    
    Using response file: /Users/jasonlee/Library/Developer/Xcode/DerivedData/Notch-ddzsfiyxyoauidejndllmosklbkq/Build/Intermediates.noindex/PostHog.build/Release/phlibwebp.build/Objects-normal/x86_64/7187679823f38a2a940e0043cdf9d637-common-args.resp
    
    builtin-ScanDependencies -o /Users/jasonlee/Library/Developer/Xcode/DerivedData/Notch-ddzsfiyxyoauidejndllmosklbkq/Build/Intermediates.noindex/PostHog.build/Release/phlibwebp.build/Objects-normal/x86_64/lossless_enc.o.scan -- /Applications/Xcode.app/Contents/Developer/Toolchains/XcodeDefault.xctoolchain/usr/bin/clang -x c -ivfsstatcache /Users/jasonlee/Library/Developer/Xcode/DerivedData/SDKStatCaches.noindex/macosx26.4-25E251-30f9ca8789b706f8bd3fc906a70d770f.sdkstatcache -target x86_64-apple-macos10.15 -fmessage-length\=0 -fdiagnostics-show-note-include-stack -fmacro-backtrace-limit\=0 -fno-color-diagnostics -fmodules-prune-interval\=86400 -fmodules-prune-after\=345600 -fbuild-session-file\=/Users/jasonlee/Library/Developer/Xcode/DerivedData/ModuleCache.noindex/Session.modulevalidation -fmodules-validate-once-per-build-session -Wnon-modular-include-in-framework-module -Werror\=non-modular-include-in-framework-module -Wno-trigraphs -Wno-missing-field-initializers -Wno-missing-prototypes -Wno-return-type -Wno-missing-braces -Wparentheses -Wswitch -Wno-unused-function -Wno-unused-label -Wno-unused-parameter -Wno-unused-variable -Wunused-value -Wno-empty-body -Wno-uninitialized -Wno-unknown-pragmas -w -Wno-shadow -Wno-four-char-constants -Wno-conversion -Wno-constant-conversion -Wno-int-conversion -Wno-bool-conversion -Wno-enum-conversion -Wno-float-conversion -Wno-non-literal-null-conversion -Wno-objc-literal-conversion -Wshorten-64-to-32 -Wpointer-sign -Wno-newline-eof -Wno-implicit-fallthrough -isysroot /Applications/Xcode.app/Contents/Developer/Platforms/MacOSX.platform/Developer/SDKs/MacOSX26.4.sdk -fstrict-aliasing -Wdeprecated-declarations -Wno-sign-conversion -Wno-infinite-recursion -Wno-comma -Wno-block-capture-autoreleasing -Wno-strict-prototypes -Wno-semicolon-before-method-body @/Users/jasonlee/Library/Developer/Xcode/DerivedData/Notch-ddzsfiyxyoauidejndllmosklbkq/Build/Intermediates.noindex/PostHog.build/Release/phlibwebp.build/Objects-normal/x86_64/7187679823f38a2a940e0043cdf9d637-common-args.resp -MMD -MT dependencies -MF /Users/jasonlee/Library/Developer/Xcode/DerivedData/Notch-ddzsfiyxyoauidejndllmosklbkq/Build/Intermediates.noindex/PostHog.build/Release/phlibwebp.build/Objects-normal/x86_64/lossless_enc.d --serialize-diagnostics /Users/jasonlee/Library/Developer/Xcode/DerivedData/Notch-ddzsfiyxyoauidejndllmosklbkq/Build/Intermediates.noindex/PostHog.build/Release/phlibwebp.build/Objects-normal/x86_64/lossless_enc.dia -c /Users/jasonlee/Library/Developer/Xcode/DerivedData/Notch-ddzsfiyxyoauidejndllmosklbkq/SourcePackages/checkouts/posthog-ios/vendor/libwebp/lossless_enc.c -o /Users/jasonlee/Library/Developer/Xcode/DerivedData/Notch-ddzsfiyxyoauidejndllmosklbkq/Build/Intermediates.noindex/PostHog.build/Release/phlibwebp.build/Objects-normal/x86_64/lossless_enc.o

ScanDependencies /Users/jasonlee/Library/Developer/Xcode/DerivedData/Notch-ddzsfiyxyoauidejndllmosklbkq/Build/Intermediates.noindex/PostHog.build/Release/phlibwebp.build/Objects-normal/x86_64/lossless.o /Users/jasonlee/Library/Developer/Xcode/DerivedData/Notch-ddzsfiyxyoauidejndllmosklbkq/SourcePackages/checkouts/posthog-ios/vendor/libwebp/lossless.c normal x86_64 c com.apple.compilers.llvm.clang.1_0.compiler (in target 'phlibwebp' from project 'PostHog')
    cd /Users/jasonlee/Coding/App/Notch/Notch.xcodeproj
    
    Using response file: /Users/jasonlee/Library/Developer/Xcode/DerivedData/Notch-ddzsfiyxyoauidejndllmosklbkq/Build/Intermediates.noindex/PostHog.build/Release/phlibwebp.build/Objects-normal/x86_64/7187679823f38a2a940e0043cdf9d637-common-args.resp
    
    builtin-ScanDependencies -o /Users/jasonlee/Library/Developer/Xcode/DerivedData/Notch-ddzsfiyxyoauidejndllmosklbkq/Build/Intermediates.noindex/PostHog.build/Release/phlibwebp.build/Objects-normal/x86_64/lossless.o.scan -- /Applications/Xcode.app/Contents/Developer/Toolchains/XcodeDefault.xctoolchain/usr/bin/clang -x c -ivfsstatcache /Users/jasonlee/Library/Developer/Xcode/DerivedData/SDKStatCaches.noindex/macosx26.4-25E251-30f9ca8789b706f8bd3fc906a70d770f.sdkstatcache -target x86_64-apple-macos10.15 -fmessage-length\=0 -fdiagnostics-show-note-include-stack -fmacro-backtrace-limit\=0 -fno-color-diagnostics -fmodules-prune-interval\=86400 -fmodules-prune-after\=345600 -fbuild-session-file\=/Users/jasonlee/Library/Developer/Xcode/DerivedData/ModuleCache.noindex/Session.modulevalidation -fmodules-validate-once-per-build-session -Wnon-modular-include-in-framework-module -Werror\=non-modular-include-in-framework-module -Wno-trigraphs -Wno-missing-field-initializers -Wno-missing-prototypes -Wno-return-type -Wno-missing-braces -Wparentheses -Wswitch -Wno-unused-function -Wno-unused-label -Wno-unused-parameter -Wno-unused-variable -Wunused-value -Wno-empty-body -Wno-uninitialized -Wno-unknown-pragmas -w -Wno-shadow -Wno-four-char-constants -Wno-conversion -Wno-constant-conversion -Wno-int-conversion -Wno-bool-conversion -Wno-enum-conversion -Wno-float-conversion -Wno-non-literal-null-conversion -Wno-objc-literal-conversion -Wshorten-64-to-32 -Wpointer-sign -Wno-newline-eof -Wno-implicit-fallthrough -isysroot /Applications/Xcode.app/Contents/Developer/Platforms/MacOSX.platform/Developer/SDKs/MacOSX26.4.sdk -fstrict-aliasing -Wdeprecated-declarations -Wno-sign-conversion -Wno-infinite-recursion -Wno-comma -Wno-block-capture-autoreleasing -Wno-strict-prototypes -Wno-semicolon-before-method-body @/Users/jasonlee/Library/Developer/Xcode/DerivedData/Notch-ddzsfiyxyoauidejndllmosklbkq/Build/Intermediates.noindex/PostHog.build/Release/phlibwebp.build/Objects-normal/x86_64/7187679823f38a2a940e0043cdf9d637-common-args.resp -MMD -MT dependencies -MF /Users/jasonlee/Library/Developer/Xcode/DerivedData/Notch-ddzsfiyxyoauidejndllmosklbkq/Build/Intermediates.noindex/PostHog.build/Release/phlibwebp.build/Objects-normal/x86_64/lossless.d --serialize-diagnostics /Users/jasonlee/Library/Developer/Xcode/DerivedData/Notch-ddzsfiyxyoauidejndllmosklbkq/Build/Intermediates.noindex/PostHog.build/Release/phlibwebp.build/Objects-normal/x86_64/lossless.dia -c /Users/jasonlee/Library/Developer/Xcode/DerivedData/Notch-ddzsfiyxyoauidejndllmosklbkq/SourcePackages/checkouts/posthog-ios/vendor/libwebp/lossless.c -o /Users/jasonlee/Library/Developer/Xcode/DerivedData/Notch-ddzsfiyxyoauidejndllmosklbkq/Build/Intermediates.noindex/PostHog.build/Release/phlibwebp.build/Objects-normal/x86_64/lossless.o

ScanDependencies /Users/jasonlee/Library/Developer/Xcode/DerivedData/Notch-ddzsfiyxyoauidejndllmosklbkq/Build/Intermediates.noindex/PostHog.build/Release/phlibwebp.build/Objects-normal/x86_64/iterator_enc.o /Users/jasonlee/Library/Developer/Xcode/DerivedData/Notch-ddzsfiyxyoauidejndllmosklbkq/SourcePackages/checkouts/posthog-ios/vendor/libwebp/iterator_enc.c normal x86_64 c com.apple.compilers.llvm.clang.1_0.compiler (in target 'phlibwebp' from project 'PostHog')
    cd /Users/jasonlee/Coding/App/Notch/Notch.xcodeproj
    
    Using response file: /Users/jasonlee/Library/Developer/Xcode/DerivedData/Notch-ddzsfiyxyoauidejndllmosklbkq/Build/Intermediates.noindex/PostHog.build/Release/phlibwebp.build/Objects-normal/x86_64/7187679823f38a2a940e0043cdf9d637-common-args.resp
    
    builtin-ScanDependencies -o /Users/jasonlee/Library/Developer/Xcode/DerivedData/Notch-ddzsfiyxyoauidejndllmosklbkq/Build/Intermediates.noindex/PostHog.build/Release/phlibwebp.build/Objects-normal/x86_64/iterator_enc.o.scan -- /Applications/Xcode.app/Contents/Developer/Toolchains/XcodeDefault.xctoolchain/usr/bin/clang -x c -ivfsstatcache /Users/jasonlee/Library/Developer/Xcode/DerivedData/SDKStatCaches.noindex/macosx26.4-25E251-30f9ca8789b706f8bd3fc906a70d770f.sdkstatcache -target x86_64-apple-macos10.15 -fmessage-length\=0 -fdiagnostics-show-note-include-stack -fmacro-backtrace-limit\=0 -fno-color-diagnostics -fmodules-prune-interval\=86400 -fmodules-prune-after\=345600 -fbuild-session-file\=/Users/jasonlee/Library/Developer/Xcode/DerivedData/ModuleCache.noindex/Session.modulevalidation -fmodules-validate-once-per-build-session -Wnon-modular-include-in-framework-module -Werror\=non-modular-include-in-framework-module -Wno-trigraphs -Wno-missing-field-initializers -Wno-missing-prototypes -Wno-return-type -Wno-missing-braces -Wparentheses -Wswitch -Wno-unused-function -Wno-unused-label -Wno-unused-parameter -Wno-unused-variable -Wunused-value -Wno-empty-body -Wno-uninitialized -Wno-unknown-pragmas -w -Wno-shadow -Wno-four-char-constants -Wno-conversion -Wno-constant-conversion -Wno-int-conversion -Wno-bool-conversion -Wno-enum-conversion -Wno-float-conversion -Wno-non-literal-null-conversion -Wno-objc-literal-conversion -Wshorten-64-to-32 -Wpointer-sign -Wno-newline-eof -Wno-implicit-fallthrough -isysroot /Applications/Xcode.app/Contents/Developer/Platforms/MacOSX.platform/Developer/SDKs/MacOSX26.4.sdk -fstrict-aliasing -Wdeprecated-declarations -Wno-sign-conversion -Wno-infinite-recursion -Wno-comma -Wno-block-capture-autoreleasing -Wno-strict-prototypes -Wno-semicolon-before-method-body @/Users/jasonlee/Library/Developer/Xcode/DerivedData/Notch-ddzsfiyxyoauidejndllmosklbkq/Build/Intermediates.noindex/PostHog.build/Release/phlibwebp.build/Objects-normal/x86_64/7187679823f38a2a940e0043cdf9d637-common-args.resp -MMD -MT dependencies -MF /Users/jasonlee/Library/Developer/Xcode/DerivedData/Notch-ddzsfiyxyoauidejndllmosklbkq/Build/Intermediates.noindex/PostHog.build/Release/phlibwebp.build/Objects-normal/x86_64/iterator_enc.d --serialize-diagnostics /Users/jasonlee/Library/Developer/Xcode/DerivedData/Notch-ddzsfiyxyoauidejndllmosklbkq/Build/Intermediates.noindex/PostHog.build/Release/phlibwebp.build/Objects-normal/x86_64/iterator_enc.dia -c /Users/jasonlee/Library/Developer/Xcode/DerivedData/Notch-ddzsfiyxyoauidejndllmosklbkq/SourcePackages/checkouts/posthog-ios/vendor/libwebp/iterator_enc.c -o /Users/jasonlee/Library/Developer/Xcode/DerivedData/Notch-ddzsfiyxyoauidejndllmosklbkq/Build/Intermediates.noindex/PostHog.build/Release/phlibwebp.build/Objects-normal/x86_64/iterator_enc.o

ScanDependencies /Users/jasonlee/Library/Developer/Xcode/DerivedData/Notch-ddzsfiyxyoauidejndllmosklbkq/Build/Intermediates.noindex/PostHog.build/Release/phlibwebp.build/Objects-normal/x86_64/huffman_utils.o /Users/jasonlee/Library/Developer/Xcode/DerivedData/Notch-ddzsfiyxyoauidejndllmosklbkq/SourcePackages/checkouts/posthog-ios/vendor/libwebp/huffman_utils.c normal x86_64 c com.apple.compilers.llvm.clang.1_0.compiler (in target 'phlibwebp' from project 'PostHog')
    cd /Users/jasonlee/Coding/App/Notch/Notch.xcodeproj
    
    Using response file: /Users/jasonlee/Library/Developer/Xcode/DerivedData/Notch-ddzsfiyxyoauidejndllmosklbkq/Build/Intermediates.noindex/PostHog.build/Release/phlibwebp.build/Objects-normal/x86_64/7187679823f38a2a940e0043cdf9d637-common-args.resp
    
    builtin-ScanDependencies -o /Users/jasonlee/Library/Developer/Xcode/DerivedData/Notch-ddzsfiyxyoauidejndllmosklbkq/Build/Intermediates.noindex/PostHog.build/Release/phlibwebp.build/Objects-normal/x86_64/huffman_utils.o.scan -- /Applications/Xcode.app/Contents/Developer/Toolchains/XcodeDefault.xctoolchain/usr/bin/clang -x c -ivfsstatcache /Users/jasonlee/Library/Developer/Xcode/DerivedData/SDKStatCaches.noindex/macosx26.4-25E251-30f9ca8789b706f8bd3fc906a70d770f.sdkstatcache -target x86_64-apple-macos10.15 -fmessage-length\=0 -fdiagnostics-show-note-include-stack -fmacro-backtrace-limit\=0 -fno-color-diagnostics -fmodules-prune-interval\=86400 -fmodules-prune-after\=345600 -fbuild-session-file\=/Users/jasonlee/Library/Developer/Xcode/DerivedData/ModuleCache.noindex/Session.modulevalidation -fmodules-validate-once-per-build-session -Wnon-modular-include-in-framework-module -Werror\=non-modular-include-in-framework-module -Wno-trigraphs -Wno-missing-field-initializers -Wno-missing-prototypes -Wno-return-type -Wno-missing-braces -Wparentheses -Wswitch -Wno-unused-function -Wno-unused-label -Wno-unused-parameter -Wno-unused-variable -Wunused-value -Wno-empty-body -Wno-uninitialized -Wno-unknown-pragmas -w -Wno-shadow -Wno-four-char-constants -Wno-conversion -Wno-constant-conversion -Wno-int-conversion -Wno-bool-conversion -Wno-enum-conversion -Wno-float-conversion -Wno-non-literal-null-conversion -Wno-objc-literal-conversion -Wshorten-64-to-32 -Wpointer-sign -Wno-newline-eof -Wno-implicit-fallthrough -isysroot /Applications/Xcode.app/Contents/Developer/Platforms/MacOSX.platform/Developer/SDKs/MacOSX26.4.sdk -fstrict-aliasing -Wdeprecated-declarations -Wno-sign-conversion -Wno-infinite-recursion -Wno-comma -Wno-block-capture-autoreleasing -Wno-strict-prototypes -Wno-semicolon-before-method-body @/Users/jasonlee/Library/Developer/Xcode/DerivedData/Notch-ddzsfiyxyoauidejndllmosklbkq/Build/Intermediates.noindex/PostHog.build/Release/phlibwebp.build/Objects-normal/x86_64/7187679823f38a2a940e0043cdf9d637-common-args.resp -MMD -MT dependencies -MF /Users/jasonlee/Library/Developer/Xcode/DerivedData/Notch-ddzsfiyxyoauidejndllmosklbkq/Build/Intermediates.noindex/PostHog.build/Release/phlibwebp.build/Objects-normal/x86_64/huffman_utils.d --serialize-diagnostics /Users/jasonlee/Library/Developer/Xcode/DerivedData/Notch-ddzsfiyxyoauidejndllmosklbkq/Build/Intermediates.noindex/PostHog.build/Release/phlibwebp.build/Objects-normal/x86_64/huffman_utils.dia -c /Users/jasonlee/Library/Developer/Xcode/DerivedData/Notch-ddzsfiyxyoauidejndllmosklbkq/SourcePackages/checkouts/posthog-ios/vendor/libwebp/huffman_utils.c -o /Users/jasonlee/Library/Developer/Xcode/DerivedData/Notch-ddzsfiyxyoauidejndllmosklbkq/Build/Intermediates.noindex/PostHog.build/Release/phlibwebp.build/Objects-normal/x86_64/huffman_utils.o

SwiftCompile normal x86_64 Compiling\ resource_bundle_accessor.swift,\ CarbonKeyboardShortcuts.swift,\ Key.swift,\ KeyboardShortcuts.swift,\ NSMenuItem++.swift,\ Name.swift,\ Recorder.swift,\ RecorderCocoa.swift,\ Shortcut.swift,\ Utilities.swift,\ ViewModifiers.swift /Users/jasonlee/Library/Developer/Xcode/DerivedData/Notch-ddzsfiyxyoauidejndllmosklbkq/Build/Intermediates.noindex/KeyboardShortcuts.build/Release/KeyboardShortcuts.build/DerivedSources/resource_bundle_accessor.swift /Users/jasonlee/Library/Developer/Xcode/DerivedData/Notch-ddzsfiyxyoauidejndllmosklbkq/SourcePackages/checkouts/KeyboardShortcuts/Sources/KeyboardShortcuts/CarbonKeyboardShortcuts.swift /Users/jasonlee/Library/Developer/Xcode/DerivedData/Notch-ddzsfiyxyoauidejndllmosklbkq/SourcePackages/checkouts/KeyboardShortcuts/Sources/KeyboardShortcuts/Key.swift /Users/jasonlee/Library/Developer/Xcode/DerivedData/Notch-ddzsfiyxyoauidejndllmosklbkq/SourcePackages/checkouts/KeyboardShortcuts/Sources/KeyboardShortcuts/KeyboardShortcuts.swift /Users/jasonlee/Library/Developer/Xcode/DerivedData/Notch-ddzsfiyxyoauidejndllmosklbkq/SourcePackages/checkouts/KeyboardShortcuts/Sources/KeyboardShortcuts/NSMenuItem++.swift /Users/jasonlee/Library/Developer/Xcode/DerivedData/Notch-ddzsfiyxyoauidejndllmosklbkq/SourcePackages/checkouts/KeyboardShortcuts/Sources/KeyboardShortcuts/Name.swift /Users/jasonlee/Library/Developer/Xcode/DerivedData/Notch-ddzsfiyxyoauidejndllmosklbkq/SourcePackages/checkouts/KeyboardShortcuts/Sources/KeyboardShortcuts/Recorder.swift /Users/jasonlee/Library/Developer/Xcode/DerivedData/Notch-ddzsfiyxyoauidejndllmosklbkq/SourcePackages/checkouts/KeyboardShortcuts/Sources/KeyboardShortcuts/RecorderCocoa.swift /Users/jasonlee/Library/Developer/Xcode/DerivedData/Notch-ddzsfiyxyoauidejndllmosklbkq/SourcePackages/checkouts/KeyboardShortcuts/Sources/KeyboardShortcuts/Shortcut.swift /Users/jasonlee/Library/Developer/Xcode/DerivedData/Notch-ddzsfiyxyoauidejndllmosklbkq/SourcePackages/checkouts/KeyboardShortcuts/Sources/KeyboardShortcuts/Utilities.swift /Users/jasonlee/Library/Developer/Xcode/DerivedData/Notch-ddzsfiyxyoauidejndllmosklbkq/SourcePackages/checkouts/KeyboardShortcuts/Sources/KeyboardShortcuts/ViewModifiers.swift /Applications/Xcode.app/Contents/Developer/Toolchains/XcodeDefault.xctoolchain/usr/lib/swift/macosx/prebuilt-modules/26.4/_Concurrency.swiftmodule/x86_64-apple-macos.swiftmodule /Applications/Xcode.app/Contents/Developer/Toolchains/XcodeDefault.xctoolchain/usr/lib/swift/macosx/prebuilt-modules/26.4/ObjectiveC.swiftmodule/x86_64-apple-macos.swiftmodule /Applications/Xcode.app/Contents/Developer/Toolchains/XcodeDefault.xctoolchain/usr/lib/swift/macosx/prebuilt-modules/26.4/os.swiftmodule/x86_64-apple-macos.swiftmodule /Applications/Xcode.app/Contents/Developer/Toolchains/XcodeDefault.xctoolchain/usr/lib/swift/macosx/prebuilt-modules/26.4/SwiftUI.swiftmodule/x86_64-apple-macos.swiftmodule /Applications/Xcode.app/Contents/Developer/Toolchains/XcodeDefault.xctoolchain/usr/lib/swift/macosx/prebuilt-modules/26.4/_DarwinFoundation1.swiftmodule/x86_64-apple-macos.swiftmodule /Applications/Xcode.app/Contents/Developer/Toolchains/XcodeDefault.xctoolchain/usr/lib/swift/macosx/prebuilt-modules/26.4/AppKit.swiftmodule/x86_64-apple-macos.swiftmodule /Applications/Xcode.app/Contents/Developer/Toolchains/XcodeDefault.xctoolchain/usr/lib/swift/macosx/prebuilt-modules/26.4/OSLog.swiftmodule/x86_64-apple-macos.swiftmodule /Applications/Xcode.app/Contents/Developer/Toolchains/XcodeDefault.xctoolchain/usr/lib/swift/macosx/prebuilt-modules/26.4/_DarwinFoundation3.swiftmodule/x86_64-apple-macos.swiftmodule /Applications/Xcode.app/Contents/Developer/Toolchains/XcodeDefault.xctoolchain/usr/lib/swift/macosx/prebuilt-modules/26.4/Foundation.swiftmodule/x86_64-apple-macos.swiftmodule /Applications/Xcode.app/Contents/Developer/Toolchains/XcodeDefault.xctoolchain/usr/lib/swift/macosx/prebuilt-modules/26.4/CoreVideo.swiftmodule/x86_64-apple-macos.swiftmodule /Applications/Xcode.app/Contents/Developer/Toolchains/XcodeDefault.xctoolchain/usr/lib/swift/macosx/prebuilt-modules/26.4/Combine.swiftmodule/x86_64-apple-macos.swiftmodule /Applications/Xcode.app/Contents/Developer/Toolchains/XcodeDefault.xctoolchain/usr/lib/swift/macosx/prebuilt-modules/26.4/Darwin.swiftmodule/x86_64-apple-macos.swiftmodule /Applications/Xcode.app/Contents/Developer/Toolchains/XcodeDefault.xctoolchain/usr/lib/swift/macosx/prebuilt-modules/26.4/SwiftUICore.swiftmodule/x86_64-apple-macos.swiftmodule /Applications/Xcode.app/Contents/Developer/Toolchains/XcodeDefault.xctoolchain/usr/lib/swift/macosx/prebuilt-modules/26.4/_StringProcessing.swiftmodule/x86_64-apple-macos.swiftmodule /Applications/Xcode.app/Contents/Developer/Toolchains/XcodeDefault.xctoolchain/usr/lib/swift/macosx/prebuilt-modules/26.4/simd.swiftmodule/x86_64-apple-macos.swiftmodule /Applications/Xcode.app/Contents/Developer/Toolchains/XcodeDefault.xctoolchain/usr/lib/swift/macosx/prebuilt-modules/26.4/Metal.swiftmodule/x86_64-apple-macos.swiftmodule /Applications/Xcode.app/Contents/Developer/Toolchains/XcodeDefault.xctoolchain/usr/lib/swift/macosx/prebuilt-modules/26.4/CoreImage.swiftmodule/x86_64-apple-macos.swiftmodule /Applications/Xcode.app/Contents/Developer/Toolchains/XcodeDefault.xctoolchain/usr/lib/swift/macosx/prebuilt-modules/26.4/CoreFoundation.swiftmodule/x86_64-apple-macos.swiftmodule /Applications/Xcode.app/Contents/Developer/Toolchains/XcodeDefault.xctoolchain/usr/lib/swift/macosx/prebuilt-modules/26.4/CoreTransferable.swiftmodule/x86_64-apple-macos.swiftmodule /Applications/Xcode.app/Contents/Developer/Toolchains/XcodeDefault.xctoolchain/usr/lib/swift/macosx/prebuilt-modules/26.4/Dispatch.swiftmodule/x86_64-apple-macos.swiftmodule /Applications/Xcode.app/Contents/Developer/Toolchains/XcodeDefault.xctoolchain/usr/lib/swift/macosx/prebuilt-modules/26.4/Symbols.swiftmodule/x86_64-apple-macos.swiftmodule /Applications/Xcode.app/Contents/Developer/Toolchains/XcodeDefault.xctoolchain/usr/lib/swift/macosx/prebuilt-modules/26.4/Accessibility.swiftmodule/x86_64-apple-macos.swiftmodule /Applications/Xcode.app/Contents/Developer/Toolchains/XcodeDefault.xctoolchain/usr/lib/swift/macosx/prebuilt-modules/26.4/_DarwinFoundation2.swiftmodule/x86_64-apple-macos.swiftmodule /Applications/Xcode.app/Contents/Developer/Toolchains/XcodeDefault.xctoolchain/usr/lib/swift/macosx/prebuilt-modules/26.4/DataDetection.swiftmodule/x86_64-apple-macos.swiftmodule /Applications/Xcode.app/Contents/Developer/Toolchains/XcodeDefault.xctoolchain/usr/lib/swift/macosx/prebuilt-modules/26.4/XPC.swiftmodule/x86_64-apple-macos.swiftmodule /Applications/Xcode.app/Contents/Developer/Toolchains/XcodeDefault.xctoolchain/usr/lib/swift/macosx/prebuilt-modules/26.4/QuartzCore.swiftmodule/x86_64-apple-macos.swiftmodule /Applications/Xcode.app/Contents/Developer/Toolchains/XcodeDefault.xctoolchain/usr/lib/swift/macosx/prebuilt-modules/26.4/System.swiftmodule/x86_64-apple-macos.swiftmodule /Applications/Xcode.app/Contents/Developer/Toolchains/XcodeDefault.xctoolchain/usr/lib/swift/macosx/prebuilt-modules/26.4/CoreText.swiftmodule/x86_64-apple-macos.swiftmodule /Applications/Xcode.app/Contents/Developer/Toolchains/XcodeDefault.xctoolchain/usr/lib/swift/macosx/prebuilt-modules/26.4/Observation.swiftmodule/x86_64-apple-macos.swiftmodule /Applications/Xcode.app/Contents/Developer/Toolchains/XcodeDefault.xctoolchain/usr/lib/swift/macosx/prebuilt-modules/26.4/Swift.swiftmodule/x86_64-apple-macos.swiftmodule /Applications/Xcode.app/Contents/Developer/Toolchains/XcodeDefault.xctoolchain/usr/lib/swift/macosx/prebuilt-modules/26.4/IOKit.swiftmodule/x86_64-apple-macos.swiftmodule /Applications/Xcode.app/Contents/Developer/Toolchains/XcodeDefault.xctoolchain/usr/lib/swift/macosx/prebuilt-modules/26.4/UniformTypeIdentifiers.swiftmodule/x86_64-apple-macos.swiftmodule /Applications/Xcode.app/Contents/Developer/Toolchains/XcodeDefault.xctoolchain/usr/lib/swift/macosx/prebuilt-modules/26.4/DeveloperToolsSupport.swiftmodule/x86_64-apple-macos.swiftmodule /Applications/Xcode.app/Contents/Developer/Toolchains/XcodeDefault.xctoolchain/usr/lib/swift/macosx/prebuilt-modules/26.4/CoreGraphics.swiftmodule/x86_64-apple-macos.swiftmodule /Applications/Xcode.app/Contents/Developer/Toolchains/XcodeDefault.xctoolchain/usr/lib/swift/macosx/prebuilt-modules/26.4/CoreData.swiftmodule/x86_64-apple-macos.swiftmodule /Applications/Xcode.app/Contents/Developer/Toolchains/XcodeDefault.xctoolchain/usr/lib/swift/macosx/prebuilt-modules/26.4/_Builtin_float.swiftmodule/x86_64-apple-macos.swiftmodule /Applications/Xcode.app/Contents/Developer/Toolchains/XcodeDefault.xctoolchain/usr/lib/swift/macosx/prebuilt-modules/26.4/Spatial.swiftmodule/x86_64-apple-macos.swiftmodule /Users/jasonlee/Library/Developer/Xcode/DerivedData/ModuleCache.noindex/libDER-3ARBF7EU0YSX465GD49M8ON0F.pcm /Users/jasonlee/Library/Developer/Xcode/DerivedData/ModuleCache.noindex/CoreImage-EF6EU006G3I1WKGTMQWPDBEBW.pcm /Users/jasonlee/Library/Developer/Xcode/DerivedData/ModuleCache.noindex/os_object-B0P6TUVA4YZKJ2TZ8FBPLL889.pcm /Users/jasonlee/Library/Developer/Xcode/DerivedData/ModuleCache.noindex/sys_types-CVKKTSPDTAQCEDDRNNW6LQJGE.pcm /Users/jasonlee/Library/Developer/Xcode/DerivedData/ModuleCache.noindex/CoreVideo-5IOVJB9BWVGXL33T5Y2SK8AGC.pcm /Users/jasonlee/Library/Developer/Xcode/DerivedData/ModuleCache.noindex/_Builtin_inttypes-2ZUACPO8ARH14B576ZOJ716DM.pcm /Users/jasonlee/Library/Developer/Xcode/DerivedData/ModuleCache.noindex/SwiftUI-EBQFYPZHS6HYCHCD6FCJ2BXMJ.pcm /Users/jasonlee/Library/Developer/Xcode/DerivedData/ModuleCache.noindex/XPC-CCOAWDEC6QOKWM09YXL4BUSSS.pcm /Users/jasonlee/Library/Developer/Xcode/DerivedData/ModuleCache.noindex/CoreText-D3HOB9MR6NH7N0X8EOUW3KP9W.pcm /Users/jasonlee/Library/Developer/Xcode/DerivedData/ModuleCache.noindex/CUPS-BW7T766U67KVW0RY03S24P26A.pcm /Users/jasonlee/Library/Developer/Xcode/DerivedData/ModuleCache.noindex/Symbols-34VJAGWW0GEX4IP93CYCGDFVR.pcm /Users/jasonlee/Library/Developer/Xcode/DerivedData/ModuleCache.noindex/IOSurface-1JT7K81EP56LMOO6PL3PXBNA8.pcm /Users/jasonlee/Library/Developer/Xcode/DerivedData/ModuleCache.noindex/CoreGraphics-D8TW7V35AMFKG3VMNDPG2JD2C.pcm /Users/jasonlee/Library/Developer/Xcode/DerivedData/ModuleCache.noindex/Security-AHPMOIFREO2DQ71RGZ92P6ENW.pcm /Users/jasonlee/Library/Developer/Xcode/DerivedData/ModuleCache.noindex/_DarwinFoundation2-3ZXYPAGPILV3KX5SLBLCLWXHX.pcm /Users/jasonlee/Library/Developer/Xcode/DerivedData/ModuleCache.noindex/_Builtin_stddef-8MDIHTDPE6ZRIXDR1H0W4L8KA.pcm /Users/jasonlee/Library/Developer/Xcode/DerivedData/ModuleCache.noindex/Darwin-8YZ6X96I015YWQW9HTMNA5UE2.pcm /Users/jasonlee/Library/Developer/Xcode/DerivedData/ModuleCache.noindex/QuartzCore-E7QMH3PM2AVI698VOMWSQ5RDT.pcm /Users/jasonlee/Library/Developer/Xcode/DerivedData/ModuleCache.noindex/Dispatch-7M4TO5PYO2YD5FVEU67P22G9F.pcm /Users/jasonlee/Library/Developer/Xcode/DerivedData/ModuleCache.noindex/os_workgroup-EKQBWC3U89Y4OJKNJD1LCFIH.pcm /Users/jasonlee/Library/Developer/Xcode/DerivedData/ModuleCache.noindex/SwiftShims-1ISGTXI0B0NX851Q4WY7525SE.pcm /Users/jasonlee/Library/Developer/Xcode/DerivedData/ModuleCache.noindex/Metal-1800JL6F0OMUVZXUTWNKG87NU.pcm /Users/jasonlee/Library/Developer/Xcode/DerivedData/ModuleCache.noindex/CoreServices-84MBIWWVLFR0SEBUOK3Q4V876.pcm /Users/jasonlee/Library/Developer/Xcode/DerivedData/ModuleCache.noindex/MachO-ATM1NWL8BLRIVCC12ASYNK41L.pcm /Users/jasonlee/Library/Developer/Xcode/DerivedData/ModuleCache.noindex/libkern-ADFVSB151LM3NKCV99BUQZA27.pcm /Users/jasonlee/Library/Developer/Xcode/DerivedData/ModuleCache.noindex/ImageIO-25869I3DHFSJX9HBJ3FRCZ187.pcm /Users/jasonlee/Library/Developer/Xcode/DerivedData/ModuleCache.noindex/OSLog-DYSS4CJ2DMV5H55VYH8EAPWHO.pcm /Users/jasonlee/Library/Developer/Xcode/DerivedData/ModuleCache.noindex/_Builtin_limits-F2RM3VIBV1V8UMWXAHYSZOCQC.pcm /Users/jasonlee/Library/Developer/Xcode/DerivedData/ModuleCache.noindex/_Builtin_stdarg-329O5A2UVP8625Z0HTW6WPUY7.pcm /Users/jasonlee/Library/Developer/Xcode/DerivedData/ModuleCache.noindex/UniformTypeIdentifiers-5F6K5QIMQR6AOFNN8I2E9KRL8.pcm /Users/jasonlee/Library/Developer/Xcode/DerivedData/ModuleCache.noindex/_SwiftConcurrencyShims-B9EVLH7ADID5XTQQ35OFMC85U.pcm /Users/jasonlee/Library/Developer/Xcode/DerivedData/ModuleCache.noindex/_DarwinFoundation3-63V6MZC9FIDLSN0CQDXCSQ933.pcm /Users/jasonlee/Library/Developer/Xcode/DerivedData/ModuleCache.noindex/ptrcheck-4P7KRCPHERCLHXRROIKD3SPVG.pcm /Users/jasonlee/Library/Developer/Xcode/DerivedData/ModuleCache.noindex/CoreTransferable-2ZW4WOQSVS54FRPM4GR929WOI.pcm /Users/jasonlee/Library/Developer/Xcode/DerivedData/ModuleCache.noindex/Spatial-2SPL6TVGETG763YKQNJJBNKCF.pcm /Users/jasonlee/Library/Developer/Xcode/DerivedData/ModuleCache.noindex/_Builtin_stdatomic-268UBIMDE5GYR8AZEGKVDNMIK.pcm /Users/jasonlee/Library/Developer/Xcode/DerivedData/ModuleCache.noindex/Foundation-3BVKKWJJ0B0SB8RIEO9U8V3J.pcm /Users/jasonlee/Library/Developer/Xcode/DerivedData/ModuleCache.noindex/_Builtin_stdint-8SZQ2C5OQIYBCJ9O1BQC8YSRU.pcm /Users/jasonlee/Library/Developer/Xcode/DerivedData/ModuleCache.noindex/OpenGL-7ETTHG9FPYA845WR23B34EVYB.pcm /Users/jasonlee/Library/Developer/Xcode/DerivedData/ModuleCache.noindex/CFNetwork-4RKCLZ95WH2067F61DT6CY8SF.pcm /Users/jasonlee/Library/Developer/Xcode/DerivedData/ModuleCache.noindex/Carbon-B9L601WQ9APD2YFINVA6OQVMC.pcm /Users/jasonlee/Library/Developer/Xcode/DerivedData/ModuleCache.noindex/IOKit-E5MWY895POA6I6ETKXCTZMP14.pcm /Users/jasonlee/Library/Developer/Xcode/DerivedData/ModuleCache.noindex/ColorSync-EYZCWFZ97B9CK0FXJ14V5M8CI.pcm /Users/jasonlee/Library/Developer/Xcode/DerivedData/ModuleCache.noindex/CoreData-C9Y3ZE4FVBEOE1OF171CTGSRM.pcm /Users/jasonlee/Library/Developer/Xcode/DerivedData/ModuleCache.noindex/SwiftUICore-7IS0C7W1QQKHQXHJSZGHGPXZ1.pcm /Users/jasonlee/Library/Developer/Xcode/DerivedData/ModuleCache.noindex/DiskArbitration-7TPDAGZT7BGIIWVA17RJDA3VG.pcm /Users/jasonlee/Library/Developer/Xcode/DerivedData/ModuleCache.noindex/_DarwinFoundation1-8X1I2PW8R8SC0ZU23XBRS8C2I.pcm /Users/jasonlee/Library/Developer/Xcode/DerivedData/ModuleCache.noindex/CoreFoundation-BYP2SMIFD2394JDAEM5IONCMR.pcm /Users/jasonlee/Library/Developer/Xcode/DerivedData/ModuleCache.noindex/DataDetection-9IQ64VS606YD49EP1X3SUZBXI.pcm /Users/jasonlee/Library/Developer/Xcode/DerivedData/ModuleCache.noindex/Accessibility-6107S9CHAHKFFWS6ADMLSBQU6.pcm /Users/jasonlee/Library/Developer/Xcode/DerivedData/ModuleCache.noindex/_AvailabilityInternal-E8P8TDU4XX8311TF7DW8PTDTV.pcm /Users/jasonlee/Library/Developer/Xcode/DerivedData/ModuleCache.noindex/os-E4G7BLJ905GB1L1CUYKQ5WEQ5.pcm /Users/jasonlee/Library/Developer/Xcode/DerivedData/ModuleCache.noindex/_Builtin_intrinsics-5XWEW779UQF5QS0P1CL9QYJ6F.pcm /Users/jasonlee/Library/Developer/Xcode/DerivedData/ModuleCache.noindex/ptrauth-84MZA7V82DGI8MKXSUDG85G7D.pcm /Users/jasonlee/Library/Developer/Xcode/DerivedData/ModuleCache.noindex/launch-DUFXTMT1BXOSVBYFM21L7E4JG.pcm /Users/jasonlee/Library/Developer/Xcode/DerivedData/ModuleCache.noindex/_Builtin_stdbool-BEV6QXEF2D5DBFQN4YRGL3ZL5.pcm /Users/jasonlee/Library/Developer/Xcode/DerivedData/ModuleCache.noindex/DeveloperToolsSupport-B36UCNL4YFY8T0FORREANENFI.pcm /Users/jasonlee/Library/Developer/Xcode/DerivedData/ModuleCache.noindex/simd-BZ0UBWV65GUJ480VMFNKC701U.pcm /Users/jasonlee/Library/Developer/Xcode/DerivedData/ModuleCache.noindex/_Builtin_tgmath-4COQ42QDAPAESMC54JK1CZ4R.pcm /Users/jasonlee/Library/Developer/Xcode/DerivedData/ModuleCache.noindex/AppKit-13K4B1G4RJGEUMHM2XBJYFFZB.pcm /Users/jasonlee/Library/Developer/Xcode/DerivedData/ModuleCache.noindex/ApplicationServices-5SF4BGZ8K05GB2GEYQ3HJUROQ.pcm /Users/jasonlee/Library/Developer/Xcode/DerivedData/ModuleCache.noindex/_Builtin_float-D3PW8PONKS8RV0DXJWIC480FO.pcm /Users/jasonlee/Library/Developer/Xcode/DerivedData/ModuleCache.noindex/ObjectiveC-65N939C9HDYSFLS0OBE7IKJK5.pcm /Users/jasonlee/Library/Developer/Xcode/DerivedData/Notch-ddzsfiyxyoauidejndllmosklbkq/Build/Intermediates.noindex/KeyboardShortcuts.build/Release/KeyboardShortcuts.build/Objects-normal/x86_64/KeyboardShortcuts-dependencies-1.json (in target 'KeyboardShortcuts' from project 'KeyboardShortcuts')
CompileSwift normal x86_64 (in target 'KeyboardShortcuts' from project 'KeyboardShortcuts')
    cd /Users/jasonlee/Coding/App/Notch/Notch.xcodeproj
    

ScanDependencies /Users/jasonlee/Library/Developer/Xcode/DerivedData/Notch-ddzsfiyxyoauidejndllmosklbkq/Build/Intermediates.noindex/PostHog.build/Release/phlibwebp.build/Objects-normal/x86_64/huffman_encode_utils.o /Users/jasonlee/Library/Developer/Xcode/DerivedData/Notch-ddzsfiyxyoauidejndllmosklbkq/SourcePackages/checkouts/posthog-ios/vendor/libwebp/huffman_encode_utils.c normal x86_64 c com.apple.compilers.llvm.clang.1_0.compiler (in target 'phlibwebp' from project 'PostHog')
    cd /Users/jasonlee/Coding/App/Notch/Notch.xcodeproj
    
    Using response file: /Users/jasonlee/Library/Developer/Xcode/DerivedData/Notch-ddzsfiyxyoauidejndllmosklbkq/Build/Intermediates.noindex/PostHog.build/Release/phlibwebp.build/Objects-normal/x86_64/7187679823f38a2a940e0043cdf9d637-common-args.resp
    
    builtin-ScanDependencies -o /Users/jasonlee/Library/Developer/Xcode/DerivedData/Notch-ddzsfiyxyoauidejndllmosklbkq/Build/Intermediates.noindex/PostHog.build/Release/phlibwebp.build/Objects-normal/x86_64/huffman_encode_utils.o.scan -- /Applications/Xcode.app/Contents/Developer/Toolchains/XcodeDefault.xctoolchain/usr/bin/clang -x c -ivfsstatcache /Users/jasonlee/Library/Developer/Xcode/DerivedData/SDKStatCaches.noindex/macosx26.4-25E251-30f9ca8789b706f8bd3fc906a70d770f.sdkstatcache -target x86_64-apple-macos10.15 -fmessage-length\=0 -fdiagnostics-show-note-include-stack -fmacro-backtrace-limit\=0 -fno-color-diagnostics -fmodules-prune-interval\=86400 -fmodules-prune-after\=345600 -fbuild-session-file\=/Users/jasonlee/Library/Developer/Xcode/DerivedData/ModuleCache.noindex/Session.modulevalidation -fmodules-validate-once-per-build-session -Wnon-modular-include-in-framework-module -Werror\=non-modular-include-in-framework-module -Wno-trigraphs -Wno-missing-field-initializers -Wno-missing-prototypes -Wno-return-type -Wno-missing-braces -Wparentheses -Wswitch -Wno-unused-function -Wno-unused-label -Wno-unused-parameter -Wno-unused-variable -Wunused-value -Wno-empty-body -Wno-uninitialized -Wno-unknown-pragmas -w -Wno-shadow -Wno-four-char-constants -Wno-conversion -Wno-constant-conversion -Wno-int-conversion -Wno-bool-conversion -Wno-enum-conversion -Wno-float-conversion -Wno-non-literal-null-conversion -Wno-objc-literal-conversion -Wshorten-64-to-32 -Wpointer-sign -Wno-newline-eof -Wno-implicit-fallthrough -isysroot /Applications/Xcode.app/Contents/Developer/Platforms/MacOSX.platform/Developer/SDKs/MacOSX26.4.sdk -fstrict-aliasing -Wdeprecated-declarations -Wno-sign-conversion -Wno-infinite-recursion -Wno-comma -Wno-block-capture-autoreleasing -Wno-strict-prototypes -Wno-semicolon-before-method-body @/Users/jasonlee/Library/Developer/Xcode/DerivedData/Notch-ddzsfiyxyoauidejndllmosklbkq/Build/Intermediates.noindex/PostHog.build/Release/phlibwebp.build/Objects-normal/x86_64/7187679823f38a2a940e0043cdf9d637-common-args.resp -MMD -MT dependencies -MF /Users/jasonlee/Library/Developer/Xcode/DerivedData/Notch-ddzsfiyxyoauidejndllmosklbkq/Build/Intermediates.noindex/PostHog.build/Release/phlibwebp.build/Objects-normal/x86_64/huffman_encode_utils.d --serialize-diagnostics /Users/jasonlee/Library/Developer/Xcode/DerivedData/Notch-ddzsfiyxyoauidejndllmosklbkq/Build/Intermediates.noindex/PostHog.build/Release/phlibwebp.build/Objects-normal/x86_64/huffman_encode_utils.dia -c /Users/jasonlee/Library/Developer/Xcode/DerivedData/Notch-ddzsfiyxyoauidejndllmosklbkq/SourcePackages/checkouts/posthog-ios/vendor/libwebp/huffman_encode_utils.c -o /Users/jasonlee/Library/Developer/Xcode/DerivedData/Notch-ddzsfiyxyoauidejndllmosklbkq/Build/Intermediates.noindex/PostHog.build/Release/phlibwebp.build/Objects-normal/x86_64/huffman_encode_utils.o

ScanDependencies /Users/jasonlee/Library/Developer/Xcode/DerivedData/Notch-ddzsfiyxyoauidejndllmosklbkq/Build/Intermediates.noindex/PostHog.build/Release/phlibwebp.build/Objects-normal/x86_64/histogram_enc.o /Users/jasonlee/Library/Developer/Xcode/DerivedData/Notch-ddzsfiyxyoauidejndllmosklbkq/SourcePackages/checkouts/posthog-ios/vendor/libwebp/histogram_enc.c normal x86_64 c com.apple.compilers.llvm.clang.1_0.compiler (in target 'phlibwebp' from project 'PostHog')
    cd /Users/jasonlee/Coding/App/Notch/Notch.xcodeproj
    
    Using response file: /Users/jasonlee/Library/Developer/Xcode/DerivedData/Notch-ddzsfiyxyoauidejndllmosklbkq/Build/Intermediates.noindex/PostHog.build/Release/phlibwebp.build/Objects-normal/x86_64/7187679823f38a2a940e0043cdf9d637-common-args.resp
    
    builtin-ScanDependencies -o /Users/jasonlee/Library/Developer/Xcode/DerivedData/Notch-ddzsfiyxyoauidejndllmosklbkq/Build/Intermediates.noindex/PostHog.build/Release/phlibwebp.build/Objects-normal/x86_64/histogram_enc.o.scan -- /Applications/Xcode.app/Contents/Developer/Toolchains/XcodeDefault.xctoolchain/usr/bin/clang -x c -ivfsstatcache /Users/jasonlee/Library/Developer/Xcode/DerivedData/SDKStatCaches.noindex/macosx26.4-25E251-30f9ca8789b706f8bd3fc906a70d770f.sdkstatcache -target x86_64-apple-macos10.15 -fmessage-length\=0 -fdiagnostics-show-note-include-stack -fmacro-backtrace-limit\=0 -fno-color-diagnostics -fmodules-prune-interval\=86400 -fmodules-prune-after\=345600 -fbuild-session-file\=/Users/jasonlee/Library/Developer/Xcode/DerivedData/ModuleCache.noindex/Session.modulevalidation -fmodules-validate-once-per-build-session -Wnon-modular-include-in-framework-module -Werror\=non-modular-include-in-framework-module -Wno-trigraphs -Wno-missing-field-initializers -Wno-missing-prototypes -Wno-return-type -Wno-missing-braces -Wparentheses -Wswitch -Wno-unused-function -Wno-unused-label -Wno-unused-parameter -Wno-unused-variable -Wunused-value -Wno-empty-body -Wno-uninitialized -Wno-unknown-pragmas -w -Wno-shadow -Wno-four-char-constants -Wno-conversion -Wno-constant-conversion -Wno-int-conversion -Wno-bool-conversion -Wno-enum-conversion -Wno-float-conversion -Wno-non-literal-null-conversion -Wno-objc-literal-conversion -Wshorten-64-to-32 -Wpointer-sign -Wno-newline-eof -Wno-implicit-fallthrough -isysroot /Applications/Xcode.app/Contents/Developer/Platforms/MacOSX.platform/Developer/SDKs/MacOSX26.4.sdk -fstrict-aliasing -Wdeprecated-declarations -Wno-sign-conversion -Wno-infinite-recursion -Wno-comma -Wno-block-capture-autoreleasing -Wno-strict-prototypes -Wno-semicolon-before-method-body @/Users/jasonlee/Library/Developer/Xcode/DerivedData/Notch-ddzsfiyxyoauidejndllmosklbkq/Build/Intermediates.noindex/PostHog.build/Release/phlibwebp.build/Objects-normal/x86_64/7187679823f38a2a940e0043cdf9d637-common-args.resp -MMD -MT dependencies -MF /Users/jasonlee/Library/Developer/Xcode/DerivedData/Notch-ddzsfiyxyoauidejndllmosklbkq/Build/Intermediates.noindex/PostHog.build/Release/phlibwebp.build/Objects-normal/x86_64/histogram_enc.d --serialize-diagnostics /Users/jasonlee/Library/Developer/Xcode/DerivedData/Notch-ddzsfiyxyoauidejndllmosklbkq/Build/Intermediates.noindex/PostHog.build/Release/phlibwebp.build/Objects-normal/x86_64/histogram_enc.dia -c /Users/jasonlee/Library/Developer/Xcode/DerivedData/Notch-ddzsfiyxyoauidejndllmosklbkq/SourcePackages/checkouts/posthog-ios/vendor/libwebp/histogram_enc.c -o /Users/jasonlee/Library/Developer/Xcode/DerivedData/Notch-ddzsfiyxyoauidejndllmosklbkq/Build/Intermediates.noindex/PostHog.build/Release/phlibwebp.build/Objects-normal/x86_64/histogram_enc.o

ScanDependencies /Users/jasonlee/Library/Developer/Xcode/DerivedData/Notch-ddzsfiyxyoauidejndllmosklbkq/Build/Intermediates.noindex/PostHog.build/Release/phlibwebp.build/Objects-normal/x86_64/frame_enc.o /Users/jasonlee/Library/Developer/Xcode/DerivedData/Notch-ddzsfiyxyoauidejndllmosklbkq/SourcePackages/checkouts/posthog-ios/vendor/libwebp/frame_enc.c normal x86_64 c com.apple.compilers.llvm.clang.1_0.compiler (in target 'phlibwebp' from project 'PostHog')
    cd /Users/jasonlee/Coding/App/Notch/Notch.xcodeproj
    
    Using response file: /Users/jasonlee/Library/Developer/Xcode/DerivedData/Notch-ddzsfiyxyoauidejndllmosklbkq/Build/Intermediates.noindex/PostHog.build/Release/phlibwebp.build/Objects-normal/x86_64/7187679823f38a2a940e0043cdf9d637-common-args.resp
    
    builtin-ScanDependencies -o /Users/jasonlee/Library/Developer/Xcode/DerivedData/Notch-ddzsfiyxyoauidejndllmosklbkq/Build/Intermediates.noindex/PostHog.build/Release/phlibwebp.build/Objects-normal/x86_64/frame_enc.o.scan -- /Applications/Xcode.app/Contents/Developer/Toolchains/XcodeDefault.xctoolchain/usr/bin/clang -x c -ivfsstatcache /Users/jasonlee/Library/Developer/Xcode/DerivedData/SDKStatCaches.noindex/macosx26.4-25E251-30f9ca8789b706f8bd3fc906a70d770f.sdkstatcache -target x86_64-apple-macos10.15 -fmessage-length\=0 -fdiagnostics-show-note-include-stack -fmacro-backtrace-limit\=0 -fno-color-diagnostics -fmodules-prune-interval\=86400 -fmodules-prune-after\=345600 -fbuild-session-file\=/Users/jasonlee/Library/Developer/Xcode/DerivedData/ModuleCache.noindex/Session.modulevalidation -fmodules-validate-once-per-build-session -Wnon-modular-include-in-framework-module -Werror\=non-modular-include-in-framework-module -Wno-trigraphs -Wno-missing-field-initializers -Wno-missing-prototypes -Wno-return-type -Wno-missing-braces -Wparentheses -Wswitch -Wno-unused-function -Wno-unused-label -Wno-unused-parameter -Wno-unused-variable -Wunused-value -Wno-empty-body -Wno-uninitialized -Wno-unknown-pragmas -w -Wno-shadow -Wno-four-char-constants -Wno-conversion -Wno-constant-conversion -Wno-int-conversion -Wno-bool-conversion -Wno-enum-conversion -Wno-float-conversion -Wno-non-literal-null-conversion -Wno-objc-literal-conversion -Wshorten-64-to-32 -Wpointer-sign -Wno-newline-eof -Wno-implicit-fallthrough -isysroot /Applications/Xcode.app/Contents/Developer/Platforms/MacOSX.platform/Developer/SDKs/MacOSX26.4.sdk -fstrict-aliasing -Wdeprecated-declarations -Wno-sign-conversion -Wno-infinite-recursion -Wno-comma -Wno-block-capture-autoreleasing -Wno-strict-prototypes -Wno-semicolon-before-method-body @/Users/jasonlee/Library/Developer/Xcode/DerivedData/Notch-ddzsfiyxyoauidejndllmosklbkq/Build/Intermediates.noindex/PostHog.build/Release/phlibwebp.build/Objects-normal/x86_64/7187679823f38a2a940e0043cdf9d637-common-args.resp -MMD -MT dependencies -MF /Users/jasonlee/Library/Developer/Xcode/DerivedData/Notch-ddzsfiyxyoauidejndllmosklbkq/Build/Intermediates.noindex/PostHog.build/Release/phlibwebp.build/Objects-normal/x86_64/frame_enc.d --serialize-diagnostics /Users/jasonlee/Library/Developer/Xcode/DerivedData/Notch-ddzsfiyxyoauidejndllmosklbkq/Build/Intermediates.noindex/PostHog.build/Release/phlibwebp.build/Objects-normal/x86_64/frame_enc.dia -c /Users/jasonlee/Library/Developer/Xcode/DerivedData/Notch-ddzsfiyxyoauidejndllmosklbkq/SourcePackages/checkouts/posthog-ios/vendor/libwebp/frame_enc.c -o /Users/jasonlee/Library/Developer/Xcode/DerivedData/Notch-ddzsfiyxyoauidejndllmosklbkq/Build/Intermediates.noindex/PostHog.build/Release/phlibwebp.build/Objects-normal/x86_64/frame_enc.o

SwiftExplicitDependencyGeneratePcm arm64 /Users/jasonlee/Library/Developer/Xcode/DerivedData/Notch-ddzsfiyxyoauidejndllmosklbkq/Build/Intermediates.noindex/SwiftExplicitPrecompiledModules/CrashReporter-P1AL8RZHX30Y3BJ4FLGQZ9CL.pcm

SwiftExplicitDependencyGeneratePcm x86_64 /Users/jasonlee/Library/Developer/Xcode/DerivedData/Notch-ddzsfiyxyoauidejndllmosklbkq/Build/Intermediates.noindex/SwiftExplicitPrecompiledModules/CrashReporter-6X8PBBXPJOX1B1MFMPXTXLTAP.pcm

ScanDependencies /Users/jasonlee/Library/Developer/Xcode/DerivedData/Notch-ddzsfiyxyoauidejndllmosklbkq/Build/Intermediates.noindex/PostHog.build/Release/phlibwebp.build/Objects-normal/x86_64/filters_utils.o /Users/jasonlee/Library/Developer/Xcode/DerivedData/Notch-ddzsfiyxyoauidejndllmosklbkq/SourcePackages/checkouts/posthog-ios/vendor/libwebp/filters_utils.c normal x86_64 c com.apple.compilers.llvm.clang.1_0.compiler (in target 'phlibwebp' from project 'PostHog')
    cd /Users/jasonlee/Coding/App/Notch/Notch.xcodeproj
    
    Using response file: /Users/jasonlee/Library/Developer/Xcode/DerivedData/Notch-ddzsfiyxyoauidejndllmosklbkq/Build/Intermediates.noindex/PostHog.build/Release/phlibwebp.build/Objects-normal/x86_64/7187679823f38a2a940e0043cdf9d637-common-args.resp
    
    builtin-ScanDependencies -o /Users/jasonlee/Library/Developer/Xcode/DerivedData/Notch-ddzsfiyxyoauidejndllmosklbkq/Build/Intermediates.noindex/PostHog.build/Release/phlibwebp.build/Objects-normal/x86_64/filters_utils.o.scan -- /Applications/Xcode.app/Contents/Developer/Toolchains/XcodeDefault.xctoolchain/usr/bin/clang -x c -ivfsstatcache /Users/jasonlee/Library/Developer/Xcode/DerivedData/SDKStatCaches.noindex/macosx26.4-25E251-30f9ca8789b706f8bd3fc906a70d770f.sdkstatcache -target x86_64-apple-macos10.15 -fmessage-length\=0 -fdiagnostics-show-note-include-stack -fmacro-backtrace-limit\=0 -fno-color-diagnostics -fmodules-prune-interval\=86400 -fmodules-prune-after\=345600 -fbuild-session-file\=/Users/jasonlee/Library/Developer/Xcode/DerivedData/ModuleCache.noindex/Session.modulevalidation -fmodules-validate-once-per-build-session -Wnon-modular-include-in-framework-module -Werror\=non-modular-include-in-framework-module -Wno-trigraphs -Wno-missing-field-initializers -Wno-missing-prototypes -Wno-return-type -Wno-missing-braces -Wparentheses -Wswitch -Wno-unused-function -Wno-unused-label -Wno-unused-parameter -Wno-unused-variable -Wunused-value -Wno-empty-body -Wno-uninitialized -Wno-unknown-pragmas -w -Wno-shadow -Wno-four-char-constants -Wno-conversion -Wno-constant-conversion -Wno-int-conversion -Wno-bool-conversion -Wno-enum-conversion -Wno-float-conversion -Wno-non-literal-null-conversion -Wno-objc-literal-conversion -Wshorten-64-to-32 -Wpointer-sign -Wno-newline-eof -Wno-implicit-fallthrough -isysroot /Applications/Xcode.app/Contents/Developer/Platforms/MacOSX.platform/Developer/SDKs/MacOSX26.4.sdk -fstrict-aliasing -Wdeprecated-declarations -Wno-sign-conversion -Wno-infinite-recursion -Wno-comma -Wno-block-capture-autoreleasing -Wno-strict-prototypes -Wno-semicolon-before-method-body @/Users/jasonlee/Library/Developer/Xcode/DerivedData/Notch-ddzsfiyxyoauidejndllmosklbkq/Build/Intermediates.noindex/PostHog.build/Release/phlibwebp.build/Objects-normal/x86_64/7187679823f38a2a940e0043cdf9d637-common-args.resp -MMD -MT dependencies -MF /Users/jasonlee/Library/Developer/Xcode/DerivedData/Notch-ddzsfiyxyoauidejndllmosklbkq/Build/Intermediates.noindex/PostHog.build/Release/phlibwebp.build/Objects-normal/x86_64/filters_utils.d --serialize-diagnostics /Users/jasonlee/Library/Developer/Xcode/DerivedData/Notch-ddzsfiyxyoauidejndllmosklbkq/Build/Intermediates.noindex/PostHog.build/Release/phlibwebp.build/Objects-normal/x86_64/filters_utils.dia -c /Users/jasonlee/Library/Developer/Xcode/DerivedData/Notch-ddzsfiyxyoauidejndllmosklbkq/SourcePackages/checkouts/posthog-ios/vendor/libwebp/filters_utils.c -o /Users/jasonlee/Library/Developer/Xcode/DerivedData/Notch-ddzsfiyxyoauidejndllmosklbkq/Build/Intermediates.noindex/PostHog.build/Release/phlibwebp.build/Objects-normal/x86_64/filters_utils.o

ScanDependencies /Users/jasonlee/Library/Developer/Xcode/DerivedData/Notch-ddzsfiyxyoauidejndllmosklbkq/Build/Intermediates.noindex/PostHog.build/Release/phlibwebp.build/Objects-normal/x86_64/filters_sse2.o /Users/jasonlee/Library/Developer/Xcode/DerivedData/Notch-ddzsfiyxyoauidejndllmosklbkq/SourcePackages/checkouts/posthog-ios/vendor/libwebp/filters_sse2.c normal x86_64 c com.apple.compilers.llvm.clang.1_0.compiler (in target 'phlibwebp' from project 'PostHog')
    cd /Users/jasonlee/Coding/App/Notch/Notch.xcodeproj
    
    Using response file: /Users/jasonlee/Library/Developer/Xcode/DerivedData/Notch-ddzsfiyxyoauidejndllmosklbkq/Build/Intermediates.noindex/PostHog.build/Release/phlibwebp.build/Objects-normal/x86_64/7187679823f38a2a940e0043cdf9d637-common-args.resp
    
    builtin-ScanDependencies -o /Users/jasonlee/Library/Developer/Xcode/DerivedData/Notch-ddzsfiyxyoauidejndllmosklbkq/Build/Intermediates.noindex/PostHog.build/Release/phlibwebp.build/Objects-normal/x86_64/filters_sse2.o.scan -- /Applications/Xcode.app/Contents/Developer/Toolchains/XcodeDefault.xctoolchain/usr/bin/clang -x c -ivfsstatcache /Users/jasonlee/Library/Developer/Xcode/DerivedData/SDKStatCaches.noindex/macosx26.4-25E251-30f9ca8789b706f8bd3fc906a70d770f.sdkstatcache -target x86_64-apple-macos10.15 -fmessage-length\=0 -fdiagnostics-show-note-include-stack -fmacro-backtrace-limit\=0 -fno-color-diagnostics -fmodules-prune-interval\=86400 -fmodules-prune-after\=345600 -fbuild-session-file\=/Users/jasonlee/Library/Developer/Xcode/DerivedData/ModuleCache.noindex/Session.modulevalidation -fmodules-validate-once-per-build-session -Wnon-modular-include-in-framework-module -Werror\=non-modular-include-in-framework-module -Wno-trigraphs -Wno-missing-field-initializers -Wno-missing-prototypes -Wno-return-type -Wno-missing-braces -Wparentheses -Wswitch -Wno-unused-function -Wno-unused-label -Wno-unused-parameter -Wno-unused-variable -Wunused-value -Wno-empty-body -Wno-uninitialized -Wno-unknown-pragmas -w -Wno-shadow -Wno-four-char-constants -Wno-conversion -Wno-constant-conversion -Wno-int-conversion -Wno-bool-conversion -Wno-enum-conversion -Wno-float-conversion -Wno-non-literal-null-conversion -Wno-objc-literal-conversion -Wshorten-64-to-32 -Wpointer-sign -Wno-newline-eof -Wno-implicit-fallthrough -isysroot /Applications/Xcode.app/Contents/Developer/Platforms/MacOSX.platform/Developer/SDKs/MacOSX26.4.sdk -fstrict-aliasing -Wdeprecated-declarations -Wno-sign-conversion -Wno-infinite-recursion -Wno-comma -Wno-block-capture-autoreleasing -Wno-strict-prototypes -Wno-semicolon-before-method-body @/Users/jasonlee/Library/Developer/Xcode/DerivedData/Notch-ddzsfiyxyoauidejndllmosklbkq/Build/Intermediates.noindex/PostHog.build/Release/phlibwebp.build/Objects-normal/x86_64/7187679823f38a2a940e0043cdf9d637-common-args.resp -MMD -MT dependencies -MF /Users/jasonlee/Library/Developer/Xcode/DerivedData/Notch-ddzsfiyxyoauidejndllmosklbkq/Build/Intermediates.noindex/PostHog.build/Release/phlibwebp.build/Objects-normal/x86_64/filters_sse2.d --serialize-diagnostics /Users/jasonlee/Library/Developer/Xcode/DerivedData/Notch-ddzsfiyxyoauidejndllmosklbkq/Build/Intermediates.noindex/PostHog.build/Release/phlibwebp.build/Objects-normal/x86_64/filters_sse2.dia -c /Users/jasonlee/Library/Developer/Xcode/DerivedData/Notch-ddzsfiyxyoauidejndllmosklbkq/SourcePackages/checkouts/posthog-ios/vendor/libwebp/filters_sse2.c -o /Users/jasonlee/Library/Developer/Xcode/DerivedData/Notch-ddzsfiyxyoauidejndllmosklbkq/Build/Intermediates.noindex/PostHog.build/Release/phlibwebp.build/Objects-normal/x86_64/filters_sse2.o

ScanDependencies /Users/jasonlee/Library/Developer/Xcode/DerivedData/Notch-ddzsfiyxyoauidejndllmosklbkq/Build/Intermediates.noindex/PostHog.build/Release/phlibwebp.build/Objects-normal/x86_64/filters_neon.o /Users/jasonlee/Library/Developer/Xcode/DerivedData/Notch-ddzsfiyxyoauidejndllmosklbkq/SourcePackages/checkouts/posthog-ios/vendor/libwebp/filters_neon.c normal x86_64 c com.apple.compilers.llvm.clang.1_0.compiler (in target 'phlibwebp' from project 'PostHog')
    cd /Users/jasonlee/Coding/App/Notch/Notch.xcodeproj
    
    Using response file: /Users/jasonlee/Library/Developer/Xcode/DerivedData/Notch-ddzsfiyxyoauidejndllmosklbkq/Build/Intermediates.noindex/PostHog.build/Release/phlibwebp.build/Objects-normal/x86_64/7187679823f38a2a940e0043cdf9d637-common-args.resp
    
    builtin-ScanDependencies -o /Users/jasonlee/Library/Developer/Xcode/DerivedData/Notch-ddzsfiyxyoauidejndllmosklbkq/Build/Intermediates.noindex/PostHog.build/Release/phlibwebp.build/Objects-normal/x86_64/filters_neon.o.scan -- /Applications/Xcode.app/Contents/Developer/Toolchains/XcodeDefault.xctoolchain/usr/bin/clang -x c -ivfsstatcache /Users/jasonlee/Library/Developer/Xcode/DerivedData/SDKStatCaches.noindex/macosx26.4-25E251-30f9ca8789b706f8bd3fc906a70d770f.sdkstatcache -target x86_64-apple-macos10.15 -fmessage-length\=0 -fdiagnostics-show-note-include-stack -fmacro-backtrace-limit\=0 -fno-color-diagnostics -fmodules-prune-interval\=86400 -fmodules-prune-after\=345600 -fbuild-session-file\=/Users/jasonlee/Library/Developer/Xcode/DerivedData/ModuleCache.noindex/Session.modulevalidation -fmodules-validate-once-per-build-session -Wnon-modular-include-in-framework-module -Werror\=non-modular-include-in-framework-module -Wno-trigraphs -Wno-missing-field-initializers -Wno-missing-prototypes -Wno-return-type -Wno-missing-braces -Wparentheses -Wswitch -Wno-unused-function -Wno-unused-label -Wno-unused-parameter -Wno-unused-variable -Wunused-value -Wno-empty-body -Wno-uninitialized -Wno-unknown-pragmas -w -Wno-shadow -Wno-four-char-constants -Wno-conversion -Wno-constant-conversion -Wno-int-conversion -Wno-bool-conversion -Wno-enum-conversion -Wno-float-conversion -Wno-non-literal-null-conversion -Wno-objc-literal-conversion -Wshorten-64-to-32 -Wpointer-sign -Wno-newline-eof -Wno-implicit-fallthrough -isysroot /Applications/Xcode.app/Contents/Developer/Platforms/MacOSX.platform/Developer/SDKs/MacOSX26.4.sdk -fstrict-aliasing -Wdeprecated-declarations -Wno-sign-conversion -Wno-infinite-recursion -Wno-comma -Wno-block-capture-autoreleasing -Wno-strict-prototypes -Wno-semicolon-before-method-body @/Users/jasonlee/Library/Developer/Xcode/DerivedData/Notch-ddzsfiyxyoauidejndllmosklbkq/Build/Intermediates.noindex/PostHog.build/Release/phlibwebp.build/Objects-normal/x86_64/7187679823f38a2a940e0043cdf9d637-common-args.resp -MMD -MT dependencies -MF /Users/jasonlee/Library/Developer/Xcode/DerivedData/Notch-ddzsfiyxyoauidejndllmosklbkq/Build/Intermediates.noindex/PostHog.build/Release/phlibwebp.build/Objects-normal/x86_64/filters_neon.d --serialize-diagnostics /Users/jasonlee/Library/Developer/Xcode/DerivedData/Notch-ddzsfiyxyoauidejndllmosklbkq/Build/Intermediates.noindex/PostHog.build/Release/phlibwebp.build/Objects-normal/x86_64/filters_neon.dia -c /Users/jasonlee/Library/Developer/Xcode/DerivedData/Notch-ddzsfiyxyoauidejndllmosklbkq/SourcePackages/checkouts/posthog-ios/vendor/libwebp/filters_neon.c -o /Users/jasonlee/Library/Developer/Xcode/DerivedData/Notch-ddzsfiyxyoauidejndllmosklbkq/Build/Intermediates.noindex/PostHog.build/Release/phlibwebp.build/Objects-normal/x86_64/filters_neon.o

ScanDependencies /Users/jasonlee/Library/Developer/Xcode/DerivedData/Notch-ddzsfiyxyoauidejndllmosklbkq/Build/Intermediates.noindex/PostHog.build/Release/phlibwebp.build/Objects-normal/x86_64/filters.o /Users/jasonlee/Library/Developer/Xcode/DerivedData/Notch-ddzsfiyxyoauidejndllmosklbkq/SourcePackages/checkouts/posthog-ios/vendor/libwebp/filters.c normal x86_64 c com.apple.compilers.llvm.clang.1_0.compiler (in target 'phlibwebp' from project 'PostHog')
    cd /Users/jasonlee/Coding/App/Notch/Notch.xcodeproj
    
    Using response file: /Users/jasonlee/Library/Developer/Xcode/DerivedData/Notch-ddzsfiyxyoauidejndllmosklbkq/Build/Intermediates.noindex/PostHog.build/Release/phlibwebp.build/Objects-normal/x86_64/7187679823f38a2a940e0043cdf9d637-common-args.resp
    
    builtin-ScanDependencies -o /Users/jasonlee/Library/Developer/Xcode/DerivedData/Notch-ddzsfiyxyoauidejndllmosklbkq/Build/Intermediates.noindex/PostHog.build/Release/phlibwebp.build/Objects-normal/x86_64/filters.o.scan -- /Applications/Xcode.app/Contents/Developer/Toolchains/XcodeDefault.xctoolchain/usr/bin/clang -x c -ivfsstatcache /Users/jasonlee/Library/Developer/Xcode/DerivedData/SDKStatCaches.noindex/macosx26.4-25E251-30f9ca8789b706f8bd3fc906a70d770f.sdkstatcache -target x86_64-apple-macos10.15 -fmessage-length\=0 -fdiagnostics-show-note-include-stack -fmacro-backtrace-limit\=0 -fno-color-diagnostics -fmodules-prune-interval\=86400 -fmodules-prune-after\=345600 -fbuild-session-file\=/Users/jasonlee/Library/Developer/Xcode/DerivedData/ModuleCache.noindex/Session.modulevalidation -fmodules-validate-once-per-build-session -Wnon-modular-include-in-framework-module -Werror\=non-modular-include-in-framework-module -Wno-trigraphs -Wno-missing-field-initializers -Wno-missing-prototypes -Wno-return-type -Wno-missing-braces -Wparentheses -Wswitch -Wno-unused-function -Wno-unused-label -Wno-unused-parameter -Wno-unused-variable -Wunused-value -Wno-empty-body -Wno-uninitialized -Wno-unknown-pragmas -w -Wno-shadow -Wno-four-char-constants -Wno-conversion -Wno-constant-conversion -Wno-int-conversion -Wno-bool-conversion -Wno-enum-conversion -Wno-float-conversion -Wno-non-literal-null-conversion -Wno-objc-literal-conversion -Wshorten-64-to-32 -Wpointer-sign -Wno-newline-eof -Wno-implicit-fallthrough -isysroot /Applications/Xcode.app/Contents/Developer/Platforms/MacOSX.platform/Developer/SDKs/MacOSX26.4.sdk -fstrict-aliasing -Wdeprecated-declarations -Wno-sign-conversion -Wno-infinite-recursion -Wno-comma -Wno-block-capture-autoreleasing -Wno-strict-prototypes -Wno-semicolon-before-method-body @/Users/jasonlee/Library/Developer/Xcode/DerivedData/Notch-ddzsfiyxyoauidejndllmosklbkq/Build/Intermediates.noindex/PostHog.build/Release/phlibwebp.build/Objects-normal/x86_64/7187679823f38a2a940e0043cdf9d637-common-args.resp -MMD -MT dependencies -MF /Users/jasonlee/Library/Developer/Xcode/DerivedData/Notch-ddzsfiyxyoauidejndllmosklbkq/Build/Intermediates.noindex/PostHog.build/Release/phlibwebp.build/Objects-normal/x86_64/filters.d --serialize-diagnostics /Users/jasonlee/Library/Developer/Xcode/DerivedData/Notch-ddzsfiyxyoauidejndllmosklbkq/Build/Intermediates.noindex/PostHog.build/Release/phlibwebp.build/Objects-normal/x86_64/filters.dia -c /Users/jasonlee/Library/Developer/Xcode/DerivedData/Notch-ddzsfiyxyoauidejndllmosklbkq/SourcePackages/checkouts/posthog-ios/vendor/libwebp/filters.c -o /Users/jasonlee/Library/Developer/Xcode/DerivedData/Notch-ddzsfiyxyoauidejndllmosklbkq/Build/Intermediates.noindex/PostHog.build/Release/phlibwebp.build/Objects-normal/x86_64/filters.o

ScanDependencies /Users/jasonlee/Library/Developer/Xcode/DerivedData/Notch-ddzsfiyxyoauidejndllmosklbkq/Build/Intermediates.noindex/PostHog.build/Release/phlibwebp.build/Objects-normal/x86_64/filter_enc.o /Users/jasonlee/Library/Developer/Xcode/DerivedData/Notch-ddzsfiyxyoauidejndllmosklbkq/SourcePackages/checkouts/posthog-ios/vendor/libwebp/filter_enc.c normal x86_64 c com.apple.compilers.llvm.clang.1_0.compiler (in target 'phlibwebp' from project 'PostHog')
    cd /Users/jasonlee/Coding/App/Notch/Notch.xcodeproj
    
    Using response file: /Users/jasonlee/Library/Developer/Xcode/DerivedData/Notch-ddzsfiyxyoauidejndllmosklbkq/Build/Intermediates.noindex/PostHog.build/Release/phlibwebp.build/Objects-normal/x86_64/7187679823f38a2a940e0043cdf9d637-common-args.resp
    
    builtin-ScanDependencies -o /Users/jasonlee/Library/Developer/Xcode/DerivedData/Notch-ddzsfiyxyoauidejndllmosklbkq/Build/Intermediates.noindex/PostHog.build/Release/phlibwebp.build/Objects-normal/x86_64/filter_enc.o.scan -- /Applications/Xcode.app/Contents/Developer/Toolchains/XcodeDefault.xctoolchain/usr/bin/clang -x c -ivfsstatcache /Users/jasonlee/Library/Developer/Xcode/DerivedData/SDKStatCaches.noindex/macosx26.4-25E251-30f9ca8789b706f8bd3fc906a70d770f.sdkstatcache -target x86_64-apple-macos10.15 -fmessage-length\=0 -fdiagnostics-show-note-include-stack -fmacro-backtrace-limit\=0 -fno-color-diagnostics -fmodules-prune-interval\=86400 -fmodules-prune-after\=345600 -fbuild-session-file\=/Users/jasonlee/Library/Developer/Xcode/DerivedData/ModuleCache.noindex/Session.modulevalidation -fmodules-validate-once-per-build-session -Wnon-modular-include-in-framework-module -Werror\=non-modular-include-in-framework-module -Wno-trigraphs -Wno-missing-field-initializers -Wno-missing-prototypes -Wno-return-type -Wno-missing-braces -Wparentheses -Wswitch -Wno-unused-function -Wno-unused-label -Wno-unused-parameter -Wno-unused-variable -Wunused-value -Wno-empty-body -Wno-uninitialized -Wno-unknown-pragmas -w -Wno-shadow -Wno-four-char-constants -Wno-conversion -Wno-constant-conversion -Wno-int-conversion -Wno-bool-conversion -Wno-enum-conversion -Wno-float-conversion -Wno-non-literal-null-conversion -Wno-objc-literal-conversion -Wshorten-64-to-32 -Wpointer-sign -Wno-newline-eof -Wno-implicit-fallthrough -isysroot /Applications/Xcode.app/Contents/Developer/Platforms/MacOSX.platform/Developer/SDKs/MacOSX26.4.sdk -fstrict-aliasing -Wdeprecated-declarations -Wno-sign-conversion -Wno-infinite-recursion -Wno-comma -Wno-block-capture-autoreleasing -Wno-strict-prototypes -Wno-semicolon-before-method-body @/Users/jasonlee/Library/Developer/Xcode/DerivedData/Notch-ddzsfiyxyoauidejndllmosklbkq/Build/Intermediates.noindex/PostHog.build/Release/phlibwebp.build/Objects-normal/x86_64/7187679823f38a2a940e0043cdf9d637-common-args.resp -MMD -MT dependencies -MF /Users/jasonlee/Library/Developer/Xcode/DerivedData/Notch-ddzsfiyxyoauidejndllmosklbkq/Build/Intermediates.noindex/PostHog.build/Release/phlibwebp.build/Objects-normal/x86_64/filter_enc.d --serialize-diagnostics /Users/jasonlee/Library/Developer/Xcode/DerivedData/Notch-ddzsfiyxyoauidejndllmosklbkq/Build/Intermediates.noindex/PostHog.build/Release/phlibwebp.build/Objects-normal/x86_64/filter_enc.dia -c /Users/jasonlee/Library/Developer/Xcode/DerivedData/Notch-ddzsfiyxyoauidejndllmosklbkq/SourcePackages/checkouts/posthog-ios/vendor/libwebp/filter_enc.c -o /Users/jasonlee/Library/Developer/Xcode/DerivedData/Notch-ddzsfiyxyoauidejndllmosklbkq/Build/Intermediates.noindex/PostHog.build/Release/phlibwebp.build/Objects-normal/x86_64/filter_enc.o

PrecompileModule /Users/jasonlee/Library/Developer/Xcode/DerivedData/Notch-ddzsfiyxyoauidejndllmosklbkq/Build/Intermediates.noindex/ExplicitPrecompiledModules/_Builtin_inttypes-8SBEJPWISHOM1O8V0BA6JDC7G.scan
    cd /
    builtin-precompileModule /Users/jasonlee/Library/Developer/Xcode/DerivedData/Notch-ddzsfiyxyoauidejndllmosklbkq/Build/Intermediates.noindex/ExplicitPrecompiledModules/_Builtin_inttypes-8SBEJPWISHOM1O8V0BA6JDC7G.scan

PrecompileModule /Users/jasonlee/Library/Developer/Xcode/DerivedData/Notch-ddzsfiyxyoauidejndllmosklbkq/Build/Intermediates.noindex/ExplicitPrecompiledModules/_Builtin_intrinsics-2OC0JCZGCQTOPM13T2JF5ZB9K.scan
    cd /
    builtin-precompileModule /Users/jasonlee/Library/Developer/Xcode/DerivedData/Notch-ddzsfiyxyoauidejndllmosklbkq/Build/Intermediates.noindex/ExplicitPrecompiledModules/_Builtin_intrinsics-2OC0JCZGCQTOPM13T2JF5ZB9K.scan

ScanDependencies /Users/jasonlee/Library/Developer/Xcode/DerivedData/Notch-ddzsfiyxyoauidejndllmosklbkq/Build/Intermediates.noindex/PostHog.build/Release/phlibwebp.build/Objects-normal/x86_64/enc_sse41.o /Users/jasonlee/Library/Developer/Xcode/DerivedData/Notch-ddzsfiyxyoauidejndllmosklbkq/SourcePackages/checkouts/posthog-ios/vendor/libwebp/enc_sse41.c normal x86_64 c com.apple.compilers.llvm.clang.1_0.compiler (in target 'phlibwebp' from project 'PostHog')
    cd /Users/jasonlee/Coding/App/Notch/Notch.xcodeproj
    
    Using response file: /Users/jasonlee/Library/Developer/Xcode/DerivedData/Notch-ddzsfiyxyoauidejndllmosklbkq/Build/Intermediates.noindex/PostHog.build/Release/phlibwebp.build/Objects-normal/x86_64/7187679823f38a2a940e0043cdf9d637-common-args.resp
    
    builtin-ScanDependencies -o /Users/jasonlee/Library/Developer/Xcode/DerivedData/Notch-ddzsfiyxyoauidejndllmosklbkq/Build/Intermediates.noindex/PostHog.build/Release/phlibwebp.build/Objects-normal/x86_64/enc_sse41.o.scan -- /Applications/Xcode.app/Contents/Developer/Toolchains/XcodeDefault.xctoolchain/usr/bin/clang -x c -ivfsstatcache /Users/jasonlee/Library/Developer/Xcode/DerivedData/SDKStatCaches.noindex/macosx26.4-25E251-30f9ca8789b706f8bd3fc906a70d770f.sdkstatcache -target x86_64-apple-macos10.15 -fmessage-length\=0 -fdiagnostics-show-note-include-stack -fmacro-backtrace-limit\=0 -fno-color-diagnostics -fmodules-prune-interval\=86400 -fmodules-prune-after\=345600 -fbuild-session-file\=/Users/jasonlee/Library/Developer/Xcode/DerivedData/ModuleCache.noindex/Session.modulevalidation -fmodules-validate-once-per-build-session -Wnon-modular-include-in-framework-module -Werror\=non-modular-include-in-framework-module -Wno-trigraphs -Wno-missing-field-initializers -Wno-missing-prototypes -Wno-return-type -Wno-missing-braces -Wparentheses -Wswitch -Wno-unused-function -Wno-unused-label -Wno-unused-parameter -Wno-unused-variable -Wunused-value -Wno-empty-body -Wno-uninitialized -Wno-unknown-pragmas -w -Wno-shadow -Wno-four-char-constants -Wno-conversion -Wno-constant-conversion -Wno-int-conversion -Wno-bool-conversion -Wno-enum-conversion -Wno-float-conversion -Wno-non-literal-null-conversion -Wno-objc-literal-conversion -Wshorten-64-to-32 -Wpointer-sign -Wno-newline-eof -Wno-implicit-fallthrough -isysroot /Applications/Xcode.app/Contents/Developer/Platforms/MacOSX.platform/Developer/SDKs/MacOSX26.4.sdk -fstrict-aliasing -Wdeprecated-declarations -Wno-sign-conversion -Wno-infinite-recursion -Wno-comma -Wno-block-capture-autoreleasing -Wno-strict-prototypes -Wno-semicolon-before-method-body @/Users/jasonlee/Library/Developer/Xcode/DerivedData/Notch-ddzsfiyxyoauidejndllmosklbkq/Build/Intermediates.noindex/PostHog.build/Release/phlibwebp.build/Objects-normal/x86_64/7187679823f38a2a940e0043cdf9d637-common-args.resp -MMD -MT dependencies -MF /Users/jasonlee/Library/Developer/Xcode/DerivedData/Notch-ddzsfiyxyoauidejndllmosklbkq/Build/Intermediates.noindex/PostHog.build/Release/phlibwebp.build/Objects-normal/x86_64/enc_sse41.d --serialize-diagnostics /Users/jasonlee/Library/Developer/Xcode/DerivedData/Notch-ddzsfiyxyoauidejndllmosklbkq/Build/Intermediates.noindex/PostHog.build/Release/phlibwebp.build/Objects-normal/x86_64/enc_sse41.dia -c /Users/jasonlee/Library/Developer/Xcode/DerivedData/Notch-ddzsfiyxyoauidejndllmosklbkq/SourcePackages/checkouts/posthog-ios/vendor/libwebp/enc_sse41.c -o /Users/jasonlee/Library/Developer/Xcode/DerivedData/Notch-ddzsfiyxyoauidejndllmosklbkq/Build/Intermediates.noindex/PostHog.build/Release/phlibwebp.build/Objects-normal/x86_64/enc_sse41.o

ScanDependencies /Users/jasonlee/Library/Developer/Xcode/DerivedData/Notch-ddzsfiyxyoauidejndllmosklbkq/Build/Intermediates.noindex/PostHog.build/Release/phlibwebp.build/Objects-normal/x86_64/enc_sse2.o /Users/jasonlee/Library/Developer/Xcode/DerivedData/Notch-ddzsfiyxyoauidejndllmosklbkq/SourcePackages/checkouts/posthog-ios/vendor/libwebp/enc_sse2.c normal x86_64 c com.apple.compilers.llvm.clang.1_0.compiler (in target 'phlibwebp' from project 'PostHog')
    cd /Users/jasonlee/Coding/App/Notch/Notch.xcodeproj
    
    Using response file: /Users/jasonlee/Library/Developer/Xcode/DerivedData/Notch-ddzsfiyxyoauidejndllmosklbkq/Build/Intermediates.noindex/PostHog.build/Release/phlibwebp.build/Objects-normal/x86_64/7187679823f38a2a940e0043cdf9d637-common-args.resp
    
    builtin-ScanDependencies -o /Users/jasonlee/Library/Developer/Xcode/DerivedData/Notch-ddzsfiyxyoauidejndllmosklbkq/Build/Intermediates.noindex/PostHog.build/Release/phlibwebp.build/Objects-normal/x86_64/enc_sse2.o.scan -- /Applications/Xcode.app/Contents/Developer/Toolchains/XcodeDefault.xctoolchain/usr/bin/clang -x c -ivfsstatcache /Users/jasonlee/Library/Developer/Xcode/DerivedData/SDKStatCaches.noindex/macosx26.4-25E251-30f9ca8789b706f8bd3fc906a70d770f.sdkstatcache -target x86_64-apple-macos10.15 -fmessage-length\=0 -fdiagnostics-show-note-include-stack -fmacro-backtrace-limit\=0 -fno-color-diagnostics -fmodules-prune-interval\=86400 -fmodules-prune-after\=345600 -fbuild-session-file\=/Users/jasonlee/Library/Developer/Xcode/DerivedData/ModuleCache.noindex/Session.modulevalidation -fmodules-validate-once-per-build-session -Wnon-modular-include-in-framework-module -Werror\=non-modular-include-in-framework-module -Wno-trigraphs -Wno-missing-field-initializers -Wno-missing-prototypes -Wno-return-type -Wno-missing-braces -Wparentheses -Wswitch -Wno-unused-function -Wno-unused-label -Wno-unused-parameter -Wno-unused-variable -Wunused-value -Wno-empty-body -Wno-uninitialized -Wno-unknown-pragmas -w -Wno-shadow -Wno-four-char-constants -Wno-conversion -Wno-constant-conversion -Wno-int-conversion -Wno-bool-conversion -Wno-enum-conversion -Wno-float-conversion -Wno-non-literal-null-conversion -Wno-objc-literal-conversion -Wshorten-64-to-32 -Wpointer-sign -Wno-newline-eof -Wno-implicit-fallthrough -isysroot /Applications/Xcode.app/Contents/Developer/Platforms/MacOSX.platform/Developer/SDKs/MacOSX26.4.sdk -fstrict-aliasing -Wdeprecated-declarations -Wno-sign-conversion -Wno-infinite-recursion -Wno-comma -Wno-block-capture-autoreleasing -Wno-strict-prototypes -Wno-semicolon-before-method-body @/Users/jasonlee/Library/Developer/Xcode/DerivedData/Notch-ddzsfiyxyoauidejndllmosklbkq/Build/Intermediates.noindex/PostHog.build/Release/phlibwebp.build/Objects-normal/x86_64/7187679823f38a2a940e0043cdf9d637-common-args.resp -MMD -MT dependencies -MF /Users/jasonlee/Library/Developer/Xcode/DerivedData/Notch-ddzsfiyxyoauidejndllmosklbkq/Build/Intermediates.noindex/PostHog.build/Release/phlibwebp.build/Objects-normal/x86_64/enc_sse2.d --serialize-diagnostics /Users/jasonlee/Library/Developer/Xcode/DerivedData/Notch-ddzsfiyxyoauidejndllmosklbkq/Build/Intermediates.noindex/PostHog.build/Release/phlibwebp.build/Objects-normal/x86_64/enc_sse2.dia -c /Users/jasonlee/Library/Developer/Xcode/DerivedData/Notch-ddzsfiyxyoauidejndllmosklbkq/SourcePackages/checkouts/posthog-ios/vendor/libwebp/enc_sse2.c -o /Users/jasonlee/Library/Developer/Xcode/DerivedData/Notch-ddzsfiyxyoauidejndllmosklbkq/Build/Intermediates.noindex/PostHog.build/Release/phlibwebp.build/Objects-normal/x86_64/enc_sse2.o

ScanDependencies /Users/jasonlee/Library/Developer/Xcode/DerivedData/Notch-ddzsfiyxyoauidejndllmosklbkq/Build/Intermediates.noindex/PostHog.build/Release/phlibwebp.build/Objects-normal/x86_64/enc_neon.o /Users/jasonlee/Library/Developer/Xcode/DerivedData/Notch-ddzsfiyxyoauidejndllmosklbkq/SourcePackages/checkouts/posthog-ios/vendor/libwebp/enc_neon.c normal x86_64 c com.apple.compilers.llvm.clang.1_0.compiler (in target 'phlibwebp' from project 'PostHog')
    cd /Users/jasonlee/Coding/App/Notch/Notch.xcodeproj
    
    Using response file: /Users/jasonlee/Library/Developer/Xcode/DerivedData/Notch-ddzsfiyxyoauidejndllmosklbkq/Build/Intermediates.noindex/PostHog.build/Release/phlibwebp.build/Objects-normal/x86_64/7187679823f38a2a940e0043cdf9d637-common-args.resp
    
    builtin-ScanDependencies -o /Users/jasonlee/Library/Developer/Xcode/DerivedData/Notch-ddzsfiyxyoauidejndllmosklbkq/Build/Intermediates.noindex/PostHog.build/Release/phlibwebp.build/Objects-normal/x86_64/enc_neon.o.scan -- /Applications/Xcode.app/Contents/Developer/Toolchains/XcodeDefault.xctoolchain/usr/bin/clang -x c -ivfsstatcache /Users/jasonlee/Library/Developer/Xcode/DerivedData/SDKStatCaches.noindex/macosx26.4-25E251-30f9ca8789b706f8bd3fc906a70d770f.sdkstatcache -target x86_64-apple-macos10.15 -fmessage-length\=0 -fdiagnostics-show-note-include-stack -fmacro-backtrace-limit\=0 -fno-color-diagnostics -fmodules-prune-interval\=86400 -fmodules-prune-after\=345600 -fbuild-session-file\=/Users/jasonlee/Library/Developer/Xcode/DerivedData/ModuleCache.noindex/Session.modulevalidation -fmodules-validate-once-per-build-session -Wnon-modular-include-in-framework-module -Werror\=non-modular-include-in-framework-module -Wno-trigraphs -Wno-missing-field-initializers -Wno-missing-prototypes -Wno-return-type -Wno-missing-braces -Wparentheses -Wswitch -Wno-unused-function -Wno-unused-label -Wno-unused-parameter -Wno-unused-variable -Wunused-value -Wno-empty-body -Wno-uninitialized -Wno-unknown-pragmas -w -Wno-shadow -Wno-four-char-constants -Wno-conversion -Wno-constant-conversion -Wno-int-conversion -Wno-bool-conversion -Wno-enum-conversion -Wno-float-conversion -Wno-non-literal-null-conversion -Wno-objc-literal-conversion -Wshorten-64-to-32 -Wpointer-sign -Wno-newline-eof -Wno-implicit-fallthrough -isysroot /Applications/Xcode.app/Contents/Developer/Platforms/MacOSX.platform/Developer/SDKs/MacOSX26.4.sdk -fstrict-aliasing -Wdeprecated-declarations -Wno-sign-conversion -Wno-infinite-recursion -Wno-comma -Wno-block-capture-autoreleasing -Wno-strict-prototypes -Wno-semicolon-before-method-body @/Users/jasonlee/Library/Developer/Xcode/DerivedData/Notch-ddzsfiyxyoauidejndllmosklbkq/Build/Intermediates.noindex/PostHog.build/Release/phlibwebp.build/Objects-normal/x86_64/7187679823f38a2a940e0043cdf9d637-common-args.resp -MMD -MT dependencies -MF /Users/jasonlee/Library/Developer/Xcode/DerivedData/Notch-ddzsfiyxyoauidejndllmosklbkq/Build/Intermediates.noindex/PostHog.build/Release/phlibwebp.build/Objects-normal/x86_64/enc_neon.d --serialize-diagnostics /Users/jasonlee/Library/Developer/Xcode/DerivedData/Notch-ddzsfiyxyoauidejndllmosklbkq/Build/Intermediates.noindex/PostHog.build/Release/phlibwebp.build/Objects-normal/x86_64/enc_neon.dia -c /Users/jasonlee/Library/Developer/Xcode/DerivedData/Notch-ddzsfiyxyoauidejndllmosklbkq/SourcePackages/checkouts/posthog-ios/vendor/libwebp/enc_neon.c -o /Users/jasonlee/Library/Developer/Xcode/DerivedData/Notch-ddzsfiyxyoauidejndllmosklbkq/Build/Intermediates.noindex/PostHog.build/Release/phlibwebp.build/Objects-normal/x86_64/enc_neon.o

ScanDependencies /Users/jasonlee/Library/Developer/Xcode/DerivedData/Notch-ddzsfiyxyoauidejndllmosklbkq/Build/Intermediates.noindex/PostHog.build/Release/phlibwebp.build/Objects-normal/x86_64/enc.o /Users/jasonlee/Library/Developer/Xcode/DerivedData/Notch-ddzsfiyxyoauidejndllmosklbkq/SourcePackages/checkouts/posthog-ios/vendor/libwebp/enc.c normal x86_64 c com.apple.compilers.llvm.clang.1_0.compiler (in target 'phlibwebp' from project 'PostHog')
    cd /Users/jasonlee/Coding/App/Notch/Notch.xcodeproj
    
    Using response file: /Users/jasonlee/Library/Developer/Xcode/DerivedData/Notch-ddzsfiyxyoauidejndllmosklbkq/Build/Intermediates.noindex/PostHog.build/Release/phlibwebp.build/Objects-normal/x86_64/7187679823f38a2a940e0043cdf9d637-common-args.resp
    
    builtin-ScanDependencies -o /Users/jasonlee/Library/Developer/Xcode/DerivedData/Notch-ddzsfiyxyoauidejndllmosklbkq/Build/Intermediates.noindex/PostHog.build/Release/phlibwebp.build/Objects-normal/x86_64/enc.o.scan -- /Applications/Xcode.app/Contents/Developer/Toolchains/XcodeDefault.xctoolchain/usr/bin/clang -x c -ivfsstatcache /Users/jasonlee/Library/Developer/Xcode/DerivedData/SDKStatCaches.noindex/macosx26.4-25E251-30f9ca8789b706f8bd3fc906a70d770f.sdkstatcache -target x86_64-apple-macos10.15 -fmessage-length\=0 -fdiagnostics-show-note-include-stack -fmacro-backtrace-limit\=0 -fno-color-diagnostics -fmodules-prune-interval\=86400 -fmodules-prune-after\=345600 -fbuild-session-file\=/Users/jasonlee/Library/Developer/Xcode/DerivedData/ModuleCache.noindex/Session.modulevalidation -fmodules-validate-once-per-build-session -Wnon-modular-include-in-framework-module -Werror\=non-modular-include-in-framework-module -Wno-trigraphs -Wno-missing-field-initializers -Wno-missing-prototypes -Wno-return-type -Wno-missing-braces -Wparentheses -Wswitch -Wno-unused-function -Wno-unused-label -Wno-unused-parameter -Wno-unused-variable -Wunused-value -Wno-empty-body -Wno-uninitialized -Wno-unknown-pragmas -w -Wno-shadow -Wno-four-char-constants -Wno-conversion -Wno-constant-conversion -Wno-int-conversion -Wno-bool-conversion -Wno-enum-conversion -Wno-float-conversion -Wno-non-literal-null-conversion -Wno-objc-literal-conversion -Wshorten-64-to-32 -Wpointer-sign -Wno-newline-eof -Wno-implicit-fallthrough -isysroot /Applications/Xcode.app/Contents/Developer/Platforms/MacOSX.platform/Developer/SDKs/MacOSX26.4.sdk -fstrict-aliasing -Wdeprecated-declarations -Wno-sign-conversion -Wno-infinite-recursion -Wno-comma -Wno-block-capture-autoreleasing -Wno-strict-prototypes -Wno-semicolon-before-method-body @/Users/jasonlee/Library/Developer/Xcode/DerivedData/Notch-ddzsfiyxyoauidejndllmosklbkq/Build/Intermediates.noindex/PostHog.build/Release/phlibwebp.build/Objects-normal/x86_64/7187679823f38a2a940e0043cdf9d637-common-args.resp -MMD -MT dependencies -MF /Users/jasonlee/Library/Developer/Xcode/DerivedData/Notch-ddzsfiyxyoauidejndllmosklbkq/Build/Intermediates.noindex/PostHog.build/Release/phlibwebp.build/Objects-normal/x86_64/enc.d --serialize-diagnostics /Users/jasonlee/Library/Developer/Xcode/DerivedData/Notch-ddzsfiyxyoauidejndllmosklbkq/Build/Intermediates.noindex/PostHog.build/Release/phlibwebp.build/Objects-normal/x86_64/enc.dia -c /Users/jasonlee/Library/Developer/Xcode/DerivedData/Notch-ddzsfiyxyoauidejndllmosklbkq/SourcePackages/checkouts/posthog-ios/vendor/libwebp/enc.c -o /Users/jasonlee/Library/Developer/Xcode/DerivedData/Notch-ddzsfiyxyoauidejndllmosklbkq/Build/Intermediates.noindex/PostHog.build/Release/phlibwebp.build/Objects-normal/x86_64/enc.o

CompileC /Users/jasonlee/Library/Developer/Xcode/DerivedData/Notch-ddzsfiyxyoauidejndllmosklbkq/Build/Intermediates.noindex/PostHog.build/Release/phlibwebp.build/Objects-normal/x86_64/yuv_neon.o /Users/jasonlee/Library/Developer/Xcode/DerivedData/Notch-ddzsfiyxyoauidejndllmosklbkq/SourcePackages/checkouts/posthog-ios/vendor/libwebp/yuv_neon.c normal x86_64 c com.apple.compilers.llvm.clang.1_0.compiler (in target 'phlibwebp' from project 'PostHog')
    cd /Users/jasonlee/Coding/App/Notch/Notch.xcodeproj
    
    Using response file: /Users/jasonlee/Library/Developer/Xcode/DerivedData/Notch-ddzsfiyxyoauidejndllmosklbkq/Build/Intermediates.noindex/PostHog.build/Release/phlibwebp.build/Objects-normal/x86_64/7187679823f38a2a940e0043cdf9d637-common-args.resp
    
    /Applications/Xcode.app/Contents/Developer/Toolchains/XcodeDefault.xctoolchain/usr/bin/clang -x c -ivfsstatcache /Users/jasonlee/Library/Developer/Xcode/DerivedData/SDKStatCaches.noindex/macosx26.4-25E251-30f9ca8789b706f8bd3fc906a70d770f.sdkstatcache -target x86_64-apple-macos10.15 -fmessage-length\=0 -fdiagnostics-show-note-include-stack -fmacro-backtrace-limit\=0 -fno-color-diagnostics -fmodules-prune-interval\=86400 -fmodules-prune-after\=345600 -fbuild-session-file\=/Users/jasonlee/Library/Developer/Xcode/DerivedData/ModuleCache.noindex/Session.modulevalidation -fmodules-validate-once-per-build-session -Wnon-modular-include-in-framework-module -Werror\=non-modular-include-in-framework-module -Wno-trigraphs -Wno-missing-field-initializers -Wno-missing-prototypes -Wno-return-type -Wno-missing-braces -Wparentheses -Wswitch -Wno-unused-function -Wno-unused-label -Wno-unused-parameter -Wno-unused-variable -Wunused-value -Wno-empty-body -Wno-uninitialized -Wno-unknown-pragmas -w -Wno-shadow -Wno-four-char-constants -Wno-conversion -Wno-constant-conversion -Wno-int-conversion -Wno-bool-conversion -Wno-enum-conversion -Wno-float-conversion -Wno-non-literal-null-conversion -Wno-objc-literal-conversion -Wshorten-64-to-32 -Wpointer-sign -Wno-newline-eof -Wno-implicit-fallthrough -isysroot /Applications/Xcode.app/Contents/Developer/Platforms/MacOSX.platform/Developer/SDKs/MacOSX26.4.sdk -fstrict-aliasing -Wdeprecated-declarations -Wno-sign-conversion -Wno-infinite-recursion -Wno-comma -Wno-block-capture-autoreleasing -Wno-strict-prototypes -Wno-semicolon-before-method-body @/Users/jasonlee/Library/Developer/Xcode/DerivedData/Notch-ddzsfiyxyoauidejndllmosklbkq/Build/Intermediates.noindex/PostHog.build/Release/phlibwebp.build/Objects-normal/x86_64/7187679823f38a2a940e0043cdf9d637-common-args.resp -MMD -MT dependencies -MF /Users/jasonlee/Library/Developer/Xcode/DerivedData/Notch-ddzsfiyxyoauidejndllmosklbkq/Build/Intermediates.noindex/PostHog.build/Release/phlibwebp.build/Objects-normal/x86_64/yuv_neon.d --serialize-diagnostics /Users/jasonlee/Library/Developer/Xcode/DerivedData/Notch-ddzsfiyxyoauidejndllmosklbkq/Build/Intermediates.noindex/PostHog.build/Release/phlibwebp.build/Objects-normal/x86_64/yuv_neon.dia -c /Users/jasonlee/Library/Developer/Xcode/DerivedData/Notch-ddzsfiyxyoauidejndllmosklbkq/SourcePackages/checkouts/posthog-ios/vendor/libwebp/yuv_neon.c -o /Users/jasonlee/Library/Developer/Xcode/DerivedData/Notch-ddzsfiyxyoauidejndllmosklbkq/Build/Intermediates.noindex/PostHog.build/Release/phlibwebp.build/Objects-normal/x86_64/yuv_neon.o

CompileC /Users/jasonlee/Library/Developer/Xcode/DerivedData/Notch-ddzsfiyxyoauidejndllmosklbkq/Build/Intermediates.noindex/PostHog.build/Release/phlibwebp.build/Objects-normal/x86_64/yuv.o /Users/jasonlee/Library/Developer/Xcode/DerivedData/Notch-ddzsfiyxyoauidejndllmosklbkq/SourcePackages/checkouts/posthog-ios/vendor/libwebp/yuv.c normal x86_64 c com.apple.compilers.llvm.clang.1_0.compiler (in target 'phlibwebp' from project 'PostHog')
    cd /Users/jasonlee/Coding/App/Notch/Notch.xcodeproj
    
    Using response file: /Users/jasonlee/Library/Developer/Xcode/DerivedData/Notch-ddzsfiyxyoauidejndllmosklbkq/Build/Intermediates.noindex/PostHog.build/Release/phlibwebp.build/Objects-normal/x86_64/7187679823f38a2a940e0043cdf9d637-common-args.resp
    
    /Applications/Xcode.app/Contents/Developer/Toolchains/XcodeDefault.xctoolchain/usr/bin/clang -x c -ivfsstatcache /Users/jasonlee/Library/Developer/Xcode/DerivedData/SDKStatCaches.noindex/macosx26.4-25E251-30f9ca8789b706f8bd3fc906a70d770f.sdkstatcache -target x86_64-apple-macos10.15 -fmessage-length\=0 -fdiagnostics-show-note-include-stack -fmacro-backtrace-limit\=0 -fno-color-diagnostics -fmodules-prune-interval\=86400 -fmodules-prune-after\=345600 -fbuild-session-file\=/Users/jasonlee/Library/Developer/Xcode/DerivedData/ModuleCache.noindex/Session.modulevalidation -fmodules-validate-once-per-build-session -Wnon-modular-include-in-framework-module -Werror\=non-modular-include-in-framework-module -Wno-trigraphs -Wno-missing-field-initializers -Wno-missing-prototypes -Wno-return-type -Wno-missing-braces -Wparentheses -Wswitch -Wno-unused-function -Wno-unused-label -Wno-unused-parameter -Wno-unused-variable -Wunused-value -Wno-empty-body -Wno-uninitialized -Wno-unknown-pragmas -w -Wno-shadow -Wno-four-char-constants -Wno-conversion -Wno-constant-conversion -Wno-int-conversion -Wno-bool-conversion -Wno-enum-conversion -Wno-float-conversion -Wno-non-literal-null-conversion -Wno-objc-literal-conversion -Wshorten-64-to-32 -Wpointer-sign -Wno-newline-eof -Wno-implicit-fallthrough -isysroot /Applications/Xcode.app/Contents/Developer/Platforms/MacOSX.platform/Developer/SDKs/MacOSX26.4.sdk -fstrict-aliasing -Wdeprecated-declarations -Wno-sign-conversion -Wno-infinite-recursion -Wno-comma -Wno-block-capture-autoreleasing -Wno-strict-prototypes -Wno-semicolon-before-method-body @/Users/jasonlee/Library/Developer/Xcode/DerivedData/Notch-ddzsfiyxyoauidejndllmosklbkq/Build/Intermediates.noindex/PostHog.build/Release/phlibwebp.build/Objects-normal/x86_64/7187679823f38a2a940e0043cdf9d637-common-args.resp -MMD -MT dependencies -MF /Users/jasonlee/Library/Developer/Xcode/DerivedData/Notch-ddzsfiyxyoauidejndllmosklbkq/Build/Intermediates.noindex/PostHog.build/Release/phlibwebp.build/Objects-normal/x86_64/yuv.d --serialize-diagnostics /Users/jasonlee/Library/Developer/Xcode/DerivedData/Notch-ddzsfiyxyoauidejndllmosklbkq/Build/Intermediates.noindex/PostHog.build/Release/phlibwebp.build/Objects-normal/x86_64/yuv.dia -c /Users/jasonlee/Library/Developer/Xcode/DerivedData/Notch-ddzsfiyxyoauidejndllmosklbkq/SourcePackages/checkouts/posthog-ios/vendor/libwebp/yuv.c -o /Users/jasonlee/Library/Developer/Xcode/DerivedData/Notch-ddzsfiyxyoauidejndllmosklbkq/Build/Intermediates.noindex/PostHog.build/Release/phlibwebp.build/Objects-normal/x86_64/yuv.o

CompileC /Users/jasonlee/Library/Developer/Xcode/DerivedData/Notch-ddzsfiyxyoauidejndllmosklbkq/Build/Intermediates.noindex/PostHog.build/Release/phlibwebp.build/Objects-normal/x86_64/webp_enc.o /Users/jasonlee/Library/Developer/Xcode/DerivedData/Notch-ddzsfiyxyoauidejndllmosklbkq/SourcePackages/checkouts/posthog-ios/vendor/libwebp/webp_enc.c normal x86_64 c com.apple.compilers.llvm.clang.1_0.compiler (in target 'phlibwebp' from project 'PostHog')
    cd /Users/jasonlee/Coding/App/Notch/Notch.xcodeproj
    
    Using response file: /Users/jasonlee/Library/Developer/Xcode/DerivedData/Notch-ddzsfiyxyoauidejndllmosklbkq/Build/Intermediates.noindex/PostHog.build/Release/phlibwebp.build/Objects-normal/x86_64/7187679823f38a2a940e0043cdf9d637-common-args.resp
    
    /Applications/Xcode.app/Contents/Developer/Toolchains/XcodeDefault.xctoolchain/usr/bin/clang -x c -ivfsstatcache /Users/jasonlee/Library/Developer/Xcode/DerivedData/SDKStatCaches.noindex/macosx26.4-25E251-30f9ca8789b706f8bd3fc906a70d770f.sdkstatcache -target x86_64-apple-macos10.15 -fmessage-length\=0 -fdiagnostics-show-note-include-stack -fmacro-backtrace-limit\=0 -fno-color-diagnostics -fmodules-prune-interval\=86400 -fmodules-prune-after\=345600 -fbuild-session-file\=/Users/jasonlee/Library/Developer/Xcode/DerivedData/ModuleCache.noindex/Session.modulevalidation -fmodules-validate-once-per-build-session -Wnon-modular-include-in-framework-module -Werror\=non-modular-include-in-framework-module -Wno-trigraphs -Wno-missing-field-initializers -Wno-missing-prototypes -Wno-return-type -Wno-missing-braces -Wparentheses -Wswitch -Wno-unused-function -Wno-unused-label -Wno-unused-parameter -Wno-unused-variable -Wunused-value -Wno-empty-body -Wno-uninitialized -Wno-unknown-pragmas -w -Wno-shadow -Wno-four-char-constants -Wno-conversion -Wno-constant-conversion -Wno-int-conversion -Wno-bool-conversion -Wno-enum-conversion -Wno-float-conversion -Wno-non-literal-null-conversion -Wno-objc-literal-conversion -Wshorten-64-to-32 -Wpointer-sign -Wno-newline-eof -Wno-implicit-fallthrough -isysroot /Applications/Xcode.app/Contents/Developer/Platforms/MacOSX.platform/Developer/SDKs/MacOSX26.4.sdk -fstrict-aliasing -Wdeprecated-declarations -Wno-sign-conversion -Wno-infinite-recursion -Wno-comma -Wno-block-capture-autoreleasing -Wno-strict-prototypes -Wno-semicolon-before-method-body @/Users/jasonlee/Library/Developer/Xcode/DerivedData/Notch-ddzsfiyxyoauidejndllmosklbkq/Build/Intermediates.noindex/PostHog.build/Release/phlibwebp.build/Objects-normal/x86_64/7187679823f38a2a940e0043cdf9d637-common-args.resp -MMD -MT dependencies -MF /Users/jasonlee/Library/Developer/Xcode/DerivedData/Notch-ddzsfiyxyoauidejndllmosklbkq/Build/Intermediates.noindex/PostHog.build/Release/phlibwebp.build/Objects-normal/x86_64/webp_enc.d --serialize-diagnostics /Users/jasonlee/Library/Developer/Xcode/DerivedData/Notch-ddzsfiyxyoauidejndllmosklbkq/Build/Intermediates.noindex/PostHog.build/Release/phlibwebp.build/Objects-normal/x86_64/webp_enc.dia -c /Users/jasonlee/Library/Developer/Xcode/DerivedData/Notch-ddzsfiyxyoauidejndllmosklbkq/SourcePackages/checkouts/posthog-ios/vendor/libwebp/webp_enc.c -o /Users/jasonlee/Library/Developer/Xcode/DerivedData/Notch-ddzsfiyxyoauidejndllmosklbkq/Build/Intermediates.noindex/PostHog.build/Release/phlibwebp.build/Objects-normal/x86_64/webp_enc.o

CompileC /Users/jasonlee/Library/Developer/Xcode/DerivedData/Notch-ddzsfiyxyoauidejndllmosklbkq/Build/Intermediates.noindex/PostHog.build/Release/phlibwebp.build/Objects-normal/x86_64/vp8l_enc.o /Users/jasonlee/Library/Developer/Xcode/DerivedData/Notch-ddzsfiyxyoauidejndllmosklbkq/SourcePackages/checkouts/posthog-ios/vendor/libwebp/vp8l_enc.c normal x86_64 c com.apple.compilers.llvm.clang.1_0.compiler (in target 'phlibwebp' from project 'PostHog')
    cd /Users/jasonlee/Coding/App/Notch/Notch.xcodeproj
    
    Using response file: /Users/jasonlee/Library/Developer/Xcode/DerivedData/Notch-ddzsfiyxyoauidejndllmosklbkq/Build/Intermediates.noindex/PostHog.build/Release/phlibwebp.build/Objects-normal/x86_64/7187679823f38a2a940e0043cdf9d637-common-args.resp
    
    /Applications/Xcode.app/Contents/Developer/Toolchains/XcodeDefault.xctoolchain/usr/bin/clang -x c -ivfsstatcache /Users/jasonlee/Library/Developer/Xcode/DerivedData/SDKStatCaches.noindex/macosx26.4-25E251-30f9ca8789b706f8bd3fc906a70d770f.sdkstatcache -target x86_64-apple-macos10.15 -fmessage-length\=0 -fdiagnostics-show-note-include-stack -fmacro-backtrace-limit\=0 -fno-color-diagnostics -fmodules-prune-interval\=86400 -fmodules-prune-after\=345600 -fbuild-session-file\=/Users/jasonlee/Library/Developer/Xcode/DerivedData/ModuleCache.noindex/Session.modulevalidation -fmodules-validate-once-per-build-session -Wnon-modular-include-in-framework-module -Werror\=non-modular-include-in-framework-module -Wno-trigraphs -Wno-missing-field-initializers -Wno-missing-prototypes -Wno-return-type -Wno-missing-braces -Wparentheses -Wswitch -Wno-unused-function -Wno-unused-label -Wno-unused-parameter -Wno-unused-variable -Wunused-value -Wno-empty-body -Wno-uninitialized -Wno-unknown-pragmas -w -Wno-shadow -Wno-four-char-constants -Wno-conversion -Wno-constant-conversion -Wno-int-conversion -Wno-bool-conversion -Wno-enum-conversion -Wno-float-conversion -Wno-non-literal-null-conversion -Wno-objc-literal-conversion -Wshorten-64-to-32 -Wpointer-sign -Wno-newline-eof -Wno-implicit-fallthrough -isysroot /Applications/Xcode.app/Contents/Developer/Platforms/MacOSX.platform/Developer/SDKs/MacOSX26.4.sdk -fstrict-aliasing -Wdeprecated-declarations -Wno-sign-conversion -Wno-infinite-recursion -Wno-comma -Wno-block-capture-autoreleasing -Wno-strict-prototypes -Wno-semicolon-before-method-body @/Users/jasonlee/Library/Developer/Xcode/DerivedData/Notch-ddzsfiyxyoauidejndllmosklbkq/Build/Intermediates.noindex/PostHog.build/Release/phlibwebp.build/Objects-normal/x86_64/7187679823f38a2a940e0043cdf9d637-common-args.resp -MMD -MT dependencies -MF /Users/jasonlee/Library/Developer/Xcode/DerivedData/Notch-ddzsfiyxyoauidejndllmosklbkq/Build/Intermediates.noindex/PostHog.build/Release/phlibwebp.build/Objects-normal/x86_64/vp8l_enc.d --serialize-diagnostics /Users/jasonlee/Library/Developer/Xcode/DerivedData/Notch-ddzsfiyxyoauidejndllmosklbkq/Build/Intermediates.noindex/PostHog.build/Release/phlibwebp.build/Objects-normal/x86_64/vp8l_enc.dia -c /Users/jasonlee/Library/Developer/Xcode/DerivedData/Notch-ddzsfiyxyoauidejndllmosklbkq/SourcePackages/checkouts/posthog-ios/vendor/libwebp/vp8l_enc.c -o /Users/jasonlee/Library/Developer/Xcode/DerivedData/Notch-ddzsfiyxyoauidejndllmosklbkq/Build/Intermediates.noindex/PostHog.build/Release/phlibwebp.build/Objects-normal/x86_64/vp8l_enc.o

CompileC /Users/jasonlee/Library/Developer/Xcode/DerivedData/Notch-ddzsfiyxyoauidejndllmosklbkq/Build/Intermediates.noindex/PostHog.build/Release/phlibwebp.build/Objects-normal/x86_64/utils.o /Users/jasonlee/Library/Developer/Xcode/DerivedData/Notch-ddzsfiyxyoauidejndllmosklbkq/SourcePackages/checkouts/posthog-ios/vendor/libwebp/utils.c normal x86_64 c com.apple.compilers.llvm.clang.1_0.compiler (in target 'phlibwebp' from project 'PostHog')
    cd /Users/jasonlee/Coding/App/Notch/Notch.xcodeproj
    
    Using response file: /Users/jasonlee/Library/Developer/Xcode/DerivedData/Notch-ddzsfiyxyoauidejndllmosklbkq/Build/Intermediates.noindex/PostHog.build/Release/phlibwebp.build/Objects-normal/x86_64/7187679823f38a2a940e0043cdf9d637-common-args.resp
    
    /Applications/Xcode.app/Contents/Developer/Toolchains/XcodeDefault.xctoolchain/usr/bin/clang -x c -ivfsstatcache /Users/jasonlee/Library/Developer/Xcode/DerivedData/SDKStatCaches.noindex/macosx26.4-25E251-30f9ca8789b706f8bd3fc906a70d770f.sdkstatcache -target x86_64-apple-macos10.15 -fmessage-length\=0 -fdiagnostics-show-note-include-stack -fmacro-backtrace-limit\=0 -fno-color-diagnostics -fmodules-prune-interval\=86400 -fmodules-prune-after\=345600 -fbuild-session-file\=/Users/jasonlee/Library/Developer/Xcode/DerivedData/ModuleCache.noindex/Session.modulevalidation -fmodules-validate-once-per-build-session -Wnon-modular-include-in-framework-module -Werror\=non-modular-include-in-framework-module -Wno-trigraphs -Wno-missing-field-initializers -Wno-missing-prototypes -Wno-return-type -Wno-missing-braces -Wparentheses -Wswitch -Wno-unused-function -Wno-unused-label -Wno-unused-parameter -Wno-unused-variable -Wunused-value -Wno-empty-body -Wno-uninitialized -Wno-unknown-pragmas -w -Wno-shadow -Wno-four-char-constants -Wno-conversion -Wno-constant-conversion -Wno-int-conversion -Wno-bool-conversion -Wno-enum-conversion -Wno-float-conversion -Wno-non-literal-null-conversion -Wno-objc-literal-conversion -Wshorten-64-to-32 -Wpointer-sign -Wno-newline-eof -Wno-implicit-fallthrough -isysroot /Applications/Xcode.app/Contents/Developer/Platforms/MacOSX.platform/Developer/SDKs/MacOSX26.4.sdk -fstrict-aliasing -Wdeprecated-declarations -Wno-sign-conversion -Wno-infinite-recursion -Wno-comma -Wno-block-capture-autoreleasing -Wno-strict-prototypes -Wno-semicolon-before-method-body @/Users/jasonlee/Library/Developer/Xcode/DerivedData/Notch-ddzsfiyxyoauidejndllmosklbkq/Build/Intermediates.noindex/PostHog.build/Release/phlibwebp.build/Objects-normal/x86_64/7187679823f38a2a940e0043cdf9d637-common-args.resp -MMD -MT dependencies -MF /Users/jasonlee/Library/Developer/Xcode/DerivedData/Notch-ddzsfiyxyoauidejndllmosklbkq/Build/Intermediates.noindex/PostHog.build/Release/phlibwebp.build/Objects-normal/x86_64/utils.d --serialize-diagnostics /Users/jasonlee/Library/Developer/Xcode/DerivedData/Notch-ddzsfiyxyoauidejndllmosklbkq/Build/Intermediates.noindex/PostHog.build/Release/phlibwebp.build/Objects-normal/x86_64/utils.dia -c /Users/jasonlee/Library/Developer/Xcode/DerivedData/Notch-ddzsfiyxyoauidejndllmosklbkq/SourcePackages/checkouts/posthog-ios/vendor/libwebp/utils.c -o /Users/jasonlee/Library/Developer/Xcode/DerivedData/Notch-ddzsfiyxyoauidejndllmosklbkq/Build/Intermediates.noindex/PostHog.build/Release/phlibwebp.build/Objects-normal/x86_64/utils.o

CompileC /Users/jasonlee/Library/Developer/Xcode/DerivedData/Notch-ddzsfiyxyoauidejndllmosklbkq/Build/Intermediates.noindex/PostHog.build/Release/phlibwebp.build/Objects-normal/x86_64/upsampling_neon.o /Users/jasonlee/Library/Developer/Xcode/DerivedData/Notch-ddzsfiyxyoauidejndllmosklbkq/SourcePackages/checkouts/posthog-ios/vendor/libwebp/upsampling_neon.c normal x86_64 c com.apple.compilers.llvm.clang.1_0.compiler (in target 'phlibwebp' from project 'PostHog')
    cd /Users/jasonlee/Coding/App/Notch/Notch.xcodeproj
    
    Using response file: /Users/jasonlee/Library/Developer/Xcode/DerivedData/Notch-ddzsfiyxyoauidejndllmosklbkq/Build/Intermediates.noindex/PostHog.build/Release/phlibwebp.build/Objects-normal/x86_64/7187679823f38a2a940e0043cdf9d637-common-args.resp
    
    /Applications/Xcode.app/Contents/Developer/Toolchains/XcodeDefault.xctoolchain/usr/bin/clang -x c -ivfsstatcache /Users/jasonlee/Library/Developer/Xcode/DerivedData/SDKStatCaches.noindex/macosx26.4-25E251-30f9ca8789b706f8bd3fc906a70d770f.sdkstatcache -target x86_64-apple-macos10.15 -fmessage-length\=0 -fdiagnostics-show-note-include-stack -fmacro-backtrace-limit\=0 -fno-color-diagnostics -fmodules-prune-interval\=86400 -fmodules-prune-after\=345600 -fbuild-session-file\=/Users/jasonlee/Library/Developer/Xcode/DerivedData/ModuleCache.noindex/Session.modulevalidation -fmodules-validate-once-per-build-session -Wnon-modular-include-in-framework-module -Werror\=non-modular-include-in-framework-module -Wno-trigraphs -Wno-missing-field-initializers -Wno-missing-prototypes -Wno-return-type -Wno-missing-braces -Wparentheses -Wswitch -Wno-unused-function -Wno-unused-label -Wno-unused-parameter -Wno-unused-variable -Wunused-value -Wno-empty-body -Wno-uninitialized -Wno-unknown-pragmas -w -Wno-shadow -Wno-four-char-constants -Wno-conversion -Wno-constant-conversion -Wno-int-conversion -Wno-bool-conversion -Wno-enum-conversion -Wno-float-conversion -Wno-non-literal-null-conversion -Wno-objc-literal-conversion -Wshorten-64-to-32 -Wpointer-sign -Wno-newline-eof -Wno-implicit-fallthrough -isysroot /Applications/Xcode.app/Contents/Developer/Platforms/MacOSX.platform/Developer/SDKs/MacOSX26.4.sdk -fstrict-aliasing -Wdeprecated-declarations -Wno-sign-conversion -Wno-infinite-recursion -Wno-comma -Wno-block-capture-autoreleasing -Wno-strict-prototypes -Wno-semicolon-before-method-body @/Users/jasonlee/Library/Developer/Xcode/DerivedData/Notch-ddzsfiyxyoauidejndllmosklbkq/Build/Intermediates.noindex/PostHog.build/Release/phlibwebp.build/Objects-normal/x86_64/7187679823f38a2a940e0043cdf9d637-common-args.resp -MMD -MT dependencies -MF /Users/jasonlee/Library/Developer/Xcode/DerivedData/Notch-ddzsfiyxyoauidejndllmosklbkq/Build/Intermediates.noindex/PostHog.build/Release/phlibwebp.build/Objects-normal/x86_64/upsampling_neon.d --serialize-diagnostics /Users/jasonlee/Library/Developer/Xcode/DerivedData/Notch-ddzsfiyxyoauidejndllmosklbkq/Build/Intermediates.noindex/PostHog.build/Release/phlibwebp.build/Objects-normal/x86_64/upsampling_neon.dia -c /Users/jasonlee/Library/Developer/Xcode/DerivedData/Notch-ddzsfiyxyoauidejndllmosklbkq/SourcePackages/checkouts/posthog-ios/vendor/libwebp/upsampling_neon.c -o /Users/jasonlee/Library/Developer/Xcode/DerivedData/Notch-ddzsfiyxyoauidejndllmosklbkq/Build/Intermediates.noindex/PostHog.build/Release/phlibwebp.build/Objects-normal/x86_64/upsampling_neon.o

CompileC /Users/jasonlee/Library/Developer/Xcode/DerivedData/Notch-ddzsfiyxyoauidejndllmosklbkq/Build/Intermediates.noindex/PostHog.build/Release/phlibwebp.build/Objects-normal/x86_64/upsampling.o /Users/jasonlee/Library/Developer/Xcode/DerivedData/Notch-ddzsfiyxyoauidejndllmosklbkq/SourcePackages/checkouts/posthog-ios/vendor/libwebp/upsampling.c normal x86_64 c com.apple.compilers.llvm.clang.1_0.compiler (in target 'phlibwebp' from project 'PostHog')
    cd /Users/jasonlee/Coding/App/Notch/Notch.xcodeproj
    
    Using response file: /Users/jasonlee/Library/Developer/Xcode/DerivedData/Notch-ddzsfiyxyoauidejndllmosklbkq/Build/Intermediates.noindex/PostHog.build/Release/phlibwebp.build/Objects-normal/x86_64/7187679823f38a2a940e0043cdf9d637-common-args.resp
    
    /Applications/Xcode.app/Contents/Developer/Toolchains/XcodeDefault.xctoolchain/usr/bin/clang -x c -ivfsstatcache /Users/jasonlee/Library/Developer/Xcode/DerivedData/SDKStatCaches.noindex/macosx26.4-25E251-30f9ca8789b706f8bd3fc906a70d770f.sdkstatcache -target x86_64-apple-macos10.15 -fmessage-length\=0 -fdiagnostics-show-note-include-stack -fmacro-backtrace-limit\=0 -fno-color-diagnostics -fmodules-prune-interval\=86400 -fmodules-prune-after\=345600 -fbuild-session-file\=/Users/jasonlee/Library/Developer/Xcode/DerivedData/ModuleCache.noindex/Session.modulevalidation -fmodules-validate-once-per-build-session -Wnon-modular-include-in-framework-module -Werror\=non-modular-include-in-framework-module -Wno-trigraphs -Wno-missing-field-initializers -Wno-missing-prototypes -Wno-return-type -Wno-missing-braces -Wparentheses -Wswitch -Wno-unused-function -Wno-unused-label -Wno-unused-parameter -Wno-unused-variable -Wunused-value -Wno-empty-body -Wno-uninitialized -Wno-unknown-pragmas -w -Wno-shadow -Wno-four-char-constants -Wno-conversion -Wno-constant-conversion -Wno-int-conversion -Wno-bool-conversion -Wno-enum-conversion -Wno-float-conversion -Wno-non-literal-null-conversion -Wno-objc-literal-conversion -Wshorten-64-to-32 -Wpointer-sign -Wno-newline-eof -Wno-implicit-fallthrough -isysroot /Applications/Xcode.app/Contents/Developer/Platforms/MacOSX.platform/Developer/SDKs/MacOSX26.4.sdk -fstrict-aliasing -Wdeprecated-declarations -Wno-sign-conversion -Wno-infinite-recursion -Wno-comma -Wno-block-capture-autoreleasing -Wno-strict-prototypes -Wno-semicolon-before-method-body @/Users/jasonlee/Library/Developer/Xcode/DerivedData/Notch-ddzsfiyxyoauidejndllmosklbkq/Build/Intermediates.noindex/PostHog.build/Release/phlibwebp.build/Objects-normal/x86_64/7187679823f38a2a940e0043cdf9d637-common-args.resp -MMD -MT dependencies -MF /Users/jasonlee/Library/Developer/Xcode/DerivedData/Notch-ddzsfiyxyoauidejndllmosklbkq/Build/Intermediates.noindex/PostHog.build/Release/phlibwebp.build/Objects-normal/x86_64/upsampling.d --serialize-diagnostics /Users/jasonlee/Library/Developer/Xcode/DerivedData/Notch-ddzsfiyxyoauidejndllmosklbkq/Build/Intermediates.noindex/PostHog.build/Release/phlibwebp.build/Objects-normal/x86_64/upsampling.dia -c /Users/jasonlee/Library/Developer/Xcode/DerivedData/Notch-ddzsfiyxyoauidejndllmosklbkq/SourcePackages/checkouts/posthog-ios/vendor/libwebp/upsampling.c -o /Users/jasonlee/Library/Developer/Xcode/DerivedData/Notch-ddzsfiyxyoauidejndllmosklbkq/Build/Intermediates.noindex/PostHog.build/Release/phlibwebp.build/Objects-normal/x86_64/upsampling.o

CompileC /Users/jasonlee/Library/Developer/Xcode/DerivedData/Notch-ddzsfiyxyoauidejndllmosklbkq/Build/Intermediates.noindex/PostHog.build/Release/phlibwebp.build/Objects-normal/x86_64/tree_enc.o /Users/jasonlee/Library/Developer/Xcode/DerivedData/Notch-ddzsfiyxyoauidejndllmosklbkq/SourcePackages/checkouts/posthog-ios/vendor/libwebp/tree_enc.c normal x86_64 c com.apple.compilers.llvm.clang.1_0.compiler (in target 'phlibwebp' from project 'PostHog')
    cd /Users/jasonlee/Coding/App/Notch/Notch.xcodeproj
    
    Using response file: /Users/jasonlee/Library/Developer/Xcode/DerivedData/Notch-ddzsfiyxyoauidejndllmosklbkq/Build/Intermediates.noindex/PostHog.build/Release/phlibwebp.build/Objects-normal/x86_64/7187679823f38a2a940e0043cdf9d637-common-args.resp
    
    /Applications/Xcode.app/Contents/Developer/Toolchains/XcodeDefault.xctoolchain/usr/bin/clang -x c -ivfsstatcache /Users/jasonlee/Library/Developer/Xcode/DerivedData/SDKStatCaches.noindex/macosx26.4-25E251-30f9ca8789b706f8bd3fc906a70d770f.sdkstatcache -target x86_64-apple-macos10.15 -fmessage-length\=0 -fdiagnostics-show-note-include-stack -fmacro-backtrace-limit\=0 -fno-color-diagnostics -fmodules-prune-interval\=86400 -fmodules-prune-after\=345600 -fbuild-session-file\=/Users/jasonlee/Library/Developer/Xcode/DerivedData/ModuleCache.noindex/Session.modulevalidation -fmodules-validate-once-per-build-session -Wnon-modular-include-in-framework-module -Werror\=non-modular-include-in-framework-module -Wno-trigraphs -Wno-missing-field-initializers -Wno-missing-prototypes -Wno-return-type -Wno-missing-braces -Wparentheses -Wswitch -Wno-unused-function -Wno-unused-label -Wno-unused-parameter -Wno-unused-variable -Wunused-value -Wno-empty-body -Wno-uninitialized -Wno-unknown-pragmas -w -Wno-shadow -Wno-four-char-constants -Wno-conversion -Wno-constant-conversion -Wno-int-conversion -Wno-bool-conversion -Wno-enum-conversion -Wno-float-conversion -Wno-non-literal-null-conversion -Wno-objc-literal-conversion -Wshorten-64-to-32 -Wpointer-sign -Wno-newline-eof -Wno-implicit-fallthrough -isysroot /Applications/Xcode.app/Contents/Developer/Platforms/MacOSX.platform/Developer/SDKs/MacOSX26.4.sdk -fstrict-aliasing -Wdeprecated-declarations -Wno-sign-conversion -Wno-infinite-recursion -Wno-comma -Wno-block-capture-autoreleasing -Wno-strict-prototypes -Wno-semicolon-before-method-body @/Users/jasonlee/Library/Developer/Xcode/DerivedData/Notch-ddzsfiyxyoauidejndllmosklbkq/Build/Intermediates.noindex/PostHog.build/Release/phlibwebp.build/Objects-normal/x86_64/7187679823f38a2a940e0043cdf9d637-common-args.resp -MMD -MT dependencies -MF /Users/jasonlee/Library/Developer/Xcode/DerivedData/Notch-ddzsfiyxyoauidejndllmosklbkq/Build/Intermediates.noindex/PostHog.build/Release/phlibwebp.build/Objects-normal/x86_64/tree_enc.d --serialize-diagnostics /Users/jasonlee/Library/Developer/Xcode/DerivedData/Notch-ddzsfiyxyoauidejndllmosklbkq/Build/Intermediates.noindex/PostHog.build/Release/phlibwebp.build/Objects-normal/x86_64/tree_enc.dia -c /Users/jasonlee/Library/Developer/Xcode/DerivedData/Notch-ddzsfiyxyoauidejndllmosklbkq/SourcePackages/checkouts/posthog-ios/vendor/libwebp/tree_enc.c -o /Users/jasonlee/Library/Developer/Xcode/DerivedData/Notch-ddzsfiyxyoauidejndllmosklbkq/Build/Intermediates.noindex/PostHog.build/Release/phlibwebp.build/Objects-normal/x86_64/tree_enc.o

CompileC /Users/jasonlee/Library/Developer/Xcode/DerivedData/Notch-ddzsfiyxyoauidejndllmosklbkq/Build/Intermediates.noindex/PostHog.build/Release/phlibwebp.build/Objects-normal/x86_64/token_enc.o /Users/jasonlee/Library/Developer/Xcode/DerivedData/Notch-ddzsfiyxyoauidejndllmosklbkq/SourcePackages/checkouts/posthog-ios/vendor/libwebp/token_enc.c normal x86_64 c com.apple.compilers.llvm.clang.1_0.compiler (in target 'phlibwebp' from project 'PostHog')
    cd /Users/jasonlee/Coding/App/Notch/Notch.xcodeproj
    
    Using response file: /Users/jasonlee/Library/Developer/Xcode/DerivedData/Notch-ddzsfiyxyoauidejndllmosklbkq/Build/Intermediates.noindex/PostHog.build/Release/phlibwebp.build/Objects-normal/x86_64/7187679823f38a2a940e0043cdf9d637-common-args.resp
    
    /Applications/Xcode.app/Contents/Developer/Toolchains/XcodeDefault.xctoolchain/usr/bin/clang -x c -ivfsstatcache /Users/jasonlee/Library/Developer/Xcode/DerivedData/SDKStatCaches.noindex/macosx26.4-25E251-30f9ca8789b706f8bd3fc906a70d770f.sdkstatcache -target x86_64-apple-macos10.15 -fmessage-length\=0 -fdiagnostics-show-note-include-stack -fmacro-backtrace-limit\=0 -fno-color-diagnostics -fmodules-prune-interval\=86400 -fmodules-prune-after\=345600 -fbuild-session-file\=/Users/jasonlee/Library/Developer/Xcode/DerivedData/ModuleCache.noindex/Session.modulevalidation -fmodules-validate-once-per-build-session -Wnon-modular-include-in-framework-module -Werror\=non-modular-include-in-framework-module -Wno-trigraphs -Wno-missing-field-initializers -Wno-missing-prototypes -Wno-return-type -Wno-missing-braces -Wparentheses -Wswitch -Wno-unused-function -Wno-unused-label -Wno-unused-parameter -Wno-unused-variable -Wunused-value -Wno-empty-body -Wno-uninitialized -Wno-unknown-pragmas -w -Wno-shadow -Wno-four-char-constants -Wno-conversion -Wno-constant-conversion -Wno-int-conversion -Wno-bool-conversion -Wno-enum-conversion -Wno-float-conversion -Wno-non-literal-null-conversion -Wno-objc-literal-conversion -Wshorten-64-to-32 -Wpointer-sign -Wno-newline-eof -Wno-implicit-fallthrough -isysroot /Applications/Xcode.app/Contents/Developer/Platforms/MacOSX.platform/Developer/SDKs/MacOSX26.4.sdk -fstrict-aliasing -Wdeprecated-declarations -Wno-sign-conversion -Wno-infinite-recursion -Wno-comma -Wno-block-capture-autoreleasing -Wno-strict-prototypes -Wno-semicolon-before-method-body @/Users/jasonlee/Library/Developer/Xcode/DerivedData/Notch-ddzsfiyxyoauidejndllmosklbkq/Build/Intermediates.noindex/PostHog.build/Release/phlibwebp.build/Objects-normal/x86_64/7187679823f38a2a940e0043cdf9d637-common-args.resp -MMD -MT dependencies -MF /Users/jasonlee/Library/Developer/Xcode/DerivedData/Notch-ddzsfiyxyoauidejndllmosklbkq/Build/Intermediates.noindex/PostHog.build/Release/phlibwebp.build/Objects-normal/x86_64/token_enc.d --serialize-diagnostics /Users/jasonlee/Library/Developer/Xcode/DerivedData/Notch-ddzsfiyxyoauidejndllmosklbkq/Build/Intermediates.noindex/PostHog.build/Release/phlibwebp.build/Objects-normal/x86_64/token_enc.dia -c /Users/jasonlee/Library/Developer/Xcode/DerivedData/Notch-ddzsfiyxyoauidejndllmosklbkq/SourcePackages/checkouts/posthog-ios/vendor/libwebp/token_enc.c -o /Users/jasonlee/Library/Developer/Xcode/DerivedData/Notch-ddzsfiyxyoauidejndllmosklbkq/Build/Intermediates.noindex/PostHog.build/Release/phlibwebp.build/Objects-normal/x86_64/token_enc.o

CompileC /Users/jasonlee/Library/Developer/Xcode/DerivedData/Notch-ddzsfiyxyoauidejndllmosklbkq/Build/Intermediates.noindex/PostHog.build/Release/phlibwebp.build/Objects-normal/x86_64/thread_utils.o /Users/jasonlee/Library/Developer/Xcode/DerivedData/Notch-ddzsfiyxyoauidejndllmosklbkq/SourcePackages/checkouts/posthog-ios/vendor/libwebp/thread_utils.c normal x86_64 c com.apple.compilers.llvm.clang.1_0.compiler (in target 'phlibwebp' from project 'PostHog')
    cd /Users/jasonlee/Coding/App/Notch/Notch.xcodeproj
    
    Using response file: /Users/jasonlee/Library/Developer/Xcode/DerivedData/Notch-ddzsfiyxyoauidejndllmosklbkq/Build/Intermediates.noindex/PostHog.build/Release/phlibwebp.build/Objects-normal/x86_64/7187679823f38a2a940e0043cdf9d637-common-args.resp
    
    /Applications/Xcode.app/Contents/Developer/Toolchains/XcodeDefault.xctoolchain/usr/bin/clang -x c -ivfsstatcache /Users/jasonlee/Library/Developer/Xcode/DerivedData/SDKStatCaches.noindex/macosx26.4-25E251-30f9ca8789b706f8bd3fc906a70d770f.sdkstatcache -target x86_64-apple-macos10.15 -fmessage-length\=0 -fdiagnostics-show-note-include-stack -fmacro-backtrace-limit\=0 -fno-color-diagnostics -fmodules-prune-interval\=86400 -fmodules-prune-after\=345600 -fbuild-session-file\=/Users/jasonlee/Library/Developer/Xcode/DerivedData/ModuleCache.noindex/Session.modulevalidation -fmodules-validate-once-per-build-session -Wnon-modular-include-in-framework-module -Werror\=non-modular-include-in-framework-module -Wno-trigraphs -Wno-missing-field-initializers -Wno-missing-prototypes -Wno-return-type -Wno-missing-braces -Wparentheses -Wswitch -Wno-unused-function -Wno-unused-label -Wno-unused-parameter -Wno-unused-variable -Wunused-value -Wno-empty-body -Wno-uninitialized -Wno-unknown-pragmas -w -Wno-shadow -Wno-four-char-constants -Wno-conversion -Wno-constant-conversion -Wno-int-conversion -Wno-bool-conversion -Wno-enum-conversion -Wno-float-conversion -Wno-non-literal-null-conversion -Wno-objc-literal-conversion -Wshorten-64-to-32 -Wpointer-sign -Wno-newline-eof -Wno-implicit-fallthrough -isysroot /Applications/Xcode.app/Contents/Developer/Platforms/MacOSX.platform/Developer/SDKs/MacOSX26.4.sdk -fstrict-aliasing -Wdeprecated-declarations -Wno-sign-conversion -Wno-infinite-recursion -Wno-comma -Wno-block-capture-autoreleasing -Wno-strict-prototypes -Wno-semicolon-before-method-body @/Users/jasonlee/Library/Developer/Xcode/DerivedData/Notch-ddzsfiyxyoauidejndllmosklbkq/Build/Intermediates.noindex/PostHog.build/Release/phlibwebp.build/Objects-normal/x86_64/7187679823f38a2a940e0043cdf9d637-common-args.resp -MMD -MT dependencies -MF /Users/jasonlee/Library/Developer/Xcode/DerivedData/Notch-ddzsfiyxyoauidejndllmosklbkq/Build/Intermediates.noindex/PostHog.build/Release/phlibwebp.build/Objects-normal/x86_64/thread_utils.d --serialize-diagnostics /Users/jasonlee/Library/Developer/Xcode/DerivedData/Notch-ddzsfiyxyoauidejndllmosklbkq/Build/Intermediates.noindex/PostHog.build/Release/phlibwebp.build/Objects-normal/x86_64/thread_utils.dia -c /Users/jasonlee/Library/Developer/Xcode/DerivedData/Notch-ddzsfiyxyoauidejndllmosklbkq/SourcePackages/checkouts/posthog-ios/vendor/libwebp/thread_utils.c -o /Users/jasonlee/Library/Developer/Xcode/DerivedData/Notch-ddzsfiyxyoauidejndllmosklbkq/Build/Intermediates.noindex/PostHog.build/Release/phlibwebp.build/Objects-normal/x86_64/thread_utils.o

SwiftCompile normal x86_64 Compiling\ resource_bundle_accessor.swift,\ ApplicationLifecyclePublisher.swift,\ PostHogAppLifeCycleIntegration.swift,\ PostHogDeepLinkHelper.swift,\ ApplicationViewLayoutPublisher.swift,\ AutocaptureEventProcessing.swift,\ ForwardingPickerViewDelegate.swift,\ PostHogAutocaptureEventTracker.swift,\ PostHogAutocaptureIntegration.swift,\ View+PostHogLabel.swift,\ UIView+PostHogLabel.swift,\ DI.swift,\ PostHogBinaryImageInfo.swift,\ PostHogStackFrame.swift,\ PostHogCrashReportProcessor.swift,\ PostHogErrorTrackingAutoCaptureIntegration.swift,\ PostHogErrorTrackingConfig.swift,\ PostHogExceptionProcessor.swift,\ PostHogDebugImageProvider.swift,\ PostHogErrorTrackingUtils.swift,\ PostHogStackTraceProcessor.swift,\ PostHogEvent.swift,\ PostHogFeatureFlagResult.swift,\ PostHogSurvey+Display.swift,\ PostHogSurvey.swift,\ PostHogSurveyAppearance.swift,\ PostHogSurveyConditions.swift,\ PostHogSurveyEnums.swift,\ PostHogSurveyQuestion.swift,\ PostHogApi.swift,\ PostHogBatchUploadInfo.swift,\ PostHogConfig.swift,\ PostHogConsumerPayload.swift,\ PostHogContext.swift,\ PostHogExtensions.swift,\ PostHogFileBackedQueue.swift,\ PostHogIntegration.swift,\ PostHogLegacyQueue.swift,\ PostHogPersonProfiles.swift,\ PostHogPropertiesSanitizer.swift,\ PostHogQueue.swift,\ PostHogRemoteConfig.swift,\ PostHogSDK.swift,\ PostHogSessionManager.swift,\ PostHogStorage.swift,\ PostHogStorageManager.swift,\ PostHogSwizzler.swift,\ PostHogVersion.swift,\ ApplicationEventPublisher.swift,\ CGColor+Util.swift,\ CGSize+Util.swift,\ Date+Util.swift,\ Float+Util.swift,\ MethodSwizzler.swift,\ NetworkSample.swift,\ Optional+Util.swift,\ PostHogConsoleLogInterceptor.swift,\ PostHogLogEntry.swift,\ PostHogLogLevel.swift,\ PostHogSessionReplayConsoleLogsPlugin.swift,\ PostHogSessionReplayNetworkPlugin.swift,\ URLSessionExtension.swift,\ URLSessionInterceptor.swift,\ URLSessionSwizzler.swift,\ PostHogSessionReplayPlugin.swift,\ PostHogReplayIntegration.swift,\ PostHogSampling.swift,\ PostHogSessionReplayConfig.swift,\ PostHogSessionReplayConsoleLogConfig.swift,\ RRStyle.swift,\ RRWireframe.swift,\ String+Util.swift,\ UIColor+Util.swift,\ UIImage+Util.swift,\ UITextInputTraits+Util.swift,\ UIView+Util.swift,\ ViewTreeSnapshotStatus.swift,\ ApplicationScreenViewPublisher.swift,\ PostHogScreenViewIntegration.swift,\ BottomSection.swift,\ ConfirmationMessage.swift,\ PostHogDisplaySurvey.swift,\ PostHogDisplaySurveyAppearance.swift,\ PostHogDisplaySurveyQuestion.swift,\ PostHogNextSurveyQuestion.swift,\ PostHogSurveyResponse.swift,\ PostHogSurveyIntegration.swift,\ PostHogSurveysConfig.swift,\ PostHogSurveysDefaultDelegate.swift,\ QuestionHeader.swift,\ QuestionTypes.swift,\ SurveyDisplayController.swift,\ SurveySheet.swift,\ SurveysRootView.swift,\ SurveysWindow.swift,\ EdgeBorder.swift,\ EmojiRating.swift,\ MultipleChoiceOptions.swift,\ NumberRating.swift,\ Resources.swift,\ SegmentedControl.swift,\ Survey+Util.swift,\ SurveyButton.swift,\ SurveyPresentationDetentsRepresentable.swift,\ SwiftUI+Util.swift,\ PostHogDeepLinkListener.swift,\ PostHogMaskViewModifier.swift,\ PostHogNoMaskViewModifier.swift,\ PostHogSwiftUIViewModifiers.swift,\ PostHogTagViewModifier.swift,\ UIViewController.swift,\ AssociatedKeys.swift,\ Data+Gzip.swift,\ DateUtils.swift,\ DictUtils.swift,\ Errors.swift,\ FileUtils.swift,\ Hedgelog.swift,\ PostHogMulticastCallback.swift,\ Reachability.swift,\ TimeBasedEpochGenerator.swift,\ UIApplication+.swift,\ UIImage+WebP.swift,\ UIWindow+.swift,\ UUIDUtils.swift /Users/jasonlee/Library/Developer/Xcode/DerivedData/Notch-ddzsfiyxyoauidejndllmosklbkq/Build/Intermediates.noindex/PostHog.build/Release/PostHog.build/DerivedSources/resource_bundle_accessor.swift /Users/jasonlee/Library/Developer/Xcode/DerivedData/Notch-ddzsfiyxyoauidejndllmosklbkq/SourcePackages/checkouts/posthog-ios/PostHog/AppLifeCycle/ApplicationLifecyclePublisher.swift /Users/jasonlee/Library/Developer/Xcode/DerivedData/Notch-ddzsfiyxyoauidejndllmosklbkq/SourcePackages/checkouts/posthog-ios/PostHog/AppLifeCycle/PostHogAppLifeCycleIntegration.swift /Users/jasonlee/Library/Developer/Xcode/DerivedData/Notch-ddzsfiyxyoauidejndllmosklbkq/SourcePackages/checkouts/posthog-ios/PostHog/AppLifeCycle/PostHogDeepLinkHelper.swift /Users/jasonlee/Library/Developer/Xcode/DerivedData/Notch-ddzsfiyxyoauidejndllmosklbkq/SourcePackages/checkouts/posthog-ios/PostHog/ApplicationViewLayoutPublisher.swift /Users/jasonlee/Library/Developer/Xcode/DerivedData/Notch-ddzsfiyxyoauidejndllmosklbkq/SourcePackages/checkouts/posthog-ios/PostHog/Autocapture/AutocaptureEventProcessing.swift /Users/jasonlee/Library/Developer/Xcode/DerivedData/Notch-ddzsfiyxyoauidejndllmosklbkq/SourcePackages/checkouts/posthog-ios/PostHog/Autocapture/ForwardingPickerViewDelegate.swift /Users/jasonlee/Library/Developer/Xcode/DerivedData/Notch-ddzsfiyxyoauidejndllmosklbkq/SourcePackages/checkouts/posthog-ios/PostHog/Autocapture/PostHogAutocaptureEventTracker.swift /Users/jasonlee/Library/Developer/Xcode/DerivedData/Notch-ddzsfiyxyoauidejndllmosklbkq/SourcePackages/checkouts/posthog-ios/PostHog/Autocapture/PostHogAutocaptureIntegration.swift /Users/jasonlee/Library/Developer/Xcode/DerivedData/Notch-ddzsfiyxyoauidejndllmosklbkq/SourcePackages/checkouts/posthog-ios/PostHog/Autocapture/SwiftUI/View+PostHogLabel.swift /Users/jasonlee/Library/Developer/Xcode/DerivedData/Notch-ddzsfiyxyoauidejndllmosklbkq/SourcePackages/checkouts/posthog-ios/PostHog/Autocapture/UIView+PostHogLabel.swift /Users/jasonlee/Library/Developer/Xcode/DerivedData/Notch-ddzsfiyxyoauidejndllmosklbkq/SourcePackages/checkouts/posthog-ios/PostHog/DI.swift /Users/jasonlee/Library/Developer/Xcode/DerivedData/Notch-ddzsfiyxyoauidejndllmosklbkq/SourcePackages/checkouts/posthog-ios/PostHog/ErrorTracking/Models/PostHogBinaryImageInfo.swift /Users/jasonlee/Library/Developer/Xcode/DerivedData/Notch-ddzsfiyxyoauidejndllmosklbkq/SourcePackages/checkouts/posthog-ios/PostHog/ErrorTracking/Models/PostHogStackFrame.swift /Users/jasonlee/Library/Developer/Xcode/DerivedData/Notch-ddzsfiyxyoauidejndllmosklbkq/SourcePackages/checkouts/posthog-ios/PostHog/ErrorTracking/PostHogCrashReportProcessor.swift /Users/jasonlee/Library/Developer/Xcode/DerivedData/Notch-ddzsfiyxyoauidejndllmosklbkq/SourcePackages/checkouts/posthog-ios/PostHog/ErrorTracking/PostHogErrorTrackingAutoCaptureIntegration.swift /Users/jasonlee/Library/Developer/Xcode/DerivedData/Notch-ddzsfiyxyoauidejndllmosklbkq/SourcePackages/checkouts/posthog-ios/PostHog/ErrorTracking/PostHogErrorTrackingConfig.swift /Users/jasonlee/Library/Developer/Xcode/DerivedData/Notch-ddzsfiyxyoauidejndllmosklbkq/SourcePackages/checkouts/posthog-ios/PostHog/ErrorTracking/PostHogExceptionProcessor.swift /Users/jasonlee/Library/Developer/Xcode/DerivedData/Notch-ddzsfiyxyoauidejndllmosklbkq/SourcePackages/checkouts/posthog-ios/PostHog/ErrorTracking/Utils/PostHogDebugImageProvider.swift /Users/jasonlee/Library/Developer/Xcode/DerivedData/Notch-ddzsfiyxyoauidejndllmosklbkq/SourcePackages/checkouts/posthog-ios/PostHog/ErrorTracking/Utils/PostHogErrorTrackingUtils.swift /Users/jasonlee/Library/Developer/Xcode/DerivedData/Notch-ddzsfiyxyoauidejndllmosklbkq/SourcePackages/checkouts/posthog-ios/PostHog/ErrorTracking/Utils/PostHogStackTraceProcessor.swift /Users/jasonlee/Library/Developer/Xcode/DerivedData/Notch-ddzsfiyxyoauidejndllmosklbkq/SourcePackages/checkouts/posthog-ios/PostHog/Models/PostHogEvent.swift /Users/jasonlee/Library/Developer/Xcode/DerivedData/Notch-ddzsfiyxyoauidejndllmosklbkq/SourcePackages/checkouts/posthog-ios/PostHog/Models/PostHogFeatureFlagResult.swift /Users/jasonlee/Library/Developer/Xcode/DerivedData/Notch-ddzsfiyxyoauidejndllmosklbkq/SourcePackages/checkouts/posthog-ios/PostHog/Models/Surveys/PostHogSurvey+Display.swift /Users/jasonlee/Library/Developer/Xcode/DerivedData/Notch-ddzsfiyxyoauidejndllmosklbkq/SourcePackages/checkouts/posthog-ios/PostHog/Models/Surveys/PostHogSurvey.swift /Users/jasonlee/Library/Developer/Xcode/DerivedData/Notch-ddzsfiyxyoauidejndllmosklbkq/SourcePackages/checkouts/posthog-ios/PostHog/Models/Surveys/PostHogSurveyAppearance.swift /Users/jasonlee/Library/Developer/Xcode/DerivedData/Notch-ddzsfiyxyoauidejndllmosklbkq/SourcePackages/checkouts/posthog-ios/PostHog/Models/Surveys/PostHogSurveyConditions.swift /Users/jasonlee/Library/Developer/Xcode/DerivedData/Notch-ddzsfiyxyoauidejndllmosklbkq/SourcePackages/checkouts/posthog-ios/PostHog/Models/Surveys/PostHogSurveyEnums.swift /Users/jasonlee/Library/Developer/Xcode/DerivedData/Notch-ddzsfiyxyoauidejndllmosklbkq/SourcePackages/checkouts/posthog-ios/PostHog/Models/Surveys/PostHogSurveyQuestion.swift /Users/jasonlee/Library/Developer/Xcode/DerivedData/Notch-ddzsfiyxyoauidejndllmosklbkq/SourcePackages/checkouts/posthog-ios/PostHog/PostHogApi.swift /Users/jasonlee/Library/Developer/Xcode/DerivedData/Notch-ddzsfiyxyoauidejndllmosklbkq/SourcePackages/checkouts/posthog-ios/PostHog/PostHogBatchUploadInfo.swift /Users/jasonlee/Library/Developer/Xcode/DerivedData/Notch-ddzsfiyxyoauidejndllmosklbkq/SourcePackages/checkouts/posthog-ios/PostHog/PostHogConfig.swift /Users/jasonlee/Library/Developer/Xcode/DerivedData/Notch-ddzsfiyxyoauidejndllmosklbkq/SourcePackages/checkouts/posthog-ios/PostHog/PostHogConsumerPayload.swift /Users/jasonlee/Library/Developer/Xcode/DerivedData/Notch-ddzsfiyxyoauidejndllmosklbkq/SourcePackages/checkouts/posthog-ios/PostHog/PostHogContext.swift /Users/jasonlee/Library/Developer/Xcode/DerivedData/Notch-ddzsfiyxyoauidejndllmosklbkq/SourcePackages/checkouts/posthog-ios/PostHog/PostHogExtensions.swift /Users/jasonlee/Library/Developer/Xcode/DerivedData/Notch-ddzsfiyxyoauidejndllmosklbkq/SourcePackages/checkouts/posthog-ios/PostHog/PostHogFileBackedQueue.swift /Users/jasonlee/Library/Developer/Xcode/DerivedData/Notch-ddzsfiyxyoauidejndllmosklbkq/SourcePackages/checkouts/posthog-ios/PostHog/PostHogIntegration.swift /Users/jasonlee/Library/Developer/Xcode/DerivedData/Notch-ddzsfiyxyoauidejndllmosklbkq/SourcePackages/checkouts/posthog-ios/PostHog/PostHogLegacyQueue.swift /Users/jasonlee/Library/Developer/Xcode/DerivedData/Notch-ddzsfiyxyoauidejndllmosklbkq/SourcePackages/checkouts/posthog-ios/PostHog/PostHogPersonProfiles.swift /Users/jasonlee/Library/Developer/Xcode/DerivedData/Notch-ddzsfiyxyoauidejndllmosklbkq/SourcePackages/checkouts/posthog-ios/PostHog/PostHogPropertiesSanitizer.swift /Users/jasonlee/Library/Developer/Xcode/DerivedData/Notch-ddzsfiyxyoauidejndllmosklbkq/SourcePackages/checkouts/posthog-ios/PostHog/PostHogQueue.swift /Users/jasonlee/Library/Developer/Xcode/DerivedData/Notch-ddzsfiyxyoauidejndllmosklbkq/SourcePackages/checkouts/posthog-ios/PostHog/PostHogRemoteConfig.swift /Users/jasonlee/Library/Developer/Xcode/DerivedData/Notch-ddzsfiyxyoauidejndllmosklbkq/SourcePackages/checkouts/posthog-ios/PostHog/PostHogSDK.swift /Users/jasonlee/Library/Developer/Xcode/DerivedData/Notch-ddzsfiyxyoauidejndllmosklbkq/SourcePackages/checkouts/posthog-ios/PostHog/PostHogSessionManager.swift /Users/jasonlee/Library/Developer/Xcode/DerivedData/Notch-ddzsfiyxyoauidejndllmosklbkq/SourcePackages/checkouts/posthog-ios/PostHog/PostHogStorage.swift /Users/jasonlee/Library/Developer/Xcode/DerivedData/Notch-ddzsfiyxyoauidejndllmosklbkq/SourcePackages/checkouts/posthog-ios/PostHog/PostHogStorageManager.swift /Users/jasonlee/Library/Developer/Xcode/DerivedData/Notch-ddzsfiyxyoauidejndllmosklbkq/SourcePackages/checkouts/posthog-ios/PostHog/PostHogSwizzler.swift /Users/jasonlee/Library/Developer/Xcode/DerivedData/Notch-ddzsfiyxyoauidejndllmosklbkq/SourcePackages/checkouts/posthog-ios/PostHog/PostHogVersion.swift /Users/jasonlee/Library/Developer/Xcode/DerivedData/Notch-ddzsfiyxyoauidejndllmosklbkq/SourcePackages/checkouts/posthog-ios/PostHog/Replay/ApplicationEventPublisher.swift /Users/jasonlee/Library/Developer/Xcode/DerivedData/Notch-ddzsfiyxyoauidejndllmosklbkq/SourcePackages/checkouts/posthog-ios/PostHog/Replay/CGColor+Util.swift /Users/jasonlee/Library/Developer/Xcode/DerivedData/Notch-ddzsfiyxyoauidejndllmosklbkq/SourcePackages/checkouts/posthog-ios/PostHog/Replay/CGSize+Util.swift /Users/jasonlee/Library/Developer/Xcode/DerivedData/Notch-ddzsfiyxyoauidejndllmosklbkq/SourcePackages/checkouts/posthog-ios/PostHog/Replay/Date+Util.swift /Users/jasonlee/Library/Developer/Xcode/DerivedData/Notch-ddzsfiyxyoauidejndllmosklbkq/SourcePackages/checkouts/posthog-ios/PostHog/Replay/Float+Util.swift /Users/jasonlee/Library/Developer/Xcode/DerivedData/Notch-ddzsfiyxyoauidejndllmosklbkq/SourcePackages/checkouts/posthog-ios/PostHog/Replay/MethodSwizzler.swift /Users/jasonlee/Library/Developer/Xcode/DerivedData/Notch-ddzsfiyxyoauidejndllmosklbkq/SourcePackages/checkouts/posthog-ios/PostHog/Replay/NetworkSample.swift /Users/jasonlee/Library/Developer/Xcode/DerivedData/Notch-ddzsfiyxyoauidejndllmosklbkq/SourcePackages/checkouts/posthog-ios/PostHog/Replay/Optional+Util.swift /Users/jasonlee/Library/Developer/Xcode/DerivedData/Notch-ddzsfiyxyoauidejndllmosklbkq/SourcePackages/checkouts/posthog-ios/PostHog/Replay/Plugins/Console\ Logs/PostHogConsoleLogInterceptor.swift /Users/jasonlee/Library/Developer/Xcode/DerivedData/Notch-ddzsfiyxyoauidejndllmosklbkq/SourcePackages/checkouts/posthog-ios/PostHog/Replay/Plugins/Console\ Logs/PostHogLogEntry.swift /Users/jasonlee/Library/Developer/Xcode/DerivedData/Notch-ddzsfiyxyoauidejndllmosklbkq/SourcePackages/checkouts/posthog-ios/PostHog/Replay/Plugins/Console\ Logs/PostHogLogLevel.swift /Users/jasonlee/Library/Developer/Xcode/DerivedData/Notch-ddzsfiyxyoauidejndllmosklbkq/SourcePackages/checkouts/posthog-ios/PostHog/Replay/Plugins/Console\ Logs/PostHogSessionReplayConsoleLogsPlugin.swift /Users/jasonlee/Library/Developer/Xcode/DerivedData/Notch-ddzsfiyxyoauidejndllmosklbkq/SourcePackages/checkouts/posthog-ios/PostHog/Replay/Plugins/Network/PostHogSessionReplayNetworkPlugin.swift /Users/jasonlee/Library/Developer/Xcode/DerivedData/Notch-ddzsfiyxyoauidejndllmosklbkq/SourcePackages/checkouts/posthog-ios/PostHog/Replay/Plugins/Network/URLSessionExtension.swift /Users/jasonlee/Library/Developer/Xcode/DerivedData/Notch-ddzsfiyxyoauidejndllmosklbkq/SourcePackages/checkouts/posthog-ios/PostHog/Replay/Plugins/Network/URLSessionInterceptor.swift /Users/jasonlee/Library/Developer/Xcode/DerivedData/Notch-ddzsfiyxyoauidejndllmosklbkq/SourcePackages/checkouts/posthog-ios/PostHog/Replay/Plugins/Network/URLSessionSwizzler.swift /Users/jasonlee/Library/Developer/Xcode/DerivedData/Notch-ddzsfiyxyoauidejndllmosklbkq/SourcePackages/checkouts/posthog-ios/PostHog/Replay/Plugins/PostHogSessionReplayPlugin.swift /Users/jasonlee/Library/Developer/Xcode/DerivedData/Notch-ddzsfiyxyoauidejndllmosklbkq/SourcePackages/checkouts/posthog-ios/PostHog/Replay/PostHogReplayIntegration.swift /Users/jasonlee/Library/Developer/Xcode/DerivedData/Notch-ddzsfiyxyoauidejndllmosklbkq/SourcePackages/checkouts/posthog-ios/PostHog/Replay/PostHogSampling.swift /Users/jasonlee/Library/Developer/Xcode/DerivedData/Notch-ddzsfiyxyoauidejndllmosklbkq/SourcePackages/checkouts/posthog-ios/PostHog/Replay/PostHogSessionReplayConfig.swift /Users/jasonlee/Library/Developer/Xcode/DerivedData/Notch-ddzsfiyxyoauidejndllmosklbkq/SourcePackages/checkouts/posthog-ios/PostHog/Replay/PostHogSessionReplayConsoleLogConfig.swift /Users/jasonlee/Library/Developer/Xcode/DerivedData/Notch-ddzsfiyxyoauidejndllmosklbkq/SourcePackages/checkouts/posthog-ios/PostHog/Replay/RRStyle.swift /Users/jasonlee/Library/Developer/Xcode/DerivedData/Notch-ddzsfiyxyoauidejndllmosklbkq/SourcePackages/checkouts/posthog-ios/PostHog/Replay/RRWireframe.swift /Users/jasonlee/Library/Developer/Xcode/DerivedData/Notch-ddzsfiyxyoauidejndllmosklbkq/SourcePackages/checkouts/posthog-ios/PostHog/Replay/String+Util.swift /Users/jasonlee/Library/Developer/Xcode/DerivedData/Notch-ddzsfiyxyoauidejndllmosklbkq/SourcePackages/checkouts/posthog-ios/PostHog/Replay/UIColor+Util.swift /Users/jasonlee/Library/Developer/Xcode/DerivedData/Notch-ddzsfiyxyoauidejndllmosklbkq/SourcePackages/checkouts/posthog-ios/PostHog/Replay/UIImage+Util.swift /Users/jasonlee/Library/Developer/Xcode/DerivedData/Notch-ddzsfiyxyoauidejndllmosklbkq/SourcePackages/checkouts/posthog-ios/PostHog/Replay/UITextInputTraits+Util.swift /Users/jasonlee/Library/Developer/Xcode/DerivedData/Notch-ddzsfiyxyoauidejndllmosklbkq/SourcePackages/checkouts/posthog-ios/PostHog/Replay/UIView+Util.swift /Users/jasonlee/Library/Developer/Xcode/DerivedData/Notch-ddzsfiyxyoauidejndllmosklbkq/SourcePackages/checkouts/posthog-ios/PostHog/Replay/ViewTreeSnapshotStatus.swift /Users/jasonlee/Library/Developer/Xcode/DerivedData/Notch-ddzsfiyxyoauidejndllmosklbkq/SourcePackages/checkouts/posthog-ios/PostHog/ScreenViews/ApplicationScreenViewPublisher.swift /Users/jasonlee/Library/Developer/Xcode/DerivedData/Notch-ddzsfiyxyoauidejndllmosklbkq/SourcePackages/checkouts/posthog-ios/PostHog/ScreenViews/PostHogScreenViewIntegration.swift /Users/jasonlee/Library/Developer/Xcode/DerivedData/Notch-ddzsfiyxyoauidejndllmosklbkq/SourcePackages/checkouts/posthog-ios/PostHog/Surveys/BottomSection.swift /Users/jasonlee/Library/Developer/Xcode/DerivedData/Notch-ddzsfiyxyoauidejndllmosklbkq/SourcePackages/checkouts/posthog-ios/PostHog/Surveys/ConfirmationMessage.swift /Users/jasonlee/Library/Developer/Xcode/DerivedData/Notch-ddzsfiyxyoauidejndllmosklbkq/SourcePackages/checkouts/posthog-ios/PostHog/Surveys/Models/PostHogDisplaySurvey.swift /Users/jasonlee/Library/Developer/Xcode/DerivedData/Notch-ddzsfiyxyoauidejndllmosklbkq/SourcePackages/checkouts/posthog-ios/PostHog/Surveys/Models/PostHogDisplaySurveyAppearance.swift /Users/jasonlee/Library/Developer/Xcode/DerivedData/Notch-ddzsfiyxyoauidejndllmosklbkq/SourcePackages/checkouts/posthog-ios/PostHog/Surveys/Models/PostHogDisplaySurveyQuestion.swift /Users/jasonlee/Library/Developer/Xcode/DerivedData/Notch-ddzsfiyxyoauidejndllmosklbkq/SourcePackages/checkouts/posthog-ios/PostHog/Surveys/Models/PostHogNextSurveyQuestion.swift /Users/jasonlee/Library/Developer/Xcode/DerivedData/Notch-ddzsfiyxyoauidejndllmosklbkq/SourcePackages/checkouts/posthog-ios/PostHog/Surveys/Models/PostHogSurveyResponse.swift /Users/jasonlee/Library/Developer/Xcode/DerivedData/Notch-ddzsfiyxyoauidejndllmosklbkq/SourcePackages/checkouts/posthog-ios/PostHog/Surveys/PostHogSurveyIntegration.swift /Users/jasonlee/Library/Developer/Xcode/DerivedData/Notch-ddzsfiyxyoauidejndllmosklbkq/SourcePackages/checkouts/posthog-ios/PostHog/Surveys/PostHogSurveysConfig.swift /Users/jasonlee/Library/Developer/Xcode/DerivedData/Notch-ddzsfiyxyoauidejndllmosklbkq/SourcePackages/checkouts/posthog-ios/PostHog/Surveys/PostHogSurveysDefaultDelegate.swift /Users/jasonlee/Library/Developer/Xcode/DerivedData/Notch-ddzsfiyxyoauidejndllmosklbkq/SourcePackages/checkouts/posthog-ios/PostHog/Surveys/QuestionHeader.swift /Users/jasonlee/Library/Developer/Xcode/DerivedData/Notch-ddzsfiyxyoauidejndllmosklbkq/SourcePackages/checkouts/posthog-ios/PostHog/Surveys/QuestionTypes.swift /Users/jasonlee/Library/Developer/Xcode/DerivedData/Notch-ddzsfiyxyoauidejndllmosklbkq/SourcePackages/checkouts/posthog-ios/PostHog/Surveys/SurveyDisplayController.swift /Users/jasonlee/Library/Developer/Xcode/DerivedData/Notch-ddzsfiyxyoauidejndllmosklbkq/SourcePackages/checkouts/posthog-ios/PostHog/Surveys/SurveySheet.swift /Users/jasonlee/Library/Developer/Xcode/DerivedData/Notch-ddzsfiyxyoauidejndllmosklbkq/SourcePackages/checkouts/posthog-ios/PostHog/Surveys/SurveysRootView.swift /Users/jasonlee/Library/Developer/Xcode/DerivedData/Notch-ddzsfiyxyoauidejndllmosklbkq/SourcePackages/checkouts/posthog-ios/PostHog/Surveys/SurveysWindow.swift /Users/jasonlee/Library/Developer/Xcode/DerivedData/Notch-ddzsfiyxyoauidejndllmosklbkq/SourcePackages/checkouts/posthog-ios/PostHog/Surveys/Utils/EdgeBorder.swift /Users/jasonlee/Library/Developer/Xcode/DerivedData/Notch-ddzsfiyxyoauidejndllmosklbkq/SourcePackages/checkouts/posthog-ios/PostHog/Surveys/Utils/EmojiRating.swift /Users/jasonlee/Library/Developer/Xcode/DerivedData/Notch-ddzsfiyxyoauidejndllmosklbkq/SourcePackages/checkouts/posthog-ios/PostHog/Surveys/Utils/MultipleChoiceOptions.swift /Users/jasonlee/Library/Developer/Xcode/DerivedData/Notch-ddzsfiyxyoauidejndllmosklbkq/SourcePackages/checkouts/posthog-ios/PostHog/Surveys/Utils/NumberRating.swift /Users/jasonlee/Library/Developer/Xcode/DerivedData/Notch-ddzsfiyxyoauidejndllmosklbkq/SourcePackages/checkouts/posthog-ios/PostHog/Surveys/Utils/Resources.swift /Users/jasonlee/Library/Developer/Xcode/DerivedData/Notch-ddzsfiyxyoauidejndllmosklbkq/SourcePackages/checkouts/posthog-ios/PostHog/Surveys/Utils/SegmentedControl.swift /Users/jasonlee/Library/Developer/Xcode/DerivedData/Notch-ddzsfiyxyoauidejndllmosklbkq/SourcePackages/checkouts/posthog-ios/PostHog/Surveys/Utils/Survey+Util.swift /Users/jasonlee/Library/Developer/Xcode/DerivedData/Notch-ddzsfiyxyoauidejndllmosklbkq/SourcePackages/checkouts/posthog-ios/PostHog/Surveys/Utils/SurveyButton.swift /Users/jasonlee/Library/Developer/Xcode/DerivedData/Notch-ddzsfiyxyoauidejndllmosklbkq/SourcePackages/checkouts/posthog-ios/PostHog/Surveys/Utils/SurveyPresentationDetentsRepresentable.swift /Users/jasonlee/Library/Developer/Xcode/DerivedData/Notch-ddzsfiyxyoauidejndllmosklbkq/SourcePackages/checkouts/posthog-ios/PostHog/Surveys/Utils/SwiftUI+Util.swift /Users/jasonlee/Library/Developer/Xcode/DerivedData/Notch-ddzsfiyxyoauidejndllmosklbkq/SourcePackages/checkouts/posthog-ios/PostHog/SwiftUI/PostHogDeepLinkListener.swift /Users/jasonlee/Library/Developer/Xcode/DerivedData/Notch-ddzsfiyxyoauidejndllmosklbkq/SourcePackages/checkouts/posthog-ios/PostHog/SwiftUI/PostHogMaskViewModifier.swift /Users/jasonlee/Library/Developer/Xcode/DerivedData/Notch-ddzsfiyxyoauidejndllmosklbkq/SourcePackages/checkouts/posthog-ios/PostHog/SwiftUI/PostHogNoMaskViewModifier.swift /Users/jasonlee/Library/Developer/Xcode/DerivedData/Notch-ddzsfiyxyoauidejndllmosklbkq/SourcePackages/checkouts/posthog-ios/PostHog/SwiftUI/PostHogSwiftUIViewModifiers.swift /Users/jasonlee/Library/Developer/Xcode/DerivedData/Notch-ddzsfiyxyoauidejndllmosklbkq/SourcePackages/checkouts/posthog-ios/PostHog/SwiftUI/PostHogTagViewModifier.swift /Users/jasonlee/Library/Developer/Xcode/DerivedData/Notch-ddzsfiyxyoauidejndllmosklbkq/SourcePackages/checkouts/posthog-ios/PostHog/UIViewController.swift /Users/jasonlee/Library/Developer/Xcode/DerivedData/Notch-ddzsfiyxyoauidejndllmosklbkq/SourcePackages/checkouts/posthog-ios/PostHog/Utils/AssociatedKeys.swift /Users/jasonlee/Library/Developer/Xcode/DerivedData/Notch-ddzsfiyxyoauidejndllmosklbkq/SourcePackages/checkouts/posthog-ios/PostHog/Utils/Data+Gzip.swift /Users/jasonlee/Library/Developer/Xcode/DerivedData/Notch-ddzsfiyxyoauidejndllmosklbkq/SourcePackages/checkouts/posthog-ios/PostHog/Utils/DateUtils.swift /Users/jasonlee/Library/Developer/Xcode/DerivedData/Notch-ddzsfiyxyoauidejndllmosklbkq/SourcePackages/checkouts/posthog-ios/PostHog/Utils/DictUtils.swift /Users/jasonlee/Library/Developer/Xcode/DerivedData/Notch-ddzsfiyxyoauidejndllmosklbkq/SourcePackages/checkouts/posthog-ios/PostHog/Utils/Errors.swift /Users/jasonlee/Library/Developer/Xcode/DerivedData/Notch-ddzsfiyxyoauidejndllmosklbkq/SourcePackages/checkouts/posthog-ios/PostHog/Utils/FileUtils.swift /Users/jasonlee/Library/Developer/Xcode/DerivedData/Notch-ddzsfiyxyoauidejndllmosklbkq/SourcePackages/checkouts/posthog-ios/PostHog/Utils/Hedgelog.swift /Users/jasonlee/Library/Developer/Xcode/DerivedData/Notch-ddzsfiyxyoauidejndllmosklbkq/SourcePackages/checkouts/posthog-ios/PostHog/Utils/PostHogMulticastCallback.swift /Users/jasonlee/Library/Developer/Xcode/DerivedData/Notch-ddzsfiyxyoauidejndllmosklbkq/SourcePackages/checkouts/posthog-ios/PostHog/Utils/Reachability.swift /Users/jasonlee/Library/Developer/Xcode/DerivedData/Notch-ddzsfiyxyoauidejndllmosklbkq/SourcePackages/checkouts/posthog-ios/PostHog/Utils/TimeBasedEpochGenerator.swift /Users/jasonlee/Library/Developer/Xcode/DerivedData/Notch-ddzsfiyxyoauidejndllmosklbkq/SourcePackages/checkouts/posthog-ios/PostHog/Utils/UIApplication+.swift /Users/jasonlee/Library/Developer/Xcode/DerivedData/Notch-ddzsfiyxyoauidejndllmosklbkq/SourcePackages/checkouts/posthog-ios/PostHog/Utils/UIImage+WebP.swift /Users/jasonlee/Library/Developer/Xcode/DerivedData/Notch-ddzsfiyxyoauidejndllmosklbkq/SourcePackages/checkouts/posthog-ios/PostHog/Utils/UIWindow+.swift /Users/jasonlee/Library/Developer/Xcode/DerivedData/Notch-ddzsfiyxyoauidejndllmosklbkq/SourcePackages/checkouts/posthog-ios/PostHog/Utils/UUIDUtils.swift /Applications/Xcode.app/Contents/Developer/Toolchains/XcodeDefault.xctoolchain/usr/lib/swift/macosx/prebuilt-modules/26.4/Accessibility.swiftmodule/x86_64-apple-macos.swiftmodule /Applications/Xcode.app/Contents/Developer/Toolchains/XcodeDefault.xctoolchain/usr/lib/swift/macosx/prebuilt-modules/26.4/Dispatch.swiftmodule/x86_64-apple-macos.swiftmodule /Applications/Xcode.app/Contents/Developer/Toolchains/XcodeDefault.xctoolchain/usr/lib/swift/macosx/prebuilt-modules/26.4/Combine.swiftmodule/x86_64-apple-macos.swiftmodule /Applications/Xcode.app/Contents/Developer/Toolchains/XcodeDefault.xctoolchain/usr/lib/swift/macosx/prebuilt-modules/26.4/System.swiftmodule/x86_64-apple-macos.swiftmodule /Applications/Xcode.app/Contents/Developer/Toolchains/XcodeDefault.xctoolchain/usr/lib/swift/macosx/prebuilt-modules/26.4/_Concurrency.swiftmodule/x86_64-apple-macos.swiftmodule /Applications/Xcode.app/Contents/Developer/Toolchains/XcodeDefault.xctoolchain/usr/lib/swift/macosx/prebuilt-modules/26.4/os.swiftmodule/x86_64-apple-macos.swiftmodule /Applications/Xcode.app/Contents/Developer/Toolchains/XcodeDefault.xctoolchain/usr/lib/swift/macosx/prebuilt-modules/26.4/DeveloperToolsSupport.swiftmodule/x86_64-apple-macos.swiftmodule /Applications/Xcode.app/Contents/Developer/Toolchains/XcodeDefault.xctoolchain/usr/lib/swift/macosx/prebuilt-modules/26.4/_DarwinFoundation1.swiftmodule/x86_64-apple-macos.swiftmodule /Applications/Xcode.app/Contents/Developer/Toolchains/XcodeDefault.xctoolchain/usr/lib/swift/macosx/prebuilt-modules/26.4/CoreText.swiftmodule/x86_64-apple-macos.swiftmodule /Applications/Xcode.app/Contents/Developer/Toolchains/XcodeDefault.xctoolchain/usr/lib/swift/macosx/prebuilt-modules/26.4/_Builtin_float.swiftmodule/x86_64-apple-macos.swiftmodule /Applications/Xcode.app/Contents/Developer/Toolchains/XcodeDefault.xctoolchain/usr/lib/swift/macosx/prebuilt-modules/26.4/Observation.swiftmodule/x86_64-apple-macos.swiftmodule /Applications/Xcode.app/Contents/Developer/Toolchains/XcodeDefault.xctoolchain/usr/lib/swift/macosx/prebuilt-modules/26.4/SwiftUI.swiftmodule/x86_64-apple-macos.swiftmodule /Applications/Xcode.app/Contents/Developer/Toolchains/XcodeDefault.xctoolchain/usr/lib/swift/macosx/prebuilt-modules/26.4/Foundation.swiftmodule/x86_64-apple-macos.swiftmodule /Applications/Xcode.app/Contents/Developer/Toolchains/XcodeDefault.xctoolchain/usr/lib/swift/macosx/prebuilt-modules/26.4/UniformTypeIdentifiers.swiftmodule/x86_64-apple-macos.swiftmodule /Applications/Xcode.app/Contents/Developer/Toolchains/XcodeDefault.xctoolchain/usr/lib/swift/macosx/prebuilt-modules/26.4/QuartzCore.swiftmodule/x86_64-apple-macos.swiftmodule /Applications/Xcode.app/Contents/Developer/Toolchains/XcodeDefault.xctoolchain/usr/lib/swift/macosx/prebuilt-modules/26.4/Swift.swiftmodule/x86_64-apple-macos.swiftmodule /Applications/Xcode.app/Contents/Developer/Toolchains/XcodeDefault.xctoolchain/usr/lib/swift/macosx/prebuilt-modules/26.4/CoreImage.swiftmodule/x86_64-apple-macos.swiftmodule /Applications/Xcode.app/Contents/Developer/Toolchains/XcodeDefault.xctoolchain/usr/lib/swift/macosx/prebuilt-modules/26.4/CoreGraphics.swiftmodule/x86_64-apple-macos.swiftmodule /Applications/Xcode.app/Contents/Developer/Toolchains/XcodeDefault.xctoolchain/usr/lib/swift/macosx/prebuilt-modules/26.4/OSLog.swiftmodule/x86_64-apple-macos.swiftmodule /Applications/Xcode.app/Contents/Developer/Toolchains/XcodeDefault.xctoolchain/usr/lib/swift/macosx/prebuilt-modules/26.4/_DarwinFoundation3.swiftmodule/x86_64-apple-macos.swiftmodule /Applications/Xcode.app/Contents/Developer/Toolchains/XcodeDefault.xctoolchain/usr/lib/swift/macosx/prebuilt-modules/26.4/CoreData.swiftmodule/x86_64-apple-macos.swiftmodule /Applications/Xcode.app/Contents/Developer/Toolchains/XcodeDefault.xctoolchain/usr/lib/swift/macosx/prebuilt-modules/26.4/CoreFoundation.swiftmodule/x86_64-apple-macos.swiftmodule /Applications/Xcode.app/Contents/Developer/Toolchains/XcodeDefault.xctoolchain/usr/lib/swift/macosx/prebuilt-modules/26.4/IOKit.swiftmodule/x86_64-apple-macos.swiftmodule /Applications/Xcode.app/Contents/Developer/Toolchains/XcodeDefault.xctoolchain/usr/lib/swift/macosx/prebuilt-modules/26.4/Darwin.swiftmodule/x86_64-apple-macos.swiftmodule /Applications/Xcode.app/Contents/Developer/Toolchains/XcodeDefault.xctoolchain/usr/lib/swift/macosx/prebuilt-modules/26.4/ObjectiveC.swiftmodule/x86_64-apple-macos.swiftmodule /Applications/Xcode.app/Contents/Developer/Toolchains/XcodeDefault.xctoolchain/usr/lib/swift/macosx/prebuilt-modules/26.4/SwiftUICore.swiftmodule/x86_64-apple-macos.swiftmodule /Applications/Xcode.app/Contents/Developer/Toolchains/XcodeDefault.xctoolchain/usr/lib/swift/macosx/prebuilt-modules/26.4/AppKit.swiftmodule/x86_64-apple-macos.swiftmodule /Applications/Xcode.app/Contents/Developer/Toolchains/XcodeDefault.xctoolchain/usr/lib/swift/macosx/prebuilt-modules/26.4/XPC.swiftmodule/x86_64-apple-macos.swiftmodule /Applications/Xcode.app/Contents/Developer/Toolchains/XcodeDefault.xctoolchain/usr/lib/swift/macosx/prebuilt-modules/26.4/Metal.swiftmodule/x86_64-apple-macos.swiftmodule /Applications/Xcode.app/Contents/Developer/Toolchains/XcodeDefault.xctoolchain/usr/lib/swift/macosx/prebuilt-modules/26.4/Spatial.swiftmodule/x86_64-apple-macos.swiftmodule /Applications/Xcode.app/Contents/Developer/Toolchains/XcodeDefault.xctoolchain/usr/lib/swift/macosx/prebuilt-modules/26.4/_DarwinFoundation2.swiftmodule/x86_64-apple-macos.swiftmodule /Applications/Xcode.app/Contents/Developer/Toolchains/XcodeDefault.xctoolchain/usr/lib/swift/macosx/prebuilt-modules/26.4/CoreTransferable.swiftmodule/x86_64-apple-macos.swiftmodule /Applications/Xcode.app/Contents/Developer/Toolchains/XcodeDefault.xctoolchain/usr/lib/swift/macosx/prebuilt-modules/26.4/CoreVideo.swiftmodule/x86_64-apple-macos.swiftmodule /Applications/Xcode.app/Contents/Developer/Toolchains/XcodeDefault.xctoolchain/usr/lib/swift/macosx/prebuilt-modules/26.4/Symbols.swiftmodule/x86_64-apple-macos.swiftmodule /Applications/Xcode.app/Contents/Developer/Toolchains/XcodeDefault.xctoolchain/usr/lib/swift/macosx/prebuilt-modules/26.4/DataDetection.swiftmodule/x86_64-apple-macos.swiftmodule /Applications/Xcode.app/Contents/Developer/Toolchains/XcodeDefault.xctoolchain/usr/lib/swift/macosx/prebuilt-modules/26.4/_StringProcessing.swiftmodule/x86_64-apple-macos.swiftmodule /Applications/Xcode.app/Contents/Developer/Toolchains/XcodeDefault.xctoolchain/usr/lib/swift/macosx/prebuilt-modules/26.4/simd.swiftmodule/x86_64-apple-macos.swiftmodule /Users/jasonlee/Library/Developer/Xcode/DerivedData/ModuleCache.noindex/_Builtin_tgmath-4COQ42QDAPAESMC54JK1CZ4R.pcm /Users/jasonlee/Library/Developer/Xcode/DerivedData/ModuleCache.noindex/AppKit-13K4B1G4RJGEUMHM2XBJYFFZB.pcm /Users/jasonlee/Library/Developer/Xcode/DerivedData/ModuleCache.noindex/CoreVideo-5IOVJB9BWVGXL33T5Y2SK8AGC.pcm /Users/jasonlee/Library/Developer/Xcode/DerivedData/ModuleCache.noindex/_Builtin_intrinsics-5XWEW779UQF5QS0P1CL9QYJ6F.pcm /Users/jasonlee/Library/Developer/Xcode/DerivedData/ModuleCache.noindex/CoreImage-EF6EU006G3I1WKGTMQWPDBEBW.pcm /Users/jasonlee/Library/Developer/Xcode/DerivedData/ModuleCache.noindex/CoreText-D3HOB9MR6NH7N0X8EOUW3KP9W.pcm /Users/jasonlee/Library/Developer/Xcode/DerivedData/ModuleCache.noindex/SwiftShims-1ISGTXI0B0NX851Q4WY7525SE.pcm /Users/jasonlee/Library/Developer/Xcode/DerivedData/ModuleCache.noindex/os_workgroup-EKQBWC3U89Y4OJKNJD1LCFIH.pcm /Users/jasonlee/Library/Developer/Xcode/DerivedData/ModuleCache.noindex/_Builtin_float-D3PW8PONKS8RV0DXJWIC480FO.pcm /Users/jasonlee/Library/Developer/Xcode/DerivedData/ModuleCache.noindex/launch-DUFXTMT1BXOSVBYFM21L7E4JG.pcm /Users/jasonlee/Library/Developer/Xcode/DerivedData/ModuleCache.noindex/MachO-ATM1NWL8BLRIVCC12ASYNK41L.pcm /Users/jasonlee/Library/Developer/Xcode/DerivedData/ModuleCache.noindex/libDER-3ARBF7EU0YSX465GD49M8ON0F.pcm /Users/jasonlee/Library/Developer/Xcode/DerivedData/ModuleCache.noindex/IOKit-E5MWY895POA6I6ETKXCTZMP14.pcm /Users/jasonlee/Library/Developer/Xcode/DerivedData/ModuleCache.noindex/OpenGL-7ETTHG9FPYA845WR23B34EVYB.pcm /Users/jasonlee/Library/Developer/Xcode/DerivedData/ModuleCache.noindex/Accessibility-6107S9CHAHKFFWS6ADMLSBQU6.pcm /Users/jasonlee/Library/Developer/Xcode/DerivedData/ModuleCache.noindex/_DarwinFoundation1-8X1I2PW8R8SC0ZU23XBRS8C2I.pcm /Users/jasonlee/Library/Developer/Xcode/DerivedData/ModuleCache.noindex/libkern-ADFVSB151LM3NKCV99BUQZA27.pcm /Users/jasonlee/Library/Developer/Xcode/DerivedData/ModuleCache.noindex/CoreServices-84MBIWWVLFR0SEBUOK3Q4V876.pcm /Users/jasonlee/Library/Developer/Xcode/DerivedData/ModuleCache.noindex/CFNetwork-4RKCLZ95WH2067F61DT6CY8SF.pcm /Users/jasonlee/Library/Developer/Xcode/DerivedData/ModuleCache.noindex/IOSurface-1JT7K81EP56LMOO6PL3PXBNA8.pcm /Users/jasonlee/Library/Developer/Xcode/DerivedData/ModuleCache.noindex/CoreTransferable-2ZW4WOQSVS54FRPM4GR929WOI.pcm /Users/jasonlee/Library/Developer/Xcode/DerivedData/ModuleCache.noindex/SwiftUI-EBQFYPZHS6HYCHCD6FCJ2BXMJ.pcm /Users/jasonlee/Library/Developer/Xcode/DerivedData/ModuleCache.noindex/zlib-6VMLXEQRAFH0BV091M3K6BPYM.pcm /Users/jasonlee/Library/Developer/Xcode/DerivedData/ModuleCache.noindex/_Builtin_limits-F2RM3VIBV1V8UMWXAHYSZOCQC.pcm /Users/jasonlee/Library/Developer/Xcode/DerivedData/ModuleCache.noindex/QuartzCore-E7QMH3PM2AVI698VOMWSQ5RDT.pcm /Users/jasonlee/Library/Developer/Xcode/DerivedData/ModuleCache.noindex/os_object-B0P6TUVA4YZKJ2TZ8FBPLL889.pcm /Users/jasonlee/Library/Developer/Xcode/DerivedData/ModuleCache.noindex/DataDetection-9IQ64VS606YD49EP1X3SUZBXI.pcm /Users/jasonlee/Library/Developer/Xcode/DerivedData/ModuleCache.noindex/ImageIO-25869I3DHFSJX9HBJ3FRCZ187.pcm /Users/jasonlee/Library/Developer/Xcode/DerivedData/ModuleCache.noindex/sys_types-CVKKTSPDTAQCEDDRNNW6LQJGE.pcm /Users/jasonlee/Library/Developer/Xcode/DerivedData/ModuleCache.noindex/_AvailabilityInternal-E8P8TDU4XX8311TF7DW8PTDTV.pcm /Users/jasonlee/Library/Developer/Xcode/DerivedData/ModuleCache.noindex/_DarwinFoundation3-63V6MZC9FIDLSN0CQDXCSQ933.pcm /Users/jasonlee/Library/Developer/Xcode/DerivedData/ModuleCache.noindex/ptrauth-84MZA7V82DGI8MKXSUDG85G7D.pcm /Users/jasonlee/Library/Developer/Xcode/DerivedData/ModuleCache.noindex/CoreGraphics-D8TW7V35AMFKG3VMNDPG2JD2C.pcm /Users/jasonlee/Library/Developer/Xcode/DerivedData/ModuleCache.noindex/Dispatch-7M4TO5PYO2YD5FVEU67P22G9F.pcm /Users/jasonlee/Library/Developer/Xcode/DerivedData/ModuleCache.noindex/DiskArbitration-7TPDAGZT7BGIIWVA17RJDA3VG.pcm /Users/jasonlee/Library/Developer/Xcode/DerivedData/ModuleCache.noindex/CUPS-BW7T766U67KVW0RY03S24P26A.pcm /Users/jasonlee/Library/Developer/Xcode/DerivedData/ModuleCache.noindex/_DarwinFoundation2-3ZXYPAGPILV3KX5SLBLCLWXHX.pcm /Users/jasonlee/Library/Developer/Xcode/DerivedData/ModuleCache.noindex/SystemConfiguration-2GMV45HS0S5X2I9A9YTRQ2SLU.pcm /Users/jasonlee/Library/Developer/Xcode/DerivedData/ModuleCache.noindex/Spatial-2SPL6TVGETG763YKQNJJBNKCF.pcm /Users/jasonlee/Library/Developer/Xcode/DerivedData/ModuleCache.noindex/Darwin-8YZ6X96I015YWQW9HTMNA5UE2.pcm /Users/jasonlee/Library/Developer/Xcode/DerivedData/ModuleCache.noindex/SwiftUICore-7IS0C7W1QQKHQXHJSZGHGPXZ1.pcm /Users/jasonlee/Library/Developer/Xcode/DerivedData/ModuleCache.noindex/ObjectiveC-65N939C9HDYSFLS0OBE7IKJK5.pcm /Users/jasonlee/Library/Developer/Xcode/DerivedData/ModuleCache.noindex/Metal-1800JL6F0OMUVZXUTWNKG87NU.pcm /Users/jasonlee/Library/Developer/Xcode/DerivedData/ModuleCache.noindex/ptrcheck-4P7KRCPHERCLHXRROIKD3SPVG.pcm /Users/jasonlee/Library/Developer/Xcode/DerivedData/ModuleCache.noindex/Symbols-34VJAGWW0GEX4IP93CYCGDFVR.pcm /Users/jasonlee/Library/Developer/Xcode/DerivedData/ModuleCache.noindex/_SwiftConcurrencyShims-B9EVLH7ADID5XTQQ35OFMC85U.pcm /Users/jasonlee/Library/Developer/Xcode/DerivedData/Notch-ddzsfiyxyoauidejndllmosklbkq/Build/Intermediates.noindex/SwiftExplicitPrecompiledModules/CrashReporter-6X8PBBXPJOX1B1MFMPXTXLTAP.pcm /Users/jasonlee/Library/Developer/Xcode/DerivedData/ModuleCache.noindex/ApplicationServices-5SF4BGZ8K05GB2GEYQ3HJUROQ.pcm /Users/jasonlee/Library/Developer/Xcode/DerivedData/ModuleCache.noindex/os-E4G7BLJ905GB1L1CUYKQ5WEQ5.pcm /Users/jasonlee/Library/Developer/Xcode/DerivedData/ModuleCache.noindex/_Builtin_stdbool-BEV6QXEF2D5DBFQN4YRGL3ZL5.pcm /Users/jasonlee/Library/Developer/Xcode/DerivedData/ModuleCache.noindex/_Builtin_inttypes-2ZUACPO8ARH14B576ZOJ716DM.pcm /Users/jasonlee/Library/Developer/Xcode/DerivedData/ModuleCache.noindex/simd-BZ0UBWV65GUJ480VMFNKC701U.pcm /Users/jasonlee/Library/Developer/Xcode/DerivedData/ModuleCache.noindex/OSLog-DYSS4CJ2DMV5H55VYH8EAPWHO.pcm /Users/jasonlee/Library/Developer/Xcode/DerivedData/ModuleCache.noindex/DeveloperToolsSupport-B36UCNL4YFY8T0FORREANENFI.pcm /Users/jasonlee/Library/Developer/Xcode/DerivedData/ModuleCache.noindex/UniformTypeIdentifiers-5F6K5QIMQR6AOFNN8I2E9KRL8.pcm /Users/jasonlee/Library/Developer/Xcode/DerivedData/ModuleCache.noindex/Security-AHPMOIFREO2DQ71RGZ92P6ENW.pcm /Users/jasonlee/Library/Developer/Xcode/DerivedData/ModuleCache.noindex/ColorSync-EYZCWFZ97B9CK0FXJ14V5M8CI.pcm /Users/jasonlee/Library/Developer/Xcode/DerivedData/ModuleCache.noindex/Foundation-3BVKKWJJ0B0SB8RIEO9U8V3J.pcm /Users/jasonlee/Library/Developer/Xcode/DerivedData/ModuleCache.noindex/_Builtin_stdint-8SZQ2C5OQIYBCJ9O1BQC8YSRU.pcm /Users/jasonlee/Library/Developer/Xcode/DerivedData/ModuleCache.noindex/XPC-CCOAWDEC6QOKWM09YXL4BUSSS.pcm /Users/jasonlee/Library/Developer/Xcode/DerivedData/ModuleCache.noindex/_Builtin_stddef-8MDIHTDPE6ZRIXDR1H0W4L8KA.pcm /Users/jasonlee/Library/Developer/Xcode/DerivedData/ModuleCache.noindex/_Builtin_stdatomic-268UBIMDE5GYR8AZEGKVDNMIK.pcm /Users/jasonlee/Library/Developer/Xcode/DerivedData/ModuleCache.noindex/CoreFoundation-BYP2SMIFD2394JDAEM5IONCMR.pcm /Users/jasonlee/Library/Developer/Xcode/DerivedData/ModuleCache.noindex/_Builtin_stdarg-329O5A2UVP8625Z0HTW6WPUY7.pcm /Users/jasonlee/Library/Developer/Xcode/DerivedData/ModuleCache.noindex/CoreData-C9Y3ZE4FVBEOE1OF171CTGSRM.pcm /Users/jasonlee/Library/Developer/Xcode/DerivedData/Notch-ddzsfiyxyoauidejndllmosklbkq/Build/Intermediates.noindex/PostHog.build/Release/PostHog.build/Objects-normal/x86_64/PostHog-dependencies-1.json (in target 'PostHog' from project 'PostHog')
CompileSwift normal x86_64 (in target 'PostHog' from project 'PostHog')
    cd /Users/jasonlee/Coding/App/Notch/Notch.xcodeproj
    

CompileC /Users/jasonlee/Library/Developer/Xcode/DerivedData/Notch-ddzsfiyxyoauidejndllmosklbkq/Build/Intermediates.noindex/PostHog.build/Release/phlibwebp.build/Objects-normal/x86_64/syntax_enc.o /Users/jasonlee/Library/Developer/Xcode/DerivedData/Notch-ddzsfiyxyoauidejndllmosklbkq/SourcePackages/checkouts/posthog-ios/vendor/libwebp/syntax_enc.c normal x86_64 c com.apple.compilers.llvm.clang.1_0.compiler (in target 'phlibwebp' from project 'PostHog')
    cd /Users/jasonlee/Coding/App/Notch/Notch.xcodeproj
    
    Using response file: /Users/jasonlee/Library/Developer/Xcode/DerivedData/Notch-ddzsfiyxyoauidejndllmosklbkq/Build/Intermediates.noindex/PostHog.build/Release/phlibwebp.build/Objects-normal/x86_64/7187679823f38a2a940e0043cdf9d637-common-args.resp
    
    /Applications/Xcode.app/Contents/Developer/Toolchains/XcodeDefault.xctoolchain/usr/bin/clang -x c -ivfsstatcache /Users/jasonlee/Library/Developer/Xcode/DerivedData/SDKStatCaches.noindex/macosx26.4-25E251-30f9ca8789b706f8bd3fc906a70d770f.sdkstatcache -target x86_64-apple-macos10.15 -fmessage-length\=0 -fdiagnostics-show-note-include-stack -fmacro-backtrace-limit\=0 -fno-color-diagnostics -fmodules-prune-interval\=86400 -fmodules-prune-after\=345600 -fbuild-session-file\=/Users/jasonlee/Library/Developer/Xcode/DerivedData/ModuleCache.noindex/Session.modulevalidation -fmodules-validate-once-per-build-session -Wnon-modular-include-in-framework-module -Werror\=non-modular-include-in-framework-module -Wno-trigraphs -Wno-missing-field-initializers -Wno-missing-prototypes -Wno-return-type -Wno-missing-braces -Wparentheses -Wswitch -Wno-unused-function -Wno-unused-label -Wno-unused-parameter -Wno-unused-variable -Wunused-value -Wno-empty-body -Wno-uninitialized -Wno-unknown-pragmas -w -Wno-shadow -Wno-four-char-constants -Wno-conversion -Wno-constant-conversion -Wno-int-conversion -Wno-bool-conversion -Wno-enum-conversion -Wno-float-conversion -Wno-non-literal-null-conversion -Wno-objc-literal-conversion -Wshorten-64-to-32 -Wpointer-sign -Wno-newline-eof -Wno-implicit-fallthrough -isysroot /Applications/Xcode.app/Contents/Developer/Platforms/MacOSX.platform/Developer/SDKs/MacOSX26.4.sdk -fstrict-aliasing -Wdeprecated-declarations -Wno-sign-conversion -Wno-infinite-recursion -Wno-comma -Wno-block-capture-autoreleasing -Wno-strict-prototypes -Wno-semicolon-before-method-body @/Users/jasonlee/Library/Developer/Xcode/DerivedData/Notch-ddzsfiyxyoauidejndllmosklbkq/Build/Intermediates.noindex/PostHog.build/Release/phlibwebp.build/Objects-normal/x86_64/7187679823f38a2a940e0043cdf9d637-common-args.resp -MMD -MT dependencies -MF /Users/jasonlee/Library/Developer/Xcode/DerivedData/Notch-ddzsfiyxyoauidejndllmosklbkq/Build/Intermediates.noindex/PostHog.build/Release/phlibwebp.build/Objects-normal/x86_64/syntax_enc.d --serialize-diagnostics /Users/jasonlee/Library/Developer/Xcode/DerivedData/Notch-ddzsfiyxyoauidejndllmosklbkq/Build/Intermediates.noindex/PostHog.build/Release/phlibwebp.build/Objects-normal/x86_64/syntax_enc.dia -c /Users/jasonlee/Library/Developer/Xcode/DerivedData/Notch-ddzsfiyxyoauidejndllmosklbkq/SourcePackages/checkouts/posthog-ios/vendor/libwebp/syntax_enc.c -o /Users/jasonlee/Library/Developer/Xcode/DerivedData/Notch-ddzsfiyxyoauidejndllmosklbkq/Build/Intermediates.noindex/PostHog.build/Release/phlibwebp.build/Objects-normal/x86_64/syntax_enc.o

SwiftCompile normal arm64 Compiling\ resource_bundle_accessor.swift,\ ApplicationLifecyclePublisher.swift,\ PostHogAppLifeCycleIntegration.swift,\ PostHogDeepLinkHelper.swift,\ ApplicationViewLayoutPublisher.swift,\ AutocaptureEventProcessing.swift,\ ForwardingPickerViewDelegate.swift,\ PostHogAutocaptureEventTracker.swift,\ PostHogAutocaptureIntegration.swift,\ View+PostHogLabel.swift,\ UIView+PostHogLabel.swift,\ DI.swift,\ PostHogBinaryImageInfo.swift,\ PostHogStackFrame.swift,\ PostHogCrashReportProcessor.swift,\ PostHogErrorTrackingAutoCaptureIntegration.swift,\ PostHogErrorTrackingConfig.swift,\ PostHogExceptionProcessor.swift,\ PostHogDebugImageProvider.swift,\ PostHogErrorTrackingUtils.swift,\ PostHogStackTraceProcessor.swift,\ PostHogEvent.swift,\ PostHogFeatureFlagResult.swift,\ PostHogSurvey+Display.swift,\ PostHogSurvey.swift,\ PostHogSurveyAppearance.swift,\ PostHogSurveyConditions.swift,\ PostHogSurveyEnums.swift,\ PostHogSurveyQuestion.swift,\ PostHogApi.swift,\ PostHogBatchUploadInfo.swift,\ PostHogConfig.swift,\ PostHogConsumerPayload.swift,\ PostHogContext.swift,\ PostHogExtensions.swift,\ PostHogFileBackedQueue.swift,\ PostHogIntegration.swift,\ PostHogLegacyQueue.swift,\ PostHogPersonProfiles.swift,\ PostHogPropertiesSanitizer.swift,\ PostHogQueue.swift,\ PostHogRemoteConfig.swift,\ PostHogSDK.swift,\ PostHogSessionManager.swift,\ PostHogStorage.swift,\ PostHogStorageManager.swift,\ PostHogSwizzler.swift,\ PostHogVersion.swift,\ ApplicationEventPublisher.swift,\ CGColor+Util.swift,\ CGSize+Util.swift,\ Date+Util.swift,\ Float+Util.swift,\ MethodSwizzler.swift,\ NetworkSample.swift,\ Optional+Util.swift,\ PostHogConsoleLogInterceptor.swift,\ PostHogLogEntry.swift,\ PostHogLogLevel.swift,\ PostHogSessionReplayConsoleLogsPlugin.swift,\ PostHogSessionReplayNetworkPlugin.swift,\ URLSessionExtension.swift,\ URLSessionInterceptor.swift,\ URLSessionSwizzler.swift,\ PostHogSessionReplayPlugin.swift,\ PostHogReplayIntegration.swift,\ PostHogSampling.swift,\ PostHogSessionReplayConfig.swift,\ PostHogSessionReplayConsoleLogConfig.swift,\ RRStyle.swift,\ RRWireframe.swift,\ String+Util.swift,\ UIColor+Util.swift,\ UIImage+Util.swift,\ UITextInputTraits+Util.swift,\ UIView+Util.swift,\ ViewTreeSnapshotStatus.swift,\ ApplicationScreenViewPublisher.swift,\ PostHogScreenViewIntegration.swift,\ BottomSection.swift,\ ConfirmationMessage.swift,\ PostHogDisplaySurvey.swift,\ PostHogDisplaySurveyAppearance.swift,\ PostHogDisplaySurveyQuestion.swift,\ PostHogNextSurveyQuestion.swift,\ PostHogSurveyResponse.swift,\ PostHogSurveyIntegration.swift,\ PostHogSurveysConfig.swift,\ PostHogSurveysDefaultDelegate.swift,\ QuestionHeader.swift,\ QuestionTypes.swift,\ SurveyDisplayController.swift,\ SurveySheet.swift,\ SurveysRootView.swift,\ SurveysWindow.swift,\ EdgeBorder.swift,\ EmojiRating.swift,\ MultipleChoiceOptions.swift,\ NumberRating.swift,\ Resources.swift,\ SegmentedControl.swift,\ Survey+Util.swift,\ SurveyButton.swift,\ SurveyPresentationDetentsRepresentable.swift,\ SwiftUI+Util.swift,\ PostHogDeepLinkListener.swift,\ PostHogMaskViewModifier.swift,\ PostHogNoMaskViewModifier.swift,\ PostHogSwiftUIViewModifiers.swift,\ PostHogTagViewModifier.swift,\ UIViewController.swift,\ AssociatedKeys.swift,\ Data+Gzip.swift,\ DateUtils.swift,\ DictUtils.swift,\ Errors.swift,\ FileUtils.swift,\ Hedgelog.swift,\ PostHogMulticastCallback.swift,\ Reachability.swift,\ TimeBasedEpochGenerator.swift,\ UIApplication+.swift,\ UIImage+WebP.swift,\ UIWindow+.swift,\ UUIDUtils.swift /Users/jasonlee/Library/Developer/Xcode/DerivedData/Notch-ddzsfiyxyoauidejndllmosklbkq/Build/Intermediates.noindex/PostHog.build/Release/PostHog.build/DerivedSources/resource_bundle_accessor.swift /Users/jasonlee/Library/Developer/Xcode/DerivedData/Notch-ddzsfiyxyoauidejndllmosklbkq/SourcePackages/checkouts/posthog-ios/PostHog/AppLifeCycle/ApplicationLifecyclePublisher.swift /Users/jasonlee/Library/Developer/Xcode/DerivedData/Notch-ddzsfiyxyoauidejndllmosklbkq/SourcePackages/checkouts/posthog-ios/PostHog/AppLifeCycle/PostHogAppLifeCycleIntegration.swift /Users/jasonlee/Library/Developer/Xcode/DerivedData/Notch-ddzsfiyxyoauidejndllmosklbkq/SourcePackages/checkouts/posthog-ios/PostHog/AppLifeCycle/PostHogDeepLinkHelper.swift /Users/jasonlee/Library/Developer/Xcode/DerivedData/Notch-ddzsfiyxyoauidejndllmosklbkq/SourcePackages/checkouts/posthog-ios/PostHog/ApplicationViewLayoutPublisher.swift /Users/jasonlee/Library/Developer/Xcode/DerivedData/Notch-ddzsfiyxyoauidejndllmosklbkq/SourcePackages/checkouts/posthog-ios/PostHog/Autocapture/AutocaptureEventProcessing.swift /Users/jasonlee/Library/Developer/Xcode/DerivedData/Notch-ddzsfiyxyoauidejndllmosklbkq/SourcePackages/checkouts/posthog-ios/PostHog/Autocapture/ForwardingPickerViewDelegate.swift /Users/jasonlee/Library/Developer/Xcode/DerivedData/Notch-ddzsfiyxyoauidejndllmosklbkq/SourcePackages/checkouts/posthog-ios/PostHog/Autocapture/PostHogAutocaptureEventTracker.swift /Users/jasonlee/Library/Developer/Xcode/DerivedData/Notch-ddzsfiyxyoauidejndllmosklbkq/SourcePackages/checkouts/posthog-ios/PostHog/Autocapture/PostHogAutocaptureIntegration.swift /Users/jasonlee/Library/Developer/Xcode/DerivedData/Notch-ddzsfiyxyoauidejndllmosklbkq/SourcePackages/checkouts/posthog-ios/PostHog/Autocapture/SwiftUI/View+PostHogLabel.swift /Users/jasonlee/Library/Developer/Xcode/DerivedData/Notch-ddzsfiyxyoauidejndllmosklbkq/SourcePackages/checkouts/posthog-ios/PostHog/Autocapture/UIView+PostHogLabel.swift /Users/jasonlee/Library/Developer/Xcode/DerivedData/Notch-ddzsfiyxyoauidejndllmosklbkq/SourcePackages/checkouts/posthog-ios/PostHog/DI.swift /Users/jasonlee/Library/Developer/Xcode/DerivedData/Notch-ddzsfiyxyoauidejndllmosklbkq/SourcePackages/checkouts/posthog-ios/PostHog/ErrorTracking/Models/PostHogBinaryImageInfo.swift /Users/jasonlee/Library/Developer/Xcode/DerivedData/Notch-ddzsfiyxyoauidejndllmosklbkq/SourcePackages/checkouts/posthog-ios/PostHog/ErrorTracking/Models/PostHogStackFrame.swift /Users/jasonlee/Library/Developer/Xcode/DerivedData/Notch-ddzsfiyxyoauidejndllmosklbkq/SourcePackages/checkouts/posthog-ios/PostHog/ErrorTracking/PostHogCrashReportProcessor.swift /Users/jasonlee/Library/Developer/Xcode/DerivedData/Notch-ddzsfiyxyoauidejndllmosklbkq/SourcePackages/checkouts/posthog-ios/PostHog/ErrorTracking/PostHogErrorTrackingAutoCaptureIntegration.swift /Users/jasonlee/Library/Developer/Xcode/DerivedData/Notch-ddzsfiyxyoauidejndllmosklbkq/SourcePackages/checkouts/posthog-ios/PostHog/ErrorTracking/PostHogErrorTrackingConfig.swift /Users/jasonlee/Library/Developer/Xcode/DerivedData/Notch-ddzsfiyxyoauidejndllmosklbkq/SourcePackages/checkouts/posthog-ios/PostHog/ErrorTracking/PostHogExceptionProcessor.swift /Users/jasonlee/Library/Developer/Xcode/DerivedData/Notch-ddzsfiyxyoauidejndllmosklbkq/SourcePackages/checkouts/posthog-ios/PostHog/ErrorTracking/Utils/PostHogDebugImageProvider.swift /Users/jasonlee/Library/Developer/Xcode/DerivedData/Notch-ddzsfiyxyoauidejndllmosklbkq/SourcePackages/checkouts/posthog-ios/PostHog/ErrorTracking/Utils/PostHogErrorTrackingUtils.swift /Users/jasonlee/Library/Developer/Xcode/DerivedData/Notch-ddzsfiyxyoauidejndllmosklbkq/SourcePackages/checkouts/posthog-ios/PostHog/ErrorTracking/Utils/PostHogStackTraceProcessor.swift /Users/jasonlee/Library/Developer/Xcode/DerivedData/Notch-ddzsfiyxyoauidejndllmosklbkq/SourcePackages/checkouts/posthog-ios/PostHog/Models/PostHogEvent.swift /Users/jasonlee/Library/Developer/Xcode/DerivedData/Notch-ddzsfiyxyoauidejndllmosklbkq/SourcePackages/checkouts/posthog-ios/PostHog/Models/PostHogFeatureFlagResult.swift /Users/jasonlee/Library/Developer/Xcode/DerivedData/Notch-ddzsfiyxyoauidejndllmosklbkq/SourcePackages/checkouts/posthog-ios/PostHog/Models/Surveys/PostHogSurvey+Display.swift /Users/jasonlee/Library/Developer/Xcode/DerivedData/Notch-ddzsfiyxyoauidejndllmosklbkq/SourcePackages/checkouts/posthog-ios/PostHog/Models/Surveys/PostHogSurvey.swift /Users/jasonlee/Library/Developer/Xcode/DerivedData/Notch-ddzsfiyxyoauidejndllmosklbkq/SourcePackages/checkouts/posthog-ios/PostHog/Models/Surveys/PostHogSurveyAppearance.swift /Users/jasonlee/Library/Developer/Xcode/DerivedData/Notch-ddzsfiyxyoauidejndllmosklbkq/SourcePackages/checkouts/posthog-ios/PostHog/Models/Surveys/PostHogSurveyConditions.swift /Users/jasonlee/Library/Developer/Xcode/DerivedData/Notch-ddzsfiyxyoauidejndllmosklbkq/SourcePackages/checkouts/posthog-ios/PostHog/Models/Surveys/PostHogSurveyEnums.swift /Users/jasonlee/Library/Developer/Xcode/DerivedData/Notch-ddzsfiyxyoauidejndllmosklbkq/SourcePackages/checkouts/posthog-ios/PostHog/Models/Surveys/PostHogSurveyQuestion.swift /Users/jasonlee/Library/Developer/Xcode/DerivedData/Notch-ddzsfiyxyoauidejndllmosklbkq/SourcePackages/checkouts/posthog-ios/PostHog/PostHogApi.swift /Users/jasonlee/Library/Developer/Xcode/DerivedData/Notch-ddzsfiyxyoauidejndllmosklbkq/SourcePackages/checkouts/posthog-ios/PostHog/PostHogBatchUploadInfo.swift /Users/jasonlee/Library/Developer/Xcode/DerivedData/Notch-ddzsfiyxyoauidejndllmosklbkq/SourcePackages/checkouts/posthog-ios/PostHog/PostHogConfig.swift /Users/jasonlee/Library/Developer/Xcode/DerivedData/Notch-ddzsfiyxyoauidejndllmosklbkq/SourcePackages/checkouts/posthog-ios/PostHog/PostHogConsumerPayload.swift /Users/jasonlee/Library/Developer/Xcode/DerivedData/Notch-ddzsfiyxyoauidejndllmosklbkq/SourcePackages/checkouts/posthog-ios/PostHog/PostHogContext.swift /Users/jasonlee/Library/Developer/Xcode/DerivedData/Notch-ddzsfiyxyoauidejndllmosklbkq/SourcePackages/checkouts/posthog-ios/PostHog/PostHogExtensions.swift /Users/jasonlee/Library/Developer/Xcode/DerivedData/Notch-ddzsfiyxyoauidejndllmosklbkq/SourcePackages/checkouts/posthog-ios/PostHog/PostHogFileBackedQueue.swift /Users/jasonlee/Library/Developer/Xcode/DerivedData/Notch-ddzsfiyxyoauidejndllmosklbkq/SourcePackages/checkouts/posthog-ios/PostHog/PostHogIntegration.swift /Users/jasonlee/Library/Developer/Xcode/DerivedData/Notch-ddzsfiyxyoauidejndllmosklbkq/SourcePackages/checkouts/posthog-ios/PostHog/PostHogLegacyQueue.swift /Users/jasonlee/Library/Developer/Xcode/DerivedData/Notch-ddzsfiyxyoauidejndllmosklbkq/SourcePackages/checkouts/posthog-ios/PostHog/PostHogPersonProfiles.swift /Users/jasonlee/Library/Developer/Xcode/DerivedData/Notch-ddzsfiyxyoauidejndllmosklbkq/SourcePackages/checkouts/posthog-ios/PostHog/PostHogPropertiesSanitizer.swift /Users/jasonlee/Library/Developer/Xcode/DerivedData/Notch-ddzsfiyxyoauidejndllmosklbkq/SourcePackages/checkouts/posthog-ios/PostHog/PostHogQueue.swift /Users/jasonlee/Library/Developer/Xcode/DerivedData/Notch-ddzsfiyxyoauidejndllmosklbkq/SourcePackages/checkouts/posthog-ios/PostHog/PostHogRemoteConfig.swift /Users/jasonlee/Library/Developer/Xcode/DerivedData/Notch-ddzsfiyxyoauidejndllmosklbkq/SourcePackages/checkouts/posthog-ios/PostHog/PostHogSDK.swift /Users/jasonlee/Library/Developer/Xcode/DerivedData/Notch-ddzsfiyxyoauidejndllmosklbkq/SourcePackages/checkouts/posthog-ios/PostHog/PostHogSessionManager.swift /Users/jasonlee/Library/Developer/Xcode/DerivedData/Notch-ddzsfiyxyoauidejndllmosklbkq/SourcePackages/checkouts/posthog-ios/PostHog/PostHogStorage.swift /Users/jasonlee/Library/Developer/Xcode/DerivedData/Notch-ddzsfiyxyoauidejndllmosklbkq/SourcePackages/checkouts/posthog-ios/PostHog/PostHogStorageManager.swift /Users/jasonlee/Library/Developer/Xcode/DerivedData/Notch-ddzsfiyxyoauidejndllmosklbkq/SourcePackages/checkouts/posthog-ios/PostHog/PostHogSwizzler.swift /Users/jasonlee/Library/Developer/Xcode/DerivedData/Notch-ddzsfiyxyoauidejndllmosklbkq/SourcePackages/checkouts/posthog-ios/PostHog/PostHogVersion.swift /Users/jasonlee/Library/Developer/Xcode/DerivedData/Notch-ddzsfiyxyoauidejndllmosklbkq/SourcePackages/checkouts/posthog-ios/PostHog/Replay/ApplicationEventPublisher.swift /Users/jasonlee/Library/Developer/Xcode/DerivedData/Notch-ddzsfiyxyoauidejndllmosklbkq/SourcePackages/checkouts/posthog-ios/PostHog/Replay/CGColor+Util.swift /Users/jasonlee/Library/Developer/Xcode/DerivedData/Notch-ddzsfiyxyoauidejndllmosklbkq/SourcePackages/checkouts/posthog-ios/PostHog/Replay/CGSize+Util.swift /Users/jasonlee/Library/Developer/Xcode/DerivedData/Notch-ddzsfiyxyoauidejndllmosklbkq/SourcePackages/checkouts/posthog-ios/PostHog/Replay/Date+Util.swift /Users/jasonlee/Library/Developer/Xcode/DerivedData/Notch-ddzsfiyxyoauidejndllmosklbkq/SourcePackages/checkouts/posthog-ios/PostHog/Replay/Float+Util.swift /Users/jasonlee/Library/Developer/Xcode/DerivedData/Notch-ddzsfiyxyoauidejndllmosklbkq/SourcePackages/checkouts/posthog-ios/PostHog/Replay/MethodSwizzler.swift /Users/jasonlee/Library/Developer/Xcode/DerivedData/Notch-ddzsfiyxyoauidejndllmosklbkq/SourcePackages/checkouts/posthog-ios/PostHog/Replay/NetworkSample.swift /Users/jasonlee/Library/Developer/Xcode/DerivedData/Notch-ddzsfiyxyoauidejndllmosklbkq/SourcePackages/checkouts/posthog-ios/PostHog/Replay/Optional+Util.swift /Users/jasonlee/Library/Developer/Xcode/DerivedData/Notch-ddzsfiyxyoauidejndllmosklbkq/SourcePackages/checkouts/posthog-ios/PostHog/Replay/Plugins/Console\ Logs/PostHogConsoleLogInterceptor.swift /Users/jasonlee/Library/Developer/Xcode/DerivedData/Notch-ddzsfiyxyoauidejndllmosklbkq/SourcePackages/checkouts/posthog-ios/PostHog/Replay/Plugins/Console\ Logs/PostHogLogEntry.swift /Users/jasonlee/Library/Developer/Xcode/DerivedData/Notch-ddzsfiyxyoauidejndllmosklbkq/SourcePackages/checkouts/posthog-ios/PostHog/Replay/Plugins/Console\ Logs/PostHogLogLevel.swift /Users/jasonlee/Library/Developer/Xcode/DerivedData/Notch-ddzsfiyxyoauidejndllmosklbkq/SourcePackages/checkouts/posthog-ios/PostHog/Replay/Plugins/Console\ Logs/PostHogSessionReplayConsoleLogsPlugin.swift /Users/jasonlee/Library/Developer/Xcode/DerivedData/Notch-ddzsfiyxyoauidejndllmosklbkq/SourcePackages/checkouts/posthog-ios/PostHog/Replay/Plugins/Network/PostHogSessionReplayNetworkPlugin.swift /Users/jasonlee/Library/Developer/Xcode/DerivedData/Notch-ddzsfiyxyoauidejndllmosklbkq/SourcePackages/checkouts/posthog-ios/PostHog/Replay/Plugins/Network/URLSessionExtension.swift /Users/jasonlee/Library/Developer/Xcode/DerivedData/Notch-ddzsfiyxyoauidejndllmosklbkq/SourcePackages/checkouts/posthog-ios/PostHog/Replay/Plugins/Network/URLSessionInterceptor.swift /Users/jasonlee/Library/Developer/Xcode/DerivedData/Notch-ddzsfiyxyoauidejndllmosklbkq/SourcePackages/checkouts/posthog-ios/PostHog/Replay/Plugins/Network/URLSessionSwizzler.swift /Users/jasonlee/Library/Developer/Xcode/DerivedData/Notch-ddzsfiyxyoauidejndllmosklbkq/SourcePackages/checkouts/posthog-ios/PostHog/Replay/Plugins/PostHogSessionReplayPlugin.swift /Users/jasonlee/Library/Developer/Xcode/DerivedData/Notch-ddzsfiyxyoauidejndllmosklbkq/SourcePackages/checkouts/posthog-ios/PostHog/Replay/PostHogReplayIntegration.swift /Users/jasonlee/Library/Developer/Xcode/DerivedData/Notch-ddzsfiyxyoauidejndllmosklbkq/SourcePackages/checkouts/posthog-ios/PostHog/Replay/PostHogSampling.swift /Users/jasonlee/Library/Developer/Xcode/DerivedData/Notch-ddzsfiyxyoauidejndllmosklbkq/SourcePackages/checkouts/posthog-ios/PostHog/Replay/PostHogSessionReplayConfig.swift /Users/jasonlee/Library/Developer/Xcode/DerivedData/Notch-ddzsfiyxyoauidejndllmosklbkq/SourcePackages/checkouts/posthog-ios/PostHog/Replay/PostHogSessionReplayConsoleLogConfig.swift /Users/jasonlee/Library/Developer/Xcode/DerivedData/Notch-ddzsfiyxyoauidejndllmosklbkq/SourcePackages/checkouts/posthog-ios/PostHog/Replay/RRStyle.swift /Users/jasonlee/Library/Developer/Xcode/DerivedData/Notch-ddzsfiyxyoauidejndllmosklbkq/SourcePackages/checkouts/posthog-ios/PostHog/Replay/RRWireframe.swift /Users/jasonlee/Library/Developer/Xcode/DerivedData/Notch-ddzsfiyxyoauidejndllmosklbkq/SourcePackages/checkouts/posthog-ios/PostHog/Replay/String+Util.swift /Users/jasonlee/Library/Developer/Xcode/DerivedData/Notch-ddzsfiyxyoauidejndllmosklbkq/SourcePackages/checkouts/posthog-ios/PostHog/Replay/UIColor+Util.swift /Users/jasonlee/Library/Developer/Xcode/DerivedData/Notch-ddzsfiyxyoauidejndllmosklbkq/SourcePackages/checkouts/posthog-ios/PostHog/Replay/UIImage+Util.swift /Users/jasonlee/Library/Developer/Xcode/DerivedData/Notch-ddzsfiyxyoauidejndllmosklbkq/SourcePackages/checkouts/posthog-ios/PostHog/Replay/UITextInputTraits+Util.swift /Users/jasonlee/Library/Developer/Xcode/DerivedData/Notch-ddzsfiyxyoauidejndllmosklbkq/SourcePackages/checkouts/posthog-ios/PostHog/Replay/UIView+Util.swift /Users/jasonlee/Library/Developer/Xcode/DerivedData/Notch-ddzsfiyxyoauidejndllmosklbkq/SourcePackages/checkouts/posthog-ios/PostHog/Replay/ViewTreeSnapshotStatus.swift /Users/jasonlee/Library/Developer/Xcode/DerivedData/Notch-ddzsfiyxyoauidejndllmosklbkq/SourcePackages/checkouts/posthog-ios/PostHog/ScreenViews/ApplicationScreenViewPublisher.swift /Users/jasonlee/Library/Developer/Xcode/DerivedData/Notch-ddzsfiyxyoauidejndllmosklbkq/SourcePackages/checkouts/posthog-ios/PostHog/ScreenViews/PostHogScreenViewIntegration.swift /Users/jasonlee/Library/Developer/Xcode/DerivedData/Notch-ddzsfiyxyoauidejndllmosklbkq/SourcePackages/checkouts/posthog-ios/PostHog/Surveys/BottomSection.swift /Users/jasonlee/Library/Developer/Xcode/DerivedData/Notch-ddzsfiyxyoauidejndllmosklbkq/SourcePackages/checkouts/posthog-ios/PostHog/Surveys/ConfirmationMessage.swift /Users/jasonlee/Library/Developer/Xcode/DerivedData/Notch-ddzsfiyxyoauidejndllmosklbkq/SourcePackages/checkouts/posthog-ios/PostHog/Surveys/Models/PostHogDisplaySurvey.swift /Users/jasonlee/Library/Developer/Xcode/DerivedData/Notch-ddzsfiyxyoauidejndllmosklbkq/SourcePackages/checkouts/posthog-ios/PostHog/Surveys/Models/PostHogDisplaySurveyAppearance.swift /Users/jasonlee/Library/Developer/Xcode/DerivedData/Notch-ddzsfiyxyoauidejndllmosklbkq/SourcePackages/checkouts/posthog-ios/PostHog/Surveys/Models/PostHogDisplaySurveyQuestion.swift /Users/jasonlee/Library/Developer/Xcode/DerivedData/Notch-ddzsfiyxyoauidejndllmosklbkq/SourcePackages/checkouts/posthog-ios/PostHog/Surveys/Models/PostHogNextSurveyQuestion.swift /Users/jasonlee/Library/Developer/Xcode/DerivedData/Notch-ddzsfiyxyoauidejndllmosklbkq/SourcePackages/checkouts/posthog-ios/PostHog/Surveys/Models/PostHogSurveyResponse.swift /Users/jasonlee/Library/Developer/Xcode/DerivedData/Notch-ddzsfiyxyoauidejndllmosklbkq/SourcePackages/checkouts/posthog-ios/PostHog/Surveys/PostHogSurveyIntegration.swift /Users/jasonlee/Library/Developer/Xcode/DerivedData/Notch-ddzsfiyxyoauidejndllmosklbkq/SourcePackages/checkouts/posthog-ios/PostHog/Surveys/PostHogSurveysConfig.swift /Users/jasonlee/Library/Developer/Xcode/DerivedData/Notch-ddzsfiyxyoauidejndllmosklbkq/SourcePackages/checkouts/posthog-ios/PostHog/Surveys/PostHogSurveysDefaultDelegate.swift /Users/jasonlee/Library/Developer/Xcode/DerivedData/Notch-ddzsfiyxyoauidejndllmosklbkq/SourcePackages/checkouts/posthog-ios/PostHog/Surveys/QuestionHeader.swift /Users/jasonlee/Library/Developer/Xcode/DerivedData/Notch-ddzsfiyxyoauidejndllmosklbkq/SourcePackages/checkouts/posthog-ios/PostHog/Surveys/QuestionTypes.swift /Users/jasonlee/Library/Developer/Xcode/DerivedData/Notch-ddzsfiyxyoauidejndllmosklbkq/SourcePackages/checkouts/posthog-ios/PostHog/Surveys/SurveyDisplayController.swift /Users/jasonlee/Library/Developer/Xcode/DerivedData/Notch-ddzsfiyxyoauidejndllmosklbkq/SourcePackages/checkouts/posthog-ios/PostHog/Surveys/SurveySheet.swift /Users/jasonlee/Library/Developer/Xcode/DerivedData/Notch-ddzsfiyxyoauidejndllmosklbkq/SourcePackages/checkouts/posthog-ios/PostHog/Surveys/SurveysRootView.swift /Users/jasonlee/Library/Developer/Xcode/DerivedData/Notch-ddzsfiyxyoauidejndllmosklbkq/SourcePackages/checkouts/posthog-ios/PostHog/Surveys/SurveysWindow.swift /Users/jasonlee/Library/Developer/Xcode/DerivedData/Notch-ddzsfiyxyoauidejndllmosklbkq/SourcePackages/checkouts/posthog-ios/PostHog/Surveys/Utils/EdgeBorder.swift /Users/jasonlee/Library/Developer/Xcode/DerivedData/Notch-ddzsfiyxyoauidejndllmosklbkq/SourcePackages/checkouts/posthog-ios/PostHog/Surveys/Utils/EmojiRating.swift /Users/jasonlee/Library/Developer/Xcode/DerivedData/Notch-ddzsfiyxyoauidejndllmosklbkq/SourcePackages/checkouts/posthog-ios/PostHog/Surveys/Utils/MultipleChoiceOptions.swift /Users/jasonlee/Library/Developer/Xcode/DerivedData/Notch-ddzsfiyxyoauidejndllmosklbkq/SourcePackages/checkouts/posthog-ios/PostHog/Surveys/Utils/NumberRating.swift /Users/jasonlee/Library/Developer/Xcode/DerivedData/Notch-ddzsfiyxyoauidejndllmosklbkq/SourcePackages/checkouts/posthog-ios/PostHog/Surveys/Utils/Resources.swift /Users/jasonlee/Library/Developer/Xcode/DerivedData/Notch-ddzsfiyxyoauidejndllmosklbkq/SourcePackages/checkouts/posthog-ios/PostHog/Surveys/Utils/SegmentedControl.swift /Users/jasonlee/Library/Developer/Xcode/DerivedData/Notch-ddzsfiyxyoauidejndllmosklbkq/SourcePackages/checkouts/posthog-ios/PostHog/Surveys/Utils/Survey+Util.swift /Users/jasonlee/Library/Developer/Xcode/DerivedData/Notch-ddzsfiyxyoauidejndllmosklbkq/SourcePackages/checkouts/posthog-ios/PostHog/Surveys/Utils/SurveyButton.swift /Users/jasonlee/Library/Developer/Xcode/DerivedData/Notch-ddzsfiyxyoauidejndllmosklbkq/SourcePackages/checkouts/posthog-ios/PostHog/Surveys/Utils/SurveyPresentationDetentsRepresentable.swift /Users/jasonlee/Library/Developer/Xcode/DerivedData/Notch-ddzsfiyxyoauidejndllmosklbkq/SourcePackages/checkouts/posthog-ios/PostHog/Surveys/Utils/SwiftUI+Util.swift /Users/jasonlee/Library/Developer/Xcode/DerivedData/Notch-ddzsfiyxyoauidejndllmosklbkq/SourcePackages/checkouts/posthog-ios/PostHog/SwiftUI/PostHogDeepLinkListener.swift /Users/jasonlee/Library/Developer/Xcode/DerivedData/Notch-ddzsfiyxyoauidejndllmosklbkq/SourcePackages/checkouts/posthog-ios/PostHog/SwiftUI/PostHogMaskViewModifier.swift /Users/jasonlee/Library/Developer/Xcode/DerivedData/Notch-ddzsfiyxyoauidejndllmosklbkq/SourcePackages/checkouts/posthog-ios/PostHog/SwiftUI/PostHogNoMaskViewModifier.swift /Users/jasonlee/Library/Developer/Xcode/DerivedData/Notch-ddzsfiyxyoauidejndllmosklbkq/SourcePackages/checkouts/posthog-ios/PostHog/SwiftUI/PostHogSwiftUIViewModifiers.swift /Users/jasonlee/Library/Developer/Xcode/DerivedData/Notch-ddzsfiyxyoauidejndllmosklbkq/SourcePackages/checkouts/posthog-ios/PostHog/SwiftUI/PostHogTagViewModifier.swift /Users/jasonlee/Library/Developer/Xcode/DerivedData/Notch-ddzsfiyxyoauidejndllmosklbkq/SourcePackages/checkouts/posthog-ios/PostHog/UIViewController.swift /Users/jasonlee/Library/Developer/Xcode/DerivedData/Notch-ddzsfiyxyoauidejndllmosklbkq/SourcePackages/checkouts/posthog-ios/PostHog/Utils/AssociatedKeys.swift /Users/jasonlee/Library/Developer/Xcode/DerivedData/Notch-ddzsfiyxyoauidejndllmosklbkq/SourcePackages/checkouts/posthog-ios/PostHog/Utils/Data+Gzip.swift /Users/jasonlee/Library/Developer/Xcode/DerivedData/Notch-ddzsfiyxyoauidejndllmosklbkq/SourcePackages/checkouts/posthog-ios/PostHog/Utils/DateUtils.swift /Users/jasonlee/Library/Developer/Xcode/DerivedData/Notch-ddzsfiyxyoauidejndllmosklbkq/SourcePackages/checkouts/posthog-ios/PostHog/Utils/DictUtils.swift /Users/jasonlee/Library/Developer/Xcode/DerivedData/Notch-ddzsfiyxyoauidejndllmosklbkq/SourcePackages/checkouts/posthog-ios/PostHog/Utils/Errors.swift /Users/jasonlee/Library/Developer/Xcode/DerivedData/Notch-ddzsfiyxyoauidejndllmosklbkq/SourcePackages/checkouts/posthog-ios/PostHog/Utils/FileUtils.swift /Users/jasonlee/Library/Developer/Xcode/DerivedData/Notch-ddzsfiyxyoauidejndllmosklbkq/SourcePackages/checkouts/posthog-ios/PostHog/Utils/Hedgelog.swift /Users/jasonlee/Library/Developer/Xcode/DerivedData/Notch-ddzsfiyxyoauidejndllmosklbkq/SourcePackages/checkouts/posthog-ios/PostHog/Utils/PostHogMulticastCallback.swift /Users/jasonlee/Library/Developer/Xcode/DerivedData/Notch-ddzsfiyxyoauidejndllmosklbkq/SourcePackages/checkouts/posthog-ios/PostHog/Utils/Reachability.swift /Users/jasonlee/Library/Developer/Xcode/DerivedData/Notch-ddzsfiyxyoauidejndllmosklbkq/SourcePackages/checkouts/posthog-ios/PostHog/Utils/TimeBasedEpochGenerator.swift /Users/jasonlee/Library/Developer/Xcode/DerivedData/Notch-ddzsfiyxyoauidejndllmosklbkq/SourcePackages/checkouts/posthog-ios/PostHog/Utils/UIApplication+.swift /Users/jasonlee/Library/Developer/Xcode/DerivedData/Notch-ddzsfiyxyoauidejndllmosklbkq/SourcePackages/checkouts/posthog-ios/PostHog/Utils/UIImage+WebP.swift /Users/jasonlee/Library/Developer/Xcode/DerivedData/Notch-ddzsfiyxyoauidejndllmosklbkq/SourcePackages/checkouts/posthog-ios/PostHog/Utils/UIWindow+.swift /Users/jasonlee/Library/Developer/Xcode/DerivedData/Notch-ddzsfiyxyoauidejndllmosklbkq/SourcePackages/checkouts/posthog-ios/PostHog/Utils/UUIDUtils.swift /Applications/Xcode.app/Contents/Developer/Toolchains/XcodeDefault.xctoolchain/usr/lib/swift/macosx/prebuilt-modules/26.4/CoreTransferable.swiftmodule/arm64e-apple-macos.swiftmodule /Applications/Xcode.app/Contents/Developer/Toolchains/XcodeDefault.xctoolchain/usr/lib/swift/macosx/prebuilt-modules/26.4/Swift.swiftmodule/arm64e-apple-macos.swiftmodule /Applications/Xcode.app/Contents/Developer/Toolchains/XcodeDefault.xctoolchain/usr/lib/swift/macosx/prebuilt-modules/26.4/_DarwinFoundation2.swiftmodule/arm64e-apple-macos.swiftmodule /Applications/Xcode.app/Contents/Developer/Toolchains/XcodeDefault.xctoolchain/usr/lib/swift/macosx/prebuilt-modules/26.4/SwiftUICore.swiftmodule/arm64e-apple-macos.swiftmodule /Applications/Xcode.app/Contents/Developer/Toolchains/XcodeDefault.xctoolchain/usr/lib/swift/macosx/prebuilt-modules/26.4/XPC.swiftmodule/arm64e-apple-macos.swiftmodule /Applications/Xcode.app/Contents/Developer/Toolchains/XcodeDefault.xctoolchain/usr/lib/swift/macosx/prebuilt-modules/26.4/Symbols.swiftmodule/arm64e-apple-macos.swiftmodule /Applications/Xcode.app/Contents/Developer/Toolchains/XcodeDefault.xctoolchain/usr/lib/swift/macosx/prebuilt-modules/26.4/Combine.swiftmodule/arm64e-apple-macos.swiftmodule /Applications/Xcode.app/Contents/Developer/Toolchains/XcodeDefault.xctoolchain/usr/lib/swift/macosx/prebuilt-modules/26.4/CoreData.swiftmodule/arm64e-apple-macos.swiftmodule /Applications/Xcode.app/Contents/Developer/Toolchains/XcodeDefault.xctoolchain/usr/lib/swift/macosx/prebuilt-modules/26.4/System.swiftmodule/arm64e-apple-macos.swiftmodule /Applications/Xcode.app/Contents/Developer/Toolchains/XcodeDefault.xctoolchain/usr/lib/swift/macosx/prebuilt-modules/26.4/_DarwinFoundation3.swiftmodule/arm64e-apple-macos.swiftmodule /Applications/Xcode.app/Contents/Developer/Toolchains/XcodeDefault.xctoolchain/usr/lib/swift/macosx/prebuilt-modules/26.4/simd.swiftmodule/arm64e-apple-macos.swiftmodule /Applications/Xcode.app/Contents/Developer/Toolchains/XcodeDefault.xctoolchain/usr/lib/swift/macosx/prebuilt-modules/26.4/OSLog.swiftmodule/arm64e-apple-macos.swiftmodule /Applications/Xcode.app/Contents/Developer/Toolchains/XcodeDefault.xctoolchain/usr/lib/swift/macosx/prebuilt-modules/26.4/Accessibility.swiftmodule/arm64e-apple-macos.swiftmodule /Applications/Xcode.app/Contents/Developer/Toolchains/XcodeDefault.xctoolchain/usr/lib/swift/macosx/prebuilt-modules/26.4/_Concurrency.swiftmodule/arm64e-apple-macos.swiftmodule /Applications/Xcode.app/Contents/Developer/Toolchains/XcodeDefault.xctoolchain/usr/lib/swift/macosx/prebuilt-modules/26.4/Observation.swiftmodule/arm64e-apple-macos.swiftmodule /Applications/Xcode.app/Contents/Developer/Toolchains/XcodeDefault.xctoolchain/usr/lib/swift/macosx/prebuilt-modules/26.4/Foundation.swiftmodule/arm64e-apple-macos.swiftmodule /Applications/Xcode.app/Contents/Developer/Toolchains/XcodeDefault.xctoolchain/usr/lib/swift/macosx/prebuilt-modules/26.4/UniformTypeIdentifiers.swiftmodule/arm64e-apple-macos.swiftmodule /Applications/Xcode.app/Contents/Developer/Toolchains/XcodeDefault.xctoolchain/usr/lib/swift/macosx/prebuilt-modules/26.4/CoreImage.swiftmodule/arm64e-apple-macos.swiftmodule /Applications/Xcode.app/Contents/Developer/Toolchains/XcodeDefault.xctoolchain/usr/lib/swift/macosx/prebuilt-modules/26.4/SwiftUI.swiftmodule/arm64e-apple-macos.swiftmodule /Applications/Xcode.app/Contents/Developer/Toolchains/XcodeDefault.xctoolchain/usr/lib/swift/macosx/prebuilt-modules/26.4/CoreFoundation.swiftmodule/arm64e-apple-macos.swiftmodule /Applications/Xcode.app/Contents/Developer/Toolchains/XcodeDefault.xctoolchain/usr/lib/swift/macosx/prebuilt-modules/26.4/QuartzCore.swiftmodule/arm64e-apple-macos.swiftmodule /Applications/Xcode.app/Contents/Developer/Toolchains/XcodeDefault.xctoolchain/usr/lib/swift/macosx/prebuilt-modules/26.4/_Builtin_float.swiftmodule/arm64e-apple-macos.swiftmodule /Applications/Xcode.app/Contents/Developer/Toolchains/XcodeDefault.xctoolchain/usr/lib/swift/macosx/prebuilt-modules/26.4/IOKit.swiftmodule/arm64e-apple-macos.swiftmodule /Applications/Xcode.app/Contents/Developer/Toolchains/XcodeDefault.xctoolchain/usr/lib/swift/macosx/prebuilt-modules/26.4/DeveloperToolsSupport.swiftmodule/arm64e-apple-macos.swiftmodule /Applications/Xcode.app/Contents/Developer/Toolchains/XcodeDefault.xctoolchain/usr/lib/swift/macosx/prebuilt-modules/26.4/_StringProcessing.swiftmodule/arm64e-apple-macos.swiftmodule /Applications/Xcode.app/Contents/Developer/Toolchains/XcodeDefault.xctoolchain/usr/lib/swift/macosx/prebuilt-modules/26.4/CoreGraphics.swiftmodule/arm64e-apple-macos.swiftmodule /Applications/Xcode.app/Contents/Developer/Toolchains/XcodeDefault.xctoolchain/usr/lib/swift/macosx/prebuilt-modules/26.4/os.swiftmodule/arm64e-apple-macos.swiftmodule /Applications/Xcode.app/Contents/Developer/Toolchains/XcodeDefault.xctoolchain/usr/lib/swift/macosx/prebuilt-modules/26.4/CoreVideo.swiftmodule/arm64e-apple-macos.swiftmodule /Applications/Xcode.app/Contents/Developer/Toolchains/XcodeDefault.xctoolchain/usr/lib/swift/macosx/prebuilt-modules/26.4/Dispatch.swiftmodule/arm64e-apple-macos.swiftmodule /Applications/Xcode.app/Contents/Developer/Toolchains/XcodeDefault.xctoolchain/usr/lib/swift/macosx/prebuilt-modules/26.4/Darwin.swiftmodule/arm64e-apple-macos.swiftmodule /Applications/Xcode.app/Contents/Developer/Toolchains/XcodeDefault.xctoolchain/usr/lib/swift/macosx/prebuilt-modules/26.4/CoreText.swiftmodule/arm64e-apple-macos.swiftmodule /Applications/Xcode.app/Contents/Developer/Toolchains/XcodeDefault.xctoolchain/usr/lib/swift/macosx/prebuilt-modules/26.4/_DarwinFoundation1.swiftmodule/arm64e-apple-macos.swiftmodule /Applications/Xcode.app/Contents/Developer/Toolchains/XcodeDefault.xctoolchain/usr/lib/swift/macosx/prebuilt-modules/26.4/Metal.swiftmodule/arm64e-apple-macos.swiftmodule /Applications/Xcode.app/Contents/Developer/Toolchains/XcodeDefault.xctoolchain/usr/lib/swift/macosx/prebuilt-modules/26.4/AppKit.swiftmodule/arm64e-apple-macos.swiftmodule /Applications/Xcode.app/Contents/Developer/Toolchains/XcodeDefault.xctoolchain/usr/lib/swift/macosx/prebuilt-modules/26.4/ObjectiveC.swiftmodule/arm64e-apple-macos.swiftmodule /Applications/Xcode.app/Contents/Developer/Toolchains/XcodeDefault.xctoolchain/usr/lib/swift/macosx/prebuilt-modules/26.4/DataDetection.swiftmodule/arm64e-apple-macos.swiftmodule /Applications/Xcode.app/Contents/Developer/Toolchains/XcodeDefault.xctoolchain/usr/lib/swift/macosx/prebuilt-modules/26.4/Spatial.swiftmodule/arm64e-apple-macos.swiftmodule /Users/jasonlee/Library/Developer/Xcode/DerivedData/ModuleCache.noindex/_Builtin_tgmath-76DKY0IM5MXFUNQCTD8EC5FJ6.pcm /Users/jasonlee/Library/Developer/Xcode/DerivedData/ModuleCache.noindex/ObjectiveC-EXO03E7AICPMGA7FVKYYPSLKG.pcm /Users/jasonlee/Library/Developer/Xcode/DerivedData/Notch-ddzsfiyxyoauidejndllmosklbkq/Build/Intermediates.noindex/SwiftExplicitPrecompiledModules/CrashReporter-P1AL8RZHX30Y3BJ4FLGQZ9CL.pcm /Users/jasonlee/Library/Developer/Xcode/DerivedData/ModuleCache.noindex/CUPS-63V4QODOROU69BWOY4NBGHNU5.pcm /Users/jasonlee/Library/Developer/Xcode/DerivedData/ModuleCache.noindex/CoreData-ETMA5DQCDIYPJTKN8M43536LF.pcm /Users/jasonlee/Library/Developer/Xcode/DerivedData/ModuleCache.noindex/_Builtin_float-B3X23RATCEWJ3XHJNFVYI7N9Y.pcm /Users/jasonlee/Library/Developer/Xcode/DerivedData/ModuleCache.noindex/os_workgroup-BZ0I0SD84M207M8XLTCZX4UIL.pcm /Users/jasonlee/Library/Developer/Xcode/DerivedData/ModuleCache.noindex/Foundation-7FV17LB01BZUO8NR6I3X4XHCZ.pcm /Users/jasonlee/Library/Developer/Xcode/DerivedData/ModuleCache.noindex/CoreVideo-E8EK2LZ850WH16Z8GQTE1HJQU.pcm /Users/jasonlee/Library/Developer/Xcode/DerivedData/ModuleCache.noindex/os_object-5LLS1B1DMLPB3O7CZM721TM2O.pcm /Users/jasonlee/Library/Developer/Xcode/DerivedData/ModuleCache.noindex/OSLog-6HPW9JWSLQGHKGYX5T6X8APQF.pcm /Users/jasonlee/Library/Developer/Xcode/DerivedData/ModuleCache.noindex/OpenGL-4K2O3YLF8ID4B4VOP29Y7ICY1.pcm /Users/jasonlee/Library/Developer/Xcode/DerivedData/ModuleCache.noindex/MachO-8DM6HP7GMICHOVYTVPK7FNR2B.pcm /Users/jasonlee/Library/Developer/Xcode/DerivedData/ModuleCache.noindex/_DarwinFoundation1-8SH7QHQHSSPSNE3C8PTVQ3F4G.pcm /Users/jasonlee/Library/Developer/Xcode/DerivedData/ModuleCache.noindex/AppKit-44LLXL6LTM5VBQLF0V48GEFEX.pcm /Users/jasonlee/Library/Developer/Xcode/DerivedData/ModuleCache.noindex/ColorSync-73768K6ZSEHQ3THVRXLS0UW5L.pcm /Users/jasonlee/Library/Developer/Xcode/DerivedData/ModuleCache.noindex/_Builtin_inttypes-8L3REPPSU1LFNCSAP3U2RO56E.pcm /Users/jasonlee/Library/Developer/Xcode/DerivedData/ModuleCache.noindex/IOKit-AW34XRESWB8I7K2E0HY0TVLOE.pcm /Users/jasonlee/Library/Developer/Xcode/DerivedData/ModuleCache.noindex/CoreFoundation-EXEQCMJSPCME20B2IH8M2RBEA.pcm /Users/jasonlee/Library/Developer/Xcode/DerivedData/ModuleCache.noindex/_DarwinFoundation3-8449J4NEJSYHNYD9AQHJLEP5I.pcm /Users/jasonlee/Library/Developer/Xcode/DerivedData/ModuleCache.noindex/CoreImage-MED9LBTZSW1YVNVWWFDSL9RA.pcm /Users/jasonlee/Library/Developer/Xcode/DerivedData/ModuleCache.noindex/_Builtin_stdarg-3CDCGZE9L5WT8RU4170FH0XPM.pcm /Users/jasonlee/Library/Developer/Xcode/DerivedData/ModuleCache.noindex/_Builtin_limits-A2D93QLEDFYZBTMGQE50A7J6L.pcm /Users/jasonlee/Library/Developer/Xcode/DerivedData/ModuleCache.noindex/Accessibility-D3VSV1I7B0ZSNOKE2H9NXMBWH.pcm /Users/jasonlee/Library/Developer/Xcode/DerivedData/ModuleCache.noindex/CoreServices-9BNM49A1V1AOJW227NTH41RR8.pcm /Users/jasonlee/Library/Developer/Xcode/DerivedData/ModuleCache.noindex/launch-BEQBYCQILK7I4BC7C5O610QC4.pcm /Users/jasonlee/Library/Developer/Xcode/DerivedData/ModuleCache.noindex/Metal-42Y50DRA5GZLNPZX39T9DCQDR.pcm /Users/jasonlee/Library/Developer/Xcode/DerivedData/ModuleCache.noindex/SwiftShims-F33ZQI6YMY74LDZRUMQX24UK9.pcm /Users/jasonlee/Library/Developer/Xcode/DerivedData/ModuleCache.noindex/CoreTransferable-85VISKXEPTQ2M3O4T24AG2EDQ.pcm /Users/jasonlee/Library/Developer/Xcode/DerivedData/ModuleCache.noindex/_Builtin_intrinsics-1M0YWW5ZSN8JGU3T70TN5AYBP.pcm /Users/jasonlee/Library/Developer/Xcode/DerivedData/ModuleCache.noindex/_Builtin_stdbool-8RV0YNJMYOD55Q606PTEO4G33.pcm /Users/jasonlee/Library/Developer/Xcode/DerivedData/ModuleCache.noindex/CoreText-2YYIC7VBKUTV9Q71OK1NKOYYA.pcm /Users/jasonlee/Library/Developer/Xcode/DerivedData/ModuleCache.noindex/Symbols-4VY12CUIZQ7MF1W2FU3UZKENY.pcm /Users/jasonlee/Library/Developer/Xcode/DerivedData/ModuleCache.noindex/SystemConfiguration-D3RJK1PFFA2YH715R1AYNSKXJ.pcm /Users/jasonlee/Library/Developer/Xcode/DerivedData/ModuleCache.noindex/SwiftUICore-AUYIN0FEVL4MUMR0Q04L8MMRA.pcm /Users/jasonlee/Library/Developer/Xcode/DerivedData/ModuleCache.noindex/Security-D99NHHB2YWBDCFMI95B40FXT9.pcm /Users/jasonlee/Library/Developer/Xcode/DerivedData/ModuleCache.noindex/DiskArbitration-BAT0A1SC1KYYDDVE48LOXV3MQ.pcm /Users/jasonlee/Library/Developer/Xcode/DerivedData/ModuleCache.noindex/_Builtin_stdatomic-A6OP9DUB1YUO3PBEKAJGK5M1O.pcm /Users/jasonlee/Library/Developer/Xcode/DerivedData/ModuleCache.noindex/ApplicationServices-D0R4H884NT9V41FJARENYXE9C.pcm /Users/jasonlee/Library/Developer/Xcode/DerivedData/ModuleCache.noindex/zlib-5NBSSC7TPXKLX84R49BUC499O.pcm /Users/jasonlee/Library/Developer/Xcode/DerivedData/ModuleCache.noindex/CoreGraphics-26XMIL84HZGPU6VS3F1H6CBCA.pcm /Users/jasonlee/Library/Developer/Xcode/DerivedData/ModuleCache.noindex/sys_types-322VM8GK1P0G4P43R0V6K9KDJ.pcm /Users/jasonlee/Library/Developer/Xcode/DerivedData/ModuleCache.noindex/simd-9FMDGKR36NBGHLADBCAIYD9YX.pcm /Users/jasonlee/Library/Developer/Xcode/DerivedData/ModuleCache.noindex/libDER-7OR3RSBWDN4SWATOMUQZQ8CHJ.pcm /Users/jasonlee/Library/Developer/Xcode/DerivedData/ModuleCache.noindex/SwiftUI-7QQ09HLJZM1QLRRGGPX89ZNJD.pcm /Users/jasonlee/Library/Developer/Xcode/DerivedData/ModuleCache.noindex/DataDetection-4JA8GK56UJ7JYIFIJYUHIH59.pcm /Users/jasonlee/Library/Developer/Xcode/DerivedData/ModuleCache.noindex/UniformTypeIdentifiers-75CO8QUIDUISM2HMEIFRVTYC6.pcm /Users/jasonlee/Library/Developer/Xcode/DerivedData/ModuleCache.noindex/_Builtin_stddef-1R68W4J7VJYOKTQ2RO86SRYS6.pcm /Users/jasonlee/Library/Developer/Xcode/DerivedData/ModuleCache.noindex/os-9R3FXF2PC8F1A0XCB18QKH874.pcm /Users/jasonlee/Library/Developer/Xcode/DerivedData/ModuleCache.noindex/Dispatch-7PVQ3LQGVPM82UOQKISDO4OHR.pcm /Users/jasonlee/Library/Developer/Xcode/DerivedData/ModuleCache.noindex/Spatial-7DICNCWKRO69LBW17N8HW0URY.pcm /Users/jasonlee/Library/Developer/Xcode/DerivedData/ModuleCache.noindex/_AvailabilityInternal-DHGB2QDBEVMT55S2668L9GD1W.pcm /Users/jasonlee/Library/Developer/Xcode/DerivedData/ModuleCache.noindex/QuartzCore-DHTZM9LX0A1YF9VZBCAGVVWXL.pcm /Users/jasonlee/Library/Developer/Xcode/DerivedData/ModuleCache.noindex/CFNetwork-2LVGDDK96JROQP2DSDBR6HM2G.pcm /Users/jasonlee/Library/Developer/Xcode/DerivedData/ModuleCache.noindex/ptrcheck-P5PIPOUXTXYM9SARTM012TXE.pcm /Users/jasonlee/Library/Developer/Xcode/DerivedData/ModuleCache.noindex/_DarwinFoundation2-2AC3CWL7D6OLUEPCB3YL43L5X.pcm /Users/jasonlee/Library/Developer/Xcode/DerivedData/ModuleCache.noindex/Darwin-7C413J2FWGYC8KBD2F9PHP5FZ.pcm /Users/jasonlee/Library/Developer/Xcode/DerivedData/ModuleCache.noindex/IOSurface-EXZNIGGZ2WGU6JQUB0SQKAY9.pcm /Users/jasonlee/Library/Developer/Xcode/DerivedData/ModuleCache.noindex/_Builtin_stdint-6X7WCZ5X7X1ZOPYNOSX4PVNAZ.pcm /Users/jasonlee/Library/Developer/Xcode/DerivedData/ModuleCache.noindex/XPC-94IPTFM38GPOULV6M6MRIR933.pcm /Users/jasonlee/Library/Developer/Xcode/DerivedData/ModuleCache.noindex/DeveloperToolsSupport-734D0A2LHFEA7L1FRZ8RVKUH2.pcm /Users/jasonlee/Library/Developer/Xcode/DerivedData/ModuleCache.noindex/_SwiftConcurrencyShims-DAQBP3W3AKOUN3K31AZ6FUXY0.pcm /Users/jasonlee/Library/Developer/Xcode/DerivedData/ModuleCache.noindex/libkern-7QG5SE7CX8O1TNE5L13F64YA5.pcm /Users/jasonlee/Library/Developer/Xcode/DerivedData/ModuleCache.noindex/ptrauth-4FS70LCZJV89YLOD5VLI6THH2.pcm /Users/jasonlee/Library/Developer/Xcode/DerivedData/ModuleCache.noindex/ImageIO-8QMOHNLSXOKUX0A87ILNKN9YT.pcm /Users/jasonlee/Library/Developer/Xcode/DerivedData/Notch-ddzsfiyxyoauidejndllmosklbkq/Build/Intermediates.noindex/PostHog.build/Release/PostHog.build/Objects-normal/arm64/PostHog-dependencies-2.json (in target 'PostHog' from project 'PostHog')
CompileSwift normal arm64 (in target 'PostHog' from project 'PostHog')
    cd /Users/jasonlee/Coding/App/Notch/Notch.xcodeproj
    

CompileC /Users/jasonlee/Library/Developer/Xcode/DerivedData/Notch-ddzsfiyxyoauidejndllmosklbkq/Build/Intermediates.noindex/PostHog.build/Release/phlibwebp.build/Objects-normal/x86_64/yuv_sse41.o /Users/jasonlee/Library/Developer/Xcode/DerivedData/Notch-ddzsfiyxyoauidejndllmosklbkq/SourcePackages/checkouts/posthog-ios/vendor/libwebp/yuv_sse41.c normal x86_64 c com.apple.compilers.llvm.clang.1_0.compiler (in target 'phlibwebp' from project 'PostHog')
    cd /Users/jasonlee/Coding/App/Notch/Notch.xcodeproj
    
    Using response file: /Users/jasonlee/Library/Developer/Xcode/DerivedData/Notch-ddzsfiyxyoauidejndllmosklbkq/Build/Intermediates.noindex/PostHog.build/Release/phlibwebp.build/Objects-normal/x86_64/7187679823f38a2a940e0043cdf9d637-common-args.resp
    
    /Applications/Xcode.app/Contents/Developer/Toolchains/XcodeDefault.xctoolchain/usr/bin/clang -x c -ivfsstatcache /Users/jasonlee/Library/Developer/Xcode/DerivedData/SDKStatCaches.noindex/macosx26.4-25E251-30f9ca8789b706f8bd3fc906a70d770f.sdkstatcache -target x86_64-apple-macos10.15 -fmessage-length\=0 -fdiagnostics-show-note-include-stack -fmacro-backtrace-limit\=0 -fno-color-diagnostics -fmodules-prune-interval\=86400 -fmodules-prune-after\=345600 -fbuild-session-file\=/Users/jasonlee/Library/Developer/Xcode/DerivedData/ModuleCache.noindex/Session.modulevalidation -fmodules-validate-once-per-build-session -Wnon-modular-include-in-framework-module -Werror\=non-modular-include-in-framework-module -Wno-trigraphs -Wno-missing-field-initializers -Wno-missing-prototypes -Wno-return-type -Wno-missing-braces -Wparentheses -Wswitch -Wno-unused-function -Wno-unused-label -Wno-unused-parameter -Wno-unused-variable -Wunused-value -Wno-empty-body -Wno-uninitialized -Wno-unknown-pragmas -w -Wno-shadow -Wno-four-char-constants -Wno-conversion -Wno-constant-conversion -Wno-int-conversion -Wno-bool-conversion -Wno-enum-conversion -Wno-float-conversion -Wno-non-literal-null-conversion -Wno-objc-literal-conversion -Wshorten-64-to-32 -Wpointer-sign -Wno-newline-eof -Wno-implicit-fallthrough -isysroot /Applications/Xcode.app/Contents/Developer/Platforms/MacOSX.platform/Developer/SDKs/MacOSX26.4.sdk -fstrict-aliasing -Wdeprecated-declarations -Wno-sign-conversion -Wno-infinite-recursion -Wno-comma -Wno-block-capture-autoreleasing -Wno-strict-prototypes -Wno-semicolon-before-method-body @/Users/jasonlee/Library/Developer/Xcode/DerivedData/Notch-ddzsfiyxyoauidejndllmosklbkq/Build/Intermediates.noindex/PostHog.build/Release/phlibwebp.build/Objects-normal/x86_64/7187679823f38a2a940e0043cdf9d637-common-args.resp -MMD -MT dependencies -MF /Users/jasonlee/Library/Developer/Xcode/DerivedData/Notch-ddzsfiyxyoauidejndllmosklbkq/Build/Intermediates.noindex/PostHog.build/Release/phlibwebp.build/Objects-normal/x86_64/yuv_sse41.d --serialize-diagnostics /Users/jasonlee/Library/Developer/Xcode/DerivedData/Notch-ddzsfiyxyoauidejndllmosklbkq/Build/Intermediates.noindex/PostHog.build/Release/phlibwebp.build/Objects-normal/x86_64/yuv_sse41.dia -c /Users/jasonlee/Library/Developer/Xcode/DerivedData/Notch-ddzsfiyxyoauidejndllmosklbkq/SourcePackages/checkouts/posthog-ios/vendor/libwebp/yuv_sse41.c -o /Users/jasonlee/Library/Developer/Xcode/DerivedData/Notch-ddzsfiyxyoauidejndllmosklbkq/Build/Intermediates.noindex/PostHog.build/Release/phlibwebp.build/Objects-normal/x86_64/yuv_sse41.o

CompileC /Users/jasonlee/Library/Developer/Xcode/DerivedData/Notch-ddzsfiyxyoauidejndllmosklbkq/Build/Intermediates.noindex/PostHog.build/Release/phlibwebp.build/Objects-normal/x86_64/yuv_sse2.o /Users/jasonlee/Library/Developer/Xcode/DerivedData/Notch-ddzsfiyxyoauidejndllmosklbkq/SourcePackages/checkouts/posthog-ios/vendor/libwebp/yuv_sse2.c normal x86_64 c com.apple.compilers.llvm.clang.1_0.compiler (in target 'phlibwebp' from project 'PostHog')
    cd /Users/jasonlee/Coding/App/Notch/Notch.xcodeproj
    
    Using response file: /Users/jasonlee/Library/Developer/Xcode/DerivedData/Notch-ddzsfiyxyoauidejndllmosklbkq/Build/Intermediates.noindex/PostHog.build/Release/phlibwebp.build/Objects-normal/x86_64/7187679823f38a2a940e0043cdf9d637-common-args.resp
    
    /Applications/Xcode.app/Contents/Developer/Toolchains/XcodeDefault.xctoolchain/usr/bin/clang -x c -ivfsstatcache /Users/jasonlee/Library/Developer/Xcode/DerivedData/SDKStatCaches.noindex/macosx26.4-25E251-30f9ca8789b706f8bd3fc906a70d770f.sdkstatcache -target x86_64-apple-macos10.15 -fmessage-length\=0 -fdiagnostics-show-note-include-stack -fmacro-backtrace-limit\=0 -fno-color-diagnostics -fmodules-prune-interval\=86400 -fmodules-prune-after\=345600 -fbuild-session-file\=/Users/jasonlee/Library/Developer/Xcode/DerivedData/ModuleCache.noindex/Session.modulevalidation -fmodules-validate-once-per-build-session -Wnon-modular-include-in-framework-module -Werror\=non-modular-include-in-framework-module -Wno-trigraphs -Wno-missing-field-initializers -Wno-missing-prototypes -Wno-return-type -Wno-missing-braces -Wparentheses -Wswitch -Wno-unused-function -Wno-unused-label -Wno-unused-parameter -Wno-unused-variable -Wunused-value -Wno-empty-body -Wno-uninitialized -Wno-unknown-pragmas -w -Wno-shadow -Wno-four-char-constants -Wno-conversion -Wno-constant-conversion -Wno-int-conversion -Wno-bool-conversion -Wno-enum-conversion -Wno-float-conversion -Wno-non-literal-null-conversion -Wno-objc-literal-conversion -Wshorten-64-to-32 -Wpointer-sign -Wno-newline-eof -Wno-implicit-fallthrough -isysroot /Applications/Xcode.app/Contents/Developer/Platforms/MacOSX.platform/Developer/SDKs/MacOSX26.4.sdk -fstrict-aliasing -Wdeprecated-declarations -Wno-sign-conversion -Wno-infinite-recursion -Wno-comma -Wno-block-capture-autoreleasing -Wno-strict-prototypes -Wno-semicolon-before-method-body @/Users/jasonlee/Library/Developer/Xcode/DerivedData/Notch-ddzsfiyxyoauidejndllmosklbkq/Build/Intermediates.noindex/PostHog.build/Release/phlibwebp.build/Objects-normal/x86_64/7187679823f38a2a940e0043cdf9d637-common-args.resp -MMD -MT dependencies -MF /Users/jasonlee/Library/Developer/Xcode/DerivedData/Notch-ddzsfiyxyoauidejndllmosklbkq/Build/Intermediates.noindex/PostHog.build/Release/phlibwebp.build/Objects-normal/x86_64/yuv_sse2.d --serialize-diagnostics /Users/jasonlee/Library/Developer/Xcode/DerivedData/Notch-ddzsfiyxyoauidejndllmosklbkq/Build/Intermediates.noindex/PostHog.build/Release/phlibwebp.build/Objects-normal/x86_64/yuv_sse2.dia -c /Users/jasonlee/Library/Developer/Xcode/DerivedData/Notch-ddzsfiyxyoauidejndllmosklbkq/SourcePackages/checkouts/posthog-ios/vendor/libwebp/yuv_sse2.c -o /Users/jasonlee/Library/Developer/Xcode/DerivedData/Notch-ddzsfiyxyoauidejndllmosklbkq/Build/Intermediates.noindex/PostHog.build/Release/phlibwebp.build/Objects-normal/x86_64/yuv_sse2.o

CompileC /Users/jasonlee/Library/Developer/Xcode/DerivedData/Notch-ddzsfiyxyoauidejndllmosklbkq/Build/Intermediates.noindex/PostHog.build/Release/phlibwebp.build/Objects-normal/x86_64/upsampling_sse41.o /Users/jasonlee/Library/Developer/Xcode/DerivedData/Notch-ddzsfiyxyoauidejndllmosklbkq/SourcePackages/checkouts/posthog-ios/vendor/libwebp/upsampling_sse41.c normal x86_64 c com.apple.compilers.llvm.clang.1_0.compiler (in target 'phlibwebp' from project 'PostHog')
    cd /Users/jasonlee/Coding/App/Notch/Notch.xcodeproj
    
    Using response file: /Users/jasonlee/Library/Developer/Xcode/DerivedData/Notch-ddzsfiyxyoauidejndllmosklbkq/Build/Intermediates.noindex/PostHog.build/Release/phlibwebp.build/Objects-normal/x86_64/7187679823f38a2a940e0043cdf9d637-common-args.resp
    
    /Applications/Xcode.app/Contents/Developer/Toolchains/XcodeDefault.xctoolchain/usr/bin/clang -x c -ivfsstatcache /Users/jasonlee/Library/Developer/Xcode/DerivedData/SDKStatCaches.noindex/macosx26.4-25E251-30f9ca8789b706f8bd3fc906a70d770f.sdkstatcache -target x86_64-apple-macos10.15 -fmessage-length\=0 -fdiagnostics-show-note-include-stack -fmacro-backtrace-limit\=0 -fno-color-diagnostics -fmodules-prune-interval\=86400 -fmodules-prune-after\=345600 -fbuild-session-file\=/Users/jasonlee/Library/Developer/Xcode/DerivedData/ModuleCache.noindex/Session.modulevalidation -fmodules-validate-once-per-build-session -Wnon-modular-include-in-framework-module -Werror\=non-modular-include-in-framework-module -Wno-trigraphs -Wno-missing-field-initializers -Wno-missing-prototypes -Wno-return-type -Wno-missing-braces -Wparentheses -Wswitch -Wno-unused-function -Wno-unused-label -Wno-unused-parameter -Wno-unused-variable -Wunused-value -Wno-empty-body -Wno-uninitialized -Wno-unknown-pragmas -w -Wno-shadow -Wno-four-char-constants -Wno-conversion -Wno-constant-conversion -Wno-int-conversion -Wno-bool-conversion -Wno-enum-conversion -Wno-float-conversion -Wno-non-literal-null-conversion -Wno-objc-literal-conversion -Wshorten-64-to-32 -Wpointer-sign -Wno-newline-eof -Wno-implicit-fallthrough -isysroot /Applications/Xcode.app/Contents/Developer/Platforms/MacOSX.platform/Developer/SDKs/MacOSX26.4.sdk -fstrict-aliasing -Wdeprecated-declarations -Wno-sign-conversion -Wno-infinite-recursion -Wno-comma -Wno-block-capture-autoreleasing -Wno-strict-prototypes -Wno-semicolon-before-method-body @/Users/jasonlee/Library/Developer/Xcode/DerivedData/Notch-ddzsfiyxyoauidejndllmosklbkq/Build/Intermediates.noindex/PostHog.build/Release/phlibwebp.build/Objects-normal/x86_64/7187679823f38a2a940e0043cdf9d637-common-args.resp -MMD -MT dependencies -MF /Users/jasonlee/Library/Developer/Xcode/DerivedData/Notch-ddzsfiyxyoauidejndllmosklbkq/Build/Intermediates.noindex/PostHog.build/Release/phlibwebp.build/Objects-normal/x86_64/upsampling_sse41.d --serialize-diagnostics /Users/jasonlee/Library/Developer/Xcode/DerivedData/Notch-ddzsfiyxyoauidejndllmosklbkq/Build/Intermediates.noindex/PostHog.build/Release/phlibwebp.build/Objects-normal/x86_64/upsampling_sse41.dia -c /Users/jasonlee/Library/Developer/Xcode/DerivedData/Notch-ddzsfiyxyoauidejndllmosklbkq/SourcePackages/checkouts/posthog-ios/vendor/libwebp/upsampling_sse41.c -o /Users/jasonlee/Library/Developer/Xcode/DerivedData/Notch-ddzsfiyxyoauidejndllmosklbkq/Build/Intermediates.noindex/PostHog.build/Release/phlibwebp.build/Objects-normal/x86_64/upsampling_sse41.o

CompileC /Users/jasonlee/Library/Developer/Xcode/DerivedData/Notch-ddzsfiyxyoauidejndllmosklbkq/Build/Intermediates.noindex/PostHog.build/Release/phlibwebp.build/Objects-normal/x86_64/upsampling_sse2.o /Users/jasonlee/Library/Developer/Xcode/DerivedData/Notch-ddzsfiyxyoauidejndllmosklbkq/SourcePackages/checkouts/posthog-ios/vendor/libwebp/upsampling_sse2.c normal x86_64 c com.apple.compilers.llvm.clang.1_0.compiler (in target 'phlibwebp' from project 'PostHog')
    cd /Users/jasonlee/Coding/App/Notch/Notch.xcodeproj
    
    Using response file: /Users/jasonlee/Library/Developer/Xcode/DerivedData/Notch-ddzsfiyxyoauidejndllmosklbkq/Build/Intermediates.noindex/PostHog.build/Release/phlibwebp.build/Objects-normal/x86_64/7187679823f38a2a940e0043cdf9d637-common-args.resp
    
    /Applications/Xcode.app/Contents/Developer/Toolchains/XcodeDefault.xctoolchain/usr/bin/clang -x c -ivfsstatcache /Users/jasonlee/Library/Developer/Xcode/DerivedData/SDKStatCaches.noindex/macosx26.4-25E251-30f9ca8789b706f8bd3fc906a70d770f.sdkstatcache -target x86_64-apple-macos10.15 -fmessage-length\=0 -fdiagnostics-show-note-include-stack -fmacro-backtrace-limit\=0 -fno-color-diagnostics -fmodules-prune-interval\=86400 -fmodules-prune-after\=345600 -fbuild-session-file\=/Users/jasonlee/Library/Developer/Xcode/DerivedData/ModuleCache.noindex/Session.modulevalidation -fmodules-validate-once-per-build-session -Wnon-modular-include-in-framework-module -Werror\=non-modular-include-in-framework-module -Wno-trigraphs -Wno-missing-field-initializers -Wno-missing-prototypes -Wno-return-type -Wno-missing-braces -Wparentheses -Wswitch -Wno-unused-function -Wno-unused-label -Wno-unused-parameter -Wno-unused-variable -Wunused-value -Wno-empty-body -Wno-uninitialized -Wno-unknown-pragmas -w -Wno-shadow -Wno-four-char-constants -Wno-conversion -Wno-constant-conversion -Wno-int-conversion -Wno-bool-conversion -Wno-enum-conversion -Wno-float-conversion -Wno-non-literal-null-conversion -Wno-objc-literal-conversion -Wshorten-64-to-32 -Wpointer-sign -Wno-newline-eof -Wno-implicit-fallthrough -isysroot /Applications/Xcode.app/Contents/Developer/Platforms/MacOSX.platform/Developer/SDKs/MacOSX26.4.sdk -fstrict-aliasing -Wdeprecated-declarations -Wno-sign-conversion -Wno-infinite-recursion -Wno-comma -Wno-block-capture-autoreleasing -Wno-strict-prototypes -Wno-semicolon-before-method-body @/Users/jasonlee/Library/Developer/Xcode/DerivedData/Notch-ddzsfiyxyoauidejndllmosklbkq/Build/Intermediates.noindex/PostHog.build/Release/phlibwebp.build/Objects-normal/x86_64/7187679823f38a2a940e0043cdf9d637-common-args.resp -MMD -MT dependencies -MF /Users/jasonlee/Library/Developer/Xcode/DerivedData/Notch-ddzsfiyxyoauidejndllmosklbkq/Build/Intermediates.noindex/PostHog.build/Release/phlibwebp.build/Objects-normal/x86_64/upsampling_sse2.d --serialize-diagnostics /Users/jasonlee/Library/Developer/Xcode/DerivedData/Notch-ddzsfiyxyoauidejndllmosklbkq/Build/Intermediates.noindex/PostHog.build/Release/phlibwebp.build/Objects-normal/x86_64/upsampling_sse2.dia -c /Users/jasonlee/Library/Developer/Xcode/DerivedData/Notch-ddzsfiyxyoauidejndllmosklbkq/SourcePackages/checkouts/posthog-ios/vendor/libwebp/upsampling_sse2.c -o /Users/jasonlee/Library/Developer/Xcode/DerivedData/Notch-ddzsfiyxyoauidejndllmosklbkq/Build/Intermediates.noindex/PostHog.build/Release/phlibwebp.build/Objects-normal/x86_64/upsampling_sse2.o

CompileC /Users/jasonlee/Library/Developer/Xcode/DerivedData/Notch-ddzsfiyxyoauidejndllmosklbkq/Build/Intermediates.noindex/PostHog.build/Release/phlibwebp.build/Objects-normal/x86_64/ssim_sse2.o /Users/jasonlee/Library/Developer/Xcode/DerivedData/Notch-ddzsfiyxyoauidejndllmosklbkq/SourcePackages/checkouts/posthog-ios/vendor/libwebp/ssim_sse2.c normal x86_64 c com.apple.compilers.llvm.clang.1_0.compiler (in target 'phlibwebp' from project 'PostHog')
    cd /Users/jasonlee/Coding/App/Notch/Notch.xcodeproj
    
    Using response file: /Users/jasonlee/Library/Developer/Xcode/DerivedData/Notch-ddzsfiyxyoauidejndllmosklbkq/Build/Intermediates.noindex/PostHog.build/Release/phlibwebp.build/Objects-normal/x86_64/7187679823f38a2a940e0043cdf9d637-common-args.resp
    
    /Applications/Xcode.app/Contents/Developer/Toolchains/XcodeDefault.xctoolchain/usr/bin/clang -x c -ivfsstatcache /Users/jasonlee/Library/Developer/Xcode/DerivedData/SDKStatCaches.noindex/macosx26.4-25E251-30f9ca8789b706f8bd3fc906a70d770f.sdkstatcache -target x86_64-apple-macos10.15 -fmessage-length\=0 -fdiagnostics-show-note-include-stack -fmacro-backtrace-limit\=0 -fno-color-diagnostics -fmodules-prune-interval\=86400 -fmodules-prune-after\=345600 -fbuild-session-file\=/Users/jasonlee/Library/Developer/Xcode/DerivedData/ModuleCache.noindex/Session.modulevalidation -fmodules-validate-once-per-build-session -Wnon-modular-include-in-framework-module -Werror\=non-modular-include-in-framework-module -Wno-trigraphs -Wno-missing-field-initializers -Wno-missing-prototypes -Wno-return-type -Wno-missing-braces -Wparentheses -Wswitch -Wno-unused-function -Wno-unused-label -Wno-unused-parameter -Wno-unused-variable -Wunused-value -Wno-empty-body -Wno-uninitialized -Wno-unknown-pragmas -w -Wno-shadow -Wno-four-char-constants -Wno-conversion -Wno-constant-conversion -Wno-int-conversion -Wno-bool-conversion -Wno-enum-conversion -Wno-float-conversion -Wno-non-literal-null-conversion -Wno-objc-literal-conversion -Wshorten-64-to-32 -Wpointer-sign -Wno-newline-eof -Wno-implicit-fallthrough -isysroot /Applications/Xcode.app/Contents/Developer/Platforms/MacOSX.platform/Developer/SDKs/MacOSX26.4.sdk -fstrict-aliasing -Wdeprecated-declarations -Wno-sign-conversion -Wno-infinite-recursion -Wno-comma -Wno-block-capture-autoreleasing -Wno-strict-prototypes -Wno-semicolon-before-method-body @/Users/jasonlee/Library/Developer/Xcode/DerivedData/Notch-ddzsfiyxyoauidejndllmosklbkq/Build/Intermediates.noindex/PostHog.build/Release/phlibwebp.build/Objects-normal/x86_64/7187679823f38a2a940e0043cdf9d637-common-args.resp -MMD -MT dependencies -MF /Users/jasonlee/Library/Developer/Xcode/DerivedData/Notch-ddzsfiyxyoauidejndllmosklbkq/Build/Intermediates.noindex/PostHog.build/Release/phlibwebp.build/Objects-normal/x86_64/ssim_sse2.d --serialize-diagnostics /Users/jasonlee/Library/Developer/Xcode/DerivedData/Notch-ddzsfiyxyoauidejndllmosklbkq/Build/Intermediates.noindex/PostHog.build/Release/phlibwebp.build/Objects-normal/x86_64/ssim_sse2.dia -c /Users/jasonlee/Library/Developer/Xcode/DerivedData/Notch-ddzsfiyxyoauidejndllmosklbkq/SourcePackages/checkouts/posthog-ios/vendor/libwebp/ssim_sse2.c -o /Users/jasonlee/Library/Developer/Xcode/DerivedData/Notch-ddzsfiyxyoauidejndllmosklbkq/Build/Intermediates.noindex/PostHog.build/Release/phlibwebp.build/Objects-normal/x86_64/ssim_sse2.o

CompileC /Users/jasonlee/Library/Developer/Xcode/DerivedData/Notch-ddzsfiyxyoauidejndllmosklbkq/Build/Intermediates.noindex/PostHog.build/Release/phlibwebp.build/Objects-normal/x86_64/ssim.o /Users/jasonlee/Library/Developer/Xcode/DerivedData/Notch-ddzsfiyxyoauidejndllmosklbkq/SourcePackages/checkouts/posthog-ios/vendor/libwebp/ssim.c normal x86_64 c com.apple.compilers.llvm.clang.1_0.compiler (in target 'phlibwebp' from project 'PostHog')
    cd /Users/jasonlee/Coding/App/Notch/Notch.xcodeproj
    
    Using response file: /Users/jasonlee/Library/Developer/Xcode/DerivedData/Notch-ddzsfiyxyoauidejndllmosklbkq/Build/Intermediates.noindex/PostHog.build/Release/phlibwebp.build/Objects-normal/x86_64/7187679823f38a2a940e0043cdf9d637-common-args.resp
    
    /Applications/Xcode.app/Contents/Developer/Toolchains/XcodeDefault.xctoolchain/usr/bin/clang -x c -ivfsstatcache /Users/jasonlee/Library/Developer/Xcode/DerivedData/SDKStatCaches.noindex/macosx26.4-25E251-30f9ca8789b706f8bd3fc906a70d770f.sdkstatcache -target x86_64-apple-macos10.15 -fmessage-length\=0 -fdiagnostics-show-note-include-stack -fmacro-backtrace-limit\=0 -fno-color-diagnostics -fmodules-prune-interval\=86400 -fmodules-prune-after\=345600 -fbuild-session-file\=/Users/jasonlee/Library/Developer/Xcode/DerivedData/ModuleCache.noindex/Session.modulevalidation -fmodules-validate-once-per-build-session -Wnon-modular-include-in-framework-module -Werror\=non-modular-include-in-framework-module -Wno-trigraphs -Wno-missing-field-initializers -Wno-missing-prototypes -Wno-return-type -Wno-missing-braces -Wparentheses -Wswitch -Wno-unused-function -Wno-unused-label -Wno-unused-parameter -Wno-unused-variable -Wunused-value -Wno-empty-body -Wno-uninitialized -Wno-unknown-pragmas -w -Wno-shadow -Wno-four-char-constants -Wno-conversion -Wno-constant-conversion -Wno-int-conversion -Wno-bool-conversion -Wno-enum-conversion -Wno-float-conversion -Wno-non-literal-null-conversion -Wno-objc-literal-conversion -Wshorten-64-to-32 -Wpointer-sign -Wno-newline-eof -Wno-implicit-fallthrough -isysroot /Applications/Xcode.app/Contents/Developer/Platforms/MacOSX.platform/Developer/SDKs/MacOSX26.4.sdk -fstrict-aliasing -Wdeprecated-declarations -Wno-sign-conversion -Wno-infinite-recursion -Wno-comma -Wno-block-capture-autoreleasing -Wno-strict-prototypes -Wno-semicolon-before-method-body @/Users/jasonlee/Library/Developer/Xcode/DerivedData/Notch-ddzsfiyxyoauidejndllmosklbkq/Build/Intermediates.noindex/PostHog.build/Release/phlibwebp.build/Objects-normal/x86_64/7187679823f38a2a940e0043cdf9d637-common-args.resp -MMD -MT dependencies -MF /Users/jasonlee/Library/Developer/Xcode/DerivedData/Notch-ddzsfiyxyoauidejndllmosklbkq/Build/Intermediates.noindex/PostHog.build/Release/phlibwebp.build/Objects-normal/x86_64/ssim.d --serialize-diagnostics /Users/jasonlee/Library/Developer/Xcode/DerivedData/Notch-ddzsfiyxyoauidejndllmosklbkq/Build/Intermediates.noindex/PostHog.build/Release/phlibwebp.build/Objects-normal/x86_64/ssim.dia -c /Users/jasonlee/Library/Developer/Xcode/DerivedData/Notch-ddzsfiyxyoauidejndllmosklbkq/SourcePackages/checkouts/posthog-ios/vendor/libwebp/ssim.c -o /Users/jasonlee/Library/Developer/Xcode/DerivedData/Notch-ddzsfiyxyoauidejndllmosklbkq/Build/Intermediates.noindex/PostHog.build/Release/phlibwebp.build/Objects-normal/x86_64/ssim.o

CompileC /Users/jasonlee/Library/Developer/Xcode/DerivedData/Notch-ddzsfiyxyoauidejndllmosklbkq/Build/Intermediates.noindex/PostHog.build/Release/phlibwebp.build/Objects-normal/x86_64/sharpyuv_sse2.o /Users/jasonlee/Library/Developer/Xcode/DerivedData/Notch-ddzsfiyxyoauidejndllmosklbkq/SourcePackages/checkouts/posthog-ios/vendor/libwebp/sharpyuv_sse2.c normal x86_64 c com.apple.compilers.llvm.clang.1_0.compiler (in target 'phlibwebp' from project 'PostHog')
    cd /Users/jasonlee/Coding/App/Notch/Notch.xcodeproj
    
    Using response file: /Users/jasonlee/Library/Developer/Xcode/DerivedData/Notch-ddzsfiyxyoauidejndllmosklbkq/Build/Intermediates.noindex/PostHog.build/Release/phlibwebp.build/Objects-normal/x86_64/7187679823f38a2a940e0043cdf9d637-common-args.resp
    
    /Applications/Xcode.app/Contents/Developer/Toolchains/XcodeDefault.xctoolchain/usr/bin/clang -x c -ivfsstatcache /Users/jasonlee/Library/Developer/Xcode/DerivedData/SDKStatCaches.noindex/macosx26.4-25E251-30f9ca8789b706f8bd3fc906a70d770f.sdkstatcache -target x86_64-apple-macos10.15 -fmessage-length\=0 -fdiagnostics-show-note-include-stack -fmacro-backtrace-limit\=0 -fno-color-diagnostics -fmodules-prune-interval\=86400 -fmodules-prune-after\=345600 -fbuild-session-file\=/Users/jasonlee/Library/Developer/Xcode/DerivedData/ModuleCache.noindex/Session.modulevalidation -fmodules-validate-once-per-build-session -Wnon-modular-include-in-framework-module -Werror\=non-modular-include-in-framework-module -Wno-trigraphs -Wno-missing-field-initializers -Wno-missing-prototypes -Wno-return-type -Wno-missing-braces -Wparentheses -Wswitch -Wno-unused-function -Wno-unused-label -Wno-unused-parameter -Wno-unused-variable -Wunused-value -Wno-empty-body -Wno-uninitialized -Wno-unknown-pragmas -w -Wno-shadow -Wno-four-char-constants -Wno-conversion -Wno-constant-conversion -Wno-int-conversion -Wno-bool-conversion -Wno-enum-conversion -Wno-float-conversion -Wno-non-literal-null-conversion -Wno-objc-literal-conversion -Wshorten-64-to-32 -Wpointer-sign -Wno-newline-eof -Wno-implicit-fallthrough -isysroot /Applications/Xcode.app/Contents/Developer/Platforms/MacOSX.platform/Developer/SDKs/MacOSX26.4.sdk -fstrict-aliasing -Wdeprecated-declarations -Wno-sign-conversion -Wno-infinite-recursion -Wno-comma -Wno-block-capture-autoreleasing -Wno-strict-prototypes -Wno-semicolon-before-method-body @/Users/jasonlee/Library/Developer/Xcode/DerivedData/Notch-ddzsfiyxyoauidejndllmosklbkq/Build/Intermediates.noindex/PostHog.build/Release/phlibwebp.build/Objects-normal/x86_64/7187679823f38a2a940e0043cdf9d637-common-args.resp -MMD -MT dependencies -MF /Users/jasonlee/Library/Developer/Xcode/DerivedData/Notch-ddzsfiyxyoauidejndllmosklbkq/Build/Intermediates.noindex/PostHog.build/Release/phlibwebp.build/Objects-normal/x86_64/sharpyuv_sse2.d --serialize-diagnostics /Users/jasonlee/Library/Developer/Xcode/DerivedData/Notch-ddzsfiyxyoauidejndllmosklbkq/Build/Intermediates.noindex/PostHog.build/Release/phlibwebp.build/Objects-normal/x86_64/sharpyuv_sse2.dia -c /Users/jasonlee/Library/Developer/Xcode/DerivedData/Notch-ddzsfiyxyoauidejndllmosklbkq/SourcePackages/checkouts/posthog-ios/vendor/libwebp/sharpyuv_sse2.c -o /Users/jasonlee/Library/Developer/Xcode/DerivedData/Notch-ddzsfiyxyoauidejndllmosklbkq/Build/Intermediates.noindex/PostHog.build/Release/phlibwebp.build/Objects-normal/x86_64/sharpyuv_sse2.o

CompileC /Users/jasonlee/Library/Developer/Xcode/DerivedData/Notch-ddzsfiyxyoauidejndllmosklbkq/Build/Intermediates.noindex/PostHog.build/Release/phlibwebp.build/Objects-normal/x86_64/sharpyuv_neon.o /Users/jasonlee/Library/Developer/Xcode/DerivedData/Notch-ddzsfiyxyoauidejndllmosklbkq/SourcePackages/checkouts/posthog-ios/vendor/libwebp/sharpyuv_neon.c normal x86_64 c com.apple.compilers.llvm.clang.1_0.compiler (in target 'phlibwebp' from project 'PostHog')
    cd /Users/jasonlee/Coding/App/Notch/Notch.xcodeproj
    
    Using response file: /Users/jasonlee/Library/Developer/Xcode/DerivedData/Notch-ddzsfiyxyoauidejndllmosklbkq/Build/Intermediates.noindex/PostHog.build/Release/phlibwebp.build/Objects-normal/x86_64/7187679823f38a2a940e0043cdf9d637-common-args.resp
    
    /Applications/Xcode.app/Contents/Developer/Toolchains/XcodeDefault.xctoolchain/usr/bin/clang -x c -ivfsstatcache /Users/jasonlee/Library/Developer/Xcode/DerivedData/SDKStatCaches.noindex/macosx26.4-25E251-30f9ca8789b706f8bd3fc906a70d770f.sdkstatcache -target x86_64-apple-macos10.15 -fmessage-length\=0 -fdiagnostics-show-note-include-stack -fmacro-backtrace-limit\=0 -fno-color-diagnostics -fmodules-prune-interval\=86400 -fmodules-prune-after\=345600 -fbuild-session-file\=/Users/jasonlee/Library/Developer/Xcode/DerivedData/ModuleCache.noindex/Session.modulevalidation -fmodules-validate-once-per-build-session -Wnon-modular-include-in-framework-module -Werror\=non-modular-include-in-framework-module -Wno-trigraphs -Wno-missing-field-initializers -Wno-missing-prototypes -Wno-return-type -Wno-missing-braces -Wparentheses -Wswitch -Wno-unused-function -Wno-unused-label -Wno-unused-parameter -Wno-unused-variable -Wunused-value -Wno-empty-body -Wno-uninitialized -Wno-unknown-pragmas -w -Wno-shadow -Wno-four-char-constants -Wno-conversion -Wno-constant-conversion -Wno-int-conversion -Wno-bool-conversion -Wno-enum-conversion -Wno-float-conversion -Wno-non-literal-null-conversion -Wno-objc-literal-conversion -Wshorten-64-to-32 -Wpointer-sign -Wno-newline-eof -Wno-implicit-fallthrough -isysroot /Applications/Xcode.app/Contents/Developer/Platforms/MacOSX.platform/Developer/SDKs/MacOSX26.4.sdk -fstrict-aliasing -Wdeprecated-declarations -Wno-sign-conversion -Wno-infinite-recursion -Wno-comma -Wno-block-capture-autoreleasing -Wno-strict-prototypes -Wno-semicolon-before-method-body @/Users/jasonlee/Library/Developer/Xcode/DerivedData/Notch-ddzsfiyxyoauidejndllmosklbkq/Build/Intermediates.noindex/PostHog.build/Release/phlibwebp.build/Objects-normal/x86_64/7187679823f38a2a940e0043cdf9d637-common-args.resp -MMD -MT dependencies -MF /Users/jasonlee/Library/Developer/Xcode/DerivedData/Notch-ddzsfiyxyoauidejndllmosklbkq/Build/Intermediates.noindex/PostHog.build/Release/phlibwebp.build/Objects-normal/x86_64/sharpyuv_neon.d --serialize-diagnostics /Users/jasonlee/Library/Developer/Xcode/DerivedData/Notch-ddzsfiyxyoauidejndllmosklbkq/Build/Intermediates.noindex/PostHog.build/Release/phlibwebp.build/Objects-normal/x86_64/sharpyuv_neon.dia -c /Users/jasonlee/Library/Developer/Xcode/DerivedData/Notch-ddzsfiyxyoauidejndllmosklbkq/SourcePackages/checkouts/posthog-ios/vendor/libwebp/sharpyuv_neon.c -o /Users/jasonlee/Library/Developer/Xcode/DerivedData/Notch-ddzsfiyxyoauidejndllmosklbkq/Build/Intermediates.noindex/PostHog.build/Release/phlibwebp.build/Objects-normal/x86_64/sharpyuv_neon.o

CompileC /Users/jasonlee/Library/Developer/Xcode/DerivedData/Notch-ddzsfiyxyoauidejndllmosklbkq/Build/Intermediates.noindex/PostHog.build/Release/phlibwebp.build/Objects-normal/x86_64/sharpyuv_gamma.o /Users/jasonlee/Library/Developer/Xcode/DerivedData/Notch-ddzsfiyxyoauidejndllmosklbkq/SourcePackages/checkouts/posthog-ios/vendor/libwebp/sharpyuv_gamma.c normal x86_64 c com.apple.compilers.llvm.clang.1_0.compiler (in target 'phlibwebp' from project 'PostHog')
    cd /Users/jasonlee/Coding/App/Notch/Notch.xcodeproj
    
    Using response file: /Users/jasonlee/Library/Developer/Xcode/DerivedData/Notch-ddzsfiyxyoauidejndllmosklbkq/Build/Intermediates.noindex/PostHog.build/Release/phlibwebp.build/Objects-normal/x86_64/7187679823f38a2a940e0043cdf9d637-common-args.resp
    
    /Applications/Xcode.app/Contents/Developer/Toolchains/XcodeDefault.xctoolchain/usr/bin/clang -x c -ivfsstatcache /Users/jasonlee/Library/Developer/Xcode/DerivedData/SDKStatCaches.noindex/macosx26.4-25E251-30f9ca8789b706f8bd3fc906a70d770f.sdkstatcache -target x86_64-apple-macos10.15 -fmessage-length\=0 -fdiagnostics-show-note-include-stack -fmacro-backtrace-limit\=0 -fno-color-diagnostics -fmodules-prune-interval\=86400 -fmodules-prune-after\=345600 -fbuild-session-file\=/Users/jasonlee/Library/Developer/Xcode/DerivedData/ModuleCache.noindex/Session.modulevalidation -fmodules-validate-once-per-build-session -Wnon-modular-include-in-framework-module -Werror\=non-modular-include-in-framework-module -Wno-trigraphs -Wno-missing-field-initializers -Wno-missing-prototypes -Wno-return-type -Wno-missing-braces -Wparentheses -Wswitch -Wno-unused-function -Wno-unused-label -Wno-unused-parameter -Wno-unused-variable -Wunused-value -Wno-empty-body -Wno-uninitialized -Wno-unknown-pragmas -w -Wno-shadow -Wno-four-char-constants -Wno-conversion -Wno-constant-conversion -Wno-int-conversion -Wno-bool-conversion -Wno-enum-conversion -Wno-float-conversion -Wno-non-literal-null-conversion -Wno-objc-literal-conversion -Wshorten-64-to-32 -Wpointer-sign -Wno-newline-eof -Wno-implicit-fallthrough -isysroot /Applications/Xcode.app/Contents/Developer/Platforms/MacOSX.platform/Developer/SDKs/MacOSX26.4.sdk -fstrict-aliasing -Wdeprecated-declarations -Wno-sign-conversion -Wno-infinite-recursion -Wno-comma -Wno-block-capture-autoreleasing -Wno-strict-prototypes -Wno-semicolon-before-method-body @/Users/jasonlee/Library/Developer/Xcode/DerivedData/Notch-ddzsfiyxyoauidejndllmosklbkq/Build/Intermediates.noindex/PostHog.build/Release/phlibwebp.build/Objects-normal/x86_64/7187679823f38a2a940e0043cdf9d637-common-args.resp -MMD -MT dependencies -MF /Users/jasonlee/Library/Developer/Xcode/DerivedData/Notch-ddzsfiyxyoauidejndllmosklbkq/Build/Intermediates.noindex/PostHog.build/Release/phlibwebp.build/Objects-normal/x86_64/sharpyuv_gamma.d --serialize-diagnostics /Users/jasonlee/Library/Developer/Xcode/DerivedData/Notch-ddzsfiyxyoauidejndllmosklbkq/Build/Intermediates.noindex/PostHog.build/Release/phlibwebp.build/Objects-normal/x86_64/sharpyuv_gamma.dia -c /Users/jasonlee/Library/Developer/Xcode/DerivedData/Notch-ddzsfiyxyoauidejndllmosklbkq/SourcePackages/checkouts/posthog-ios/vendor/libwebp/sharpyuv_gamma.c -o /Users/jasonlee/Library/Developer/Xcode/DerivedData/Notch-ddzsfiyxyoauidejndllmosklbkq/Build/Intermediates.noindex/PostHog.build/Release/phlibwebp.build/Objects-normal/x86_64/sharpyuv_gamma.o

CompileC /Users/jasonlee/Library/Developer/Xcode/DerivedData/Notch-ddzsfiyxyoauidejndllmosklbkq/Build/Intermediates.noindex/PostHog.build/Release/phlibwebp.build/Objects-normal/x86_64/sharpyuv_dsp.o /Users/jasonlee/Library/Developer/Xcode/DerivedData/Notch-ddzsfiyxyoauidejndllmosklbkq/SourcePackages/checkouts/posthog-ios/vendor/libwebp/sharpyuv_dsp.c normal x86_64 c com.apple.compilers.llvm.clang.1_0.compiler (in target 'phlibwebp' from project 'PostHog')
    cd /Users/jasonlee/Coding/App/Notch/Notch.xcodeproj
    
    Using response file: /Users/jasonlee/Library/Developer/Xcode/DerivedData/Notch-ddzsfiyxyoauidejndllmosklbkq/Build/Intermediates.noindex/PostHog.build/Release/phlibwebp.build/Objects-normal/x86_64/7187679823f38a2a940e0043cdf9d637-common-args.resp
    
    /Applications/Xcode.app/Contents/Developer/Toolchains/XcodeDefault.xctoolchain/usr/bin/clang -x c -ivfsstatcache /Users/jasonlee/Library/Developer/Xcode/DerivedData/SDKStatCaches.noindex/macosx26.4-25E251-30f9ca8789b706f8bd3fc906a70d770f.sdkstatcache -target x86_64-apple-macos10.15 -fmessage-length\=0 -fdiagnostics-show-note-include-stack -fmacro-backtrace-limit\=0 -fno-color-diagnostics -fmodules-prune-interval\=86400 -fmodules-prune-after\=345600 -fbuild-session-file\=/Users/jasonlee/Library/Developer/Xcode/DerivedData/ModuleCache.noindex/Session.modulevalidation -fmodules-validate-once-per-build-session -Wnon-modular-include-in-framework-module -Werror\=non-modular-include-in-framework-module -Wno-trigraphs -Wno-missing-field-initializers -Wno-missing-prototypes -Wno-return-type -Wno-missing-braces -Wparentheses -Wswitch -Wno-unused-function -Wno-unused-label -Wno-unused-parameter -Wno-unused-variable -Wunused-value -Wno-empty-body -Wno-uninitialized -Wno-unknown-pragmas -w -Wno-shadow -Wno-four-char-constants -Wno-conversion -Wno-constant-conversion -Wno-int-conversion -Wno-bool-conversion -Wno-enum-conversion -Wno-float-conversion -Wno-non-literal-null-conversion -Wno-objc-literal-conversion -Wshorten-64-to-32 -Wpointer-sign -Wno-newline-eof -Wno-implicit-fallthrough -isysroot /Applications/Xcode.app/Contents/Developer/Platforms/MacOSX.platform/Developer/SDKs/MacOSX26.4.sdk -fstrict-aliasing -Wdeprecated-declarations -Wno-sign-conversion -Wno-infinite-recursion -Wno-comma -Wno-block-capture-autoreleasing -Wno-strict-prototypes -Wno-semicolon-before-method-body @/Users/jasonlee/Library/Developer/Xcode/DerivedData/Notch-ddzsfiyxyoauidejndllmosklbkq/Build/Intermediates.noindex/PostHog.build/Release/phlibwebp.build/Objects-normal/x86_64/7187679823f38a2a940e0043cdf9d637-common-args.resp -MMD -MT dependencies -MF /Users/jasonlee/Library/Developer/Xcode/DerivedData/Notch-ddzsfiyxyoauidejndllmosklbkq/Build/Intermediates.noindex/PostHog.build/Release/phlibwebp.build/Objects-normal/x86_64/sharpyuv_dsp.d --serialize-diagnostics /Users/jasonlee/Library/Developer/Xcode/DerivedData/Notch-ddzsfiyxyoauidejndllmosklbkq/Build/Intermediates.noindex/PostHog.build/Release/phlibwebp.build/Objects-normal/x86_64/sharpyuv_dsp.dia -c /Users/jasonlee/Library/Developer/Xcode/DerivedData/Notch-ddzsfiyxyoauidejndllmosklbkq/SourcePackages/checkouts/posthog-ios/vendor/libwebp/sharpyuv_dsp.c -o /Users/jasonlee/Library/Developer/Xcode/DerivedData/Notch-ddzsfiyxyoauidejndllmosklbkq/Build/Intermediates.noindex/PostHog.build/Release/phlibwebp.build/Objects-normal/x86_64/sharpyuv_dsp.o

CompileC /Users/jasonlee/Library/Developer/Xcode/DerivedData/Notch-ddzsfiyxyoauidejndllmosklbkq/Build/Intermediates.noindex/PostHog.build/Release/phlibwebp.build/Objects-normal/x86_64/sharpyuv_csp.o /Users/jasonlee/Library/Developer/Xcode/DerivedData/Notch-ddzsfiyxyoauidejndllmosklbkq/SourcePackages/checkouts/posthog-ios/vendor/libwebp/sharpyuv_csp.c normal x86_64 c com.apple.compilers.llvm.clang.1_0.compiler (in target 'phlibwebp' from project 'PostHog')
    cd /Users/jasonlee/Coding/App/Notch/Notch.xcodeproj
    
    Using response file: /Users/jasonlee/Library/Developer/Xcode/DerivedData/Notch-ddzsfiyxyoauidejndllmosklbkq/Build/Intermediates.noindex/PostHog.build/Release/phlibwebp.build/Objects-normal/x86_64/7187679823f38a2a940e0043cdf9d637-common-args.resp
    
    /Applications/Xcode.app/Contents/Developer/Toolchains/XcodeDefault.xctoolchain/usr/bin/clang -x c -ivfsstatcache /Users/jasonlee/Library/Developer/Xcode/DerivedData/SDKStatCaches.noindex/macosx26.4-25E251-30f9ca8789b706f8bd3fc906a70d770f.sdkstatcache -target x86_64-apple-macos10.15 -fmessage-length\=0 -fdiagnostics-show-note-include-stack -fmacro-backtrace-limit\=0 -fno-color-diagnostics -fmodules-prune-interval\=86400 -fmodules-prune-after\=345600 -fbuild-session-file\=/Users/jasonlee/Library/Developer/Xcode/DerivedData/ModuleCache.noindex/Session.modulevalidation -fmodules-validate-once-per-build-session -Wnon-modular-include-in-framework-module -Werror\=non-modular-include-in-framework-module -Wno-trigraphs -Wno-missing-field-initializers -Wno-missing-prototypes -Wno-return-type -Wno-missing-braces -Wparentheses -Wswitch -Wno-unused-function -Wno-unused-label -Wno-unused-parameter -Wno-unused-variable -Wunused-value -Wno-empty-body -Wno-uninitialized -Wno-unknown-pragmas -w -Wno-shadow -Wno-four-char-constants -Wno-conversion -Wno-constant-conversion -Wno-int-conversion -Wno-bool-conversion -Wno-enum-conversion -Wno-float-conversion -Wno-non-literal-null-conversion -Wno-objc-literal-conversion -Wshorten-64-to-32 -Wpointer-sign -Wno-newline-eof -Wno-implicit-fallthrough -isysroot /Applications/Xcode.app/Contents/Developer/Platforms/MacOSX.platform/Developer/SDKs/MacOSX26.4.sdk -fstrict-aliasing -Wdeprecated-declarations -Wno-sign-conversion -Wno-infinite-recursion -Wno-comma -Wno-block-capture-autoreleasing -Wno-strict-prototypes -Wno-semicolon-before-method-body @/Users/jasonlee/Library/Developer/Xcode/DerivedData/Notch-ddzsfiyxyoauidejndllmosklbkq/Build/Intermediates.noindex/PostHog.build/Release/phlibwebp.build/Objects-normal/x86_64/7187679823f38a2a940e0043cdf9d637-common-args.resp -MMD -MT dependencies -MF /Users/jasonlee/Library/Developer/Xcode/DerivedData/Notch-ddzsfiyxyoauidejndllmosklbkq/Build/Intermediates.noindex/PostHog.build/Release/phlibwebp.build/Objects-normal/x86_64/sharpyuv_csp.d --serialize-diagnostics /Users/jasonlee/Library/Developer/Xcode/DerivedData/Notch-ddzsfiyxyoauidejndllmosklbkq/Build/Intermediates.noindex/PostHog.build/Release/phlibwebp.build/Objects-normal/x86_64/sharpyuv_csp.dia -c /Users/jasonlee/Library/Developer/Xcode/DerivedData/Notch-ddzsfiyxyoauidejndllmosklbkq/SourcePackages/checkouts/posthog-ios/vendor/libwebp/sharpyuv_csp.c -o /Users/jasonlee/Library/Developer/Xcode/DerivedData/Notch-ddzsfiyxyoauidejndllmosklbkq/Build/Intermediates.noindex/PostHog.build/Release/phlibwebp.build/Objects-normal/x86_64/sharpyuv_csp.o

CompileC /Users/jasonlee/Library/Developer/Xcode/DerivedData/Notch-ddzsfiyxyoauidejndllmosklbkq/Build/Intermediates.noindex/PostHog.build/Release/phlibwebp.build/Objects-normal/x86_64/sharpyuv_cpu.o /Users/jasonlee/Library/Developer/Xcode/DerivedData/Notch-ddzsfiyxyoauidejndllmosklbkq/SourcePackages/checkouts/posthog-ios/vendor/libwebp/sharpyuv_cpu.c normal x86_64 c com.apple.compilers.llvm.clang.1_0.compiler (in target 'phlibwebp' from project 'PostHog')
    cd /Users/jasonlee/Coding/App/Notch/Notch.xcodeproj
    
    Using response file: /Users/jasonlee/Library/Developer/Xcode/DerivedData/Notch-ddzsfiyxyoauidejndllmosklbkq/Build/Intermediates.noindex/PostHog.build/Release/phlibwebp.build/Objects-normal/x86_64/7187679823f38a2a940e0043cdf9d637-common-args.resp
    
    /Applications/Xcode.app/Contents/Developer/Toolchains/XcodeDefault.xctoolchain/usr/bin/clang -x c -ivfsstatcache /Users/jasonlee/Library/Developer/Xcode/DerivedData/SDKStatCaches.noindex/macosx26.4-25E251-30f9ca8789b706f8bd3fc906a70d770f.sdkstatcache -target x86_64-apple-macos10.15 -fmessage-length\=0 -fdiagnostics-show-note-include-stack -fmacro-backtrace-limit\=0 -fno-color-diagnostics -fmodules-prune-interval\=86400 -fmodules-prune-after\=345600 -fbuild-session-file\=/Users/jasonlee/Library/Developer/Xcode/DerivedData/ModuleCache.noindex/Session.modulevalidation -fmodules-validate-once-per-build-session -Wnon-modular-include-in-framework-module -Werror\=non-modular-include-in-framework-module -Wno-trigraphs -Wno-missing-field-initializers -Wno-missing-prototypes -Wno-return-type -Wno-missing-braces -Wparentheses -Wswitch -Wno-unused-function -Wno-unused-label -Wno-unused-parameter -Wno-unused-variable -Wunused-value -Wno-empty-body -Wno-uninitialized -Wno-unknown-pragmas -w -Wno-shadow -Wno-four-char-constants -Wno-conversion -Wno-constant-conversion -Wno-int-conversion -Wno-bool-conversion -Wno-enum-conversion -Wno-float-conversion -Wno-non-literal-null-conversion -Wno-objc-literal-conversion -Wshorten-64-to-32 -Wpointer-sign -Wno-newline-eof -Wno-implicit-fallthrough -isysroot /Applications/Xcode.app/Contents/Developer/Platforms/MacOSX.platform/Developer/SDKs/MacOSX26.4.sdk -fstrict-aliasing -Wdeprecated-declarations -Wno-sign-conversion -Wno-infinite-recursion -Wno-comma -Wno-block-capture-autoreleasing -Wno-strict-prototypes -Wno-semicolon-before-method-body @/Users/jasonlee/Library/Developer/Xcode/DerivedData/Notch-ddzsfiyxyoauidejndllmosklbkq/Build/Intermediates.noindex/PostHog.build/Release/phlibwebp.build/Objects-normal/x86_64/7187679823f38a2a940e0043cdf9d637-common-args.resp -MMD -MT dependencies -MF /Users/jasonlee/Library/Developer/Xcode/DerivedData/Notch-ddzsfiyxyoauidejndllmosklbkq/Build/Intermediates.noindex/PostHog.build/Release/phlibwebp.build/Objects-normal/x86_64/sharpyuv_cpu.d --serialize-diagnostics /Users/jasonlee/Library/Developer/Xcode/DerivedData/Notch-ddzsfiyxyoauidejndllmosklbkq/Build/Intermediates.noindex/PostHog.build/Release/phlibwebp.build/Objects-normal/x86_64/sharpyuv_cpu.dia -c /Users/jasonlee/Library/Developer/Xcode/DerivedData/Notch-ddzsfiyxyoauidejndllmosklbkq/SourcePackages/checkouts/posthog-ios/vendor/libwebp/sharpyuv_cpu.c -o /Users/jasonlee/Library/Developer/Xcode/DerivedData/Notch-ddzsfiyxyoauidejndllmosklbkq/Build/Intermediates.noindex/PostHog.build/Release/phlibwebp.build/Objects-normal/x86_64/sharpyuv_cpu.o

CompileC /Users/jasonlee/Library/Developer/Xcode/DerivedData/Notch-ddzsfiyxyoauidejndllmosklbkq/Build/Intermediates.noindex/PostHog.build/Release/phlibwebp.build/Objects-normal/x86_64/sharpyuv.o /Users/jasonlee/Library/Developer/Xcode/DerivedData/Notch-ddzsfiyxyoauidejndllmosklbkq/SourcePackages/checkouts/posthog-ios/vendor/libwebp/sharpyuv.c normal x86_64 c com.apple.compilers.llvm.clang.1_0.compiler (in target 'phlibwebp' from project 'PostHog')
    cd /Users/jasonlee/Coding/App/Notch/Notch.xcodeproj
    
    Using response file: /Users/jasonlee/Library/Developer/Xcode/DerivedData/Notch-ddzsfiyxyoauidejndllmosklbkq/Build/Intermediates.noindex/PostHog.build/Release/phlibwebp.build/Objects-normal/x86_64/7187679823f38a2a940e0043cdf9d637-common-args.resp
    
    /Applications/Xcode.app/Contents/Developer/Toolchains/XcodeDefault.xctoolchain/usr/bin/clang -x c -ivfsstatcache /Users/jasonlee/Library/Developer/Xcode/DerivedData/SDKStatCaches.noindex/macosx26.4-25E251-30f9ca8789b706f8bd3fc906a70d770f.sdkstatcache -target x86_64-apple-macos10.15 -fmessage-length\=0 -fdiagnostics-show-note-include-stack -fmacro-backtrace-limit\=0 -fno-color-diagnostics -fmodules-prune-interval\=86400 -fmodules-prune-after\=345600 -fbuild-session-file\=/Users/jasonlee/Library/Developer/Xcode/DerivedData/ModuleCache.noindex/Session.modulevalidation -fmodules-validate-once-per-build-session -Wnon-modular-include-in-framework-module -Werror\=non-modular-include-in-framework-module -Wno-trigraphs -Wno-missing-field-initializers -Wno-missing-prototypes -Wno-return-type -Wno-missing-braces -Wparentheses -Wswitch -Wno-unused-function -Wno-unused-label -Wno-unused-parameter -Wno-unused-variable -Wunused-value -Wno-empty-body -Wno-uninitialized -Wno-unknown-pragmas -w -Wno-shadow -Wno-four-char-constants -Wno-conversion -Wno-constant-conversion -Wno-int-conversion -Wno-bool-conversion -Wno-enum-conversion -Wno-float-conversion -Wno-non-literal-null-conversion -Wno-objc-literal-conversion -Wshorten-64-to-32 -Wpointer-sign -Wno-newline-eof -Wno-implicit-fallthrough -isysroot /Applications/Xcode.app/Contents/Developer/Platforms/MacOSX.platform/Developer/SDKs/MacOSX26.4.sdk -fstrict-aliasing -Wdeprecated-declarations -Wno-sign-conversion -Wno-infinite-recursion -Wno-comma -Wno-block-capture-autoreleasing -Wno-strict-prototypes -Wno-semicolon-before-method-body @/Users/jasonlee/Library/Developer/Xcode/DerivedData/Notch-ddzsfiyxyoauidejndllmosklbkq/Build/Intermediates.noindex/PostHog.build/Release/phlibwebp.build/Objects-normal/x86_64/7187679823f38a2a940e0043cdf9d637-common-args.resp -MMD -MT dependencies -MF /Users/jasonlee/Library/Developer/Xcode/DerivedData/Notch-ddzsfiyxyoauidejndllmosklbkq/Build/Intermediates.noindex/PostHog.build/Release/phlibwebp.build/Objects-normal/x86_64/sharpyuv.d --serialize-diagnostics /Users/jasonlee/Library/Developer/Xcode/DerivedData/Notch-ddzsfiyxyoauidejndllmosklbkq/Build/Intermediates.noindex/PostHog.build/Release/phlibwebp.build/Objects-normal/x86_64/sharpyuv.dia -c /Users/jasonlee/Library/Developer/Xcode/DerivedData/Notch-ddzsfiyxyoauidejndllmosklbkq/SourcePackages/checkouts/posthog-ios/vendor/libwebp/sharpyuv.c -o /Users/jasonlee/Library/Developer/Xcode/DerivedData/Notch-ddzsfiyxyoauidejndllmosklbkq/Build/Intermediates.noindex/PostHog.build/Release/phlibwebp.build/Objects-normal/x86_64/sharpyuv.o

CompileC /Users/jasonlee/Library/Developer/Xcode/DerivedData/Notch-ddzsfiyxyoauidejndllmosklbkq/Build/Intermediates.noindex/PostHog.build/Release/phlibwebp.build/Objects-normal/x86_64/rescaler_utils.o /Users/jasonlee/Library/Developer/Xcode/DerivedData/Notch-ddzsfiyxyoauidejndllmosklbkq/SourcePackages/checkouts/posthog-ios/vendor/libwebp/rescaler_utils.c normal x86_64 c com.apple.compilers.llvm.clang.1_0.compiler (in target 'phlibwebp' from project 'PostHog')
    cd /Users/jasonlee/Coding/App/Notch/Notch.xcodeproj
    
    Using response file: /Users/jasonlee/Library/Developer/Xcode/DerivedData/Notch-ddzsfiyxyoauidejndllmosklbkq/Build/Intermediates.noindex/PostHog.build/Release/phlibwebp.build/Objects-normal/x86_64/7187679823f38a2a940e0043cdf9d637-common-args.resp
    
    /Applications/Xcode.app/Contents/Developer/Toolchains/XcodeDefault.xctoolchain/usr/bin/clang -x c -ivfsstatcache /Users/jasonlee/Library/Developer/Xcode/DerivedData/SDKStatCaches.noindex/macosx26.4-25E251-30f9ca8789b706f8bd3fc906a70d770f.sdkstatcache -target x86_64-apple-macos10.15 -fmessage-length\=0 -fdiagnostics-show-note-include-stack -fmacro-backtrace-limit\=0 -fno-color-diagnostics -fmodules-prune-interval\=86400 -fmodules-prune-after\=345600 -fbuild-session-file\=/Users/jasonlee/Library/Developer/Xcode/DerivedData/ModuleCache.noindex/Session.modulevalidation -fmodules-validate-once-per-build-session -Wnon-modular-include-in-framework-module -Werror\=non-modular-include-in-framework-module -Wno-trigraphs -Wno-missing-field-initializers -Wno-missing-prototypes -Wno-return-type -Wno-missing-braces -Wparentheses -Wswitch -Wno-unused-function -Wno-unused-label -Wno-unused-parameter -Wno-unused-variable -Wunused-value -Wno-empty-body -Wno-uninitialized -Wno-unknown-pragmas -w -Wno-shadow -Wno-four-char-constants -Wno-conversion -Wno-constant-conversion -Wno-int-conversion -Wno-bool-conversion -Wno-enum-conversion -Wno-float-conversion -Wno-non-literal-null-conversion -Wno-objc-literal-conversion -Wshorten-64-to-32 -Wpointer-sign -Wno-newline-eof -Wno-implicit-fallthrough -isysroot /Applications/Xcode.app/Contents/Developer/Platforms/MacOSX.platform/Developer/SDKs/MacOSX26.4.sdk -fstrict-aliasing -Wdeprecated-declarations -Wno-sign-conversion -Wno-infinite-recursion -Wno-comma -Wno-block-capture-autoreleasing -Wno-strict-prototypes -Wno-semicolon-before-method-body @/Users/jasonlee/Library/Developer/Xcode/DerivedData/Notch-ddzsfiyxyoauidejndllmosklbkq/Build/Intermediates.noindex/PostHog.build/Release/phlibwebp.build/Objects-normal/x86_64/7187679823f38a2a940e0043cdf9d637-common-args.resp -MMD -MT dependencies -MF /Users/jasonlee/Library/Developer/Xcode/DerivedData/Notch-ddzsfiyxyoauidejndllmosklbkq/Build/Intermediates.noindex/PostHog.build/Release/phlibwebp.build/Objects-normal/x86_64/rescaler_utils.d --serialize-diagnostics /Users/jasonlee/Library/Developer/Xcode/DerivedData/Notch-ddzsfiyxyoauidejndllmosklbkq/Build/Intermediates.noindex/PostHog.build/Release/phlibwebp.build/Objects-normal/x86_64/rescaler_utils.dia -c /Users/jasonlee/Library/Developer/Xcode/DerivedData/Notch-ddzsfiyxyoauidejndllmosklbkq/SourcePackages/checkouts/posthog-ios/vendor/libwebp/rescaler_utils.c -o /Users/jasonlee/Library/Developer/Xcode/DerivedData/Notch-ddzsfiyxyoauidejndllmosklbkq/Build/Intermediates.noindex/PostHog.build/Release/phlibwebp.build/Objects-normal/x86_64/rescaler_utils.o

CompileC /Users/jasonlee/Library/Developer/Xcode/DerivedData/Notch-ddzsfiyxyoauidejndllmosklbkq/Build/Intermediates.noindex/PostHog.build/Release/phlibwebp.build/Objects-normal/x86_64/rescaler_sse2.o /Users/jasonlee/Library/Developer/Xcode/DerivedData/Notch-ddzsfiyxyoauidejndllmosklbkq/SourcePackages/checkouts/posthog-ios/vendor/libwebp/rescaler_sse2.c normal x86_64 c com.apple.compilers.llvm.clang.1_0.compiler (in target 'phlibwebp' from project 'PostHog')
    cd /Users/jasonlee/Coding/App/Notch/Notch.xcodeproj
    
    Using response file: /Users/jasonlee/Library/Developer/Xcode/DerivedData/Notch-ddzsfiyxyoauidejndllmosklbkq/Build/Intermediates.noindex/PostHog.build/Release/phlibwebp.build/Objects-normal/x86_64/7187679823f38a2a940e0043cdf9d637-common-args.resp
    
    /Applications/Xcode.app/Contents/Developer/Toolchains/XcodeDefault.xctoolchain/usr/bin/clang -x c -ivfsstatcache /Users/jasonlee/Library/Developer/Xcode/DerivedData/SDKStatCaches.noindex/macosx26.4-25E251-30f9ca8789b706f8bd3fc906a70d770f.sdkstatcache -target x86_64-apple-macos10.15 -fmessage-length\=0 -fdiagnostics-show-note-include-stack -fmacro-backtrace-limit\=0 -fno-color-diagnostics -fmodules-prune-interval\=86400 -fmodules-prune-after\=345600 -fbuild-session-file\=/Users/jasonlee/Library/Developer/Xcode/DerivedData/ModuleCache.noindex/Session.modulevalidation -fmodules-validate-once-per-build-session -Wnon-modular-include-in-framework-module -Werror\=non-modular-include-in-framework-module -Wno-trigraphs -Wno-missing-field-initializers -Wno-missing-prototypes -Wno-return-type -Wno-missing-braces -Wparentheses -Wswitch -Wno-unused-function -Wno-unused-label -Wno-unused-parameter -Wno-unused-variable -Wunused-value -Wno-empty-body -Wno-uninitialized -Wno-unknown-pragmas -w -Wno-shadow -Wno-four-char-constants -Wno-conversion -Wno-constant-conversion -Wno-int-conversion -Wno-bool-conversion -Wno-enum-conversion -Wno-float-conversion -Wno-non-literal-null-conversion -Wno-objc-literal-conversion -Wshorten-64-to-32 -Wpointer-sign -Wno-newline-eof -Wno-implicit-fallthrough -isysroot /Applications/Xcode.app/Contents/Developer/Platforms/MacOSX.platform/Developer/SDKs/MacOSX26.4.sdk -fstrict-aliasing -Wdeprecated-declarations -Wno-sign-conversion -Wno-infinite-recursion -Wno-comma -Wno-block-capture-autoreleasing -Wno-strict-prototypes -Wno-semicolon-before-method-body @/Users/jasonlee/Library/Developer/Xcode/DerivedData/Notch-ddzsfiyxyoauidejndllmosklbkq/Build/Intermediates.noindex/PostHog.build/Release/phlibwebp.build/Objects-normal/x86_64/7187679823f38a2a940e0043cdf9d637-common-args.resp -MMD -MT dependencies -MF /Users/jasonlee/Library/Developer/Xcode/DerivedData/Notch-ddzsfiyxyoauidejndllmosklbkq/Build/Intermediates.noindex/PostHog.build/Release/phlibwebp.build/Objects-normal/x86_64/rescaler_sse2.d --serialize-diagnostics /Users/jasonlee/Library/Developer/Xcode/DerivedData/Notch-ddzsfiyxyoauidejndllmosklbkq/Build/Intermediates.noindex/PostHog.build/Release/phlibwebp.build/Objects-normal/x86_64/rescaler_sse2.dia -c /Users/jasonlee/Library/Developer/Xcode/DerivedData/Notch-ddzsfiyxyoauidejndllmosklbkq/SourcePackages/checkouts/posthog-ios/vendor/libwebp/rescaler_sse2.c -o /Users/jasonlee/Library/Developer/Xcode/DerivedData/Notch-ddzsfiyxyoauidejndllmosklbkq/Build/Intermediates.noindex/PostHog.build/Release/phlibwebp.build/Objects-normal/x86_64/rescaler_sse2.o

CompileC /Users/jasonlee/Library/Developer/Xcode/DerivedData/Notch-ddzsfiyxyoauidejndllmosklbkq/Build/Intermediates.noindex/PostHog.build/Release/phlibwebp.build/Objects-normal/x86_64/rescaler_neon.o /Users/jasonlee/Library/Developer/Xcode/DerivedData/Notch-ddzsfiyxyoauidejndllmosklbkq/SourcePackages/checkouts/posthog-ios/vendor/libwebp/rescaler_neon.c normal x86_64 c com.apple.compilers.llvm.clang.1_0.compiler (in target 'phlibwebp' from project 'PostHog')
    cd /Users/jasonlee/Coding/App/Notch/Notch.xcodeproj
    
    Using response file: /Users/jasonlee/Library/Developer/Xcode/DerivedData/Notch-ddzsfiyxyoauidejndllmosklbkq/Build/Intermediates.noindex/PostHog.build/Release/phlibwebp.build/Objects-normal/x86_64/7187679823f38a2a940e0043cdf9d637-common-args.resp
    
    /Applications/Xcode.app/Contents/Developer/Toolchains/XcodeDefault.xctoolchain/usr/bin/clang -x c -ivfsstatcache /Users/jasonlee/Library/Developer/Xcode/DerivedData/SDKStatCaches.noindex/macosx26.4-25E251-30f9ca8789b706f8bd3fc906a70d770f.sdkstatcache -target x86_64-apple-macos10.15 -fmessage-length\=0 -fdiagnostics-show-note-include-stack -fmacro-backtrace-limit\=0 -fno-color-diagnostics -fmodules-prune-interval\=86400 -fmodules-prune-after\=345600 -fbuild-session-file\=/Users/jasonlee/Library/Developer/Xcode/DerivedData/ModuleCache.noindex/Session.modulevalidation -fmodules-validate-once-per-build-session -Wnon-modular-include-in-framework-module -Werror\=non-modular-include-in-framework-module -Wno-trigraphs -Wno-missing-field-initializers -Wno-missing-prototypes -Wno-return-type -Wno-missing-braces -Wparentheses -Wswitch -Wno-unused-function -Wno-unused-label -Wno-unused-parameter -Wno-unused-variable -Wunused-value -Wno-empty-body -Wno-uninitialized -Wno-unknown-pragmas -w -Wno-shadow -Wno-four-char-constants -Wno-conversion -Wno-constant-conversion -Wno-int-conversion -Wno-bool-conversion -Wno-enum-conversion -Wno-float-conversion -Wno-non-literal-null-conversion -Wno-objc-literal-conversion -Wshorten-64-to-32 -Wpointer-sign -Wno-newline-eof -Wno-implicit-fallthrough -isysroot /Applications/Xcode.app/Contents/Developer/Platforms/MacOSX.platform/Developer/SDKs/MacOSX26.4.sdk -fstrict-aliasing -Wdeprecated-declarations -Wno-sign-conversion -Wno-infinite-recursion -Wno-comma -Wno-block-capture-autoreleasing -Wno-strict-prototypes -Wno-semicolon-before-method-body @/Users/jasonlee/Library/Developer/Xcode/DerivedData/Notch-ddzsfiyxyoauidejndllmosklbkq/Build/Intermediates.noindex/PostHog.build/Release/phlibwebp.build/Objects-normal/x86_64/7187679823f38a2a940e0043cdf9d637-common-args.resp -MMD -MT dependencies -MF /Users/jasonlee/Library/Developer/Xcode/DerivedData/Notch-ddzsfiyxyoauidejndllmosklbkq/Build/Intermediates.noindex/PostHog.build/Release/phlibwebp.build/Objects-normal/x86_64/rescaler_neon.d --serialize-diagnostics /Users/jasonlee/Library/Developer/Xcode/DerivedData/Notch-ddzsfiyxyoauidejndllmosklbkq/Build/Intermediates.noindex/PostHog.build/Release/phlibwebp.build/Objects-normal/x86_64/rescaler_neon.dia -c /Users/jasonlee/Library/Developer/Xcode/DerivedData/Notch-ddzsfiyxyoauidejndllmosklbkq/SourcePackages/checkouts/posthog-ios/vendor/libwebp/rescaler_neon.c -o /Users/jasonlee/Library/Developer/Xcode/DerivedData/Notch-ddzsfiyxyoauidejndllmosklbkq/Build/Intermediates.noindex/PostHog.build/Release/phlibwebp.build/Objects-normal/x86_64/rescaler_neon.o

CompileC /Users/jasonlee/Library/Developer/Xcode/DerivedData/Notch-ddzsfiyxyoauidejndllmosklbkq/Build/Intermediates.noindex/PostHog.build/Release/phlibwebp.build/Objects-normal/x86_64/rescaler.o /Users/jasonlee/Library/Developer/Xcode/DerivedData/Notch-ddzsfiyxyoauidejndllmosklbkq/SourcePackages/checkouts/posthog-ios/vendor/libwebp/rescaler.c normal x86_64 c com.apple.compilers.llvm.clang.1_0.compiler (in target 'phlibwebp' from project 'PostHog')
    cd /Users/jasonlee/Coding/App/Notch/Notch.xcodeproj
    
    Using response file: /Users/jasonlee/Library/Developer/Xcode/DerivedData/Notch-ddzsfiyxyoauidejndllmosklbkq/Build/Intermediates.noindex/PostHog.build/Release/phlibwebp.build/Objects-normal/x86_64/7187679823f38a2a940e0043cdf9d637-common-args.resp
    
    /Applications/Xcode.app/Contents/Developer/Toolchains/XcodeDefault.xctoolchain/usr/bin/clang -x c -ivfsstatcache /Users/jasonlee/Library/Developer/Xcode/DerivedData/SDKStatCaches.noindex/macosx26.4-25E251-30f9ca8789b706f8bd3fc906a70d770f.sdkstatcache -target x86_64-apple-macos10.15 -fmessage-length\=0 -fdiagnostics-show-note-include-stack -fmacro-backtrace-limit\=0 -fno-color-diagnostics -fmodules-prune-interval\=86400 -fmodules-prune-after\=345600 -fbuild-session-file\=/Users/jasonlee/Library/Developer/Xcode/DerivedData/ModuleCache.noindex/Session.modulevalidation -fmodules-validate-once-per-build-session -Wnon-modular-include-in-framework-module -Werror\=non-modular-include-in-framework-module -Wno-trigraphs -Wno-missing-field-initializers -Wno-missing-prototypes -Wno-return-type -Wno-missing-braces -Wparentheses -Wswitch -Wno-unused-function -Wno-unused-label -Wno-unused-parameter -Wno-unused-variable -Wunused-value -Wno-empty-body -Wno-uninitialized -Wno-unknown-pragmas -w -Wno-shadow -Wno-four-char-constants -Wno-conversion -Wno-constant-conversion -Wno-int-conversion -Wno-bool-conversion -Wno-enum-conversion -Wno-float-conversion -Wno-non-literal-null-conversion -Wno-objc-literal-conversion -Wshorten-64-to-32 -Wpointer-sign -Wno-newline-eof -Wno-implicit-fallthrough -isysroot /Applications/Xcode.app/Contents/Developer/Platforms/MacOSX.platform/Developer/SDKs/MacOSX26.4.sdk -fstrict-aliasing -Wdeprecated-declarations -Wno-sign-conversion -Wno-infinite-recursion -Wno-comma -Wno-block-capture-autoreleasing -Wno-strict-prototypes -Wno-semicolon-before-method-body @/Users/jasonlee/Library/Developer/Xcode/DerivedData/Notch-ddzsfiyxyoauidejndllmosklbkq/Build/Intermediates.noindex/PostHog.build/Release/phlibwebp.build/Objects-normal/x86_64/7187679823f38a2a940e0043cdf9d637-common-args.resp -MMD -MT dependencies -MF /Users/jasonlee/Library/Developer/Xcode/DerivedData/Notch-ddzsfiyxyoauidejndllmosklbkq/Build/Intermediates.noindex/PostHog.build/Release/phlibwebp.build/Objects-normal/x86_64/rescaler.d --serialize-diagnostics /Users/jasonlee/Library/Developer/Xcode/DerivedData/Notch-ddzsfiyxyoauidejndllmosklbkq/Build/Intermediates.noindex/PostHog.build/Release/phlibwebp.build/Objects-normal/x86_64/rescaler.dia -c /Users/jasonlee/Library/Developer/Xcode/DerivedData/Notch-ddzsfiyxyoauidejndllmosklbkq/SourcePackages/checkouts/posthog-ios/vendor/libwebp/rescaler.c -o /Users/jasonlee/Library/Developer/Xcode/DerivedData/Notch-ddzsfiyxyoauidejndllmosklbkq/Build/Intermediates.noindex/PostHog.build/Release/phlibwebp.build/Objects-normal/x86_64/rescaler.o

CompileC /Users/jasonlee/Library/Developer/Xcode/DerivedData/Notch-ddzsfiyxyoauidejndllmosklbkq/Build/Intermediates.noindex/PostHog.build/Release/phlibwebp.build/Objects-normal/x86_64/random_utils.o /Users/jasonlee/Library/Developer/Xcode/DerivedData/Notch-ddzsfiyxyoauidejndllmosklbkq/SourcePackages/checkouts/posthog-ios/vendor/libwebp/random_utils.c normal x86_64 c com.apple.compilers.llvm.clang.1_0.compiler (in target 'phlibwebp' from project 'PostHog')
    cd /Users/jasonlee/Coding/App/Notch/Notch.xcodeproj
    
    Using response file: /Users/jasonlee/Library/Developer/Xcode/DerivedData/Notch-ddzsfiyxyoauidejndllmosklbkq/Build/Intermediates.noindex/PostHog.build/Release/phlibwebp.build/Objects-normal/x86_64/7187679823f38a2a940e0043cdf9d637-common-args.resp
    
    /Applications/Xcode.app/Contents/Developer/Toolchains/XcodeDefault.xctoolchain/usr/bin/clang -x c -ivfsstatcache /Users/jasonlee/Library/Developer/Xcode/DerivedData/SDKStatCaches.noindex/macosx26.4-25E251-30f9ca8789b706f8bd3fc906a70d770f.sdkstatcache -target x86_64-apple-macos10.15 -fmessage-length\=0 -fdiagnostics-show-note-include-stack -fmacro-backtrace-limit\=0 -fno-color-diagnostics -fmodules-prune-interval\=86400 -fmodules-prune-after\=345600 -fbuild-session-file\=/Users/jasonlee/Library/Developer/Xcode/DerivedData/ModuleCache.noindex/Session.modulevalidation -fmodules-validate-once-per-build-session -Wnon-modular-include-in-framework-module -Werror\=non-modular-include-in-framework-module -Wno-trigraphs -Wno-missing-field-initializers -Wno-missing-prototypes -Wno-return-type -Wno-missing-braces -Wparentheses -Wswitch -Wno-unused-function -Wno-unused-label -Wno-unused-parameter -Wno-unused-variable -Wunused-value -Wno-empty-body -Wno-uninitialized -Wno-unknown-pragmas -w -Wno-shadow -Wno-four-char-constants -Wno-conversion -Wno-constant-conversion -Wno-int-conversion -Wno-bool-conversion -Wno-enum-conversion -Wno-float-conversion -Wno-non-literal-null-conversion -Wno-objc-literal-conversion -Wshorten-64-to-32 -Wpointer-sign -Wno-newline-eof -Wno-implicit-fallthrough -isysroot /Applications/Xcode.app/Contents/Developer/Platforms/MacOSX.platform/Developer/SDKs/MacOSX26.4.sdk -fstrict-aliasing -Wdeprecated-declarations -Wno-sign-conversion -Wno-infinite-recursion -Wno-comma -Wno-block-capture-autoreleasing -Wno-strict-prototypes -Wno-semicolon-before-method-body @/Users/jasonlee/Library/Developer/Xcode/DerivedData/Notch-ddzsfiyxyoauidejndllmosklbkq/Build/Intermediates.noindex/PostHog.build/Release/phlibwebp.build/Objects-normal/x86_64/7187679823f38a2a940e0043cdf9d637-common-args.resp -MMD -MT dependencies -MF /Users/jasonlee/Library/Developer/Xcode/DerivedData/Notch-ddzsfiyxyoauidejndllmosklbkq/Build/Intermediates.noindex/PostHog.build/Release/phlibwebp.build/Objects-normal/x86_64/random_utils.d --serialize-diagnostics /Users/jasonlee/Library/Developer/Xcode/DerivedData/Notch-ddzsfiyxyoauidejndllmosklbkq/Build/Intermediates.noindex/PostHog.build/Release/phlibwebp.build/Objects-normal/x86_64/random_utils.dia -c /Users/jasonlee/Library/Developer/Xcode/DerivedData/Notch-ddzsfiyxyoauidejndllmosklbkq/SourcePackages/checkouts/posthog-ios/vendor/libwebp/random_utils.c -o /Users/jasonlee/Library/Developer/Xcode/DerivedData/Notch-ddzsfiyxyoauidejndllmosklbkq/Build/Intermediates.noindex/PostHog.build/Release/phlibwebp.build/Objects-normal/x86_64/random_utils.o

CompileC /Users/jasonlee/Library/Developer/Xcode/DerivedData/Notch-ddzsfiyxyoauidejndllmosklbkq/Build/Intermediates.noindex/PostHog.build/Release/phlibwebp.build/Objects-normal/x86_64/quant_levels_utils.o /Users/jasonlee/Library/Developer/Xcode/DerivedData/Notch-ddzsfiyxyoauidejndllmosklbkq/SourcePackages/checkouts/posthog-ios/vendor/libwebp/quant_levels_utils.c normal x86_64 c com.apple.compilers.llvm.clang.1_0.compiler (in target 'phlibwebp' from project 'PostHog')
    cd /Users/jasonlee/Coding/App/Notch/Notch.xcodeproj
    
    Using response file: /Users/jasonlee/Library/Developer/Xcode/DerivedData/Notch-ddzsfiyxyoauidejndllmosklbkq/Build/Intermediates.noindex/PostHog.build/Release/phlibwebp.build/Objects-normal/x86_64/7187679823f38a2a940e0043cdf9d637-common-args.resp
    
    /Applications/Xcode.app/Contents/Developer/Toolchains/XcodeDefault.xctoolchain/usr/bin/clang -x c -ivfsstatcache /Users/jasonlee/Library/Developer/Xcode/DerivedData/SDKStatCaches.noindex/macosx26.4-25E251-30f9ca8789b706f8bd3fc906a70d770f.sdkstatcache -target x86_64-apple-macos10.15 -fmessage-length\=0 -fdiagnostics-show-note-include-stack -fmacro-backtrace-limit\=0 -fno-color-diagnostics -fmodules-prune-interval\=86400 -fmodules-prune-after\=345600 -fbuild-session-file\=/Users/jasonlee/Library/Developer/Xcode/DerivedData/ModuleCache.noindex/Session.modulevalidation -fmodules-validate-once-per-build-session -Wnon-modular-include-in-framework-module -Werror\=non-modular-include-in-framework-module -Wno-trigraphs -Wno-missing-field-initializers -Wno-missing-prototypes -Wno-return-type -Wno-missing-braces -Wparentheses -Wswitch -Wno-unused-function -Wno-unused-label -Wno-unused-parameter -Wno-unused-variable -Wunused-value -Wno-empty-body -Wno-uninitialized -Wno-unknown-pragmas -w -Wno-shadow -Wno-four-char-constants -Wno-conversion -Wno-constant-conversion -Wno-int-conversion -Wno-bool-conversion -Wno-enum-conversion -Wno-float-conversion -Wno-non-literal-null-conversion -Wno-objc-literal-conversion -Wshorten-64-to-32 -Wpointer-sign -Wno-newline-eof -Wno-implicit-fallthrough -isysroot /Applications/Xcode.app/Contents/Developer/Platforms/MacOSX.platform/Developer/SDKs/MacOSX26.4.sdk -fstrict-aliasing -Wdeprecated-declarations -Wno-sign-conversion -Wno-infinite-recursion -Wno-comma -Wno-block-capture-autoreleasing -Wno-strict-prototypes -Wno-semicolon-before-method-body @/Users/jasonlee/Library/Developer/Xcode/DerivedData/Notch-ddzsfiyxyoauidejndllmosklbkq/Build/Intermediates.noindex/PostHog.build/Release/phlibwebp.build/Objects-normal/x86_64/7187679823f38a2a940e0043cdf9d637-common-args.resp -MMD -MT dependencies -MF /Users/jasonlee/Library/Developer/Xcode/DerivedData/Notch-ddzsfiyxyoauidejndllmosklbkq/Build/Intermediates.noindex/PostHog.build/Release/phlibwebp.build/Objects-normal/x86_64/quant_levels_utils.d --serialize-diagnostics /Users/jasonlee/Library/Developer/Xcode/DerivedData/Notch-ddzsfiyxyoauidejndllmosklbkq/Build/Intermediates.noindex/PostHog.build/Release/phlibwebp.build/Objects-normal/x86_64/quant_levels_utils.dia -c /Users/jasonlee/Library/Developer/Xcode/DerivedData/Notch-ddzsfiyxyoauidejndllmosklbkq/SourcePackages/checkouts/posthog-ios/vendor/libwebp/quant_levels_utils.c -o /Users/jasonlee/Library/Developer/Xcode/DerivedData/Notch-ddzsfiyxyoauidejndllmosklbkq/Build/Intermediates.noindex/PostHog.build/Release/phlibwebp.build/Objects-normal/x86_64/quant_levels_utils.o

CompileC /Users/jasonlee/Library/Developer/Xcode/DerivedData/Notch-ddzsfiyxyoauidejndllmosklbkq/Build/Intermediates.noindex/PostHog.build/Release/phlibwebp.build/Objects-normal/x86_64/quant_levels_dec_utils.o /Users/jasonlee/Library/Developer/Xcode/DerivedData/Notch-ddzsfiyxyoauidejndllmosklbkq/SourcePackages/checkouts/posthog-ios/vendor/libwebp/quant_levels_dec_utils.c normal x86_64 c com.apple.compilers.llvm.clang.1_0.compiler (in target 'phlibwebp' from project 'PostHog')
    cd /Users/jasonlee/Coding/App/Notch/Notch.xcodeproj
    
    Using response file: /Users/jasonlee/Library/Developer/Xcode/DerivedData/Notch-ddzsfiyxyoauidejndllmosklbkq/Build/Intermediates.noindex/PostHog.build/Release/phlibwebp.build/Objects-normal/x86_64/7187679823f38a2a940e0043cdf9d637-common-args.resp
    
    /Applications/Xcode.app/Contents/Developer/Toolchains/XcodeDefault.xctoolchain/usr/bin/clang -x c -ivfsstatcache /Users/jasonlee/Library/Developer/Xcode/DerivedData/SDKStatCaches.noindex/macosx26.4-25E251-30f9ca8789b706f8bd3fc906a70d770f.sdkstatcache -target x86_64-apple-macos10.15 -fmessage-length\=0 -fdiagnostics-show-note-include-stack -fmacro-backtrace-limit\=0 -fno-color-diagnostics -fmodules-prune-interval\=86400 -fmodules-prune-after\=345600 -fbuild-session-file\=/Users/jasonlee/Library/Developer/Xcode/DerivedData/ModuleCache.noindex/Session.modulevalidation -fmodules-validate-once-per-build-session -Wnon-modular-include-in-framework-module -Werror\=non-modular-include-in-framework-module -Wno-trigraphs -Wno-missing-field-initializers -Wno-missing-prototypes -Wno-return-type -Wno-missing-braces -Wparentheses -Wswitch -Wno-unused-function -Wno-unused-label -Wno-unused-parameter -Wno-unused-variable -Wunused-value -Wno-empty-body -Wno-uninitialized -Wno-unknown-pragmas -w -Wno-shadow -Wno-four-char-constants -Wno-conversion -Wno-constant-conversion -Wno-int-conversion -Wno-bool-conversion -Wno-enum-conversion -Wno-float-conversion -Wno-non-literal-null-conversion -Wno-objc-literal-conversion -Wshorten-64-to-32 -Wpointer-sign -Wno-newline-eof -Wno-implicit-fallthrough -isysroot /Applications/Xcode.app/Contents/Developer/Platforms/MacOSX.platform/Developer/SDKs/MacOSX26.4.sdk -fstrict-aliasing -Wdeprecated-declarations -Wno-sign-conversion -Wno-infinite-recursion -Wno-comma -Wno-block-capture-autoreleasing -Wno-strict-prototypes -Wno-semicolon-before-method-body @/Users/jasonlee/Library/Developer/Xcode/DerivedData/Notch-ddzsfiyxyoauidejndllmosklbkq/Build/Intermediates.noindex/PostHog.build/Release/phlibwebp.build/Objects-normal/x86_64/7187679823f38a2a940e0043cdf9d637-common-args.resp -MMD -MT dependencies -MF /Users/jasonlee/Library/Developer/Xcode/DerivedData/Notch-ddzsfiyxyoauidejndllmosklbkq/Build/Intermediates.noindex/PostHog.build/Release/phlibwebp.build/Objects-normal/x86_64/quant_levels_dec_utils.d --serialize-diagnostics /Users/jasonlee/Library/Developer/Xcode/DerivedData/Notch-ddzsfiyxyoauidejndllmosklbkq/Build/Intermediates.noindex/PostHog.build/Release/phlibwebp.build/Objects-normal/x86_64/quant_levels_dec_utils.dia -c /Users/jasonlee/Library/Developer/Xcode/DerivedData/Notch-ddzsfiyxyoauidejndllmosklbkq/SourcePackages/checkouts/posthog-ios/vendor/libwebp/quant_levels_dec_utils.c -o /Users/jasonlee/Library/Developer/Xcode/DerivedData/Notch-ddzsfiyxyoauidejndllmosklbkq/Build/Intermediates.noindex/PostHog.build/Release/phlibwebp.build/Objects-normal/x86_64/quant_levels_dec_utils.o

CompileC /Users/jasonlee/Library/Developer/Xcode/DerivedData/Notch-ddzsfiyxyoauidejndllmosklbkq/Build/Intermediates.noindex/PostHog.build/Release/phlibwebp.build/Objects-normal/x86_64/quant_enc.o /Users/jasonlee/Library/Developer/Xcode/DerivedData/Notch-ddzsfiyxyoauidejndllmosklbkq/SourcePackages/checkouts/posthog-ios/vendor/libwebp/quant_enc.c normal x86_64 c com.apple.compilers.llvm.clang.1_0.compiler (in target 'phlibwebp' from project 'PostHog')
    cd /Users/jasonlee/Coding/App/Notch/Notch.xcodeproj
    
    Using response file: /Users/jasonlee/Library/Developer/Xcode/DerivedData/Notch-ddzsfiyxyoauidejndllmosklbkq/Build/Intermediates.noindex/PostHog.build/Release/phlibwebp.build/Objects-normal/x86_64/7187679823f38a2a940e0043cdf9d637-common-args.resp
    
    /Applications/Xcode.app/Contents/Developer/Toolchains/XcodeDefault.xctoolchain/usr/bin/clang -x c -ivfsstatcache /Users/jasonlee/Library/Developer/Xcode/DerivedData/SDKStatCaches.noindex/macosx26.4-25E251-30f9ca8789b706f8bd3fc906a70d770f.sdkstatcache -target x86_64-apple-macos10.15 -fmessage-length\=0 -fdiagnostics-show-note-include-stack -fmacro-backtrace-limit\=0 -fno-color-diagnostics -fmodules-prune-interval\=86400 -fmodules-prune-after\=345600 -fbuild-session-file\=/Users/jasonlee/Library/Developer/Xcode/DerivedData/ModuleCache.noindex/Session.modulevalidation -fmodules-validate-once-per-build-session -Wnon-modular-include-in-framework-module -Werror\=non-modular-include-in-framework-module -Wno-trigraphs -Wno-missing-field-initializers -Wno-missing-prototypes -Wno-return-type -Wno-missing-braces -Wparentheses -Wswitch -Wno-unused-function -Wno-unused-label -Wno-unused-parameter -Wno-unused-variable -Wunused-value -Wno-empty-body -Wno-uninitialized -Wno-unknown-pragmas -w -Wno-shadow -Wno-four-char-constants -Wno-conversion -Wno-constant-conversion -Wno-int-conversion -Wno-bool-conversion -Wno-enum-conversion -Wno-float-conversion -Wno-non-literal-null-conversion -Wno-objc-literal-conversion -Wshorten-64-to-32 -Wpointer-sign -Wno-newline-eof -Wno-implicit-fallthrough -isysroot /Applications/Xcode.app/Contents/Developer/Platforms/MacOSX.platform/Developer/SDKs/MacOSX26.4.sdk -fstrict-aliasing -Wdeprecated-declarations -Wno-sign-conversion -Wno-infinite-recursion -Wno-comma -Wno-block-capture-autoreleasing -Wno-strict-prototypes -Wno-semicolon-before-method-body @/Users/jasonlee/Library/Developer/Xcode/DerivedData/Notch-ddzsfiyxyoauidejndllmosklbkq/Build/Intermediates.noindex/PostHog.build/Release/phlibwebp.build/Objects-normal/x86_64/7187679823f38a2a940e0043cdf9d637-common-args.resp -MMD -MT dependencies -MF /Users/jasonlee/Library/Developer/Xcode/DerivedData/Notch-ddzsfiyxyoauidejndllmosklbkq/Build/Intermediates.noindex/PostHog.build/Release/phlibwebp.build/Objects-normal/x86_64/quant_enc.d --serialize-diagnostics /Users/jasonlee/Library/Developer/Xcode/DerivedData/Notch-ddzsfiyxyoauidejndllmosklbkq/Build/Intermediates.noindex/PostHog.build/Release/phlibwebp.build/Objects-normal/x86_64/quant_enc.dia -c /Users/jasonlee/Library/Developer/Xcode/DerivedData/Notch-ddzsfiyxyoauidejndllmosklbkq/SourcePackages/checkouts/posthog-ios/vendor/libwebp/quant_enc.c -o /Users/jasonlee/Library/Developer/Xcode/DerivedData/Notch-ddzsfiyxyoauidejndllmosklbkq/Build/Intermediates.noindex/PostHog.build/Release/phlibwebp.build/Objects-normal/x86_64/quant_enc.o

CompileC /Users/jasonlee/Library/Developer/Xcode/DerivedData/Notch-ddzsfiyxyoauidejndllmosklbkq/Build/Intermediates.noindex/PostHog.build/Release/phlibwebp.build/Objects-normal/x86_64/predictor_enc.o /Users/jasonlee/Library/Developer/Xcode/DerivedData/Notch-ddzsfiyxyoauidejndllmosklbkq/SourcePackages/checkouts/posthog-ios/vendor/libwebp/predictor_enc.c normal x86_64 c com.apple.compilers.llvm.clang.1_0.compiler (in target 'phlibwebp' from project 'PostHog')
    cd /Users/jasonlee/Coding/App/Notch/Notch.xcodeproj
    
    Using response file: /Users/jasonlee/Library/Developer/Xcode/DerivedData/Notch-ddzsfiyxyoauidejndllmosklbkq/Build/Intermediates.noindex/PostHog.build/Release/phlibwebp.build/Objects-normal/x86_64/7187679823f38a2a940e0043cdf9d637-common-args.resp
    
    /Applications/Xcode.app/Contents/Developer/Toolchains/XcodeDefault.xctoolchain/usr/bin/clang -x c -ivfsstatcache /Users/jasonlee/Library/Developer/Xcode/DerivedData/SDKStatCaches.noindex/macosx26.4-25E251-30f9ca8789b706f8bd3fc906a70d770f.sdkstatcache -target x86_64-apple-macos10.15 -fmessage-length\=0 -fdiagnostics-show-note-include-stack -fmacro-backtrace-limit\=0 -fno-color-diagnostics -fmodules-prune-interval\=86400 -fmodules-prune-after\=345600 -fbuild-session-file\=/Users/jasonlee/Library/Developer/Xcode/DerivedData/ModuleCache.noindex/Session.modulevalidation -fmodules-validate-once-per-build-session -Wnon-modular-include-in-framework-module -Werror\=non-modular-include-in-framework-module -Wno-trigraphs -Wno-missing-field-initializers -Wno-missing-prototypes -Wno-return-type -Wno-missing-braces -Wparentheses -Wswitch -Wno-unused-function -Wno-unused-label -Wno-unused-parameter -Wno-unused-variable -Wunused-value -Wno-empty-body -Wno-uninitialized -Wno-unknown-pragmas -w -Wno-shadow -Wno-four-char-constants -Wno-conversion -Wno-constant-conversion -Wno-int-conversion -Wno-bool-conversion -Wno-enum-conversion -Wno-float-conversion -Wno-non-literal-null-conversion -Wno-objc-literal-conversion -Wshorten-64-to-32 -Wpointer-sign -Wno-newline-eof -Wno-implicit-fallthrough -isysroot /Applications/Xcode.app/Contents/Developer/Platforms/MacOSX.platform/Developer/SDKs/MacOSX26.4.sdk -fstrict-aliasing -Wdeprecated-declarations -Wno-sign-conversion -Wno-infinite-recursion -Wno-comma -Wno-block-capture-autoreleasing -Wno-strict-prototypes -Wno-semicolon-before-method-body @/Users/jasonlee/Library/Developer/Xcode/DerivedData/Notch-ddzsfiyxyoauidejndllmosklbkq/Build/Intermediates.noindex/PostHog.build/Release/phlibwebp.build/Objects-normal/x86_64/7187679823f38a2a940e0043cdf9d637-common-args.resp -MMD -MT dependencies -MF /Users/jasonlee/Library/Developer/Xcode/DerivedData/Notch-ddzsfiyxyoauidejndllmosklbkq/Build/Intermediates.noindex/PostHog.build/Release/phlibwebp.build/Objects-normal/x86_64/predictor_enc.d --serialize-diagnostics /Users/jasonlee/Library/Developer/Xcode/DerivedData/Notch-ddzsfiyxyoauidejndllmosklbkq/Build/Intermediates.noindex/PostHog.build/Release/phlibwebp.build/Objects-normal/x86_64/predictor_enc.dia -c /Users/jasonlee/Library/Developer/Xcode/DerivedData/Notch-ddzsfiyxyoauidejndllmosklbkq/SourcePackages/checkouts/posthog-ios/vendor/libwebp/predictor_enc.c -o /Users/jasonlee/Library/Developer/Xcode/DerivedData/Notch-ddzsfiyxyoauidejndllmosklbkq/Build/Intermediates.noindex/PostHog.build/Release/phlibwebp.build/Objects-normal/x86_64/predictor_enc.o

CompileC /Users/jasonlee/Library/Developer/Xcode/DerivedData/Notch-ddzsfiyxyoauidejndllmosklbkq/Build/Intermediates.noindex/PostHog.build/Release/phlibwebp.build/Objects-normal/x86_64/picture_tools_enc.o /Users/jasonlee/Library/Developer/Xcode/DerivedData/Notch-ddzsfiyxyoauidejndllmosklbkq/SourcePackages/checkouts/posthog-ios/vendor/libwebp/picture_tools_enc.c normal x86_64 c com.apple.compilers.llvm.clang.1_0.compiler (in target 'phlibwebp' from project 'PostHog')
    cd /Users/jasonlee/Coding/App/Notch/Notch.xcodeproj
    
    Using response file: /Users/jasonlee/Library/Developer/Xcode/DerivedData/Notch-ddzsfiyxyoauidejndllmosklbkq/Build/Intermediates.noindex/PostHog.build/Release/phlibwebp.build/Objects-normal/x86_64/7187679823f38a2a940e0043cdf9d637-common-args.resp
    
    /Applications/Xcode.app/Contents/Developer/Toolchains/XcodeDefault.xctoolchain/usr/bin/clang -x c -ivfsstatcache /Users/jasonlee/Library/Developer/Xcode/DerivedData/SDKStatCaches.noindex/macosx26.4-25E251-30f9ca8789b706f8bd3fc906a70d770f.sdkstatcache -target x86_64-apple-macos10.15 -fmessage-length\=0 -fdiagnostics-show-note-include-stack -fmacro-backtrace-limit\=0 -fno-color-diagnostics -fmodules-prune-interval\=86400 -fmodules-prune-after\=345600 -fbuild-session-file\=/Users/jasonlee/Library/Developer/Xcode/DerivedData/ModuleCache.noindex/Session.modulevalidation -fmodules-validate-once-per-build-session -Wnon-modular-include-in-framework-module -Werror\=non-modular-include-in-framework-module -Wno-trigraphs -Wno-missing-field-initializers -Wno-missing-prototypes -Wno-return-type -Wno-missing-braces -Wparentheses -Wswitch -Wno-unused-function -Wno-unused-label -Wno-unused-parameter -Wno-unused-variable -Wunused-value -Wno-empty-body -Wno-uninitialized -Wno-unknown-pragmas -w -Wno-shadow -Wno-four-char-constants -Wno-conversion -Wno-constant-conversion -Wno-int-conversion -Wno-bool-conversion -Wno-enum-conversion -Wno-float-conversion -Wno-non-literal-null-conversion -Wno-objc-literal-conversion -Wshorten-64-to-32 -Wpointer-sign -Wno-newline-eof -Wno-implicit-fallthrough -isysroot /Applications/Xcode.app/Contents/Developer/Platforms/MacOSX.platform/Developer/SDKs/MacOSX26.4.sdk -fstrict-aliasing -Wdeprecated-declarations -Wno-sign-conversion -Wno-infinite-recursion -Wno-comma -Wno-block-capture-autoreleasing -Wno-strict-prototypes -Wno-semicolon-before-method-body @/Users/jasonlee/Library/Developer/Xcode/DerivedData/Notch-ddzsfiyxyoauidejndllmosklbkq/Build/Intermediates.noindex/PostHog.build/Release/phlibwebp.build/Objects-normal/x86_64/7187679823f38a2a940e0043cdf9d637-common-args.resp -MMD -MT dependencies -MF /Users/jasonlee/Library/Developer/Xcode/DerivedData/Notch-ddzsfiyxyoauidejndllmosklbkq/Build/Intermediates.noindex/PostHog.build/Release/phlibwebp.build/Objects-normal/x86_64/picture_tools_enc.d --serialize-diagnostics /Users/jasonlee/Library/Developer/Xcode/DerivedData/Notch-ddzsfiyxyoauidejndllmosklbkq/Build/Intermediates.noindex/PostHog.build/Release/phlibwebp.build/Objects-normal/x86_64/picture_tools_enc.dia -c /Users/jasonlee/Library/Developer/Xcode/DerivedData/Notch-ddzsfiyxyoauidejndllmosklbkq/SourcePackages/checkouts/posthog-ios/vendor/libwebp/picture_tools_enc.c -o /Users/jasonlee/Library/Developer/Xcode/DerivedData/Notch-ddzsfiyxyoauidejndllmosklbkq/Build/Intermediates.noindex/PostHog.build/Release/phlibwebp.build/Objects-normal/x86_64/picture_tools_enc.o

CompileC /Users/jasonlee/Library/Developer/Xcode/DerivedData/Notch-ddzsfiyxyoauidejndllmosklbkq/Build/Intermediates.noindex/PostHog.build/Release/phlibwebp.build/Objects-normal/x86_64/picture_rescale_enc.o /Users/jasonlee/Library/Developer/Xcode/DerivedData/Notch-ddzsfiyxyoauidejndllmosklbkq/SourcePackages/checkouts/posthog-ios/vendor/libwebp/picture_rescale_enc.c normal x86_64 c com.apple.compilers.llvm.clang.1_0.compiler (in target 'phlibwebp' from project 'PostHog')
    cd /Users/jasonlee/Coding/App/Notch/Notch.xcodeproj
    
    Using response file: /Users/jasonlee/Library/Developer/Xcode/DerivedData/Notch-ddzsfiyxyoauidejndllmosklbkq/Build/Intermediates.noindex/PostHog.build/Release/phlibwebp.build/Objects-normal/x86_64/7187679823f38a2a940e0043cdf9d637-common-args.resp
    
    /Applications/Xcode.app/Contents/Developer/Toolchains/XcodeDefault.xctoolchain/usr/bin/clang -x c -ivfsstatcache /Users/jasonlee/Library/Developer/Xcode/DerivedData/SDKStatCaches.noindex/macosx26.4-25E251-30f9ca8789b706f8bd3fc906a70d770f.sdkstatcache -target x86_64-apple-macos10.15 -fmessage-length\=0 -fdiagnostics-show-note-include-stack -fmacro-backtrace-limit\=0 -fno-color-diagnostics -fmodules-prune-interval\=86400 -fmodules-prune-after\=345600 -fbuild-session-file\=/Users/jasonlee/Library/Developer/Xcode/DerivedData/ModuleCache.noindex/Session.modulevalidation -fmodules-validate-once-per-build-session -Wnon-modular-include-in-framework-module -Werror\=non-modular-include-in-framework-module -Wno-trigraphs -Wno-missing-field-initializers -Wno-missing-prototypes -Wno-return-type -Wno-missing-braces -Wparentheses -Wswitch -Wno-unused-function -Wno-unused-label -Wno-unused-parameter -Wno-unused-variable -Wunused-value -Wno-empty-body -Wno-uninitialized -Wno-unknown-pragmas -w -Wno-shadow -Wno-four-char-constants -Wno-conversion -Wno-constant-conversion -Wno-int-conversion -Wno-bool-conversion -Wno-enum-conversion -Wno-float-conversion -Wno-non-literal-null-conversion -Wno-objc-literal-conversion -Wshorten-64-to-32 -Wpointer-sign -Wno-newline-eof -Wno-implicit-fallthrough -isysroot /Applications/Xcode.app/Contents/Developer/Platforms/MacOSX.platform/Developer/SDKs/MacOSX26.4.sdk -fstrict-aliasing -Wdeprecated-declarations -Wno-sign-conversion -Wno-infinite-recursion -Wno-comma -Wno-block-capture-autoreleasing -Wno-strict-prototypes -Wno-semicolon-before-method-body @/Users/jasonlee/Library/Developer/Xcode/DerivedData/Notch-ddzsfiyxyoauidejndllmosklbkq/Build/Intermediates.noindex/PostHog.build/Release/phlibwebp.build/Objects-normal/x86_64/7187679823f38a2a940e0043cdf9d637-common-args.resp -MMD -MT dependencies -MF /Users/jasonlee/Library/Developer/Xcode/DerivedData/Notch-ddzsfiyxyoauidejndllmosklbkq/Build/Intermediates.noindex/PostHog.build/Release/phlibwebp.build/Objects-normal/x86_64/picture_rescale_enc.d --serialize-diagnostics /Users/jasonlee/Library/Developer/Xcode/DerivedData/Notch-ddzsfiyxyoauidejndllmosklbkq/Build/Intermediates.noindex/PostHog.build/Release/phlibwebp.build/Objects-normal/x86_64/picture_rescale_enc.dia -c /Users/jasonlee/Library/Developer/Xcode/DerivedData/Notch-ddzsfiyxyoauidejndllmosklbkq/SourcePackages/checkouts/posthog-ios/vendor/libwebp/picture_rescale_enc.c -o /Users/jasonlee/Library/Developer/Xcode/DerivedData/Notch-ddzsfiyxyoauidejndllmosklbkq/Build/Intermediates.noindex/PostHog.build/Release/phlibwebp.build/Objects-normal/x86_64/picture_rescale_enc.o

CompileC /Users/jasonlee/Library/Developer/Xcode/DerivedData/Notch-ddzsfiyxyoauidejndllmosklbkq/Build/Intermediates.noindex/PostHog.build/Release/phlibwebp.build/Objects-normal/x86_64/picture_psnr_enc.o /Users/jasonlee/Library/Developer/Xcode/DerivedData/Notch-ddzsfiyxyoauidejndllmosklbkq/SourcePackages/checkouts/posthog-ios/vendor/libwebp/picture_psnr_enc.c normal x86_64 c com.apple.compilers.llvm.clang.1_0.compiler (in target 'phlibwebp' from project 'PostHog')
    cd /Users/jasonlee/Coding/App/Notch/Notch.xcodeproj
    
    Using response file: /Users/jasonlee/Library/Developer/Xcode/DerivedData/Notch-ddzsfiyxyoauidejndllmosklbkq/Build/Intermediates.noindex/PostHog.build/Release/phlibwebp.build/Objects-normal/x86_64/7187679823f38a2a940e0043cdf9d637-common-args.resp
    
    /Applications/Xcode.app/Contents/Developer/Toolchains/XcodeDefault.xctoolchain/usr/bin/clang -x c -ivfsstatcache /Users/jasonlee/Library/Developer/Xcode/DerivedData/SDKStatCaches.noindex/macosx26.4-25E251-30f9ca8789b706f8bd3fc906a70d770f.sdkstatcache -target x86_64-apple-macos10.15 -fmessage-length\=0 -fdiagnostics-show-note-include-stack -fmacro-backtrace-limit\=0 -fno-color-diagnostics -fmodules-prune-interval\=86400 -fmodules-prune-after\=345600 -fbuild-session-file\=/Users/jasonlee/Library/Developer/Xcode/DerivedData/ModuleCache.noindex/Session.modulevalidation -fmodules-validate-once-per-build-session -Wnon-modular-include-in-framework-module -Werror\=non-modular-include-in-framework-module -Wno-trigraphs -Wno-missing-field-initializers -Wno-missing-prototypes -Wno-return-type -Wno-missing-braces -Wparentheses -Wswitch -Wno-unused-function -Wno-unused-label -Wno-unused-parameter -Wno-unused-variable -Wunused-value -Wno-empty-body -Wno-uninitialized -Wno-unknown-pragmas -w -Wno-shadow -Wno-four-char-constants -Wno-conversion -Wno-constant-conversion -Wno-int-conversion -Wno-bool-conversion -Wno-enum-conversion -Wno-float-conversion -Wno-non-literal-null-conversion -Wno-objc-literal-conversion -Wshorten-64-to-32 -Wpointer-sign -Wno-newline-eof -Wno-implicit-fallthrough -isysroot /Applications/Xcode.app/Contents/Developer/Platforms/MacOSX.platform/Developer/SDKs/MacOSX26.4.sdk -fstrict-aliasing -Wdeprecated-declarations -Wno-sign-conversion -Wno-infinite-recursion -Wno-comma -Wno-block-capture-autoreleasing -Wno-strict-prototypes -Wno-semicolon-before-method-body @/Users/jasonlee/Library/Developer/Xcode/DerivedData/Notch-ddzsfiyxyoauidejndllmosklbkq/Build/Intermediates.noindex/PostHog.build/Release/phlibwebp.build/Objects-normal/x86_64/7187679823f38a2a940e0043cdf9d637-common-args.resp -MMD -MT dependencies -MF /Users/jasonlee/Library/Developer/Xcode/DerivedData/Notch-ddzsfiyxyoauidejndllmosklbkq/Build/Intermediates.noindex/PostHog.build/Release/phlibwebp.build/Objects-normal/x86_64/picture_psnr_enc.d --serialize-diagnostics /Users/jasonlee/Library/Developer/Xcode/DerivedData/Notch-ddzsfiyxyoauidejndllmosklbkq/Build/Intermediates.noindex/PostHog.build/Release/phlibwebp.build/Objects-normal/x86_64/picture_psnr_enc.dia -c /Users/jasonlee/Library/Developer/Xcode/DerivedData/Notch-ddzsfiyxyoauidejndllmosklbkq/SourcePackages/checkouts/posthog-ios/vendor/libwebp/picture_psnr_enc.c -o /Users/jasonlee/Library/Developer/Xcode/DerivedData/Notch-ddzsfiyxyoauidejndllmosklbkq/Build/Intermediates.noindex/PostHog.build/Release/phlibwebp.build/Objects-normal/x86_64/picture_psnr_enc.o

CompileC /Users/jasonlee/Library/Developer/Xcode/DerivedData/Notch-ddzsfiyxyoauidejndllmosklbkq/Build/Intermediates.noindex/PostHog.build/Release/phlibwebp.build/Objects-normal/x86_64/picture_enc.o /Users/jasonlee/Library/Developer/Xcode/DerivedData/Notch-ddzsfiyxyoauidejndllmosklbkq/SourcePackages/checkouts/posthog-ios/vendor/libwebp/picture_enc.c normal x86_64 c com.apple.compilers.llvm.clang.1_0.compiler (in target 'phlibwebp' from project 'PostHog')
    cd /Users/jasonlee/Coding/App/Notch/Notch.xcodeproj
    
    Using response file: /Users/jasonlee/Library/Developer/Xcode/DerivedData/Notch-ddzsfiyxyoauidejndllmosklbkq/Build/Intermediates.noindex/PostHog.build/Release/phlibwebp.build/Objects-normal/x86_64/7187679823f38a2a940e0043cdf9d637-common-args.resp
    
    /Applications/Xcode.app/Contents/Developer/Toolchains/XcodeDefault.xctoolchain/usr/bin/clang -x c -ivfsstatcache /Users/jasonlee/Library/Developer/Xcode/DerivedData/SDKStatCaches.noindex/macosx26.4-25E251-30f9ca8789b706f8bd3fc906a70d770f.sdkstatcache -target x86_64-apple-macos10.15 -fmessage-length\=0 -fdiagnostics-show-note-include-stack -fmacro-backtrace-limit\=0 -fno-color-diagnostics -fmodules-prune-interval\=86400 -fmodules-prune-after\=345600 -fbuild-session-file\=/Users/jasonlee/Library/Developer/Xcode/DerivedData/ModuleCache.noindex/Session.modulevalidation -fmodules-validate-once-per-build-session -Wnon-modular-include-in-framework-module -Werror\=non-modular-include-in-framework-module -Wno-trigraphs -Wno-missing-field-initializers -Wno-missing-prototypes -Wno-return-type -Wno-missing-braces -Wparentheses -Wswitch -Wno-unused-function -Wno-unused-label -Wno-unused-parameter -Wno-unused-variable -Wunused-value -Wno-empty-body -Wno-uninitialized -Wno-unknown-pragmas -w -Wno-shadow -Wno-four-char-constants -Wno-conversion -Wno-constant-conversion -Wno-int-conversion -Wno-bool-conversion -Wno-enum-conversion -Wno-float-conversion -Wno-non-literal-null-conversion -Wno-objc-literal-conversion -Wshorten-64-to-32 -Wpointer-sign -Wno-newline-eof -Wno-implicit-fallthrough -isysroot /Applications/Xcode.app/Contents/Developer/Platforms/MacOSX.platform/Developer/SDKs/MacOSX26.4.sdk -fstrict-aliasing -Wdeprecated-declarations -Wno-sign-conversion -Wno-infinite-recursion -Wno-comma -Wno-block-capture-autoreleasing -Wno-strict-prototypes -Wno-semicolon-before-method-body @/Users/jasonlee/Library/Developer/Xcode/DerivedData/Notch-ddzsfiyxyoauidejndllmosklbkq/Build/Intermediates.noindex/PostHog.build/Release/phlibwebp.build/Objects-normal/x86_64/7187679823f38a2a940e0043cdf9d637-common-args.resp -MMD -MT dependencies -MF /Users/jasonlee/Library/Developer/Xcode/DerivedData/Notch-ddzsfiyxyoauidejndllmosklbkq/Build/Intermediates.noindex/PostHog.build/Release/phlibwebp.build/Objects-normal/x86_64/picture_enc.d --serialize-diagnostics /Users/jasonlee/Library/Developer/Xcode/DerivedData/Notch-ddzsfiyxyoauidejndllmosklbkq/Build/Intermediates.noindex/PostHog.build/Release/phlibwebp.build/Objects-normal/x86_64/picture_enc.dia -c /Users/jasonlee/Library/Developer/Xcode/DerivedData/Notch-ddzsfiyxyoauidejndllmosklbkq/SourcePackages/checkouts/posthog-ios/vendor/libwebp/picture_enc.c -o /Users/jasonlee/Library/Developer/Xcode/DerivedData/Notch-ddzsfiyxyoauidejndllmosklbkq/Build/Intermediates.noindex/PostHog.build/Release/phlibwebp.build/Objects-normal/x86_64/picture_enc.o

CompileC /Users/jasonlee/Library/Developer/Xcode/DerivedData/Notch-ddzsfiyxyoauidejndllmosklbkq/Build/Intermediates.noindex/PostHog.build/Release/phlibwebp.build/Objects-normal/x86_64/picture_csp_enc.o /Users/jasonlee/Library/Developer/Xcode/DerivedData/Notch-ddzsfiyxyoauidejndllmosklbkq/SourcePackages/checkouts/posthog-ios/vendor/libwebp/picture_csp_enc.c normal x86_64 c com.apple.compilers.llvm.clang.1_0.compiler (in target 'phlibwebp' from project 'PostHog')
    cd /Users/jasonlee/Coding/App/Notch/Notch.xcodeproj
    
    Using response file: /Users/jasonlee/Library/Developer/Xcode/DerivedData/Notch-ddzsfiyxyoauidejndllmosklbkq/Build/Intermediates.noindex/PostHog.build/Release/phlibwebp.build/Objects-normal/x86_64/7187679823f38a2a940e0043cdf9d637-common-args.resp
    
    /Applications/Xcode.app/Contents/Developer/Toolchains/XcodeDefault.xctoolchain/usr/bin/clang -x c -ivfsstatcache /Users/jasonlee/Library/Developer/Xcode/DerivedData/SDKStatCaches.noindex/macosx26.4-25E251-30f9ca8789b706f8bd3fc906a70d770f.sdkstatcache -target x86_64-apple-macos10.15 -fmessage-length\=0 -fdiagnostics-show-note-include-stack -fmacro-backtrace-limit\=0 -fno-color-diagnostics -fmodules-prune-interval\=86400 -fmodules-prune-after\=345600 -fbuild-session-file\=/Users/jasonlee/Library/Developer/Xcode/DerivedData/ModuleCache.noindex/Session.modulevalidation -fmodules-validate-once-per-build-session -Wnon-modular-include-in-framework-module -Werror\=non-modular-include-in-framework-module -Wno-trigraphs -Wno-missing-field-initializers -Wno-missing-prototypes -Wno-return-type -Wno-missing-braces -Wparentheses -Wswitch -Wno-unused-function -Wno-unused-label -Wno-unused-parameter -Wno-unused-variable -Wunused-value -Wno-empty-body -Wno-uninitialized -Wno-unknown-pragmas -w -Wno-shadow -Wno-four-char-constants -Wno-conversion -Wno-constant-conversion -Wno-int-conversion -Wno-bool-conversion -Wno-enum-conversion -Wno-float-conversion -Wno-non-literal-null-conversion -Wno-objc-literal-conversion -Wshorten-64-to-32 -Wpointer-sign -Wno-newline-eof -Wno-implicit-fallthrough -isysroot /Applications/Xcode.app/Contents/Developer/Platforms/MacOSX.platform/Developer/SDKs/MacOSX26.4.sdk -fstrict-aliasing -Wdeprecated-declarations -Wno-sign-conversion -Wno-infinite-recursion -Wno-comma -Wno-block-capture-autoreleasing -Wno-strict-prototypes -Wno-semicolon-before-method-body @/Users/jasonlee/Library/Developer/Xcode/DerivedData/Notch-ddzsfiyxyoauidejndllmosklbkq/Build/Intermediates.noindex/PostHog.build/Release/phlibwebp.build/Objects-normal/x86_64/7187679823f38a2a940e0043cdf9d637-common-args.resp -MMD -MT dependencies -MF /Users/jasonlee/Library/Developer/Xcode/DerivedData/Notch-ddzsfiyxyoauidejndllmosklbkq/Build/Intermediates.noindex/PostHog.build/Release/phlibwebp.build/Objects-normal/x86_64/picture_csp_enc.d --serialize-diagnostics /Users/jasonlee/Library/Developer/Xcode/DerivedData/Notch-ddzsfiyxyoauidejndllmosklbkq/Build/Intermediates.noindex/PostHog.build/Release/phlibwebp.build/Objects-normal/x86_64/picture_csp_enc.dia -c /Users/jasonlee/Library/Developer/Xcode/DerivedData/Notch-ddzsfiyxyoauidejndllmosklbkq/SourcePackages/checkouts/posthog-ios/vendor/libwebp/picture_csp_enc.c -o /Users/jasonlee/Library/Developer/Xcode/DerivedData/Notch-ddzsfiyxyoauidejndllmosklbkq/Build/Intermediates.noindex/PostHog.build/Release/phlibwebp.build/Objects-normal/x86_64/picture_csp_enc.o

CompileC /Users/jasonlee/Library/Developer/Xcode/DerivedData/Notch-ddzsfiyxyoauidejndllmosklbkq/Build/Intermediates.noindex/PostHog.build/Release/phlibwebp.build/Objects-normal/x86_64/palette.o /Users/jasonlee/Library/Developer/Xcode/DerivedData/Notch-ddzsfiyxyoauidejndllmosklbkq/SourcePackages/checkouts/posthog-ios/vendor/libwebp/palette.c normal x86_64 c com.apple.compilers.llvm.clang.1_0.compiler (in target 'phlibwebp' from project 'PostHog')
    cd /Users/jasonlee/Coding/App/Notch/Notch.xcodeproj
    
    Using response file: /Users/jasonlee/Library/Developer/Xcode/DerivedData/Notch-ddzsfiyxyoauidejndllmosklbkq/Build/Intermediates.noindex/PostHog.build/Release/phlibwebp.build/Objects-normal/x86_64/7187679823f38a2a940e0043cdf9d637-common-args.resp
    
    /Applications/Xcode.app/Contents/Developer/Toolchains/XcodeDefault.xctoolchain/usr/bin/clang -x c -ivfsstatcache /Users/jasonlee/Library/Developer/Xcode/DerivedData/SDKStatCaches.noindex/macosx26.4-25E251-30f9ca8789b706f8bd3fc906a70d770f.sdkstatcache -target x86_64-apple-macos10.15 -fmessage-length\=0 -fdiagnostics-show-note-include-stack -fmacro-backtrace-limit\=0 -fno-color-diagnostics -fmodules-prune-interval\=86400 -fmodules-prune-after\=345600 -fbuild-session-file\=/Users/jasonlee/Library/Developer/Xcode/DerivedData/ModuleCache.noindex/Session.modulevalidation -fmodules-validate-once-per-build-session -Wnon-modular-include-in-framework-module -Werror\=non-modular-include-in-framework-module -Wno-trigraphs -Wno-missing-field-initializers -Wno-missing-prototypes -Wno-return-type -Wno-missing-braces -Wparentheses -Wswitch -Wno-unused-function -Wno-unused-label -Wno-unused-parameter -Wno-unused-variable -Wunused-value -Wno-empty-body -Wno-uninitialized -Wno-unknown-pragmas -w -Wno-shadow -Wno-four-char-constants -Wno-conversion -Wno-constant-conversion -Wno-int-conversion -Wno-bool-conversion -Wno-enum-conversion -Wno-float-conversion -Wno-non-literal-null-conversion -Wno-objc-literal-conversion -Wshorten-64-to-32 -Wpointer-sign -Wno-newline-eof -Wno-implicit-fallthrough -isysroot /Applications/Xcode.app/Contents/Developer/Platforms/MacOSX.platform/Developer/SDKs/MacOSX26.4.sdk -fstrict-aliasing -Wdeprecated-declarations -Wno-sign-conversion -Wno-infinite-recursion -Wno-comma -Wno-block-capture-autoreleasing -Wno-strict-prototypes -Wno-semicolon-before-method-body @/Users/jasonlee/Library/Developer/Xcode/DerivedData/Notch-ddzsfiyxyoauidejndllmosklbkq/Build/Intermediates.noindex/PostHog.build/Release/phlibwebp.build/Objects-normal/x86_64/7187679823f38a2a940e0043cdf9d637-common-args.resp -MMD -MT dependencies -MF /Users/jasonlee/Library/Developer/Xcode/DerivedData/Notch-ddzsfiyxyoauidejndllmosklbkq/Build/Intermediates.noindex/PostHog.build/Release/phlibwebp.build/Objects-normal/x86_64/palette.d --serialize-diagnostics /Users/jasonlee/Library/Developer/Xcode/DerivedData/Notch-ddzsfiyxyoauidejndllmosklbkq/Build/Intermediates.noindex/PostHog.build/Release/phlibwebp.build/Objects-normal/x86_64/palette.dia -c /Users/jasonlee/Library/Developer/Xcode/DerivedData/Notch-ddzsfiyxyoauidejndllmosklbkq/SourcePackages/checkouts/posthog-ios/vendor/libwebp/palette.c -o /Users/jasonlee/Library/Developer/Xcode/DerivedData/Notch-ddzsfiyxyoauidejndllmosklbkq/Build/Intermediates.noindex/PostHog.build/Release/phlibwebp.build/Objects-normal/x86_64/palette.o

CompileC /Users/jasonlee/Library/Developer/Xcode/DerivedData/Notch-ddzsfiyxyoauidejndllmosklbkq/Build/Intermediates.noindex/PostHog.build/Release/phlibwebp.build/Objects-normal/x86_64/near_lossless_enc.o /Users/jasonlee/Library/Developer/Xcode/DerivedData/Notch-ddzsfiyxyoauidejndllmosklbkq/SourcePackages/checkouts/posthog-ios/vendor/libwebp/near_lossless_enc.c normal x86_64 c com.apple.compilers.llvm.clang.1_0.compiler (in target 'phlibwebp' from project 'PostHog')
    cd /Users/jasonlee/Coding/App/Notch/Notch.xcodeproj
    
    Using response file: /Users/jasonlee/Library/Developer/Xcode/DerivedData/Notch-ddzsfiyxyoauidejndllmosklbkq/Build/Intermediates.noindex/PostHog.build/Release/phlibwebp.build/Objects-normal/x86_64/7187679823f38a2a940e0043cdf9d637-common-args.resp
    
    /Applications/Xcode.app/Contents/Developer/Toolchains/XcodeDefault.xctoolchain/usr/bin/clang -x c -ivfsstatcache /Users/jasonlee/Library/Developer/Xcode/DerivedData/SDKStatCaches.noindex/macosx26.4-25E251-30f9ca8789b706f8bd3fc906a70d770f.sdkstatcache -target x86_64-apple-macos10.15 -fmessage-length\=0 -fdiagnostics-show-note-include-stack -fmacro-backtrace-limit\=0 -fno-color-diagnostics -fmodules-prune-interval\=86400 -fmodules-prune-after\=345600 -fbuild-session-file\=/Users/jasonlee/Library/Developer/Xcode/DerivedData/ModuleCache.noindex/Session.modulevalidation -fmodules-validate-once-per-build-session -Wnon-modular-include-in-framework-module -Werror\=non-modular-include-in-framework-module -Wno-trigraphs -Wno-missing-field-initializers -Wno-missing-prototypes -Wno-return-type -Wno-missing-braces -Wparentheses -Wswitch -Wno-unused-function -Wno-unused-label -Wno-unused-parameter -Wno-unused-variable -Wunused-value -Wno-empty-body -Wno-uninitialized -Wno-unknown-pragmas -w -Wno-shadow -Wno-four-char-constants -Wno-conversion -Wno-constant-conversion -Wno-int-conversion -Wno-bool-conversion -Wno-enum-conversion -Wno-float-conversion -Wno-non-literal-null-conversion -Wno-objc-literal-conversion -Wshorten-64-to-32 -Wpointer-sign -Wno-newline-eof -Wno-implicit-fallthrough -isysroot /Applications/Xcode.app/Contents/Developer/Platforms/MacOSX.platform/Developer/SDKs/MacOSX26.4.sdk -fstrict-aliasing -Wdeprecated-declarations -Wno-sign-conversion -Wno-infinite-recursion -Wno-comma -Wno-block-capture-autoreleasing -Wno-strict-prototypes -Wno-semicolon-before-method-body @/Users/jasonlee/Library/Developer/Xcode/DerivedData/Notch-ddzsfiyxyoauidejndllmosklbkq/Build/Intermediates.noindex/PostHog.build/Release/phlibwebp.build/Objects-normal/x86_64/7187679823f38a2a940e0043cdf9d637-common-args.resp -MMD -MT dependencies -MF /Users/jasonlee/Library/Developer/Xcode/DerivedData/Notch-ddzsfiyxyoauidejndllmosklbkq/Build/Intermediates.noindex/PostHog.build/Release/phlibwebp.build/Objects-normal/x86_64/near_lossless_enc.d --serialize-diagnostics /Users/jasonlee/Library/Developer/Xcode/DerivedData/Notch-ddzsfiyxyoauidejndllmosklbkq/Build/Intermediates.noindex/PostHog.build/Release/phlibwebp.build/Objects-normal/x86_64/near_lossless_enc.dia -c /Users/jasonlee/Library/Developer/Xcode/DerivedData/Notch-ddzsfiyxyoauidejndllmosklbkq/SourcePackages/checkouts/posthog-ios/vendor/libwebp/near_lossless_enc.c -o /Users/jasonlee/Library/Developer/Xcode/DerivedData/Notch-ddzsfiyxyoauidejndllmosklbkq/Build/Intermediates.noindex/PostHog.build/Release/phlibwebp.build/Objects-normal/x86_64/near_lossless_enc.o

CompileC /Users/jasonlee/Library/Developer/Xcode/DerivedData/Notch-ddzsfiyxyoauidejndllmosklbkq/Build/Intermediates.noindex/PostHog.build/Release/phlibwebp.build/Objects-normal/x86_64/muxread.o /Users/jasonlee/Library/Developer/Xcode/DerivedData/Notch-ddzsfiyxyoauidejndllmosklbkq/SourcePackages/checkouts/posthog-ios/vendor/libwebp/muxread.c normal x86_64 c com.apple.compilers.llvm.clang.1_0.compiler (in target 'phlibwebp' from project 'PostHog')
    cd /Users/jasonlee/Coding/App/Notch/Notch.xcodeproj
    
    Using response file: /Users/jasonlee/Library/Developer/Xcode/DerivedData/Notch-ddzsfiyxyoauidejndllmosklbkq/Build/Intermediates.noindex/PostHog.build/Release/phlibwebp.build/Objects-normal/x86_64/7187679823f38a2a940e0043cdf9d637-common-args.resp
    
    /Applications/Xcode.app/Contents/Developer/Toolchains/XcodeDefault.xctoolchain/usr/bin/clang -x c -ivfsstatcache /Users/jasonlee/Library/Developer/Xcode/DerivedData/SDKStatCaches.noindex/macosx26.4-25E251-30f9ca8789b706f8bd3fc906a70d770f.sdkstatcache -target x86_64-apple-macos10.15 -fmessage-length\=0 -fdiagnostics-show-note-include-stack -fmacro-backtrace-limit\=0 -fno-color-diagnostics -fmodules-prune-interval\=86400 -fmodules-prune-after\=345600 -fbuild-session-file\=/Users/jasonlee/Library/Developer/Xcode/DerivedData/ModuleCache.noindex/Session.modulevalidation -fmodules-validate-once-per-build-session -Wnon-modular-include-in-framework-module -Werror\=non-modular-include-in-framework-module -Wno-trigraphs -Wno-missing-field-initializers -Wno-missing-prototypes -Wno-return-type -Wno-missing-braces -Wparentheses -Wswitch -Wno-unused-function -Wno-unused-label -Wno-unused-parameter -Wno-unused-variable -Wunused-value -Wno-empty-body -Wno-uninitialized -Wno-unknown-pragmas -w -Wno-shadow -Wno-four-char-constants -Wno-conversion -Wno-constant-conversion -Wno-int-conversion -Wno-bool-conversion -Wno-enum-conversion -Wno-float-conversion -Wno-non-literal-null-conversion -Wno-objc-literal-conversion -Wshorten-64-to-32 -Wpointer-sign -Wno-newline-eof -Wno-implicit-fallthrough -isysroot /Applications/Xcode.app/Contents/Developer/Platforms/MacOSX.platform/Developer/SDKs/MacOSX26.4.sdk -fstrict-aliasing -Wdeprecated-declarations -Wno-sign-conversion -Wno-infinite-recursion -Wno-comma -Wno-block-capture-autoreleasing -Wno-strict-prototypes -Wno-semicolon-before-method-body @/Users/jasonlee/Library/Developer/Xcode/DerivedData/Notch-ddzsfiyxyoauidejndllmosklbkq/Build/Intermediates.noindex/PostHog.build/Release/phlibwebp.build/Objects-normal/x86_64/7187679823f38a2a940e0043cdf9d637-common-args.resp -MMD -MT dependencies -MF /Users/jasonlee/Library/Developer/Xcode/DerivedData/Notch-ddzsfiyxyoauidejndllmosklbkq/Build/Intermediates.noindex/PostHog.build/Release/phlibwebp.build/Objects-normal/x86_64/muxread.d --serialize-diagnostics /Users/jasonlee/Library/Developer/Xcode/DerivedData/Notch-ddzsfiyxyoauidejndllmosklbkq/Build/Intermediates.noindex/PostHog.build/Release/phlibwebp.build/Objects-normal/x86_64/muxread.dia -c /Users/jasonlee/Library/Developer/Xcode/DerivedData/Notch-ddzsfiyxyoauidejndllmosklbkq/SourcePackages/checkouts/posthog-ios/vendor/libwebp/muxread.c -o /Users/jasonlee/Library/Developer/Xcode/DerivedData/Notch-ddzsfiyxyoauidejndllmosklbkq/Build/Intermediates.noindex/PostHog.build/Release/phlibwebp.build/Objects-normal/x86_64/muxread.o

CompileC /Users/jasonlee/Library/Developer/Xcode/DerivedData/Notch-ddzsfiyxyoauidejndllmosklbkq/Build/Intermediates.noindex/PostHog.build/Release/phlibwebp.build/Objects-normal/x86_64/muxinternal.o /Users/jasonlee/Library/Developer/Xcode/DerivedData/Notch-ddzsfiyxyoauidejndllmosklbkq/SourcePackages/checkouts/posthog-ios/vendor/libwebp/muxinternal.c normal x86_64 c com.apple.compilers.llvm.clang.1_0.compiler (in target 'phlibwebp' from project 'PostHog')
    cd /Users/jasonlee/Coding/App/Notch/Notch.xcodeproj
    
    Using response file: /Users/jasonlee/Library/Developer/Xcode/DerivedData/Notch-ddzsfiyxyoauidejndllmosklbkq/Build/Intermediates.noindex/PostHog.build/Release/phlibwebp.build/Objects-normal/x86_64/7187679823f38a2a940e0043cdf9d637-common-args.resp
    
    /Applications/Xcode.app/Contents/Developer/Toolchains/XcodeDefault.xctoolchain/usr/bin/clang -x c -ivfsstatcache /Users/jasonlee/Library/Developer/Xcode/DerivedData/SDKStatCaches.noindex/macosx26.4-25E251-30f9ca8789b706f8bd3fc906a70d770f.sdkstatcache -target x86_64-apple-macos10.15 -fmessage-length\=0 -fdiagnostics-show-note-include-stack -fmacro-backtrace-limit\=0 -fno-color-diagnostics -fmodules-prune-interval\=86400 -fmodules-prune-after\=345600 -fbuild-session-file\=/Users/jasonlee/Library/Developer/Xcode/DerivedData/ModuleCache.noindex/Session.modulevalidation -fmodules-validate-once-per-build-session -Wnon-modular-include-in-framework-module -Werror\=non-modular-include-in-framework-module -Wno-trigraphs -Wno-missing-field-initializers -Wno-missing-prototypes -Wno-return-type -Wno-missing-braces -Wparentheses -Wswitch -Wno-unused-function -Wno-unused-label -Wno-unused-parameter -Wno-unused-variable -Wunused-value -Wno-empty-body -Wno-uninitialized -Wno-unknown-pragmas -w -Wno-shadow -Wno-four-char-constants -Wno-conversion -Wno-constant-conversion -Wno-int-conversion -Wno-bool-conversion -Wno-enum-conversion -Wno-float-conversion -Wno-non-literal-null-conversion -Wno-objc-literal-conversion -Wshorten-64-to-32 -Wpointer-sign -Wno-newline-eof -Wno-implicit-fallthrough -isysroot /Applications/Xcode.app/Contents/Developer/Platforms/MacOSX.platform/Developer/SDKs/MacOSX26.4.sdk -fstrict-aliasing -Wdeprecated-declarations -Wno-sign-conversion -Wno-infinite-recursion -Wno-comma -Wno-block-capture-autoreleasing -Wno-strict-prototypes -Wno-semicolon-before-method-body @/Users/jasonlee/Library/Developer/Xcode/DerivedData/Notch-ddzsfiyxyoauidejndllmosklbkq/Build/Intermediates.noindex/PostHog.build/Release/phlibwebp.build/Objects-normal/x86_64/7187679823f38a2a940e0043cdf9d637-common-args.resp -MMD -MT dependencies -MF /Users/jasonlee/Library/Developer/Xcode/DerivedData/Notch-ddzsfiyxyoauidejndllmosklbkq/Build/Intermediates.noindex/PostHog.build/Release/phlibwebp.build/Objects-normal/x86_64/muxinternal.d --serialize-diagnostics /Users/jasonlee/Library/Developer/Xcode/DerivedData/Notch-ddzsfiyxyoauidejndllmosklbkq/Build/Intermediates.noindex/PostHog.build/Release/phlibwebp.build/Objects-normal/x86_64/muxinternal.dia -c /Users/jasonlee/Library/Developer/Xcode/DerivedData/Notch-ddzsfiyxyoauidejndllmosklbkq/SourcePackages/checkouts/posthog-ios/vendor/libwebp/muxinternal.c -o /Users/jasonlee/Library/Developer/Xcode/DerivedData/Notch-ddzsfiyxyoauidejndllmosklbkq/Build/Intermediates.noindex/PostHog.build/Release/phlibwebp.build/Objects-normal/x86_64/muxinternal.o

CompileC /Users/jasonlee/Library/Developer/Xcode/DerivedData/Notch-ddzsfiyxyoauidejndllmosklbkq/Build/Intermediates.noindex/PostHog.build/Release/phlibwebp.build/Objects-normal/x86_64/muxedit.o /Users/jasonlee/Library/Developer/Xcode/DerivedData/Notch-ddzsfiyxyoauidejndllmosklbkq/SourcePackages/checkouts/posthog-ios/vendor/libwebp/muxedit.c normal x86_64 c com.apple.compilers.llvm.clang.1_0.compiler (in target 'phlibwebp' from project 'PostHog')
    cd /Users/jasonlee/Coding/App/Notch/Notch.xcodeproj
    
    Using response file: /Users/jasonlee/Library/Developer/Xcode/DerivedData/Notch-ddzsfiyxyoauidejndllmosklbkq/Build/Intermediates.noindex/PostHog.build/Release/phlibwebp.build/Objects-normal/x86_64/7187679823f38a2a940e0043cdf9d637-common-args.resp
    
    /Applications/Xcode.app/Contents/Developer/Toolchains/XcodeDefault.xctoolchain/usr/bin/clang -x c -ivfsstatcache /Users/jasonlee/Library/Developer/Xcode/DerivedData/SDKStatCaches.noindex/macosx26.4-25E251-30f9ca8789b706f8bd3fc906a70d770f.sdkstatcache -target x86_64-apple-macos10.15 -fmessage-length\=0 -fdiagnostics-show-note-include-stack -fmacro-backtrace-limit\=0 -fno-color-diagnostics -fmodules-prune-interval\=86400 -fmodules-prune-after\=345600 -fbuild-session-file\=/Users/jasonlee/Library/Developer/Xcode/DerivedData/ModuleCache.noindex/Session.modulevalidation -fmodules-validate-once-per-build-session -Wnon-modular-include-in-framework-module -Werror\=non-modular-include-in-framework-module -Wno-trigraphs -Wno-missing-field-initializers -Wno-missing-prototypes -Wno-return-type -Wno-missing-braces -Wparentheses -Wswitch -Wno-unused-function -Wno-unused-label -Wno-unused-parameter -Wno-unused-variable -Wunused-value -Wno-empty-body -Wno-uninitialized -Wno-unknown-pragmas -w -Wno-shadow -Wno-four-char-constants -Wno-conversion -Wno-constant-conversion -Wno-int-conversion -Wno-bool-conversion -Wno-enum-conversion -Wno-float-conversion -Wno-non-literal-null-conversion -Wno-objc-literal-conversion -Wshorten-64-to-32 -Wpointer-sign -Wno-newline-eof -Wno-implicit-fallthrough -isysroot /Applications/Xcode.app/Contents/Developer/Platforms/MacOSX.platform/Developer/SDKs/MacOSX26.4.sdk -fstrict-aliasing -Wdeprecated-declarations -Wno-sign-conversion -Wno-infinite-recursion -Wno-comma -Wno-block-capture-autoreleasing -Wno-strict-prototypes -Wno-semicolon-before-method-body @/Users/jasonlee/Library/Developer/Xcode/DerivedData/Notch-ddzsfiyxyoauidejndllmosklbkq/Build/Intermediates.noindex/PostHog.build/Release/phlibwebp.build/Objects-normal/x86_64/7187679823f38a2a940e0043cdf9d637-common-args.resp -MMD -MT dependencies -MF /Users/jasonlee/Library/Developer/Xcode/DerivedData/Notch-ddzsfiyxyoauidejndllmosklbkq/Build/Intermediates.noindex/PostHog.build/Release/phlibwebp.build/Objects-normal/x86_64/muxedit.d --serialize-diagnostics /Users/jasonlee/Library/Developer/Xcode/DerivedData/Notch-ddzsfiyxyoauidejndllmosklbkq/Build/Intermediates.noindex/PostHog.build/Release/phlibwebp.build/Objects-normal/x86_64/muxedit.dia -c /Users/jasonlee/Library/Developer/Xcode/DerivedData/Notch-ddzsfiyxyoauidejndllmosklbkq/SourcePackages/checkouts/posthog-ios/vendor/libwebp/muxedit.c -o /Users/jasonlee/Library/Developer/Xcode/DerivedData/Notch-ddzsfiyxyoauidejndllmosklbkq/Build/Intermediates.noindex/PostHog.build/Release/phlibwebp.build/Objects-normal/x86_64/muxedit.o

CompileC /Users/jasonlee/Library/Developer/Xcode/DerivedData/Notch-ddzsfiyxyoauidejndllmosklbkq/Build/Intermediates.noindex/PostHog.build/Release/phlibwebp.build/Objects-normal/x86_64/lossless_sse41.o /Users/jasonlee/Library/Developer/Xcode/DerivedData/Notch-ddzsfiyxyoauidejndllmosklbkq/SourcePackages/checkouts/posthog-ios/vendor/libwebp/lossless_sse41.c normal x86_64 c com.apple.compilers.llvm.clang.1_0.compiler (in target 'phlibwebp' from project 'PostHog')
    cd /Users/jasonlee/Coding/App/Notch/Notch.xcodeproj
    
    Using response file: /Users/jasonlee/Library/Developer/Xcode/DerivedData/Notch-ddzsfiyxyoauidejndllmosklbkq/Build/Intermediates.noindex/PostHog.build/Release/phlibwebp.build/Objects-normal/x86_64/7187679823f38a2a940e0043cdf9d637-common-args.resp
    
    /Applications/Xcode.app/Contents/Developer/Toolchains/XcodeDefault.xctoolchain/usr/bin/clang -x c -ivfsstatcache /Users/jasonlee/Library/Developer/Xcode/DerivedData/SDKStatCaches.noindex/macosx26.4-25E251-30f9ca8789b706f8bd3fc906a70d770f.sdkstatcache -target x86_64-apple-macos10.15 -fmessage-length\=0 -fdiagnostics-show-note-include-stack -fmacro-backtrace-limit\=0 -fno-color-diagnostics -fmodules-prune-interval\=86400 -fmodules-prune-after\=345600 -fbuild-session-file\=/Users/jasonlee/Library/Developer/Xcode/DerivedData/ModuleCache.noindex/Session.modulevalidation -fmodules-validate-once-per-build-session -Wnon-modular-include-in-framework-module -Werror\=non-modular-include-in-framework-module -Wno-trigraphs -Wno-missing-field-initializers -Wno-missing-prototypes -Wno-return-type -Wno-missing-braces -Wparentheses -Wswitch -Wno-unused-function -Wno-unused-label -Wno-unused-parameter -Wno-unused-variable -Wunused-value -Wno-empty-body -Wno-uninitialized -Wno-unknown-pragmas -w -Wno-shadow -Wno-four-char-constants -Wno-conversion -Wno-constant-conversion -Wno-int-conversion -Wno-bool-conversion -Wno-enum-conversion -Wno-float-conversion -Wno-non-literal-null-conversion -Wno-objc-literal-conversion -Wshorten-64-to-32 -Wpointer-sign -Wno-newline-eof -Wno-implicit-fallthrough -isysroot /Applications/Xcode.app/Contents/Developer/Platforms/MacOSX.platform/Developer/SDKs/MacOSX26.4.sdk -fstrict-aliasing -Wdeprecated-declarations -Wno-sign-conversion -Wno-infinite-recursion -Wno-comma -Wno-block-capture-autoreleasing -Wno-strict-prototypes -Wno-semicolon-before-method-body @/Users/jasonlee/Library/Developer/Xcode/DerivedData/Notch-ddzsfiyxyoauidejndllmosklbkq/Build/Intermediates.noindex/PostHog.build/Release/phlibwebp.build/Objects-normal/x86_64/7187679823f38a2a940e0043cdf9d637-common-args.resp -MMD -MT dependencies -MF /Users/jasonlee/Library/Developer/Xcode/DerivedData/Notch-ddzsfiyxyoauidejndllmosklbkq/Build/Intermediates.noindex/PostHog.build/Release/phlibwebp.build/Objects-normal/x86_64/lossless_sse41.d --serialize-diagnostics /Users/jasonlee/Library/Developer/Xcode/DerivedData/Notch-ddzsfiyxyoauidejndllmosklbkq/Build/Intermediates.noindex/PostHog.build/Release/phlibwebp.build/Objects-normal/x86_64/lossless_sse41.dia -c /Users/jasonlee/Library/Developer/Xcode/DerivedData/Notch-ddzsfiyxyoauidejndllmosklbkq/SourcePackages/checkouts/posthog-ios/vendor/libwebp/lossless_sse41.c -o /Users/jasonlee/Library/Developer/Xcode/DerivedData/Notch-ddzsfiyxyoauidejndllmosklbkq/Build/Intermediates.noindex/PostHog.build/Release/phlibwebp.build/Objects-normal/x86_64/lossless_sse41.o

CompileC /Users/jasonlee/Library/Developer/Xcode/DerivedData/Notch-ddzsfiyxyoauidejndllmosklbkq/Build/Intermediates.noindex/PostHog.build/Release/phlibwebp.build/Objects-normal/x86_64/lossless_sse2.o /Users/jasonlee/Library/Developer/Xcode/DerivedData/Notch-ddzsfiyxyoauidejndllmosklbkq/SourcePackages/checkouts/posthog-ios/vendor/libwebp/lossless_sse2.c normal x86_64 c com.apple.compilers.llvm.clang.1_0.compiler (in target 'phlibwebp' from project 'PostHog')
    cd /Users/jasonlee/Coding/App/Notch/Notch.xcodeproj
    
    Using response file: /Users/jasonlee/Library/Developer/Xcode/DerivedData/Notch-ddzsfiyxyoauidejndllmosklbkq/Build/Intermediates.noindex/PostHog.build/Release/phlibwebp.build/Objects-normal/x86_64/7187679823f38a2a940e0043cdf9d637-common-args.resp
    
    /Applications/Xcode.app/Contents/Developer/Toolchains/XcodeDefault.xctoolchain/usr/bin/clang -x c -ivfsstatcache /Users/jasonlee/Library/Developer/Xcode/DerivedData/SDKStatCaches.noindex/macosx26.4-25E251-30f9ca8789b706f8bd3fc906a70d770f.sdkstatcache -target x86_64-apple-macos10.15 -fmessage-length\=0 -fdiagnostics-show-note-include-stack -fmacro-backtrace-limit\=0 -fno-color-diagnostics -fmodules-prune-interval\=86400 -fmodules-prune-after\=345600 -fbuild-session-file\=/Users/jasonlee/Library/Developer/Xcode/DerivedData/ModuleCache.noindex/Session.modulevalidation -fmodules-validate-once-per-build-session -Wnon-modular-include-in-framework-module -Werror\=non-modular-include-in-framework-module -Wno-trigraphs -Wno-missing-field-initializers -Wno-missing-prototypes -Wno-return-type -Wno-missing-braces -Wparentheses -Wswitch -Wno-unused-function -Wno-unused-label -Wno-unused-parameter -Wno-unused-variable -Wunused-value -Wno-empty-body -Wno-uninitialized -Wno-unknown-pragmas -w -Wno-shadow -Wno-four-char-constants -Wno-conversion -Wno-constant-conversion -Wno-int-conversion -Wno-bool-conversion -Wno-enum-conversion -Wno-float-conversion -Wno-non-literal-null-conversion -Wno-objc-literal-conversion -Wshorten-64-to-32 -Wpointer-sign -Wno-newline-eof -Wno-implicit-fallthrough -isysroot /Applications/Xcode.app/Contents/Developer/Platforms/MacOSX.platform/Developer/SDKs/MacOSX26.4.sdk -fstrict-aliasing -Wdeprecated-declarations -Wno-sign-conversion -Wno-infinite-recursion -Wno-comma -Wno-block-capture-autoreleasing -Wno-strict-prototypes -Wno-semicolon-before-method-body @/Users/jasonlee/Library/Developer/Xcode/DerivedData/Notch-ddzsfiyxyoauidejndllmosklbkq/Build/Intermediates.noindex/PostHog.build/Release/phlibwebp.build/Objects-normal/x86_64/7187679823f38a2a940e0043cdf9d637-common-args.resp -MMD -MT dependencies -MF /Users/jasonlee/Library/Developer/Xcode/DerivedData/Notch-ddzsfiyxyoauidejndllmosklbkq/Build/Intermediates.noindex/PostHog.build/Release/phlibwebp.build/Objects-normal/x86_64/lossless_sse2.d --serialize-diagnostics /Users/jasonlee/Library/Developer/Xcode/DerivedData/Notch-ddzsfiyxyoauidejndllmosklbkq/Build/Intermediates.noindex/PostHog.build/Release/phlibwebp.build/Objects-normal/x86_64/lossless_sse2.dia -c /Users/jasonlee/Library/Developer/Xcode/DerivedData/Notch-ddzsfiyxyoauidejndllmosklbkq/SourcePackages/checkouts/posthog-ios/vendor/libwebp/lossless_sse2.c -o /Users/jasonlee/Library/Developer/Xcode/DerivedData/Notch-ddzsfiyxyoauidejndllmosklbkq/Build/Intermediates.noindex/PostHog.build/Release/phlibwebp.build/Objects-normal/x86_64/lossless_sse2.o

CompileC /Users/jasonlee/Library/Developer/Xcode/DerivedData/Notch-ddzsfiyxyoauidejndllmosklbkq/Build/Intermediates.noindex/PostHog.build/Release/phlibwebp.build/Objects-normal/x86_64/lossless_neon.o /Users/jasonlee/Library/Developer/Xcode/DerivedData/Notch-ddzsfiyxyoauidejndllmosklbkq/SourcePackages/checkouts/posthog-ios/vendor/libwebp/lossless_neon.c normal x86_64 c com.apple.compilers.llvm.clang.1_0.compiler (in target 'phlibwebp' from project 'PostHog')
    cd /Users/jasonlee/Coding/App/Notch/Notch.xcodeproj
    
    Using response file: /Users/jasonlee/Library/Developer/Xcode/DerivedData/Notch-ddzsfiyxyoauidejndllmosklbkq/Build/Intermediates.noindex/PostHog.build/Release/phlibwebp.build/Objects-normal/x86_64/7187679823f38a2a940e0043cdf9d637-common-args.resp
    
    /Applications/Xcode.app/Contents/Developer/Toolchains/XcodeDefault.xctoolchain/usr/bin/clang -x c -ivfsstatcache /Users/jasonlee/Library/Developer/Xcode/DerivedData/SDKStatCaches.noindex/macosx26.4-25E251-30f9ca8789b706f8bd3fc906a70d770f.sdkstatcache -target x86_64-apple-macos10.15 -fmessage-length\=0 -fdiagnostics-show-note-include-stack -fmacro-backtrace-limit\=0 -fno-color-diagnostics -fmodules-prune-interval\=86400 -fmodules-prune-after\=345600 -fbuild-session-file\=/Users/jasonlee/Library/Developer/Xcode/DerivedData/ModuleCache.noindex/Session.modulevalidation -fmodules-validate-once-per-build-session -Wnon-modular-include-in-framework-module -Werror\=non-modular-include-in-framework-module -Wno-trigraphs -Wno-missing-field-initializers -Wno-missing-prototypes -Wno-return-type -Wno-missing-braces -Wparentheses -Wswitch -Wno-unused-function -Wno-unused-label -Wno-unused-parameter -Wno-unused-variable -Wunused-value -Wno-empty-body -Wno-uninitialized -Wno-unknown-pragmas -w -Wno-shadow -Wno-four-char-constants -Wno-conversion -Wno-constant-conversion -Wno-int-conversion -Wno-bool-conversion -Wno-enum-conversion -Wno-float-conversion -Wno-non-literal-null-conversion -Wno-objc-literal-conversion -Wshorten-64-to-32 -Wpointer-sign -Wno-newline-eof -Wno-implicit-fallthrough -isysroot /Applications/Xcode.app/Contents/Developer/Platforms/MacOSX.platform/Developer/SDKs/MacOSX26.4.sdk -fstrict-aliasing -Wdeprecated-declarations -Wno-sign-conversion -Wno-infinite-recursion -Wno-comma -Wno-block-capture-autoreleasing -Wno-strict-prototypes -Wno-semicolon-before-method-body @/Users/jasonlee/Library/Developer/Xcode/DerivedData/Notch-ddzsfiyxyoauidejndllmosklbkq/Build/Intermediates.noindex/PostHog.build/Release/phlibwebp.build/Objects-normal/x86_64/7187679823f38a2a940e0043cdf9d637-common-args.resp -MMD -MT dependencies -MF /Users/jasonlee/Library/Developer/Xcode/DerivedData/Notch-ddzsfiyxyoauidejndllmosklbkq/Build/Intermediates.noindex/PostHog.build/Release/phlibwebp.build/Objects-normal/x86_64/lossless_neon.d --serialize-diagnostics /Users/jasonlee/Library/Developer/Xcode/DerivedData/Notch-ddzsfiyxyoauidejndllmosklbkq/Build/Intermediates.noindex/PostHog.build/Release/phlibwebp.build/Objects-normal/x86_64/lossless_neon.dia -c /Users/jasonlee/Library/Developer/Xcode/DerivedData/Notch-ddzsfiyxyoauidejndllmosklbkq/SourcePackages/checkouts/posthog-ios/vendor/libwebp/lossless_neon.c -o /Users/jasonlee/Library/Developer/Xcode/DerivedData/Notch-ddzsfiyxyoauidejndllmosklbkq/Build/Intermediates.noindex/PostHog.build/Release/phlibwebp.build/Objects-normal/x86_64/lossless_neon.o

CompileC /Users/jasonlee/Library/Developer/Xcode/DerivedData/Notch-ddzsfiyxyoauidejndllmosklbkq/Build/Intermediates.noindex/PostHog.build/Release/phlibwebp.build/Objects-normal/x86_64/lossless_enc_sse41.o /Users/jasonlee/Library/Developer/Xcode/DerivedData/Notch-ddzsfiyxyoauidejndllmosklbkq/SourcePackages/checkouts/posthog-ios/vendor/libwebp/lossless_enc_sse41.c normal x86_64 c com.apple.compilers.llvm.clang.1_0.compiler (in target 'phlibwebp' from project 'PostHog')
    cd /Users/jasonlee/Coding/App/Notch/Notch.xcodeproj
    
    Using response file: /Users/jasonlee/Library/Developer/Xcode/DerivedData/Notch-ddzsfiyxyoauidejndllmosklbkq/Build/Intermediates.noindex/PostHog.build/Release/phlibwebp.build/Objects-normal/x86_64/7187679823f38a2a940e0043cdf9d637-common-args.resp
    
    /Applications/Xcode.app/Contents/Developer/Toolchains/XcodeDefault.xctoolchain/usr/bin/clang -x c -ivfsstatcache /Users/jasonlee/Library/Developer/Xcode/DerivedData/SDKStatCaches.noindex/macosx26.4-25E251-30f9ca8789b706f8bd3fc906a70d770f.sdkstatcache -target x86_64-apple-macos10.15 -fmessage-length\=0 -fdiagnostics-show-note-include-stack -fmacro-backtrace-limit\=0 -fno-color-diagnostics -fmodules-prune-interval\=86400 -fmodules-prune-after\=345600 -fbuild-session-file\=/Users/jasonlee/Library/Developer/Xcode/DerivedData/ModuleCache.noindex/Session.modulevalidation -fmodules-validate-once-per-build-session -Wnon-modular-include-in-framework-module -Werror\=non-modular-include-in-framework-module -Wno-trigraphs -Wno-missing-field-initializers -Wno-missing-prototypes -Wno-return-type -Wno-missing-braces -Wparentheses -Wswitch -Wno-unused-function -Wno-unused-label -Wno-unused-parameter -Wno-unused-variable -Wunused-value -Wno-empty-body -Wno-uninitialized -Wno-unknown-pragmas -w -Wno-shadow -Wno-four-char-constants -Wno-conversion -Wno-constant-conversion -Wno-int-conversion -Wno-bool-conversion -Wno-enum-conversion -Wno-float-conversion -Wno-non-literal-null-conversion -Wno-objc-literal-conversion -Wshorten-64-to-32 -Wpointer-sign -Wno-newline-eof -Wno-implicit-fallthrough -isysroot /Applications/Xcode.app/Contents/Developer/Platforms/MacOSX.platform/Developer/SDKs/MacOSX26.4.sdk -fstrict-aliasing -Wdeprecated-declarations -Wno-sign-conversion -Wno-infinite-recursion -Wno-comma -Wno-block-capture-autoreleasing -Wno-strict-prototypes -Wno-semicolon-before-method-body @/Users/jasonlee/Library/Developer/Xcode/DerivedData/Notch-ddzsfiyxyoauidejndllmosklbkq/Build/Intermediates.noindex/PostHog.build/Release/phlibwebp.build/Objects-normal/x86_64/7187679823f38a2a940e0043cdf9d637-common-args.resp -MMD -MT dependencies -MF /Users/jasonlee/Library/Developer/Xcode/DerivedData/Notch-ddzsfiyxyoauidejndllmosklbkq/Build/Intermediates.noindex/PostHog.build/Release/phlibwebp.build/Objects-normal/x86_64/lossless_enc_sse41.d --serialize-diagnostics /Users/jasonlee/Library/Developer/Xcode/DerivedData/Notch-ddzsfiyxyoauidejndllmosklbkq/Build/Intermediates.noindex/PostHog.build/Release/phlibwebp.build/Objects-normal/x86_64/lossless_enc_sse41.dia -c /Users/jasonlee/Library/Developer/Xcode/DerivedData/Notch-ddzsfiyxyoauidejndllmosklbkq/SourcePackages/checkouts/posthog-ios/vendor/libwebp/lossless_enc_sse41.c -o /Users/jasonlee/Library/Developer/Xcode/DerivedData/Notch-ddzsfiyxyoauidejndllmosklbkq/Build/Intermediates.noindex/PostHog.build/Release/phlibwebp.build/Objects-normal/x86_64/lossless_enc_sse41.o

CompileC /Users/jasonlee/Library/Developer/Xcode/DerivedData/Notch-ddzsfiyxyoauidejndllmosklbkq/Build/Intermediates.noindex/PostHog.build/Release/phlibwebp.build/Objects-normal/x86_64/lossless_enc_sse2.o /Users/jasonlee/Library/Developer/Xcode/DerivedData/Notch-ddzsfiyxyoauidejndllmosklbkq/SourcePackages/checkouts/posthog-ios/vendor/libwebp/lossless_enc_sse2.c normal x86_64 c com.apple.compilers.llvm.clang.1_0.compiler (in target 'phlibwebp' from project 'PostHog')
    cd /Users/jasonlee/Coding/App/Notch/Notch.xcodeproj
    
    Using response file: /Users/jasonlee/Library/Developer/Xcode/DerivedData/Notch-ddzsfiyxyoauidejndllmosklbkq/Build/Intermediates.noindex/PostHog.build/Release/phlibwebp.build/Objects-normal/x86_64/7187679823f38a2a940e0043cdf9d637-common-args.resp
    
    /Applications/Xcode.app/Contents/Developer/Toolchains/XcodeDefault.xctoolchain/usr/bin/clang -x c -ivfsstatcache /Users/jasonlee/Library/Developer/Xcode/DerivedData/SDKStatCaches.noindex/macosx26.4-25E251-30f9ca8789b706f8bd3fc906a70d770f.sdkstatcache -target x86_64-apple-macos10.15 -fmessage-length\=0 -fdiagnostics-show-note-include-stack -fmacro-backtrace-limit\=0 -fno-color-diagnostics -fmodules-prune-interval\=86400 -fmodules-prune-after\=345600 -fbuild-session-file\=/Users/jasonlee/Library/Developer/Xcode/DerivedData/ModuleCache.noindex/Session.modulevalidation -fmodules-validate-once-per-build-session -Wnon-modular-include-in-framework-module -Werror\=non-modular-include-in-framework-module -Wno-trigraphs -Wno-missing-field-initializers -Wno-missing-prototypes -Wno-return-type -Wno-missing-braces -Wparentheses -Wswitch -Wno-unused-function -Wno-unused-label -Wno-unused-parameter -Wno-unused-variable -Wunused-value -Wno-empty-body -Wno-uninitialized -Wno-unknown-pragmas -w -Wno-shadow -Wno-four-char-constants -Wno-conversion -Wno-constant-conversion -Wno-int-conversion -Wno-bool-conversion -Wno-enum-conversion -Wno-float-conversion -Wno-non-literal-null-conversion -Wno-objc-literal-conversion -Wshorten-64-to-32 -Wpointer-sign -Wno-newline-eof -Wno-implicit-fallthrough -isysroot /Applications/Xcode.app/Contents/Developer/Platforms/MacOSX.platform/Developer/SDKs/MacOSX26.4.sdk -fstrict-aliasing -Wdeprecated-declarations -Wno-sign-conversion -Wno-infinite-recursion -Wno-comma -Wno-block-capture-autoreleasing -Wno-strict-prototypes -Wno-semicolon-before-method-body @/Users/jasonlee/Library/Developer/Xcode/DerivedData/Notch-ddzsfiyxyoauidejndllmosklbkq/Build/Intermediates.noindex/PostHog.build/Release/phlibwebp.build/Objects-normal/x86_64/7187679823f38a2a940e0043cdf9d637-common-args.resp -MMD -MT dependencies -MF /Users/jasonlee/Library/Developer/Xcode/DerivedData/Notch-ddzsfiyxyoauidejndllmosklbkq/Build/Intermediates.noindex/PostHog.build/Release/phlibwebp.build/Objects-normal/x86_64/lossless_enc_sse2.d --serialize-diagnostics /Users/jasonlee/Library/Developer/Xcode/DerivedData/Notch-ddzsfiyxyoauidejndllmosklbkq/Build/Intermediates.noindex/PostHog.build/Release/phlibwebp.build/Objects-normal/x86_64/lossless_enc_sse2.dia -c /Users/jasonlee/Library/Developer/Xcode/DerivedData/Notch-ddzsfiyxyoauidejndllmosklbkq/SourcePackages/checkouts/posthog-ios/vendor/libwebp/lossless_enc_sse2.c -o /Users/jasonlee/Library/Developer/Xcode/DerivedData/Notch-ddzsfiyxyoauidejndllmosklbkq/Build/Intermediates.noindex/PostHog.build/Release/phlibwebp.build/Objects-normal/x86_64/lossless_enc_sse2.o

CompileC /Users/jasonlee/Library/Developer/Xcode/DerivedData/Notch-ddzsfiyxyoauidejndllmosklbkq/Build/Intermediates.noindex/PostHog.build/Release/phlibwebp.build/Objects-normal/x86_64/lossless_enc_neon.o /Users/jasonlee/Library/Developer/Xcode/DerivedData/Notch-ddzsfiyxyoauidejndllmosklbkq/SourcePackages/checkouts/posthog-ios/vendor/libwebp/lossless_enc_neon.c normal x86_64 c com.apple.compilers.llvm.clang.1_0.compiler (in target 'phlibwebp' from project 'PostHog')
    cd /Users/jasonlee/Coding/App/Notch/Notch.xcodeproj
    
    Using response file: /Users/jasonlee/Library/Developer/Xcode/DerivedData/Notch-ddzsfiyxyoauidejndllmosklbkq/Build/Intermediates.noindex/PostHog.build/Release/phlibwebp.build/Objects-normal/x86_64/7187679823f38a2a940e0043cdf9d637-common-args.resp
    
    /Applications/Xcode.app/Contents/Developer/Toolchains/XcodeDefault.xctoolchain/usr/bin/clang -x c -ivfsstatcache /Users/jasonlee/Library/Developer/Xcode/DerivedData/SDKStatCaches.noindex/macosx26.4-25E251-30f9ca8789b706f8bd3fc906a70d770f.sdkstatcache -target x86_64-apple-macos10.15 -fmessage-length\=0 -fdiagnostics-show-note-include-stack -fmacro-backtrace-limit\=0 -fno-color-diagnostics -fmodules-prune-interval\=86400 -fmodules-prune-after\=345600 -fbuild-session-file\=/Users/jasonlee/Library/Developer/Xcode/DerivedData/ModuleCache.noindex/Session.modulevalidation -fmodules-validate-once-per-build-session -Wnon-modular-include-in-framework-module -Werror\=non-modular-include-in-framework-module -Wno-trigraphs -Wno-missing-field-initializers -Wno-missing-prototypes -Wno-return-type -Wno-missing-braces -Wparentheses -Wswitch -Wno-unused-function -Wno-unused-label -Wno-unused-parameter -Wno-unused-variable -Wunused-value -Wno-empty-body -Wno-uninitialized -Wno-unknown-pragmas -w -Wno-shadow -Wno-four-char-constants -Wno-conversion -Wno-constant-conversion -Wno-int-conversion -Wno-bool-conversion -Wno-enum-conversion -Wno-float-conversion -Wno-non-literal-null-conversion -Wno-objc-literal-conversion -Wshorten-64-to-32 -Wpointer-sign -Wno-newline-eof -Wno-implicit-fallthrough -isysroot /Applications/Xcode.app/Contents/Developer/Platforms/MacOSX.platform/Developer/SDKs/MacOSX26.4.sdk -fstrict-aliasing -Wdeprecated-declarations -Wno-sign-conversion -Wno-infinite-recursion -Wno-comma -Wno-block-capture-autoreleasing -Wno-strict-prototypes -Wno-semicolon-before-method-body @/Users/jasonlee/Library/Developer/Xcode/DerivedData/Notch-ddzsfiyxyoauidejndllmosklbkq/Build/Intermediates.noindex/PostHog.build/Release/phlibwebp.build/Objects-normal/x86_64/7187679823f38a2a940e0043cdf9d637-common-args.resp -MMD -MT dependencies -MF /Users/jasonlee/Library/Developer/Xcode/DerivedData/Notch-ddzsfiyxyoauidejndllmosklbkq/Build/Intermediates.noindex/PostHog.build/Release/phlibwebp.build/Objects-normal/x86_64/lossless_enc_neon.d --serialize-diagnostics /Users/jasonlee/Library/Developer/Xcode/DerivedData/Notch-ddzsfiyxyoauidejndllmosklbkq/Build/Intermediates.noindex/PostHog.build/Release/phlibwebp.build/Objects-normal/x86_64/lossless_enc_neon.dia -c /Users/jasonlee/Library/Developer/Xcode/DerivedData/Notch-ddzsfiyxyoauidejndllmosklbkq/SourcePackages/checkouts/posthog-ios/vendor/libwebp/lossless_enc_neon.c -o /Users/jasonlee/Library/Developer/Xcode/DerivedData/Notch-ddzsfiyxyoauidejndllmosklbkq/Build/Intermediates.noindex/PostHog.build/Release/phlibwebp.build/Objects-normal/x86_64/lossless_enc_neon.o

CompileC /Users/jasonlee/Library/Developer/Xcode/DerivedData/Notch-ddzsfiyxyoauidejndllmosklbkq/Build/Intermediates.noindex/PostHog.build/Release/phlibwebp.build/Objects-normal/x86_64/lossless_enc.o /Users/jasonlee/Library/Developer/Xcode/DerivedData/Notch-ddzsfiyxyoauidejndllmosklbkq/SourcePackages/checkouts/posthog-ios/vendor/libwebp/lossless_enc.c normal x86_64 c com.apple.compilers.llvm.clang.1_0.compiler (in target 'phlibwebp' from project 'PostHog')
    cd /Users/jasonlee/Coding/App/Notch/Notch.xcodeproj
    
    Using response file: /Users/jasonlee/Library/Developer/Xcode/DerivedData/Notch-ddzsfiyxyoauidejndllmosklbkq/Build/Intermediates.noindex/PostHog.build/Release/phlibwebp.build/Objects-normal/x86_64/7187679823f38a2a940e0043cdf9d637-common-args.resp
    
    /Applications/Xcode.app/Contents/Developer/Toolchains/XcodeDefault.xctoolchain/usr/bin/clang -x c -ivfsstatcache /Users/jasonlee/Library/Developer/Xcode/DerivedData/SDKStatCaches.noindex/macosx26.4-25E251-30f9ca8789b706f8bd3fc906a70d770f.sdkstatcache -target x86_64-apple-macos10.15 -fmessage-length\=0 -fdiagnostics-show-note-include-stack -fmacro-backtrace-limit\=0 -fno-color-diagnostics -fmodules-prune-interval\=86400 -fmodules-prune-after\=345600 -fbuild-session-file\=/Users/jasonlee/Library/Developer/Xcode/DerivedData/ModuleCache.noindex/Session.modulevalidation -fmodules-validate-once-per-build-session -Wnon-modular-include-in-framework-module -Werror\=non-modular-include-in-framework-module -Wno-trigraphs -Wno-missing-field-initializers -Wno-missing-prototypes -Wno-return-type -Wno-missing-braces -Wparentheses -Wswitch -Wno-unused-function -Wno-unused-label -Wno-unused-parameter -Wno-unused-variable -Wunused-value -Wno-empty-body -Wno-uninitialized -Wno-unknown-pragmas -w -Wno-shadow -Wno-four-char-constants -Wno-conversion -Wno-constant-conversion -Wno-int-conversion -Wno-bool-conversion -Wno-enum-conversion -Wno-float-conversion -Wno-non-literal-null-conversion -Wno-objc-literal-conversion -Wshorten-64-to-32 -Wpointer-sign -Wno-newline-eof -Wno-implicit-fallthrough -isysroot /Applications/Xcode.app/Contents/Developer/Platforms/MacOSX.platform/Developer/SDKs/MacOSX26.4.sdk -fstrict-aliasing -Wdeprecated-declarations -Wno-sign-conversion -Wno-infinite-recursion -Wno-comma -Wno-block-capture-autoreleasing -Wno-strict-prototypes -Wno-semicolon-before-method-body @/Users/jasonlee/Library/Developer/Xcode/DerivedData/Notch-ddzsfiyxyoauidejndllmosklbkq/Build/Intermediates.noindex/PostHog.build/Release/phlibwebp.build/Objects-normal/x86_64/7187679823f38a2a940e0043cdf9d637-common-args.resp -MMD -MT dependencies -MF /Users/jasonlee/Library/Developer/Xcode/DerivedData/Notch-ddzsfiyxyoauidejndllmosklbkq/Build/Intermediates.noindex/PostHog.build/Release/phlibwebp.build/Objects-normal/x86_64/lossless_enc.d --serialize-diagnostics /Users/jasonlee/Library/Developer/Xcode/DerivedData/Notch-ddzsfiyxyoauidejndllmosklbkq/Build/Intermediates.noindex/PostHog.build/Release/phlibwebp.build/Objects-normal/x86_64/lossless_enc.dia -c /Users/jasonlee/Library/Developer/Xcode/DerivedData/Notch-ddzsfiyxyoauidejndllmosklbkq/SourcePackages/checkouts/posthog-ios/vendor/libwebp/lossless_enc.c -o /Users/jasonlee/Library/Developer/Xcode/DerivedData/Notch-ddzsfiyxyoauidejndllmosklbkq/Build/Intermediates.noindex/PostHog.build/Release/phlibwebp.build/Objects-normal/x86_64/lossless_enc.o

SwiftDriverJobDiscovery normal arm64 Compiling SkyLightOperator.swift, SwiftUI+MoveToSky.swift, SwiftUI+WindowReader.swift, TopmostWindow.swift, TopmostWindowController.swift (in target 'SkyLightWindow' from project 'SkyLightWindow')

SwiftDriver\ Compilation\ Requirements SkyLightWindow normal arm64 com.apple.xcode.tools.swift.compiler (in target 'SkyLightWindow' from project 'SkyLightWindow')
    cd /Users/jasonlee/Coding/App/Notch/Notch.xcodeproj
    builtin-Swift-Compilation-Requirements -- /Applications/Xcode.app/Contents/Developer/Toolchains/XcodeDefault.xctoolchain/usr/bin/swiftc -module-name SkyLightWindow -O -whole-module-optimization @/Users/jasonlee/Library/Developer/Xcode/DerivedData/Notch-ddzsfiyxyoauidejndllmosklbkq/Build/Intermediates.noindex/SkyLightWindow.build/Release/SkyLightWindow.build/Objects-normal/arm64/SkyLightWindow.SwiftFileList -DSWIFT_PACKAGE -DSWIFT_MODULE_RESOURCE_BUNDLE_UNAVAILABLE -DXcode -plugin-path /Applications/Xcode.app/Contents/Developer/Toolchains/XcodeDefault.xctoolchain/usr/lib/swift/host/plugins/testing -enable-experimental-feature DebugDescriptionMacro -sdk /Applications/Xcode.app/Contents/Developer/Platforms/MacOSX.platform/Developer/SDKs/MacOSX26.4.sdk -target arm64-apple-macos11.0 -g -module-cache-path /Users/jasonlee/Library/Developer/Xcode/DerivedData/ModuleCache.noindex -Xfrontend -serialize-debugging-options -profile-coverage-mapping -profile-generate -suppress-warnings -swift-version 5 -I /Users/jasonlee/Library/Developer/Xcode/DerivedData/Notch-ddzsfiyxyoauidejndllmosklbkq/Build/Products/Release -Isystem /Applications/Xcode.app/Contents/Developer/Platforms/MacOSX.platform/Developer/usr/lib -F /Users/jasonlee/Library/Developer/Xcode/DerivedData/Notch-ddzsfiyxyoauidejndllmosklbkq/Build/Products/Release -F /Applications/Xcode.app/Contents/Developer/Platforms/MacOSX.platform/Developer/Library/Frameworks -c -num-threads 12 -Xcc -ivfsstatcache -Xcc /Users/jasonlee/Library/Developer/Xcode/DerivedData/SDKStatCaches.noindex/macosx26.4-25E251-30f9ca8789b706f8bd3fc906a70d770f.sdkstatcache -output-file-map /Users/jasonlee/Library/Developer/Xcode/DerivedData/Notch-ddzsfiyxyoauidejndllmosklbkq/Build/Intermediates.noindex/SkyLightWindow.build/Release/SkyLightWindow.build/Objects-normal/arm64/SkyLightWindow-OutputFileMap.json -use-frontend-parseable-output -save-temps -no-color-diagnostics -explicit-module-build -module-cache-path /Users/jasonlee/Library/Developer/Xcode/DerivedData/Notch-ddzsfiyxyoauidejndllmosklbkq/Build/Intermediates.noindex/SwiftExplicitPrecompiledModules -clang-scanner-module-cache-path /Users/jasonlee/Library/Developer/Xcode/DerivedData/ModuleCache.noindex -sdk-module-cache-path /Users/jasonlee/Library/Developer/Xcode/DerivedData/ModuleCache.noindex -serialize-diagnostics -emit-dependencies -emit-module -emit-module-path /Users/jasonlee/Library/Developer/Xcode/DerivedData/Notch-ddzsfiyxyoauidejndllmosklbkq/Build/Intermediates.noindex/SkyLightWindow.build/Release/SkyLightWindow.build/Objects-normal/arm64/SkyLightWindow.swiftmodule -validate-clang-modules-once -clang-build-session-file /Users/jasonlee/Library/Developer/Xcode/DerivedData/ModuleCache.noindex/Session.modulevalidation -package-name skylightwindow -Xcc -I/Users/jasonlee/Library/Developer/Xcode/DerivedData/Notch-ddzsfiyxyoauidejndllmosklbkq/Build/Intermediates.noindex/SkyLightWindow.build/Release/SkyLightWindow.build/swift-overrides.hmap -emit-const-values -Xfrontend -const-gather-protocols-file -Xfrontend /Users/jasonlee/Library/Developer/Xcode/DerivedData/Notch-ddzsfiyxyoauidejndllmosklbkq/Build/Intermediates.noindex/SkyLightWindow.build/Release/SkyLightWindow.build/Objects-normal/arm64/SkyLightWindow_const_extract_protocols.json -Xcc -I/Users/jasonlee/Library/Developer/Xcode/DerivedData/Notch-ddzsfiyxyoauidejndllmosklbkq/Build/Products/Release/include -Xcc -I/Users/jasonlee/Library/Developer/Xcode/DerivedData/Notch-ddzsfiyxyoauidejndllmosklbkq/Build/Intermediates.noindex/SkyLightWindow.build/Release/SkyLightWindow.build/DerivedSources-normal/arm64 -Xcc -I/Users/jasonlee/Library/Developer/Xcode/DerivedData/Notch-ddzsfiyxyoauidejndllmosklbkq/Build/Intermediates.noindex/SkyLightWindow.build/Release/SkyLightWindow.build/DerivedSources/arm64 -Xcc -I/Users/jasonlee/Library/Developer/Xcode/DerivedData/Notch-ddzsfiyxyoauidejndllmosklbkq/Build/Intermediates.noindex/SkyLightWindow.build/Release/SkyLightWindow.build/DerivedSources -Xcc -DSWIFT_PACKAGE -emit-objc-header -emit-objc-header-path /Users/jasonlee/Library/Developer/Xcode/DerivedData/Notch-ddzsfiyxyoauidejndllmosklbkq/Build/Intermediates.noindex/SkyLightWindow.build/Release/SkyLightWindow.build/Objects-normal/arm64/SkyLightWindow-Swift.h -working-directory /Users/jasonlee/Coding/App/Notch/Notch.xcodeproj -no-emit-module-separately-wmo

CompileC /Users/jasonlee/Library/Developer/Xcode/DerivedData/Notch-ddzsfiyxyoauidejndllmosklbkq/Build/Intermediates.noindex/PostHog.build/Release/phlibwebp.build/Objects-normal/x86_64/lossless.o /Users/jasonlee/Library/Developer/Xcode/DerivedData/Notch-ddzsfiyxyoauidejndllmosklbkq/SourcePackages/checkouts/posthog-ios/vendor/libwebp/lossless.c normal x86_64 c com.apple.compilers.llvm.clang.1_0.compiler (in target 'phlibwebp' from project 'PostHog')
    cd /Users/jasonlee/Coding/App/Notch/Notch.xcodeproj
    
    Using response file: /Users/jasonlee/Library/Developer/Xcode/DerivedData/Notch-ddzsfiyxyoauidejndllmosklbkq/Build/Intermediates.noindex/PostHog.build/Release/phlibwebp.build/Objects-normal/x86_64/7187679823f38a2a940e0043cdf9d637-common-args.resp
    
    /Applications/Xcode.app/Contents/Developer/Toolchains/XcodeDefault.xctoolchain/usr/bin/clang -x c -ivfsstatcache /Users/jasonlee/Library/Developer/Xcode/DerivedData/SDKStatCaches.noindex/macosx26.4-25E251-30f9ca8789b706f8bd3fc906a70d770f.sdkstatcache -target x86_64-apple-macos10.15 -fmessage-length\=0 -fdiagnostics-show-note-include-stack -fmacro-backtrace-limit\=0 -fno-color-diagnostics -fmodules-prune-interval\=86400 -fmodules-prune-after\=345600 -fbuild-session-file\=/Users/jasonlee/Library/Developer/Xcode/DerivedData/ModuleCache.noindex/Session.modulevalidation -fmodules-validate-once-per-build-session -Wnon-modular-include-in-framework-module -Werror\=non-modular-include-in-framework-module -Wno-trigraphs -Wno-missing-field-initializers -Wno-missing-prototypes -Wno-return-type -Wno-missing-braces -Wparentheses -Wswitch -Wno-unused-function -Wno-unused-label -Wno-unused-parameter -Wno-unused-variable -Wunused-value -Wno-empty-body -Wno-uninitialized -Wno-unknown-pragmas -w -Wno-shadow -Wno-four-char-constants -Wno-conversion -Wno-constant-conversion -Wno-int-conversion -Wno-bool-conversion -Wno-enum-conversion -Wno-float-conversion -Wno-non-literal-null-conversion -Wno-objc-literal-conversion -Wshorten-64-to-32 -Wpointer-sign -Wno-newline-eof -Wno-implicit-fallthrough -isysroot /Applications/Xcode.app/Contents/Developer/Platforms/MacOSX.platform/Developer/SDKs/MacOSX26.4.sdk -fstrict-aliasing -Wdeprecated-declarations -Wno-sign-conversion -Wno-infinite-recursion -Wno-comma -Wno-block-capture-autoreleasing -Wno-strict-prototypes -Wno-semicolon-before-method-body @/Users/jasonlee/Library/Developer/Xcode/DerivedData/Notch-ddzsfiyxyoauidejndllmosklbkq/Build/Intermediates.noindex/PostHog.build/Release/phlibwebp.build/Objects-normal/x86_64/7187679823f38a2a940e0043cdf9d637-common-args.resp -MMD -MT dependencies -MF /Users/jasonlee/Library/Developer/Xcode/DerivedData/Notch-ddzsfiyxyoauidejndllmosklbkq/Build/Intermediates.noindex/PostHog.build/Release/phlibwebp.build/Objects-normal/x86_64/lossless.d --serialize-diagnostics /Users/jasonlee/Library/Developer/Xcode/DerivedData/Notch-ddzsfiyxyoauidejndllmosklbkq/Build/Intermediates.noindex/PostHog.build/Release/phlibwebp.build/Objects-normal/x86_64/lossless.dia -c /Users/jasonlee/Library/Developer/Xcode/DerivedData/Notch-ddzsfiyxyoauidejndllmosklbkq/SourcePackages/checkouts/posthog-ios/vendor/libwebp/lossless.c -o /Users/jasonlee/Library/Developer/Xcode/DerivedData/Notch-ddzsfiyxyoauidejndllmosklbkq/Build/Intermediates.noindex/PostHog.build/Release/phlibwebp.build/Objects-normal/x86_64/lossless.o

SwiftDriverJobDiscovery normal x86_64 Compiling SkyLightOperator.swift, SwiftUI+MoveToSky.swift, SwiftUI+WindowReader.swift, TopmostWindow.swift, TopmostWindowController.swift (in target 'SkyLightWindow' from project 'SkyLightWindow')

Copy /Users/jasonlee/Library/Developer/Xcode/DerivedData/Notch-ddzsfiyxyoauidejndllmosklbkq/Build/Products/Release/SkyLightWindow.swiftmodule/arm64-apple-macos.swiftmodule /Users/jasonlee/Library/Developer/Xcode/DerivedData/Notch-ddzsfiyxyoauidejndllmosklbkq/Build/Intermediates.noindex/SkyLightWindow.build/Release/SkyLightWindow.build/Objects-normal/arm64/SkyLightWindow.swiftmodule (in target 'SkyLightWindow' from project 'SkyLightWindow')
    cd /Users/jasonlee/Library/Developer/Xcode/DerivedData/Notch-ddzsfiyxyoauidejndllmosklbkq/SourcePackages/checkouts/SkyLightWindow
    builtin-copy -exclude .DS_Store -exclude CVS -exclude .svn -exclude .git -exclude .hg -strip-unsigned-binaries -strip-deterministic -strip-tool /Applications/Xcode.app/Contents/Developer/Toolchains/XcodeDefault.xctoolchain/usr/bin/strip -resolve-src-symlinks -rename /Users/jasonlee/Library/Developer/Xcode/DerivedData/Notch-ddzsfiyxyoauidejndllmosklbkq/Build/Intermediates.noindex/SkyLightWindow.build/Release/SkyLightWindow.build/Objects-normal/arm64/SkyLightWindow.swiftmodule /Users/jasonlee/Library/Developer/Xcode/DerivedData/Notch-ddzsfiyxyoauidejndllmosklbkq/Build/Products/Release/SkyLightWindow.swiftmodule/arm64-apple-macos.swiftmodule

SwiftDriver\ Compilation\ Requirements SkyLightWindow normal x86_64 com.apple.xcode.tools.swift.compiler (in target 'SkyLightWindow' from project 'SkyLightWindow')
    cd /Users/jasonlee/Coding/App/Notch/Notch.xcodeproj
    builtin-Swift-Compilation-Requirements -- /Applications/Xcode.app/Contents/Developer/Toolchains/XcodeDefault.xctoolchain/usr/bin/swiftc -module-name SkyLightWindow -O -whole-module-optimization @/Users/jasonlee/Library/Developer/Xcode/DerivedData/Notch-ddzsfiyxyoauidejndllmosklbkq/Build/Intermediates.noindex/SkyLightWindow.build/Release/SkyLightWindow.build/Objects-normal/x86_64/SkyLightWindow.SwiftFileList -DSWIFT_PACKAGE -DSWIFT_MODULE_RESOURCE_BUNDLE_UNAVAILABLE -DXcode -plugin-path /Applications/Xcode.app/Contents/Developer/Toolchains/XcodeDefault.xctoolchain/usr/lib/swift/host/plugins/testing -enable-experimental-feature DebugDescriptionMacro -sdk /Applications/Xcode.app/Contents/Developer/Platforms/MacOSX.platform/Developer/SDKs/MacOSX26.4.sdk -target x86_64-apple-macos11.0 -g -module-cache-path /Users/jasonlee/Library/Developer/Xcode/DerivedData/ModuleCache.noindex -Xfrontend -serialize-debugging-options -profile-coverage-mapping -profile-generate -suppress-warnings -swift-version 5 -I /Users/jasonlee/Library/Developer/Xcode/DerivedData/Notch-ddzsfiyxyoauidejndllmosklbkq/Build/Products/Release -Isystem /Applications/Xcode.app/Contents/Developer/Platforms/MacOSX.platform/Developer/usr/lib -F /Users/jasonlee/Library/Developer/Xcode/DerivedData/Notch-ddzsfiyxyoauidejndllmosklbkq/Build/Products/Release -F /Applications/Xcode.app/Contents/Developer/Platforms/MacOSX.platform/Developer/Library/Frameworks -c -num-threads 12 -Xcc -ivfsstatcache -Xcc /Users/jasonlee/Library/Developer/Xcode/DerivedData/SDKStatCaches.noindex/macosx26.4-25E251-30f9ca8789b706f8bd3fc906a70d770f.sdkstatcache -output-file-map /Users/jasonlee/Library/Developer/Xcode/DerivedData/Notch-ddzsfiyxyoauidejndllmosklbkq/Build/Intermediates.noindex/SkyLightWindow.build/Release/SkyLightWindow.build/Objects-normal/x86_64/SkyLightWindow-OutputFileMap.json -use-frontend-parseable-output -save-temps -no-color-diagnostics -explicit-module-build -module-cache-path /Users/jasonlee/Library/Developer/Xcode/DerivedData/Notch-ddzsfiyxyoauidejndllmosklbkq/Build/Intermediates.noindex/SwiftExplicitPrecompiledModules -clang-scanner-module-cache-path /Users/jasonlee/Library/Developer/Xcode/DerivedData/ModuleCache.noindex -sdk-module-cache-path /Users/jasonlee/Library/Developer/Xcode/DerivedData/ModuleCache.noindex -serialize-diagnostics -emit-dependencies -emit-module -emit-module-path /Users/jasonlee/Library/Developer/Xcode/DerivedData/Notch-ddzsfiyxyoauidejndllmosklbkq/Build/Intermediates.noindex/SkyLightWindow.build/Release/SkyLightWindow.build/Objects-normal/x86_64/SkyLightWindow.swiftmodule -validate-clang-modules-once -clang-build-session-file /Users/jasonlee/Library/Developer/Xcode/DerivedData/ModuleCache.noindex/Session.modulevalidation -package-name skylightwindow -Xcc -I/Users/jasonlee/Library/Developer/Xcode/DerivedData/Notch-ddzsfiyxyoauidejndllmosklbkq/Build/Intermediates.noindex/SkyLightWindow.build/Release/SkyLightWindow.build/swift-overrides.hmap -emit-const-values -Xfrontend -const-gather-protocols-file -Xfrontend /Users/jasonlee/Library/Developer/Xcode/DerivedData/Notch-ddzsfiyxyoauidejndllmosklbkq/Build/Intermediates.noindex/SkyLightWindow.build/Release/SkyLightWindow.build/Objects-normal/x86_64/SkyLightWindow_const_extract_protocols.json -Xcc -I/Users/jasonlee/Library/Developer/Xcode/DerivedData/Notch-ddzsfiyxyoauidejndllmosklbkq/Build/Products/Release/include -Xcc -I/Users/jasonlee/Library/Developer/Xcode/DerivedData/Notch-ddzsfiyxyoauidejndllmosklbkq/Build/Intermediates.noindex/SkyLightWindow.build/Release/SkyLightWindow.build/DerivedSources-normal/x86_64 -Xcc -I/Users/jasonlee/Library/Developer/Xcode/DerivedData/Notch-ddzsfiyxyoauidejndllmosklbkq/Build/Intermediates.noindex/SkyLightWindow.build/Release/SkyLightWindow.build/DerivedSources/x86_64 -Xcc -I/Users/jasonlee/Library/Developer/Xcode/DerivedData/Notch-ddzsfiyxyoauidejndllmosklbkq/Build/Intermediates.noindex/SkyLightWindow.build/Release/SkyLightWindow.build/DerivedSources -Xcc -DSWIFT_PACKAGE -emit-objc-header -emit-objc-header-path /Users/jasonlee/Library/Developer/Xcode/DerivedData/Notch-ddzsfiyxyoauidejndllmosklbkq/Build/Intermediates.noindex/SkyLightWindow.build/Release/SkyLightWindow.build/Objects-normal/x86_64/SkyLightWindow-Swift.h -working-directory /Users/jasonlee/Coding/App/Notch/Notch.xcodeproj -no-emit-module-separately-wmo

Copy /Users/jasonlee/Library/Developer/Xcode/DerivedData/Notch-ddzsfiyxyoauidejndllmosklbkq/Build/Products/Release/SkyLightWindow.swiftmodule/arm64-apple-macos.swiftdoc /Users/jasonlee/Library/Developer/Xcode/DerivedData/Notch-ddzsfiyxyoauidejndllmosklbkq/Build/Intermediates.noindex/SkyLightWindow.build/Release/SkyLightWindow.build/Objects-normal/arm64/SkyLightWindow.swiftdoc (in target 'SkyLightWindow' from project 'SkyLightWindow')
    cd /Users/jasonlee/Library/Developer/Xcode/DerivedData/Notch-ddzsfiyxyoauidejndllmosklbkq/SourcePackages/checkouts/SkyLightWindow
    builtin-copy -exclude .DS_Store -exclude CVS -exclude .svn -exclude .git -exclude .hg -strip-unsigned-binaries -strip-deterministic -strip-tool /Applications/Xcode.app/Contents/Developer/Toolchains/XcodeDefault.xctoolchain/usr/bin/strip -resolve-src-symlinks -rename /Users/jasonlee/Library/Developer/Xcode/DerivedData/Notch-ddzsfiyxyoauidejndllmosklbkq/Build/Intermediates.noindex/SkyLightWindow.build/Release/SkyLightWindow.build/Objects-normal/arm64/SkyLightWindow.swiftdoc /Users/jasonlee/Library/Developer/Xcode/DerivedData/Notch-ddzsfiyxyoauidejndllmosklbkq/Build/Products/Release/SkyLightWindow.swiftmodule/arm64-apple-macos.swiftdoc

Copy /Users/jasonlee/Library/Developer/Xcode/DerivedData/Notch-ddzsfiyxyoauidejndllmosklbkq/Build/Products/Release/SkyLightWindow.swiftmodule/arm64-apple-macos.abi.json /Users/jasonlee/Library/Developer/Xcode/DerivedData/Notch-ddzsfiyxyoauidejndllmosklbkq/Build/Intermediates.noindex/SkyLightWindow.build/Release/SkyLightWindow.build/Objects-normal/arm64/SkyLightWindow.abi.json (in target 'SkyLightWindow' from project 'SkyLightWindow')
    cd /Users/jasonlee/Library/Developer/Xcode/DerivedData/Notch-ddzsfiyxyoauidejndllmosklbkq/SourcePackages/checkouts/SkyLightWindow
    builtin-copy -exclude .DS_Store -exclude CVS -exclude .svn -exclude .git -exclude .hg -strip-unsigned-binaries -strip-deterministic -strip-tool /Applications/Xcode.app/Contents/Developer/Toolchains/XcodeDefault.xctoolchain/usr/bin/strip -resolve-src-symlinks -rename /Users/jasonlee/Library/Developer/Xcode/DerivedData/Notch-ddzsfiyxyoauidejndllmosklbkq/Build/Intermediates.noindex/SkyLightWindow.build/Release/SkyLightWindow.build/Objects-normal/arm64/SkyLightWindow.abi.json /Users/jasonlee/Library/Developer/Xcode/DerivedData/Notch-ddzsfiyxyoauidejndllmosklbkq/Build/Products/Release/SkyLightWindow.swiftmodule/arm64-apple-macos.abi.json

Copy /Users/jasonlee/Library/Developer/Xcode/DerivedData/Notch-ddzsfiyxyoauidejndllmosklbkq/Build/Products/Release/SkyLightWindow.swiftmodule/Project/arm64-apple-macos.swiftsourceinfo /Users/jasonlee/Library/Developer/Xcode/DerivedData/Notch-ddzsfiyxyoauidejndllmosklbkq/Build/Intermediates.noindex/SkyLightWindow.build/Release/SkyLightWindow.build/Objects-normal/arm64/SkyLightWindow.swiftsourceinfo (in target 'SkyLightWindow' from project 'SkyLightWindow')
    cd /Users/jasonlee/Library/Developer/Xcode/DerivedData/Notch-ddzsfiyxyoauidejndllmosklbkq/SourcePackages/checkouts/SkyLightWindow
    builtin-copy -exclude .DS_Store -exclude CVS -exclude .svn -exclude .git -exclude .hg -strip-unsigned-binaries -strip-deterministic -strip-tool /Applications/Xcode.app/Contents/Developer/Toolchains/XcodeDefault.xctoolchain/usr/bin/strip -resolve-src-symlinks -rename /Users/jasonlee/Library/Developer/Xcode/DerivedData/Notch-ddzsfiyxyoauidejndllmosklbkq/Build/Intermediates.noindex/SkyLightWindow.build/Release/SkyLightWindow.build/Objects-normal/arm64/SkyLightWindow.swiftsourceinfo /Users/jasonlee/Library/Developer/Xcode/DerivedData/Notch-ddzsfiyxyoauidejndllmosklbkq/Build/Products/Release/SkyLightWindow.swiftmodule/Project/arm64-apple-macos.swiftsourceinfo

CompileC /Users/jasonlee/Library/Developer/Xcode/DerivedData/Notch-ddzsfiyxyoauidejndllmosklbkq/Build/Intermediates.noindex/PostHog.build/Release/phlibwebp.build/Objects-normal/x86_64/iterator_enc.o /Users/jasonlee/Library/Developer/Xcode/DerivedData/Notch-ddzsfiyxyoauidejndllmosklbkq/SourcePackages/checkouts/posthog-ios/vendor/libwebp/iterator_enc.c normal x86_64 c com.apple.compilers.llvm.clang.1_0.compiler (in target 'phlibwebp' from project 'PostHog')
    cd /Users/jasonlee/Coding/App/Notch/Notch.xcodeproj
    
    Using response file: /Users/jasonlee/Library/Developer/Xcode/DerivedData/Notch-ddzsfiyxyoauidejndllmosklbkq/Build/Intermediates.noindex/PostHog.build/Release/phlibwebp.build/Objects-normal/x86_64/7187679823f38a2a940e0043cdf9d637-common-args.resp
    
    /Applications/Xcode.app/Contents/Developer/Toolchains/XcodeDefault.xctoolchain/usr/bin/clang -x c -ivfsstatcache /Users/jasonlee/Library/Developer/Xcode/DerivedData/SDKStatCaches.noindex/macosx26.4-25E251-30f9ca8789b706f8bd3fc906a70d770f.sdkstatcache -target x86_64-apple-macos10.15 -fmessage-length\=0 -fdiagnostics-show-note-include-stack -fmacro-backtrace-limit\=0 -fno-color-diagnostics -fmodules-prune-interval\=86400 -fmodules-prune-after\=345600 -fbuild-session-file\=/Users/jasonlee/Library/Developer/Xcode/DerivedData/ModuleCache.noindex/Session.modulevalidation -fmodules-validate-once-per-build-session -Wnon-modular-include-in-framework-module -Werror\=non-modular-include-in-framework-module -Wno-trigraphs -Wno-missing-field-initializers -Wno-missing-prototypes -Wno-return-type -Wno-missing-braces -Wparentheses -Wswitch -Wno-unused-function -Wno-unused-label -Wno-unused-parameter -Wno-unused-variable -Wunused-value -Wno-empty-body -Wno-uninitialized -Wno-unknown-pragmas -w -Wno-shadow -Wno-four-char-constants -Wno-conversion -Wno-constant-conversion -Wno-int-conversion -Wno-bool-conversion -Wno-enum-conversion -Wno-float-conversion -Wno-non-literal-null-conversion -Wno-objc-literal-conversion -Wshorten-64-to-32 -Wpointer-sign -Wno-newline-eof -Wno-implicit-fallthrough -isysroot /Applications/Xcode.app/Contents/Developer/Platforms/MacOSX.platform/Developer/SDKs/MacOSX26.4.sdk -fstrict-aliasing -Wdeprecated-declarations -Wno-sign-conversion -Wno-infinite-recursion -Wno-comma -Wno-block-capture-autoreleasing -Wno-strict-prototypes -Wno-semicolon-before-method-body @/Users/jasonlee/Library/Developer/Xcode/DerivedData/Notch-ddzsfiyxyoauidejndllmosklbkq/Build/Intermediates.noindex/PostHog.build/Release/phlibwebp.build/Objects-normal/x86_64/7187679823f38a2a940e0043cdf9d637-common-args.resp -MMD -MT dependencies -MF /Users/jasonlee/Library/Developer/Xcode/DerivedData/Notch-ddzsfiyxyoauidejndllmosklbkq/Build/Intermediates.noindex/PostHog.build/Release/phlibwebp.build/Objects-normal/x86_64/iterator_enc.d --serialize-diagnostics /Users/jasonlee/Library/Developer/Xcode/DerivedData/Notch-ddzsfiyxyoauidejndllmosklbkq/Build/Intermediates.noindex/PostHog.build/Release/phlibwebp.build/Objects-normal/x86_64/iterator_enc.dia -c /Users/jasonlee/Library/Developer/Xcode/DerivedData/Notch-ddzsfiyxyoauidejndllmosklbkq/SourcePackages/checkouts/posthog-ios/vendor/libwebp/iterator_enc.c -o /Users/jasonlee/Library/Developer/Xcode/DerivedData/Notch-ddzsfiyxyoauidejndllmosklbkq/Build/Intermediates.noindex/PostHog.build/Release/phlibwebp.build/Objects-normal/x86_64/iterator_enc.o

CompileC /Users/jasonlee/Library/Developer/Xcode/DerivedData/Notch-ddzsfiyxyoauidejndllmosklbkq/Build/Intermediates.noindex/PostHog.build/Release/phlibwebp.build/Objects-normal/x86_64/huffman_utils.o /Users/jasonlee/Library/Developer/Xcode/DerivedData/Notch-ddzsfiyxyoauidejndllmosklbkq/SourcePackages/checkouts/posthog-ios/vendor/libwebp/huffman_utils.c normal x86_64 c com.apple.compilers.llvm.clang.1_0.compiler (in target 'phlibwebp' from project 'PostHog')
    cd /Users/jasonlee/Coding/App/Notch/Notch.xcodeproj
    
    Using response file: /Users/jasonlee/Library/Developer/Xcode/DerivedData/Notch-ddzsfiyxyoauidejndllmosklbkq/Build/Intermediates.noindex/PostHog.build/Release/phlibwebp.build/Objects-normal/x86_64/7187679823f38a2a940e0043cdf9d637-common-args.resp
    
    /Applications/Xcode.app/Contents/Developer/Toolchains/XcodeDefault.xctoolchain/usr/bin/clang -x c -ivfsstatcache /Users/jasonlee/Library/Developer/Xcode/DerivedData/SDKStatCaches.noindex/macosx26.4-25E251-30f9ca8789b706f8bd3fc906a70d770f.sdkstatcache -target x86_64-apple-macos10.15 -fmessage-length\=0 -fdiagnostics-show-note-include-stack -fmacro-backtrace-limit\=0 -fno-color-diagnostics -fmodules-prune-interval\=86400 -fmodules-prune-after\=345600 -fbuild-session-file\=/Users/jasonlee/Library/Developer/Xcode/DerivedData/ModuleCache.noindex/Session.modulevalidation -fmodules-validate-once-per-build-session -Wnon-modular-include-in-framework-module -Werror\=non-modular-include-in-framework-module -Wno-trigraphs -Wno-missing-field-initializers -Wno-missing-prototypes -Wno-return-type -Wno-missing-braces -Wparentheses -Wswitch -Wno-unused-function -Wno-unused-label -Wno-unused-parameter -Wno-unused-variable -Wunused-value -Wno-empty-body -Wno-uninitialized -Wno-unknown-pragmas -w -Wno-shadow -Wno-four-char-constants -Wno-conversion -Wno-constant-conversion -Wno-int-conversion -Wno-bool-conversion -Wno-enum-conversion -Wno-float-conversion -Wno-non-literal-null-conversion -Wno-objc-literal-conversion -Wshorten-64-to-32 -Wpointer-sign -Wno-newline-eof -Wno-implicit-fallthrough -isysroot /Applications/Xcode.app/Contents/Developer/Platforms/MacOSX.platform/Developer/SDKs/MacOSX26.4.sdk -fstrict-aliasing -Wdeprecated-declarations -Wno-sign-conversion -Wno-infinite-recursion -Wno-comma -Wno-block-capture-autoreleasing -Wno-strict-prototypes -Wno-semicolon-before-method-body @/Users/jasonlee/Library/Developer/Xcode/DerivedData/Notch-ddzsfiyxyoauidejndllmosklbkq/Build/Intermediates.noindex/PostHog.build/Release/phlibwebp.build/Objects-normal/x86_64/7187679823f38a2a940e0043cdf9d637-common-args.resp -MMD -MT dependencies -MF /Users/jasonlee/Library/Developer/Xcode/DerivedData/Notch-ddzsfiyxyoauidejndllmosklbkq/Build/Intermediates.noindex/PostHog.build/Release/phlibwebp.build/Objects-normal/x86_64/huffman_utils.d --serialize-diagnostics /Users/jasonlee/Library/Developer/Xcode/DerivedData/Notch-ddzsfiyxyoauidejndllmosklbkq/Build/Intermediates.noindex/PostHog.build/Release/phlibwebp.build/Objects-normal/x86_64/huffman_utils.dia -c /Users/jasonlee/Library/Developer/Xcode/DerivedData/Notch-ddzsfiyxyoauidejndllmosklbkq/SourcePackages/checkouts/posthog-ios/vendor/libwebp/huffman_utils.c -o /Users/jasonlee/Library/Developer/Xcode/DerivedData/Notch-ddzsfiyxyoauidejndllmosklbkq/Build/Intermediates.noindex/PostHog.build/Release/phlibwebp.build/Objects-normal/x86_64/huffman_utils.o

SwiftMergeGeneratedHeaders /Users/jasonlee/Library/Developer/Xcode/DerivedData/Notch-ddzsfiyxyoauidejndllmosklbkq/Build/Intermediates.noindex/GeneratedModuleMaps/SkyLightWindow-Swift.h /Users/jasonlee/Library/Developer/Xcode/DerivedData/Notch-ddzsfiyxyoauidejndllmosklbkq/Build/Intermediates.noindex/SkyLightWindow.build/Release/SkyLightWindow.build/Objects-normal/arm64/SkyLightWindow-Swift.h /Users/jasonlee/Library/Developer/Xcode/DerivedData/Notch-ddzsfiyxyoauidejndllmosklbkq/Build/Intermediates.noindex/SkyLightWindow.build/Release/SkyLightWindow.build/Objects-normal/x86_64/SkyLightWindow-Swift.h (in target 'SkyLightWindow' from project 'SkyLightWindow')
    cd /Users/jasonlee/Library/Developer/Xcode/DerivedData/Notch-ddzsfiyxyoauidejndllmosklbkq/SourcePackages/checkouts/SkyLightWindow
    builtin-swiftHeaderTool -arch arm64 /Users/jasonlee/Library/Developer/Xcode/DerivedData/Notch-ddzsfiyxyoauidejndllmosklbkq/Build/Intermediates.noindex/SkyLightWindow.build/Release/SkyLightWindow.build/Objects-normal/arm64/SkyLightWindow-Swift.h -arch x86_64 /Users/jasonlee/Library/Developer/Xcode/DerivedData/Notch-ddzsfiyxyoauidejndllmosklbkq/Build/Intermediates.noindex/SkyLightWindow.build/Release/SkyLightWindow.build/Objects-normal/x86_64/SkyLightWindow-Swift.h -o /Users/jasonlee/Library/Developer/Xcode/DerivedData/Notch-ddzsfiyxyoauidejndllmosklbkq/Build/Intermediates.noindex/GeneratedModuleMaps/SkyLightWindow-Swift.h

Copy /Users/jasonlee/Library/Developer/Xcode/DerivedData/Notch-ddzsfiyxyoauidejndllmosklbkq/Build/Products/Release/SkyLightWindow.swiftmodule/x86_64-apple-macos.swiftmodule /Users/jasonlee/Library/Developer/Xcode/DerivedData/Notch-ddzsfiyxyoauidejndllmosklbkq/Build/Intermediates.noindex/SkyLightWindow.build/Release/SkyLightWindow.build/Objects-normal/x86_64/SkyLightWindow.swiftmodule (in target 'SkyLightWindow' from project 'SkyLightWindow')
    cd /Users/jasonlee/Library/Developer/Xcode/DerivedData/Notch-ddzsfiyxyoauidejndllmosklbkq/SourcePackages/checkouts/SkyLightWindow
    builtin-copy -exclude .DS_Store -exclude CVS -exclude .svn -exclude .git -exclude .hg -strip-unsigned-binaries -strip-deterministic -strip-tool /Applications/Xcode.app/Contents/Developer/Toolchains/XcodeDefault.xctoolchain/usr/bin/strip -resolve-src-symlinks -rename /Users/jasonlee/Library/Developer/Xcode/DerivedData/Notch-ddzsfiyxyoauidejndllmosklbkq/Build/Intermediates.noindex/SkyLightWindow.build/Release/SkyLightWindow.build/Objects-normal/x86_64/SkyLightWindow.swiftmodule /Users/jasonlee/Library/Developer/Xcode/DerivedData/Notch-ddzsfiyxyoauidejndllmosklbkq/Build/Products/Release/SkyLightWindow.swiftmodule/x86_64-apple-macos.swiftmodule

Copy /Users/jasonlee/Library/Developer/Xcode/DerivedData/Notch-ddzsfiyxyoauidejndllmosklbkq/Build/Products/Release/SkyLightWindow.swiftmodule/x86_64-apple-macos.swiftdoc /Users/jasonlee/Library/Developer/Xcode/DerivedData/Notch-ddzsfiyxyoauidejndllmosklbkq/Build/Intermediates.noindex/SkyLightWindow.build/Release/SkyLightWindow.build/Objects-normal/x86_64/SkyLightWindow.swiftdoc (in target 'SkyLightWindow' from project 'SkyLightWindow')
    cd /Users/jasonlee/Library/Developer/Xcode/DerivedData/Notch-ddzsfiyxyoauidejndllmosklbkq/SourcePackages/checkouts/SkyLightWindow
    builtin-copy -exclude .DS_Store -exclude CVS -exclude .svn -exclude .git -exclude .hg -strip-unsigned-binaries -strip-deterministic -strip-tool /Applications/Xcode.app/Contents/Developer/Toolchains/XcodeDefault.xctoolchain/usr/bin/strip -resolve-src-symlinks -rename /Users/jasonlee/Library/Developer/Xcode/DerivedData/Notch-ddzsfiyxyoauidejndllmosklbkq/Build/Intermediates.noindex/SkyLightWindow.build/Release/SkyLightWindow.build/Objects-normal/x86_64/SkyLightWindow.swiftdoc /Users/jasonlee/Library/Developer/Xcode/DerivedData/Notch-ddzsfiyxyoauidejndllmosklbkq/Build/Products/Release/SkyLightWindow.swiftmodule/x86_64-apple-macos.swiftdoc

Copy /Users/jasonlee/Library/Developer/Xcode/DerivedData/Notch-ddzsfiyxyoauidejndllmosklbkq/Build/Products/Release/SkyLightWindow.swiftmodule/x86_64-apple-macos.abi.json /Users/jasonlee/Library/Developer/Xcode/DerivedData/Notch-ddzsfiyxyoauidejndllmosklbkq/Build/Intermediates.noindex/SkyLightWindow.build/Release/SkyLightWindow.build/Objects-normal/x86_64/SkyLightWindow.abi.json (in target 'SkyLightWindow' from project 'SkyLightWindow')
    cd /Users/jasonlee/Library/Developer/Xcode/DerivedData/Notch-ddzsfiyxyoauidejndllmosklbkq/SourcePackages/checkouts/SkyLightWindow
    builtin-copy -exclude .DS_Store -exclude CVS -exclude .svn -exclude .git -exclude .hg -strip-unsigned-binaries -strip-deterministic -strip-tool /Applications/Xcode.app/Contents/Developer/Toolchains/XcodeDefault.xctoolchain/usr/bin/strip -resolve-src-symlinks -rename /Users/jasonlee/Library/Developer/Xcode/DerivedData/Notch-ddzsfiyxyoauidejndllmosklbkq/Build/Intermediates.noindex/SkyLightWindow.build/Release/SkyLightWindow.build/Objects-normal/x86_64/SkyLightWindow.abi.json /Users/jasonlee/Library/Developer/Xcode/DerivedData/Notch-ddzsfiyxyoauidejndllmosklbkq/Build/Products/Release/SkyLightWindow.swiftmodule/x86_64-apple-macos.abi.json

Copy /Users/jasonlee/Library/Developer/Xcode/DerivedData/Notch-ddzsfiyxyoauidejndllmosklbkq/Build/Products/Release/SkyLightWindow.swiftmodule/Project/x86_64-apple-macos.swiftsourceinfo /Users/jasonlee/Library/Developer/Xcode/DerivedData/Notch-ddzsfiyxyoauidejndllmosklbkq/Build/Intermediates.noindex/SkyLightWindow.build/Release/SkyLightWindow.build/Objects-normal/x86_64/SkyLightWindow.swiftsourceinfo (in target 'SkyLightWindow' from project 'SkyLightWindow')
    cd /Users/jasonlee/Library/Developer/Xcode/DerivedData/Notch-ddzsfiyxyoauidejndllmosklbkq/SourcePackages/checkouts/SkyLightWindow
    builtin-copy -exclude .DS_Store -exclude CVS -exclude .svn -exclude .git -exclude .hg -strip-unsigned-binaries -strip-deterministic -strip-tool /Applications/Xcode.app/Contents/Developer/Toolchains/XcodeDefault.xctoolchain/usr/bin/strip -resolve-src-symlinks -rename /Users/jasonlee/Library/Developer/Xcode/DerivedData/Notch-ddzsfiyxyoauidejndllmosklbkq/Build/Intermediates.noindex/SkyLightWindow.build/Release/SkyLightWindow.build/Objects-normal/x86_64/SkyLightWindow.swiftsourceinfo /Users/jasonlee/Library/Developer/Xcode/DerivedData/Notch-ddzsfiyxyoauidejndllmosklbkq/Build/Products/Release/SkyLightWindow.swiftmodule/Project/x86_64-apple-macos.swiftsourceinfo

CompileC /Users/jasonlee/Library/Developer/Xcode/DerivedData/Notch-ddzsfiyxyoauidejndllmosklbkq/Build/Intermediates.noindex/PostHog.build/Release/phlibwebp.build/Objects-normal/x86_64/huffman_encode_utils.o /Users/jasonlee/Library/Developer/Xcode/DerivedData/Notch-ddzsfiyxyoauidejndllmosklbkq/SourcePackages/checkouts/posthog-ios/vendor/libwebp/huffman_encode_utils.c normal x86_64 c com.apple.compilers.llvm.clang.1_0.compiler (in target 'phlibwebp' from project 'PostHog')
    cd /Users/jasonlee/Coding/App/Notch/Notch.xcodeproj
    
    Using response file: /Users/jasonlee/Library/Developer/Xcode/DerivedData/Notch-ddzsfiyxyoauidejndllmosklbkq/Build/Intermediates.noindex/PostHog.build/Release/phlibwebp.build/Objects-normal/x86_64/7187679823f38a2a940e0043cdf9d637-common-args.resp
    
    /Applications/Xcode.app/Contents/Developer/Toolchains/XcodeDefault.xctoolchain/usr/bin/clang -x c -ivfsstatcache /Users/jasonlee/Library/Developer/Xcode/DerivedData/SDKStatCaches.noindex/macosx26.4-25E251-30f9ca8789b706f8bd3fc906a70d770f.sdkstatcache -target x86_64-apple-macos10.15 -fmessage-length\=0 -fdiagnostics-show-note-include-stack -fmacro-backtrace-limit\=0 -fno-color-diagnostics -fmodules-prune-interval\=86400 -fmodules-prune-after\=345600 -fbuild-session-file\=/Users/jasonlee/Library/Developer/Xcode/DerivedData/ModuleCache.noindex/Session.modulevalidation -fmodules-validate-once-per-build-session -Wnon-modular-include-in-framework-module -Werror\=non-modular-include-in-framework-module -Wno-trigraphs -Wno-missing-field-initializers -Wno-missing-prototypes -Wno-return-type -Wno-missing-braces -Wparentheses -Wswitch -Wno-unused-function -Wno-unused-label -Wno-unused-parameter -Wno-unused-variable -Wunused-value -Wno-empty-body -Wno-uninitialized -Wno-unknown-pragmas -w -Wno-shadow -Wno-four-char-constants -Wno-conversion -Wno-constant-conversion -Wno-int-conversion -Wno-bool-conversion -Wno-enum-conversion -Wno-float-conversion -Wno-non-literal-null-conversion -Wno-objc-literal-conversion -Wshorten-64-to-32 -Wpointer-sign -Wno-newline-eof -Wno-implicit-fallthrough -isysroot /Applications/Xcode.app/Contents/Developer/Platforms/MacOSX.platform/Developer/SDKs/MacOSX26.4.sdk -fstrict-aliasing -Wdeprecated-declarations -Wno-sign-conversion -Wno-infinite-recursion -Wno-comma -Wno-block-capture-autoreleasing -Wno-strict-prototypes -Wno-semicolon-before-method-body @/Users/jasonlee/Library/Developer/Xcode/DerivedData/Notch-ddzsfiyxyoauidejndllmosklbkq/Build/Intermediates.noindex/PostHog.build/Release/phlibwebp.build/Objects-normal/x86_64/7187679823f38a2a940e0043cdf9d637-common-args.resp -MMD -MT dependencies -MF /Users/jasonlee/Library/Developer/Xcode/DerivedData/Notch-ddzsfiyxyoauidejndllmosklbkq/Build/Intermediates.noindex/PostHog.build/Release/phlibwebp.build/Objects-normal/x86_64/huffman_encode_utils.d --serialize-diagnostics /Users/jasonlee/Library/Developer/Xcode/DerivedData/Notch-ddzsfiyxyoauidejndllmosklbkq/Build/Intermediates.noindex/PostHog.build/Release/phlibwebp.build/Objects-normal/x86_64/huffman_encode_utils.dia -c /Users/jasonlee/Library/Developer/Xcode/DerivedData/Notch-ddzsfiyxyoauidejndllmosklbkq/SourcePackages/checkouts/posthog-ios/vendor/libwebp/huffman_encode_utils.c -o /Users/jasonlee/Library/Developer/Xcode/DerivedData/Notch-ddzsfiyxyoauidejndllmosklbkq/Build/Intermediates.noindex/PostHog.build/Release/phlibwebp.build/Objects-normal/x86_64/huffman_encode_utils.o

CompileC /Users/jasonlee/Library/Developer/Xcode/DerivedData/Notch-ddzsfiyxyoauidejndllmosklbkq/Build/Intermediates.noindex/PostHog.build/Release/phlibwebp.build/Objects-normal/x86_64/histogram_enc.o /Users/jasonlee/Library/Developer/Xcode/DerivedData/Notch-ddzsfiyxyoauidejndllmosklbkq/SourcePackages/checkouts/posthog-ios/vendor/libwebp/histogram_enc.c normal x86_64 c com.apple.compilers.llvm.clang.1_0.compiler (in target 'phlibwebp' from project 'PostHog')
    cd /Users/jasonlee/Coding/App/Notch/Notch.xcodeproj
    
    Using response file: /Users/jasonlee/Library/Developer/Xcode/DerivedData/Notch-ddzsfiyxyoauidejndllmosklbkq/Build/Intermediates.noindex/PostHog.build/Release/phlibwebp.build/Objects-normal/x86_64/7187679823f38a2a940e0043cdf9d637-common-args.resp
    
    /Applications/Xcode.app/Contents/Developer/Toolchains/XcodeDefault.xctoolchain/usr/bin/clang -x c -ivfsstatcache /Users/jasonlee/Library/Developer/Xcode/DerivedData/SDKStatCaches.noindex/macosx26.4-25E251-30f9ca8789b706f8bd3fc906a70d770f.sdkstatcache -target x86_64-apple-macos10.15 -fmessage-length\=0 -fdiagnostics-show-note-include-stack -fmacro-backtrace-limit\=0 -fno-color-diagnostics -fmodules-prune-interval\=86400 -fmodules-prune-after\=345600 -fbuild-session-file\=/Users/jasonlee/Library/Developer/Xcode/DerivedData/ModuleCache.noindex/Session.modulevalidation -fmodules-validate-once-per-build-session -Wnon-modular-include-in-framework-module -Werror\=non-modular-include-in-framework-module -Wno-trigraphs -Wno-missing-field-initializers -Wno-missing-prototypes -Wno-return-type -Wno-missing-braces -Wparentheses -Wswitch -Wno-unused-function -Wno-unused-label -Wno-unused-parameter -Wno-unused-variable -Wunused-value -Wno-empty-body -Wno-uninitialized -Wno-unknown-pragmas -w -Wno-shadow -Wno-four-char-constants -Wno-conversion -Wno-constant-conversion -Wno-int-conversion -Wno-bool-conversion -Wno-enum-conversion -Wno-float-conversion -Wno-non-literal-null-conversion -Wno-objc-literal-conversion -Wshorten-64-to-32 -Wpointer-sign -Wno-newline-eof -Wno-implicit-fallthrough -isysroot /Applications/Xcode.app/Contents/Developer/Platforms/MacOSX.platform/Developer/SDKs/MacOSX26.4.sdk -fstrict-aliasing -Wdeprecated-declarations -Wno-sign-conversion -Wno-infinite-recursion -Wno-comma -Wno-block-capture-autoreleasing -Wno-strict-prototypes -Wno-semicolon-before-method-body @/Users/jasonlee/Library/Developer/Xcode/DerivedData/Notch-ddzsfiyxyoauidejndllmosklbkq/Build/Intermediates.noindex/PostHog.build/Release/phlibwebp.build/Objects-normal/x86_64/7187679823f38a2a940e0043cdf9d637-common-args.resp -MMD -MT dependencies -MF /Users/jasonlee/Library/Developer/Xcode/DerivedData/Notch-ddzsfiyxyoauidejndllmosklbkq/Build/Intermediates.noindex/PostHog.build/Release/phlibwebp.build/Objects-normal/x86_64/histogram_enc.d --serialize-diagnostics /Users/jasonlee/Library/Developer/Xcode/DerivedData/Notch-ddzsfiyxyoauidejndllmosklbkq/Build/Intermediates.noindex/PostHog.build/Release/phlibwebp.build/Objects-normal/x86_64/histogram_enc.dia -c /Users/jasonlee/Library/Developer/Xcode/DerivedData/Notch-ddzsfiyxyoauidejndllmosklbkq/SourcePackages/checkouts/posthog-ios/vendor/libwebp/histogram_enc.c -o /Users/jasonlee/Library/Developer/Xcode/DerivedData/Notch-ddzsfiyxyoauidejndllmosklbkq/Build/Intermediates.noindex/PostHog.build/Release/phlibwebp.build/Objects-normal/x86_64/histogram_enc.o

CompileC /Users/jasonlee/Library/Developer/Xcode/DerivedData/Notch-ddzsfiyxyoauidejndllmosklbkq/Build/Intermediates.noindex/PostHog.build/Release/phlibwebp.build/Objects-normal/x86_64/frame_enc.o /Users/jasonlee/Library/Developer/Xcode/DerivedData/Notch-ddzsfiyxyoauidejndllmosklbkq/SourcePackages/checkouts/posthog-ios/vendor/libwebp/frame_enc.c normal x86_64 c com.apple.compilers.llvm.clang.1_0.compiler (in target 'phlibwebp' from project 'PostHog')
    cd /Users/jasonlee/Coding/App/Notch/Notch.xcodeproj
    
    Using response file: /Users/jasonlee/Library/Developer/Xcode/DerivedData/Notch-ddzsfiyxyoauidejndllmosklbkq/Build/Intermediates.noindex/PostHog.build/Release/phlibwebp.build/Objects-normal/x86_64/7187679823f38a2a940e0043cdf9d637-common-args.resp
    
    /Applications/Xcode.app/Contents/Developer/Toolchains/XcodeDefault.xctoolchain/usr/bin/clang -x c -ivfsstatcache /Users/jasonlee/Library/Developer/Xcode/DerivedData/SDKStatCaches.noindex/macosx26.4-25E251-30f9ca8789b706f8bd3fc906a70d770f.sdkstatcache -target x86_64-apple-macos10.15 -fmessage-length\=0 -fdiagnostics-show-note-include-stack -fmacro-backtrace-limit\=0 -fno-color-diagnostics -fmodules-prune-interval\=86400 -fmodules-prune-after\=345600 -fbuild-session-file\=/Users/jasonlee/Library/Developer/Xcode/DerivedData/ModuleCache.noindex/Session.modulevalidation -fmodules-validate-once-per-build-session -Wnon-modular-include-in-framework-module -Werror\=non-modular-include-in-framework-module -Wno-trigraphs -Wno-missing-field-initializers -Wno-missing-prototypes -Wno-return-type -Wno-missing-braces -Wparentheses -Wswitch -Wno-unused-function -Wno-unused-label -Wno-unused-parameter -Wno-unused-variable -Wunused-value -Wno-empty-body -Wno-uninitialized -Wno-unknown-pragmas -w -Wno-shadow -Wno-four-char-constants -Wno-conversion -Wno-constant-conversion -Wno-int-conversion -Wno-bool-conversion -Wno-enum-conversion -Wno-float-conversion -Wno-non-literal-null-conversion -Wno-objc-literal-conversion -Wshorten-64-to-32 -Wpointer-sign -Wno-newline-eof -Wno-implicit-fallthrough -isysroot /Applications/Xcode.app/Contents/Developer/Platforms/MacOSX.platform/Developer/SDKs/MacOSX26.4.sdk -fstrict-aliasing -Wdeprecated-declarations -Wno-sign-conversion -Wno-infinite-recursion -Wno-comma -Wno-block-capture-autoreleasing -Wno-strict-prototypes -Wno-semicolon-before-method-body @/Users/jasonlee/Library/Developer/Xcode/DerivedData/Notch-ddzsfiyxyoauidejndllmosklbkq/Build/Intermediates.noindex/PostHog.build/Release/phlibwebp.build/Objects-normal/x86_64/7187679823f38a2a940e0043cdf9d637-common-args.resp -MMD -MT dependencies -MF /Users/jasonlee/Library/Developer/Xcode/DerivedData/Notch-ddzsfiyxyoauidejndllmosklbkq/Build/Intermediates.noindex/PostHog.build/Release/phlibwebp.build/Objects-normal/x86_64/frame_enc.d --serialize-diagnostics /Users/jasonlee/Library/Developer/Xcode/DerivedData/Notch-ddzsfiyxyoauidejndllmosklbkq/Build/Intermediates.noindex/PostHog.build/Release/phlibwebp.build/Objects-normal/x86_64/frame_enc.dia -c /Users/jasonlee/Library/Developer/Xcode/DerivedData/Notch-ddzsfiyxyoauidejndllmosklbkq/SourcePackages/checkouts/posthog-ios/vendor/libwebp/frame_enc.c -o /Users/jasonlee/Library/Developer/Xcode/DerivedData/Notch-ddzsfiyxyoauidejndllmosklbkq/Build/Intermediates.noindex/PostHog.build/Release/phlibwebp.build/Objects-normal/x86_64/frame_enc.o

CompileC /Users/jasonlee/Library/Developer/Xcode/DerivedData/Notch-ddzsfiyxyoauidejndllmosklbkq/Build/Intermediates.noindex/PostHog.build/Release/phlibwebp.build/Objects-normal/x86_64/filters_utils.o /Users/jasonlee/Library/Developer/Xcode/DerivedData/Notch-ddzsfiyxyoauidejndllmosklbkq/SourcePackages/checkouts/posthog-ios/vendor/libwebp/filters_utils.c normal x86_64 c com.apple.compilers.llvm.clang.1_0.compiler (in target 'phlibwebp' from project 'PostHog')
    cd /Users/jasonlee/Coding/App/Notch/Notch.xcodeproj
    
    Using response file: /Users/jasonlee/Library/Developer/Xcode/DerivedData/Notch-ddzsfiyxyoauidejndllmosklbkq/Build/Intermediates.noindex/PostHog.build/Release/phlibwebp.build/Objects-normal/x86_64/7187679823f38a2a940e0043cdf9d637-common-args.resp
    
    /Applications/Xcode.app/Contents/Developer/Toolchains/XcodeDefault.xctoolchain/usr/bin/clang -x c -ivfsstatcache /Users/jasonlee/Library/Developer/Xcode/DerivedData/SDKStatCaches.noindex/macosx26.4-25E251-30f9ca8789b706f8bd3fc906a70d770f.sdkstatcache -target x86_64-apple-macos10.15 -fmessage-length\=0 -fdiagnostics-show-note-include-stack -fmacro-backtrace-limit\=0 -fno-color-diagnostics -fmodules-prune-interval\=86400 -fmodules-prune-after\=345600 -fbuild-session-file\=/Users/jasonlee/Library/Developer/Xcode/DerivedData/ModuleCache.noindex/Session.modulevalidation -fmodules-validate-once-per-build-session -Wnon-modular-include-in-framework-module -Werror\=non-modular-include-in-framework-module -Wno-trigraphs -Wno-missing-field-initializers -Wno-missing-prototypes -Wno-return-type -Wno-missing-braces -Wparentheses -Wswitch -Wno-unused-function -Wno-unused-label -Wno-unused-parameter -Wno-unused-variable -Wunused-value -Wno-empty-body -Wno-uninitialized -Wno-unknown-pragmas -w -Wno-shadow -Wno-four-char-constants -Wno-conversion -Wno-constant-conversion -Wno-int-conversion -Wno-bool-conversion -Wno-enum-conversion -Wno-float-conversion -Wno-non-literal-null-conversion -Wno-objc-literal-conversion -Wshorten-64-to-32 -Wpointer-sign -Wno-newline-eof -Wno-implicit-fallthrough -isysroot /Applications/Xcode.app/Contents/Developer/Platforms/MacOSX.platform/Developer/SDKs/MacOSX26.4.sdk -fstrict-aliasing -Wdeprecated-declarations -Wno-sign-conversion -Wno-infinite-recursion -Wno-comma -Wno-block-capture-autoreleasing -Wno-strict-prototypes -Wno-semicolon-before-method-body @/Users/jasonlee/Library/Developer/Xcode/DerivedData/Notch-ddzsfiyxyoauidejndllmosklbkq/Build/Intermediates.noindex/PostHog.build/Release/phlibwebp.build/Objects-normal/x86_64/7187679823f38a2a940e0043cdf9d637-common-args.resp -MMD -MT dependencies -MF /Users/jasonlee/Library/Developer/Xcode/DerivedData/Notch-ddzsfiyxyoauidejndllmosklbkq/Build/Intermediates.noindex/PostHog.build/Release/phlibwebp.build/Objects-normal/x86_64/filters_utils.d --serialize-diagnostics /Users/jasonlee/Library/Developer/Xcode/DerivedData/Notch-ddzsfiyxyoauidejndllmosklbkq/Build/Intermediates.noindex/PostHog.build/Release/phlibwebp.build/Objects-normal/x86_64/filters_utils.dia -c /Users/jasonlee/Library/Developer/Xcode/DerivedData/Notch-ddzsfiyxyoauidejndllmosklbkq/SourcePackages/checkouts/posthog-ios/vendor/libwebp/filters_utils.c -o /Users/jasonlee/Library/Developer/Xcode/DerivedData/Notch-ddzsfiyxyoauidejndllmosklbkq/Build/Intermediates.noindex/PostHog.build/Release/phlibwebp.build/Objects-normal/x86_64/filters_utils.o

CompileC /Users/jasonlee/Library/Developer/Xcode/DerivedData/Notch-ddzsfiyxyoauidejndllmosklbkq/Build/Intermediates.noindex/PostHog.build/Release/phlibwebp.build/Objects-normal/x86_64/filters_sse2.o /Users/jasonlee/Library/Developer/Xcode/DerivedData/Notch-ddzsfiyxyoauidejndllmosklbkq/SourcePackages/checkouts/posthog-ios/vendor/libwebp/filters_sse2.c normal x86_64 c com.apple.compilers.llvm.clang.1_0.compiler (in target 'phlibwebp' from project 'PostHog')
    cd /Users/jasonlee/Coding/App/Notch/Notch.xcodeproj
    
    Using response file: /Users/jasonlee/Library/Developer/Xcode/DerivedData/Notch-ddzsfiyxyoauidejndllmosklbkq/Build/Intermediates.noindex/PostHog.build/Release/phlibwebp.build/Objects-normal/x86_64/7187679823f38a2a940e0043cdf9d637-common-args.resp
    
    /Applications/Xcode.app/Contents/Developer/Toolchains/XcodeDefault.xctoolchain/usr/bin/clang -x c -ivfsstatcache /Users/jasonlee/Library/Developer/Xcode/DerivedData/SDKStatCaches.noindex/macosx26.4-25E251-30f9ca8789b706f8bd3fc906a70d770f.sdkstatcache -target x86_64-apple-macos10.15 -fmessage-length\=0 -fdiagnostics-show-note-include-stack -fmacro-backtrace-limit\=0 -fno-color-diagnostics -fmodules-prune-interval\=86400 -fmodules-prune-after\=345600 -fbuild-session-file\=/Users/jasonlee/Library/Developer/Xcode/DerivedData/ModuleCache.noindex/Session.modulevalidation -fmodules-validate-once-per-build-session -Wnon-modular-include-in-framework-module -Werror\=non-modular-include-in-framework-module -Wno-trigraphs -Wno-missing-field-initializers -Wno-missing-prototypes -Wno-return-type -Wno-missing-braces -Wparentheses -Wswitch -Wno-unused-function -Wno-unused-label -Wno-unused-parameter -Wno-unused-variable -Wunused-value -Wno-empty-body -Wno-uninitialized -Wno-unknown-pragmas -w -Wno-shadow -Wno-four-char-constants -Wno-conversion -Wno-constant-conversion -Wno-int-conversion -Wno-bool-conversion -Wno-enum-conversion -Wno-float-conversion -Wno-non-literal-null-conversion -Wno-objc-literal-conversion -Wshorten-64-to-32 -Wpointer-sign -Wno-newline-eof -Wno-implicit-fallthrough -isysroot /Applications/Xcode.app/Contents/Developer/Platforms/MacOSX.platform/Developer/SDKs/MacOSX26.4.sdk -fstrict-aliasing -Wdeprecated-declarations -Wno-sign-conversion -Wno-infinite-recursion -Wno-comma -Wno-block-capture-autoreleasing -Wno-strict-prototypes -Wno-semicolon-before-method-body @/Users/jasonlee/Library/Developer/Xcode/DerivedData/Notch-ddzsfiyxyoauidejndllmosklbkq/Build/Intermediates.noindex/PostHog.build/Release/phlibwebp.build/Objects-normal/x86_64/7187679823f38a2a940e0043cdf9d637-common-args.resp -MMD -MT dependencies -MF /Users/jasonlee/Library/Developer/Xcode/DerivedData/Notch-ddzsfiyxyoauidejndllmosklbkq/Build/Intermediates.noindex/PostHog.build/Release/phlibwebp.build/Objects-normal/x86_64/filters_sse2.d --serialize-diagnostics /Users/jasonlee/Library/Developer/Xcode/DerivedData/Notch-ddzsfiyxyoauidejndllmosklbkq/Build/Intermediates.noindex/PostHog.build/Release/phlibwebp.build/Objects-normal/x86_64/filters_sse2.dia -c /Users/jasonlee/Library/Developer/Xcode/DerivedData/Notch-ddzsfiyxyoauidejndllmosklbkq/SourcePackages/checkouts/posthog-ios/vendor/libwebp/filters_sse2.c -o /Users/jasonlee/Library/Developer/Xcode/DerivedData/Notch-ddzsfiyxyoauidejndllmosklbkq/Build/Intermediates.noindex/PostHog.build/Release/phlibwebp.build/Objects-normal/x86_64/filters_sse2.o

CompileC /Users/jasonlee/Library/Developer/Xcode/DerivedData/Notch-ddzsfiyxyoauidejndllmosklbkq/Build/Intermediates.noindex/PostHog.build/Release/phlibwebp.build/Objects-normal/x86_64/filters_neon.o /Users/jasonlee/Library/Developer/Xcode/DerivedData/Notch-ddzsfiyxyoauidejndllmosklbkq/SourcePackages/checkouts/posthog-ios/vendor/libwebp/filters_neon.c normal x86_64 c com.apple.compilers.llvm.clang.1_0.compiler (in target 'phlibwebp' from project 'PostHog')
    cd /Users/jasonlee/Coding/App/Notch/Notch.xcodeproj
    
    Using response file: /Users/jasonlee/Library/Developer/Xcode/DerivedData/Notch-ddzsfiyxyoauidejndllmosklbkq/Build/Intermediates.noindex/PostHog.build/Release/phlibwebp.build/Objects-normal/x86_64/7187679823f38a2a940e0043cdf9d637-common-args.resp
    
    /Applications/Xcode.app/Contents/Developer/Toolchains/XcodeDefault.xctoolchain/usr/bin/clang -x c -ivfsstatcache /Users/jasonlee/Library/Developer/Xcode/DerivedData/SDKStatCaches.noindex/macosx26.4-25E251-30f9ca8789b706f8bd3fc906a70d770f.sdkstatcache -target x86_64-apple-macos10.15 -fmessage-length\=0 -fdiagnostics-show-note-include-stack -fmacro-backtrace-limit\=0 -fno-color-diagnostics -fmodules-prune-interval\=86400 -fmodules-prune-after\=345600 -fbuild-session-file\=/Users/jasonlee/Library/Developer/Xcode/DerivedData/ModuleCache.noindex/Session.modulevalidation -fmodules-validate-once-per-build-session -Wnon-modular-include-in-framework-module -Werror\=non-modular-include-in-framework-module -Wno-trigraphs -Wno-missing-field-initializers -Wno-missing-prototypes -Wno-return-type -Wno-missing-braces -Wparentheses -Wswitch -Wno-unused-function -Wno-unused-label -Wno-unused-parameter -Wno-unused-variable -Wunused-value -Wno-empty-body -Wno-uninitialized -Wno-unknown-pragmas -w -Wno-shadow -Wno-four-char-constants -Wno-conversion -Wno-constant-conversion -Wno-int-conversion -Wno-bool-conversion -Wno-enum-conversion -Wno-float-conversion -Wno-non-literal-null-conversion -Wno-objc-literal-conversion -Wshorten-64-to-32 -Wpointer-sign -Wno-newline-eof -Wno-implicit-fallthrough -isysroot /Applications/Xcode.app/Contents/Developer/Platforms/MacOSX.platform/Developer/SDKs/MacOSX26.4.sdk -fstrict-aliasing -Wdeprecated-declarations -Wno-sign-conversion -Wno-infinite-recursion -Wno-comma -Wno-block-capture-autoreleasing -Wno-strict-prototypes -Wno-semicolon-before-method-body @/Users/jasonlee/Library/Developer/Xcode/DerivedData/Notch-ddzsfiyxyoauidejndllmosklbkq/Build/Intermediates.noindex/PostHog.build/Release/phlibwebp.build/Objects-normal/x86_64/7187679823f38a2a940e0043cdf9d637-common-args.resp -MMD -MT dependencies -MF /Users/jasonlee/Library/Developer/Xcode/DerivedData/Notch-ddzsfiyxyoauidejndllmosklbkq/Build/Intermediates.noindex/PostHog.build/Release/phlibwebp.build/Objects-normal/x86_64/filters_neon.d --serialize-diagnostics /Users/jasonlee/Library/Developer/Xcode/DerivedData/Notch-ddzsfiyxyoauidejndllmosklbkq/Build/Intermediates.noindex/PostHog.build/Release/phlibwebp.build/Objects-normal/x86_64/filters_neon.dia -c /Users/jasonlee/Library/Developer/Xcode/DerivedData/Notch-ddzsfiyxyoauidejndllmosklbkq/SourcePackages/checkouts/posthog-ios/vendor/libwebp/filters_neon.c -o /Users/jasonlee/Library/Developer/Xcode/DerivedData/Notch-ddzsfiyxyoauidejndllmosklbkq/Build/Intermediates.noindex/PostHog.build/Release/phlibwebp.build/Objects-normal/x86_64/filters_neon.o

CompileC /Users/jasonlee/Library/Developer/Xcode/DerivedData/Notch-ddzsfiyxyoauidejndllmosklbkq/Build/Intermediates.noindex/PostHog.build/Release/phlibwebp.build/Objects-normal/x86_64/filters.o /Users/jasonlee/Library/Developer/Xcode/DerivedData/Notch-ddzsfiyxyoauidejndllmosklbkq/SourcePackages/checkouts/posthog-ios/vendor/libwebp/filters.c normal x86_64 c com.apple.compilers.llvm.clang.1_0.compiler (in target 'phlibwebp' from project 'PostHog')
    cd /Users/jasonlee/Coding/App/Notch/Notch.xcodeproj
    
    Using response file: /Users/jasonlee/Library/Developer/Xcode/DerivedData/Notch-ddzsfiyxyoauidejndllmosklbkq/Build/Intermediates.noindex/PostHog.build/Release/phlibwebp.build/Objects-normal/x86_64/7187679823f38a2a940e0043cdf9d637-common-args.resp
    
    /Applications/Xcode.app/Contents/Developer/Toolchains/XcodeDefault.xctoolchain/usr/bin/clang -x c -ivfsstatcache /Users/jasonlee/Library/Developer/Xcode/DerivedData/SDKStatCaches.noindex/macosx26.4-25E251-30f9ca8789b706f8bd3fc906a70d770f.sdkstatcache -target x86_64-apple-macos10.15 -fmessage-length\=0 -fdiagnostics-show-note-include-stack -fmacro-backtrace-limit\=0 -fno-color-diagnostics -fmodules-prune-interval\=86400 -fmodules-prune-after\=345600 -fbuild-session-file\=/Users/jasonlee/Library/Developer/Xcode/DerivedData/ModuleCache.noindex/Session.modulevalidation -fmodules-validate-once-per-build-session -Wnon-modular-include-in-framework-module -Werror\=non-modular-include-in-framework-module -Wno-trigraphs -Wno-missing-field-initializers -Wno-missing-prototypes -Wno-return-type -Wno-missing-braces -Wparentheses -Wswitch -Wno-unused-function -Wno-unused-label -Wno-unused-parameter -Wno-unused-variable -Wunused-value -Wno-empty-body -Wno-uninitialized -Wno-unknown-pragmas -w -Wno-shadow -Wno-four-char-constants -Wno-conversion -Wno-constant-conversion -Wno-int-conversion -Wno-bool-conversion -Wno-enum-conversion -Wno-float-conversion -Wno-non-literal-null-conversion -Wno-objc-literal-conversion -Wshorten-64-to-32 -Wpointer-sign -Wno-newline-eof -Wno-implicit-fallthrough -isysroot /Applications/Xcode.app/Contents/Developer/Platforms/MacOSX.platform/Developer/SDKs/MacOSX26.4.sdk -fstrict-aliasing -Wdeprecated-declarations -Wno-sign-conversion -Wno-infinite-recursion -Wno-comma -Wno-block-capture-autoreleasing -Wno-strict-prototypes -Wno-semicolon-before-method-body @/Users/jasonlee/Library/Developer/Xcode/DerivedData/Notch-ddzsfiyxyoauidejndllmosklbkq/Build/Intermediates.noindex/PostHog.build/Release/phlibwebp.build/Objects-normal/x86_64/7187679823f38a2a940e0043cdf9d637-common-args.resp -MMD -MT dependencies -MF /Users/jasonlee/Library/Developer/Xcode/DerivedData/Notch-ddzsfiyxyoauidejndllmosklbkq/Build/Intermediates.noindex/PostHog.build/Release/phlibwebp.build/Objects-normal/x86_64/filters.d --serialize-diagnostics /Users/jasonlee/Library/Developer/Xcode/DerivedData/Notch-ddzsfiyxyoauidejndllmosklbkq/Build/Intermediates.noindex/PostHog.build/Release/phlibwebp.build/Objects-normal/x86_64/filters.dia -c /Users/jasonlee/Library/Developer/Xcode/DerivedData/Notch-ddzsfiyxyoauidejndllmosklbkq/SourcePackages/checkouts/posthog-ios/vendor/libwebp/filters.c -o /Users/jasonlee/Library/Developer/Xcode/DerivedData/Notch-ddzsfiyxyoauidejndllmosklbkq/Build/Intermediates.noindex/PostHog.build/Release/phlibwebp.build/Objects-normal/x86_64/filters.o

CompileC /Users/jasonlee/Library/Developer/Xcode/DerivedData/Notch-ddzsfiyxyoauidejndllmosklbkq/Build/Intermediates.noindex/PostHog.build/Release/phlibwebp.build/Objects-normal/x86_64/filter_enc.o /Users/jasonlee/Library/Developer/Xcode/DerivedData/Notch-ddzsfiyxyoauidejndllmosklbkq/SourcePackages/checkouts/posthog-ios/vendor/libwebp/filter_enc.c normal x86_64 c com.apple.compilers.llvm.clang.1_0.compiler (in target 'phlibwebp' from project 'PostHog')
    cd /Users/jasonlee/Coding/App/Notch/Notch.xcodeproj
    
    Using response file: /Users/jasonlee/Library/Developer/Xcode/DerivedData/Notch-ddzsfiyxyoauidejndllmosklbkq/Build/Intermediates.noindex/PostHog.build/Release/phlibwebp.build/Objects-normal/x86_64/7187679823f38a2a940e0043cdf9d637-common-args.resp
    
    /Applications/Xcode.app/Contents/Developer/Toolchains/XcodeDefault.xctoolchain/usr/bin/clang -x c -ivfsstatcache /Users/jasonlee/Library/Developer/Xcode/DerivedData/SDKStatCaches.noindex/macosx26.4-25E251-30f9ca8789b706f8bd3fc906a70d770f.sdkstatcache -target x86_64-apple-macos10.15 -fmessage-length\=0 -fdiagnostics-show-note-include-stack -fmacro-backtrace-limit\=0 -fno-color-diagnostics -fmodules-prune-interval\=86400 -fmodules-prune-after\=345600 -fbuild-session-file\=/Users/jasonlee/Library/Developer/Xcode/DerivedData/ModuleCache.noindex/Session.modulevalidation -fmodules-validate-once-per-build-session -Wnon-modular-include-in-framework-module -Werror\=non-modular-include-in-framework-module -Wno-trigraphs -Wno-missing-field-initializers -Wno-missing-prototypes -Wno-return-type -Wno-missing-braces -Wparentheses -Wswitch -Wno-unused-function -Wno-unused-label -Wno-unused-parameter -Wno-unused-variable -Wunused-value -Wno-empty-body -Wno-uninitialized -Wno-unknown-pragmas -w -Wno-shadow -Wno-four-char-constants -Wno-conversion -Wno-constant-conversion -Wno-int-conversion -Wno-bool-conversion -Wno-enum-conversion -Wno-float-conversion -Wno-non-literal-null-conversion -Wno-objc-literal-conversion -Wshorten-64-to-32 -Wpointer-sign -Wno-newline-eof -Wno-implicit-fallthrough -isysroot /Applications/Xcode.app/Contents/Developer/Platforms/MacOSX.platform/Developer/SDKs/MacOSX26.4.sdk -fstrict-aliasing -Wdeprecated-declarations -Wno-sign-conversion -Wno-infinite-recursion -Wno-comma -Wno-block-capture-autoreleasing -Wno-strict-prototypes -Wno-semicolon-before-method-body @/Users/jasonlee/Library/Developer/Xcode/DerivedData/Notch-ddzsfiyxyoauidejndllmosklbkq/Build/Intermediates.noindex/PostHog.build/Release/phlibwebp.build/Objects-normal/x86_64/7187679823f38a2a940e0043cdf9d637-common-args.resp -MMD -MT dependencies -MF /Users/jasonlee/Library/Developer/Xcode/DerivedData/Notch-ddzsfiyxyoauidejndllmosklbkq/Build/Intermediates.noindex/PostHog.build/Release/phlibwebp.build/Objects-normal/x86_64/filter_enc.d --serialize-diagnostics /Users/jasonlee/Library/Developer/Xcode/DerivedData/Notch-ddzsfiyxyoauidejndllmosklbkq/Build/Intermediates.noindex/PostHog.build/Release/phlibwebp.build/Objects-normal/x86_64/filter_enc.dia -c /Users/jasonlee/Library/Developer/Xcode/DerivedData/Notch-ddzsfiyxyoauidejndllmosklbkq/SourcePackages/checkouts/posthog-ios/vendor/libwebp/filter_enc.c -o /Users/jasonlee/Library/Developer/Xcode/DerivedData/Notch-ddzsfiyxyoauidejndllmosklbkq/Build/Intermediates.noindex/PostHog.build/Release/phlibwebp.build/Objects-normal/x86_64/filter_enc.o

CompileC /Users/jasonlee/Library/Developer/Xcode/DerivedData/Notch-ddzsfiyxyoauidejndllmosklbkq/Build/Intermediates.noindex/PostHog.build/Release/phlibwebp.build/Objects-normal/x86_64/enc_sse41.o /Users/jasonlee/Library/Developer/Xcode/DerivedData/Notch-ddzsfiyxyoauidejndllmosklbkq/SourcePackages/checkouts/posthog-ios/vendor/libwebp/enc_sse41.c normal x86_64 c com.apple.compilers.llvm.clang.1_0.compiler (in target 'phlibwebp' from project 'PostHog')
    cd /Users/jasonlee/Coding/App/Notch/Notch.xcodeproj
    
    Using response file: /Users/jasonlee/Library/Developer/Xcode/DerivedData/Notch-ddzsfiyxyoauidejndllmosklbkq/Build/Intermediates.noindex/PostHog.build/Release/phlibwebp.build/Objects-normal/x86_64/7187679823f38a2a940e0043cdf9d637-common-args.resp
    
    /Applications/Xcode.app/Contents/Developer/Toolchains/XcodeDefault.xctoolchain/usr/bin/clang -x c -ivfsstatcache /Users/jasonlee/Library/Developer/Xcode/DerivedData/SDKStatCaches.noindex/macosx26.4-25E251-30f9ca8789b706f8bd3fc906a70d770f.sdkstatcache -target x86_64-apple-macos10.15 -fmessage-length\=0 -fdiagnostics-show-note-include-stack -fmacro-backtrace-limit\=0 -fno-color-diagnostics -fmodules-prune-interval\=86400 -fmodules-prune-after\=345600 -fbuild-session-file\=/Users/jasonlee/Library/Developer/Xcode/DerivedData/ModuleCache.noindex/Session.modulevalidation -fmodules-validate-once-per-build-session -Wnon-modular-include-in-framework-module -Werror\=non-modular-include-in-framework-module -Wno-trigraphs -Wno-missing-field-initializers -Wno-missing-prototypes -Wno-return-type -Wno-missing-braces -Wparentheses -Wswitch -Wno-unused-function -Wno-unused-label -Wno-unused-parameter -Wno-unused-variable -Wunused-value -Wno-empty-body -Wno-uninitialized -Wno-unknown-pragmas -w -Wno-shadow -Wno-four-char-constants -Wno-conversion -Wno-constant-conversion -Wno-int-conversion -Wno-bool-conversion -Wno-enum-conversion -Wno-float-conversion -Wno-non-literal-null-conversion -Wno-objc-literal-conversion -Wshorten-64-to-32 -Wpointer-sign -Wno-newline-eof -Wno-implicit-fallthrough -isysroot /Applications/Xcode.app/Contents/Developer/Platforms/MacOSX.platform/Developer/SDKs/MacOSX26.4.sdk -fstrict-aliasing -Wdeprecated-declarations -Wno-sign-conversion -Wno-infinite-recursion -Wno-comma -Wno-block-capture-autoreleasing -Wno-strict-prototypes -Wno-semicolon-before-method-body @/Users/jasonlee/Library/Developer/Xcode/DerivedData/Notch-ddzsfiyxyoauidejndllmosklbkq/Build/Intermediates.noindex/PostHog.build/Release/phlibwebp.build/Objects-normal/x86_64/7187679823f38a2a940e0043cdf9d637-common-args.resp -MMD -MT dependencies -MF /Users/jasonlee/Library/Developer/Xcode/DerivedData/Notch-ddzsfiyxyoauidejndllmosklbkq/Build/Intermediates.noindex/PostHog.build/Release/phlibwebp.build/Objects-normal/x86_64/enc_sse41.d --serialize-diagnostics /Users/jasonlee/Library/Developer/Xcode/DerivedData/Notch-ddzsfiyxyoauidejndllmosklbkq/Build/Intermediates.noindex/PostHog.build/Release/phlibwebp.build/Objects-normal/x86_64/enc_sse41.dia -c /Users/jasonlee/Library/Developer/Xcode/DerivedData/Notch-ddzsfiyxyoauidejndllmosklbkq/SourcePackages/checkouts/posthog-ios/vendor/libwebp/enc_sse41.c -o /Users/jasonlee/Library/Developer/Xcode/DerivedData/Notch-ddzsfiyxyoauidejndllmosklbkq/Build/Intermediates.noindex/PostHog.build/Release/phlibwebp.build/Objects-normal/x86_64/enc_sse41.o

CompileC /Users/jasonlee/Library/Developer/Xcode/DerivedData/Notch-ddzsfiyxyoauidejndllmosklbkq/Build/Intermediates.noindex/PostHog.build/Release/phlibwebp.build/Objects-normal/x86_64/enc_sse2.o /Users/jasonlee/Library/Developer/Xcode/DerivedData/Notch-ddzsfiyxyoauidejndllmosklbkq/SourcePackages/checkouts/posthog-ios/vendor/libwebp/enc_sse2.c normal x86_64 c com.apple.compilers.llvm.clang.1_0.compiler (in target 'phlibwebp' from project 'PostHog')
    cd /Users/jasonlee/Coding/App/Notch/Notch.xcodeproj
    
    Using response file: /Users/jasonlee/Library/Developer/Xcode/DerivedData/Notch-ddzsfiyxyoauidejndllmosklbkq/Build/Intermediates.noindex/PostHog.build/Release/phlibwebp.build/Objects-normal/x86_64/7187679823f38a2a940e0043cdf9d637-common-args.resp
    
    /Applications/Xcode.app/Contents/Developer/Toolchains/XcodeDefault.xctoolchain/usr/bin/clang -x c -ivfsstatcache /Users/jasonlee/Library/Developer/Xcode/DerivedData/SDKStatCaches.noindex/macosx26.4-25E251-30f9ca8789b706f8bd3fc906a70d770f.sdkstatcache -target x86_64-apple-macos10.15 -fmessage-length\=0 -fdiagnostics-show-note-include-stack -fmacro-backtrace-limit\=0 -fno-color-diagnostics -fmodules-prune-interval\=86400 -fmodules-prune-after\=345600 -fbuild-session-file\=/Users/jasonlee/Library/Developer/Xcode/DerivedData/ModuleCache.noindex/Session.modulevalidation -fmodules-validate-once-per-build-session -Wnon-modular-include-in-framework-module -Werror\=non-modular-include-in-framework-module -Wno-trigraphs -Wno-missing-field-initializers -Wno-missing-prototypes -Wno-return-type -Wno-missing-braces -Wparentheses -Wswitch -Wno-unused-function -Wno-unused-label -Wno-unused-parameter -Wno-unused-variable -Wunused-value -Wno-empty-body -Wno-uninitialized -Wno-unknown-pragmas -w -Wno-shadow -Wno-four-char-constants -Wno-conversion -Wno-constant-conversion -Wno-int-conversion -Wno-bool-conversion -Wno-enum-conversion -Wno-float-conversion -Wno-non-literal-null-conversion -Wno-objc-literal-conversion -Wshorten-64-to-32 -Wpointer-sign -Wno-newline-eof -Wno-implicit-fallthrough -isysroot /Applications/Xcode.app/Contents/Developer/Platforms/MacOSX.platform/Developer/SDKs/MacOSX26.4.sdk -fstrict-aliasing -Wdeprecated-declarations -Wno-sign-conversion -Wno-infinite-recursion -Wno-comma -Wno-block-capture-autoreleasing -Wno-strict-prototypes -Wno-semicolon-before-method-body @/Users/jasonlee/Library/Developer/Xcode/DerivedData/Notch-ddzsfiyxyoauidejndllmosklbkq/Build/Intermediates.noindex/PostHog.build/Release/phlibwebp.build/Objects-normal/x86_64/7187679823f38a2a940e0043cdf9d637-common-args.resp -MMD -MT dependencies -MF /Users/jasonlee/Library/Developer/Xcode/DerivedData/Notch-ddzsfiyxyoauidejndllmosklbkq/Build/Intermediates.noindex/PostHog.build/Release/phlibwebp.build/Objects-normal/x86_64/enc_sse2.d --serialize-diagnostics /Users/jasonlee/Library/Developer/Xcode/DerivedData/Notch-ddzsfiyxyoauidejndllmosklbkq/Build/Intermediates.noindex/PostHog.build/Release/phlibwebp.build/Objects-normal/x86_64/enc_sse2.dia -c /Users/jasonlee/Library/Developer/Xcode/DerivedData/Notch-ddzsfiyxyoauidejndllmosklbkq/SourcePackages/checkouts/posthog-ios/vendor/libwebp/enc_sse2.c -o /Users/jasonlee/Library/Developer/Xcode/DerivedData/Notch-ddzsfiyxyoauidejndllmosklbkq/Build/Intermediates.noindex/PostHog.build/Release/phlibwebp.build/Objects-normal/x86_64/enc_sse2.o

CompileC /Users/jasonlee/Library/Developer/Xcode/DerivedData/Notch-ddzsfiyxyoauidejndllmosklbkq/Build/Intermediates.noindex/PostHog.build/Release/phlibwebp.build/Objects-normal/x86_64/enc_neon.o /Users/jasonlee/Library/Developer/Xcode/DerivedData/Notch-ddzsfiyxyoauidejndllmosklbkq/SourcePackages/checkouts/posthog-ios/vendor/libwebp/enc_neon.c normal x86_64 c com.apple.compilers.llvm.clang.1_0.compiler (in target 'phlibwebp' from project 'PostHog')
    cd /Users/jasonlee/Coding/App/Notch/Notch.xcodeproj
    
    Using response file: /Users/jasonlee/Library/Developer/Xcode/DerivedData/Notch-ddzsfiyxyoauidejndllmosklbkq/Build/Intermediates.noindex/PostHog.build/Release/phlibwebp.build/Objects-normal/x86_64/7187679823f38a2a940e0043cdf9d637-common-args.resp
    
    /Applications/Xcode.app/Contents/Developer/Toolchains/XcodeDefault.xctoolchain/usr/bin/clang -x c -ivfsstatcache /Users/jasonlee/Library/Developer/Xcode/DerivedData/SDKStatCaches.noindex/macosx26.4-25E251-30f9ca8789b706f8bd3fc906a70d770f.sdkstatcache -target x86_64-apple-macos10.15 -fmessage-length\=0 -fdiagnostics-show-note-include-stack -fmacro-backtrace-limit\=0 -fno-color-diagnostics -fmodules-prune-interval\=86400 -fmodules-prune-after\=345600 -fbuild-session-file\=/Users/jasonlee/Library/Developer/Xcode/DerivedData/ModuleCache.noindex/Session.modulevalidation -fmodules-validate-once-per-build-session -Wnon-modular-include-in-framework-module -Werror\=non-modular-include-in-framework-module -Wno-trigraphs -Wno-missing-field-initializers -Wno-missing-prototypes -Wno-return-type -Wno-missing-braces -Wparentheses -Wswitch -Wno-unused-function -Wno-unused-label -Wno-unused-parameter -Wno-unused-variable -Wunused-value -Wno-empty-body -Wno-uninitialized -Wno-unknown-pragmas -w -Wno-shadow -Wno-four-char-constants -Wno-conversion -Wno-constant-conversion -Wno-int-conversion -Wno-bool-conversion -Wno-enum-conversion -Wno-float-conversion -Wno-non-literal-null-conversion -Wno-objc-literal-conversion -Wshorten-64-to-32 -Wpointer-sign -Wno-newline-eof -Wno-implicit-fallthrough -isysroot /Applications/Xcode.app/Contents/Developer/Platforms/MacOSX.platform/Developer/SDKs/MacOSX26.4.sdk -fstrict-aliasing -Wdeprecated-declarations -Wno-sign-conversion -Wno-infinite-recursion -Wno-comma -Wno-block-capture-autoreleasing -Wno-strict-prototypes -Wno-semicolon-before-method-body @/Users/jasonlee/Library/Developer/Xcode/DerivedData/Notch-ddzsfiyxyoauidejndllmosklbkq/Build/Intermediates.noindex/PostHog.build/Release/phlibwebp.build/Objects-normal/x86_64/7187679823f38a2a940e0043cdf9d637-common-args.resp -MMD -MT dependencies -MF /Users/jasonlee/Library/Developer/Xcode/DerivedData/Notch-ddzsfiyxyoauidejndllmosklbkq/Build/Intermediates.noindex/PostHog.build/Release/phlibwebp.build/Objects-normal/x86_64/enc_neon.d --serialize-diagnostics /Users/jasonlee/Library/Developer/Xcode/DerivedData/Notch-ddzsfiyxyoauidejndllmosklbkq/Build/Intermediates.noindex/PostHog.build/Release/phlibwebp.build/Objects-normal/x86_64/enc_neon.dia -c /Users/jasonlee/Library/Developer/Xcode/DerivedData/Notch-ddzsfiyxyoauidejndllmosklbkq/SourcePackages/checkouts/posthog-ios/vendor/libwebp/enc_neon.c -o /Users/jasonlee/Library/Developer/Xcode/DerivedData/Notch-ddzsfiyxyoauidejndllmosklbkq/Build/Intermediates.noindex/PostHog.build/Release/phlibwebp.build/Objects-normal/x86_64/enc_neon.o

CompileC /Users/jasonlee/Library/Developer/Xcode/DerivedData/Notch-ddzsfiyxyoauidejndllmosklbkq/Build/Intermediates.noindex/PostHog.build/Release/phlibwebp.build/Objects-normal/x86_64/enc.o /Users/jasonlee/Library/Developer/Xcode/DerivedData/Notch-ddzsfiyxyoauidejndllmosklbkq/SourcePackages/checkouts/posthog-ios/vendor/libwebp/enc.c normal x86_64 c com.apple.compilers.llvm.clang.1_0.compiler (in target 'phlibwebp' from project 'PostHog')
    cd /Users/jasonlee/Coding/App/Notch/Notch.xcodeproj
    
    Using response file: /Users/jasonlee/Library/Developer/Xcode/DerivedData/Notch-ddzsfiyxyoauidejndllmosklbkq/Build/Intermediates.noindex/PostHog.build/Release/phlibwebp.build/Objects-normal/x86_64/7187679823f38a2a940e0043cdf9d637-common-args.resp
    
    /Applications/Xcode.app/Contents/Developer/Toolchains/XcodeDefault.xctoolchain/usr/bin/clang -x c -ivfsstatcache /Users/jasonlee/Library/Developer/Xcode/DerivedData/SDKStatCaches.noindex/macosx26.4-25E251-30f9ca8789b706f8bd3fc906a70d770f.sdkstatcache -target x86_64-apple-macos10.15 -fmessage-length\=0 -fdiagnostics-show-note-include-stack -fmacro-backtrace-limit\=0 -fno-color-diagnostics -fmodules-prune-interval\=86400 -fmodules-prune-after\=345600 -fbuild-session-file\=/Users/jasonlee/Library/Developer/Xcode/DerivedData/ModuleCache.noindex/Session.modulevalidation -fmodules-validate-once-per-build-session -Wnon-modular-include-in-framework-module -Werror\=non-modular-include-in-framework-module -Wno-trigraphs -Wno-missing-field-initializers -Wno-missing-prototypes -Wno-return-type -Wno-missing-braces -Wparentheses -Wswitch -Wno-unused-function -Wno-unused-label -Wno-unused-parameter -Wno-unused-variable -Wunused-value -Wno-empty-body -Wno-uninitialized -Wno-unknown-pragmas -w -Wno-shadow -Wno-four-char-constants -Wno-conversion -Wno-constant-conversion -Wno-int-conversion -Wno-bool-conversion -Wno-enum-conversion -Wno-float-conversion -Wno-non-literal-null-conversion -Wno-objc-literal-conversion -Wshorten-64-to-32 -Wpointer-sign -Wno-newline-eof -Wno-implicit-fallthrough -isysroot /Applications/Xcode.app/Contents/Developer/Platforms/MacOSX.platform/Developer/SDKs/MacOSX26.4.sdk -fstrict-aliasing -Wdeprecated-declarations -Wno-sign-conversion -Wno-infinite-recursion -Wno-comma -Wno-block-capture-autoreleasing -Wno-strict-prototypes -Wno-semicolon-before-method-body @/Users/jasonlee/Library/Developer/Xcode/DerivedData/Notch-ddzsfiyxyoauidejndllmosklbkq/Build/Intermediates.noindex/PostHog.build/Release/phlibwebp.build/Objects-normal/x86_64/7187679823f38a2a940e0043cdf9d637-common-args.resp -MMD -MT dependencies -MF /Users/jasonlee/Library/Developer/Xcode/DerivedData/Notch-ddzsfiyxyoauidejndllmosklbkq/Build/Intermediates.noindex/PostHog.build/Release/phlibwebp.build/Objects-normal/x86_64/enc.d --serialize-diagnostics /Users/jasonlee/Library/Developer/Xcode/DerivedData/Notch-ddzsfiyxyoauidejndllmosklbkq/Build/Intermediates.noindex/PostHog.build/Release/phlibwebp.build/Objects-normal/x86_64/enc.dia -c /Users/jasonlee/Library/Developer/Xcode/DerivedData/Notch-ddzsfiyxyoauidejndllmosklbkq/SourcePackages/checkouts/posthog-ios/vendor/libwebp/enc.c -o /Users/jasonlee/Library/Developer/Xcode/DerivedData/Notch-ddzsfiyxyoauidejndllmosklbkq/Build/Intermediates.noindex/PostHog.build/Release/phlibwebp.build/Objects-normal/x86_64/enc.o

ScanDependencies /Users/jasonlee/Library/Developer/Xcode/DerivedData/Notch-ddzsfiyxyoauidejndllmosklbkq/Build/Intermediates.noindex/PostHog.build/Release/phlibwebp.build/Objects-normal/x86_64/dec_sse41.o /Users/jasonlee/Library/Developer/Xcode/DerivedData/Notch-ddzsfiyxyoauidejndllmosklbkq/SourcePackages/checkouts/posthog-ios/vendor/libwebp/dec_sse41.c normal x86_64 c com.apple.compilers.llvm.clang.1_0.compiler (in target 'phlibwebp' from project 'PostHog')
    cd /Users/jasonlee/Coding/App/Notch/Notch.xcodeproj
    
    Using response file: /Users/jasonlee/Library/Developer/Xcode/DerivedData/Notch-ddzsfiyxyoauidejndllmosklbkq/Build/Intermediates.noindex/PostHog.build/Release/phlibwebp.build/Objects-normal/x86_64/7187679823f38a2a940e0043cdf9d637-common-args.resp
    
    builtin-ScanDependencies -o /Users/jasonlee/Library/Developer/Xcode/DerivedData/Notch-ddzsfiyxyoauidejndllmosklbkq/Build/Intermediates.noindex/PostHog.build/Release/phlibwebp.build/Objects-normal/x86_64/dec_sse41.o.scan -- /Applications/Xcode.app/Contents/Developer/Toolchains/XcodeDefault.xctoolchain/usr/bin/clang -x c -ivfsstatcache /Users/jasonlee/Library/Developer/Xcode/DerivedData/SDKStatCaches.noindex/macosx26.4-25E251-30f9ca8789b706f8bd3fc906a70d770f.sdkstatcache -target x86_64-apple-macos10.15 -fmessage-length\=0 -fdiagnostics-show-note-include-stack -fmacro-backtrace-limit\=0 -fno-color-diagnostics -fmodules-prune-interval\=86400 -fmodules-prune-after\=345600 -fbuild-session-file\=/Users/jasonlee/Library/Developer/Xcode/DerivedData/ModuleCache.noindex/Session.modulevalidation -fmodules-validate-once-per-build-session -Wnon-modular-include-in-framework-module -Werror\=non-modular-include-in-framework-module -Wno-trigraphs -Wno-missing-field-initializers -Wno-missing-prototypes -Wno-return-type -Wno-missing-braces -Wparentheses -Wswitch -Wno-unused-function -Wno-unused-label -Wno-unused-parameter -Wno-unused-variable -Wunused-value -Wno-empty-body -Wno-uninitialized -Wno-unknown-pragmas -w -Wno-shadow -Wno-four-char-constants -Wno-conversion -Wno-constant-conversion -Wno-int-conversion -Wno-bool-conversion -Wno-enum-conversion -Wno-float-conversion -Wno-non-literal-null-conversion -Wno-objc-literal-conversion -Wshorten-64-to-32 -Wpointer-sign -Wno-newline-eof -Wno-implicit-fallthrough -isysroot /Applications/Xcode.app/Contents/Developer/Platforms/MacOSX.platform/Developer/SDKs/MacOSX26.4.sdk -fstrict-aliasing -Wdeprecated-declarations -Wno-sign-conversion -Wno-infinite-recursion -Wno-comma -Wno-block-capture-autoreleasing -Wno-strict-prototypes -Wno-semicolon-before-method-body @/Users/jasonlee/Library/Developer/Xcode/DerivedData/Notch-ddzsfiyxyoauidejndllmosklbkq/Build/Intermediates.noindex/PostHog.build/Release/phlibwebp.build/Objects-normal/x86_64/7187679823f38a2a940e0043cdf9d637-common-args.resp -MMD -MT dependencies -MF /Users/jasonlee/Library/Developer/Xcode/DerivedData/Notch-ddzsfiyxyoauidejndllmosklbkq/Build/Intermediates.noindex/PostHog.build/Release/phlibwebp.build/Objects-normal/x86_64/dec_sse41.d --serialize-diagnostics /Users/jasonlee/Library/Developer/Xcode/DerivedData/Notch-ddzsfiyxyoauidejndllmosklbkq/Build/Intermediates.noindex/PostHog.build/Release/phlibwebp.build/Objects-normal/x86_64/dec_sse41.dia -c /Users/jasonlee/Library/Developer/Xcode/DerivedData/Notch-ddzsfiyxyoauidejndllmosklbkq/SourcePackages/checkouts/posthog-ios/vendor/libwebp/dec_sse41.c -o /Users/jasonlee/Library/Developer/Xcode/DerivedData/Notch-ddzsfiyxyoauidejndllmosklbkq/Build/Intermediates.noindex/PostHog.build/Release/phlibwebp.build/Objects-normal/x86_64/dec_sse41.o

ScanDependencies /Users/jasonlee/Library/Developer/Xcode/DerivedData/Notch-ddzsfiyxyoauidejndllmosklbkq/Build/Intermediates.noindex/PostHog.build/Release/phlibwebp.build/Objects-normal/x86_64/dec_sse2.o /Users/jasonlee/Library/Developer/Xcode/DerivedData/Notch-ddzsfiyxyoauidejndllmosklbkq/SourcePackages/checkouts/posthog-ios/vendor/libwebp/dec_sse2.c normal x86_64 c com.apple.compilers.llvm.clang.1_0.compiler (in target 'phlibwebp' from project 'PostHog')
    cd /Users/jasonlee/Coding/App/Notch/Notch.xcodeproj
    
    Using response file: /Users/jasonlee/Library/Developer/Xcode/DerivedData/Notch-ddzsfiyxyoauidejndllmosklbkq/Build/Intermediates.noindex/PostHog.build/Release/phlibwebp.build/Objects-normal/x86_64/7187679823f38a2a940e0043cdf9d637-common-args.resp
    
    builtin-ScanDependencies -o /Users/jasonlee/Library/Developer/Xcode/DerivedData/Notch-ddzsfiyxyoauidejndllmosklbkq/Build/Intermediates.noindex/PostHog.build/Release/phlibwebp.build/Objects-normal/x86_64/dec_sse2.o.scan -- /Applications/Xcode.app/Contents/Developer/Toolchains/XcodeDefault.xctoolchain/usr/bin/clang -x c -ivfsstatcache /Users/jasonlee/Library/Developer/Xcode/DerivedData/SDKStatCaches.noindex/macosx26.4-25E251-30f9ca8789b706f8bd3fc906a70d770f.sdkstatcache -target x86_64-apple-macos10.15 -fmessage-length\=0 -fdiagnostics-show-note-include-stack -fmacro-backtrace-limit\=0 -fno-color-diagnostics -fmodules-prune-interval\=86400 -fmodules-prune-after\=345600 -fbuild-session-file\=/Users/jasonlee/Library/Developer/Xcode/DerivedData/ModuleCache.noindex/Session.modulevalidation -fmodules-validate-once-per-build-session -Wnon-modular-include-in-framework-module -Werror\=non-modular-include-in-framework-module -Wno-trigraphs -Wno-missing-field-initializers -Wno-missing-prototypes -Wno-return-type -Wno-missing-braces -Wparentheses -Wswitch -Wno-unused-function -Wno-unused-label -Wno-unused-parameter -Wno-unused-variable -Wunused-value -Wno-empty-body -Wno-uninitialized -Wno-unknown-pragmas -w -Wno-shadow -Wno-four-char-constants -Wno-conversion -Wno-constant-conversion -Wno-int-conversion -Wno-bool-conversion -Wno-enum-conversion -Wno-float-conversion -Wno-non-literal-null-conversion -Wno-objc-literal-conversion -Wshorten-64-to-32 -Wpointer-sign -Wno-newline-eof -Wno-implicit-fallthrough -isysroot /Applications/Xcode.app/Contents/Developer/Platforms/MacOSX.platform/Developer/SDKs/MacOSX26.4.sdk -fstrict-aliasing -Wdeprecated-declarations -Wno-sign-conversion -Wno-infinite-recursion -Wno-comma -Wno-block-capture-autoreleasing -Wno-strict-prototypes -Wno-semicolon-before-method-body @/Users/jasonlee/Library/Developer/Xcode/DerivedData/Notch-ddzsfiyxyoauidejndllmosklbkq/Build/Intermediates.noindex/PostHog.build/Release/phlibwebp.build/Objects-normal/x86_64/7187679823f38a2a940e0043cdf9d637-common-args.resp -MMD -MT dependencies -MF /Users/jasonlee/Library/Developer/Xcode/DerivedData/Notch-ddzsfiyxyoauidejndllmosklbkq/Build/Intermediates.noindex/PostHog.build/Release/phlibwebp.build/Objects-normal/x86_64/dec_sse2.d --serialize-diagnostics /Users/jasonlee/Library/Developer/Xcode/DerivedData/Notch-ddzsfiyxyoauidejndllmosklbkq/Build/Intermediates.noindex/PostHog.build/Release/phlibwebp.build/Objects-normal/x86_64/dec_sse2.dia -c /Users/jasonlee/Library/Developer/Xcode/DerivedData/Notch-ddzsfiyxyoauidejndllmosklbkq/SourcePackages/checkouts/posthog-ios/vendor/libwebp/dec_sse2.c -o /Users/jasonlee/Library/Developer/Xcode/DerivedData/Notch-ddzsfiyxyoauidejndllmosklbkq/Build/Intermediates.noindex/PostHog.build/Release/phlibwebp.build/Objects-normal/x86_64/dec_sse2.o

ScanDependencies /Users/jasonlee/Library/Developer/Xcode/DerivedData/Notch-ddzsfiyxyoauidejndllmosklbkq/Build/Intermediates.noindex/PostHog.build/Release/phlibwebp.build/Objects-normal/x86_64/dec_neon.o /Users/jasonlee/Library/Developer/Xcode/DerivedData/Notch-ddzsfiyxyoauidejndllmosklbkq/SourcePackages/checkouts/posthog-ios/vendor/libwebp/dec_neon.c normal x86_64 c com.apple.compilers.llvm.clang.1_0.compiler (in target 'phlibwebp' from project 'PostHog')
    cd /Users/jasonlee/Coding/App/Notch/Notch.xcodeproj
    
    Using response file: /Users/jasonlee/Library/Developer/Xcode/DerivedData/Notch-ddzsfiyxyoauidejndllmosklbkq/Build/Intermediates.noindex/PostHog.build/Release/phlibwebp.build/Objects-normal/x86_64/7187679823f38a2a940e0043cdf9d637-common-args.resp
    
    builtin-ScanDependencies -o /Users/jasonlee/Library/Developer/Xcode/DerivedData/Notch-ddzsfiyxyoauidejndllmosklbkq/Build/Intermediates.noindex/PostHog.build/Release/phlibwebp.build/Objects-normal/x86_64/dec_neon.o.scan -- /Applications/Xcode.app/Contents/Developer/Toolchains/XcodeDefault.xctoolchain/usr/bin/clang -x c -ivfsstatcache /Users/jasonlee/Library/Developer/Xcode/DerivedData/SDKStatCaches.noindex/macosx26.4-25E251-30f9ca8789b706f8bd3fc906a70d770f.sdkstatcache -target x86_64-apple-macos10.15 -fmessage-length\=0 -fdiagnostics-show-note-include-stack -fmacro-backtrace-limit\=0 -fno-color-diagnostics -fmodules-prune-interval\=86400 -fmodules-prune-after\=345600 -fbuild-session-file\=/Users/jasonlee/Library/Developer/Xcode/DerivedData/ModuleCache.noindex/Session.modulevalidation -fmodules-validate-once-per-build-session -Wnon-modular-include-in-framework-module -Werror\=non-modular-include-in-framework-module -Wno-trigraphs -Wno-missing-field-initializers -Wno-missing-prototypes -Wno-return-type -Wno-missing-braces -Wparentheses -Wswitch -Wno-unused-function -Wno-unused-label -Wno-unused-parameter -Wno-unused-variable -Wunused-value -Wno-empty-body -Wno-uninitialized -Wno-unknown-pragmas -w -Wno-shadow -Wno-four-char-constants -Wno-conversion -Wno-constant-conversion -Wno-int-conversion -Wno-bool-conversion -Wno-enum-conversion -Wno-float-conversion -Wno-non-literal-null-conversion -Wno-objc-literal-conversion -Wshorten-64-to-32 -Wpointer-sign -Wno-newline-eof -Wno-implicit-fallthrough -isysroot /Applications/Xcode.app/Contents/Developer/Platforms/MacOSX.platform/Developer/SDKs/MacOSX26.4.sdk -fstrict-aliasing -Wdeprecated-declarations -Wno-sign-conversion -Wno-infinite-recursion -Wno-comma -Wno-block-capture-autoreleasing -Wno-strict-prototypes -Wno-semicolon-before-method-body @/Users/jasonlee/Library/Developer/Xcode/DerivedData/Notch-ddzsfiyxyoauidejndllmosklbkq/Build/Intermediates.noindex/PostHog.build/Release/phlibwebp.build/Objects-normal/x86_64/7187679823f38a2a940e0043cdf9d637-common-args.resp -MMD -MT dependencies -MF /Users/jasonlee/Library/Developer/Xcode/DerivedData/Notch-ddzsfiyxyoauidejndllmosklbkq/Build/Intermediates.noindex/PostHog.build/Release/phlibwebp.build/Objects-normal/x86_64/dec_neon.d --serialize-diagnostics /Users/jasonlee/Library/Developer/Xcode/DerivedData/Notch-ddzsfiyxyoauidejndllmosklbkq/Build/Intermediates.noindex/PostHog.build/Release/phlibwebp.build/Objects-normal/x86_64/dec_neon.dia -c /Users/jasonlee/Library/Developer/Xcode/DerivedData/Notch-ddzsfiyxyoauidejndllmosklbkq/SourcePackages/checkouts/posthog-ios/vendor/libwebp/dec_neon.c -o /Users/jasonlee/Library/Developer/Xcode/DerivedData/Notch-ddzsfiyxyoauidejndllmosklbkq/Build/Intermediates.noindex/PostHog.build/Release/phlibwebp.build/Objects-normal/x86_64/dec_neon.o

ScanDependencies /Users/jasonlee/Library/Developer/Xcode/DerivedData/Notch-ddzsfiyxyoauidejndllmosklbkq/Build/Intermediates.noindex/PostHog.build/Release/phlibwebp.build/Objects-normal/x86_64/dec_clip_tables.o /Users/jasonlee/Library/Developer/Xcode/DerivedData/Notch-ddzsfiyxyoauidejndllmosklbkq/SourcePackages/checkouts/posthog-ios/vendor/libwebp/dec_clip_tables.c normal x86_64 c com.apple.compilers.llvm.clang.1_0.compiler (in target 'phlibwebp' from project 'PostHog')
    cd /Users/jasonlee/Coding/App/Notch/Notch.xcodeproj
    
    Using response file: /Users/jasonlee/Library/Developer/Xcode/DerivedData/Notch-ddzsfiyxyoauidejndllmosklbkq/Build/Intermediates.noindex/PostHog.build/Release/phlibwebp.build/Objects-normal/x86_64/7187679823f38a2a940e0043cdf9d637-common-args.resp
    
    builtin-ScanDependencies -o /Users/jasonlee/Library/Developer/Xcode/DerivedData/Notch-ddzsfiyxyoauidejndllmosklbkq/Build/Intermediates.noindex/PostHog.build/Release/phlibwebp.build/Objects-normal/x86_64/dec_clip_tables.o.scan -- /Applications/Xcode.app/Contents/Developer/Toolchains/XcodeDefault.xctoolchain/usr/bin/clang -x c -ivfsstatcache /Users/jasonlee/Library/Developer/Xcode/DerivedData/SDKStatCaches.noindex/macosx26.4-25E251-30f9ca8789b706f8bd3fc906a70d770f.sdkstatcache -target x86_64-apple-macos10.15 -fmessage-length\=0 -fdiagnostics-show-note-include-stack -fmacro-backtrace-limit\=0 -fno-color-diagnostics -fmodules-prune-interval\=86400 -fmodules-prune-after\=345600 -fbuild-session-file\=/Users/jasonlee/Library/Developer/Xcode/DerivedData/ModuleCache.noindex/Session.modulevalidation -fmodules-validate-once-per-build-session -Wnon-modular-include-in-framework-module -Werror\=non-modular-include-in-framework-module -Wno-trigraphs -Wno-missing-field-initializers -Wno-missing-prototypes -Wno-return-type -Wno-missing-braces -Wparentheses -Wswitch -Wno-unused-function -Wno-unused-label -Wno-unused-parameter -Wno-unused-variable -Wunused-value -Wno-empty-body -Wno-uninitialized -Wno-unknown-pragmas -w -Wno-shadow -Wno-four-char-constants -Wno-conversion -Wno-constant-conversion -Wno-int-conversion -Wno-bool-conversion -Wno-enum-conversion -Wno-float-conversion -Wno-non-literal-null-conversion -Wno-objc-literal-conversion -Wshorten-64-to-32 -Wpointer-sign -Wno-newline-eof -Wno-implicit-fallthrough -isysroot /Applications/Xcode.app/Contents/Developer/Platforms/MacOSX.platform/Developer/SDKs/MacOSX26.4.sdk -fstrict-aliasing -Wdeprecated-declarations -Wno-sign-conversion -Wno-infinite-recursion -Wno-comma -Wno-block-capture-autoreleasing -Wno-strict-prototypes -Wno-semicolon-before-method-body @/Users/jasonlee/Library/Developer/Xcode/DerivedData/Notch-ddzsfiyxyoauidejndllmosklbkq/Build/Intermediates.noindex/PostHog.build/Release/phlibwebp.build/Objects-normal/x86_64/7187679823f38a2a940e0043cdf9d637-common-args.resp -MMD -MT dependencies -MF /Users/jasonlee/Library/Developer/Xcode/DerivedData/Notch-ddzsfiyxyoauidejndllmosklbkq/Build/Intermediates.noindex/PostHog.build/Release/phlibwebp.build/Objects-normal/x86_64/dec_clip_tables.d --serialize-diagnostics /Users/jasonlee/Library/Developer/Xcode/DerivedData/Notch-ddzsfiyxyoauidejndllmosklbkq/Build/Intermediates.noindex/PostHog.build/Release/phlibwebp.build/Objects-normal/x86_64/dec_clip_tables.dia -c /Users/jasonlee/Library/Developer/Xcode/DerivedData/Notch-ddzsfiyxyoauidejndllmosklbkq/SourcePackages/checkouts/posthog-ios/vendor/libwebp/dec_clip_tables.c -o /Users/jasonlee/Library/Developer/Xcode/DerivedData/Notch-ddzsfiyxyoauidejndllmosklbkq/Build/Intermediates.noindex/PostHog.build/Release/phlibwebp.build/Objects-normal/x86_64/dec_clip_tables.o

ScanDependencies /Users/jasonlee/Library/Developer/Xcode/DerivedData/Notch-ddzsfiyxyoauidejndllmosklbkq/Build/Intermediates.noindex/PostHog.build/Release/phlibwebp.build/Objects-normal/x86_64/dec.o /Users/jasonlee/Library/Developer/Xcode/DerivedData/Notch-ddzsfiyxyoauidejndllmosklbkq/SourcePackages/checkouts/posthog-ios/vendor/libwebp/dec.c normal x86_64 c com.apple.compilers.llvm.clang.1_0.compiler (in target 'phlibwebp' from project 'PostHog')
    cd /Users/jasonlee/Coding/App/Notch/Notch.xcodeproj
    
    Using response file: /Users/jasonlee/Library/Developer/Xcode/DerivedData/Notch-ddzsfiyxyoauidejndllmosklbkq/Build/Intermediates.noindex/PostHog.build/Release/phlibwebp.build/Objects-normal/x86_64/7187679823f38a2a940e0043cdf9d637-common-args.resp
    
    builtin-ScanDependencies -o /Users/jasonlee/Library/Developer/Xcode/DerivedData/Notch-ddzsfiyxyoauidejndllmosklbkq/Build/Intermediates.noindex/PostHog.build/Release/phlibwebp.build/Objects-normal/x86_64/dec.o.scan -- /Applications/Xcode.app/Contents/Developer/Toolchains/XcodeDefault.xctoolchain/usr/bin/clang -x c -ivfsstatcache /Users/jasonlee/Library/Developer/Xcode/DerivedData/SDKStatCaches.noindex/macosx26.4-25E251-30f9ca8789b706f8bd3fc906a70d770f.sdkstatcache -target x86_64-apple-macos10.15 -fmessage-length\=0 -fdiagnostics-show-note-include-stack -fmacro-backtrace-limit\=0 -fno-color-diagnostics -fmodules-prune-interval\=86400 -fmodules-prune-after\=345600 -fbuild-session-file\=/Users/jasonlee/Library/Developer/Xcode/DerivedData/ModuleCache.noindex/Session.modulevalidation -fmodules-validate-once-per-build-session -Wnon-modular-include-in-framework-module -Werror\=non-modular-include-in-framework-module -Wno-trigraphs -Wno-missing-field-initializers -Wno-missing-prototypes -Wno-return-type -Wno-missing-braces -Wparentheses -Wswitch -Wno-unused-function -Wno-unused-label -Wno-unused-parameter -Wno-unused-variable -Wunused-value -Wno-empty-body -Wno-uninitialized -Wno-unknown-pragmas -w -Wno-shadow -Wno-four-char-constants -Wno-conversion -Wno-constant-conversion -Wno-int-conversion -Wno-bool-conversion -Wno-enum-conversion -Wno-float-conversion -Wno-non-literal-null-conversion -Wno-objc-literal-conversion -Wshorten-64-to-32 -Wpointer-sign -Wno-newline-eof -Wno-implicit-fallthrough -isysroot /Applications/Xcode.app/Contents/Developer/Platforms/MacOSX.platform/Developer/SDKs/MacOSX26.4.sdk -fstrict-aliasing -Wdeprecated-declarations -Wno-sign-conversion -Wno-infinite-recursion -Wno-comma -Wno-block-capture-autoreleasing -Wno-strict-prototypes -Wno-semicolon-before-method-body @/Users/jasonlee/Library/Developer/Xcode/DerivedData/Notch-ddzsfiyxyoauidejndllmosklbkq/Build/Intermediates.noindex/PostHog.build/Release/phlibwebp.build/Objects-normal/x86_64/7187679823f38a2a940e0043cdf9d637-common-args.resp -MMD -MT dependencies -MF /Users/jasonlee/Library/Developer/Xcode/DerivedData/Notch-ddzsfiyxyoauidejndllmosklbkq/Build/Intermediates.noindex/PostHog.build/Release/phlibwebp.build/Objects-normal/x86_64/dec.d --serialize-diagnostics /Users/jasonlee/Library/Developer/Xcode/DerivedData/Notch-ddzsfiyxyoauidejndllmosklbkq/Build/Intermediates.noindex/PostHog.build/Release/phlibwebp.build/Objects-normal/x86_64/dec.dia -c /Users/jasonlee/Library/Developer/Xcode/DerivedData/Notch-ddzsfiyxyoauidejndllmosklbkq/SourcePackages/checkouts/posthog-ios/vendor/libwebp/dec.c -o /Users/jasonlee/Library/Developer/Xcode/DerivedData/Notch-ddzsfiyxyoauidejndllmosklbkq/Build/Intermediates.noindex/PostHog.build/Release/phlibwebp.build/Objects-normal/x86_64/dec.o

CompileC /Users/jasonlee/Library/Developer/Xcode/DerivedData/Notch-ddzsfiyxyoauidejndllmosklbkq/Build/Intermediates.noindex/PostHog.build/Release/phlibwebp.build/Objects-normal/x86_64/dec_sse41.o /Users/jasonlee/Library/Developer/Xcode/DerivedData/Notch-ddzsfiyxyoauidejndllmosklbkq/SourcePackages/checkouts/posthog-ios/vendor/libwebp/dec_sse41.c normal x86_64 c com.apple.compilers.llvm.clang.1_0.compiler (in target 'phlibwebp' from project 'PostHog')
    cd /Users/jasonlee/Coding/App/Notch/Notch.xcodeproj
    
    Using response file: /Users/jasonlee/Library/Developer/Xcode/DerivedData/Notch-ddzsfiyxyoauidejndllmosklbkq/Build/Intermediates.noindex/PostHog.build/Release/phlibwebp.build/Objects-normal/x86_64/7187679823f38a2a940e0043cdf9d637-common-args.resp
    
    /Applications/Xcode.app/Contents/Developer/Toolchains/XcodeDefault.xctoolchain/usr/bin/clang -x c -ivfsstatcache /Users/jasonlee/Library/Developer/Xcode/DerivedData/SDKStatCaches.noindex/macosx26.4-25E251-30f9ca8789b706f8bd3fc906a70d770f.sdkstatcache -target x86_64-apple-macos10.15 -fmessage-length\=0 -fdiagnostics-show-note-include-stack -fmacro-backtrace-limit\=0 -fno-color-diagnostics -fmodules-prune-interval\=86400 -fmodules-prune-after\=345600 -fbuild-session-file\=/Users/jasonlee/Library/Developer/Xcode/DerivedData/ModuleCache.noindex/Session.modulevalidation -fmodules-validate-once-per-build-session -Wnon-modular-include-in-framework-module -Werror\=non-modular-include-in-framework-module -Wno-trigraphs -Wno-missing-field-initializers -Wno-missing-prototypes -Wno-return-type -Wno-missing-braces -Wparentheses -Wswitch -Wno-unused-function -Wno-unused-label -Wno-unused-parameter -Wno-unused-variable -Wunused-value -Wno-empty-body -Wno-uninitialized -Wno-unknown-pragmas -w -Wno-shadow -Wno-four-char-constants -Wno-conversion -Wno-constant-conversion -Wno-int-conversion -Wno-bool-conversion -Wno-enum-conversion -Wno-float-conversion -Wno-non-literal-null-conversion -Wno-objc-literal-conversion -Wshorten-64-to-32 -Wpointer-sign -Wno-newline-eof -Wno-implicit-fallthrough -isysroot /Applications/Xcode.app/Contents/Developer/Platforms/MacOSX.platform/Developer/SDKs/MacOSX26.4.sdk -fstrict-aliasing -Wdeprecated-declarations -Wno-sign-conversion -Wno-infinite-recursion -Wno-comma -Wno-block-capture-autoreleasing -Wno-strict-prototypes -Wno-semicolon-before-method-body @/Users/jasonlee/Library/Developer/Xcode/DerivedData/Notch-ddzsfiyxyoauidejndllmosklbkq/Build/Intermediates.noindex/PostHog.build/Release/phlibwebp.build/Objects-normal/x86_64/7187679823f38a2a940e0043cdf9d637-common-args.resp -MMD -MT dependencies -MF /Users/jasonlee/Library/Developer/Xcode/DerivedData/Notch-ddzsfiyxyoauidejndllmosklbkq/Build/Intermediates.noindex/PostHog.build/Release/phlibwebp.build/Objects-normal/x86_64/dec_sse41.d --serialize-diagnostics /Users/jasonlee/Library/Developer/Xcode/DerivedData/Notch-ddzsfiyxyoauidejndllmosklbkq/Build/Intermediates.noindex/PostHog.build/Release/phlibwebp.build/Objects-normal/x86_64/dec_sse41.dia -c /Users/jasonlee/Library/Developer/Xcode/DerivedData/Notch-ddzsfiyxyoauidejndllmosklbkq/SourcePackages/checkouts/posthog-ios/vendor/libwebp/dec_sse41.c -o /Users/jasonlee/Library/Developer/Xcode/DerivedData/Notch-ddzsfiyxyoauidejndllmosklbkq/Build/Intermediates.noindex/PostHog.build/Release/phlibwebp.build/Objects-normal/x86_64/dec_sse41.o

ScanDependencies /Users/jasonlee/Library/Developer/Xcode/DerivedData/Notch-ddzsfiyxyoauidejndllmosklbkq/Build/Intermediates.noindex/PostHog.build/Release/phlibwebp.build/Objects-normal/x86_64/cpu.o /Users/jasonlee/Library/Developer/Xcode/DerivedData/Notch-ddzsfiyxyoauidejndllmosklbkq/SourcePackages/checkouts/posthog-ios/vendor/libwebp/cpu.c normal x86_64 c com.apple.compilers.llvm.clang.1_0.compiler (in target 'phlibwebp' from project 'PostHog')
    cd /Users/jasonlee/Coding/App/Notch/Notch.xcodeproj
    
    Using response file: /Users/jasonlee/Library/Developer/Xcode/DerivedData/Notch-ddzsfiyxyoauidejndllmosklbkq/Build/Intermediates.noindex/PostHog.build/Release/phlibwebp.build/Objects-normal/x86_64/7187679823f38a2a940e0043cdf9d637-common-args.resp
    
    builtin-ScanDependencies -o /Users/jasonlee/Library/Developer/Xcode/DerivedData/Notch-ddzsfiyxyoauidejndllmosklbkq/Build/Intermediates.noindex/PostHog.build/Release/phlibwebp.build/Objects-normal/x86_64/cpu.o.scan -- /Applications/Xcode.app/Contents/Developer/Toolchains/XcodeDefault.xctoolchain/usr/bin/clang -x c -ivfsstatcache /Users/jasonlee/Library/Developer/Xcode/DerivedData/SDKStatCaches.noindex/macosx26.4-25E251-30f9ca8789b706f8bd3fc906a70d770f.sdkstatcache -target x86_64-apple-macos10.15 -fmessage-length\=0 -fdiagnostics-show-note-include-stack -fmacro-backtrace-limit\=0 -fno-color-diagnostics -fmodules-prune-interval\=86400 -fmodules-prune-after\=345600 -fbuild-session-file\=/Users/jasonlee/Library/Developer/Xcode/DerivedData/ModuleCache.noindex/Session.modulevalidation -fmodules-validate-once-per-build-session -Wnon-modular-include-in-framework-module -Werror\=non-modular-include-in-framework-module -Wno-trigraphs -Wno-missing-field-initializers -Wno-missing-prototypes -Wno-return-type -Wno-missing-braces -Wparentheses -Wswitch -Wno-unused-function -Wno-unused-label -Wno-unused-parameter -Wno-unused-variable -Wunused-value -Wno-empty-body -Wno-uninitialized -Wno-unknown-pragmas -w -Wno-shadow -Wno-four-char-constants -Wno-conversion -Wno-constant-conversion -Wno-int-conversion -Wno-bool-conversion -Wno-enum-conversion -Wno-float-conversion -Wno-non-literal-null-conversion -Wno-objc-literal-conversion -Wshorten-64-to-32 -Wpointer-sign -Wno-newline-eof -Wno-implicit-fallthrough -isysroot /Applications/Xcode.app/Contents/Developer/Platforms/MacOSX.platform/Developer/SDKs/MacOSX26.4.sdk -fstrict-aliasing -Wdeprecated-declarations -Wno-sign-conversion -Wno-infinite-recursion -Wno-comma -Wno-block-capture-autoreleasing -Wno-strict-prototypes -Wno-semicolon-before-method-body @/Users/jasonlee/Library/Developer/Xcode/DerivedData/Notch-ddzsfiyxyoauidejndllmosklbkq/Build/Intermediates.noindex/PostHog.build/Release/phlibwebp.build/Objects-normal/x86_64/7187679823f38a2a940e0043cdf9d637-common-args.resp -MMD -MT dependencies -MF /Users/jasonlee/Library/Developer/Xcode/DerivedData/Notch-ddzsfiyxyoauidejndllmosklbkq/Build/Intermediates.noindex/PostHog.build/Release/phlibwebp.build/Objects-normal/x86_64/cpu.d --serialize-diagnostics /Users/jasonlee/Library/Developer/Xcode/DerivedData/Notch-ddzsfiyxyoauidejndllmosklbkq/Build/Intermediates.noindex/PostHog.build/Release/phlibwebp.build/Objects-normal/x86_64/cpu.dia -c /Users/jasonlee/Library/Developer/Xcode/DerivedData/Notch-ddzsfiyxyoauidejndllmosklbkq/SourcePackages/checkouts/posthog-ios/vendor/libwebp/cpu.c -o /Users/jasonlee/Library/Developer/Xcode/DerivedData/Notch-ddzsfiyxyoauidejndllmosklbkq/Build/Intermediates.noindex/PostHog.build/Release/phlibwebp.build/Objects-normal/x86_64/cpu.o

ScanDependencies /Users/jasonlee/Library/Developer/Xcode/DerivedData/Notch-ddzsfiyxyoauidejndllmosklbkq/Build/Intermediates.noindex/PostHog.build/Release/phlibwebp.build/Objects-normal/x86_64/cost_sse2.o /Users/jasonlee/Library/Developer/Xcode/DerivedData/Notch-ddzsfiyxyoauidejndllmosklbkq/SourcePackages/checkouts/posthog-ios/vendor/libwebp/cost_sse2.c normal x86_64 c com.apple.compilers.llvm.clang.1_0.compiler (in target 'phlibwebp' from project 'PostHog')
    cd /Users/jasonlee/Coding/App/Notch/Notch.xcodeproj
    
    Using response file: /Users/jasonlee/Library/Developer/Xcode/DerivedData/Notch-ddzsfiyxyoauidejndllmosklbkq/Build/Intermediates.noindex/PostHog.build/Release/phlibwebp.build/Objects-normal/x86_64/7187679823f38a2a940e0043cdf9d637-common-args.resp
    
    builtin-ScanDependencies -o /Users/jasonlee/Library/Developer/Xcode/DerivedData/Notch-ddzsfiyxyoauidejndllmosklbkq/Build/Intermediates.noindex/PostHog.build/Release/phlibwebp.build/Objects-normal/x86_64/cost_sse2.o.scan -- /Applications/Xcode.app/Contents/Developer/Toolchains/XcodeDefault.xctoolchain/usr/bin/clang -x c -ivfsstatcache /Users/jasonlee/Library/Developer/Xcode/DerivedData/SDKStatCaches.noindex/macosx26.4-25E251-30f9ca8789b706f8bd3fc906a70d770f.sdkstatcache -target x86_64-apple-macos10.15 -fmessage-length\=0 -fdiagnostics-show-note-include-stack -fmacro-backtrace-limit\=0 -fno-color-diagnostics -fmodules-prune-interval\=86400 -fmodules-prune-after\=345600 -fbuild-session-file\=/Users/jasonlee/Library/Developer/Xcode/DerivedData/ModuleCache.noindex/Session.modulevalidation -fmodules-validate-once-per-build-session -Wnon-modular-include-in-framework-module -Werror\=non-modular-include-in-framework-module -Wno-trigraphs -Wno-missing-field-initializers -Wno-missing-prototypes -Wno-return-type -Wno-missing-braces -Wparentheses -Wswitch -Wno-unused-function -Wno-unused-label -Wno-unused-parameter -Wno-unused-variable -Wunused-value -Wno-empty-body -Wno-uninitialized -Wno-unknown-pragmas -w -Wno-shadow -Wno-four-char-constants -Wno-conversion -Wno-constant-conversion -Wno-int-conversion -Wno-bool-conversion -Wno-enum-conversion -Wno-float-conversion -Wno-non-literal-null-conversion -Wno-objc-literal-conversion -Wshorten-64-to-32 -Wpointer-sign -Wno-newline-eof -Wno-implicit-fallthrough -isysroot /Applications/Xcode.app/Contents/Developer/Platforms/MacOSX.platform/Developer/SDKs/MacOSX26.4.sdk -fstrict-aliasing -Wdeprecated-declarations -Wno-sign-conversion -Wno-infinite-recursion -Wno-comma -Wno-block-capture-autoreleasing -Wno-strict-prototypes -Wno-semicolon-before-method-body @/Users/jasonlee/Library/Developer/Xcode/DerivedData/Notch-ddzsfiyxyoauidejndllmosklbkq/Build/Intermediates.noindex/PostHog.build/Release/phlibwebp.build/Objects-normal/x86_64/7187679823f38a2a940e0043cdf9d637-common-args.resp -MMD -MT dependencies -MF /Users/jasonlee/Library/Developer/Xcode/DerivedData/Notch-ddzsfiyxyoauidejndllmosklbkq/Build/Intermediates.noindex/PostHog.build/Release/phlibwebp.build/Objects-normal/x86_64/cost_sse2.d --serialize-diagnostics /Users/jasonlee/Library/Developer/Xcode/DerivedData/Notch-ddzsfiyxyoauidejndllmosklbkq/Build/Intermediates.noindex/PostHog.build/Release/phlibwebp.build/Objects-normal/x86_64/cost_sse2.dia -c /Users/jasonlee/Library/Developer/Xcode/DerivedData/Notch-ddzsfiyxyoauidejndllmosklbkq/SourcePackages/checkouts/posthog-ios/vendor/libwebp/cost_sse2.c -o /Users/jasonlee/Library/Developer/Xcode/DerivedData/Notch-ddzsfiyxyoauidejndllmosklbkq/Build/Intermediates.noindex/PostHog.build/Release/phlibwebp.build/Objects-normal/x86_64/cost_sse2.o

CompileC /Users/jasonlee/Library/Developer/Xcode/DerivedData/Notch-ddzsfiyxyoauidejndllmosklbkq/Build/Intermediates.noindex/PostHog.build/Release/phlibwebp.build/Objects-normal/x86_64/dec_sse2.o /Users/jasonlee/Library/Developer/Xcode/DerivedData/Notch-ddzsfiyxyoauidejndllmosklbkq/SourcePackages/checkouts/posthog-ios/vendor/libwebp/dec_sse2.c normal x86_64 c com.apple.compilers.llvm.clang.1_0.compiler (in target 'phlibwebp' from project 'PostHog')
    cd /Users/jasonlee/Coding/App/Notch/Notch.xcodeproj
    
    Using response file: /Users/jasonlee/Library/Developer/Xcode/DerivedData/Notch-ddzsfiyxyoauidejndllmosklbkq/Build/Intermediates.noindex/PostHog.build/Release/phlibwebp.build/Objects-normal/x86_64/7187679823f38a2a940e0043cdf9d637-common-args.resp
    
    /Applications/Xcode.app/Contents/Developer/Toolchains/XcodeDefault.xctoolchain/usr/bin/clang -x c -ivfsstatcache /Users/jasonlee/Library/Developer/Xcode/DerivedData/SDKStatCaches.noindex/macosx26.4-25E251-30f9ca8789b706f8bd3fc906a70d770f.sdkstatcache -target x86_64-apple-macos10.15 -fmessage-length\=0 -fdiagnostics-show-note-include-stack -fmacro-backtrace-limit\=0 -fno-color-diagnostics -fmodules-prune-interval\=86400 -fmodules-prune-after\=345600 -fbuild-session-file\=/Users/jasonlee/Library/Developer/Xcode/DerivedData/ModuleCache.noindex/Session.modulevalidation -fmodules-validate-once-per-build-session -Wnon-modular-include-in-framework-module -Werror\=non-modular-include-in-framework-module -Wno-trigraphs -Wno-missing-field-initializers -Wno-missing-prototypes -Wno-return-type -Wno-missing-braces -Wparentheses -Wswitch -Wno-unused-function -Wno-unused-label -Wno-unused-parameter -Wno-unused-variable -Wunused-value -Wno-empty-body -Wno-uninitialized -Wno-unknown-pragmas -w -Wno-shadow -Wno-four-char-constants -Wno-conversion -Wno-constant-conversion -Wno-int-conversion -Wno-bool-conversion -Wno-enum-conversion -Wno-float-conversion -Wno-non-literal-null-conversion -Wno-objc-literal-conversion -Wshorten-64-to-32 -Wpointer-sign -Wno-newline-eof -Wno-implicit-fallthrough -isysroot /Applications/Xcode.app/Contents/Developer/Platforms/MacOSX.platform/Developer/SDKs/MacOSX26.4.sdk -fstrict-aliasing -Wdeprecated-declarations -Wno-sign-conversion -Wno-infinite-recursion -Wno-comma -Wno-block-capture-autoreleasing -Wno-strict-prototypes -Wno-semicolon-before-method-body @/Users/jasonlee/Library/Developer/Xcode/DerivedData/Notch-ddzsfiyxyoauidejndllmosklbkq/Build/Intermediates.noindex/PostHog.build/Release/phlibwebp.build/Objects-normal/x86_64/7187679823f38a2a940e0043cdf9d637-common-args.resp -MMD -MT dependencies -MF /Users/jasonlee/Library/Developer/Xcode/DerivedData/Notch-ddzsfiyxyoauidejndllmosklbkq/Build/Intermediates.noindex/PostHog.build/Release/phlibwebp.build/Objects-normal/x86_64/dec_sse2.d --serialize-diagnostics /Users/jasonlee/Library/Developer/Xcode/DerivedData/Notch-ddzsfiyxyoauidejndllmosklbkq/Build/Intermediates.noindex/PostHog.build/Release/phlibwebp.build/Objects-normal/x86_64/dec_sse2.dia -c /Users/jasonlee/Library/Developer/Xcode/DerivedData/Notch-ddzsfiyxyoauidejndllmosklbkq/SourcePackages/checkouts/posthog-ios/vendor/libwebp/dec_sse2.c -o /Users/jasonlee/Library/Developer/Xcode/DerivedData/Notch-ddzsfiyxyoauidejndllmosklbkq/Build/Intermediates.noindex/PostHog.build/Release/phlibwebp.build/Objects-normal/x86_64/dec_sse2.o

CompileC /Users/jasonlee/Library/Developer/Xcode/DerivedData/Notch-ddzsfiyxyoauidejndllmosklbkq/Build/Intermediates.noindex/PostHog.build/Release/phlibwebp.build/Objects-normal/x86_64/dec_neon.o /Users/jasonlee/Library/Developer/Xcode/DerivedData/Notch-ddzsfiyxyoauidejndllmosklbkq/SourcePackages/checkouts/posthog-ios/vendor/libwebp/dec_neon.c normal x86_64 c com.apple.compilers.llvm.clang.1_0.compiler (in target 'phlibwebp' from project 'PostHog')
    cd /Users/jasonlee/Coding/App/Notch/Notch.xcodeproj
    
    Using response file: /Users/jasonlee/Library/Developer/Xcode/DerivedData/Notch-ddzsfiyxyoauidejndllmosklbkq/Build/Intermediates.noindex/PostHog.build/Release/phlibwebp.build/Objects-normal/x86_64/7187679823f38a2a940e0043cdf9d637-common-args.resp
    
    /Applications/Xcode.app/Contents/Developer/Toolchains/XcodeDefault.xctoolchain/usr/bin/clang -x c -ivfsstatcache /Users/jasonlee/Library/Developer/Xcode/DerivedData/SDKStatCaches.noindex/macosx26.4-25E251-30f9ca8789b706f8bd3fc906a70d770f.sdkstatcache -target x86_64-apple-macos10.15 -fmessage-length\=0 -fdiagnostics-show-note-include-stack -fmacro-backtrace-limit\=0 -fno-color-diagnostics -fmodules-prune-interval\=86400 -fmodules-prune-after\=345600 -fbuild-session-file\=/Users/jasonlee/Library/Developer/Xcode/DerivedData/ModuleCache.noindex/Session.modulevalidation -fmodules-validate-once-per-build-session -Wnon-modular-include-in-framework-module -Werror\=non-modular-include-in-framework-module -Wno-trigraphs -Wno-missing-field-initializers -Wno-missing-prototypes -Wno-return-type -Wno-missing-braces -Wparentheses -Wswitch -Wno-unused-function -Wno-unused-label -Wno-unused-parameter -Wno-unused-variable -Wunused-value -Wno-empty-body -Wno-uninitialized -Wno-unknown-pragmas -w -Wno-shadow -Wno-four-char-constants -Wno-conversion -Wno-constant-conversion -Wno-int-conversion -Wno-bool-conversion -Wno-enum-conversion -Wno-float-conversion -Wno-non-literal-null-conversion -Wno-objc-literal-conversion -Wshorten-64-to-32 -Wpointer-sign -Wno-newline-eof -Wno-implicit-fallthrough -isysroot /Applications/Xcode.app/Contents/Developer/Platforms/MacOSX.platform/Developer/SDKs/MacOSX26.4.sdk -fstrict-aliasing -Wdeprecated-declarations -Wno-sign-conversion -Wno-infinite-recursion -Wno-comma -Wno-block-capture-autoreleasing -Wno-strict-prototypes -Wno-semicolon-before-method-body @/Users/jasonlee/Library/Developer/Xcode/DerivedData/Notch-ddzsfiyxyoauidejndllmosklbkq/Build/Intermediates.noindex/PostHog.build/Release/phlibwebp.build/Objects-normal/x86_64/7187679823f38a2a940e0043cdf9d637-common-args.resp -MMD -MT dependencies -MF /Users/jasonlee/Library/Developer/Xcode/DerivedData/Notch-ddzsfiyxyoauidejndllmosklbkq/Build/Intermediates.noindex/PostHog.build/Release/phlibwebp.build/Objects-normal/x86_64/dec_neon.d --serialize-diagnostics /Users/jasonlee/Library/Developer/Xcode/DerivedData/Notch-ddzsfiyxyoauidejndllmosklbkq/Build/Intermediates.noindex/PostHog.build/Release/phlibwebp.build/Objects-normal/x86_64/dec_neon.dia -c /Users/jasonlee/Library/Developer/Xcode/DerivedData/Notch-ddzsfiyxyoauidejndllmosklbkq/SourcePackages/checkouts/posthog-ios/vendor/libwebp/dec_neon.c -o /Users/jasonlee/Library/Developer/Xcode/DerivedData/Notch-ddzsfiyxyoauidejndllmosklbkq/Build/Intermediates.noindex/PostHog.build/Release/phlibwebp.build/Objects-normal/x86_64/dec_neon.o

CompileC /Users/jasonlee/Library/Developer/Xcode/DerivedData/Notch-ddzsfiyxyoauidejndllmosklbkq/Build/Intermediates.noindex/PostHog.build/Release/phlibwebp.build/Objects-normal/x86_64/dec_clip_tables.o /Users/jasonlee/Library/Developer/Xcode/DerivedData/Notch-ddzsfiyxyoauidejndllmosklbkq/SourcePackages/checkouts/posthog-ios/vendor/libwebp/dec_clip_tables.c normal x86_64 c com.apple.compilers.llvm.clang.1_0.compiler (in target 'phlibwebp' from project 'PostHog')
    cd /Users/jasonlee/Coding/App/Notch/Notch.xcodeproj
    
    Using response file: /Users/jasonlee/Library/Developer/Xcode/DerivedData/Notch-ddzsfiyxyoauidejndllmosklbkq/Build/Intermediates.noindex/PostHog.build/Release/phlibwebp.build/Objects-normal/x86_64/7187679823f38a2a940e0043cdf9d637-common-args.resp
    
    /Applications/Xcode.app/Contents/Developer/Toolchains/XcodeDefault.xctoolchain/usr/bin/clang -x c -ivfsstatcache /Users/jasonlee/Library/Developer/Xcode/DerivedData/SDKStatCaches.noindex/macosx26.4-25E251-30f9ca8789b706f8bd3fc906a70d770f.sdkstatcache -target x86_64-apple-macos10.15 -fmessage-length\=0 -fdiagnostics-show-note-include-stack -fmacro-backtrace-limit\=0 -fno-color-diagnostics -fmodules-prune-interval\=86400 -fmodules-prune-after\=345600 -fbuild-session-file\=/Users/jasonlee/Library/Developer/Xcode/DerivedData/ModuleCache.noindex/Session.modulevalidation -fmodules-validate-once-per-build-session -Wnon-modular-include-in-framework-module -Werror\=non-modular-include-in-framework-module -Wno-trigraphs -Wno-missing-field-initializers -Wno-missing-prototypes -Wno-return-type -Wno-missing-braces -Wparentheses -Wswitch -Wno-unused-function -Wno-unused-label -Wno-unused-parameter -Wno-unused-variable -Wunused-value -Wno-empty-body -Wno-uninitialized -Wno-unknown-pragmas -w -Wno-shadow -Wno-four-char-constants -Wno-conversion -Wno-constant-conversion -Wno-int-conversion -Wno-bool-conversion -Wno-enum-conversion -Wno-float-conversion -Wno-non-literal-null-conversion -Wno-objc-literal-conversion -Wshorten-64-to-32 -Wpointer-sign -Wno-newline-eof -Wno-implicit-fallthrough -isysroot /Applications/Xcode.app/Contents/Developer/Platforms/MacOSX.platform/Developer/SDKs/MacOSX26.4.sdk -fstrict-aliasing -Wdeprecated-declarations -Wno-sign-conversion -Wno-infinite-recursion -Wno-comma -Wno-block-capture-autoreleasing -Wno-strict-prototypes -Wno-semicolon-before-method-body @/Users/jasonlee/Library/Developer/Xcode/DerivedData/Notch-ddzsfiyxyoauidejndllmosklbkq/Build/Intermediates.noindex/PostHog.build/Release/phlibwebp.build/Objects-normal/x86_64/7187679823f38a2a940e0043cdf9d637-common-args.resp -MMD -MT dependencies -MF /Users/jasonlee/Library/Developer/Xcode/DerivedData/Notch-ddzsfiyxyoauidejndllmosklbkq/Build/Intermediates.noindex/PostHog.build/Release/phlibwebp.build/Objects-normal/x86_64/dec_clip_tables.d --serialize-diagnostics /Users/jasonlee/Library/Developer/Xcode/DerivedData/Notch-ddzsfiyxyoauidejndllmosklbkq/Build/Intermediates.noindex/PostHog.build/Release/phlibwebp.build/Objects-normal/x86_64/dec_clip_tables.dia -c /Users/jasonlee/Library/Developer/Xcode/DerivedData/Notch-ddzsfiyxyoauidejndllmosklbkq/SourcePackages/checkouts/posthog-ios/vendor/libwebp/dec_clip_tables.c -o /Users/jasonlee/Library/Developer/Xcode/DerivedData/Notch-ddzsfiyxyoauidejndllmosklbkq/Build/Intermediates.noindex/PostHog.build/Release/phlibwebp.build/Objects-normal/x86_64/dec_clip_tables.o

CompileC /Users/jasonlee/Library/Developer/Xcode/DerivedData/Notch-ddzsfiyxyoauidejndllmosklbkq/Build/Intermediates.noindex/PostHog.build/Release/phlibwebp.build/Objects-normal/x86_64/dec.o /Users/jasonlee/Library/Developer/Xcode/DerivedData/Notch-ddzsfiyxyoauidejndllmosklbkq/SourcePackages/checkouts/posthog-ios/vendor/libwebp/dec.c normal x86_64 c com.apple.compilers.llvm.clang.1_0.compiler (in target 'phlibwebp' from project 'PostHog')
    cd /Users/jasonlee/Coding/App/Notch/Notch.xcodeproj
    
    Using response file: /Users/jasonlee/Library/Developer/Xcode/DerivedData/Notch-ddzsfiyxyoauidejndllmosklbkq/Build/Intermediates.noindex/PostHog.build/Release/phlibwebp.build/Objects-normal/x86_64/7187679823f38a2a940e0043cdf9d637-common-args.resp
    
    /Applications/Xcode.app/Contents/Developer/Toolchains/XcodeDefault.xctoolchain/usr/bin/clang -x c -ivfsstatcache /Users/jasonlee/Library/Developer/Xcode/DerivedData/SDKStatCaches.noindex/macosx26.4-25E251-30f9ca8789b706f8bd3fc906a70d770f.sdkstatcache -target x86_64-apple-macos10.15 -fmessage-length\=0 -fdiagnostics-show-note-include-stack -fmacro-backtrace-limit\=0 -fno-color-diagnostics -fmodules-prune-interval\=86400 -fmodules-prune-after\=345600 -fbuild-session-file\=/Users/jasonlee/Library/Developer/Xcode/DerivedData/ModuleCache.noindex/Session.modulevalidation -fmodules-validate-once-per-build-session -Wnon-modular-include-in-framework-module -Werror\=non-modular-include-in-framework-module -Wno-trigraphs -Wno-missing-field-initializers -Wno-missing-prototypes -Wno-return-type -Wno-missing-braces -Wparentheses -Wswitch -Wno-unused-function -Wno-unused-label -Wno-unused-parameter -Wno-unused-variable -Wunused-value -Wno-empty-body -Wno-uninitialized -Wno-unknown-pragmas -w -Wno-shadow -Wno-four-char-constants -Wno-conversion -Wno-constant-conversion -Wno-int-conversion -Wno-bool-conversion -Wno-enum-conversion -Wno-float-conversion -Wno-non-literal-null-conversion -Wno-objc-literal-conversion -Wshorten-64-to-32 -Wpointer-sign -Wno-newline-eof -Wno-implicit-fallthrough -isysroot /Applications/Xcode.app/Contents/Developer/Platforms/MacOSX.platform/Developer/SDKs/MacOSX26.4.sdk -fstrict-aliasing -Wdeprecated-declarations -Wno-sign-conversion -Wno-infinite-recursion -Wno-comma -Wno-block-capture-autoreleasing -Wno-strict-prototypes -Wno-semicolon-before-method-body @/Users/jasonlee/Library/Developer/Xcode/DerivedData/Notch-ddzsfiyxyoauidejndllmosklbkq/Build/Intermediates.noindex/PostHog.build/Release/phlibwebp.build/Objects-normal/x86_64/7187679823f38a2a940e0043cdf9d637-common-args.resp -MMD -MT dependencies -MF /Users/jasonlee/Library/Developer/Xcode/DerivedData/Notch-ddzsfiyxyoauidejndllmosklbkq/Build/Intermediates.noindex/PostHog.build/Release/phlibwebp.build/Objects-normal/x86_64/dec.d --serialize-diagnostics /Users/jasonlee/Library/Developer/Xcode/DerivedData/Notch-ddzsfiyxyoauidejndllmosklbkq/Build/Intermediates.noindex/PostHog.build/Release/phlibwebp.build/Objects-normal/x86_64/dec.dia -c /Users/jasonlee/Library/Developer/Xcode/DerivedData/Notch-ddzsfiyxyoauidejndllmosklbkq/SourcePackages/checkouts/posthog-ios/vendor/libwebp/dec.c -o /Users/jasonlee/Library/Developer/Xcode/DerivedData/Notch-ddzsfiyxyoauidejndllmosklbkq/Build/Intermediates.noindex/PostHog.build/Release/phlibwebp.build/Objects-normal/x86_64/dec.o

CompileC /Users/jasonlee/Library/Developer/Xcode/DerivedData/Notch-ddzsfiyxyoauidejndllmosklbkq/Build/Intermediates.noindex/PostHog.build/Release/phlibwebp.build/Objects-normal/x86_64/cpu.o /Users/jasonlee/Library/Developer/Xcode/DerivedData/Notch-ddzsfiyxyoauidejndllmosklbkq/SourcePackages/checkouts/posthog-ios/vendor/libwebp/cpu.c normal x86_64 c com.apple.compilers.llvm.clang.1_0.compiler (in target 'phlibwebp' from project 'PostHog')
    cd /Users/jasonlee/Coding/App/Notch/Notch.xcodeproj
    
    Using response file: /Users/jasonlee/Library/Developer/Xcode/DerivedData/Notch-ddzsfiyxyoauidejndllmosklbkq/Build/Intermediates.noindex/PostHog.build/Release/phlibwebp.build/Objects-normal/x86_64/7187679823f38a2a940e0043cdf9d637-common-args.resp
    
    /Applications/Xcode.app/Contents/Developer/Toolchains/XcodeDefault.xctoolchain/usr/bin/clang -x c -ivfsstatcache /Users/jasonlee/Library/Developer/Xcode/DerivedData/SDKStatCaches.noindex/macosx26.4-25E251-30f9ca8789b706f8bd3fc906a70d770f.sdkstatcache -target x86_64-apple-macos10.15 -fmessage-length\=0 -fdiagnostics-show-note-include-stack -fmacro-backtrace-limit\=0 -fno-color-diagnostics -fmodules-prune-interval\=86400 -fmodules-prune-after\=345600 -fbuild-session-file\=/Users/jasonlee/Library/Developer/Xcode/DerivedData/ModuleCache.noindex/Session.modulevalidation -fmodules-validate-once-per-build-session -Wnon-modular-include-in-framework-module -Werror\=non-modular-include-in-framework-module -Wno-trigraphs -Wno-missing-field-initializers -Wno-missing-prototypes -Wno-return-type -Wno-missing-braces -Wparentheses -Wswitch -Wno-unused-function -Wno-unused-label -Wno-unused-parameter -Wno-unused-variable -Wunused-value -Wno-empty-body -Wno-uninitialized -Wno-unknown-pragmas -w -Wno-shadow -Wno-four-char-constants -Wno-conversion -Wno-constant-conversion -Wno-int-conversion -Wno-bool-conversion -Wno-enum-conversion -Wno-float-conversion -Wno-non-literal-null-conversion -Wno-objc-literal-conversion -Wshorten-64-to-32 -Wpointer-sign -Wno-newline-eof -Wno-implicit-fallthrough -isysroot /Applications/Xcode.app/Contents/Developer/Platforms/MacOSX.platform/Developer/SDKs/MacOSX26.4.sdk -fstrict-aliasing -Wdeprecated-declarations -Wno-sign-conversion -Wno-infinite-recursion -Wno-comma -Wno-block-capture-autoreleasing -Wno-strict-prototypes -Wno-semicolon-before-method-body @/Users/jasonlee/Library/Developer/Xcode/DerivedData/Notch-ddzsfiyxyoauidejndllmosklbkq/Build/Intermediates.noindex/PostHog.build/Release/phlibwebp.build/Objects-normal/x86_64/7187679823f38a2a940e0043cdf9d637-common-args.resp -MMD -MT dependencies -MF /Users/jasonlee/Library/Developer/Xcode/DerivedData/Notch-ddzsfiyxyoauidejndllmosklbkq/Build/Intermediates.noindex/PostHog.build/Release/phlibwebp.build/Objects-normal/x86_64/cpu.d --serialize-diagnostics /Users/jasonlee/Library/Developer/Xcode/DerivedData/Notch-ddzsfiyxyoauidejndllmosklbkq/Build/Intermediates.noindex/PostHog.build/Release/phlibwebp.build/Objects-normal/x86_64/cpu.dia -c /Users/jasonlee/Library/Developer/Xcode/DerivedData/Notch-ddzsfiyxyoauidejndllmosklbkq/SourcePackages/checkouts/posthog-ios/vendor/libwebp/cpu.c -o /Users/jasonlee/Library/Developer/Xcode/DerivedData/Notch-ddzsfiyxyoauidejndllmosklbkq/Build/Intermediates.noindex/PostHog.build/Release/phlibwebp.build/Objects-normal/x86_64/cpu.o

CompileC /Users/jasonlee/Library/Developer/Xcode/DerivedData/Notch-ddzsfiyxyoauidejndllmosklbkq/Build/Intermediates.noindex/PostHog.build/Release/phlibwebp.build/Objects-normal/x86_64/cost_sse2.o /Users/jasonlee/Library/Developer/Xcode/DerivedData/Notch-ddzsfiyxyoauidejndllmosklbkq/SourcePackages/checkouts/posthog-ios/vendor/libwebp/cost_sse2.c normal x86_64 c com.apple.compilers.llvm.clang.1_0.compiler (in target 'phlibwebp' from project 'PostHog')
    cd /Users/jasonlee/Coding/App/Notch/Notch.xcodeproj
    
    Using response file: /Users/jasonlee/Library/Developer/Xcode/DerivedData/Notch-ddzsfiyxyoauidejndllmosklbkq/Build/Intermediates.noindex/PostHog.build/Release/phlibwebp.build/Objects-normal/x86_64/7187679823f38a2a940e0043cdf9d637-common-args.resp
    
    /Applications/Xcode.app/Contents/Developer/Toolchains/XcodeDefault.xctoolchain/usr/bin/clang -x c -ivfsstatcache /Users/jasonlee/Library/Developer/Xcode/DerivedData/SDKStatCaches.noindex/macosx26.4-25E251-30f9ca8789b706f8bd3fc906a70d770f.sdkstatcache -target x86_64-apple-macos10.15 -fmessage-length\=0 -fdiagnostics-show-note-include-stack -fmacro-backtrace-limit\=0 -fno-color-diagnostics -fmodules-prune-interval\=86400 -fmodules-prune-after\=345600 -fbuild-session-file\=/Users/jasonlee/Library/Developer/Xcode/DerivedData/ModuleCache.noindex/Session.modulevalidation -fmodules-validate-once-per-build-session -Wnon-modular-include-in-framework-module -Werror\=non-modular-include-in-framework-module -Wno-trigraphs -Wno-missing-field-initializers -Wno-missing-prototypes -Wno-return-type -Wno-missing-braces -Wparentheses -Wswitch -Wno-unused-function -Wno-unused-label -Wno-unused-parameter -Wno-unused-variable -Wunused-value -Wno-empty-body -Wno-uninitialized -Wno-unknown-pragmas -w -Wno-shadow -Wno-four-char-constants -Wno-conversion -Wno-constant-conversion -Wno-int-conversion -Wno-bool-conversion -Wno-enum-conversion -Wno-float-conversion -Wno-non-literal-null-conversion -Wno-objc-literal-conversion -Wshorten-64-to-32 -Wpointer-sign -Wno-newline-eof -Wno-implicit-fallthrough -isysroot /Applications/Xcode.app/Contents/Developer/Platforms/MacOSX.platform/Developer/SDKs/MacOSX26.4.sdk -fstrict-aliasing -Wdeprecated-declarations -Wno-sign-conversion -Wno-infinite-recursion -Wno-comma -Wno-block-capture-autoreleasing -Wno-strict-prototypes -Wno-semicolon-before-method-body @/Users/jasonlee/Library/Developer/Xcode/DerivedData/Notch-ddzsfiyxyoauidejndllmosklbkq/Build/Intermediates.noindex/PostHog.build/Release/phlibwebp.build/Objects-normal/x86_64/7187679823f38a2a940e0043cdf9d637-common-args.resp -MMD -MT dependencies -MF /Users/jasonlee/Library/Developer/Xcode/DerivedData/Notch-ddzsfiyxyoauidejndllmosklbkq/Build/Intermediates.noindex/PostHog.build/Release/phlibwebp.build/Objects-normal/x86_64/cost_sse2.d --serialize-diagnostics /Users/jasonlee/Library/Developer/Xcode/DerivedData/Notch-ddzsfiyxyoauidejndllmosklbkq/Build/Intermediates.noindex/PostHog.build/Release/phlibwebp.build/Objects-normal/x86_64/cost_sse2.dia -c /Users/jasonlee/Library/Developer/Xcode/DerivedData/Notch-ddzsfiyxyoauidejndllmosklbkq/SourcePackages/checkouts/posthog-ios/vendor/libwebp/cost_sse2.c -o /Users/jasonlee/Library/Developer/Xcode/DerivedData/Notch-ddzsfiyxyoauidejndllmosklbkq/Build/Intermediates.noindex/PostHog.build/Release/phlibwebp.build/Objects-normal/x86_64/cost_sse2.o

ScanDependencies /Users/jasonlee/Library/Developer/Xcode/DerivedData/Notch-ddzsfiyxyoauidejndllmosklbkq/Build/Intermediates.noindex/PostHog.build/Release/phlibwebp.build/Objects-normal/x86_64/cost_neon.o /Users/jasonlee/Library/Developer/Xcode/DerivedData/Notch-ddzsfiyxyoauidejndllmosklbkq/SourcePackages/checkouts/posthog-ios/vendor/libwebp/cost_neon.c normal x86_64 c com.apple.compilers.llvm.clang.1_0.compiler (in target 'phlibwebp' from project 'PostHog')
    cd /Users/jasonlee/Coding/App/Notch/Notch.xcodeproj
    
    Using response file: /Users/jasonlee/Library/Developer/Xcode/DerivedData/Notch-ddzsfiyxyoauidejndllmosklbkq/Build/Intermediates.noindex/PostHog.build/Release/phlibwebp.build/Objects-normal/x86_64/7187679823f38a2a940e0043cdf9d637-common-args.resp
    
    builtin-ScanDependencies -o /Users/jasonlee/Library/Developer/Xcode/DerivedData/Notch-ddzsfiyxyoauidejndllmosklbkq/Build/Intermediates.noindex/PostHog.build/Release/phlibwebp.build/Objects-normal/x86_64/cost_neon.o.scan -- /Applications/Xcode.app/Contents/Developer/Toolchains/XcodeDefault.xctoolchain/usr/bin/clang -x c -ivfsstatcache /Users/jasonlee/Library/Developer/Xcode/DerivedData/SDKStatCaches.noindex/macosx26.4-25E251-30f9ca8789b706f8bd3fc906a70d770f.sdkstatcache -target x86_64-apple-macos10.15 -fmessage-length\=0 -fdiagnostics-show-note-include-stack -fmacro-backtrace-limit\=0 -fno-color-diagnostics -fmodules-prune-interval\=86400 -fmodules-prune-after\=345600 -fbuild-session-file\=/Users/jasonlee/Library/Developer/Xcode/DerivedData/ModuleCache.noindex/Session.modulevalidation -fmodules-validate-once-per-build-session -Wnon-modular-include-in-framework-module -Werror\=non-modular-include-in-framework-module -Wno-trigraphs -Wno-missing-field-initializers -Wno-missing-prototypes -Wno-return-type -Wno-missing-braces -Wparentheses -Wswitch -Wno-unused-function -Wno-unused-label -Wno-unused-parameter -Wno-unused-variable -Wunused-value -Wno-empty-body -Wno-uninitialized -Wno-unknown-pragmas -w -Wno-shadow -Wno-four-char-constants -Wno-conversion -Wno-constant-conversion -Wno-int-conversion -Wno-bool-conversion -Wno-enum-conversion -Wno-float-conversion -Wno-non-literal-null-conversion -Wno-objc-literal-conversion -Wshorten-64-to-32 -Wpointer-sign -Wno-newline-eof -Wno-implicit-fallthrough -isysroot /Applications/Xcode.app/Contents/Developer/Platforms/MacOSX.platform/Developer/SDKs/MacOSX26.4.sdk -fstrict-aliasing -Wdeprecated-declarations -Wno-sign-conversion -Wno-infinite-recursion -Wno-comma -Wno-block-capture-autoreleasing -Wno-strict-prototypes -Wno-semicolon-before-method-body @/Users/jasonlee/Library/Developer/Xcode/DerivedData/Notch-ddzsfiyxyoauidejndllmosklbkq/Build/Intermediates.noindex/PostHog.build/Release/phlibwebp.build/Objects-normal/x86_64/7187679823f38a2a940e0043cdf9d637-common-args.resp -MMD -MT dependencies -MF /Users/jasonlee/Library/Developer/Xcode/DerivedData/Notch-ddzsfiyxyoauidejndllmosklbkq/Build/Intermediates.noindex/PostHog.build/Release/phlibwebp.build/Objects-normal/x86_64/cost_neon.d --serialize-diagnostics /Users/jasonlee/Library/Developer/Xcode/DerivedData/Notch-ddzsfiyxyoauidejndllmosklbkq/Build/Intermediates.noindex/PostHog.build/Release/phlibwebp.build/Objects-normal/x86_64/cost_neon.dia -c /Users/jasonlee/Library/Developer/Xcode/DerivedData/Notch-ddzsfiyxyoauidejndllmosklbkq/SourcePackages/checkouts/posthog-ios/vendor/libwebp/cost_neon.c -o /Users/jasonlee/Library/Developer/Xcode/DerivedData/Notch-ddzsfiyxyoauidejndllmosklbkq/Build/Intermediates.noindex/PostHog.build/Release/phlibwebp.build/Objects-normal/x86_64/cost_neon.o

ScanDependencies /Users/jasonlee/Library/Developer/Xcode/DerivedData/Notch-ddzsfiyxyoauidejndllmosklbkq/Build/Intermediates.noindex/PostHog.build/Release/phlibwebp.build/Objects-normal/x86_64/cost_enc.o /Users/jasonlee/Library/Developer/Xcode/DerivedData/Notch-ddzsfiyxyoauidejndllmosklbkq/SourcePackages/checkouts/posthog-ios/vendor/libwebp/cost_enc.c normal x86_64 c com.apple.compilers.llvm.clang.1_0.compiler (in target 'phlibwebp' from project 'PostHog')
    cd /Users/jasonlee/Coding/App/Notch/Notch.xcodeproj
    
    Using response file: /Users/jasonlee/Library/Developer/Xcode/DerivedData/Notch-ddzsfiyxyoauidejndllmosklbkq/Build/Intermediates.noindex/PostHog.build/Release/phlibwebp.build/Objects-normal/x86_64/7187679823f38a2a940e0043cdf9d637-common-args.resp
    
    builtin-ScanDependencies -o /Users/jasonlee/Library/Developer/Xcode/DerivedData/Notch-ddzsfiyxyoauidejndllmosklbkq/Build/Intermediates.noindex/PostHog.build/Release/phlibwebp.build/Objects-normal/x86_64/cost_enc.o.scan -- /Applications/Xcode.app/Contents/Developer/Toolchains/XcodeDefault.xctoolchain/usr/bin/clang -x c -ivfsstatcache /Users/jasonlee/Library/Developer/Xcode/DerivedData/SDKStatCaches.noindex/macosx26.4-25E251-30f9ca8789b706f8bd3fc906a70d770f.sdkstatcache -target x86_64-apple-macos10.15 -fmessage-length\=0 -fdiagnostics-show-note-include-stack -fmacro-backtrace-limit\=0 -fno-color-diagnostics -fmodules-prune-interval\=86400 -fmodules-prune-after\=345600 -fbuild-session-file\=/Users/jasonlee/Library/Developer/Xcode/DerivedData/ModuleCache.noindex/Session.modulevalidation -fmodules-validate-once-per-build-session -Wnon-modular-include-in-framework-module -Werror\=non-modular-include-in-framework-module -Wno-trigraphs -Wno-missing-field-initializers -Wno-missing-prototypes -Wno-return-type -Wno-missing-braces -Wparentheses -Wswitch -Wno-unused-function -Wno-unused-label -Wno-unused-parameter -Wno-unused-variable -Wunused-value -Wno-empty-body -Wno-uninitialized -Wno-unknown-pragmas -w -Wno-shadow -Wno-four-char-constants -Wno-conversion -Wno-constant-conversion -Wno-int-conversion -Wno-bool-conversion -Wno-enum-conversion -Wno-float-conversion -Wno-non-literal-null-conversion -Wno-objc-literal-conversion -Wshorten-64-to-32 -Wpointer-sign -Wno-newline-eof -Wno-implicit-fallthrough -isysroot /Applications/Xcode.app/Contents/Developer/Platforms/MacOSX.platform/Developer/SDKs/MacOSX26.4.sdk -fstrict-aliasing -Wdeprecated-declarations -Wno-sign-conversion -Wno-infinite-recursion -Wno-comma -Wno-block-capture-autoreleasing -Wno-strict-prototypes -Wno-semicolon-before-method-body @/Users/jasonlee/Library/Developer/Xcode/DerivedData/Notch-ddzsfiyxyoauidejndllmosklbkq/Build/Intermediates.noindex/PostHog.build/Release/phlibwebp.build/Objects-normal/x86_64/7187679823f38a2a940e0043cdf9d637-common-args.resp -MMD -MT dependencies -MF /Users/jasonlee/Library/Developer/Xcode/DerivedData/Notch-ddzsfiyxyoauidejndllmosklbkq/Build/Intermediates.noindex/PostHog.build/Release/phlibwebp.build/Objects-normal/x86_64/cost_enc.d --serialize-diagnostics /Users/jasonlee/Library/Developer/Xcode/DerivedData/Notch-ddzsfiyxyoauidejndllmosklbkq/Build/Intermediates.noindex/PostHog.build/Release/phlibwebp.build/Objects-normal/x86_64/cost_enc.dia -c /Users/jasonlee/Library/Developer/Xcode/DerivedData/Notch-ddzsfiyxyoauidejndllmosklbkq/SourcePackages/checkouts/posthog-ios/vendor/libwebp/cost_enc.c -o /Users/jasonlee/Library/Developer/Xcode/DerivedData/Notch-ddzsfiyxyoauidejndllmosklbkq/Build/Intermediates.noindex/PostHog.build/Release/phlibwebp.build/Objects-normal/x86_64/cost_enc.o

CompileC /Users/jasonlee/Library/Developer/Xcode/DerivedData/Notch-ddzsfiyxyoauidejndllmosklbkq/Build/Intermediates.noindex/PostHog.build/Release/phlibwebp.build/Objects-normal/x86_64/cost_neon.o /Users/jasonlee/Library/Developer/Xcode/DerivedData/Notch-ddzsfiyxyoauidejndllmosklbkq/SourcePackages/checkouts/posthog-ios/vendor/libwebp/cost_neon.c normal x86_64 c com.apple.compilers.llvm.clang.1_0.compiler (in target 'phlibwebp' from project 'PostHog')
    cd /Users/jasonlee/Coding/App/Notch/Notch.xcodeproj
    
    Using response file: /Users/jasonlee/Library/Developer/Xcode/DerivedData/Notch-ddzsfiyxyoauidejndllmosklbkq/Build/Intermediates.noindex/PostHog.build/Release/phlibwebp.build/Objects-normal/x86_64/7187679823f38a2a940e0043cdf9d637-common-args.resp
    
    /Applications/Xcode.app/Contents/Developer/Toolchains/XcodeDefault.xctoolchain/usr/bin/clang -x c -ivfsstatcache /Users/jasonlee/Library/Developer/Xcode/DerivedData/SDKStatCaches.noindex/macosx26.4-25E251-30f9ca8789b706f8bd3fc906a70d770f.sdkstatcache -target x86_64-apple-macos10.15 -fmessage-length\=0 -fdiagnostics-show-note-include-stack -fmacro-backtrace-limit\=0 -fno-color-diagnostics -fmodules-prune-interval\=86400 -fmodules-prune-after\=345600 -fbuild-session-file\=/Users/jasonlee/Library/Developer/Xcode/DerivedData/ModuleCache.noindex/Session.modulevalidation -fmodules-validate-once-per-build-session -Wnon-modular-include-in-framework-module -Werror\=non-modular-include-in-framework-module -Wno-trigraphs -Wno-missing-field-initializers -Wno-missing-prototypes -Wno-return-type -Wno-missing-braces -Wparentheses -Wswitch -Wno-unused-function -Wno-unused-label -Wno-unused-parameter -Wno-unused-variable -Wunused-value -Wno-empty-body -Wno-uninitialized -Wno-unknown-pragmas -w -Wno-shadow -Wno-four-char-constants -Wno-conversion -Wno-constant-conversion -Wno-int-conversion -Wno-bool-conversion -Wno-enum-conversion -Wno-float-conversion -Wno-non-literal-null-conversion -Wno-objc-literal-conversion -Wshorten-64-to-32 -Wpointer-sign -Wno-newline-eof -Wno-implicit-fallthrough -isysroot /Applications/Xcode.app/Contents/Developer/Platforms/MacOSX.platform/Developer/SDKs/MacOSX26.4.sdk -fstrict-aliasing -Wdeprecated-declarations -Wno-sign-conversion -Wno-infinite-recursion -Wno-comma -Wno-block-capture-autoreleasing -Wno-strict-prototypes -Wno-semicolon-before-method-body @/Users/jasonlee/Library/Developer/Xcode/DerivedData/Notch-ddzsfiyxyoauidejndllmosklbkq/Build/Intermediates.noindex/PostHog.build/Release/phlibwebp.build/Objects-normal/x86_64/7187679823f38a2a940e0043cdf9d637-common-args.resp -MMD -MT dependencies -MF /Users/jasonlee/Library/Developer/Xcode/DerivedData/Notch-ddzsfiyxyoauidejndllmosklbkq/Build/Intermediates.noindex/PostHog.build/Release/phlibwebp.build/Objects-normal/x86_64/cost_neon.d --serialize-diagnostics /Users/jasonlee/Library/Developer/Xcode/DerivedData/Notch-ddzsfiyxyoauidejndllmosklbkq/Build/Intermediates.noindex/PostHog.build/Release/phlibwebp.build/Objects-normal/x86_64/cost_neon.dia -c /Users/jasonlee/Library/Developer/Xcode/DerivedData/Notch-ddzsfiyxyoauidejndllmosklbkq/SourcePackages/checkouts/posthog-ios/vendor/libwebp/cost_neon.c -o /Users/jasonlee/Library/Developer/Xcode/DerivedData/Notch-ddzsfiyxyoauidejndllmosklbkq/Build/Intermediates.noindex/PostHog.build/Release/phlibwebp.build/Objects-normal/x86_64/cost_neon.o

CompileC /Users/jasonlee/Library/Developer/Xcode/DerivedData/Notch-ddzsfiyxyoauidejndllmosklbkq/Build/Intermediates.noindex/PostHog.build/Release/phlibwebp.build/Objects-normal/x86_64/cost_enc.o /Users/jasonlee/Library/Developer/Xcode/DerivedData/Notch-ddzsfiyxyoauidejndllmosklbkq/SourcePackages/checkouts/posthog-ios/vendor/libwebp/cost_enc.c normal x86_64 c com.apple.compilers.llvm.clang.1_0.compiler (in target 'phlibwebp' from project 'PostHog')
    cd /Users/jasonlee/Coding/App/Notch/Notch.xcodeproj
    
    Using response file: /Users/jasonlee/Library/Developer/Xcode/DerivedData/Notch-ddzsfiyxyoauidejndllmosklbkq/Build/Intermediates.noindex/PostHog.build/Release/phlibwebp.build/Objects-normal/x86_64/7187679823f38a2a940e0043cdf9d637-common-args.resp
    
    /Applications/Xcode.app/Contents/Developer/Toolchains/XcodeDefault.xctoolchain/usr/bin/clang -x c -ivfsstatcache /Users/jasonlee/Library/Developer/Xcode/DerivedData/SDKStatCaches.noindex/macosx26.4-25E251-30f9ca8789b706f8bd3fc906a70d770f.sdkstatcache -target x86_64-apple-macos10.15 -fmessage-length\=0 -fdiagnostics-show-note-include-stack -fmacro-backtrace-limit\=0 -fno-color-diagnostics -fmodules-prune-interval\=86400 -fmodules-prune-after\=345600 -fbuild-session-file\=/Users/jasonlee/Library/Developer/Xcode/DerivedData/ModuleCache.noindex/Session.modulevalidation -fmodules-validate-once-per-build-session -Wnon-modular-include-in-framework-module -Werror\=non-modular-include-in-framework-module -Wno-trigraphs -Wno-missing-field-initializers -Wno-missing-prototypes -Wno-return-type -Wno-missing-braces -Wparentheses -Wswitch -Wno-unused-function -Wno-unused-label -Wno-unused-parameter -Wno-unused-variable -Wunused-value -Wno-empty-body -Wno-uninitialized -Wno-unknown-pragmas -w -Wno-shadow -Wno-four-char-constants -Wno-conversion -Wno-constant-conversion -Wno-int-conversion -Wno-bool-conversion -Wno-enum-conversion -Wno-float-conversion -Wno-non-literal-null-conversion -Wno-objc-literal-conversion -Wshorten-64-to-32 -Wpointer-sign -Wno-newline-eof -Wno-implicit-fallthrough -isysroot /Applications/Xcode.app/Contents/Developer/Platforms/MacOSX.platform/Developer/SDKs/MacOSX26.4.sdk -fstrict-aliasing -Wdeprecated-declarations -Wno-sign-conversion -Wno-infinite-recursion -Wno-comma -Wno-block-capture-autoreleasing -Wno-strict-prototypes -Wno-semicolon-before-method-body @/Users/jasonlee/Library/Developer/Xcode/DerivedData/Notch-ddzsfiyxyoauidejndllmosklbkq/Build/Intermediates.noindex/PostHog.build/Release/phlibwebp.build/Objects-normal/x86_64/7187679823f38a2a940e0043cdf9d637-common-args.resp -MMD -MT dependencies -MF /Users/jasonlee/Library/Developer/Xcode/DerivedData/Notch-ddzsfiyxyoauidejndllmosklbkq/Build/Intermediates.noindex/PostHog.build/Release/phlibwebp.build/Objects-normal/x86_64/cost_enc.d --serialize-diagnostics /Users/jasonlee/Library/Developer/Xcode/DerivedData/Notch-ddzsfiyxyoauidejndllmosklbkq/Build/Intermediates.noindex/PostHog.build/Release/phlibwebp.build/Objects-normal/x86_64/cost_enc.dia -c /Users/jasonlee/Library/Developer/Xcode/DerivedData/Notch-ddzsfiyxyoauidejndllmosklbkq/SourcePackages/checkouts/posthog-ios/vendor/libwebp/cost_enc.c -o /Users/jasonlee/Library/Developer/Xcode/DerivedData/Notch-ddzsfiyxyoauidejndllmosklbkq/Build/Intermediates.noindex/PostHog.build/Release/phlibwebp.build/Objects-normal/x86_64/cost_enc.o

ScanDependencies /Users/jasonlee/Library/Developer/Xcode/DerivedData/Notch-ddzsfiyxyoauidejndllmosklbkq/Build/Intermediates.noindex/PostHog.build/Release/phlibwebp.build/Objects-normal/x86_64/cost.o /Users/jasonlee/Library/Developer/Xcode/DerivedData/Notch-ddzsfiyxyoauidejndllmosklbkq/SourcePackages/checkouts/posthog-ios/vendor/libwebp/cost.c normal x86_64 c com.apple.compilers.llvm.clang.1_0.compiler (in target 'phlibwebp' from project 'PostHog')
    cd /Users/jasonlee/Coding/App/Notch/Notch.xcodeproj
    
    Using response file: /Users/jasonlee/Library/Developer/Xcode/DerivedData/Notch-ddzsfiyxyoauidejndllmosklbkq/Build/Intermediates.noindex/PostHog.build/Release/phlibwebp.build/Objects-normal/x86_64/7187679823f38a2a940e0043cdf9d637-common-args.resp
    
    builtin-ScanDependencies -o /Users/jasonlee/Library/Developer/Xcode/DerivedData/Notch-ddzsfiyxyoauidejndllmosklbkq/Build/Intermediates.noindex/PostHog.build/Release/phlibwebp.build/Objects-normal/x86_64/cost.o.scan -- /Applications/Xcode.app/Contents/Developer/Toolchains/XcodeDefault.xctoolchain/usr/bin/clang -x c -ivfsstatcache /Users/jasonlee/Library/Developer/Xcode/DerivedData/SDKStatCaches.noindex/macosx26.4-25E251-30f9ca8789b706f8bd3fc906a70d770f.sdkstatcache -target x86_64-apple-macos10.15 -fmessage-length\=0 -fdiagnostics-show-note-include-stack -fmacro-backtrace-limit\=0 -fno-color-diagnostics -fmodules-prune-interval\=86400 -fmodules-prune-after\=345600 -fbuild-session-file\=/Users/jasonlee/Library/Developer/Xcode/DerivedData/ModuleCache.noindex/Session.modulevalidation -fmodules-validate-once-per-build-session -Wnon-modular-include-in-framework-module -Werror\=non-modular-include-in-framework-module -Wno-trigraphs -Wno-missing-field-initializers -Wno-missing-prototypes -Wno-return-type -Wno-missing-braces -Wparentheses -Wswitch -Wno-unused-function -Wno-unused-label -Wno-unused-parameter -Wno-unused-variable -Wunused-value -Wno-empty-body -Wno-uninitialized -Wno-unknown-pragmas -w -Wno-shadow -Wno-four-char-constants -Wno-conversion -Wno-constant-conversion -Wno-int-conversion -Wno-bool-conversion -Wno-enum-conversion -Wno-float-conversion -Wno-non-literal-null-conversion -Wno-objc-literal-conversion -Wshorten-64-to-32 -Wpointer-sign -Wno-newline-eof -Wno-implicit-fallthrough -isysroot /Applications/Xcode.app/Contents/Developer/Platforms/MacOSX.platform/Developer/SDKs/MacOSX26.4.sdk -fstrict-aliasing -Wdeprecated-declarations -Wno-sign-conversion -Wno-infinite-recursion -Wno-comma -Wno-block-capture-autoreleasing -Wno-strict-prototypes -Wno-semicolon-before-method-body @/Users/jasonlee/Library/Developer/Xcode/DerivedData/Notch-ddzsfiyxyoauidejndllmosklbkq/Build/Intermediates.noindex/PostHog.build/Release/phlibwebp.build/Objects-normal/x86_64/7187679823f38a2a940e0043cdf9d637-common-args.resp -MMD -MT dependencies -MF /Users/jasonlee/Library/Developer/Xcode/DerivedData/Notch-ddzsfiyxyoauidejndllmosklbkq/Build/Intermediates.noindex/PostHog.build/Release/phlibwebp.build/Objects-normal/x86_64/cost.d --serialize-diagnostics /Users/jasonlee/Library/Developer/Xcode/DerivedData/Notch-ddzsfiyxyoauidejndllmosklbkq/Build/Intermediates.noindex/PostHog.build/Release/phlibwebp.build/Objects-normal/x86_64/cost.dia -c /Users/jasonlee/Library/Developer/Xcode/DerivedData/Notch-ddzsfiyxyoauidejndllmosklbkq/SourcePackages/checkouts/posthog-ios/vendor/libwebp/cost.c -o /Users/jasonlee/Library/Developer/Xcode/DerivedData/Notch-ddzsfiyxyoauidejndllmosklbkq/Build/Intermediates.noindex/PostHog.build/Release/phlibwebp.build/Objects-normal/x86_64/cost.o

ScanDependencies /Users/jasonlee/Library/Developer/Xcode/DerivedData/Notch-ddzsfiyxyoauidejndllmosklbkq/Build/Intermediates.noindex/PostHog.build/Release/phlibwebp.build/Objects-normal/x86_64/config_enc.o /Users/jasonlee/Library/Developer/Xcode/DerivedData/Notch-ddzsfiyxyoauidejndllmosklbkq/SourcePackages/checkouts/posthog-ios/vendor/libwebp/config_enc.c normal x86_64 c com.apple.compilers.llvm.clang.1_0.compiler (in target 'phlibwebp' from project 'PostHog')
    cd /Users/jasonlee/Coding/App/Notch/Notch.xcodeproj
    
    Using response file: /Users/jasonlee/Library/Developer/Xcode/DerivedData/Notch-ddzsfiyxyoauidejndllmosklbkq/Build/Intermediates.noindex/PostHog.build/Release/phlibwebp.build/Objects-normal/x86_64/7187679823f38a2a940e0043cdf9d637-common-args.resp
    
    builtin-ScanDependencies -o /Users/jasonlee/Library/Developer/Xcode/DerivedData/Notch-ddzsfiyxyoauidejndllmosklbkq/Build/Intermediates.noindex/PostHog.build/Release/phlibwebp.build/Objects-normal/x86_64/config_enc.o.scan -- /Applications/Xcode.app/Contents/Developer/Toolchains/XcodeDefault.xctoolchain/usr/bin/clang -x c -ivfsstatcache /Users/jasonlee/Library/Developer/Xcode/DerivedData/SDKStatCaches.noindex/macosx26.4-25E251-30f9ca8789b706f8bd3fc906a70d770f.sdkstatcache -target x86_64-apple-macos10.15 -fmessage-length\=0 -fdiagnostics-show-note-include-stack -fmacro-backtrace-limit\=0 -fno-color-diagnostics -fmodules-prune-interval\=86400 -fmodules-prune-after\=345600 -fbuild-session-file\=/Users/jasonlee/Library/Developer/Xcode/DerivedData/ModuleCache.noindex/Session.modulevalidation -fmodules-validate-once-per-build-session -Wnon-modular-include-in-framework-module -Werror\=non-modular-include-in-framework-module -Wno-trigraphs -Wno-missing-field-initializers -Wno-missing-prototypes -Wno-return-type -Wno-missing-braces -Wparentheses -Wswitch -Wno-unused-function -Wno-unused-label -Wno-unused-parameter -Wno-unused-variable -Wunused-value -Wno-empty-body -Wno-uninitialized -Wno-unknown-pragmas -w -Wno-shadow -Wno-four-char-constants -Wno-conversion -Wno-constant-conversion -Wno-int-conversion -Wno-bool-conversion -Wno-enum-conversion -Wno-float-conversion -Wno-non-literal-null-conversion -Wno-objc-literal-conversion -Wshorten-64-to-32 -Wpointer-sign -Wno-newline-eof -Wno-implicit-fallthrough -isysroot /Applications/Xcode.app/Contents/Developer/Platforms/MacOSX.platform/Developer/SDKs/MacOSX26.4.sdk -fstrict-aliasing -Wdeprecated-declarations -Wno-sign-conversion -Wno-infinite-recursion -Wno-comma -Wno-block-capture-autoreleasing -Wno-strict-prototypes -Wno-semicolon-before-method-body @/Users/jasonlee/Library/Developer/Xcode/DerivedData/Notch-ddzsfiyxyoauidejndllmosklbkq/Build/Intermediates.noindex/PostHog.build/Release/phlibwebp.build/Objects-normal/x86_64/7187679823f38a2a940e0043cdf9d637-common-args.resp -MMD -MT dependencies -MF /Users/jasonlee/Library/Developer/Xcode/DerivedData/Notch-ddzsfiyxyoauidejndllmosklbkq/Build/Intermediates.noindex/PostHog.build/Release/phlibwebp.build/Objects-normal/x86_64/config_enc.d --serialize-diagnostics /Users/jasonlee/Library/Developer/Xcode/DerivedData/Notch-ddzsfiyxyoauidejndllmosklbkq/Build/Intermediates.noindex/PostHog.build/Release/phlibwebp.build/Objects-normal/x86_64/config_enc.dia -c /Users/jasonlee/Library/Developer/Xcode/DerivedData/Notch-ddzsfiyxyoauidejndllmosklbkq/SourcePackages/checkouts/posthog-ios/vendor/libwebp/config_enc.c -o /Users/jasonlee/Library/Developer/Xcode/DerivedData/Notch-ddzsfiyxyoauidejndllmosklbkq/Build/Intermediates.noindex/PostHog.build/Release/phlibwebp.build/Objects-normal/x86_64/config_enc.o

ScanDependencies /Users/jasonlee/Library/Developer/Xcode/DerivedData/Notch-ddzsfiyxyoauidejndllmosklbkq/Build/Intermediates.noindex/PostHog.build/Release/phlibwebp.build/Objects-normal/x86_64/color_cache_utils.o /Users/jasonlee/Library/Developer/Xcode/DerivedData/Notch-ddzsfiyxyoauidejndllmosklbkq/SourcePackages/checkouts/posthog-ios/vendor/libwebp/color_cache_utils.c normal x86_64 c com.apple.compilers.llvm.clang.1_0.compiler (in target 'phlibwebp' from project 'PostHog')
    cd /Users/jasonlee/Coding/App/Notch/Notch.xcodeproj
    
    Using response file: /Users/jasonlee/Library/Developer/Xcode/DerivedData/Notch-ddzsfiyxyoauidejndllmosklbkq/Build/Intermediates.noindex/PostHog.build/Release/phlibwebp.build/Objects-normal/x86_64/7187679823f38a2a940e0043cdf9d637-common-args.resp
    
    builtin-ScanDependencies -o /Users/jasonlee/Library/Developer/Xcode/DerivedData/Notch-ddzsfiyxyoauidejndllmosklbkq/Build/Intermediates.noindex/PostHog.build/Release/phlibwebp.build/Objects-normal/x86_64/color_cache_utils.o.scan -- /Applications/Xcode.app/Contents/Developer/Toolchains/XcodeDefault.xctoolchain/usr/bin/clang -x c -ivfsstatcache /Users/jasonlee/Library/Developer/Xcode/DerivedData/SDKStatCaches.noindex/macosx26.4-25E251-30f9ca8789b706f8bd3fc906a70d770f.sdkstatcache -target x86_64-apple-macos10.15 -fmessage-length\=0 -fdiagnostics-show-note-include-stack -fmacro-backtrace-limit\=0 -fno-color-diagnostics -fmodules-prune-interval\=86400 -fmodules-prune-after\=345600 -fbuild-session-file\=/Users/jasonlee/Library/Developer/Xcode/DerivedData/ModuleCache.noindex/Session.modulevalidation -fmodules-validate-once-per-build-session -Wnon-modular-include-in-framework-module -Werror\=non-modular-include-in-framework-module -Wno-trigraphs -Wno-missing-field-initializers -Wno-missing-prototypes -Wno-return-type -Wno-missing-braces -Wparentheses -Wswitch -Wno-unused-function -Wno-unused-label -Wno-unused-parameter -Wno-unused-variable -Wunused-value -Wno-empty-body -Wno-uninitialized -Wno-unknown-pragmas -w -Wno-shadow -Wno-four-char-constants -Wno-conversion -Wno-constant-conversion -Wno-int-conversion -Wno-bool-conversion -Wno-enum-conversion -Wno-float-conversion -Wno-non-literal-null-conversion -Wno-objc-literal-conversion -Wshorten-64-to-32 -Wpointer-sign -Wno-newline-eof -Wno-implicit-fallthrough -isysroot /Applications/Xcode.app/Contents/Developer/Platforms/MacOSX.platform/Developer/SDKs/MacOSX26.4.sdk -fstrict-aliasing -Wdeprecated-declarations -Wno-sign-conversion -Wno-infinite-recursion -Wno-comma -Wno-block-capture-autoreleasing -Wno-strict-prototypes -Wno-semicolon-before-method-body @/Users/jasonlee/Library/Developer/Xcode/DerivedData/Notch-ddzsfiyxyoauidejndllmosklbkq/Build/Intermediates.noindex/PostHog.build/Release/phlibwebp.build/Objects-normal/x86_64/7187679823f38a2a940e0043cdf9d637-common-args.resp -MMD -MT dependencies -MF /Users/jasonlee/Library/Developer/Xcode/DerivedData/Notch-ddzsfiyxyoauidejndllmosklbkq/Build/Intermediates.noindex/PostHog.build/Release/phlibwebp.build/Objects-normal/x86_64/color_cache_utils.d --serialize-diagnostics /Users/jasonlee/Library/Developer/Xcode/DerivedData/Notch-ddzsfiyxyoauidejndllmosklbkq/Build/Intermediates.noindex/PostHog.build/Release/phlibwebp.build/Objects-normal/x86_64/color_cache_utils.dia -c /Users/jasonlee/Library/Developer/Xcode/DerivedData/Notch-ddzsfiyxyoauidejndllmosklbkq/SourcePackages/checkouts/posthog-ios/vendor/libwebp/color_cache_utils.c -o /Users/jasonlee/Library/Developer/Xcode/DerivedData/Notch-ddzsfiyxyoauidejndllmosklbkq/Build/Intermediates.noindex/PostHog.build/Release/phlibwebp.build/Objects-normal/x86_64/color_cache_utils.o

ScanDependencies /Users/jasonlee/Library/Developer/Xcode/DerivedData/Notch-ddzsfiyxyoauidejndllmosklbkq/Build/Intermediates.noindex/PostHog.build/Release/phlibwebp.build/Objects-normal/x86_64/bit_writer_utils.o /Users/jasonlee/Library/Developer/Xcode/DerivedData/Notch-ddzsfiyxyoauidejndllmosklbkq/SourcePackages/checkouts/posthog-ios/vendor/libwebp/bit_writer_utils.c normal x86_64 c com.apple.compilers.llvm.clang.1_0.compiler (in target 'phlibwebp' from project 'PostHog')
    cd /Users/jasonlee/Coding/App/Notch/Notch.xcodeproj
    
    Using response file: /Users/jasonlee/Library/Developer/Xcode/DerivedData/Notch-ddzsfiyxyoauidejndllmosklbkq/Build/Intermediates.noindex/PostHog.build/Release/phlibwebp.build/Objects-normal/x86_64/7187679823f38a2a940e0043cdf9d637-common-args.resp
    
    builtin-ScanDependencies -o /Users/jasonlee/Library/Developer/Xcode/DerivedData/Notch-ddzsfiyxyoauidejndllmosklbkq/Build/Intermediates.noindex/PostHog.build/Release/phlibwebp.build/Objects-normal/x86_64/bit_writer_utils.o.scan -- /Applications/Xcode.app/Contents/Developer/Toolchains/XcodeDefault.xctoolchain/usr/bin/clang -x c -ivfsstatcache /Users/jasonlee/Library/Developer/Xcode/DerivedData/SDKStatCaches.noindex/macosx26.4-25E251-30f9ca8789b706f8bd3fc906a70d770f.sdkstatcache -target x86_64-apple-macos10.15 -fmessage-length\=0 -fdiagnostics-show-note-include-stack -fmacro-backtrace-limit\=0 -fno-color-diagnostics -fmodules-prune-interval\=86400 -fmodules-prune-after\=345600 -fbuild-session-file\=/Users/jasonlee/Library/Developer/Xcode/DerivedData/ModuleCache.noindex/Session.modulevalidation -fmodules-validate-once-per-build-session -Wnon-modular-include-in-framework-module -Werror\=non-modular-include-in-framework-module -Wno-trigraphs -Wno-missing-field-initializers -Wno-missing-prototypes -Wno-return-type -Wno-missing-braces -Wparentheses -Wswitch -Wno-unused-function -Wno-unused-label -Wno-unused-parameter -Wno-unused-variable -Wunused-value -Wno-empty-body -Wno-uninitialized -Wno-unknown-pragmas -w -Wno-shadow -Wno-four-char-constants -Wno-conversion -Wno-constant-conversion -Wno-int-conversion -Wno-bool-conversion -Wno-enum-conversion -Wno-float-conversion -Wno-non-literal-null-conversion -Wno-objc-literal-conversion -Wshorten-64-to-32 -Wpointer-sign -Wno-newline-eof -Wno-implicit-fallthrough -isysroot /Applications/Xcode.app/Contents/Developer/Platforms/MacOSX.platform/Developer/SDKs/MacOSX26.4.sdk -fstrict-aliasing -Wdeprecated-declarations -Wno-sign-conversion -Wno-infinite-recursion -Wno-comma -Wno-block-capture-autoreleasing -Wno-strict-prototypes -Wno-semicolon-before-method-body @/Users/jasonlee/Library/Developer/Xcode/DerivedData/Notch-ddzsfiyxyoauidejndllmosklbkq/Build/Intermediates.noindex/PostHog.build/Release/phlibwebp.build/Objects-normal/x86_64/7187679823f38a2a940e0043cdf9d637-common-args.resp -MMD -MT dependencies -MF /Users/jasonlee/Library/Developer/Xcode/DerivedData/Notch-ddzsfiyxyoauidejndllmosklbkq/Build/Intermediates.noindex/PostHog.build/Release/phlibwebp.build/Objects-normal/x86_64/bit_writer_utils.d --serialize-diagnostics /Users/jasonlee/Library/Developer/Xcode/DerivedData/Notch-ddzsfiyxyoauidejndllmosklbkq/Build/Intermediates.noindex/PostHog.build/Release/phlibwebp.build/Objects-normal/x86_64/bit_writer_utils.dia -c /Users/jasonlee/Library/Developer/Xcode/DerivedData/Notch-ddzsfiyxyoauidejndllmosklbkq/SourcePackages/checkouts/posthog-ios/vendor/libwebp/bit_writer_utils.c -o /Users/jasonlee/Library/Developer/Xcode/DerivedData/Notch-ddzsfiyxyoauidejndllmosklbkq/Build/Intermediates.noindex/PostHog.build/Release/phlibwebp.build/Objects-normal/x86_64/bit_writer_utils.o

ScanDependencies /Users/jasonlee/Library/Developer/Xcode/DerivedData/Notch-ddzsfiyxyoauidejndllmosklbkq/Build/Intermediates.noindex/PostHog.build/Release/phlibwebp.build/Objects-normal/x86_64/bit_reader_utils.o /Users/jasonlee/Library/Developer/Xcode/DerivedData/Notch-ddzsfiyxyoauidejndllmosklbkq/SourcePackages/checkouts/posthog-ios/vendor/libwebp/bit_reader_utils.c normal x86_64 c com.apple.compilers.llvm.clang.1_0.compiler (in target 'phlibwebp' from project 'PostHog')
    cd /Users/jasonlee/Coding/App/Notch/Notch.xcodeproj
    
    Using response file: /Users/jasonlee/Library/Developer/Xcode/DerivedData/Notch-ddzsfiyxyoauidejndllmosklbkq/Build/Intermediates.noindex/PostHog.build/Release/phlibwebp.build/Objects-normal/x86_64/7187679823f38a2a940e0043cdf9d637-common-args.resp
    
    builtin-ScanDependencies -o /Users/jasonlee/Library/Developer/Xcode/DerivedData/Notch-ddzsfiyxyoauidejndllmosklbkq/Build/Intermediates.noindex/PostHog.build/Release/phlibwebp.build/Objects-normal/x86_64/bit_reader_utils.o.scan -- /Applications/Xcode.app/Contents/Developer/Toolchains/XcodeDefault.xctoolchain/usr/bin/clang -x c -ivfsstatcache /Users/jasonlee/Library/Developer/Xcode/DerivedData/SDKStatCaches.noindex/macosx26.4-25E251-30f9ca8789b706f8bd3fc906a70d770f.sdkstatcache -target x86_64-apple-macos10.15 -fmessage-length\=0 -fdiagnostics-show-note-include-stack -fmacro-backtrace-limit\=0 -fno-color-diagnostics -fmodules-prune-interval\=86400 -fmodules-prune-after\=345600 -fbuild-session-file\=/Users/jasonlee/Library/Developer/Xcode/DerivedData/ModuleCache.noindex/Session.modulevalidation -fmodules-validate-once-per-build-session -Wnon-modular-include-in-framework-module -Werror\=non-modular-include-in-framework-module -Wno-trigraphs -Wno-missing-field-initializers -Wno-missing-prototypes -Wno-return-type -Wno-missing-braces -Wparentheses -Wswitch -Wno-unused-function -Wno-unused-label -Wno-unused-parameter -Wno-unused-variable -Wunused-value -Wno-empty-body -Wno-uninitialized -Wno-unknown-pragmas -w -Wno-shadow -Wno-four-char-constants -Wno-conversion -Wno-constant-conversion -Wno-int-conversion -Wno-bool-conversion -Wno-enum-conversion -Wno-float-conversion -Wno-non-literal-null-conversion -Wno-objc-literal-conversion -Wshorten-64-to-32 -Wpointer-sign -Wno-newline-eof -Wno-implicit-fallthrough -isysroot /Applications/Xcode.app/Contents/Developer/Platforms/MacOSX.platform/Developer/SDKs/MacOSX26.4.sdk -fstrict-aliasing -Wdeprecated-declarations -Wno-sign-conversion -Wno-infinite-recursion -Wno-comma -Wno-block-capture-autoreleasing -Wno-strict-prototypes -Wno-semicolon-before-method-body @/Users/jasonlee/Library/Developer/Xcode/DerivedData/Notch-ddzsfiyxyoauidejndllmosklbkq/Build/Intermediates.noindex/PostHog.build/Release/phlibwebp.build/Objects-normal/x86_64/7187679823f38a2a940e0043cdf9d637-common-args.resp -MMD -MT dependencies -MF /Users/jasonlee/Library/Developer/Xcode/DerivedData/Notch-ddzsfiyxyoauidejndllmosklbkq/Build/Intermediates.noindex/PostHog.build/Release/phlibwebp.build/Objects-normal/x86_64/bit_reader_utils.d --serialize-diagnostics /Users/jasonlee/Library/Developer/Xcode/DerivedData/Notch-ddzsfiyxyoauidejndllmosklbkq/Build/Intermediates.noindex/PostHog.build/Release/phlibwebp.build/Objects-normal/x86_64/bit_reader_utils.dia -c /Users/jasonlee/Library/Developer/Xcode/DerivedData/Notch-ddzsfiyxyoauidejndllmosklbkq/SourcePackages/checkouts/posthog-ios/vendor/libwebp/bit_reader_utils.c -o /Users/jasonlee/Library/Developer/Xcode/DerivedData/Notch-ddzsfiyxyoauidejndllmosklbkq/Build/Intermediates.noindex/PostHog.build/Release/phlibwebp.build/Objects-normal/x86_64/bit_reader_utils.o

CompileC /Users/jasonlee/Library/Developer/Xcode/DerivedData/Notch-ddzsfiyxyoauidejndllmosklbkq/Build/Intermediates.noindex/PostHog.build/Release/phlibwebp.build/Objects-normal/x86_64/cost.o /Users/jasonlee/Library/Developer/Xcode/DerivedData/Notch-ddzsfiyxyoauidejndllmosklbkq/SourcePackages/checkouts/posthog-ios/vendor/libwebp/cost.c normal x86_64 c com.apple.compilers.llvm.clang.1_0.compiler (in target 'phlibwebp' from project 'PostHog')
    cd /Users/jasonlee/Coding/App/Notch/Notch.xcodeproj
    
    Using response file: /Users/jasonlee/Library/Developer/Xcode/DerivedData/Notch-ddzsfiyxyoauidejndllmosklbkq/Build/Intermediates.noindex/PostHog.build/Release/phlibwebp.build/Objects-normal/x86_64/7187679823f38a2a940e0043cdf9d637-common-args.resp
    
    /Applications/Xcode.app/Contents/Developer/Toolchains/XcodeDefault.xctoolchain/usr/bin/clang -x c -ivfsstatcache /Users/jasonlee/Library/Developer/Xcode/DerivedData/SDKStatCaches.noindex/macosx26.4-25E251-30f9ca8789b706f8bd3fc906a70d770f.sdkstatcache -target x86_64-apple-macos10.15 -fmessage-length\=0 -fdiagnostics-show-note-include-stack -fmacro-backtrace-limit\=0 -fno-color-diagnostics -fmodules-prune-interval\=86400 -fmodules-prune-after\=345600 -fbuild-session-file\=/Users/jasonlee/Library/Developer/Xcode/DerivedData/ModuleCache.noindex/Session.modulevalidation -fmodules-validate-once-per-build-session -Wnon-modular-include-in-framework-module -Werror\=non-modular-include-in-framework-module -Wno-trigraphs -Wno-missing-field-initializers -Wno-missing-prototypes -Wno-return-type -Wno-missing-braces -Wparentheses -Wswitch -Wno-unused-function -Wno-unused-label -Wno-unused-parameter -Wno-unused-variable -Wunused-value -Wno-empty-body -Wno-uninitialized -Wno-unknown-pragmas -w -Wno-shadow -Wno-four-char-constants -Wno-conversion -Wno-constant-conversion -Wno-int-conversion -Wno-bool-conversion -Wno-enum-conversion -Wno-float-conversion -Wno-non-literal-null-conversion -Wno-objc-literal-conversion -Wshorten-64-to-32 -Wpointer-sign -Wno-newline-eof -Wno-implicit-fallthrough -isysroot /Applications/Xcode.app/Contents/Developer/Platforms/MacOSX.platform/Developer/SDKs/MacOSX26.4.sdk -fstrict-aliasing -Wdeprecated-declarations -Wno-sign-conversion -Wno-infinite-recursion -Wno-comma -Wno-block-capture-autoreleasing -Wno-strict-prototypes -Wno-semicolon-before-method-body @/Users/jasonlee/Library/Developer/Xcode/DerivedData/Notch-ddzsfiyxyoauidejndllmosklbkq/Build/Intermediates.noindex/PostHog.build/Release/phlibwebp.build/Objects-normal/x86_64/7187679823f38a2a940e0043cdf9d637-common-args.resp -MMD -MT dependencies -MF /Users/jasonlee/Library/Developer/Xcode/DerivedData/Notch-ddzsfiyxyoauidejndllmosklbkq/Build/Intermediates.noindex/PostHog.build/Release/phlibwebp.build/Objects-normal/x86_64/cost.d --serialize-diagnostics /Users/jasonlee/Library/Developer/Xcode/DerivedData/Notch-ddzsfiyxyoauidejndllmosklbkq/Build/Intermediates.noindex/PostHog.build/Release/phlibwebp.build/Objects-normal/x86_64/cost.dia -c /Users/jasonlee/Library/Developer/Xcode/DerivedData/Notch-ddzsfiyxyoauidejndllmosklbkq/SourcePackages/checkouts/posthog-ios/vendor/libwebp/cost.c -o /Users/jasonlee/Library/Developer/Xcode/DerivedData/Notch-ddzsfiyxyoauidejndllmosklbkq/Build/Intermediates.noindex/PostHog.build/Release/phlibwebp.build/Objects-normal/x86_64/cost.o

CompileC /Users/jasonlee/Library/Developer/Xcode/DerivedData/Notch-ddzsfiyxyoauidejndllmosklbkq/Build/Intermediates.noindex/PostHog.build/Release/phlibwebp.build/Objects-normal/x86_64/config_enc.o /Users/jasonlee/Library/Developer/Xcode/DerivedData/Notch-ddzsfiyxyoauidejndllmosklbkq/SourcePackages/checkouts/posthog-ios/vendor/libwebp/config_enc.c normal x86_64 c com.apple.compilers.llvm.clang.1_0.compiler (in target 'phlibwebp' from project 'PostHog')
    cd /Users/jasonlee/Coding/App/Notch/Notch.xcodeproj
    
    Using response file: /Users/jasonlee/Library/Developer/Xcode/DerivedData/Notch-ddzsfiyxyoauidejndllmosklbkq/Build/Intermediates.noindex/PostHog.build/Release/phlibwebp.build/Objects-normal/x86_64/7187679823f38a2a940e0043cdf9d637-common-args.resp
    
    /Applications/Xcode.app/Contents/Developer/Toolchains/XcodeDefault.xctoolchain/usr/bin/clang -x c -ivfsstatcache /Users/jasonlee/Library/Developer/Xcode/DerivedData/SDKStatCaches.noindex/macosx26.4-25E251-30f9ca8789b706f8bd3fc906a70d770f.sdkstatcache -target x86_64-apple-macos10.15 -fmessage-length\=0 -fdiagnostics-show-note-include-stack -fmacro-backtrace-limit\=0 -fno-color-diagnostics -fmodules-prune-interval\=86400 -fmodules-prune-after\=345600 -fbuild-session-file\=/Users/jasonlee/Library/Developer/Xcode/DerivedData/ModuleCache.noindex/Session.modulevalidation -fmodules-validate-once-per-build-session -Wnon-modular-include-in-framework-module -Werror\=non-modular-include-in-framework-module -Wno-trigraphs -Wno-missing-field-initializers -Wno-missing-prototypes -Wno-return-type -Wno-missing-braces -Wparentheses -Wswitch -Wno-unused-function -Wno-unused-label -Wno-unused-parameter -Wno-unused-variable -Wunused-value -Wno-empty-body -Wno-uninitialized -Wno-unknown-pragmas -w -Wno-shadow -Wno-four-char-constants -Wno-conversion -Wno-constant-conversion -Wno-int-conversion -Wno-bool-conversion -Wno-enum-conversion -Wno-float-conversion -Wno-non-literal-null-conversion -Wno-objc-literal-conversion -Wshorten-64-to-32 -Wpointer-sign -Wno-newline-eof -Wno-implicit-fallthrough -isysroot /Applications/Xcode.app/Contents/Developer/Platforms/MacOSX.platform/Developer/SDKs/MacOSX26.4.sdk -fstrict-aliasing -Wdeprecated-declarations -Wno-sign-conversion -Wno-infinite-recursion -Wno-comma -Wno-block-capture-autoreleasing -Wno-strict-prototypes -Wno-semicolon-before-method-body @/Users/jasonlee/Library/Developer/Xcode/DerivedData/Notch-ddzsfiyxyoauidejndllmosklbkq/Build/Intermediates.noindex/PostHog.build/Release/phlibwebp.build/Objects-normal/x86_64/7187679823f38a2a940e0043cdf9d637-common-args.resp -MMD -MT dependencies -MF /Users/jasonlee/Library/Developer/Xcode/DerivedData/Notch-ddzsfiyxyoauidejndllmosklbkq/Build/Intermediates.noindex/PostHog.build/Release/phlibwebp.build/Objects-normal/x86_64/config_enc.d --serialize-diagnostics /Users/jasonlee/Library/Developer/Xcode/DerivedData/Notch-ddzsfiyxyoauidejndllmosklbkq/Build/Intermediates.noindex/PostHog.build/Release/phlibwebp.build/Objects-normal/x86_64/config_enc.dia -c /Users/jasonlee/Library/Developer/Xcode/DerivedData/Notch-ddzsfiyxyoauidejndllmosklbkq/SourcePackages/checkouts/posthog-ios/vendor/libwebp/config_enc.c -o /Users/jasonlee/Library/Developer/Xcode/DerivedData/Notch-ddzsfiyxyoauidejndllmosklbkq/Build/Intermediates.noindex/PostHog.build/Release/phlibwebp.build/Objects-normal/x86_64/config_enc.o

CompileC /Users/jasonlee/Library/Developer/Xcode/DerivedData/Notch-ddzsfiyxyoauidejndllmosklbkq/Build/Intermediates.noindex/PostHog.build/Release/phlibwebp.build/Objects-normal/x86_64/bit_writer_utils.o /Users/jasonlee/Library/Developer/Xcode/DerivedData/Notch-ddzsfiyxyoauidejndllmosklbkq/SourcePackages/checkouts/posthog-ios/vendor/libwebp/bit_writer_utils.c normal x86_64 c com.apple.compilers.llvm.clang.1_0.compiler (in target 'phlibwebp' from project 'PostHog')
    cd /Users/jasonlee/Coding/App/Notch/Notch.xcodeproj
    
    Using response file: /Users/jasonlee/Library/Developer/Xcode/DerivedData/Notch-ddzsfiyxyoauidejndllmosklbkq/Build/Intermediates.noindex/PostHog.build/Release/phlibwebp.build/Objects-normal/x86_64/7187679823f38a2a940e0043cdf9d637-common-args.resp
    
    /Applications/Xcode.app/Contents/Developer/Toolchains/XcodeDefault.xctoolchain/usr/bin/clang -x c -ivfsstatcache /Users/jasonlee/Library/Developer/Xcode/DerivedData/SDKStatCaches.noindex/macosx26.4-25E251-30f9ca8789b706f8bd3fc906a70d770f.sdkstatcache -target x86_64-apple-macos10.15 -fmessage-length\=0 -fdiagnostics-show-note-include-stack -fmacro-backtrace-limit\=0 -fno-color-diagnostics -fmodules-prune-interval\=86400 -fmodules-prune-after\=345600 -fbuild-session-file\=/Users/jasonlee/Library/Developer/Xcode/DerivedData/ModuleCache.noindex/Session.modulevalidation -fmodules-validate-once-per-build-session -Wnon-modular-include-in-framework-module -Werror\=non-modular-include-in-framework-module -Wno-trigraphs -Wno-missing-field-initializers -Wno-missing-prototypes -Wno-return-type -Wno-missing-braces -Wparentheses -Wswitch -Wno-unused-function -Wno-unused-label -Wno-unused-parameter -Wno-unused-variable -Wunused-value -Wno-empty-body -Wno-uninitialized -Wno-unknown-pragmas -w -Wno-shadow -Wno-four-char-constants -Wno-conversion -Wno-constant-conversion -Wno-int-conversion -Wno-bool-conversion -Wno-enum-conversion -Wno-float-conversion -Wno-non-literal-null-conversion -Wno-objc-literal-conversion -Wshorten-64-to-32 -Wpointer-sign -Wno-newline-eof -Wno-implicit-fallthrough -isysroot /Applications/Xcode.app/Contents/Developer/Platforms/MacOSX.platform/Developer/SDKs/MacOSX26.4.sdk -fstrict-aliasing -Wdeprecated-declarations -Wno-sign-conversion -Wno-infinite-recursion -Wno-comma -Wno-block-capture-autoreleasing -Wno-strict-prototypes -Wno-semicolon-before-method-body @/Users/jasonlee/Library/Developer/Xcode/DerivedData/Notch-ddzsfiyxyoauidejndllmosklbkq/Build/Intermediates.noindex/PostHog.build/Release/phlibwebp.build/Objects-normal/x86_64/7187679823f38a2a940e0043cdf9d637-common-args.resp -MMD -MT dependencies -MF /Users/jasonlee/Library/Developer/Xcode/DerivedData/Notch-ddzsfiyxyoauidejndllmosklbkq/Build/Intermediates.noindex/PostHog.build/Release/phlibwebp.build/Objects-normal/x86_64/bit_writer_utils.d --serialize-diagnostics /Users/jasonlee/Library/Developer/Xcode/DerivedData/Notch-ddzsfiyxyoauidejndllmosklbkq/Build/Intermediates.noindex/PostHog.build/Release/phlibwebp.build/Objects-normal/x86_64/bit_writer_utils.dia -c /Users/jasonlee/Library/Developer/Xcode/DerivedData/Notch-ddzsfiyxyoauidejndllmosklbkq/SourcePackages/checkouts/posthog-ios/vendor/libwebp/bit_writer_utils.c -o /Users/jasonlee/Library/Developer/Xcode/DerivedData/Notch-ddzsfiyxyoauidejndllmosklbkq/Build/Intermediates.noindex/PostHog.build/Release/phlibwebp.build/Objects-normal/x86_64/bit_writer_utils.o

CompileC /Users/jasonlee/Library/Developer/Xcode/DerivedData/Notch-ddzsfiyxyoauidejndllmosklbkq/Build/Intermediates.noindex/PostHog.build/Release/phlibwebp.build/Objects-normal/x86_64/color_cache_utils.o /Users/jasonlee/Library/Developer/Xcode/DerivedData/Notch-ddzsfiyxyoauidejndllmosklbkq/SourcePackages/checkouts/posthog-ios/vendor/libwebp/color_cache_utils.c normal x86_64 c com.apple.compilers.llvm.clang.1_0.compiler (in target 'phlibwebp' from project 'PostHog')
    cd /Users/jasonlee/Coding/App/Notch/Notch.xcodeproj
    
    Using response file: /Users/jasonlee/Library/Developer/Xcode/DerivedData/Notch-ddzsfiyxyoauidejndllmosklbkq/Build/Intermediates.noindex/PostHog.build/Release/phlibwebp.build/Objects-normal/x86_64/7187679823f38a2a940e0043cdf9d637-common-args.resp
    
    /Applications/Xcode.app/Contents/Developer/Toolchains/XcodeDefault.xctoolchain/usr/bin/clang -x c -ivfsstatcache /Users/jasonlee/Library/Developer/Xcode/DerivedData/SDKStatCaches.noindex/macosx26.4-25E251-30f9ca8789b706f8bd3fc906a70d770f.sdkstatcache -target x86_64-apple-macos10.15 -fmessage-length\=0 -fdiagnostics-show-note-include-stack -fmacro-backtrace-limit\=0 -fno-color-diagnostics -fmodules-prune-interval\=86400 -fmodules-prune-after\=345600 -fbuild-session-file\=/Users/jasonlee/Library/Developer/Xcode/DerivedData/ModuleCache.noindex/Session.modulevalidation -fmodules-validate-once-per-build-session -Wnon-modular-include-in-framework-module -Werror\=non-modular-include-in-framework-module -Wno-trigraphs -Wno-missing-field-initializers -Wno-missing-prototypes -Wno-return-type -Wno-missing-braces -Wparentheses -Wswitch -Wno-unused-function -Wno-unused-label -Wno-unused-parameter -Wno-unused-variable -Wunused-value -Wno-empty-body -Wno-uninitialized -Wno-unknown-pragmas -w -Wno-shadow -Wno-four-char-constants -Wno-conversion -Wno-constant-conversion -Wno-int-conversion -Wno-bool-conversion -Wno-enum-conversion -Wno-float-conversion -Wno-non-literal-null-conversion -Wno-objc-literal-conversion -Wshorten-64-to-32 -Wpointer-sign -Wno-newline-eof -Wno-implicit-fallthrough -isysroot /Applications/Xcode.app/Contents/Developer/Platforms/MacOSX.platform/Developer/SDKs/MacOSX26.4.sdk -fstrict-aliasing -Wdeprecated-declarations -Wno-sign-conversion -Wno-infinite-recursion -Wno-comma -Wno-block-capture-autoreleasing -Wno-strict-prototypes -Wno-semicolon-before-method-body @/Users/jasonlee/Library/Developer/Xcode/DerivedData/Notch-ddzsfiyxyoauidejndllmosklbkq/Build/Intermediates.noindex/PostHog.build/Release/phlibwebp.build/Objects-normal/x86_64/7187679823f38a2a940e0043cdf9d637-common-args.resp -MMD -MT dependencies -MF /Users/jasonlee/Library/Developer/Xcode/DerivedData/Notch-ddzsfiyxyoauidejndllmosklbkq/Build/Intermediates.noindex/PostHog.build/Release/phlibwebp.build/Objects-normal/x86_64/color_cache_utils.d --serialize-diagnostics /Users/jasonlee/Library/Developer/Xcode/DerivedData/Notch-ddzsfiyxyoauidejndllmosklbkq/Build/Intermediates.noindex/PostHog.build/Release/phlibwebp.build/Objects-normal/x86_64/color_cache_utils.dia -c /Users/jasonlee/Library/Developer/Xcode/DerivedData/Notch-ddzsfiyxyoauidejndllmosklbkq/SourcePackages/checkouts/posthog-ios/vendor/libwebp/color_cache_utils.c -o /Users/jasonlee/Library/Developer/Xcode/DerivedData/Notch-ddzsfiyxyoauidejndllmosklbkq/Build/Intermediates.noindex/PostHog.build/Release/phlibwebp.build/Objects-normal/x86_64/color_cache_utils.o

CompileC /Users/jasonlee/Library/Developer/Xcode/DerivedData/Notch-ddzsfiyxyoauidejndllmosklbkq/Build/Intermediates.noindex/PostHog.build/Release/phlibwebp.build/Objects-normal/x86_64/bit_reader_utils.o /Users/jasonlee/Library/Developer/Xcode/DerivedData/Notch-ddzsfiyxyoauidejndllmosklbkq/SourcePackages/checkouts/posthog-ios/vendor/libwebp/bit_reader_utils.c normal x86_64 c com.apple.compilers.llvm.clang.1_0.compiler (in target 'phlibwebp' from project 'PostHog')
    cd /Users/jasonlee/Coding/App/Notch/Notch.xcodeproj
    
    Using response file: /Users/jasonlee/Library/Developer/Xcode/DerivedData/Notch-ddzsfiyxyoauidejndllmosklbkq/Build/Intermediates.noindex/PostHog.build/Release/phlibwebp.build/Objects-normal/x86_64/7187679823f38a2a940e0043cdf9d637-common-args.resp
    
    /Applications/Xcode.app/Contents/Developer/Toolchains/XcodeDefault.xctoolchain/usr/bin/clang -x c -ivfsstatcache /Users/jasonlee/Library/Developer/Xcode/DerivedData/SDKStatCaches.noindex/macosx26.4-25E251-30f9ca8789b706f8bd3fc906a70d770f.sdkstatcache -target x86_64-apple-macos10.15 -fmessage-length\=0 -fdiagnostics-show-note-include-stack -fmacro-backtrace-limit\=0 -fno-color-diagnostics -fmodules-prune-interval\=86400 -fmodules-prune-after\=345600 -fbuild-session-file\=/Users/jasonlee/Library/Developer/Xcode/DerivedData/ModuleCache.noindex/Session.modulevalidation -fmodules-validate-once-per-build-session -Wnon-modular-include-in-framework-module -Werror\=non-modular-include-in-framework-module -Wno-trigraphs -Wno-missing-field-initializers -Wno-missing-prototypes -Wno-return-type -Wno-missing-braces -Wparentheses -Wswitch -Wno-unused-function -Wno-unused-label -Wno-unused-parameter -Wno-unused-variable -Wunused-value -Wno-empty-body -Wno-uninitialized -Wno-unknown-pragmas -w -Wno-shadow -Wno-four-char-constants -Wno-conversion -Wno-constant-conversion -Wno-int-conversion -Wno-bool-conversion -Wno-enum-conversion -Wno-float-conversion -Wno-non-literal-null-conversion -Wno-objc-literal-conversion -Wshorten-64-to-32 -Wpointer-sign -Wno-newline-eof -Wno-implicit-fallthrough -isysroot /Applications/Xcode.app/Contents/Developer/Platforms/MacOSX.platform/Developer/SDKs/MacOSX26.4.sdk -fstrict-aliasing -Wdeprecated-declarations -Wno-sign-conversion -Wno-infinite-recursion -Wno-comma -Wno-block-capture-autoreleasing -Wno-strict-prototypes -Wno-semicolon-before-method-body @/Users/jasonlee/Library/Developer/Xcode/DerivedData/Notch-ddzsfiyxyoauidejndllmosklbkq/Build/Intermediates.noindex/PostHog.build/Release/phlibwebp.build/Objects-normal/x86_64/7187679823f38a2a940e0043cdf9d637-common-args.resp -MMD -MT dependencies -MF /Users/jasonlee/Library/Developer/Xcode/DerivedData/Notch-ddzsfiyxyoauidejndllmosklbkq/Build/Intermediates.noindex/PostHog.build/Release/phlibwebp.build/Objects-normal/x86_64/bit_reader_utils.d --serialize-diagnostics /Users/jasonlee/Library/Developer/Xcode/DerivedData/Notch-ddzsfiyxyoauidejndllmosklbkq/Build/Intermediates.noindex/PostHog.build/Release/phlibwebp.build/Objects-normal/x86_64/bit_reader_utils.dia -c /Users/jasonlee/Library/Developer/Xcode/DerivedData/Notch-ddzsfiyxyoauidejndllmosklbkq/SourcePackages/checkouts/posthog-ios/vendor/libwebp/bit_reader_utils.c -o /Users/jasonlee/Library/Developer/Xcode/DerivedData/Notch-ddzsfiyxyoauidejndllmosklbkq/Build/Intermediates.noindex/PostHog.build/Release/phlibwebp.build/Objects-normal/x86_64/bit_reader_utils.o

ScanDependencies /Users/jasonlee/Library/Developer/Xcode/DerivedData/Notch-ddzsfiyxyoauidejndllmosklbkq/Build/Intermediates.noindex/PostHog.build/Release/phlibwebp.build/Objects-normal/x86_64/backward_references_enc.o /Users/jasonlee/Library/Developer/Xcode/DerivedData/Notch-ddzsfiyxyoauidejndllmosklbkq/SourcePackages/checkouts/posthog-ios/vendor/libwebp/backward_references_enc.c normal x86_64 c com.apple.compilers.llvm.clang.1_0.compiler (in target 'phlibwebp' from project 'PostHog')
    cd /Users/jasonlee/Coding/App/Notch/Notch.xcodeproj
    
    Using response file: /Users/jasonlee/Library/Developer/Xcode/DerivedData/Notch-ddzsfiyxyoauidejndllmosklbkq/Build/Intermediates.noindex/PostHog.build/Release/phlibwebp.build/Objects-normal/x86_64/7187679823f38a2a940e0043cdf9d637-common-args.resp
    
    builtin-ScanDependencies -o /Users/jasonlee/Library/Developer/Xcode/DerivedData/Notch-ddzsfiyxyoauidejndllmosklbkq/Build/Intermediates.noindex/PostHog.build/Release/phlibwebp.build/Objects-normal/x86_64/backward_references_enc.o.scan -- /Applications/Xcode.app/Contents/Developer/Toolchains/XcodeDefault.xctoolchain/usr/bin/clang -x c -ivfsstatcache /Users/jasonlee/Library/Developer/Xcode/DerivedData/SDKStatCaches.noindex/macosx26.4-25E251-30f9ca8789b706f8bd3fc906a70d770f.sdkstatcache -target x86_64-apple-macos10.15 -fmessage-length\=0 -fdiagnostics-show-note-include-stack -fmacro-backtrace-limit\=0 -fno-color-diagnostics -fmodules-prune-interval\=86400 -fmodules-prune-after\=345600 -fbuild-session-file\=/Users/jasonlee/Library/Developer/Xcode/DerivedData/ModuleCache.noindex/Session.modulevalidation -fmodules-validate-once-per-build-session -Wnon-modular-include-in-framework-module -Werror\=non-modular-include-in-framework-module -Wno-trigraphs -Wno-missing-field-initializers -Wno-missing-prototypes -Wno-return-type -Wno-missing-braces -Wparentheses -Wswitch -Wno-unused-function -Wno-unused-label -Wno-unused-parameter -Wno-unused-variable -Wunused-value -Wno-empty-body -Wno-uninitialized -Wno-unknown-pragmas -w -Wno-shadow -Wno-four-char-constants -Wno-conversion -Wno-constant-conversion -Wno-int-conversion -Wno-bool-conversion -Wno-enum-conversion -Wno-float-conversion -Wno-non-literal-null-conversion -Wno-objc-literal-conversion -Wshorten-64-to-32 -Wpointer-sign -Wno-newline-eof -Wno-implicit-fallthrough -isysroot /Applications/Xcode.app/Contents/Developer/Platforms/MacOSX.platform/Developer/SDKs/MacOSX26.4.sdk -fstrict-aliasing -Wdeprecated-declarations -Wno-sign-conversion -Wno-infinite-recursion -Wno-comma -Wno-block-capture-autoreleasing -Wno-strict-prototypes -Wno-semicolon-before-method-body @/Users/jasonlee/Library/Developer/Xcode/DerivedData/Notch-ddzsfiyxyoauidejndllmosklbkq/Build/Intermediates.noindex/PostHog.build/Release/phlibwebp.build/Objects-normal/x86_64/7187679823f38a2a940e0043cdf9d637-common-args.resp -MMD -MT dependencies -MF /Users/jasonlee/Library/Developer/Xcode/DerivedData/Notch-ddzsfiyxyoauidejndllmosklbkq/Build/Intermediates.noindex/PostHog.build/Release/phlibwebp.build/Objects-normal/x86_64/backward_references_enc.d --serialize-diagnostics /Users/jasonlee/Library/Developer/Xcode/DerivedData/Notch-ddzsfiyxyoauidejndllmosklbkq/Build/Intermediates.noindex/PostHog.build/Release/phlibwebp.build/Objects-normal/x86_64/backward_references_enc.dia -c /Users/jasonlee/Library/Developer/Xcode/DerivedData/Notch-ddzsfiyxyoauidejndllmosklbkq/SourcePackages/checkouts/posthog-ios/vendor/libwebp/backward_references_enc.c -o /Users/jasonlee/Library/Developer/Xcode/DerivedData/Notch-ddzsfiyxyoauidejndllmosklbkq/Build/Intermediates.noindex/PostHog.build/Release/phlibwebp.build/Objects-normal/x86_64/backward_references_enc.o

ScanDependencies /Users/jasonlee/Library/Developer/Xcode/DerivedData/Notch-ddzsfiyxyoauidejndllmosklbkq/Build/Intermediates.noindex/PostHog.build/Release/phlibwebp.build/Objects-normal/x86_64/backward_references_cost_enc.o /Users/jasonlee/Library/Developer/Xcode/DerivedData/Notch-ddzsfiyxyoauidejndllmosklbkq/SourcePackages/checkouts/posthog-ios/vendor/libwebp/backward_references_cost_enc.c normal x86_64 c com.apple.compilers.llvm.clang.1_0.compiler (in target 'phlibwebp' from project 'PostHog')
    cd /Users/jasonlee/Coding/App/Notch/Notch.xcodeproj
    
    Using response file: /Users/jasonlee/Library/Developer/Xcode/DerivedData/Notch-ddzsfiyxyoauidejndllmosklbkq/Build/Intermediates.noindex/PostHog.build/Release/phlibwebp.build/Objects-normal/x86_64/7187679823f38a2a940e0043cdf9d637-common-args.resp
    
    builtin-ScanDependencies -o /Users/jasonlee/Library/Developer/Xcode/DerivedData/Notch-ddzsfiyxyoauidejndllmosklbkq/Build/Intermediates.noindex/PostHog.build/Release/phlibwebp.build/Objects-normal/x86_64/backward_references_cost_enc.o.scan -- /Applications/Xcode.app/Contents/Developer/Toolchains/XcodeDefault.xctoolchain/usr/bin/clang -x c -ivfsstatcache /Users/jasonlee/Library/Developer/Xcode/DerivedData/SDKStatCaches.noindex/macosx26.4-25E251-30f9ca8789b706f8bd3fc906a70d770f.sdkstatcache -target x86_64-apple-macos10.15 -fmessage-length\=0 -fdiagnostics-show-note-include-stack -fmacro-backtrace-limit\=0 -fno-color-diagnostics -fmodules-prune-interval\=86400 -fmodules-prune-after\=345600 -fbuild-session-file\=/Users/jasonlee/Library/Developer/Xcode/DerivedData/ModuleCache.noindex/Session.modulevalidation -fmodules-validate-once-per-build-session -Wnon-modular-include-in-framework-module -Werror\=non-modular-include-in-framework-module -Wno-trigraphs -Wno-missing-field-initializers -Wno-missing-prototypes -Wno-return-type -Wno-missing-braces -Wparentheses -Wswitch -Wno-unused-function -Wno-unused-label -Wno-unused-parameter -Wno-unused-variable -Wunused-value -Wno-empty-body -Wno-uninitialized -Wno-unknown-pragmas -w -Wno-shadow -Wno-four-char-constants -Wno-conversion -Wno-constant-conversion -Wno-int-conversion -Wno-bool-conversion -Wno-enum-conversion -Wno-float-conversion -Wno-non-literal-null-conversion -Wno-objc-literal-conversion -Wshorten-64-to-32 -Wpointer-sign -Wno-newline-eof -Wno-implicit-fallthrough -isysroot /Applications/Xcode.app/Contents/Developer/Platforms/MacOSX.platform/Developer/SDKs/MacOSX26.4.sdk -fstrict-aliasing -Wdeprecated-declarations -Wno-sign-conversion -Wno-infinite-recursion -Wno-comma -Wno-block-capture-autoreleasing -Wno-strict-prototypes -Wno-semicolon-before-method-body @/Users/jasonlee/Library/Developer/Xcode/DerivedData/Notch-ddzsfiyxyoauidejndllmosklbkq/Build/Intermediates.noindex/PostHog.build/Release/phlibwebp.build/Objects-normal/x86_64/7187679823f38a2a940e0043cdf9d637-common-args.resp -MMD -MT dependencies -MF /Users/jasonlee/Library/Developer/Xcode/DerivedData/Notch-ddzsfiyxyoauidejndllmosklbkq/Build/Intermediates.noindex/PostHog.build/Release/phlibwebp.build/Objects-normal/x86_64/backward_references_cost_enc.d --serialize-diagnostics /Users/jasonlee/Library/Developer/Xcode/DerivedData/Notch-ddzsfiyxyoauidejndllmosklbkq/Build/Intermediates.noindex/PostHog.build/Release/phlibwebp.build/Objects-normal/x86_64/backward_references_cost_enc.dia -c /Users/jasonlee/Library/Developer/Xcode/DerivedData/Notch-ddzsfiyxyoauidejndllmosklbkq/SourcePackages/checkouts/posthog-ios/vendor/libwebp/backward_references_cost_enc.c -o /Users/jasonlee/Library/Developer/Xcode/DerivedData/Notch-ddzsfiyxyoauidejndllmosklbkq/Build/Intermediates.noindex/PostHog.build/Release/phlibwebp.build/Objects-normal/x86_64/backward_references_cost_enc.o

ScanDependencies /Users/jasonlee/Library/Developer/Xcode/DerivedData/Notch-ddzsfiyxyoauidejndllmosklbkq/Build/Intermediates.noindex/PostHog.build/Release/phlibwebp.build/Objects-normal/x86_64/analysis_enc.o /Users/jasonlee/Library/Developer/Xcode/DerivedData/Notch-ddzsfiyxyoauidejndllmosklbkq/SourcePackages/checkouts/posthog-ios/vendor/libwebp/analysis_enc.c normal x86_64 c com.apple.compilers.llvm.clang.1_0.compiler (in target 'phlibwebp' from project 'PostHog')
    cd /Users/jasonlee/Coding/App/Notch/Notch.xcodeproj
    
    Using response file: /Users/jasonlee/Library/Developer/Xcode/DerivedData/Notch-ddzsfiyxyoauidejndllmosklbkq/Build/Intermediates.noindex/PostHog.build/Release/phlibwebp.build/Objects-normal/x86_64/7187679823f38a2a940e0043cdf9d637-common-args.resp
    
    builtin-ScanDependencies -o /Users/jasonlee/Library/Developer/Xcode/DerivedData/Notch-ddzsfiyxyoauidejndllmosklbkq/Build/Intermediates.noindex/PostHog.build/Release/phlibwebp.build/Objects-normal/x86_64/analysis_enc.o.scan -- /Applications/Xcode.app/Contents/Developer/Toolchains/XcodeDefault.xctoolchain/usr/bin/clang -x c -ivfsstatcache /Users/jasonlee/Library/Developer/Xcode/DerivedData/SDKStatCaches.noindex/macosx26.4-25E251-30f9ca8789b706f8bd3fc906a70d770f.sdkstatcache -target x86_64-apple-macos10.15 -fmessage-length\=0 -fdiagnostics-show-note-include-stack -fmacro-backtrace-limit\=0 -fno-color-diagnostics -fmodules-prune-interval\=86400 -fmodules-prune-after\=345600 -fbuild-session-file\=/Users/jasonlee/Library/Developer/Xcode/DerivedData/ModuleCache.noindex/Session.modulevalidation -fmodules-validate-once-per-build-session -Wnon-modular-include-in-framework-module -Werror\=non-modular-include-in-framework-module -Wno-trigraphs -Wno-missing-field-initializers -Wno-missing-prototypes -Wno-return-type -Wno-missing-braces -Wparentheses -Wswitch -Wno-unused-function -Wno-unused-label -Wno-unused-parameter -Wno-unused-variable -Wunused-value -Wno-empty-body -Wno-uninitialized -Wno-unknown-pragmas -w -Wno-shadow -Wno-four-char-constants -Wno-conversion -Wno-constant-conversion -Wno-int-conversion -Wno-bool-conversion -Wno-enum-conversion -Wno-float-conversion -Wno-non-literal-null-conversion -Wno-objc-literal-conversion -Wshorten-64-to-32 -Wpointer-sign -Wno-newline-eof -Wno-implicit-fallthrough -isysroot /Applications/Xcode.app/Contents/Developer/Platforms/MacOSX.platform/Developer/SDKs/MacOSX26.4.sdk -fstrict-aliasing -Wdeprecated-declarations -Wno-sign-conversion -Wno-infinite-recursion -Wno-comma -Wno-block-capture-autoreleasing -Wno-strict-prototypes -Wno-semicolon-before-method-body @/Users/jasonlee/Library/Developer/Xcode/DerivedData/Notch-ddzsfiyxyoauidejndllmosklbkq/Build/Intermediates.noindex/PostHog.build/Release/phlibwebp.build/Objects-normal/x86_64/7187679823f38a2a940e0043cdf9d637-common-args.resp -MMD -MT dependencies -MF /Users/jasonlee/Library/Developer/Xcode/DerivedData/Notch-ddzsfiyxyoauidejndllmosklbkq/Build/Intermediates.noindex/PostHog.build/Release/phlibwebp.build/Objects-normal/x86_64/analysis_enc.d --serialize-diagnostics /Users/jasonlee/Library/Developer/Xcode/DerivedData/Notch-ddzsfiyxyoauidejndllmosklbkq/Build/Intermediates.noindex/PostHog.build/Release/phlibwebp.build/Objects-normal/x86_64/analysis_enc.dia -c /Users/jasonlee/Library/Developer/Xcode/DerivedData/Notch-ddzsfiyxyoauidejndllmosklbkq/SourcePackages/checkouts/posthog-ios/vendor/libwebp/analysis_enc.c -o /Users/jasonlee/Library/Developer/Xcode/DerivedData/Notch-ddzsfiyxyoauidejndllmosklbkq/Build/Intermediates.noindex/PostHog.build/Release/phlibwebp.build/Objects-normal/x86_64/analysis_enc.o

ScanDependencies /Users/jasonlee/Library/Developer/Xcode/DerivedData/Notch-ddzsfiyxyoauidejndllmosklbkq/Build/Intermediates.noindex/PostHog.build/Release/phlibwebp.build/Objects-normal/x86_64/alpha_processing_sse41.o /Users/jasonlee/Library/Developer/Xcode/DerivedData/Notch-ddzsfiyxyoauidejndllmosklbkq/SourcePackages/checkouts/posthog-ios/vendor/libwebp/alpha_processing_sse41.c normal x86_64 c com.apple.compilers.llvm.clang.1_0.compiler (in target 'phlibwebp' from project 'PostHog')
    cd /Users/jasonlee/Coding/App/Notch/Notch.xcodeproj
    
    Using response file: /Users/jasonlee/Library/Developer/Xcode/DerivedData/Notch-ddzsfiyxyoauidejndllmosklbkq/Build/Intermediates.noindex/PostHog.build/Release/phlibwebp.build/Objects-normal/x86_64/7187679823f38a2a940e0043cdf9d637-common-args.resp
    
    builtin-ScanDependencies -o /Users/jasonlee/Library/Developer/Xcode/DerivedData/Notch-ddzsfiyxyoauidejndllmosklbkq/Build/Intermediates.noindex/PostHog.build/Release/phlibwebp.build/Objects-normal/x86_64/alpha_processing_sse41.o.scan -- /Applications/Xcode.app/Contents/Developer/Toolchains/XcodeDefault.xctoolchain/usr/bin/clang -x c -ivfsstatcache /Users/jasonlee/Library/Developer/Xcode/DerivedData/SDKStatCaches.noindex/macosx26.4-25E251-30f9ca8789b706f8bd3fc906a70d770f.sdkstatcache -target x86_64-apple-macos10.15 -fmessage-length\=0 -fdiagnostics-show-note-include-stack -fmacro-backtrace-limit\=0 -fno-color-diagnostics -fmodules-prune-interval\=86400 -fmodules-prune-after\=345600 -fbuild-session-file\=/Users/jasonlee/Library/Developer/Xcode/DerivedData/ModuleCache.noindex/Session.modulevalidation -fmodules-validate-once-per-build-session -Wnon-modular-include-in-framework-module -Werror\=non-modular-include-in-framework-module -Wno-trigraphs -Wno-missing-field-initializers -Wno-missing-prototypes -Wno-return-type -Wno-missing-braces -Wparentheses -Wswitch -Wno-unused-function -Wno-unused-label -Wno-unused-parameter -Wno-unused-variable -Wunused-value -Wno-empty-body -Wno-uninitialized -Wno-unknown-pragmas -w -Wno-shadow -Wno-four-char-constants -Wno-conversion -Wno-constant-conversion -Wno-int-conversion -Wno-bool-conversion -Wno-enum-conversion -Wno-float-conversion -Wno-non-literal-null-conversion -Wno-objc-literal-conversion -Wshorten-64-to-32 -Wpointer-sign -Wno-newline-eof -Wno-implicit-fallthrough -isysroot /Applications/Xcode.app/Contents/Developer/Platforms/MacOSX.platform/Developer/SDKs/MacOSX26.4.sdk -fstrict-aliasing -Wdeprecated-declarations -Wno-sign-conversion -Wno-infinite-recursion -Wno-comma -Wno-block-capture-autoreleasing -Wno-strict-prototypes -Wno-semicolon-before-method-body @/Users/jasonlee/Library/Developer/Xcode/DerivedData/Notch-ddzsfiyxyoauidejndllmosklbkq/Build/Intermediates.noindex/PostHog.build/Release/phlibwebp.build/Objects-normal/x86_64/7187679823f38a2a940e0043cdf9d637-common-args.resp -MMD -MT dependencies -MF /Users/jasonlee/Library/Developer/Xcode/DerivedData/Notch-ddzsfiyxyoauidejndllmosklbkq/Build/Intermediates.noindex/PostHog.build/Release/phlibwebp.build/Objects-normal/x86_64/alpha_processing_sse41.d --serialize-diagnostics /Users/jasonlee/Library/Developer/Xcode/DerivedData/Notch-ddzsfiyxyoauidejndllmosklbkq/Build/Intermediates.noindex/PostHog.build/Release/phlibwebp.build/Objects-normal/x86_64/alpha_processing_sse41.dia -c /Users/jasonlee/Library/Developer/Xcode/DerivedData/Notch-ddzsfiyxyoauidejndllmosklbkq/SourcePackages/checkouts/posthog-ios/vendor/libwebp/alpha_processing_sse41.c -o /Users/jasonlee/Library/Developer/Xcode/DerivedData/Notch-ddzsfiyxyoauidejndllmosklbkq/Build/Intermediates.noindex/PostHog.build/Release/phlibwebp.build/Objects-normal/x86_64/alpha_processing_sse41.o

CompileC /Users/jasonlee/Library/Developer/Xcode/DerivedData/Notch-ddzsfiyxyoauidejndllmosklbkq/Build/Intermediates.noindex/PostHog.build/Release/phlibwebp.build/Objects-normal/x86_64/backward_references_enc.o /Users/jasonlee/Library/Developer/Xcode/DerivedData/Notch-ddzsfiyxyoauidejndllmosklbkq/SourcePackages/checkouts/posthog-ios/vendor/libwebp/backward_references_enc.c normal x86_64 c com.apple.compilers.llvm.clang.1_0.compiler (in target 'phlibwebp' from project 'PostHog')
    cd /Users/jasonlee/Coding/App/Notch/Notch.xcodeproj
    
    Using response file: /Users/jasonlee/Library/Developer/Xcode/DerivedData/Notch-ddzsfiyxyoauidejndllmosklbkq/Build/Intermediates.noindex/PostHog.build/Release/phlibwebp.build/Objects-normal/x86_64/7187679823f38a2a940e0043cdf9d637-common-args.resp
    
    /Applications/Xcode.app/Contents/Developer/Toolchains/XcodeDefault.xctoolchain/usr/bin/clang -x c -ivfsstatcache /Users/jasonlee/Library/Developer/Xcode/DerivedData/SDKStatCaches.noindex/macosx26.4-25E251-30f9ca8789b706f8bd3fc906a70d770f.sdkstatcache -target x86_64-apple-macos10.15 -fmessage-length\=0 -fdiagnostics-show-note-include-stack -fmacro-backtrace-limit\=0 -fno-color-diagnostics -fmodules-prune-interval\=86400 -fmodules-prune-after\=345600 -fbuild-session-file\=/Users/jasonlee/Library/Developer/Xcode/DerivedData/ModuleCache.noindex/Session.modulevalidation -fmodules-validate-once-per-build-session -Wnon-modular-include-in-framework-module -Werror\=non-modular-include-in-framework-module -Wno-trigraphs -Wno-missing-field-initializers -Wno-missing-prototypes -Wno-return-type -Wno-missing-braces -Wparentheses -Wswitch -Wno-unused-function -Wno-unused-label -Wno-unused-parameter -Wno-unused-variable -Wunused-value -Wno-empty-body -Wno-uninitialized -Wno-unknown-pragmas -w -Wno-shadow -Wno-four-char-constants -Wno-conversion -Wno-constant-conversion -Wno-int-conversion -Wno-bool-conversion -Wno-enum-conversion -Wno-float-conversion -Wno-non-literal-null-conversion -Wno-objc-literal-conversion -Wshorten-64-to-32 -Wpointer-sign -Wno-newline-eof -Wno-implicit-fallthrough -isysroot /Applications/Xcode.app/Contents/Developer/Platforms/MacOSX.platform/Developer/SDKs/MacOSX26.4.sdk -fstrict-aliasing -Wdeprecated-declarations -Wno-sign-conversion -Wno-infinite-recursion -Wno-comma -Wno-block-capture-autoreleasing -Wno-strict-prototypes -Wno-semicolon-before-method-body @/Users/jasonlee/Library/Developer/Xcode/DerivedData/Notch-ddzsfiyxyoauidejndllmosklbkq/Build/Intermediates.noindex/PostHog.build/Release/phlibwebp.build/Objects-normal/x86_64/7187679823f38a2a940e0043cdf9d637-common-args.resp -MMD -MT dependencies -MF /Users/jasonlee/Library/Developer/Xcode/DerivedData/Notch-ddzsfiyxyoauidejndllmosklbkq/Build/Intermediates.noindex/PostHog.build/Release/phlibwebp.build/Objects-normal/x86_64/backward_references_enc.d --serialize-diagnostics /Users/jasonlee/Library/Developer/Xcode/DerivedData/Notch-ddzsfiyxyoauidejndllmosklbkq/Build/Intermediates.noindex/PostHog.build/Release/phlibwebp.build/Objects-normal/x86_64/backward_references_enc.dia -c /Users/jasonlee/Library/Developer/Xcode/DerivedData/Notch-ddzsfiyxyoauidejndllmosklbkq/SourcePackages/checkouts/posthog-ios/vendor/libwebp/backward_references_enc.c -o /Users/jasonlee/Library/Developer/Xcode/DerivedData/Notch-ddzsfiyxyoauidejndllmosklbkq/Build/Intermediates.noindex/PostHog.build/Release/phlibwebp.build/Objects-normal/x86_64/backward_references_enc.o

CompileC /Users/jasonlee/Library/Developer/Xcode/DerivedData/Notch-ddzsfiyxyoauidejndllmosklbkq/Build/Intermediates.noindex/PostHog.build/Release/phlibwebp.build/Objects-normal/x86_64/analysis_enc.o /Users/jasonlee/Library/Developer/Xcode/DerivedData/Notch-ddzsfiyxyoauidejndllmosklbkq/SourcePackages/checkouts/posthog-ios/vendor/libwebp/analysis_enc.c normal x86_64 c com.apple.compilers.llvm.clang.1_0.compiler (in target 'phlibwebp' from project 'PostHog')
    cd /Users/jasonlee/Coding/App/Notch/Notch.xcodeproj
    
    Using response file: /Users/jasonlee/Library/Developer/Xcode/DerivedData/Notch-ddzsfiyxyoauidejndllmosklbkq/Build/Intermediates.noindex/PostHog.build/Release/phlibwebp.build/Objects-normal/x86_64/7187679823f38a2a940e0043cdf9d637-common-args.resp
    
    /Applications/Xcode.app/Contents/Developer/Toolchains/XcodeDefault.xctoolchain/usr/bin/clang -x c -ivfsstatcache /Users/jasonlee/Library/Developer/Xcode/DerivedData/SDKStatCaches.noindex/macosx26.4-25E251-30f9ca8789b706f8bd3fc906a70d770f.sdkstatcache -target x86_64-apple-macos10.15 -fmessage-length\=0 -fdiagnostics-show-note-include-stack -fmacro-backtrace-limit\=0 -fno-color-diagnostics -fmodules-prune-interval\=86400 -fmodules-prune-after\=345600 -fbuild-session-file\=/Users/jasonlee/Library/Developer/Xcode/DerivedData/ModuleCache.noindex/Session.modulevalidation -fmodules-validate-once-per-build-session -Wnon-modular-include-in-framework-module -Werror\=non-modular-include-in-framework-module -Wno-trigraphs -Wno-missing-field-initializers -Wno-missing-prototypes -Wno-return-type -Wno-missing-braces -Wparentheses -Wswitch -Wno-unused-function -Wno-unused-label -Wno-unused-parameter -Wno-unused-variable -Wunused-value -Wno-empty-body -Wno-uninitialized -Wno-unknown-pragmas -w -Wno-shadow -Wno-four-char-constants -Wno-conversion -Wno-constant-conversion -Wno-int-conversion -Wno-bool-conversion -Wno-enum-conversion -Wno-float-conversion -Wno-non-literal-null-conversion -Wno-objc-literal-conversion -Wshorten-64-to-32 -Wpointer-sign -Wno-newline-eof -Wno-implicit-fallthrough -isysroot /Applications/Xcode.app/Contents/Developer/Platforms/MacOSX.platform/Developer/SDKs/MacOSX26.4.sdk -fstrict-aliasing -Wdeprecated-declarations -Wno-sign-conversion -Wno-infinite-recursion -Wno-comma -Wno-block-capture-autoreleasing -Wno-strict-prototypes -Wno-semicolon-before-method-body @/Users/jasonlee/Library/Developer/Xcode/DerivedData/Notch-ddzsfiyxyoauidejndllmosklbkq/Build/Intermediates.noindex/PostHog.build/Release/phlibwebp.build/Objects-normal/x86_64/7187679823f38a2a940e0043cdf9d637-common-args.resp -MMD -MT dependencies -MF /Users/jasonlee/Library/Developer/Xcode/DerivedData/Notch-ddzsfiyxyoauidejndllmosklbkq/Build/Intermediates.noindex/PostHog.build/Release/phlibwebp.build/Objects-normal/x86_64/analysis_enc.d --serialize-diagnostics /Users/jasonlee/Library/Developer/Xcode/DerivedData/Notch-ddzsfiyxyoauidejndllmosklbkq/Build/Intermediates.noindex/PostHog.build/Release/phlibwebp.build/Objects-normal/x86_64/analysis_enc.dia -c /Users/jasonlee/Library/Developer/Xcode/DerivedData/Notch-ddzsfiyxyoauidejndllmosklbkq/SourcePackages/checkouts/posthog-ios/vendor/libwebp/analysis_enc.c -o /Users/jasonlee/Library/Developer/Xcode/DerivedData/Notch-ddzsfiyxyoauidejndllmosklbkq/Build/Intermediates.noindex/PostHog.build/Release/phlibwebp.build/Objects-normal/x86_64/analysis_enc.o

CompileC /Users/jasonlee/Library/Developer/Xcode/DerivedData/Notch-ddzsfiyxyoauidejndllmosklbkq/Build/Intermediates.noindex/PostHog.build/Release/phlibwebp.build/Objects-normal/x86_64/backward_references_cost_enc.o /Users/jasonlee/Library/Developer/Xcode/DerivedData/Notch-ddzsfiyxyoauidejndllmosklbkq/SourcePackages/checkouts/posthog-ios/vendor/libwebp/backward_references_cost_enc.c normal x86_64 c com.apple.compilers.llvm.clang.1_0.compiler (in target 'phlibwebp' from project 'PostHog')
    cd /Users/jasonlee/Coding/App/Notch/Notch.xcodeproj
    
    Using response file: /Users/jasonlee/Library/Developer/Xcode/DerivedData/Notch-ddzsfiyxyoauidejndllmosklbkq/Build/Intermediates.noindex/PostHog.build/Release/phlibwebp.build/Objects-normal/x86_64/7187679823f38a2a940e0043cdf9d637-common-args.resp
    
    /Applications/Xcode.app/Contents/Developer/Toolchains/XcodeDefault.xctoolchain/usr/bin/clang -x c -ivfsstatcache /Users/jasonlee/Library/Developer/Xcode/DerivedData/SDKStatCaches.noindex/macosx26.4-25E251-30f9ca8789b706f8bd3fc906a70d770f.sdkstatcache -target x86_64-apple-macos10.15 -fmessage-length\=0 -fdiagnostics-show-note-include-stack -fmacro-backtrace-limit\=0 -fno-color-diagnostics -fmodules-prune-interval\=86400 -fmodules-prune-after\=345600 -fbuild-session-file\=/Users/jasonlee/Library/Developer/Xcode/DerivedData/ModuleCache.noindex/Session.modulevalidation -fmodules-validate-once-per-build-session -Wnon-modular-include-in-framework-module -Werror\=non-modular-include-in-framework-module -Wno-trigraphs -Wno-missing-field-initializers -Wno-missing-prototypes -Wno-return-type -Wno-missing-braces -Wparentheses -Wswitch -Wno-unused-function -Wno-unused-label -Wno-unused-parameter -Wno-unused-variable -Wunused-value -Wno-empty-body -Wno-uninitialized -Wno-unknown-pragmas -w -Wno-shadow -Wno-four-char-constants -Wno-conversion -Wno-constant-conversion -Wno-int-conversion -Wno-bool-conversion -Wno-enum-conversion -Wno-float-conversion -Wno-non-literal-null-conversion -Wno-objc-literal-conversion -Wshorten-64-to-32 -Wpointer-sign -Wno-newline-eof -Wno-implicit-fallthrough -isysroot /Applications/Xcode.app/Contents/Developer/Platforms/MacOSX.platform/Developer/SDKs/MacOSX26.4.sdk -fstrict-aliasing -Wdeprecated-declarations -Wno-sign-conversion -Wno-infinite-recursion -Wno-comma -Wno-block-capture-autoreleasing -Wno-strict-prototypes -Wno-semicolon-before-method-body @/Users/jasonlee/Library/Developer/Xcode/DerivedData/Notch-ddzsfiyxyoauidejndllmosklbkq/Build/Intermediates.noindex/PostHog.build/Release/phlibwebp.build/Objects-normal/x86_64/7187679823f38a2a940e0043cdf9d637-common-args.resp -MMD -MT dependencies -MF /Users/jasonlee/Library/Developer/Xcode/DerivedData/Notch-ddzsfiyxyoauidejndllmosklbkq/Build/Intermediates.noindex/PostHog.build/Release/phlibwebp.build/Objects-normal/x86_64/backward_references_cost_enc.d --serialize-diagnostics /Users/jasonlee/Library/Developer/Xcode/DerivedData/Notch-ddzsfiyxyoauidejndllmosklbkq/Build/Intermediates.noindex/PostHog.build/Release/phlibwebp.build/Objects-normal/x86_64/backward_references_cost_enc.dia -c /Users/jasonlee/Library/Developer/Xcode/DerivedData/Notch-ddzsfiyxyoauidejndllmosklbkq/SourcePackages/checkouts/posthog-ios/vendor/libwebp/backward_references_cost_enc.c -o /Users/jasonlee/Library/Developer/Xcode/DerivedData/Notch-ddzsfiyxyoauidejndllmosklbkq/Build/Intermediates.noindex/PostHog.build/Release/phlibwebp.build/Objects-normal/x86_64/backward_references_cost_enc.o

CompileC /Users/jasonlee/Library/Developer/Xcode/DerivedData/Notch-ddzsfiyxyoauidejndllmosklbkq/Build/Intermediates.noindex/PostHog.build/Release/phlibwebp.build/Objects-normal/x86_64/alpha_processing_sse41.o /Users/jasonlee/Library/Developer/Xcode/DerivedData/Notch-ddzsfiyxyoauidejndllmosklbkq/SourcePackages/checkouts/posthog-ios/vendor/libwebp/alpha_processing_sse41.c normal x86_64 c com.apple.compilers.llvm.clang.1_0.compiler (in target 'phlibwebp' from project 'PostHog')
    cd /Users/jasonlee/Coding/App/Notch/Notch.xcodeproj
    
    Using response file: /Users/jasonlee/Library/Developer/Xcode/DerivedData/Notch-ddzsfiyxyoauidejndllmosklbkq/Build/Intermediates.noindex/PostHog.build/Release/phlibwebp.build/Objects-normal/x86_64/7187679823f38a2a940e0043cdf9d637-common-args.resp
    
    /Applications/Xcode.app/Contents/Developer/Toolchains/XcodeDefault.xctoolchain/usr/bin/clang -x c -ivfsstatcache /Users/jasonlee/Library/Developer/Xcode/DerivedData/SDKStatCaches.noindex/macosx26.4-25E251-30f9ca8789b706f8bd3fc906a70d770f.sdkstatcache -target x86_64-apple-macos10.15 -fmessage-length\=0 -fdiagnostics-show-note-include-stack -fmacro-backtrace-limit\=0 -fno-color-diagnostics -fmodules-prune-interval\=86400 -fmodules-prune-after\=345600 -fbuild-session-file\=/Users/jasonlee/Library/Developer/Xcode/DerivedData/ModuleCache.noindex/Session.modulevalidation -fmodules-validate-once-per-build-session -Wnon-modular-include-in-framework-module -Werror\=non-modular-include-in-framework-module -Wno-trigraphs -Wno-missing-field-initializers -Wno-missing-prototypes -Wno-return-type -Wno-missing-braces -Wparentheses -Wswitch -Wno-unused-function -Wno-unused-label -Wno-unused-parameter -Wno-unused-variable -Wunused-value -Wno-empty-body -Wno-uninitialized -Wno-unknown-pragmas -w -Wno-shadow -Wno-four-char-constants -Wno-conversion -Wno-constant-conversion -Wno-int-conversion -Wno-bool-conversion -Wno-enum-conversion -Wno-float-conversion -Wno-non-literal-null-conversion -Wno-objc-literal-conversion -Wshorten-64-to-32 -Wpointer-sign -Wno-newline-eof -Wno-implicit-fallthrough -isysroot /Applications/Xcode.app/Contents/Developer/Platforms/MacOSX.platform/Developer/SDKs/MacOSX26.4.sdk -fstrict-aliasing -Wdeprecated-declarations -Wno-sign-conversion -Wno-infinite-recursion -Wno-comma -Wno-block-capture-autoreleasing -Wno-strict-prototypes -Wno-semicolon-before-method-body @/Users/jasonlee/Library/Developer/Xcode/DerivedData/Notch-ddzsfiyxyoauidejndllmosklbkq/Build/Intermediates.noindex/PostHog.build/Release/phlibwebp.build/Objects-normal/x86_64/7187679823f38a2a940e0043cdf9d637-common-args.resp -MMD -MT dependencies -MF /Users/jasonlee/Library/Developer/Xcode/DerivedData/Notch-ddzsfiyxyoauidejndllmosklbkq/Build/Intermediates.noindex/PostHog.build/Release/phlibwebp.build/Objects-normal/x86_64/alpha_processing_sse41.d --serialize-diagnostics /Users/jasonlee/Library/Developer/Xcode/DerivedData/Notch-ddzsfiyxyoauidejndllmosklbkq/Build/Intermediates.noindex/PostHog.build/Release/phlibwebp.build/Objects-normal/x86_64/alpha_processing_sse41.dia -c /Users/jasonlee/Library/Developer/Xcode/DerivedData/Notch-ddzsfiyxyoauidejndllmosklbkq/SourcePackages/checkouts/posthog-ios/vendor/libwebp/alpha_processing_sse41.c -o /Users/jasonlee/Library/Developer/Xcode/DerivedData/Notch-ddzsfiyxyoauidejndllmosklbkq/Build/Intermediates.noindex/PostHog.build/Release/phlibwebp.build/Objects-normal/x86_64/alpha_processing_sse41.o

ScanDependencies /Users/jasonlee/Library/Developer/Xcode/DerivedData/Notch-ddzsfiyxyoauidejndllmosklbkq/Build/Intermediates.noindex/PostHog.build/Release/phlibwebp.build/Objects-normal/x86_64/alpha_processing_sse2.o /Users/jasonlee/Library/Developer/Xcode/DerivedData/Notch-ddzsfiyxyoauidejndllmosklbkq/SourcePackages/checkouts/posthog-ios/vendor/libwebp/alpha_processing_sse2.c normal x86_64 c com.apple.compilers.llvm.clang.1_0.compiler (in target 'phlibwebp' from project 'PostHog')
    cd /Users/jasonlee/Coding/App/Notch/Notch.xcodeproj
    
    Using response file: /Users/jasonlee/Library/Developer/Xcode/DerivedData/Notch-ddzsfiyxyoauidejndllmosklbkq/Build/Intermediates.noindex/PostHog.build/Release/phlibwebp.build/Objects-normal/x86_64/7187679823f38a2a940e0043cdf9d637-common-args.resp
    
    builtin-ScanDependencies -o /Users/jasonlee/Library/Developer/Xcode/DerivedData/Notch-ddzsfiyxyoauidejndllmosklbkq/Build/Intermediates.noindex/PostHog.build/Release/phlibwebp.build/Objects-normal/x86_64/alpha_processing_sse2.o.scan -- /Applications/Xcode.app/Contents/Developer/Toolchains/XcodeDefault.xctoolchain/usr/bin/clang -x c -ivfsstatcache /Users/jasonlee/Library/Developer/Xcode/DerivedData/SDKStatCaches.noindex/macosx26.4-25E251-30f9ca8789b706f8bd3fc906a70d770f.sdkstatcache -target x86_64-apple-macos10.15 -fmessage-length\=0 -fdiagnostics-show-note-include-stack -fmacro-backtrace-limit\=0 -fno-color-diagnostics -fmodules-prune-interval\=86400 -fmodules-prune-after\=345600 -fbuild-session-file\=/Users/jasonlee/Library/Developer/Xcode/DerivedData/ModuleCache.noindex/Session.modulevalidation -fmodules-validate-once-per-build-session -Wnon-modular-include-in-framework-module -Werror\=non-modular-include-in-framework-module -Wno-trigraphs -Wno-missing-field-initializers -Wno-missing-prototypes -Wno-return-type -Wno-missing-braces -Wparentheses -Wswitch -Wno-unused-function -Wno-unused-label -Wno-unused-parameter -Wno-unused-variable -Wunused-value -Wno-empty-body -Wno-uninitialized -Wno-unknown-pragmas -w -Wno-shadow -Wno-four-char-constants -Wno-conversion -Wno-constant-conversion -Wno-int-conversion -Wno-bool-conversion -Wno-enum-conversion -Wno-float-conversion -Wno-non-literal-null-conversion -Wno-objc-literal-conversion -Wshorten-64-to-32 -Wpointer-sign -Wno-newline-eof -Wno-implicit-fallthrough -isysroot /Applications/Xcode.app/Contents/Developer/Platforms/MacOSX.platform/Developer/SDKs/MacOSX26.4.sdk -fstrict-aliasing -Wdeprecated-declarations -Wno-sign-conversion -Wno-infinite-recursion -Wno-comma -Wno-block-capture-autoreleasing -Wno-strict-prototypes -Wno-semicolon-before-method-body @/Users/jasonlee/Library/Developer/Xcode/DerivedData/Notch-ddzsfiyxyoauidejndllmosklbkq/Build/Intermediates.noindex/PostHog.build/Release/phlibwebp.build/Objects-normal/x86_64/7187679823f38a2a940e0043cdf9d637-common-args.resp -MMD -MT dependencies -MF /Users/jasonlee/Library/Developer/Xcode/DerivedData/Notch-ddzsfiyxyoauidejndllmosklbkq/Build/Intermediates.noindex/PostHog.build/Release/phlibwebp.build/Objects-normal/x86_64/alpha_processing_sse2.d --serialize-diagnostics /Users/jasonlee/Library/Developer/Xcode/DerivedData/Notch-ddzsfiyxyoauidejndllmosklbkq/Build/Intermediates.noindex/PostHog.build/Release/phlibwebp.build/Objects-normal/x86_64/alpha_processing_sse2.dia -c /Users/jasonlee/Library/Developer/Xcode/DerivedData/Notch-ddzsfiyxyoauidejndllmosklbkq/SourcePackages/checkouts/posthog-ios/vendor/libwebp/alpha_processing_sse2.c -o /Users/jasonlee/Library/Developer/Xcode/DerivedData/Notch-ddzsfiyxyoauidejndllmosklbkq/Build/Intermediates.noindex/PostHog.build/Release/phlibwebp.build/Objects-normal/x86_64/alpha_processing_sse2.o

ScanDependencies /Users/jasonlee/Library/Developer/Xcode/DerivedData/Notch-ddzsfiyxyoauidejndllmosklbkq/Build/Intermediates.noindex/PostHog.build/Release/phlibwebp.build/Objects-normal/x86_64/alpha_processing_neon.o /Users/jasonlee/Library/Developer/Xcode/DerivedData/Notch-ddzsfiyxyoauidejndllmosklbkq/SourcePackages/checkouts/posthog-ios/vendor/libwebp/alpha_processing_neon.c normal x86_64 c com.apple.compilers.llvm.clang.1_0.compiler (in target 'phlibwebp' from project 'PostHog')
    cd /Users/jasonlee/Coding/App/Notch/Notch.xcodeproj
    
    Using response file: /Users/jasonlee/Library/Developer/Xcode/DerivedData/Notch-ddzsfiyxyoauidejndllmosklbkq/Build/Intermediates.noindex/PostHog.build/Release/phlibwebp.build/Objects-normal/x86_64/7187679823f38a2a940e0043cdf9d637-common-args.resp
    
    builtin-ScanDependencies -o /Users/jasonlee/Library/Developer/Xcode/DerivedData/Notch-ddzsfiyxyoauidejndllmosklbkq/Build/Intermediates.noindex/PostHog.build/Release/phlibwebp.build/Objects-normal/x86_64/alpha_processing_neon.o.scan -- /Applications/Xcode.app/Contents/Developer/Toolchains/XcodeDefault.xctoolchain/usr/bin/clang -x c -ivfsstatcache /Users/jasonlee/Library/Developer/Xcode/DerivedData/SDKStatCaches.noindex/macosx26.4-25E251-30f9ca8789b706f8bd3fc906a70d770f.sdkstatcache -target x86_64-apple-macos10.15 -fmessage-length\=0 -fdiagnostics-show-note-include-stack -fmacro-backtrace-limit\=0 -fno-color-diagnostics -fmodules-prune-interval\=86400 -fmodules-prune-after\=345600 -fbuild-session-file\=/Users/jasonlee/Library/Developer/Xcode/DerivedData/ModuleCache.noindex/Session.modulevalidation -fmodules-validate-once-per-build-session -Wnon-modular-include-in-framework-module -Werror\=non-modular-include-in-framework-module -Wno-trigraphs -Wno-missing-field-initializers -Wno-missing-prototypes -Wno-return-type -Wno-missing-braces -Wparentheses -Wswitch -Wno-unused-function -Wno-unused-label -Wno-unused-parameter -Wno-unused-variable -Wunused-value -Wno-empty-body -Wno-uninitialized -Wno-unknown-pragmas -w -Wno-shadow -Wno-four-char-constants -Wno-conversion -Wno-constant-conversion -Wno-int-conversion -Wno-bool-conversion -Wno-enum-conversion -Wno-float-conversion -Wno-non-literal-null-conversion -Wno-objc-literal-conversion -Wshorten-64-to-32 -Wpointer-sign -Wno-newline-eof -Wno-implicit-fallthrough -isysroot /Applications/Xcode.app/Contents/Developer/Platforms/MacOSX.platform/Developer/SDKs/MacOSX26.4.sdk -fstrict-aliasing -Wdeprecated-declarations -Wno-sign-conversion -Wno-infinite-recursion -Wno-comma -Wno-block-capture-autoreleasing -Wno-strict-prototypes -Wno-semicolon-before-method-body @/Users/jasonlee/Library/Developer/Xcode/DerivedData/Notch-ddzsfiyxyoauidejndllmosklbkq/Build/Intermediates.noindex/PostHog.build/Release/phlibwebp.build/Objects-normal/x86_64/7187679823f38a2a940e0043cdf9d637-common-args.resp -MMD -MT dependencies -MF /Users/jasonlee/Library/Developer/Xcode/DerivedData/Notch-ddzsfiyxyoauidejndllmosklbkq/Build/Intermediates.noindex/PostHog.build/Release/phlibwebp.build/Objects-normal/x86_64/alpha_processing_neon.d --serialize-diagnostics /Users/jasonlee/Library/Developer/Xcode/DerivedData/Notch-ddzsfiyxyoauidejndllmosklbkq/Build/Intermediates.noindex/PostHog.build/Release/phlibwebp.build/Objects-normal/x86_64/alpha_processing_neon.dia -c /Users/jasonlee/Library/Developer/Xcode/DerivedData/Notch-ddzsfiyxyoauidejndllmosklbkq/SourcePackages/checkouts/posthog-ios/vendor/libwebp/alpha_processing_neon.c -o /Users/jasonlee/Library/Developer/Xcode/DerivedData/Notch-ddzsfiyxyoauidejndllmosklbkq/Build/Intermediates.noindex/PostHog.build/Release/phlibwebp.build/Objects-normal/x86_64/alpha_processing_neon.o

ScanDependencies /Users/jasonlee/Library/Developer/Xcode/DerivedData/Notch-ddzsfiyxyoauidejndllmosklbkq/Build/Intermediates.noindex/PostHog.build/Release/phlibwebp.build/Objects-normal/x86_64/alpha_processing.o /Users/jasonlee/Library/Developer/Xcode/DerivedData/Notch-ddzsfiyxyoauidejndllmosklbkq/SourcePackages/checkouts/posthog-ios/vendor/libwebp/alpha_processing.c normal x86_64 c com.apple.compilers.llvm.clang.1_0.compiler (in target 'phlibwebp' from project 'PostHog')
    cd /Users/jasonlee/Coding/App/Notch/Notch.xcodeproj
    
    Using response file: /Users/jasonlee/Library/Developer/Xcode/DerivedData/Notch-ddzsfiyxyoauidejndllmosklbkq/Build/Intermediates.noindex/PostHog.build/Release/phlibwebp.build/Objects-normal/x86_64/7187679823f38a2a940e0043cdf9d637-common-args.resp
    
    builtin-ScanDependencies -o /Users/jasonlee/Library/Developer/Xcode/DerivedData/Notch-ddzsfiyxyoauidejndllmosklbkq/Build/Intermediates.noindex/PostHog.build/Release/phlibwebp.build/Objects-normal/x86_64/alpha_processing.o.scan -- /Applications/Xcode.app/Contents/Developer/Toolchains/XcodeDefault.xctoolchain/usr/bin/clang -x c -ivfsstatcache /Users/jasonlee/Library/Developer/Xcode/DerivedData/SDKStatCaches.noindex/macosx26.4-25E251-30f9ca8789b706f8bd3fc906a70d770f.sdkstatcache -target x86_64-apple-macos10.15 -fmessage-length\=0 -fdiagnostics-show-note-include-stack -fmacro-backtrace-limit\=0 -fno-color-diagnostics -fmodules-prune-interval\=86400 -fmodules-prune-after\=345600 -fbuild-session-file\=/Users/jasonlee/Library/Developer/Xcode/DerivedData/ModuleCache.noindex/Session.modulevalidation -fmodules-validate-once-per-build-session -Wnon-modular-include-in-framework-module -Werror\=non-modular-include-in-framework-module -Wno-trigraphs -Wno-missing-field-initializers -Wno-missing-prototypes -Wno-return-type -Wno-missing-braces -Wparentheses -Wswitch -Wno-unused-function -Wno-unused-label -Wno-unused-parameter -Wno-unused-variable -Wunused-value -Wno-empty-body -Wno-uninitialized -Wno-unknown-pragmas -w -Wno-shadow -Wno-four-char-constants -Wno-conversion -Wno-constant-conversion -Wno-int-conversion -Wno-bool-conversion -Wno-enum-conversion -Wno-float-conversion -Wno-non-literal-null-conversion -Wno-objc-literal-conversion -Wshorten-64-to-32 -Wpointer-sign -Wno-newline-eof -Wno-implicit-fallthrough -isysroot /Applications/Xcode.app/Contents/Developer/Platforms/MacOSX.platform/Developer/SDKs/MacOSX26.4.sdk -fstrict-aliasing -Wdeprecated-declarations -Wno-sign-conversion -Wno-infinite-recursion -Wno-comma -Wno-block-capture-autoreleasing -Wno-strict-prototypes -Wno-semicolon-before-method-body @/Users/jasonlee/Library/Developer/Xcode/DerivedData/Notch-ddzsfiyxyoauidejndllmosklbkq/Build/Intermediates.noindex/PostHog.build/Release/phlibwebp.build/Objects-normal/x86_64/7187679823f38a2a940e0043cdf9d637-common-args.resp -MMD -MT dependencies -MF /Users/jasonlee/Library/Developer/Xcode/DerivedData/Notch-ddzsfiyxyoauidejndllmosklbkq/Build/Intermediates.noindex/PostHog.build/Release/phlibwebp.build/Objects-normal/x86_64/alpha_processing.d --serialize-diagnostics /Users/jasonlee/Library/Developer/Xcode/DerivedData/Notch-ddzsfiyxyoauidejndllmosklbkq/Build/Intermediates.noindex/PostHog.build/Release/phlibwebp.build/Objects-normal/x86_64/alpha_processing.dia -c /Users/jasonlee/Library/Developer/Xcode/DerivedData/Notch-ddzsfiyxyoauidejndllmosklbkq/SourcePackages/checkouts/posthog-ios/vendor/libwebp/alpha_processing.c -o /Users/jasonlee/Library/Developer/Xcode/DerivedData/Notch-ddzsfiyxyoauidejndllmosklbkq/Build/Intermediates.noindex/PostHog.build/Release/phlibwebp.build/Objects-normal/x86_64/alpha_processing.o

ScanDependencies /Users/jasonlee/Library/Developer/Xcode/DerivedData/Notch-ddzsfiyxyoauidejndllmosklbkq/Build/Intermediates.noindex/PostHog.build/Release/phlibwebp.build/Objects-normal/x86_64/alpha_enc.o /Users/jasonlee/Library/Developer/Xcode/DerivedData/Notch-ddzsfiyxyoauidejndllmosklbkq/SourcePackages/checkouts/posthog-ios/vendor/libwebp/alpha_enc.c normal x86_64 c com.apple.compilers.llvm.clang.1_0.compiler (in target 'phlibwebp' from project 'PostHog')
    cd /Users/jasonlee/Coding/App/Notch/Notch.xcodeproj
    
    Using response file: /Users/jasonlee/Library/Developer/Xcode/DerivedData/Notch-ddzsfiyxyoauidejndllmosklbkq/Build/Intermediates.noindex/PostHog.build/Release/phlibwebp.build/Objects-normal/x86_64/7187679823f38a2a940e0043cdf9d637-common-args.resp
    
    builtin-ScanDependencies -o /Users/jasonlee/Library/Developer/Xcode/DerivedData/Notch-ddzsfiyxyoauidejndllmosklbkq/Build/Intermediates.noindex/PostHog.build/Release/phlibwebp.build/Objects-normal/x86_64/alpha_enc.o.scan -- /Applications/Xcode.app/Contents/Developer/Toolchains/XcodeDefault.xctoolchain/usr/bin/clang -x c -ivfsstatcache /Users/jasonlee/Library/Developer/Xcode/DerivedData/SDKStatCaches.noindex/macosx26.4-25E251-30f9ca8789b706f8bd3fc906a70d770f.sdkstatcache -target x86_64-apple-macos10.15 -fmessage-length\=0 -fdiagnostics-show-note-include-stack -fmacro-backtrace-limit\=0 -fno-color-diagnostics -fmodules-prune-interval\=86400 -fmodules-prune-after\=345600 -fbuild-session-file\=/Users/jasonlee/Library/Developer/Xcode/DerivedData/ModuleCache.noindex/Session.modulevalidation -fmodules-validate-once-per-build-session -Wnon-modular-include-in-framework-module -Werror\=non-modular-include-in-framework-module -Wno-trigraphs -Wno-missing-field-initializers -Wno-missing-prototypes -Wno-return-type -Wno-missing-braces -Wparentheses -Wswitch -Wno-unused-function -Wno-unused-label -Wno-unused-parameter -Wno-unused-variable -Wunused-value -Wno-empty-body -Wno-uninitialized -Wno-unknown-pragmas -w -Wno-shadow -Wno-four-char-constants -Wno-conversion -Wno-constant-conversion -Wno-int-conversion -Wno-bool-conversion -Wno-enum-conversion -Wno-float-conversion -Wno-non-literal-null-conversion -Wno-objc-literal-conversion -Wshorten-64-to-32 -Wpointer-sign -Wno-newline-eof -Wno-implicit-fallthrough -isysroot /Applications/Xcode.app/Contents/Developer/Platforms/MacOSX.platform/Developer/SDKs/MacOSX26.4.sdk -fstrict-aliasing -Wdeprecated-declarations -Wno-sign-conversion -Wno-infinite-recursion -Wno-comma -Wno-block-capture-autoreleasing -Wno-strict-prototypes -Wno-semicolon-before-method-body @/Users/jasonlee/Library/Developer/Xcode/DerivedData/Notch-ddzsfiyxyoauidejndllmosklbkq/Build/Intermediates.noindex/PostHog.build/Release/phlibwebp.build/Objects-normal/x86_64/7187679823f38a2a940e0043cdf9d637-common-args.resp -MMD -MT dependencies -MF /Users/jasonlee/Library/Developer/Xcode/DerivedData/Notch-ddzsfiyxyoauidejndllmosklbkq/Build/Intermediates.noindex/PostHog.build/Release/phlibwebp.build/Objects-normal/x86_64/alpha_enc.d --serialize-diagnostics /Users/jasonlee/Library/Developer/Xcode/DerivedData/Notch-ddzsfiyxyoauidejndllmosklbkq/Build/Intermediates.noindex/PostHog.build/Release/phlibwebp.build/Objects-normal/x86_64/alpha_enc.dia -c /Users/jasonlee/Library/Developer/Xcode/DerivedData/Notch-ddzsfiyxyoauidejndllmosklbkq/SourcePackages/checkouts/posthog-ios/vendor/libwebp/alpha_enc.c -o /Users/jasonlee/Library/Developer/Xcode/DerivedData/Notch-ddzsfiyxyoauidejndllmosklbkq/Build/Intermediates.noindex/PostHog.build/Release/phlibwebp.build/Objects-normal/x86_64/alpha_enc.o

CompileC /Users/jasonlee/Library/Developer/Xcode/DerivedData/Notch-ddzsfiyxyoauidejndllmosklbkq/Build/Intermediates.noindex/PostHog.build/Release/phlibwebp.build/Objects-normal/x86_64/alpha_processing_sse2.o /Users/jasonlee/Library/Developer/Xcode/DerivedData/Notch-ddzsfiyxyoauidejndllmosklbkq/SourcePackages/checkouts/posthog-ios/vendor/libwebp/alpha_processing_sse2.c normal x86_64 c com.apple.compilers.llvm.clang.1_0.compiler (in target 'phlibwebp' from project 'PostHog')
    cd /Users/jasonlee/Coding/App/Notch/Notch.xcodeproj
    
    Using response file: /Users/jasonlee/Library/Developer/Xcode/DerivedData/Notch-ddzsfiyxyoauidejndllmosklbkq/Build/Intermediates.noindex/PostHog.build/Release/phlibwebp.build/Objects-normal/x86_64/7187679823f38a2a940e0043cdf9d637-common-args.resp
    
    /Applications/Xcode.app/Contents/Developer/Toolchains/XcodeDefault.xctoolchain/usr/bin/clang -x c -ivfsstatcache /Users/jasonlee/Library/Developer/Xcode/DerivedData/SDKStatCaches.noindex/macosx26.4-25E251-30f9ca8789b706f8bd3fc906a70d770f.sdkstatcache -target x86_64-apple-macos10.15 -fmessage-length\=0 -fdiagnostics-show-note-include-stack -fmacro-backtrace-limit\=0 -fno-color-diagnostics -fmodules-prune-interval\=86400 -fmodules-prune-after\=345600 -fbuild-session-file\=/Users/jasonlee/Library/Developer/Xcode/DerivedData/ModuleCache.noindex/Session.modulevalidation -fmodules-validate-once-per-build-session -Wnon-modular-include-in-framework-module -Werror\=non-modular-include-in-framework-module -Wno-trigraphs -Wno-missing-field-initializers -Wno-missing-prototypes -Wno-return-type -Wno-missing-braces -Wparentheses -Wswitch -Wno-unused-function -Wno-unused-label -Wno-unused-parameter -Wno-unused-variable -Wunused-value -Wno-empty-body -Wno-uninitialized -Wno-unknown-pragmas -w -Wno-shadow -Wno-four-char-constants -Wno-conversion -Wno-constant-conversion -Wno-int-conversion -Wno-bool-conversion -Wno-enum-conversion -Wno-float-conversion -Wno-non-literal-null-conversion -Wno-objc-literal-conversion -Wshorten-64-to-32 -Wpointer-sign -Wno-newline-eof -Wno-implicit-fallthrough -isysroot /Applications/Xcode.app/Contents/Developer/Platforms/MacOSX.platform/Developer/SDKs/MacOSX26.4.sdk -fstrict-aliasing -Wdeprecated-declarations -Wno-sign-conversion -Wno-infinite-recursion -Wno-comma -Wno-block-capture-autoreleasing -Wno-strict-prototypes -Wno-semicolon-before-method-body @/Users/jasonlee/Library/Developer/Xcode/DerivedData/Notch-ddzsfiyxyoauidejndllmosklbkq/Build/Intermediates.noindex/PostHog.build/Release/phlibwebp.build/Objects-normal/x86_64/7187679823f38a2a940e0043cdf9d637-common-args.resp -MMD -MT dependencies -MF /Users/jasonlee/Library/Developer/Xcode/DerivedData/Notch-ddzsfiyxyoauidejndllmosklbkq/Build/Intermediates.noindex/PostHog.build/Release/phlibwebp.build/Objects-normal/x86_64/alpha_processing_sse2.d --serialize-diagnostics /Users/jasonlee/Library/Developer/Xcode/DerivedData/Notch-ddzsfiyxyoauidejndllmosklbkq/Build/Intermediates.noindex/PostHog.build/Release/phlibwebp.build/Objects-normal/x86_64/alpha_processing_sse2.dia -c /Users/jasonlee/Library/Developer/Xcode/DerivedData/Notch-ddzsfiyxyoauidejndllmosklbkq/SourcePackages/checkouts/posthog-ios/vendor/libwebp/alpha_processing_sse2.c -o /Users/jasonlee/Library/Developer/Xcode/DerivedData/Notch-ddzsfiyxyoauidejndllmosklbkq/Build/Intermediates.noindex/PostHog.build/Release/phlibwebp.build/Objects-normal/x86_64/alpha_processing_sse2.o

CompileC /Users/jasonlee/Library/Developer/Xcode/DerivedData/Notch-ddzsfiyxyoauidejndllmosklbkq/Build/Intermediates.noindex/PostHog.build/Release/phlibwebp.build/Objects-normal/x86_64/alpha_processing_neon.o /Users/jasonlee/Library/Developer/Xcode/DerivedData/Notch-ddzsfiyxyoauidejndllmosklbkq/SourcePackages/checkouts/posthog-ios/vendor/libwebp/alpha_processing_neon.c normal x86_64 c com.apple.compilers.llvm.clang.1_0.compiler (in target 'phlibwebp' from project 'PostHog')
    cd /Users/jasonlee/Coding/App/Notch/Notch.xcodeproj
    
    Using response file: /Users/jasonlee/Library/Developer/Xcode/DerivedData/Notch-ddzsfiyxyoauidejndllmosklbkq/Build/Intermediates.noindex/PostHog.build/Release/phlibwebp.build/Objects-normal/x86_64/7187679823f38a2a940e0043cdf9d637-common-args.resp
    
    /Applications/Xcode.app/Contents/Developer/Toolchains/XcodeDefault.xctoolchain/usr/bin/clang -x c -ivfsstatcache /Users/jasonlee/Library/Developer/Xcode/DerivedData/SDKStatCaches.noindex/macosx26.4-25E251-30f9ca8789b706f8bd3fc906a70d770f.sdkstatcache -target x86_64-apple-macos10.15 -fmessage-length\=0 -fdiagnostics-show-note-include-stack -fmacro-backtrace-limit\=0 -fno-color-diagnostics -fmodules-prune-interval\=86400 -fmodules-prune-after\=345600 -fbuild-session-file\=/Users/jasonlee/Library/Developer/Xcode/DerivedData/ModuleCache.noindex/Session.modulevalidation -fmodules-validate-once-per-build-session -Wnon-modular-include-in-framework-module -Werror\=non-modular-include-in-framework-module -Wno-trigraphs -Wno-missing-field-initializers -Wno-missing-prototypes -Wno-return-type -Wno-missing-braces -Wparentheses -Wswitch -Wno-unused-function -Wno-unused-label -Wno-unused-parameter -Wno-unused-variable -Wunused-value -Wno-empty-body -Wno-uninitialized -Wno-unknown-pragmas -w -Wno-shadow -Wno-four-char-constants -Wno-conversion -Wno-constant-conversion -Wno-int-conversion -Wno-bool-conversion -Wno-enum-conversion -Wno-float-conversion -Wno-non-literal-null-conversion -Wno-objc-literal-conversion -Wshorten-64-to-32 -Wpointer-sign -Wno-newline-eof -Wno-implicit-fallthrough -isysroot /Applications/Xcode.app/Contents/Developer/Platforms/MacOSX.platform/Developer/SDKs/MacOSX26.4.sdk -fstrict-aliasing -Wdeprecated-declarations -Wno-sign-conversion -Wno-infinite-recursion -Wno-comma -Wno-block-capture-autoreleasing -Wno-strict-prototypes -Wno-semicolon-before-method-body @/Users/jasonlee/Library/Developer/Xcode/DerivedData/Notch-ddzsfiyxyoauidejndllmosklbkq/Build/Intermediates.noindex/PostHog.build/Release/phlibwebp.build/Objects-normal/x86_64/7187679823f38a2a940e0043cdf9d637-common-args.resp -MMD -MT dependencies -MF /Users/jasonlee/Library/Developer/Xcode/DerivedData/Notch-ddzsfiyxyoauidejndllmosklbkq/Build/Intermediates.noindex/PostHog.build/Release/phlibwebp.build/Objects-normal/x86_64/alpha_processing_neon.d --serialize-diagnostics /Users/jasonlee/Library/Developer/Xcode/DerivedData/Notch-ddzsfiyxyoauidejndllmosklbkq/Build/Intermediates.noindex/PostHog.build/Release/phlibwebp.build/Objects-normal/x86_64/alpha_processing_neon.dia -c /Users/jasonlee/Library/Developer/Xcode/DerivedData/Notch-ddzsfiyxyoauidejndllmosklbkq/SourcePackages/checkouts/posthog-ios/vendor/libwebp/alpha_processing_neon.c -o /Users/jasonlee/Library/Developer/Xcode/DerivedData/Notch-ddzsfiyxyoauidejndllmosklbkq/Build/Intermediates.noindex/PostHog.build/Release/phlibwebp.build/Objects-normal/x86_64/alpha_processing_neon.o

CompileC /Users/jasonlee/Library/Developer/Xcode/DerivedData/Notch-ddzsfiyxyoauidejndllmosklbkq/Build/Intermediates.noindex/PostHog.build/Release/phlibwebp.build/Objects-normal/x86_64/alpha_processing.o /Users/jasonlee/Library/Developer/Xcode/DerivedData/Notch-ddzsfiyxyoauidejndllmosklbkq/SourcePackages/checkouts/posthog-ios/vendor/libwebp/alpha_processing.c normal x86_64 c com.apple.compilers.llvm.clang.1_0.compiler (in target 'phlibwebp' from project 'PostHog')
    cd /Users/jasonlee/Coding/App/Notch/Notch.xcodeproj
    
    Using response file: /Users/jasonlee/Library/Developer/Xcode/DerivedData/Notch-ddzsfiyxyoauidejndllmosklbkq/Build/Intermediates.noindex/PostHog.build/Release/phlibwebp.build/Objects-normal/x86_64/7187679823f38a2a940e0043cdf9d637-common-args.resp
    
    /Applications/Xcode.app/Contents/Developer/Toolchains/XcodeDefault.xctoolchain/usr/bin/clang -x c -ivfsstatcache /Users/jasonlee/Library/Developer/Xcode/DerivedData/SDKStatCaches.noindex/macosx26.4-25E251-30f9ca8789b706f8bd3fc906a70d770f.sdkstatcache -target x86_64-apple-macos10.15 -fmessage-length\=0 -fdiagnostics-show-note-include-stack -fmacro-backtrace-limit\=0 -fno-color-diagnostics -fmodules-prune-interval\=86400 -fmodules-prune-after\=345600 -fbuild-session-file\=/Users/jasonlee/Library/Developer/Xcode/DerivedData/ModuleCache.noindex/Session.modulevalidation -fmodules-validate-once-per-build-session -Wnon-modular-include-in-framework-module -Werror\=non-modular-include-in-framework-module -Wno-trigraphs -Wno-missing-field-initializers -Wno-missing-prototypes -Wno-return-type -Wno-missing-braces -Wparentheses -Wswitch -Wno-unused-function -Wno-unused-label -Wno-unused-parameter -Wno-unused-variable -Wunused-value -Wno-empty-body -Wno-uninitialized -Wno-unknown-pragmas -w -Wno-shadow -Wno-four-char-constants -Wno-conversion -Wno-constant-conversion -Wno-int-conversion -Wno-bool-conversion -Wno-enum-conversion -Wno-float-conversion -Wno-non-literal-null-conversion -Wno-objc-literal-conversion -Wshorten-64-to-32 -Wpointer-sign -Wno-newline-eof -Wno-implicit-fallthrough -isysroot /Applications/Xcode.app/Contents/Developer/Platforms/MacOSX.platform/Developer/SDKs/MacOSX26.4.sdk -fstrict-aliasing -Wdeprecated-declarations -Wno-sign-conversion -Wno-infinite-recursion -Wno-comma -Wno-block-capture-autoreleasing -Wno-strict-prototypes -Wno-semicolon-before-method-body @/Users/jasonlee/Library/Developer/Xcode/DerivedData/Notch-ddzsfiyxyoauidejndllmosklbkq/Build/Intermediates.noindex/PostHog.build/Release/phlibwebp.build/Objects-normal/x86_64/7187679823f38a2a940e0043cdf9d637-common-args.resp -MMD -MT dependencies -MF /Users/jasonlee/Library/Developer/Xcode/DerivedData/Notch-ddzsfiyxyoauidejndllmosklbkq/Build/Intermediates.noindex/PostHog.build/Release/phlibwebp.build/Objects-normal/x86_64/alpha_processing.d --serialize-diagnostics /Users/jasonlee/Library/Developer/Xcode/DerivedData/Notch-ddzsfiyxyoauidejndllmosklbkq/Build/Intermediates.noindex/PostHog.build/Release/phlibwebp.build/Objects-normal/x86_64/alpha_processing.dia -c /Users/jasonlee/Library/Developer/Xcode/DerivedData/Notch-ddzsfiyxyoauidejndllmosklbkq/SourcePackages/checkouts/posthog-ios/vendor/libwebp/alpha_processing.c -o /Users/jasonlee/Library/Developer/Xcode/DerivedData/Notch-ddzsfiyxyoauidejndllmosklbkq/Build/Intermediates.noindex/PostHog.build/Release/phlibwebp.build/Objects-normal/x86_64/alpha_processing.o

CompileC /Users/jasonlee/Library/Developer/Xcode/DerivedData/Notch-ddzsfiyxyoauidejndllmosklbkq/Build/Intermediates.noindex/PostHog.build/Release/phlibwebp.build/Objects-normal/x86_64/alpha_enc.o /Users/jasonlee/Library/Developer/Xcode/DerivedData/Notch-ddzsfiyxyoauidejndllmosklbkq/SourcePackages/checkouts/posthog-ios/vendor/libwebp/alpha_enc.c normal x86_64 c com.apple.compilers.llvm.clang.1_0.compiler (in target 'phlibwebp' from project 'PostHog')
    cd /Users/jasonlee/Coding/App/Notch/Notch.xcodeproj
    
    Using response file: /Users/jasonlee/Library/Developer/Xcode/DerivedData/Notch-ddzsfiyxyoauidejndllmosklbkq/Build/Intermediates.noindex/PostHog.build/Release/phlibwebp.build/Objects-normal/x86_64/7187679823f38a2a940e0043cdf9d637-common-args.resp
    
    /Applications/Xcode.app/Contents/Developer/Toolchains/XcodeDefault.xctoolchain/usr/bin/clang -x c -ivfsstatcache /Users/jasonlee/Library/Developer/Xcode/DerivedData/SDKStatCaches.noindex/macosx26.4-25E251-30f9ca8789b706f8bd3fc906a70d770f.sdkstatcache -target x86_64-apple-macos10.15 -fmessage-length\=0 -fdiagnostics-show-note-include-stack -fmacro-backtrace-limit\=0 -fno-color-diagnostics -fmodules-prune-interval\=86400 -fmodules-prune-after\=345600 -fbuild-session-file\=/Users/jasonlee/Library/Developer/Xcode/DerivedData/ModuleCache.noindex/Session.modulevalidation -fmodules-validate-once-per-build-session -Wnon-modular-include-in-framework-module -Werror\=non-modular-include-in-framework-module -Wno-trigraphs -Wno-missing-field-initializers -Wno-missing-prototypes -Wno-return-type -Wno-missing-braces -Wparentheses -Wswitch -Wno-unused-function -Wno-unused-label -Wno-unused-parameter -Wno-unused-variable -Wunused-value -Wno-empty-body -Wno-uninitialized -Wno-unknown-pragmas -w -Wno-shadow -Wno-four-char-constants -Wno-conversion -Wno-constant-conversion -Wno-int-conversion -Wno-bool-conversion -Wno-enum-conversion -Wno-float-conversion -Wno-non-literal-null-conversion -Wno-objc-literal-conversion -Wshorten-64-to-32 -Wpointer-sign -Wno-newline-eof -Wno-implicit-fallthrough -isysroot /Applications/Xcode.app/Contents/Developer/Platforms/MacOSX.platform/Developer/SDKs/MacOSX26.4.sdk -fstrict-aliasing -Wdeprecated-declarations -Wno-sign-conversion -Wno-infinite-recursion -Wno-comma -Wno-block-capture-autoreleasing -Wno-strict-prototypes -Wno-semicolon-before-method-body @/Users/jasonlee/Library/Developer/Xcode/DerivedData/Notch-ddzsfiyxyoauidejndllmosklbkq/Build/Intermediates.noindex/PostHog.build/Release/phlibwebp.build/Objects-normal/x86_64/7187679823f38a2a940e0043cdf9d637-common-args.resp -MMD -MT dependencies -MF /Users/jasonlee/Library/Developer/Xcode/DerivedData/Notch-ddzsfiyxyoauidejndllmosklbkq/Build/Intermediates.noindex/PostHog.build/Release/phlibwebp.build/Objects-normal/x86_64/alpha_enc.d --serialize-diagnostics /Users/jasonlee/Library/Developer/Xcode/DerivedData/Notch-ddzsfiyxyoauidejndllmosklbkq/Build/Intermediates.noindex/PostHog.build/Release/phlibwebp.build/Objects-normal/x86_64/alpha_enc.dia -c /Users/jasonlee/Library/Developer/Xcode/DerivedData/Notch-ddzsfiyxyoauidejndllmosklbkq/SourcePackages/checkouts/posthog-ios/vendor/libwebp/alpha_enc.c -o /Users/jasonlee/Library/Developer/Xcode/DerivedData/Notch-ddzsfiyxyoauidejndllmosklbkq/Build/Intermediates.noindex/PostHog.build/Release/phlibwebp.build/Objects-normal/x86_64/alpha_enc.o

ScanDependencies /Users/jasonlee/Library/Developer/Xcode/DerivedData/Notch-ddzsfiyxyoauidejndllmosklbkq/Build/Intermediates.noindex/PostHog.build/Release/phlibwebp.build/Objects-normal/arm64/yuv_sse41.o /Users/jasonlee/Library/Developer/Xcode/DerivedData/Notch-ddzsfiyxyoauidejndllmosklbkq/SourcePackages/checkouts/posthog-ios/vendor/libwebp/yuv_sse41.c normal arm64 c com.apple.compilers.llvm.clang.1_0.compiler (in target 'phlibwebp' from project 'PostHog')
    cd /Users/jasonlee/Coding/App/Notch/Notch.xcodeproj
    
    Using response file: /Users/jasonlee/Library/Developer/Xcode/DerivedData/Notch-ddzsfiyxyoauidejndllmosklbkq/Build/Intermediates.noindex/PostHog.build/Release/phlibwebp.build/Objects-normal/arm64/7187679823f38a2a940e0043cdf9d637-common-args.resp
    
    builtin-ScanDependencies -o /Users/jasonlee/Library/Developer/Xcode/DerivedData/Notch-ddzsfiyxyoauidejndllmosklbkq/Build/Intermediates.noindex/PostHog.build/Release/phlibwebp.build/Objects-normal/arm64/yuv_sse41.o.scan -- /Applications/Xcode.app/Contents/Developer/Toolchains/XcodeDefault.xctoolchain/usr/bin/clang -x c -ivfsstatcache /Users/jasonlee/Library/Developer/Xcode/DerivedData/SDKStatCaches.noindex/macosx26.4-25E251-30f9ca8789b706f8bd3fc906a70d770f.sdkstatcache -target arm64-apple-macos10.15 -fmessage-length\=0 -fdiagnostics-show-note-include-stack -fmacro-backtrace-limit\=0 -fno-color-diagnostics -fmodules-prune-interval\=86400 -fmodules-prune-after\=345600 -fbuild-session-file\=/Users/jasonlee/Library/Developer/Xcode/DerivedData/ModuleCache.noindex/Session.modulevalidation -fmodules-validate-once-per-build-session -Wnon-modular-include-in-framework-module -Werror\=non-modular-include-in-framework-module -Wno-trigraphs -Wno-missing-field-initializers -Wno-missing-prototypes -Wno-return-type -Wno-missing-braces -Wparentheses -Wswitch -Wno-unused-function -Wno-unused-label -Wno-unused-parameter -Wno-unused-variable -Wunused-value -Wno-empty-body -Wno-uninitialized -Wno-unknown-pragmas -w -Wno-shadow -Wno-four-char-constants -Wno-conversion -Wno-constant-conversion -Wno-int-conversion -Wno-bool-conversion -Wno-enum-conversion -Wno-float-conversion -Wno-non-literal-null-conversion -Wno-objc-literal-conversion -Wshorten-64-to-32 -Wpointer-sign -Wno-newline-eof -Wno-implicit-fallthrough -isysroot /Applications/Xcode.app/Contents/Developer/Platforms/MacOSX.platform/Developer/SDKs/MacOSX26.4.sdk -fstrict-aliasing -Wdeprecated-declarations -Wno-sign-conversion -Wno-infinite-recursion -Wno-comma -Wno-block-capture-autoreleasing -Wno-strict-prototypes -Wno-semicolon-before-method-body @/Users/jasonlee/Library/Developer/Xcode/DerivedData/Notch-ddzsfiyxyoauidejndllmosklbkq/Build/Intermediates.noindex/PostHog.build/Release/phlibwebp.build/Objects-normal/arm64/7187679823f38a2a940e0043cdf9d637-common-args.resp -MMD -MT dependencies -MF /Users/jasonlee/Library/Developer/Xcode/DerivedData/Notch-ddzsfiyxyoauidejndllmosklbkq/Build/Intermediates.noindex/PostHog.build/Release/phlibwebp.build/Objects-normal/arm64/yuv_sse41.d --serialize-diagnostics /Users/jasonlee/Library/Developer/Xcode/DerivedData/Notch-ddzsfiyxyoauidejndllmosklbkq/Build/Intermediates.noindex/PostHog.build/Release/phlibwebp.build/Objects-normal/arm64/yuv_sse41.dia -c /Users/jasonlee/Library/Developer/Xcode/DerivedData/Notch-ddzsfiyxyoauidejndllmosklbkq/SourcePackages/checkouts/posthog-ios/vendor/libwebp/yuv_sse41.c -o /Users/jasonlee/Library/Developer/Xcode/DerivedData/Notch-ddzsfiyxyoauidejndllmosklbkq/Build/Intermediates.noindex/PostHog.build/Release/phlibwebp.build/Objects-normal/arm64/yuv_sse41.o

ScanDependencies /Users/jasonlee/Library/Developer/Xcode/DerivedData/Notch-ddzsfiyxyoauidejndllmosklbkq/Build/Intermediates.noindex/PostHog.build/Release/phlibwebp.build/Objects-normal/arm64/yuv_sse2.o /Users/jasonlee/Library/Developer/Xcode/DerivedData/Notch-ddzsfiyxyoauidejndllmosklbkq/SourcePackages/checkouts/posthog-ios/vendor/libwebp/yuv_sse2.c normal arm64 c com.apple.compilers.llvm.clang.1_0.compiler (in target 'phlibwebp' from project 'PostHog')
    cd /Users/jasonlee/Coding/App/Notch/Notch.xcodeproj
    
    Using response file: /Users/jasonlee/Library/Developer/Xcode/DerivedData/Notch-ddzsfiyxyoauidejndllmosklbkq/Build/Intermediates.noindex/PostHog.build/Release/phlibwebp.build/Objects-normal/arm64/7187679823f38a2a940e0043cdf9d637-common-args.resp
    
    builtin-ScanDependencies -o /Users/jasonlee/Library/Developer/Xcode/DerivedData/Notch-ddzsfiyxyoauidejndllmosklbkq/Build/Intermediates.noindex/PostHog.build/Release/phlibwebp.build/Objects-normal/arm64/yuv_sse2.o.scan -- /Applications/Xcode.app/Contents/Developer/Toolchains/XcodeDefault.xctoolchain/usr/bin/clang -x c -ivfsstatcache /Users/jasonlee/Library/Developer/Xcode/DerivedData/SDKStatCaches.noindex/macosx26.4-25E251-30f9ca8789b706f8bd3fc906a70d770f.sdkstatcache -target arm64-apple-macos10.15 -fmessage-length\=0 -fdiagnostics-show-note-include-stack -fmacro-backtrace-limit\=0 -fno-color-diagnostics -fmodules-prune-interval\=86400 -fmodules-prune-after\=345600 -fbuild-session-file\=/Users/jasonlee/Library/Developer/Xcode/DerivedData/ModuleCache.noindex/Session.modulevalidation -fmodules-validate-once-per-build-session -Wnon-modular-include-in-framework-module -Werror\=non-modular-include-in-framework-module -Wno-trigraphs -Wno-missing-field-initializers -Wno-missing-prototypes -Wno-return-type -Wno-missing-braces -Wparentheses -Wswitch -Wno-unused-function -Wno-unused-label -Wno-unused-parameter -Wno-unused-variable -Wunused-value -Wno-empty-body -Wno-uninitialized -Wno-unknown-pragmas -w -Wno-shadow -Wno-four-char-constants -Wno-conversion -Wno-constant-conversion -Wno-int-conversion -Wno-bool-conversion -Wno-enum-conversion -Wno-float-conversion -Wno-non-literal-null-conversion -Wno-objc-literal-conversion -Wshorten-64-to-32 -Wpointer-sign -Wno-newline-eof -Wno-implicit-fallthrough -isysroot /Applications/Xcode.app/Contents/Developer/Platforms/MacOSX.platform/Developer/SDKs/MacOSX26.4.sdk -fstrict-aliasing -Wdeprecated-declarations -Wno-sign-conversion -Wno-infinite-recursion -Wno-comma -Wno-block-capture-autoreleasing -Wno-strict-prototypes -Wno-semicolon-before-method-body @/Users/jasonlee/Library/Developer/Xcode/DerivedData/Notch-ddzsfiyxyoauidejndllmosklbkq/Build/Intermediates.noindex/PostHog.build/Release/phlibwebp.build/Objects-normal/arm64/7187679823f38a2a940e0043cdf9d637-common-args.resp -MMD -MT dependencies -MF /Users/jasonlee/Library/Developer/Xcode/DerivedData/Notch-ddzsfiyxyoauidejndllmosklbkq/Build/Intermediates.noindex/PostHog.build/Release/phlibwebp.build/Objects-normal/arm64/yuv_sse2.d --serialize-diagnostics /Users/jasonlee/Library/Developer/Xcode/DerivedData/Notch-ddzsfiyxyoauidejndllmosklbkq/Build/Intermediates.noindex/PostHog.build/Release/phlibwebp.build/Objects-normal/arm64/yuv_sse2.dia -c /Users/jasonlee/Library/Developer/Xcode/DerivedData/Notch-ddzsfiyxyoauidejndllmosklbkq/SourcePackages/checkouts/posthog-ios/vendor/libwebp/yuv_sse2.c -o /Users/jasonlee/Library/Developer/Xcode/DerivedData/Notch-ddzsfiyxyoauidejndllmosklbkq/Build/Intermediates.noindex/PostHog.build/Release/phlibwebp.build/Objects-normal/arm64/yuv_sse2.o

PrecompileModule /Users/jasonlee/Library/Developer/Xcode/DerivedData/Notch-ddzsfiyxyoauidejndllmosklbkq/Build/Intermediates.noindex/ExplicitPrecompiledModules/_Builtin_stddef-1669BSTKNTKR5FWORGSZ13UBI.scan
    cd /
    builtin-precompileModule /Users/jasonlee/Library/Developer/Xcode/DerivedData/Notch-ddzsfiyxyoauidejndllmosklbkq/Build/Intermediates.noindex/ExplicitPrecompiledModules/_Builtin_stddef-1669BSTKNTKR5FWORGSZ13UBI.scan

PrecompileModule /Users/jasonlee/Library/Developer/Xcode/DerivedData/Notch-ddzsfiyxyoauidejndllmosklbkq/Build/Intermediates.noindex/ExplicitPrecompiledModules/ptrcheck-EYSCSRAEEWD993TIA2MUO0ZOI.scan
    cd /
    builtin-precompileModule /Users/jasonlee/Library/Developer/Xcode/DerivedData/Notch-ddzsfiyxyoauidejndllmosklbkq/Build/Intermediates.noindex/ExplicitPrecompiledModules/ptrcheck-EYSCSRAEEWD993TIA2MUO0ZOI.scan

PrecompileModule /Users/jasonlee/Library/Developer/Xcode/DerivedData/Notch-ddzsfiyxyoauidejndllmosklbkq/Build/Intermediates.noindex/ExplicitPrecompiledModules/_AvailabilityInternal-DZEVV0XTS3NGCXYHOHK2TVLHX.scan
    cd /
    builtin-precompileModule /Users/jasonlee/Library/Developer/Xcode/DerivedData/Notch-ddzsfiyxyoauidejndllmosklbkq/Build/Intermediates.noindex/ExplicitPrecompiledModules/_AvailabilityInternal-DZEVV0XTS3NGCXYHOHK2TVLHX.scan

PrecompileModule /Users/jasonlee/Library/Developer/Xcode/DerivedData/Notch-ddzsfiyxyoauidejndllmosklbkq/Build/Intermediates.noindex/ExplicitPrecompiledModules/_Builtin_stdarg-22EEFXY2BU0MZ15VJB5VEMND7.scan
    cd /
    builtin-precompileModule /Users/jasonlee/Library/Developer/Xcode/DerivedData/Notch-ddzsfiyxyoauidejndllmosklbkq/Build/Intermediates.noindex/ExplicitPrecompiledModules/_Builtin_stdarg-22EEFXY2BU0MZ15VJB5VEMND7.scan

ScanDependencies /Users/jasonlee/Library/Developer/Xcode/DerivedData/Notch-ddzsfiyxyoauidejndllmosklbkq/Build/Intermediates.noindex/PostHog.build/Release/phlibwebp.build/Objects-normal/arm64/yuv_neon.o /Users/jasonlee/Library/Developer/Xcode/DerivedData/Notch-ddzsfiyxyoauidejndllmosklbkq/SourcePackages/checkouts/posthog-ios/vendor/libwebp/yuv_neon.c normal arm64 c com.apple.compilers.llvm.clang.1_0.compiler (in target 'phlibwebp' from project 'PostHog')
    cd /Users/jasonlee/Coding/App/Notch/Notch.xcodeproj
    
    Using response file: /Users/jasonlee/Library/Developer/Xcode/DerivedData/Notch-ddzsfiyxyoauidejndllmosklbkq/Build/Intermediates.noindex/PostHog.build/Release/phlibwebp.build/Objects-normal/arm64/7187679823f38a2a940e0043cdf9d637-common-args.resp
    
    builtin-ScanDependencies -o /Users/jasonlee/Library/Developer/Xcode/DerivedData/Notch-ddzsfiyxyoauidejndllmosklbkq/Build/Intermediates.noindex/PostHog.build/Release/phlibwebp.build/Objects-normal/arm64/yuv_neon.o.scan -- /Applications/Xcode.app/Contents/Developer/Toolchains/XcodeDefault.xctoolchain/usr/bin/clang -x c -ivfsstatcache /Users/jasonlee/Library/Developer/Xcode/DerivedData/SDKStatCaches.noindex/macosx26.4-25E251-30f9ca8789b706f8bd3fc906a70d770f.sdkstatcache -target arm64-apple-macos10.15 -fmessage-length\=0 -fdiagnostics-show-note-include-stack -fmacro-backtrace-limit\=0 -fno-color-diagnostics -fmodules-prune-interval\=86400 -fmodules-prune-after\=345600 -fbuild-session-file\=/Users/jasonlee/Library/Developer/Xcode/DerivedData/ModuleCache.noindex/Session.modulevalidation -fmodules-validate-once-per-build-session -Wnon-modular-include-in-framework-module -Werror\=non-modular-include-in-framework-module -Wno-trigraphs -Wno-missing-field-initializers -Wno-missing-prototypes -Wno-return-type -Wno-missing-braces -Wparentheses -Wswitch -Wno-unused-function -Wno-unused-label -Wno-unused-parameter -Wno-unused-variable -Wunused-value -Wno-empty-body -Wno-uninitialized -Wno-unknown-pragmas -w -Wno-shadow -Wno-four-char-constants -Wno-conversion -Wno-constant-conversion -Wno-int-conversion -Wno-bool-conversion -Wno-enum-conversion -Wno-float-conversion -Wno-non-literal-null-conversion -Wno-objc-literal-conversion -Wshorten-64-to-32 -Wpointer-sign -Wno-newline-eof -Wno-implicit-fallthrough -isysroot /Applications/Xcode.app/Contents/Developer/Platforms/MacOSX.platform/Developer/SDKs/MacOSX26.4.sdk -fstrict-aliasing -Wdeprecated-declarations -Wno-sign-conversion -Wno-infinite-recursion -Wno-comma -Wno-block-capture-autoreleasing -Wno-strict-prototypes -Wno-semicolon-before-method-body @/Users/jasonlee/Library/Developer/Xcode/DerivedData/Notch-ddzsfiyxyoauidejndllmosklbkq/Build/Intermediates.noindex/PostHog.build/Release/phlibwebp.build/Objects-normal/arm64/7187679823f38a2a940e0043cdf9d637-common-args.resp -MMD -MT dependencies -MF /Users/jasonlee/Library/Developer/Xcode/DerivedData/Notch-ddzsfiyxyoauidejndllmosklbkq/Build/Intermediates.noindex/PostHog.build/Release/phlibwebp.build/Objects-normal/arm64/yuv_neon.d --serialize-diagnostics /Users/jasonlee/Library/Developer/Xcode/DerivedData/Notch-ddzsfiyxyoauidejndllmosklbkq/Build/Intermediates.noindex/PostHog.build/Release/phlibwebp.build/Objects-normal/arm64/yuv_neon.dia -c /Users/jasonlee/Library/Developer/Xcode/DerivedData/Notch-ddzsfiyxyoauidejndllmosklbkq/SourcePackages/checkouts/posthog-ios/vendor/libwebp/yuv_neon.c -o /Users/jasonlee/Library/Developer/Xcode/DerivedData/Notch-ddzsfiyxyoauidejndllmosklbkq/Build/Intermediates.noindex/PostHog.build/Release/phlibwebp.build/Objects-normal/arm64/yuv_neon.o

ScanDependencies /Users/jasonlee/Library/Developer/Xcode/DerivedData/Notch-ddzsfiyxyoauidejndllmosklbkq/Build/Intermediates.noindex/PostHog.build/Release/phlibwebp.build/Objects-normal/arm64/yuv.o /Users/jasonlee/Library/Developer/Xcode/DerivedData/Notch-ddzsfiyxyoauidejndllmosklbkq/SourcePackages/checkouts/posthog-ios/vendor/libwebp/yuv.c normal arm64 c com.apple.compilers.llvm.clang.1_0.compiler (in target 'phlibwebp' from project 'PostHog')
    cd /Users/jasonlee/Coding/App/Notch/Notch.xcodeproj
    
    Using response file: /Users/jasonlee/Library/Developer/Xcode/DerivedData/Notch-ddzsfiyxyoauidejndllmosklbkq/Build/Intermediates.noindex/PostHog.build/Release/phlibwebp.build/Objects-normal/arm64/7187679823f38a2a940e0043cdf9d637-common-args.resp
    
    builtin-ScanDependencies -o /Users/jasonlee/Library/Developer/Xcode/DerivedData/Notch-ddzsfiyxyoauidejndllmosklbkq/Build/Intermediates.noindex/PostHog.build/Release/phlibwebp.build/Objects-normal/arm64/yuv.o.scan -- /Applications/Xcode.app/Contents/Developer/Toolchains/XcodeDefault.xctoolchain/usr/bin/clang -x c -ivfsstatcache /Users/jasonlee/Library/Developer/Xcode/DerivedData/SDKStatCaches.noindex/macosx26.4-25E251-30f9ca8789b706f8bd3fc906a70d770f.sdkstatcache -target arm64-apple-macos10.15 -fmessage-length\=0 -fdiagnostics-show-note-include-stack -fmacro-backtrace-limit\=0 -fno-color-diagnostics -fmodules-prune-interval\=86400 -fmodules-prune-after\=345600 -fbuild-session-file\=/Users/jasonlee/Library/Developer/Xcode/DerivedData/ModuleCache.noindex/Session.modulevalidation -fmodules-validate-once-per-build-session -Wnon-modular-include-in-framework-module -Werror\=non-modular-include-in-framework-module -Wno-trigraphs -Wno-missing-field-initializers -Wno-missing-prototypes -Wno-return-type -Wno-missing-braces -Wparentheses -Wswitch -Wno-unused-function -Wno-unused-label -Wno-unused-parameter -Wno-unused-variable -Wunused-value -Wno-empty-body -Wno-uninitialized -Wno-unknown-pragmas -w -Wno-shadow -Wno-four-char-constants -Wno-conversion -Wno-constant-conversion -Wno-int-conversion -Wno-bool-conversion -Wno-enum-conversion -Wno-float-conversion -Wno-non-literal-null-conversion -Wno-objc-literal-conversion -Wshorten-64-to-32 -Wpointer-sign -Wno-newline-eof -Wno-implicit-fallthrough -isysroot /Applications/Xcode.app/Contents/Developer/Platforms/MacOSX.platform/Developer/SDKs/MacOSX26.4.sdk -fstrict-aliasing -Wdeprecated-declarations -Wno-sign-conversion -Wno-infinite-recursion -Wno-comma -Wno-block-capture-autoreleasing -Wno-strict-prototypes -Wno-semicolon-before-method-body @/Users/jasonlee/Library/Developer/Xcode/DerivedData/Notch-ddzsfiyxyoauidejndllmosklbkq/Build/Intermediates.noindex/PostHog.build/Release/phlibwebp.build/Objects-normal/arm64/7187679823f38a2a940e0043cdf9d637-common-args.resp -MMD -MT dependencies -MF /Users/jasonlee/Library/Developer/Xcode/DerivedData/Notch-ddzsfiyxyoauidejndllmosklbkq/Build/Intermediates.noindex/PostHog.build/Release/phlibwebp.build/Objects-normal/arm64/yuv.d --serialize-diagnostics /Users/jasonlee/Library/Developer/Xcode/DerivedData/Notch-ddzsfiyxyoauidejndllmosklbkq/Build/Intermediates.noindex/PostHog.build/Release/phlibwebp.build/Objects-normal/arm64/yuv.dia -c /Users/jasonlee/Library/Developer/Xcode/DerivedData/Notch-ddzsfiyxyoauidejndllmosklbkq/SourcePackages/checkouts/posthog-ios/vendor/libwebp/yuv.c -o /Users/jasonlee/Library/Developer/Xcode/DerivedData/Notch-ddzsfiyxyoauidejndllmosklbkq/Build/Intermediates.noindex/PostHog.build/Release/phlibwebp.build/Objects-normal/arm64/yuv.o

ScanDependencies /Users/jasonlee/Library/Developer/Xcode/DerivedData/Notch-ddzsfiyxyoauidejndllmosklbkq/Build/Intermediates.noindex/PostHog.build/Release/phlibwebp.build/Objects-normal/arm64/webp_enc.o /Users/jasonlee/Library/Developer/Xcode/DerivedData/Notch-ddzsfiyxyoauidejndllmosklbkq/SourcePackages/checkouts/posthog-ios/vendor/libwebp/webp_enc.c normal arm64 c com.apple.compilers.llvm.clang.1_0.compiler (in target 'phlibwebp' from project 'PostHog')
    cd /Users/jasonlee/Coding/App/Notch/Notch.xcodeproj
    
    Using response file: /Users/jasonlee/Library/Developer/Xcode/DerivedData/Notch-ddzsfiyxyoauidejndllmosklbkq/Build/Intermediates.noindex/PostHog.build/Release/phlibwebp.build/Objects-normal/arm64/7187679823f38a2a940e0043cdf9d637-common-args.resp
    
    builtin-ScanDependencies -o /Users/jasonlee/Library/Developer/Xcode/DerivedData/Notch-ddzsfiyxyoauidejndllmosklbkq/Build/Intermediates.noindex/PostHog.build/Release/phlibwebp.build/Objects-normal/arm64/webp_enc.o.scan -- /Applications/Xcode.app/Contents/Developer/Toolchains/XcodeDefault.xctoolchain/usr/bin/clang -x c -ivfsstatcache /Users/jasonlee/Library/Developer/Xcode/DerivedData/SDKStatCaches.noindex/macosx26.4-25E251-30f9ca8789b706f8bd3fc906a70d770f.sdkstatcache -target arm64-apple-macos10.15 -fmessage-length\=0 -fdiagnostics-show-note-include-stack -fmacro-backtrace-limit\=0 -fno-color-diagnostics -fmodules-prune-interval\=86400 -fmodules-prune-after\=345600 -fbuild-session-file\=/Users/jasonlee/Library/Developer/Xcode/DerivedData/ModuleCache.noindex/Session.modulevalidation -fmodules-validate-once-per-build-session -Wnon-modular-include-in-framework-module -Werror\=non-modular-include-in-framework-module -Wno-trigraphs -Wno-missing-field-initializers -Wno-missing-prototypes -Wno-return-type -Wno-missing-braces -Wparentheses -Wswitch -Wno-unused-function -Wno-unused-label -Wno-unused-parameter -Wno-unused-variable -Wunused-value -Wno-empty-body -Wno-uninitialized -Wno-unknown-pragmas -w -Wno-shadow -Wno-four-char-constants -Wno-conversion -Wno-constant-conversion -Wno-int-conversion -Wno-bool-conversion -Wno-enum-conversion -Wno-float-conversion -Wno-non-literal-null-conversion -Wno-objc-literal-conversion -Wshorten-64-to-32 -Wpointer-sign -Wno-newline-eof -Wno-implicit-fallthrough -isysroot /Applications/Xcode.app/Contents/Developer/Platforms/MacOSX.platform/Developer/SDKs/MacOSX26.4.sdk -fstrict-aliasing -Wdeprecated-declarations -Wno-sign-conversion -Wno-infinite-recursion -Wno-comma -Wno-block-capture-autoreleasing -Wno-strict-prototypes -Wno-semicolon-before-method-body @/Users/jasonlee/Library/Developer/Xcode/DerivedData/Notch-ddzsfiyxyoauidejndllmosklbkq/Build/Intermediates.noindex/PostHog.build/Release/phlibwebp.build/Objects-normal/arm64/7187679823f38a2a940e0043cdf9d637-common-args.resp -MMD -MT dependencies -MF /Users/jasonlee/Library/Developer/Xcode/DerivedData/Notch-ddzsfiyxyoauidejndllmosklbkq/Build/Intermediates.noindex/PostHog.build/Release/phlibwebp.build/Objects-normal/arm64/webp_enc.d --serialize-diagnostics /Users/jasonlee/Library/Developer/Xcode/DerivedData/Notch-ddzsfiyxyoauidejndllmosklbkq/Build/Intermediates.noindex/PostHog.build/Release/phlibwebp.build/Objects-normal/arm64/webp_enc.dia -c /Users/jasonlee/Library/Developer/Xcode/DerivedData/Notch-ddzsfiyxyoauidejndllmosklbkq/SourcePackages/checkouts/posthog-ios/vendor/libwebp/webp_enc.c -o /Users/jasonlee/Library/Developer/Xcode/DerivedData/Notch-ddzsfiyxyoauidejndllmosklbkq/Build/Intermediates.noindex/PostHog.build/Release/phlibwebp.build/Objects-normal/arm64/webp_enc.o

ScanDependencies /Users/jasonlee/Library/Developer/Xcode/DerivedData/Notch-ddzsfiyxyoauidejndllmosklbkq/Build/Intermediates.noindex/PostHog.build/Release/phlibwebp.build/Objects-normal/arm64/vp8l_enc.o /Users/jasonlee/Library/Developer/Xcode/DerivedData/Notch-ddzsfiyxyoauidejndllmosklbkq/SourcePackages/checkouts/posthog-ios/vendor/libwebp/vp8l_enc.c normal arm64 c com.apple.compilers.llvm.clang.1_0.compiler (in target 'phlibwebp' from project 'PostHog')
    cd /Users/jasonlee/Coding/App/Notch/Notch.xcodeproj
    
    Using response file: /Users/jasonlee/Library/Developer/Xcode/DerivedData/Notch-ddzsfiyxyoauidejndllmosklbkq/Build/Intermediates.noindex/PostHog.build/Release/phlibwebp.build/Objects-normal/arm64/7187679823f38a2a940e0043cdf9d637-common-args.resp
    
    builtin-ScanDependencies -o /Users/jasonlee/Library/Developer/Xcode/DerivedData/Notch-ddzsfiyxyoauidejndllmosklbkq/Build/Intermediates.noindex/PostHog.build/Release/phlibwebp.build/Objects-normal/arm64/vp8l_enc.o.scan -- /Applications/Xcode.app/Contents/Developer/Toolchains/XcodeDefault.xctoolchain/usr/bin/clang -x c -ivfsstatcache /Users/jasonlee/Library/Developer/Xcode/DerivedData/SDKStatCaches.noindex/macosx26.4-25E251-30f9ca8789b706f8bd3fc906a70d770f.sdkstatcache -target arm64-apple-macos10.15 -fmessage-length\=0 -fdiagnostics-show-note-include-stack -fmacro-backtrace-limit\=0 -fno-color-diagnostics -fmodules-prune-interval\=86400 -fmodules-prune-after\=345600 -fbuild-session-file\=/Users/jasonlee/Library/Developer/Xcode/DerivedData/ModuleCache.noindex/Session.modulevalidation -fmodules-validate-once-per-build-session -Wnon-modular-include-in-framework-module -Werror\=non-modular-include-in-framework-module -Wno-trigraphs -Wno-missing-field-initializers -Wno-missing-prototypes -Wno-return-type -Wno-missing-braces -Wparentheses -Wswitch -Wno-unused-function -Wno-unused-label -Wno-unused-parameter -Wno-unused-variable -Wunused-value -Wno-empty-body -Wno-uninitialized -Wno-unknown-pragmas -w -Wno-shadow -Wno-four-char-constants -Wno-conversion -Wno-constant-conversion -Wno-int-conversion -Wno-bool-conversion -Wno-enum-conversion -Wno-float-conversion -Wno-non-literal-null-conversion -Wno-objc-literal-conversion -Wshorten-64-to-32 -Wpointer-sign -Wno-newline-eof -Wno-implicit-fallthrough -isysroot /Applications/Xcode.app/Contents/Developer/Platforms/MacOSX.platform/Developer/SDKs/MacOSX26.4.sdk -fstrict-aliasing -Wdeprecated-declarations -Wno-sign-conversion -Wno-infinite-recursion -Wno-comma -Wno-block-capture-autoreleasing -Wno-strict-prototypes -Wno-semicolon-before-method-body @/Users/jasonlee/Library/Developer/Xcode/DerivedData/Notch-ddzsfiyxyoauidejndllmosklbkq/Build/Intermediates.noindex/PostHog.build/Release/phlibwebp.build/Objects-normal/arm64/7187679823f38a2a940e0043cdf9d637-common-args.resp -MMD -MT dependencies -MF /Users/jasonlee/Library/Developer/Xcode/DerivedData/Notch-ddzsfiyxyoauidejndllmosklbkq/Build/Intermediates.noindex/PostHog.build/Release/phlibwebp.build/Objects-normal/arm64/vp8l_enc.d --serialize-diagnostics /Users/jasonlee/Library/Developer/Xcode/DerivedData/Notch-ddzsfiyxyoauidejndllmosklbkq/Build/Intermediates.noindex/PostHog.build/Release/phlibwebp.build/Objects-normal/arm64/vp8l_enc.dia -c /Users/jasonlee/Library/Developer/Xcode/DerivedData/Notch-ddzsfiyxyoauidejndllmosklbkq/SourcePackages/checkouts/posthog-ios/vendor/libwebp/vp8l_enc.c -o /Users/jasonlee/Library/Developer/Xcode/DerivedData/Notch-ddzsfiyxyoauidejndllmosklbkq/Build/Intermediates.noindex/PostHog.build/Release/phlibwebp.build/Objects-normal/arm64/vp8l_enc.o

ScanDependencies /Users/jasonlee/Library/Developer/Xcode/DerivedData/Notch-ddzsfiyxyoauidejndllmosklbkq/Build/Intermediates.noindex/PostHog.build/Release/phlibwebp.build/Objects-normal/arm64/utils.o /Users/jasonlee/Library/Developer/Xcode/DerivedData/Notch-ddzsfiyxyoauidejndllmosklbkq/SourcePackages/checkouts/posthog-ios/vendor/libwebp/utils.c normal arm64 c com.apple.compilers.llvm.clang.1_0.compiler (in target 'phlibwebp' from project 'PostHog')
    cd /Users/jasonlee/Coding/App/Notch/Notch.xcodeproj
    
    Using response file: /Users/jasonlee/Library/Developer/Xcode/DerivedData/Notch-ddzsfiyxyoauidejndllmosklbkq/Build/Intermediates.noindex/PostHog.build/Release/phlibwebp.build/Objects-normal/arm64/7187679823f38a2a940e0043cdf9d637-common-args.resp
    
    builtin-ScanDependencies -o /Users/jasonlee/Library/Developer/Xcode/DerivedData/Notch-ddzsfiyxyoauidejndllmosklbkq/Build/Intermediates.noindex/PostHog.build/Release/phlibwebp.build/Objects-normal/arm64/utils.o.scan -- /Applications/Xcode.app/Contents/Developer/Toolchains/XcodeDefault.xctoolchain/usr/bin/clang -x c -ivfsstatcache /Users/jasonlee/Library/Developer/Xcode/DerivedData/SDKStatCaches.noindex/macosx26.4-25E251-30f9ca8789b706f8bd3fc906a70d770f.sdkstatcache -target arm64-apple-macos10.15 -fmessage-length\=0 -fdiagnostics-show-note-include-stack -fmacro-backtrace-limit\=0 -fno-color-diagnostics -fmodules-prune-interval\=86400 -fmodules-prune-after\=345600 -fbuild-session-file\=/Users/jasonlee/Library/Developer/Xcode/DerivedData/ModuleCache.noindex/Session.modulevalidation -fmodules-validate-once-per-build-session -Wnon-modular-include-in-framework-module -Werror\=non-modular-include-in-framework-module -Wno-trigraphs -Wno-missing-field-initializers -Wno-missing-prototypes -Wno-return-type -Wno-missing-braces -Wparentheses -Wswitch -Wno-unused-function -Wno-unused-label -Wno-unused-parameter -Wno-unused-variable -Wunused-value -Wno-empty-body -Wno-uninitialized -Wno-unknown-pragmas -w -Wno-shadow -Wno-four-char-constants -Wno-conversion -Wno-constant-conversion -Wno-int-conversion -Wno-bool-conversion -Wno-enum-conversion -Wno-float-conversion -Wno-non-literal-null-conversion -Wno-objc-literal-conversion -Wshorten-64-to-32 -Wpointer-sign -Wno-newline-eof -Wno-implicit-fallthrough -isysroot /Applications/Xcode.app/Contents/Developer/Platforms/MacOSX.platform/Developer/SDKs/MacOSX26.4.sdk -fstrict-aliasing -Wdeprecated-declarations -Wno-sign-conversion -Wno-infinite-recursion -Wno-comma -Wno-block-capture-autoreleasing -Wno-strict-prototypes -Wno-semicolon-before-method-body @/Users/jasonlee/Library/Developer/Xcode/DerivedData/Notch-ddzsfiyxyoauidejndllmosklbkq/Build/Intermediates.noindex/PostHog.build/Release/phlibwebp.build/Objects-normal/arm64/7187679823f38a2a940e0043cdf9d637-common-args.resp -MMD -MT dependencies -MF /Users/jasonlee/Library/Developer/Xcode/DerivedData/Notch-ddzsfiyxyoauidejndllmosklbkq/Build/Intermediates.noindex/PostHog.build/Release/phlibwebp.build/Objects-normal/arm64/utils.d --serialize-diagnostics /Users/jasonlee/Library/Developer/Xcode/DerivedData/Notch-ddzsfiyxyoauidejndllmosklbkq/Build/Intermediates.noindex/PostHog.build/Release/phlibwebp.build/Objects-normal/arm64/utils.dia -c /Users/jasonlee/Library/Developer/Xcode/DerivedData/Notch-ddzsfiyxyoauidejndllmosklbkq/SourcePackages/checkouts/posthog-ios/vendor/libwebp/utils.c -o /Users/jasonlee/Library/Developer/Xcode/DerivedData/Notch-ddzsfiyxyoauidejndllmosklbkq/Build/Intermediates.noindex/PostHog.build/Release/phlibwebp.build/Objects-normal/arm64/utils.o

PrecompileModule /Users/jasonlee/Library/Developer/Xcode/DerivedData/Notch-ddzsfiyxyoauidejndllmosklbkq/Build/Intermediates.noindex/ExplicitPrecompiledModules/_DarwinFoundation1-370FFNQ5FTV5XIU4KSH5BG27V.scan
    cd /
    builtin-precompileModule /Users/jasonlee/Library/Developer/Xcode/DerivedData/Notch-ddzsfiyxyoauidejndllmosklbkq/Build/Intermediates.noindex/ExplicitPrecompiledModules/_DarwinFoundation1-370FFNQ5FTV5XIU4KSH5BG27V.scan

PrecompileModule /Users/jasonlee/Library/Developer/Xcode/DerivedData/Notch-ddzsfiyxyoauidejndllmosklbkq/Build/Intermediates.noindex/ExplicitPrecompiledModules/_Builtin_stdbool-BHP3OPS11Q2E3ONW3W6RKA1WF.scan
    cd /
    builtin-precompileModule /Users/jasonlee/Library/Developer/Xcode/DerivedData/Notch-ddzsfiyxyoauidejndllmosklbkq/Build/Intermediates.noindex/ExplicitPrecompiledModules/_Builtin_stdbool-BHP3OPS11Q2E3ONW3W6RKA1WF.scan

ScanDependencies /Users/jasonlee/Library/Developer/Xcode/DerivedData/Notch-ddzsfiyxyoauidejndllmosklbkq/Build/Intermediates.noindex/PostHog.build/Release/phlibwebp.build/Objects-normal/arm64/upsampling_sse41.o /Users/jasonlee/Library/Developer/Xcode/DerivedData/Notch-ddzsfiyxyoauidejndllmosklbkq/SourcePackages/checkouts/posthog-ios/vendor/libwebp/upsampling_sse41.c normal arm64 c com.apple.compilers.llvm.clang.1_0.compiler (in target 'phlibwebp' from project 'PostHog')
    cd /Users/jasonlee/Coding/App/Notch/Notch.xcodeproj
    
    Using response file: /Users/jasonlee/Library/Developer/Xcode/DerivedData/Notch-ddzsfiyxyoauidejndllmosklbkq/Build/Intermediates.noindex/PostHog.build/Release/phlibwebp.build/Objects-normal/arm64/7187679823f38a2a940e0043cdf9d637-common-args.resp
    
    builtin-ScanDependencies -o /Users/jasonlee/Library/Developer/Xcode/DerivedData/Notch-ddzsfiyxyoauidejndllmosklbkq/Build/Intermediates.noindex/PostHog.build/Release/phlibwebp.build/Objects-normal/arm64/upsampling_sse41.o.scan -- /Applications/Xcode.app/Contents/Developer/Toolchains/XcodeDefault.xctoolchain/usr/bin/clang -x c -ivfsstatcache /Users/jasonlee/Library/Developer/Xcode/DerivedData/SDKStatCaches.noindex/macosx26.4-25E251-30f9ca8789b706f8bd3fc906a70d770f.sdkstatcache -target arm64-apple-macos10.15 -fmessage-length\=0 -fdiagnostics-show-note-include-stack -fmacro-backtrace-limit\=0 -fno-color-diagnostics -fmodules-prune-interval\=86400 -fmodules-prune-after\=345600 -fbuild-session-file\=/Users/jasonlee/Library/Developer/Xcode/DerivedData/ModuleCache.noindex/Session.modulevalidation -fmodules-validate-once-per-build-session -Wnon-modular-include-in-framework-module -Werror\=non-modular-include-in-framework-module -Wno-trigraphs -Wno-missing-field-initializers -Wno-missing-prototypes -Wno-return-type -Wno-missing-braces -Wparentheses -Wswitch -Wno-unused-function -Wno-unused-label -Wno-unused-parameter -Wno-unused-variable -Wunused-value -Wno-empty-body -Wno-uninitialized -Wno-unknown-pragmas -w -Wno-shadow -Wno-four-char-constants -Wno-conversion -Wno-constant-conversion -Wno-int-conversion -Wno-bool-conversion -Wno-enum-conversion -Wno-float-conversion -Wno-non-literal-null-conversion -Wno-objc-literal-conversion -Wshorten-64-to-32 -Wpointer-sign -Wno-newline-eof -Wno-implicit-fallthrough -isysroot /Applications/Xcode.app/Contents/Developer/Platforms/MacOSX.platform/Developer/SDKs/MacOSX26.4.sdk -fstrict-aliasing -Wdeprecated-declarations -Wno-sign-conversion -Wno-infinite-recursion -Wno-comma -Wno-block-capture-autoreleasing -Wno-strict-prototypes -Wno-semicolon-before-method-body @/Users/jasonlee/Library/Developer/Xcode/DerivedData/Notch-ddzsfiyxyoauidejndllmosklbkq/Build/Intermediates.noindex/PostHog.build/Release/phlibwebp.build/Objects-normal/arm64/7187679823f38a2a940e0043cdf9d637-common-args.resp -MMD -MT dependencies -MF /Users/jasonlee/Library/Developer/Xcode/DerivedData/Notch-ddzsfiyxyoauidejndllmosklbkq/Build/Intermediates.noindex/PostHog.build/Release/phlibwebp.build/Objects-normal/arm64/upsampling_sse41.d --serialize-diagnostics /Users/jasonlee/Library/Developer/Xcode/DerivedData/Notch-ddzsfiyxyoauidejndllmosklbkq/Build/Intermediates.noindex/PostHog.build/Release/phlibwebp.build/Objects-normal/arm64/upsampling_sse41.dia -c /Users/jasonlee/Library/Developer/Xcode/DerivedData/Notch-ddzsfiyxyoauidejndllmosklbkq/SourcePackages/checkouts/posthog-ios/vendor/libwebp/upsampling_sse41.c -o /Users/jasonlee/Library/Developer/Xcode/DerivedData/Notch-ddzsfiyxyoauidejndllmosklbkq/Build/Intermediates.noindex/PostHog.build/Release/phlibwebp.build/Objects-normal/arm64/upsampling_sse41.o

ScanDependencies /Users/jasonlee/Library/Developer/Xcode/DerivedData/Notch-ddzsfiyxyoauidejndllmosklbkq/Build/Intermediates.noindex/PostHog.build/Release/phlibwebp.build/Objects-normal/arm64/upsampling_sse2.o /Users/jasonlee/Library/Developer/Xcode/DerivedData/Notch-ddzsfiyxyoauidejndllmosklbkq/SourcePackages/checkouts/posthog-ios/vendor/libwebp/upsampling_sse2.c normal arm64 c com.apple.compilers.llvm.clang.1_0.compiler (in target 'phlibwebp' from project 'PostHog')
    cd /Users/jasonlee/Coding/App/Notch/Notch.xcodeproj
    
    Using response file: /Users/jasonlee/Library/Developer/Xcode/DerivedData/Notch-ddzsfiyxyoauidejndllmosklbkq/Build/Intermediates.noindex/PostHog.build/Release/phlibwebp.build/Objects-normal/arm64/7187679823f38a2a940e0043cdf9d637-common-args.resp
    
    builtin-ScanDependencies -o /Users/jasonlee/Library/Developer/Xcode/DerivedData/Notch-ddzsfiyxyoauidejndllmosklbkq/Build/Intermediates.noindex/PostHog.build/Release/phlibwebp.build/Objects-normal/arm64/upsampling_sse2.o.scan -- /Applications/Xcode.app/Contents/Developer/Toolchains/XcodeDefault.xctoolchain/usr/bin/clang -x c -ivfsstatcache /Users/jasonlee/Library/Developer/Xcode/DerivedData/SDKStatCaches.noindex/macosx26.4-25E251-30f9ca8789b706f8bd3fc906a70d770f.sdkstatcache -target arm64-apple-macos10.15 -fmessage-length\=0 -fdiagnostics-show-note-include-stack -fmacro-backtrace-limit\=0 -fno-color-diagnostics -fmodules-prune-interval\=86400 -fmodules-prune-after\=345600 -fbuild-session-file\=/Users/jasonlee/Library/Developer/Xcode/DerivedData/ModuleCache.noindex/Session.modulevalidation -fmodules-validate-once-per-build-session -Wnon-modular-include-in-framework-module -Werror\=non-modular-include-in-framework-module -Wno-trigraphs -Wno-missing-field-initializers -Wno-missing-prototypes -Wno-return-type -Wno-missing-braces -Wparentheses -Wswitch -Wno-unused-function -Wno-unused-label -Wno-unused-parameter -Wno-unused-variable -Wunused-value -Wno-empty-body -Wno-uninitialized -Wno-unknown-pragmas -w -Wno-shadow -Wno-four-char-constants -Wno-conversion -Wno-constant-conversion -Wno-int-conversion -Wno-bool-conversion -Wno-enum-conversion -Wno-float-conversion -Wno-non-literal-null-conversion -Wno-objc-literal-conversion -Wshorten-64-to-32 -Wpointer-sign -Wno-newline-eof -Wno-implicit-fallthrough -isysroot /Applications/Xcode.app/Contents/Developer/Platforms/MacOSX.platform/Developer/SDKs/MacOSX26.4.sdk -fstrict-aliasing -Wdeprecated-declarations -Wno-sign-conversion -Wno-infinite-recursion -Wno-comma -Wno-block-capture-autoreleasing -Wno-strict-prototypes -Wno-semicolon-before-method-body @/Users/jasonlee/Library/Developer/Xcode/DerivedData/Notch-ddzsfiyxyoauidejndllmosklbkq/Build/Intermediates.noindex/PostHog.build/Release/phlibwebp.build/Objects-normal/arm64/7187679823f38a2a940e0043cdf9d637-common-args.resp -MMD -MT dependencies -MF /Users/jasonlee/Library/Developer/Xcode/DerivedData/Notch-ddzsfiyxyoauidejndllmosklbkq/Build/Intermediates.noindex/PostHog.build/Release/phlibwebp.build/Objects-normal/arm64/upsampling_sse2.d --serialize-diagnostics /Users/jasonlee/Library/Developer/Xcode/DerivedData/Notch-ddzsfiyxyoauidejndllmosklbkq/Build/Intermediates.noindex/PostHog.build/Release/phlibwebp.build/Objects-normal/arm64/upsampling_sse2.dia -c /Users/jasonlee/Library/Developer/Xcode/DerivedData/Notch-ddzsfiyxyoauidejndllmosklbkq/SourcePackages/checkouts/posthog-ios/vendor/libwebp/upsampling_sse2.c -o /Users/jasonlee/Library/Developer/Xcode/DerivedData/Notch-ddzsfiyxyoauidejndllmosklbkq/Build/Intermediates.noindex/PostHog.build/Release/phlibwebp.build/Objects-normal/arm64/upsampling_sse2.o

ScanDependencies /Users/jasonlee/Library/Developer/Xcode/DerivedData/Notch-ddzsfiyxyoauidejndllmosklbkq/Build/Intermediates.noindex/PostHog.build/Release/phlibwebp.build/Objects-normal/arm64/upsampling_neon.o /Users/jasonlee/Library/Developer/Xcode/DerivedData/Notch-ddzsfiyxyoauidejndllmosklbkq/SourcePackages/checkouts/posthog-ios/vendor/libwebp/upsampling_neon.c normal arm64 c com.apple.compilers.llvm.clang.1_0.compiler (in target 'phlibwebp' from project 'PostHog')
    cd /Users/jasonlee/Coding/App/Notch/Notch.xcodeproj
    
    Using response file: /Users/jasonlee/Library/Developer/Xcode/DerivedData/Notch-ddzsfiyxyoauidejndllmosklbkq/Build/Intermediates.noindex/PostHog.build/Release/phlibwebp.build/Objects-normal/arm64/7187679823f38a2a940e0043cdf9d637-common-args.resp
    
    builtin-ScanDependencies -o /Users/jasonlee/Library/Developer/Xcode/DerivedData/Notch-ddzsfiyxyoauidejndllmosklbkq/Build/Intermediates.noindex/PostHog.build/Release/phlibwebp.build/Objects-normal/arm64/upsampling_neon.o.scan -- /Applications/Xcode.app/Contents/Developer/Toolchains/XcodeDefault.xctoolchain/usr/bin/clang -x c -ivfsstatcache /Users/jasonlee/Library/Developer/Xcode/DerivedData/SDKStatCaches.noindex/macosx26.4-25E251-30f9ca8789b706f8bd3fc906a70d770f.sdkstatcache -target arm64-apple-macos10.15 -fmessage-length\=0 -fdiagnostics-show-note-include-stack -fmacro-backtrace-limit\=0 -fno-color-diagnostics -fmodules-prune-interval\=86400 -fmodules-prune-after\=345600 -fbuild-session-file\=/Users/jasonlee/Library/Developer/Xcode/DerivedData/ModuleCache.noindex/Session.modulevalidation -fmodules-validate-once-per-build-session -Wnon-modular-include-in-framework-module -Werror\=non-modular-include-in-framework-module -Wno-trigraphs -Wno-missing-field-initializers -Wno-missing-prototypes -Wno-return-type -Wno-missing-braces -Wparentheses -Wswitch -Wno-unused-function -Wno-unused-label -Wno-unused-parameter -Wno-unused-variable -Wunused-value -Wno-empty-body -Wno-uninitialized -Wno-unknown-pragmas -w -Wno-shadow -Wno-four-char-constants -Wno-conversion -Wno-constant-conversion -Wno-int-conversion -Wno-bool-conversion -Wno-enum-conversion -Wno-float-conversion -Wno-non-literal-null-conversion -Wno-objc-literal-conversion -Wshorten-64-to-32 -Wpointer-sign -Wno-newline-eof -Wno-implicit-fallthrough -isysroot /Applications/Xcode.app/Contents/Developer/Platforms/MacOSX.platform/Developer/SDKs/MacOSX26.4.sdk -fstrict-aliasing -Wdeprecated-declarations -Wno-sign-conversion -Wno-infinite-recursion -Wno-comma -Wno-block-capture-autoreleasing -Wno-strict-prototypes -Wno-semicolon-before-method-body @/Users/jasonlee/Library/Developer/Xcode/DerivedData/Notch-ddzsfiyxyoauidejndllmosklbkq/Build/Intermediates.noindex/PostHog.build/Release/phlibwebp.build/Objects-normal/arm64/7187679823f38a2a940e0043cdf9d637-common-args.resp -MMD -MT dependencies -MF /Users/jasonlee/Library/Developer/Xcode/DerivedData/Notch-ddzsfiyxyoauidejndllmosklbkq/Build/Intermediates.noindex/PostHog.build/Release/phlibwebp.build/Objects-normal/arm64/upsampling_neon.d --serialize-diagnostics /Users/jasonlee/Library/Developer/Xcode/DerivedData/Notch-ddzsfiyxyoauidejndllmosklbkq/Build/Intermediates.noindex/PostHog.build/Release/phlibwebp.build/Objects-normal/arm64/upsampling_neon.dia -c /Users/jasonlee/Library/Developer/Xcode/DerivedData/Notch-ddzsfiyxyoauidejndllmosklbkq/SourcePackages/checkouts/posthog-ios/vendor/libwebp/upsampling_neon.c -o /Users/jasonlee/Library/Developer/Xcode/DerivedData/Notch-ddzsfiyxyoauidejndllmosklbkq/Build/Intermediates.noindex/PostHog.build/Release/phlibwebp.build/Objects-normal/arm64/upsampling_neon.o

ScanDependencies /Users/jasonlee/Library/Developer/Xcode/DerivedData/Notch-ddzsfiyxyoauidejndllmosklbkq/Build/Intermediates.noindex/PostHog.build/Release/phlibwebp.build/Objects-normal/arm64/upsampling.o /Users/jasonlee/Library/Developer/Xcode/DerivedData/Notch-ddzsfiyxyoauidejndllmosklbkq/SourcePackages/checkouts/posthog-ios/vendor/libwebp/upsampling.c normal arm64 c com.apple.compilers.llvm.clang.1_0.compiler (in target 'phlibwebp' from project 'PostHog')
    cd /Users/jasonlee/Coding/App/Notch/Notch.xcodeproj
    
    Using response file: /Users/jasonlee/Library/Developer/Xcode/DerivedData/Notch-ddzsfiyxyoauidejndllmosklbkq/Build/Intermediates.noindex/PostHog.build/Release/phlibwebp.build/Objects-normal/arm64/7187679823f38a2a940e0043cdf9d637-common-args.resp
    
    builtin-ScanDependencies -o /Users/jasonlee/Library/Developer/Xcode/DerivedData/Notch-ddzsfiyxyoauidejndllmosklbkq/Build/Intermediates.noindex/PostHog.build/Release/phlibwebp.build/Objects-normal/arm64/upsampling.o.scan -- /Applications/Xcode.app/Contents/Developer/Toolchains/XcodeDefault.xctoolchain/usr/bin/clang -x c -ivfsstatcache /Users/jasonlee/Library/Developer/Xcode/DerivedData/SDKStatCaches.noindex/macosx26.4-25E251-30f9ca8789b706f8bd3fc906a70d770f.sdkstatcache -target arm64-apple-macos10.15 -fmessage-length\=0 -fdiagnostics-show-note-include-stack -fmacro-backtrace-limit\=0 -fno-color-diagnostics -fmodules-prune-interval\=86400 -fmodules-prune-after\=345600 -fbuild-session-file\=/Users/jasonlee/Library/Developer/Xcode/DerivedData/ModuleCache.noindex/Session.modulevalidation -fmodules-validate-once-per-build-session -Wnon-modular-include-in-framework-module -Werror\=non-modular-include-in-framework-module -Wno-trigraphs -Wno-missing-field-initializers -Wno-missing-prototypes -Wno-return-type -Wno-missing-braces -Wparentheses -Wswitch -Wno-unused-function -Wno-unused-label -Wno-unused-parameter -Wno-unused-variable -Wunused-value -Wno-empty-body -Wno-uninitialized -Wno-unknown-pragmas -w -Wno-shadow -Wno-four-char-constants -Wno-conversion -Wno-constant-conversion -Wno-int-conversion -Wno-bool-conversion -Wno-enum-conversion -Wno-float-conversion -Wno-non-literal-null-conversion -Wno-objc-literal-conversion -Wshorten-64-to-32 -Wpointer-sign -Wno-newline-eof -Wno-implicit-fallthrough -isysroot /Applications/Xcode.app/Contents/Developer/Platforms/MacOSX.platform/Developer/SDKs/MacOSX26.4.sdk -fstrict-aliasing -Wdeprecated-declarations -Wno-sign-conversion -Wno-infinite-recursion -Wno-comma -Wno-block-capture-autoreleasing -Wno-strict-prototypes -Wno-semicolon-before-method-body @/Users/jasonlee/Library/Developer/Xcode/DerivedData/Notch-ddzsfiyxyoauidejndllmosklbkq/Build/Intermediates.noindex/PostHog.build/Release/phlibwebp.build/Objects-normal/arm64/7187679823f38a2a940e0043cdf9d637-common-args.resp -MMD -MT dependencies -MF /Users/jasonlee/Library/Developer/Xcode/DerivedData/Notch-ddzsfiyxyoauidejndllmosklbkq/Build/Intermediates.noindex/PostHog.build/Release/phlibwebp.build/Objects-normal/arm64/upsampling.d --serialize-diagnostics /Users/jasonlee/Library/Developer/Xcode/DerivedData/Notch-ddzsfiyxyoauidejndllmosklbkq/Build/Intermediates.noindex/PostHog.build/Release/phlibwebp.build/Objects-normal/arm64/upsampling.dia -c /Users/jasonlee/Library/Developer/Xcode/DerivedData/Notch-ddzsfiyxyoauidejndllmosklbkq/SourcePackages/checkouts/posthog-ios/vendor/libwebp/upsampling.c -o /Users/jasonlee/Library/Developer/Xcode/DerivedData/Notch-ddzsfiyxyoauidejndllmosklbkq/Build/Intermediates.noindex/PostHog.build/Release/phlibwebp.build/Objects-normal/arm64/upsampling.o

ScanDependencies /Users/jasonlee/Library/Developer/Xcode/DerivedData/Notch-ddzsfiyxyoauidejndllmosklbkq/Build/Intermediates.noindex/PostHog.build/Release/phlibwebp.build/Objects-normal/arm64/tree_enc.o /Users/jasonlee/Library/Developer/Xcode/DerivedData/Notch-ddzsfiyxyoauidejndllmosklbkq/SourcePackages/checkouts/posthog-ios/vendor/libwebp/tree_enc.c normal arm64 c com.apple.compilers.llvm.clang.1_0.compiler (in target 'phlibwebp' from project 'PostHog')
    cd /Users/jasonlee/Coding/App/Notch/Notch.xcodeproj
    
    Using response file: /Users/jasonlee/Library/Developer/Xcode/DerivedData/Notch-ddzsfiyxyoauidejndllmosklbkq/Build/Intermediates.noindex/PostHog.build/Release/phlibwebp.build/Objects-normal/arm64/7187679823f38a2a940e0043cdf9d637-common-args.resp
    
    builtin-ScanDependencies -o /Users/jasonlee/Library/Developer/Xcode/DerivedData/Notch-ddzsfiyxyoauidejndllmosklbkq/Build/Intermediates.noindex/PostHog.build/Release/phlibwebp.build/Objects-normal/arm64/tree_enc.o.scan -- /Applications/Xcode.app/Contents/Developer/Toolchains/XcodeDefault.xctoolchain/usr/bin/clang -x c -ivfsstatcache /Users/jasonlee/Library/Developer/Xcode/DerivedData/SDKStatCaches.noindex/macosx26.4-25E251-30f9ca8789b706f8bd3fc906a70d770f.sdkstatcache -target arm64-apple-macos10.15 -fmessage-length\=0 -fdiagnostics-show-note-include-stack -fmacro-backtrace-limit\=0 -fno-color-diagnostics -fmodules-prune-interval\=86400 -fmodules-prune-after\=345600 -fbuild-session-file\=/Users/jasonlee/Library/Developer/Xcode/DerivedData/ModuleCache.noindex/Session.modulevalidation -fmodules-validate-once-per-build-session -Wnon-modular-include-in-framework-module -Werror\=non-modular-include-in-framework-module -Wno-trigraphs -Wno-missing-field-initializers -Wno-missing-prototypes -Wno-return-type -Wno-missing-braces -Wparentheses -Wswitch -Wno-unused-function -Wno-unused-label -Wno-unused-parameter -Wno-unused-variable -Wunused-value -Wno-empty-body -Wno-uninitialized -Wno-unknown-pragmas -w -Wno-shadow -Wno-four-char-constants -Wno-conversion -Wno-constant-conversion -Wno-int-conversion -Wno-bool-conversion -Wno-enum-conversion -Wno-float-conversion -Wno-non-literal-null-conversion -Wno-objc-literal-conversion -Wshorten-64-to-32 -Wpointer-sign -Wno-newline-eof -Wno-implicit-fallthrough -isysroot /Applications/Xcode.app/Contents/Developer/Platforms/MacOSX.platform/Developer/SDKs/MacOSX26.4.sdk -fstrict-aliasing -Wdeprecated-declarations -Wno-sign-conversion -Wno-infinite-recursion -Wno-comma -Wno-block-capture-autoreleasing -Wno-strict-prototypes -Wno-semicolon-before-method-body @/Users/jasonlee/Library/Developer/Xcode/DerivedData/Notch-ddzsfiyxyoauidejndllmosklbkq/Build/Intermediates.noindex/PostHog.build/Release/phlibwebp.build/Objects-normal/arm64/7187679823f38a2a940e0043cdf9d637-common-args.resp -MMD -MT dependencies -MF /Users/jasonlee/Library/Developer/Xcode/DerivedData/Notch-ddzsfiyxyoauidejndllmosklbkq/Build/Intermediates.noindex/PostHog.build/Release/phlibwebp.build/Objects-normal/arm64/tree_enc.d --serialize-diagnostics /Users/jasonlee/Library/Developer/Xcode/DerivedData/Notch-ddzsfiyxyoauidejndllmosklbkq/Build/Intermediates.noindex/PostHog.build/Release/phlibwebp.build/Objects-normal/arm64/tree_enc.dia -c /Users/jasonlee/Library/Developer/Xcode/DerivedData/Notch-ddzsfiyxyoauidejndllmosklbkq/SourcePackages/checkouts/posthog-ios/vendor/libwebp/tree_enc.c -o /Users/jasonlee/Library/Developer/Xcode/DerivedData/Notch-ddzsfiyxyoauidejndllmosklbkq/Build/Intermediates.noindex/PostHog.build/Release/phlibwebp.build/Objects-normal/arm64/tree_enc.o

ScanDependencies /Users/jasonlee/Library/Developer/Xcode/DerivedData/Notch-ddzsfiyxyoauidejndllmosklbkq/Build/Intermediates.noindex/PostHog.build/Release/phlibwebp.build/Objects-normal/arm64/token_enc.o /Users/jasonlee/Library/Developer/Xcode/DerivedData/Notch-ddzsfiyxyoauidejndllmosklbkq/SourcePackages/checkouts/posthog-ios/vendor/libwebp/token_enc.c normal arm64 c com.apple.compilers.llvm.clang.1_0.compiler (in target 'phlibwebp' from project 'PostHog')
    cd /Users/jasonlee/Coding/App/Notch/Notch.xcodeproj
    
    Using response file: /Users/jasonlee/Library/Developer/Xcode/DerivedData/Notch-ddzsfiyxyoauidejndllmosklbkq/Build/Intermediates.noindex/PostHog.build/Release/phlibwebp.build/Objects-normal/arm64/7187679823f38a2a940e0043cdf9d637-common-args.resp
    
    builtin-ScanDependencies -o /Users/jasonlee/Library/Developer/Xcode/DerivedData/Notch-ddzsfiyxyoauidejndllmosklbkq/Build/Intermediates.noindex/PostHog.build/Release/phlibwebp.build/Objects-normal/arm64/token_enc.o.scan -- /Applications/Xcode.app/Contents/Developer/Toolchains/XcodeDefault.xctoolchain/usr/bin/clang -x c -ivfsstatcache /Users/jasonlee/Library/Developer/Xcode/DerivedData/SDKStatCaches.noindex/macosx26.4-25E251-30f9ca8789b706f8bd3fc906a70d770f.sdkstatcache -target arm64-apple-macos10.15 -fmessage-length\=0 -fdiagnostics-show-note-include-stack -fmacro-backtrace-limit\=0 -fno-color-diagnostics -fmodules-prune-interval\=86400 -fmodules-prune-after\=345600 -fbuild-session-file\=/Users/jasonlee/Library/Developer/Xcode/DerivedData/ModuleCache.noindex/Session.modulevalidation -fmodules-validate-once-per-build-session -Wnon-modular-include-in-framework-module -Werror\=non-modular-include-in-framework-module -Wno-trigraphs -Wno-missing-field-initializers -Wno-missing-prototypes -Wno-return-type -Wno-missing-braces -Wparentheses -Wswitch -Wno-unused-function -Wno-unused-label -Wno-unused-parameter -Wno-unused-variable -Wunused-value -Wno-empty-body -Wno-uninitialized -Wno-unknown-pragmas -w -Wno-shadow -Wno-four-char-constants -Wno-conversion -Wno-constant-conversion -Wno-int-conversion -Wno-bool-conversion -Wno-enum-conversion -Wno-float-conversion -Wno-non-literal-null-conversion -Wno-objc-literal-conversion -Wshorten-64-to-32 -Wpointer-sign -Wno-newline-eof -Wno-implicit-fallthrough -isysroot /Applications/Xcode.app/Contents/Developer/Platforms/MacOSX.platform/Developer/SDKs/MacOSX26.4.sdk -fstrict-aliasing -Wdeprecated-declarations -Wno-sign-conversion -Wno-infinite-recursion -Wno-comma -Wno-block-capture-autoreleasing -Wno-strict-prototypes -Wno-semicolon-before-method-body @/Users/jasonlee/Library/Developer/Xcode/DerivedData/Notch-ddzsfiyxyoauidejndllmosklbkq/Build/Intermediates.noindex/PostHog.build/Release/phlibwebp.build/Objects-normal/arm64/7187679823f38a2a940e0043cdf9d637-common-args.resp -MMD -MT dependencies -MF /Users/jasonlee/Library/Developer/Xcode/DerivedData/Notch-ddzsfiyxyoauidejndllmosklbkq/Build/Intermediates.noindex/PostHog.build/Release/phlibwebp.build/Objects-normal/arm64/token_enc.d --serialize-diagnostics /Users/jasonlee/Library/Developer/Xcode/DerivedData/Notch-ddzsfiyxyoauidejndllmosklbkq/Build/Intermediates.noindex/PostHog.build/Release/phlibwebp.build/Objects-normal/arm64/token_enc.dia -c /Users/jasonlee/Library/Developer/Xcode/DerivedData/Notch-ddzsfiyxyoauidejndllmosklbkq/SourcePackages/checkouts/posthog-ios/vendor/libwebp/token_enc.c -o /Users/jasonlee/Library/Developer/Xcode/DerivedData/Notch-ddzsfiyxyoauidejndllmosklbkq/Build/Intermediates.noindex/PostHog.build/Release/phlibwebp.build/Objects-normal/arm64/token_enc.o

ScanDependencies /Users/jasonlee/Library/Developer/Xcode/DerivedData/Notch-ddzsfiyxyoauidejndllmosklbkq/Build/Intermediates.noindex/PostHog.build/Release/phlibwebp.build/Objects-normal/arm64/thread_utils.o /Users/jasonlee/Library/Developer/Xcode/DerivedData/Notch-ddzsfiyxyoauidejndllmosklbkq/SourcePackages/checkouts/posthog-ios/vendor/libwebp/thread_utils.c normal arm64 c com.apple.compilers.llvm.clang.1_0.compiler (in target 'phlibwebp' from project 'PostHog')
    cd /Users/jasonlee/Coding/App/Notch/Notch.xcodeproj
    
    Using response file: /Users/jasonlee/Library/Developer/Xcode/DerivedData/Notch-ddzsfiyxyoauidejndllmosklbkq/Build/Intermediates.noindex/PostHog.build/Release/phlibwebp.build/Objects-normal/arm64/7187679823f38a2a940e0043cdf9d637-common-args.resp
    
    builtin-ScanDependencies -o /Users/jasonlee/Library/Developer/Xcode/DerivedData/Notch-ddzsfiyxyoauidejndllmosklbkq/Build/Intermediates.noindex/PostHog.build/Release/phlibwebp.build/Objects-normal/arm64/thread_utils.o.scan -- /Applications/Xcode.app/Contents/Developer/Toolchains/XcodeDefault.xctoolchain/usr/bin/clang -x c -ivfsstatcache /Users/jasonlee/Library/Developer/Xcode/DerivedData/SDKStatCaches.noindex/macosx26.4-25E251-30f9ca8789b706f8bd3fc906a70d770f.sdkstatcache -target arm64-apple-macos10.15 -fmessage-length\=0 -fdiagnostics-show-note-include-stack -fmacro-backtrace-limit\=0 -fno-color-diagnostics -fmodules-prune-interval\=86400 -fmodules-prune-after\=345600 -fbuild-session-file\=/Users/jasonlee/Library/Developer/Xcode/DerivedData/ModuleCache.noindex/Session.modulevalidation -fmodules-validate-once-per-build-session -Wnon-modular-include-in-framework-module -Werror\=non-modular-include-in-framework-module -Wno-trigraphs -Wno-missing-field-initializers -Wno-missing-prototypes -Wno-return-type -Wno-missing-braces -Wparentheses -Wswitch -Wno-unused-function -Wno-unused-label -Wno-unused-parameter -Wno-unused-variable -Wunused-value -Wno-empty-body -Wno-uninitialized -Wno-unknown-pragmas -w -Wno-shadow -Wno-four-char-constants -Wno-conversion -Wno-constant-conversion -Wno-int-conversion -Wno-bool-conversion -Wno-enum-conversion -Wno-float-conversion -Wno-non-literal-null-conversion -Wno-objc-literal-conversion -Wshorten-64-to-32 -Wpointer-sign -Wno-newline-eof -Wno-implicit-fallthrough -isysroot /Applications/Xcode.app/Contents/Developer/Platforms/MacOSX.platform/Developer/SDKs/MacOSX26.4.sdk -fstrict-aliasing -Wdeprecated-declarations -Wno-sign-conversion -Wno-infinite-recursion -Wno-comma -Wno-block-capture-autoreleasing -Wno-strict-prototypes -Wno-semicolon-before-method-body @/Users/jasonlee/Library/Developer/Xcode/DerivedData/Notch-ddzsfiyxyoauidejndllmosklbkq/Build/Intermediates.noindex/PostHog.build/Release/phlibwebp.build/Objects-normal/arm64/7187679823f38a2a940e0043cdf9d637-common-args.resp -MMD -MT dependencies -MF /Users/jasonlee/Library/Developer/Xcode/DerivedData/Notch-ddzsfiyxyoauidejndllmosklbkq/Build/Intermediates.noindex/PostHog.build/Release/phlibwebp.build/Objects-normal/arm64/thread_utils.d --serialize-diagnostics /Users/jasonlee/Library/Developer/Xcode/DerivedData/Notch-ddzsfiyxyoauidejndllmosklbkq/Build/Intermediates.noindex/PostHog.build/Release/phlibwebp.build/Objects-normal/arm64/thread_utils.dia -c /Users/jasonlee/Library/Developer/Xcode/DerivedData/Notch-ddzsfiyxyoauidejndllmosklbkq/SourcePackages/checkouts/posthog-ios/vendor/libwebp/thread_utils.c -o /Users/jasonlee/Library/Developer/Xcode/DerivedData/Notch-ddzsfiyxyoauidejndllmosklbkq/Build/Intermediates.noindex/PostHog.build/Release/phlibwebp.build/Objects-normal/arm64/thread_utils.o

ScanDependencies /Users/jasonlee/Library/Developer/Xcode/DerivedData/Notch-ddzsfiyxyoauidejndllmosklbkq/Build/Intermediates.noindex/PostHog.build/Release/phlibwebp.build/Objects-normal/arm64/syntax_enc.o /Users/jasonlee/Library/Developer/Xcode/DerivedData/Notch-ddzsfiyxyoauidejndllmosklbkq/SourcePackages/checkouts/posthog-ios/vendor/libwebp/syntax_enc.c normal arm64 c com.apple.compilers.llvm.clang.1_0.compiler (in target 'phlibwebp' from project 'PostHog')
    cd /Users/jasonlee/Coding/App/Notch/Notch.xcodeproj
    
    Using response file: /Users/jasonlee/Library/Developer/Xcode/DerivedData/Notch-ddzsfiyxyoauidejndllmosklbkq/Build/Intermediates.noindex/PostHog.build/Release/phlibwebp.build/Objects-normal/arm64/7187679823f38a2a940e0043cdf9d637-common-args.resp
    
    builtin-ScanDependencies -o /Users/jasonlee/Library/Developer/Xcode/DerivedData/Notch-ddzsfiyxyoauidejndllmosklbkq/Build/Intermediates.noindex/PostHog.build/Release/phlibwebp.build/Objects-normal/arm64/syntax_enc.o.scan -- /Applications/Xcode.app/Contents/Developer/Toolchains/XcodeDefault.xctoolchain/usr/bin/clang -x c -ivfsstatcache /Users/jasonlee/Library/Developer/Xcode/DerivedData/SDKStatCaches.noindex/macosx26.4-25E251-30f9ca8789b706f8bd3fc906a70d770f.sdkstatcache -target arm64-apple-macos10.15 -fmessage-length\=0 -fdiagnostics-show-note-include-stack -fmacro-backtrace-limit\=0 -fno-color-diagnostics -fmodules-prune-interval\=86400 -fmodules-prune-after\=345600 -fbuild-session-file\=/Users/jasonlee/Library/Developer/Xcode/DerivedData/ModuleCache.noindex/Session.modulevalidation -fmodules-validate-once-per-build-session -Wnon-modular-include-in-framework-module -Werror\=non-modular-include-in-framework-module -Wno-trigraphs -Wno-missing-field-initializers -Wno-missing-prototypes -Wno-return-type -Wno-missing-braces -Wparentheses -Wswitch -Wno-unused-function -Wno-unused-label -Wno-unused-parameter -Wno-unused-variable -Wunused-value -Wno-empty-body -Wno-uninitialized -Wno-unknown-pragmas -w -Wno-shadow -Wno-four-char-constants -Wno-conversion -Wno-constant-conversion -Wno-int-conversion -Wno-bool-conversion -Wno-enum-conversion -Wno-float-conversion -Wno-non-literal-null-conversion -Wno-objc-literal-conversion -Wshorten-64-to-32 -Wpointer-sign -Wno-newline-eof -Wno-implicit-fallthrough -isysroot /Applications/Xcode.app/Contents/Developer/Platforms/MacOSX.platform/Developer/SDKs/MacOSX26.4.sdk -fstrict-aliasing -Wdeprecated-declarations -Wno-sign-conversion -Wno-infinite-recursion -Wno-comma -Wno-block-capture-autoreleasing -Wno-strict-prototypes -Wno-semicolon-before-method-body @/Users/jasonlee/Library/Developer/Xcode/DerivedData/Notch-ddzsfiyxyoauidejndllmosklbkq/Build/Intermediates.noindex/PostHog.build/Release/phlibwebp.build/Objects-normal/arm64/7187679823f38a2a940e0043cdf9d637-common-args.resp -MMD -MT dependencies -MF /Users/jasonlee/Library/Developer/Xcode/DerivedData/Notch-ddzsfiyxyoauidejndllmosklbkq/Build/Intermediates.noindex/PostHog.build/Release/phlibwebp.build/Objects-normal/arm64/syntax_enc.d --serialize-diagnostics /Users/jasonlee/Library/Developer/Xcode/DerivedData/Notch-ddzsfiyxyoauidejndllmosklbkq/Build/Intermediates.noindex/PostHog.build/Release/phlibwebp.build/Objects-normal/arm64/syntax_enc.dia -c /Users/jasonlee/Library/Developer/Xcode/DerivedData/Notch-ddzsfiyxyoauidejndllmosklbkq/SourcePackages/checkouts/posthog-ios/vendor/libwebp/syntax_enc.c -o /Users/jasonlee/Library/Developer/Xcode/DerivedData/Notch-ddzsfiyxyoauidejndllmosklbkq/Build/Intermediates.noindex/PostHog.build/Release/phlibwebp.build/Objects-normal/arm64/syntax_enc.o

ScanDependencies /Users/jasonlee/Library/Developer/Xcode/DerivedData/Notch-ddzsfiyxyoauidejndllmosklbkq/Build/Intermediates.noindex/PostHog.build/Release/phlibwebp.build/Objects-normal/arm64/ssim_sse2.o /Users/jasonlee/Library/Developer/Xcode/DerivedData/Notch-ddzsfiyxyoauidejndllmosklbkq/SourcePackages/checkouts/posthog-ios/vendor/libwebp/ssim_sse2.c normal arm64 c com.apple.compilers.llvm.clang.1_0.compiler (in target 'phlibwebp' from project 'PostHog')
    cd /Users/jasonlee/Coding/App/Notch/Notch.xcodeproj
    
    Using response file: /Users/jasonlee/Library/Developer/Xcode/DerivedData/Notch-ddzsfiyxyoauidejndllmosklbkq/Build/Intermediates.noindex/PostHog.build/Release/phlibwebp.build/Objects-normal/arm64/7187679823f38a2a940e0043cdf9d637-common-args.resp
    
    builtin-ScanDependencies -o /Users/jasonlee/Library/Developer/Xcode/DerivedData/Notch-ddzsfiyxyoauidejndllmosklbkq/Build/Intermediates.noindex/PostHog.build/Release/phlibwebp.build/Objects-normal/arm64/ssim_sse2.o.scan -- /Applications/Xcode.app/Contents/Developer/Toolchains/XcodeDefault.xctoolchain/usr/bin/clang -x c -ivfsstatcache /Users/jasonlee/Library/Developer/Xcode/DerivedData/SDKStatCaches.noindex/macosx26.4-25E251-30f9ca8789b706f8bd3fc906a70d770f.sdkstatcache -target arm64-apple-macos10.15 -fmessage-length\=0 -fdiagnostics-show-note-include-stack -fmacro-backtrace-limit\=0 -fno-color-diagnostics -fmodules-prune-interval\=86400 -fmodules-prune-after\=345600 -fbuild-session-file\=/Users/jasonlee/Library/Developer/Xcode/DerivedData/ModuleCache.noindex/Session.modulevalidation -fmodules-validate-once-per-build-session -Wnon-modular-include-in-framework-module -Werror\=non-modular-include-in-framework-module -Wno-trigraphs -Wno-missing-field-initializers -Wno-missing-prototypes -Wno-return-type -Wno-missing-braces -Wparentheses -Wswitch -Wno-unused-function -Wno-unused-label -Wno-unused-parameter -Wno-unused-variable -Wunused-value -Wno-empty-body -Wno-uninitialized -Wno-unknown-pragmas -w -Wno-shadow -Wno-four-char-constants -Wno-conversion -Wno-constant-conversion -Wno-int-conversion -Wno-bool-conversion -Wno-enum-conversion -Wno-float-conversion -Wno-non-literal-null-conversion -Wno-objc-literal-conversion -Wshorten-64-to-32 -Wpointer-sign -Wno-newline-eof -Wno-implicit-fallthrough -isysroot /Applications/Xcode.app/Contents/Developer/Platforms/MacOSX.platform/Developer/SDKs/MacOSX26.4.sdk -fstrict-aliasing -Wdeprecated-declarations -Wno-sign-conversion -Wno-infinite-recursion -Wno-comma -Wno-block-capture-autoreleasing -Wno-strict-prototypes -Wno-semicolon-before-method-body @/Users/jasonlee/Library/Developer/Xcode/DerivedData/Notch-ddzsfiyxyoauidejndllmosklbkq/Build/Intermediates.noindex/PostHog.build/Release/phlibwebp.build/Objects-normal/arm64/7187679823f38a2a940e0043cdf9d637-common-args.resp -MMD -MT dependencies -MF /Users/jasonlee/Library/Developer/Xcode/DerivedData/Notch-ddzsfiyxyoauidejndllmosklbkq/Build/Intermediates.noindex/PostHog.build/Release/phlibwebp.build/Objects-normal/arm64/ssim_sse2.d --serialize-diagnostics /Users/jasonlee/Library/Developer/Xcode/DerivedData/Notch-ddzsfiyxyoauidejndllmosklbkq/Build/Intermediates.noindex/PostHog.build/Release/phlibwebp.build/Objects-normal/arm64/ssim_sse2.dia -c /Users/jasonlee/Library/Developer/Xcode/DerivedData/Notch-ddzsfiyxyoauidejndllmosklbkq/SourcePackages/checkouts/posthog-ios/vendor/libwebp/ssim_sse2.c -o /Users/jasonlee/Library/Developer/Xcode/DerivedData/Notch-ddzsfiyxyoauidejndllmosklbkq/Build/Intermediates.noindex/PostHog.build/Release/phlibwebp.build/Objects-normal/arm64/ssim_sse2.o

ScanDependencies /Users/jasonlee/Library/Developer/Xcode/DerivedData/Notch-ddzsfiyxyoauidejndllmosklbkq/Build/Intermediates.noindex/PostHog.build/Release/phlibwebp.build/Objects-normal/arm64/ssim.o /Users/jasonlee/Library/Developer/Xcode/DerivedData/Notch-ddzsfiyxyoauidejndllmosklbkq/SourcePackages/checkouts/posthog-ios/vendor/libwebp/ssim.c normal arm64 c com.apple.compilers.llvm.clang.1_0.compiler (in target 'phlibwebp' from project 'PostHog')
    cd /Users/jasonlee/Coding/App/Notch/Notch.xcodeproj
    
    Using response file: /Users/jasonlee/Library/Developer/Xcode/DerivedData/Notch-ddzsfiyxyoauidejndllmosklbkq/Build/Intermediates.noindex/PostHog.build/Release/phlibwebp.build/Objects-normal/arm64/7187679823f38a2a940e0043cdf9d637-common-args.resp
    
    builtin-ScanDependencies -o /Users/jasonlee/Library/Developer/Xcode/DerivedData/Notch-ddzsfiyxyoauidejndllmosklbkq/Build/Intermediates.noindex/PostHog.build/Release/phlibwebp.build/Objects-normal/arm64/ssim.o.scan -- /Applications/Xcode.app/Contents/Developer/Toolchains/XcodeDefault.xctoolchain/usr/bin/clang -x c -ivfsstatcache /Users/jasonlee/Library/Developer/Xcode/DerivedData/SDKStatCaches.noindex/macosx26.4-25E251-30f9ca8789b706f8bd3fc906a70d770f.sdkstatcache -target arm64-apple-macos10.15 -fmessage-length\=0 -fdiagnostics-show-note-include-stack -fmacro-backtrace-limit\=0 -fno-color-diagnostics -fmodules-prune-interval\=86400 -fmodules-prune-after\=345600 -fbuild-session-file\=/Users/jasonlee/Library/Developer/Xcode/DerivedData/ModuleCache.noindex/Session.modulevalidation -fmodules-validate-once-per-build-session -Wnon-modular-include-in-framework-module -Werror\=non-modular-include-in-framework-module -Wno-trigraphs -Wno-missing-field-initializers -Wno-missing-prototypes -Wno-return-type -Wno-missing-braces -Wparentheses -Wswitch -Wno-unused-function -Wno-unused-label -Wno-unused-parameter -Wno-unused-variable -Wunused-value -Wno-empty-body -Wno-uninitialized -Wno-unknown-pragmas -w -Wno-shadow -Wno-four-char-constants -Wno-conversion -Wno-constant-conversion -Wno-int-conversion -Wno-bool-conversion -Wno-enum-conversion -Wno-float-conversion -Wno-non-literal-null-conversion -Wno-objc-literal-conversion -Wshorten-64-to-32 -Wpointer-sign -Wno-newline-eof -Wno-implicit-fallthrough -isysroot /Applications/Xcode.app/Contents/Developer/Platforms/MacOSX.platform/Developer/SDKs/MacOSX26.4.sdk -fstrict-aliasing -Wdeprecated-declarations -Wno-sign-conversion -Wno-infinite-recursion -Wno-comma -Wno-block-capture-autoreleasing -Wno-strict-prototypes -Wno-semicolon-before-method-body @/Users/jasonlee/Library/Developer/Xcode/DerivedData/Notch-ddzsfiyxyoauidejndllmosklbkq/Build/Intermediates.noindex/PostHog.build/Release/phlibwebp.build/Objects-normal/arm64/7187679823f38a2a940e0043cdf9d637-common-args.resp -MMD -MT dependencies -MF /Users/jasonlee/Library/Developer/Xcode/DerivedData/Notch-ddzsfiyxyoauidejndllmosklbkq/Build/Intermediates.noindex/PostHog.build/Release/phlibwebp.build/Objects-normal/arm64/ssim.d --serialize-diagnostics /Users/jasonlee/Library/Developer/Xcode/DerivedData/Notch-ddzsfiyxyoauidejndllmosklbkq/Build/Intermediates.noindex/PostHog.build/Release/phlibwebp.build/Objects-normal/arm64/ssim.dia -c /Users/jasonlee/Library/Developer/Xcode/DerivedData/Notch-ddzsfiyxyoauidejndllmosklbkq/SourcePackages/checkouts/posthog-ios/vendor/libwebp/ssim.c -o /Users/jasonlee/Library/Developer/Xcode/DerivedData/Notch-ddzsfiyxyoauidejndllmosklbkq/Build/Intermediates.noindex/PostHog.build/Release/phlibwebp.build/Objects-normal/arm64/ssim.o

ScanDependencies /Users/jasonlee/Library/Developer/Xcode/DerivedData/Notch-ddzsfiyxyoauidejndllmosklbkq/Build/Intermediates.noindex/PostHog.build/Release/phlibwebp.build/Objects-normal/arm64/sharpyuv_sse2.o /Users/jasonlee/Library/Developer/Xcode/DerivedData/Notch-ddzsfiyxyoauidejndllmosklbkq/SourcePackages/checkouts/posthog-ios/vendor/libwebp/sharpyuv_sse2.c normal arm64 c com.apple.compilers.llvm.clang.1_0.compiler (in target 'phlibwebp' from project 'PostHog')
    cd /Users/jasonlee/Coding/App/Notch/Notch.xcodeproj
    
    Using response file: /Users/jasonlee/Library/Developer/Xcode/DerivedData/Notch-ddzsfiyxyoauidejndllmosklbkq/Build/Intermediates.noindex/PostHog.build/Release/phlibwebp.build/Objects-normal/arm64/7187679823f38a2a940e0043cdf9d637-common-args.resp
    
    builtin-ScanDependencies -o /Users/jasonlee/Library/Developer/Xcode/DerivedData/Notch-ddzsfiyxyoauidejndllmosklbkq/Build/Intermediates.noindex/PostHog.build/Release/phlibwebp.build/Objects-normal/arm64/sharpyuv_sse2.o.scan -- /Applications/Xcode.app/Contents/Developer/Toolchains/XcodeDefault.xctoolchain/usr/bin/clang -x c -ivfsstatcache /Users/jasonlee/Library/Developer/Xcode/DerivedData/SDKStatCaches.noindex/macosx26.4-25E251-30f9ca8789b706f8bd3fc906a70d770f.sdkstatcache -target arm64-apple-macos10.15 -fmessage-length\=0 -fdiagnostics-show-note-include-stack -fmacro-backtrace-limit\=0 -fno-color-diagnostics -fmodules-prune-interval\=86400 -fmodules-prune-after\=345600 -fbuild-session-file\=/Users/jasonlee/Library/Developer/Xcode/DerivedData/ModuleCache.noindex/Session.modulevalidation -fmodules-validate-once-per-build-session -Wnon-modular-include-in-framework-module -Werror\=non-modular-include-in-framework-module -Wno-trigraphs -Wno-missing-field-initializers -Wno-missing-prototypes -Wno-return-type -Wno-missing-braces -Wparentheses -Wswitch -Wno-unused-function -Wno-unused-label -Wno-unused-parameter -Wno-unused-variable -Wunused-value -Wno-empty-body -Wno-uninitialized -Wno-unknown-pragmas -w -Wno-shadow -Wno-four-char-constants -Wno-conversion -Wno-constant-conversion -Wno-int-conversion -Wno-bool-conversion -Wno-enum-conversion -Wno-float-conversion -Wno-non-literal-null-conversion -Wno-objc-literal-conversion -Wshorten-64-to-32 -Wpointer-sign -Wno-newline-eof -Wno-implicit-fallthrough -isysroot /Applications/Xcode.app/Contents/Developer/Platforms/MacOSX.platform/Developer/SDKs/MacOSX26.4.sdk -fstrict-aliasing -Wdeprecated-declarations -Wno-sign-conversion -Wno-infinite-recursion -Wno-comma -Wno-block-capture-autoreleasing -Wno-strict-prototypes -Wno-semicolon-before-method-body @/Users/jasonlee/Library/Developer/Xcode/DerivedData/Notch-ddzsfiyxyoauidejndllmosklbkq/Build/Intermediates.noindex/PostHog.build/Release/phlibwebp.build/Objects-normal/arm64/7187679823f38a2a940e0043cdf9d637-common-args.resp -MMD -MT dependencies -MF /Users/jasonlee/Library/Developer/Xcode/DerivedData/Notch-ddzsfiyxyoauidejndllmosklbkq/Build/Intermediates.noindex/PostHog.build/Release/phlibwebp.build/Objects-normal/arm64/sharpyuv_sse2.d --serialize-diagnostics /Users/jasonlee/Library/Developer/Xcode/DerivedData/Notch-ddzsfiyxyoauidejndllmosklbkq/Build/Intermediates.noindex/PostHog.build/Release/phlibwebp.build/Objects-normal/arm64/sharpyuv_sse2.dia -c /Users/jasonlee/Library/Developer/Xcode/DerivedData/Notch-ddzsfiyxyoauidejndllmosklbkq/SourcePackages/checkouts/posthog-ios/vendor/libwebp/sharpyuv_sse2.c -o /Users/jasonlee/Library/Developer/Xcode/DerivedData/Notch-ddzsfiyxyoauidejndllmosklbkq/Build/Intermediates.noindex/PostHog.build/Release/phlibwebp.build/Objects-normal/arm64/sharpyuv_sse2.o

ScanDependencies /Users/jasonlee/Library/Developer/Xcode/DerivedData/Notch-ddzsfiyxyoauidejndllmosklbkq/Build/Intermediates.noindex/PostHog.build/Release/phlibwebp.build/Objects-normal/arm64/sharpyuv_neon.o /Users/jasonlee/Library/Developer/Xcode/DerivedData/Notch-ddzsfiyxyoauidejndllmosklbkq/SourcePackages/checkouts/posthog-ios/vendor/libwebp/sharpyuv_neon.c normal arm64 c com.apple.compilers.llvm.clang.1_0.compiler (in target 'phlibwebp' from project 'PostHog')
    cd /Users/jasonlee/Coding/App/Notch/Notch.xcodeproj
    
    Using response file: /Users/jasonlee/Library/Developer/Xcode/DerivedData/Notch-ddzsfiyxyoauidejndllmosklbkq/Build/Intermediates.noindex/PostHog.build/Release/phlibwebp.build/Objects-normal/arm64/7187679823f38a2a940e0043cdf9d637-common-args.resp
    
    builtin-ScanDependencies -o /Users/jasonlee/Library/Developer/Xcode/DerivedData/Notch-ddzsfiyxyoauidejndllmosklbkq/Build/Intermediates.noindex/PostHog.build/Release/phlibwebp.build/Objects-normal/arm64/sharpyuv_neon.o.scan -- /Applications/Xcode.app/Contents/Developer/Toolchains/XcodeDefault.xctoolchain/usr/bin/clang -x c -ivfsstatcache /Users/jasonlee/Library/Developer/Xcode/DerivedData/SDKStatCaches.noindex/macosx26.4-25E251-30f9ca8789b706f8bd3fc906a70d770f.sdkstatcache -target arm64-apple-macos10.15 -fmessage-length\=0 -fdiagnostics-show-note-include-stack -fmacro-backtrace-limit\=0 -fno-color-diagnostics -fmodules-prune-interval\=86400 -fmodules-prune-after\=345600 -fbuild-session-file\=/Users/jasonlee/Library/Developer/Xcode/DerivedData/ModuleCache.noindex/Session.modulevalidation -fmodules-validate-once-per-build-session -Wnon-modular-include-in-framework-module -Werror\=non-modular-include-in-framework-module -Wno-trigraphs -Wno-missing-field-initializers -Wno-missing-prototypes -Wno-return-type -Wno-missing-braces -Wparentheses -Wswitch -Wno-unused-function -Wno-unused-label -Wno-unused-parameter -Wno-unused-variable -Wunused-value -Wno-empty-body -Wno-uninitialized -Wno-unknown-pragmas -w -Wno-shadow -Wno-four-char-constants -Wno-conversion -Wno-constant-conversion -Wno-int-conversion -Wno-bool-conversion -Wno-enum-conversion -Wno-float-conversion -Wno-non-literal-null-conversion -Wno-objc-literal-conversion -Wshorten-64-to-32 -Wpointer-sign -Wno-newline-eof -Wno-implicit-fallthrough -isysroot /Applications/Xcode.app/Contents/Developer/Platforms/MacOSX.platform/Developer/SDKs/MacOSX26.4.sdk -fstrict-aliasing -Wdeprecated-declarations -Wno-sign-conversion -Wno-infinite-recursion -Wno-comma -Wno-block-capture-autoreleasing -Wno-strict-prototypes -Wno-semicolon-before-method-body @/Users/jasonlee/Library/Developer/Xcode/DerivedData/Notch-ddzsfiyxyoauidejndllmosklbkq/Build/Intermediates.noindex/PostHog.build/Release/phlibwebp.build/Objects-normal/arm64/7187679823f38a2a940e0043cdf9d637-common-args.resp -MMD -MT dependencies -MF /Users/jasonlee/Library/Developer/Xcode/DerivedData/Notch-ddzsfiyxyoauidejndllmosklbkq/Build/Intermediates.noindex/PostHog.build/Release/phlibwebp.build/Objects-normal/arm64/sharpyuv_neon.d --serialize-diagnostics /Users/jasonlee/Library/Developer/Xcode/DerivedData/Notch-ddzsfiyxyoauidejndllmosklbkq/Build/Intermediates.noindex/PostHog.build/Release/phlibwebp.build/Objects-normal/arm64/sharpyuv_neon.dia -c /Users/jasonlee/Library/Developer/Xcode/DerivedData/Notch-ddzsfiyxyoauidejndllmosklbkq/SourcePackages/checkouts/posthog-ios/vendor/libwebp/sharpyuv_neon.c -o /Users/jasonlee/Library/Developer/Xcode/DerivedData/Notch-ddzsfiyxyoauidejndllmosklbkq/Build/Intermediates.noindex/PostHog.build/Release/phlibwebp.build/Objects-normal/arm64/sharpyuv_neon.o

ScanDependencies /Users/jasonlee/Library/Developer/Xcode/DerivedData/Notch-ddzsfiyxyoauidejndllmosklbkq/Build/Intermediates.noindex/PostHog.build/Release/phlibwebp.build/Objects-normal/arm64/sharpyuv_gamma.o /Users/jasonlee/Library/Developer/Xcode/DerivedData/Notch-ddzsfiyxyoauidejndllmosklbkq/SourcePackages/checkouts/posthog-ios/vendor/libwebp/sharpyuv_gamma.c normal arm64 c com.apple.compilers.llvm.clang.1_0.compiler (in target 'phlibwebp' from project 'PostHog')
    cd /Users/jasonlee/Coding/App/Notch/Notch.xcodeproj
    
    Using response file: /Users/jasonlee/Library/Developer/Xcode/DerivedData/Notch-ddzsfiyxyoauidejndllmosklbkq/Build/Intermediates.noindex/PostHog.build/Release/phlibwebp.build/Objects-normal/arm64/7187679823f38a2a940e0043cdf9d637-common-args.resp
    
    builtin-ScanDependencies -o /Users/jasonlee/Library/Developer/Xcode/DerivedData/Notch-ddzsfiyxyoauidejndllmosklbkq/Build/Intermediates.noindex/PostHog.build/Release/phlibwebp.build/Objects-normal/arm64/sharpyuv_gamma.o.scan -- /Applications/Xcode.app/Contents/Developer/Toolchains/XcodeDefault.xctoolchain/usr/bin/clang -x c -ivfsstatcache /Users/jasonlee/Library/Developer/Xcode/DerivedData/SDKStatCaches.noindex/macosx26.4-25E251-30f9ca8789b706f8bd3fc906a70d770f.sdkstatcache -target arm64-apple-macos10.15 -fmessage-length\=0 -fdiagnostics-show-note-include-stack -fmacro-backtrace-limit\=0 -fno-color-diagnostics -fmodules-prune-interval\=86400 -fmodules-prune-after\=345600 -fbuild-session-file\=/Users/jasonlee/Library/Developer/Xcode/DerivedData/ModuleCache.noindex/Session.modulevalidation -fmodules-validate-once-per-build-session -Wnon-modular-include-in-framework-module -Werror\=non-modular-include-in-framework-module -Wno-trigraphs -Wno-missing-field-initializers -Wno-missing-prototypes -Wno-return-type -Wno-missing-braces -Wparentheses -Wswitch -Wno-unused-function -Wno-unused-label -Wno-unused-parameter -Wno-unused-variable -Wunused-value -Wno-empty-body -Wno-uninitialized -Wno-unknown-pragmas -w -Wno-shadow -Wno-four-char-constants -Wno-conversion -Wno-constant-conversion -Wno-int-conversion -Wno-bool-conversion -Wno-enum-conversion -Wno-float-conversion -Wno-non-literal-null-conversion -Wno-objc-literal-conversion -Wshorten-64-to-32 -Wpointer-sign -Wno-newline-eof -Wno-implicit-fallthrough -isysroot /Applications/Xcode.app/Contents/Developer/Platforms/MacOSX.platform/Developer/SDKs/MacOSX26.4.sdk -fstrict-aliasing -Wdeprecated-declarations -Wno-sign-conversion -Wno-infinite-recursion -Wno-comma -Wno-block-capture-autoreleasing -Wno-strict-prototypes -Wno-semicolon-before-method-body @/Users/jasonlee/Library/Developer/Xcode/DerivedData/Notch-ddzsfiyxyoauidejndllmosklbkq/Build/Intermediates.noindex/PostHog.build/Release/phlibwebp.build/Objects-normal/arm64/7187679823f38a2a940e0043cdf9d637-common-args.resp -MMD -MT dependencies -MF /Users/jasonlee/Library/Developer/Xcode/DerivedData/Notch-ddzsfiyxyoauidejndllmosklbkq/Build/Intermediates.noindex/PostHog.build/Release/phlibwebp.build/Objects-normal/arm64/sharpyuv_gamma.d --serialize-diagnostics /Users/jasonlee/Library/Developer/Xcode/DerivedData/Notch-ddzsfiyxyoauidejndllmosklbkq/Build/Intermediates.noindex/PostHog.build/Release/phlibwebp.build/Objects-normal/arm64/sharpyuv_gamma.dia -c /Users/jasonlee/Library/Developer/Xcode/DerivedData/Notch-ddzsfiyxyoauidejndllmosklbkq/SourcePackages/checkouts/posthog-ios/vendor/libwebp/sharpyuv_gamma.c -o /Users/jasonlee/Library/Developer/Xcode/DerivedData/Notch-ddzsfiyxyoauidejndllmosklbkq/Build/Intermediates.noindex/PostHog.build/Release/phlibwebp.build/Objects-normal/arm64/sharpyuv_gamma.o

PrecompileModule /Users/jasonlee/Library/Developer/Xcode/DerivedData/Notch-ddzsfiyxyoauidejndllmosklbkq/Build/Intermediates.noindex/ExplicitPrecompiledModules/_DarwinFoundation2-7T9WHCNUYKD29AJCR5JHG1U18.scan
    cd /
    builtin-precompileModule /Users/jasonlee/Library/Developer/Xcode/DerivedData/Notch-ddzsfiyxyoauidejndllmosklbkq/Build/Intermediates.noindex/ExplicitPrecompiledModules/_DarwinFoundation2-7T9WHCNUYKD29AJCR5JHG1U18.scan

ScanDependencies /Users/jasonlee/Library/Developer/Xcode/DerivedData/Notch-ddzsfiyxyoauidejndllmosklbkq/Build/Intermediates.noindex/PostHog.build/Release/phlibwebp.build/Objects-normal/arm64/sharpyuv_dsp.o /Users/jasonlee/Library/Developer/Xcode/DerivedData/Notch-ddzsfiyxyoauidejndllmosklbkq/SourcePackages/checkouts/posthog-ios/vendor/libwebp/sharpyuv_dsp.c normal arm64 c com.apple.compilers.llvm.clang.1_0.compiler (in target 'phlibwebp' from project 'PostHog')
    cd /Users/jasonlee/Coding/App/Notch/Notch.xcodeproj
    
    Using response file: /Users/jasonlee/Library/Developer/Xcode/DerivedData/Notch-ddzsfiyxyoauidejndllmosklbkq/Build/Intermediates.noindex/PostHog.build/Release/phlibwebp.build/Objects-normal/arm64/7187679823f38a2a940e0043cdf9d637-common-args.resp
    
    builtin-ScanDependencies -o /Users/jasonlee/Library/Developer/Xcode/DerivedData/Notch-ddzsfiyxyoauidejndllmosklbkq/Build/Intermediates.noindex/PostHog.build/Release/phlibwebp.build/Objects-normal/arm64/sharpyuv_dsp.o.scan -- /Applications/Xcode.app/Contents/Developer/Toolchains/XcodeDefault.xctoolchain/usr/bin/clang -x c -ivfsstatcache /Users/jasonlee/Library/Developer/Xcode/DerivedData/SDKStatCaches.noindex/macosx26.4-25E251-30f9ca8789b706f8bd3fc906a70d770f.sdkstatcache -target arm64-apple-macos10.15 -fmessage-length\=0 -fdiagnostics-show-note-include-stack -fmacro-backtrace-limit\=0 -fno-color-diagnostics -fmodules-prune-interval\=86400 -fmodules-prune-after\=345600 -fbuild-session-file\=/Users/jasonlee/Library/Developer/Xcode/DerivedData/ModuleCache.noindex/Session.modulevalidation -fmodules-validate-once-per-build-session -Wnon-modular-include-in-framework-module -Werror\=non-modular-include-in-framework-module -Wno-trigraphs -Wno-missing-field-initializers -Wno-missing-prototypes -Wno-return-type -Wno-missing-braces -Wparentheses -Wswitch -Wno-unused-function -Wno-unused-label -Wno-unused-parameter -Wno-unused-variable -Wunused-value -Wno-empty-body -Wno-uninitialized -Wno-unknown-pragmas -w -Wno-shadow -Wno-four-char-constants -Wno-conversion -Wno-constant-conversion -Wno-int-conversion -Wno-bool-conversion -Wno-enum-conversion -Wno-float-conversion -Wno-non-literal-null-conversion -Wno-objc-literal-conversion -Wshorten-64-to-32 -Wpointer-sign -Wno-newline-eof -Wno-implicit-fallthrough -isysroot /Applications/Xcode.app/Contents/Developer/Platforms/MacOSX.platform/Developer/SDKs/MacOSX26.4.sdk -fstrict-aliasing -Wdeprecated-declarations -Wno-sign-conversion -Wno-infinite-recursion -Wno-comma -Wno-block-capture-autoreleasing -Wno-strict-prototypes -Wno-semicolon-before-method-body @/Users/jasonlee/Library/Developer/Xcode/DerivedData/Notch-ddzsfiyxyoauidejndllmosklbkq/Build/Intermediates.noindex/PostHog.build/Release/phlibwebp.build/Objects-normal/arm64/7187679823f38a2a940e0043cdf9d637-common-args.resp -MMD -MT dependencies -MF /Users/jasonlee/Library/Developer/Xcode/DerivedData/Notch-ddzsfiyxyoauidejndllmosklbkq/Build/Intermediates.noindex/PostHog.build/Release/phlibwebp.build/Objects-normal/arm64/sharpyuv_dsp.d --serialize-diagnostics /Users/jasonlee/Library/Developer/Xcode/DerivedData/Notch-ddzsfiyxyoauidejndllmosklbkq/Build/Intermediates.noindex/PostHog.build/Release/phlibwebp.build/Objects-normal/arm64/sharpyuv_dsp.dia -c /Users/jasonlee/Library/Developer/Xcode/DerivedData/Notch-ddzsfiyxyoauidejndllmosklbkq/SourcePackages/checkouts/posthog-ios/vendor/libwebp/sharpyuv_dsp.c -o /Users/jasonlee/Library/Developer/Xcode/DerivedData/Notch-ddzsfiyxyoauidejndllmosklbkq/Build/Intermediates.noindex/PostHog.build/Release/phlibwebp.build/Objects-normal/arm64/sharpyuv_dsp.o

ScanDependencies /Users/jasonlee/Library/Developer/Xcode/DerivedData/Notch-ddzsfiyxyoauidejndllmosklbkq/Build/Intermediates.noindex/PostHog.build/Release/phlibwebp.build/Objects-normal/arm64/sharpyuv_csp.o /Users/jasonlee/Library/Developer/Xcode/DerivedData/Notch-ddzsfiyxyoauidejndllmosklbkq/SourcePackages/checkouts/posthog-ios/vendor/libwebp/sharpyuv_csp.c normal arm64 c com.apple.compilers.llvm.clang.1_0.compiler (in target 'phlibwebp' from project 'PostHog')
    cd /Users/jasonlee/Coding/App/Notch/Notch.xcodeproj
    
    Using response file: /Users/jasonlee/Library/Developer/Xcode/DerivedData/Notch-ddzsfiyxyoauidejndllmosklbkq/Build/Intermediates.noindex/PostHog.build/Release/phlibwebp.build/Objects-normal/arm64/7187679823f38a2a940e0043cdf9d637-common-args.resp
    
    builtin-ScanDependencies -o /Users/jasonlee/Library/Developer/Xcode/DerivedData/Notch-ddzsfiyxyoauidejndllmosklbkq/Build/Intermediates.noindex/PostHog.build/Release/phlibwebp.build/Objects-normal/arm64/sharpyuv_csp.o.scan -- /Applications/Xcode.app/Contents/Developer/Toolchains/XcodeDefault.xctoolchain/usr/bin/clang -x c -ivfsstatcache /Users/jasonlee/Library/Developer/Xcode/DerivedData/SDKStatCaches.noindex/macosx26.4-25E251-30f9ca8789b706f8bd3fc906a70d770f.sdkstatcache -target arm64-apple-macos10.15 -fmessage-length\=0 -fdiagnostics-show-note-include-stack -fmacro-backtrace-limit\=0 -fno-color-diagnostics -fmodules-prune-interval\=86400 -fmodules-prune-after\=345600 -fbuild-session-file\=/Users/jasonlee/Library/Developer/Xcode/DerivedData/ModuleCache.noindex/Session.modulevalidation -fmodules-validate-once-per-build-session -Wnon-modular-include-in-framework-module -Werror\=non-modular-include-in-framework-module -Wno-trigraphs -Wno-missing-field-initializers -Wno-missing-prototypes -Wno-return-type -Wno-missing-braces -Wparentheses -Wswitch -Wno-unused-function -Wno-unused-label -Wno-unused-parameter -Wno-unused-variable -Wunused-value -Wno-empty-body -Wno-uninitialized -Wno-unknown-pragmas -w -Wno-shadow -Wno-four-char-constants -Wno-conversion -Wno-constant-conversion -Wno-int-conversion -Wno-bool-conversion -Wno-enum-conversion -Wno-float-conversion -Wno-non-literal-null-conversion -Wno-objc-literal-conversion -Wshorten-64-to-32 -Wpointer-sign -Wno-newline-eof -Wno-implicit-fallthrough -isysroot /Applications/Xcode.app/Contents/Developer/Platforms/MacOSX.platform/Developer/SDKs/MacOSX26.4.sdk -fstrict-aliasing -Wdeprecated-declarations -Wno-sign-conversion -Wno-infinite-recursion -Wno-comma -Wno-block-capture-autoreleasing -Wno-strict-prototypes -Wno-semicolon-before-method-body @/Users/jasonlee/Library/Developer/Xcode/DerivedData/Notch-ddzsfiyxyoauidejndllmosklbkq/Build/Intermediates.noindex/PostHog.build/Release/phlibwebp.build/Objects-normal/arm64/7187679823f38a2a940e0043cdf9d637-common-args.resp -MMD -MT dependencies -MF /Users/jasonlee/Library/Developer/Xcode/DerivedData/Notch-ddzsfiyxyoauidejndllmosklbkq/Build/Intermediates.noindex/PostHog.build/Release/phlibwebp.build/Objects-normal/arm64/sharpyuv_csp.d --serialize-diagnostics /Users/jasonlee/Library/Developer/Xcode/DerivedData/Notch-ddzsfiyxyoauidejndllmosklbkq/Build/Intermediates.noindex/PostHog.build/Release/phlibwebp.build/Objects-normal/arm64/sharpyuv_csp.dia -c /Users/jasonlee/Library/Developer/Xcode/DerivedData/Notch-ddzsfiyxyoauidejndllmosklbkq/SourcePackages/checkouts/posthog-ios/vendor/libwebp/sharpyuv_csp.c -o /Users/jasonlee/Library/Developer/Xcode/DerivedData/Notch-ddzsfiyxyoauidejndllmosklbkq/Build/Intermediates.noindex/PostHog.build/Release/phlibwebp.build/Objects-normal/arm64/sharpyuv_csp.o

ScanDependencies /Users/jasonlee/Library/Developer/Xcode/DerivedData/Notch-ddzsfiyxyoauidejndllmosklbkq/Build/Intermediates.noindex/PostHog.build/Release/phlibwebp.build/Objects-normal/arm64/sharpyuv_cpu.o /Users/jasonlee/Library/Developer/Xcode/DerivedData/Notch-ddzsfiyxyoauidejndllmosklbkq/SourcePackages/checkouts/posthog-ios/vendor/libwebp/sharpyuv_cpu.c normal arm64 c com.apple.compilers.llvm.clang.1_0.compiler (in target 'phlibwebp' from project 'PostHog')
    cd /Users/jasonlee/Coding/App/Notch/Notch.xcodeproj
    
    Using response file: /Users/jasonlee/Library/Developer/Xcode/DerivedData/Notch-ddzsfiyxyoauidejndllmosklbkq/Build/Intermediates.noindex/PostHog.build/Release/phlibwebp.build/Objects-normal/arm64/7187679823f38a2a940e0043cdf9d637-common-args.resp
    
    builtin-ScanDependencies -o /Users/jasonlee/Library/Developer/Xcode/DerivedData/Notch-ddzsfiyxyoauidejndllmosklbkq/Build/Intermediates.noindex/PostHog.build/Release/phlibwebp.build/Objects-normal/arm64/sharpyuv_cpu.o.scan -- /Applications/Xcode.app/Contents/Developer/Toolchains/XcodeDefault.xctoolchain/usr/bin/clang -x c -ivfsstatcache /Users/jasonlee/Library/Developer/Xcode/DerivedData/SDKStatCaches.noindex/macosx26.4-25E251-30f9ca8789b706f8bd3fc906a70d770f.sdkstatcache -target arm64-apple-macos10.15 -fmessage-length\=0 -fdiagnostics-show-note-include-stack -fmacro-backtrace-limit\=0 -fno-color-diagnostics -fmodules-prune-interval\=86400 -fmodules-prune-after\=345600 -fbuild-session-file\=/Users/jasonlee/Library/Developer/Xcode/DerivedData/ModuleCache.noindex/Session.modulevalidation -fmodules-validate-once-per-build-session -Wnon-modular-include-in-framework-module -Werror\=non-modular-include-in-framework-module -Wno-trigraphs -Wno-missing-field-initializers -Wno-missing-prototypes -Wno-return-type -Wno-missing-braces -Wparentheses -Wswitch -Wno-unused-function -Wno-unused-label -Wno-unused-parameter -Wno-unused-variable -Wunused-value -Wno-empty-body -Wno-uninitialized -Wno-unknown-pragmas -w -Wno-shadow -Wno-four-char-constants -Wno-conversion -Wno-constant-conversion -Wno-int-conversion -Wno-bool-conversion -Wno-enum-conversion -Wno-float-conversion -Wno-non-literal-null-conversion -Wno-objc-literal-conversion -Wshorten-64-to-32 -Wpointer-sign -Wno-newline-eof -Wno-implicit-fallthrough -isysroot /Applications/Xcode.app/Contents/Developer/Platforms/MacOSX.platform/Developer/SDKs/MacOSX26.4.sdk -fstrict-aliasing -Wdeprecated-declarations -Wno-sign-conversion -Wno-infinite-recursion -Wno-comma -Wno-block-capture-autoreleasing -Wno-strict-prototypes -Wno-semicolon-before-method-body @/Users/jasonlee/Library/Developer/Xcode/DerivedData/Notch-ddzsfiyxyoauidejndllmosklbkq/Build/Intermediates.noindex/PostHog.build/Release/phlibwebp.build/Objects-normal/arm64/7187679823f38a2a940e0043cdf9d637-common-args.resp -MMD -MT dependencies -MF /Users/jasonlee/Library/Developer/Xcode/DerivedData/Notch-ddzsfiyxyoauidejndllmosklbkq/Build/Intermediates.noindex/PostHog.build/Release/phlibwebp.build/Objects-normal/arm64/sharpyuv_cpu.d --serialize-diagnostics /Users/jasonlee/Library/Developer/Xcode/DerivedData/Notch-ddzsfiyxyoauidejndllmosklbkq/Build/Intermediates.noindex/PostHog.build/Release/phlibwebp.build/Objects-normal/arm64/sharpyuv_cpu.dia -c /Users/jasonlee/Library/Developer/Xcode/DerivedData/Notch-ddzsfiyxyoauidejndllmosklbkq/SourcePackages/checkouts/posthog-ios/vendor/libwebp/sharpyuv_cpu.c -o /Users/jasonlee/Library/Developer/Xcode/DerivedData/Notch-ddzsfiyxyoauidejndllmosklbkq/Build/Intermediates.noindex/PostHog.build/Release/phlibwebp.build/Objects-normal/arm64/sharpyuv_cpu.o

ScanDependencies /Users/jasonlee/Library/Developer/Xcode/DerivedData/Notch-ddzsfiyxyoauidejndllmosklbkq/Build/Intermediates.noindex/PostHog.build/Release/phlibwebp.build/Objects-normal/arm64/sharpyuv.o /Users/jasonlee/Library/Developer/Xcode/DerivedData/Notch-ddzsfiyxyoauidejndllmosklbkq/SourcePackages/checkouts/posthog-ios/vendor/libwebp/sharpyuv.c normal arm64 c com.apple.compilers.llvm.clang.1_0.compiler (in target 'phlibwebp' from project 'PostHog')
    cd /Users/jasonlee/Coding/App/Notch/Notch.xcodeproj
    
    Using response file: /Users/jasonlee/Library/Developer/Xcode/DerivedData/Notch-ddzsfiyxyoauidejndllmosklbkq/Build/Intermediates.noindex/PostHog.build/Release/phlibwebp.build/Objects-normal/arm64/7187679823f38a2a940e0043cdf9d637-common-args.resp
    
    builtin-ScanDependencies -o /Users/jasonlee/Library/Developer/Xcode/DerivedData/Notch-ddzsfiyxyoauidejndllmosklbkq/Build/Intermediates.noindex/PostHog.build/Release/phlibwebp.build/Objects-normal/arm64/sharpyuv.o.scan -- /Applications/Xcode.app/Contents/Developer/Toolchains/XcodeDefault.xctoolchain/usr/bin/clang -x c -ivfsstatcache /Users/jasonlee/Library/Developer/Xcode/DerivedData/SDKStatCaches.noindex/macosx26.4-25E251-30f9ca8789b706f8bd3fc906a70d770f.sdkstatcache -target arm64-apple-macos10.15 -fmessage-length\=0 -fdiagnostics-show-note-include-stack -fmacro-backtrace-limit\=0 -fno-color-diagnostics -fmodules-prune-interval\=86400 -fmodules-prune-after\=345600 -fbuild-session-file\=/Users/jasonlee/Library/Developer/Xcode/DerivedData/ModuleCache.noindex/Session.modulevalidation -fmodules-validate-once-per-build-session -Wnon-modular-include-in-framework-module -Werror\=non-modular-include-in-framework-module -Wno-trigraphs -Wno-missing-field-initializers -Wno-missing-prototypes -Wno-return-type -Wno-missing-braces -Wparentheses -Wswitch -Wno-unused-function -Wno-unused-label -Wno-unused-parameter -Wno-unused-variable -Wunused-value -Wno-empty-body -Wno-uninitialized -Wno-unknown-pragmas -w -Wno-shadow -Wno-four-char-constants -Wno-conversion -Wno-constant-conversion -Wno-int-conversion -Wno-bool-conversion -Wno-enum-conversion -Wno-float-conversion -Wno-non-literal-null-conversion -Wno-objc-literal-conversion -Wshorten-64-to-32 -Wpointer-sign -Wno-newline-eof -Wno-implicit-fallthrough -isysroot /Applications/Xcode.app/Contents/Developer/Platforms/MacOSX.platform/Developer/SDKs/MacOSX26.4.sdk -fstrict-aliasing -Wdeprecated-declarations -Wno-sign-conversion -Wno-infinite-recursion -Wno-comma -Wno-block-capture-autoreleasing -Wno-strict-prototypes -Wno-semicolon-before-method-body @/Users/jasonlee/Library/Developer/Xcode/DerivedData/Notch-ddzsfiyxyoauidejndllmosklbkq/Build/Intermediates.noindex/PostHog.build/Release/phlibwebp.build/Objects-normal/arm64/7187679823f38a2a940e0043cdf9d637-common-args.resp -MMD -MT dependencies -MF /Users/jasonlee/Library/Developer/Xcode/DerivedData/Notch-ddzsfiyxyoauidejndllmosklbkq/Build/Intermediates.noindex/PostHog.build/Release/phlibwebp.build/Objects-normal/arm64/sharpyuv.d --serialize-diagnostics /Users/jasonlee/Library/Developer/Xcode/DerivedData/Notch-ddzsfiyxyoauidejndllmosklbkq/Build/Intermediates.noindex/PostHog.build/Release/phlibwebp.build/Objects-normal/arm64/sharpyuv.dia -c /Users/jasonlee/Library/Developer/Xcode/DerivedData/Notch-ddzsfiyxyoauidejndllmosklbkq/SourcePackages/checkouts/posthog-ios/vendor/libwebp/sharpyuv.c -o /Users/jasonlee/Library/Developer/Xcode/DerivedData/Notch-ddzsfiyxyoauidejndllmosklbkq/Build/Intermediates.noindex/PostHog.build/Release/phlibwebp.build/Objects-normal/arm64/sharpyuv.o

ScanDependencies /Users/jasonlee/Library/Developer/Xcode/DerivedData/Notch-ddzsfiyxyoauidejndllmosklbkq/Build/Intermediates.noindex/PostHog.build/Release/phlibwebp.build/Objects-normal/arm64/rescaler_utils.o /Users/jasonlee/Library/Developer/Xcode/DerivedData/Notch-ddzsfiyxyoauidejndllmosklbkq/SourcePackages/checkouts/posthog-ios/vendor/libwebp/rescaler_utils.c normal arm64 c com.apple.compilers.llvm.clang.1_0.compiler (in target 'phlibwebp' from project 'PostHog')
    cd /Users/jasonlee/Coding/App/Notch/Notch.xcodeproj
    
    Using response file: /Users/jasonlee/Library/Developer/Xcode/DerivedData/Notch-ddzsfiyxyoauidejndllmosklbkq/Build/Intermediates.noindex/PostHog.build/Release/phlibwebp.build/Objects-normal/arm64/7187679823f38a2a940e0043cdf9d637-common-args.resp
    
    builtin-ScanDependencies -o /Users/jasonlee/Library/Developer/Xcode/DerivedData/Notch-ddzsfiyxyoauidejndllmosklbkq/Build/Intermediates.noindex/PostHog.build/Release/phlibwebp.build/Objects-normal/arm64/rescaler_utils.o.scan -- /Applications/Xcode.app/Contents/Developer/Toolchains/XcodeDefault.xctoolchain/usr/bin/clang -x c -ivfsstatcache /Users/jasonlee/Library/Developer/Xcode/DerivedData/SDKStatCaches.noindex/macosx26.4-25E251-30f9ca8789b706f8bd3fc906a70d770f.sdkstatcache -target arm64-apple-macos10.15 -fmessage-length\=0 -fdiagnostics-show-note-include-stack -fmacro-backtrace-limit\=0 -fno-color-diagnostics -fmodules-prune-interval\=86400 -fmodules-prune-after\=345600 -fbuild-session-file\=/Users/jasonlee/Library/Developer/Xcode/DerivedData/ModuleCache.noindex/Session.modulevalidation -fmodules-validate-once-per-build-session -Wnon-modular-include-in-framework-module -Werror\=non-modular-include-in-framework-module -Wno-trigraphs -Wno-missing-field-initializers -Wno-missing-prototypes -Wno-return-type -Wno-missing-braces -Wparentheses -Wswitch -Wno-unused-function -Wno-unused-label -Wno-unused-parameter -Wno-unused-variable -Wunused-value -Wno-empty-body -Wno-uninitialized -Wno-unknown-pragmas -w -Wno-shadow -Wno-four-char-constants -Wno-conversion -Wno-constant-conversion -Wno-int-conversion -Wno-bool-conversion -Wno-enum-conversion -Wno-float-conversion -Wno-non-literal-null-conversion -Wno-objc-literal-conversion -Wshorten-64-to-32 -Wpointer-sign -Wno-newline-eof -Wno-implicit-fallthrough -isysroot /Applications/Xcode.app/Contents/Developer/Platforms/MacOSX.platform/Developer/SDKs/MacOSX26.4.sdk -fstrict-aliasing -Wdeprecated-declarations -Wno-sign-conversion -Wno-infinite-recursion -Wno-comma -Wno-block-capture-autoreleasing -Wno-strict-prototypes -Wno-semicolon-before-method-body @/Users/jasonlee/Library/Developer/Xcode/DerivedData/Notch-ddzsfiyxyoauidejndllmosklbkq/Build/Intermediates.noindex/PostHog.build/Release/phlibwebp.build/Objects-normal/arm64/7187679823f38a2a940e0043cdf9d637-common-args.resp -MMD -MT dependencies -MF /Users/jasonlee/Library/Developer/Xcode/DerivedData/Notch-ddzsfiyxyoauidejndllmosklbkq/Build/Intermediates.noindex/PostHog.build/Release/phlibwebp.build/Objects-normal/arm64/rescaler_utils.d --serialize-diagnostics /Users/jasonlee/Library/Developer/Xcode/DerivedData/Notch-ddzsfiyxyoauidejndllmosklbkq/Build/Intermediates.noindex/PostHog.build/Release/phlibwebp.build/Objects-normal/arm64/rescaler_utils.dia -c /Users/jasonlee/Library/Developer/Xcode/DerivedData/Notch-ddzsfiyxyoauidejndllmosklbkq/SourcePackages/checkouts/posthog-ios/vendor/libwebp/rescaler_utils.c -o /Users/jasonlee/Library/Developer/Xcode/DerivedData/Notch-ddzsfiyxyoauidejndllmosklbkq/Build/Intermediates.noindex/PostHog.build/Release/phlibwebp.build/Objects-normal/arm64/rescaler_utils.o

ScanDependencies /Users/jasonlee/Library/Developer/Xcode/DerivedData/Notch-ddzsfiyxyoauidejndllmosklbkq/Build/Intermediates.noindex/PostHog.build/Release/phlibwebp.build/Objects-normal/arm64/rescaler_sse2.o /Users/jasonlee/Library/Developer/Xcode/DerivedData/Notch-ddzsfiyxyoauidejndllmosklbkq/SourcePackages/checkouts/posthog-ios/vendor/libwebp/rescaler_sse2.c normal arm64 c com.apple.compilers.llvm.clang.1_0.compiler (in target 'phlibwebp' from project 'PostHog')
    cd /Users/jasonlee/Coding/App/Notch/Notch.xcodeproj
    
    Using response file: /Users/jasonlee/Library/Developer/Xcode/DerivedData/Notch-ddzsfiyxyoauidejndllmosklbkq/Build/Intermediates.noindex/PostHog.build/Release/phlibwebp.build/Objects-normal/arm64/7187679823f38a2a940e0043cdf9d637-common-args.resp
    
    builtin-ScanDependencies -o /Users/jasonlee/Library/Developer/Xcode/DerivedData/Notch-ddzsfiyxyoauidejndllmosklbkq/Build/Intermediates.noindex/PostHog.build/Release/phlibwebp.build/Objects-normal/arm64/rescaler_sse2.o.scan -- /Applications/Xcode.app/Contents/Developer/Toolchains/XcodeDefault.xctoolchain/usr/bin/clang -x c -ivfsstatcache /Users/jasonlee/Library/Developer/Xcode/DerivedData/SDKStatCaches.noindex/macosx26.4-25E251-30f9ca8789b706f8bd3fc906a70d770f.sdkstatcache -target arm64-apple-macos10.15 -fmessage-length\=0 -fdiagnostics-show-note-include-stack -fmacro-backtrace-limit\=0 -fno-color-diagnostics -fmodules-prune-interval\=86400 -fmodules-prune-after\=345600 -fbuild-session-file\=/Users/jasonlee/Library/Developer/Xcode/DerivedData/ModuleCache.noindex/Session.modulevalidation -fmodules-validate-once-per-build-session -Wnon-modular-include-in-framework-module -Werror\=non-modular-include-in-framework-module -Wno-trigraphs -Wno-missing-field-initializers -Wno-missing-prototypes -Wno-return-type -Wno-missing-braces -Wparentheses -Wswitch -Wno-unused-function -Wno-unused-label -Wno-unused-parameter -Wno-unused-variable -Wunused-value -Wno-empty-body -Wno-uninitialized -Wno-unknown-pragmas -w -Wno-shadow -Wno-four-char-constants -Wno-conversion -Wno-constant-conversion -Wno-int-conversion -Wno-bool-conversion -Wno-enum-conversion -Wno-float-conversion -Wno-non-literal-null-conversion -Wno-objc-literal-conversion -Wshorten-64-to-32 -Wpointer-sign -Wno-newline-eof -Wno-implicit-fallthrough -isysroot /Applications/Xcode.app/Contents/Developer/Platforms/MacOSX.platform/Developer/SDKs/MacOSX26.4.sdk -fstrict-aliasing -Wdeprecated-declarations -Wno-sign-conversion -Wno-infinite-recursion -Wno-comma -Wno-block-capture-autoreleasing -Wno-strict-prototypes -Wno-semicolon-before-method-body @/Users/jasonlee/Library/Developer/Xcode/DerivedData/Notch-ddzsfiyxyoauidejndllmosklbkq/Build/Intermediates.noindex/PostHog.build/Release/phlibwebp.build/Objects-normal/arm64/7187679823f38a2a940e0043cdf9d637-common-args.resp -MMD -MT dependencies -MF /Users/jasonlee/Library/Developer/Xcode/DerivedData/Notch-ddzsfiyxyoauidejndllmosklbkq/Build/Intermediates.noindex/PostHog.build/Release/phlibwebp.build/Objects-normal/arm64/rescaler_sse2.d --serialize-diagnostics /Users/jasonlee/Library/Developer/Xcode/DerivedData/Notch-ddzsfiyxyoauidejndllmosklbkq/Build/Intermediates.noindex/PostHog.build/Release/phlibwebp.build/Objects-normal/arm64/rescaler_sse2.dia -c /Users/jasonlee/Library/Developer/Xcode/DerivedData/Notch-ddzsfiyxyoauidejndllmosklbkq/SourcePackages/checkouts/posthog-ios/vendor/libwebp/rescaler_sse2.c -o /Users/jasonlee/Library/Developer/Xcode/DerivedData/Notch-ddzsfiyxyoauidejndllmosklbkq/Build/Intermediates.noindex/PostHog.build/Release/phlibwebp.build/Objects-normal/arm64/rescaler_sse2.o

PrecompileModule /Users/jasonlee/Library/Developer/Xcode/DerivedData/Notch-ddzsfiyxyoauidejndllmosklbkq/Build/Intermediates.noindex/ExplicitPrecompiledModules/_Builtin_float-9X3DIDV68WQ56QL6QAWCGP9O5.scan
    cd /
    builtin-precompileModule /Users/jasonlee/Library/Developer/Xcode/DerivedData/Notch-ddzsfiyxyoauidejndllmosklbkq/Build/Intermediates.noindex/ExplicitPrecompiledModules/_Builtin_float-9X3DIDV68WQ56QL6QAWCGP9O5.scan

ScanDependencies /Users/jasonlee/Library/Developer/Xcode/DerivedData/Notch-ddzsfiyxyoauidejndllmosklbkq/Build/Intermediates.noindex/PostHog.build/Release/phlibwebp.build/Objects-normal/arm64/rescaler_neon.o /Users/jasonlee/Library/Developer/Xcode/DerivedData/Notch-ddzsfiyxyoauidejndllmosklbkq/SourcePackages/checkouts/posthog-ios/vendor/libwebp/rescaler_neon.c normal arm64 c com.apple.compilers.llvm.clang.1_0.compiler (in target 'phlibwebp' from project 'PostHog')
    cd /Users/jasonlee/Coding/App/Notch/Notch.xcodeproj
    
    Using response file: /Users/jasonlee/Library/Developer/Xcode/DerivedData/Notch-ddzsfiyxyoauidejndllmosklbkq/Build/Intermediates.noindex/PostHog.build/Release/phlibwebp.build/Objects-normal/arm64/7187679823f38a2a940e0043cdf9d637-common-args.resp
    
    builtin-ScanDependencies -o /Users/jasonlee/Library/Developer/Xcode/DerivedData/Notch-ddzsfiyxyoauidejndllmosklbkq/Build/Intermediates.noindex/PostHog.build/Release/phlibwebp.build/Objects-normal/arm64/rescaler_neon.o.scan -- /Applications/Xcode.app/Contents/Developer/Toolchains/XcodeDefault.xctoolchain/usr/bin/clang -x c -ivfsstatcache /Users/jasonlee/Library/Developer/Xcode/DerivedData/SDKStatCaches.noindex/macosx26.4-25E251-30f9ca8789b706f8bd3fc906a70d770f.sdkstatcache -target arm64-apple-macos10.15 -fmessage-length\=0 -fdiagnostics-show-note-include-stack -fmacro-backtrace-limit\=0 -fno-color-diagnostics -fmodules-prune-interval\=86400 -fmodules-prune-after\=345600 -fbuild-session-file\=/Users/jasonlee/Library/Developer/Xcode/DerivedData/ModuleCache.noindex/Session.modulevalidation -fmodules-validate-once-per-build-session -Wnon-modular-include-in-framework-module -Werror\=non-modular-include-in-framework-module -Wno-trigraphs -Wno-missing-field-initializers -Wno-missing-prototypes -Wno-return-type -Wno-missing-braces -Wparentheses -Wswitch -Wno-unused-function -Wno-unused-label -Wno-unused-parameter -Wno-unused-variable -Wunused-value -Wno-empty-body -Wno-uninitialized -Wno-unknown-pragmas -w -Wno-shadow -Wno-four-char-constants -Wno-conversion -Wno-constant-conversion -Wno-int-conversion -Wno-bool-conversion -Wno-enum-conversion -Wno-float-conversion -Wno-non-literal-null-conversion -Wno-objc-literal-conversion -Wshorten-64-to-32 -Wpointer-sign -Wno-newline-eof -Wno-implicit-fallthrough -isysroot /Applications/Xcode.app/Contents/Developer/Platforms/MacOSX.platform/Developer/SDKs/MacOSX26.4.sdk -fstrict-aliasing -Wdeprecated-declarations -Wno-sign-conversion -Wno-infinite-recursion -Wno-comma -Wno-block-capture-autoreleasing -Wno-strict-prototypes -Wno-semicolon-before-method-body @/Users/jasonlee/Library/Developer/Xcode/DerivedData/Notch-ddzsfiyxyoauidejndllmosklbkq/Build/Intermediates.noindex/PostHog.build/Release/phlibwebp.build/Objects-normal/arm64/7187679823f38a2a940e0043cdf9d637-common-args.resp -MMD -MT dependencies -MF /Users/jasonlee/Library/Developer/Xcode/DerivedData/Notch-ddzsfiyxyoauidejndllmosklbkq/Build/Intermediates.noindex/PostHog.build/Release/phlibwebp.build/Objects-normal/arm64/rescaler_neon.d --serialize-diagnostics /Users/jasonlee/Library/Developer/Xcode/DerivedData/Notch-ddzsfiyxyoauidejndllmosklbkq/Build/Intermediates.noindex/PostHog.build/Release/phlibwebp.build/Objects-normal/arm64/rescaler_neon.dia -c /Users/jasonlee/Library/Developer/Xcode/DerivedData/Notch-ddzsfiyxyoauidejndllmosklbkq/SourcePackages/checkouts/posthog-ios/vendor/libwebp/rescaler_neon.c -o /Users/jasonlee/Library/Developer/Xcode/DerivedData/Notch-ddzsfiyxyoauidejndllmosklbkq/Build/Intermediates.noindex/PostHog.build/Release/phlibwebp.build/Objects-normal/arm64/rescaler_neon.o

ScanDependencies /Users/jasonlee/Library/Developer/Xcode/DerivedData/Notch-ddzsfiyxyoauidejndllmosklbkq/Build/Intermediates.noindex/PostHog.build/Release/phlibwebp.build/Objects-normal/arm64/rescaler.o /Users/jasonlee/Library/Developer/Xcode/DerivedData/Notch-ddzsfiyxyoauidejndllmosklbkq/SourcePackages/checkouts/posthog-ios/vendor/libwebp/rescaler.c normal arm64 c com.apple.compilers.llvm.clang.1_0.compiler (in target 'phlibwebp' from project 'PostHog')
    cd /Users/jasonlee/Coding/App/Notch/Notch.xcodeproj
    
    Using response file: /Users/jasonlee/Library/Developer/Xcode/DerivedData/Notch-ddzsfiyxyoauidejndllmosklbkq/Build/Intermediates.noindex/PostHog.build/Release/phlibwebp.build/Objects-normal/arm64/7187679823f38a2a940e0043cdf9d637-common-args.resp
    
    builtin-ScanDependencies -o /Users/jasonlee/Library/Developer/Xcode/DerivedData/Notch-ddzsfiyxyoauidejndllmosklbkq/Build/Intermediates.noindex/PostHog.build/Release/phlibwebp.build/Objects-normal/arm64/rescaler.o.scan -- /Applications/Xcode.app/Contents/Developer/Toolchains/XcodeDefault.xctoolchain/usr/bin/clang -x c -ivfsstatcache /Users/jasonlee/Library/Developer/Xcode/DerivedData/SDKStatCaches.noindex/macosx26.4-25E251-30f9ca8789b706f8bd3fc906a70d770f.sdkstatcache -target arm64-apple-macos10.15 -fmessage-length\=0 -fdiagnostics-show-note-include-stack -fmacro-backtrace-limit\=0 -fno-color-diagnostics -fmodules-prune-interval\=86400 -fmodules-prune-after\=345600 -fbuild-session-file\=/Users/jasonlee/Library/Developer/Xcode/DerivedData/ModuleCache.noindex/Session.modulevalidation -fmodules-validate-once-per-build-session -Wnon-modular-include-in-framework-module -Werror\=non-modular-include-in-framework-module -Wno-trigraphs -Wno-missing-field-initializers -Wno-missing-prototypes -Wno-return-type -Wno-missing-braces -Wparentheses -Wswitch -Wno-unused-function -Wno-unused-label -Wno-unused-parameter -Wno-unused-variable -Wunused-value -Wno-empty-body -Wno-uninitialized -Wno-unknown-pragmas -w -Wno-shadow -Wno-four-char-constants -Wno-conversion -Wno-constant-conversion -Wno-int-conversion -Wno-bool-conversion -Wno-enum-conversion -Wno-float-conversion -Wno-non-literal-null-conversion -Wno-objc-literal-conversion -Wshorten-64-to-32 -Wpointer-sign -Wno-newline-eof -Wno-implicit-fallthrough -isysroot /Applications/Xcode.app/Contents/Developer/Platforms/MacOSX.platform/Developer/SDKs/MacOSX26.4.sdk -fstrict-aliasing -Wdeprecated-declarations -Wno-sign-conversion -Wno-infinite-recursion -Wno-comma -Wno-block-capture-autoreleasing -Wno-strict-prototypes -Wno-semicolon-before-method-body @/Users/jasonlee/Library/Developer/Xcode/DerivedData/Notch-ddzsfiyxyoauidejndllmosklbkq/Build/Intermediates.noindex/PostHog.build/Release/phlibwebp.build/Objects-normal/arm64/7187679823f38a2a940e0043cdf9d637-common-args.resp -MMD -MT dependencies -MF /Users/jasonlee/Library/Developer/Xcode/DerivedData/Notch-ddzsfiyxyoauidejndllmosklbkq/Build/Intermediates.noindex/PostHog.build/Release/phlibwebp.build/Objects-normal/arm64/rescaler.d --serialize-diagnostics /Users/jasonlee/Library/Developer/Xcode/DerivedData/Notch-ddzsfiyxyoauidejndllmosklbkq/Build/Intermediates.noindex/PostHog.build/Release/phlibwebp.build/Objects-normal/arm64/rescaler.dia -c /Users/jasonlee/Library/Developer/Xcode/DerivedData/Notch-ddzsfiyxyoauidejndllmosklbkq/SourcePackages/checkouts/posthog-ios/vendor/libwebp/rescaler.c -o /Users/jasonlee/Library/Developer/Xcode/DerivedData/Notch-ddzsfiyxyoauidejndllmosklbkq/Build/Intermediates.noindex/PostHog.build/Release/phlibwebp.build/Objects-normal/arm64/rescaler.o

ScanDependencies /Users/jasonlee/Library/Developer/Xcode/DerivedData/Notch-ddzsfiyxyoauidejndllmosklbkq/Build/Intermediates.noindex/PostHog.build/Release/phlibwebp.build/Objects-normal/arm64/random_utils.o /Users/jasonlee/Library/Developer/Xcode/DerivedData/Notch-ddzsfiyxyoauidejndllmosklbkq/SourcePackages/checkouts/posthog-ios/vendor/libwebp/random_utils.c normal arm64 c com.apple.compilers.llvm.clang.1_0.compiler (in target 'phlibwebp' from project 'PostHog')
    cd /Users/jasonlee/Coding/App/Notch/Notch.xcodeproj
    
    Using response file: /Users/jasonlee/Library/Developer/Xcode/DerivedData/Notch-ddzsfiyxyoauidejndllmosklbkq/Build/Intermediates.noindex/PostHog.build/Release/phlibwebp.build/Objects-normal/arm64/7187679823f38a2a940e0043cdf9d637-common-args.resp
    
    builtin-ScanDependencies -o /Users/jasonlee/Library/Developer/Xcode/DerivedData/Notch-ddzsfiyxyoauidejndllmosklbkq/Build/Intermediates.noindex/PostHog.build/Release/phlibwebp.build/Objects-normal/arm64/random_utils.o.scan -- /Applications/Xcode.app/Contents/Developer/Toolchains/XcodeDefault.xctoolchain/usr/bin/clang -x c -ivfsstatcache /Users/jasonlee/Library/Developer/Xcode/DerivedData/SDKStatCaches.noindex/macosx26.4-25E251-30f9ca8789b706f8bd3fc906a70d770f.sdkstatcache -target arm64-apple-macos10.15 -fmessage-length\=0 -fdiagnostics-show-note-include-stack -fmacro-backtrace-limit\=0 -fno-color-diagnostics -fmodules-prune-interval\=86400 -fmodules-prune-after\=345600 -fbuild-session-file\=/Users/jasonlee/Library/Developer/Xcode/DerivedData/ModuleCache.noindex/Session.modulevalidation -fmodules-validate-once-per-build-session -Wnon-modular-include-in-framework-module -Werror\=non-modular-include-in-framework-module -Wno-trigraphs -Wno-missing-field-initializers -Wno-missing-prototypes -Wno-return-type -Wno-missing-braces -Wparentheses -Wswitch -Wno-unused-function -Wno-unused-label -Wno-unused-parameter -Wno-unused-variable -Wunused-value -Wno-empty-body -Wno-uninitialized -Wno-unknown-pragmas -w -Wno-shadow -Wno-four-char-constants -Wno-conversion -Wno-constant-conversion -Wno-int-conversion -Wno-bool-conversion -Wno-enum-conversion -Wno-float-conversion -Wno-non-literal-null-conversion -Wno-objc-literal-conversion -Wshorten-64-to-32 -Wpointer-sign -Wno-newline-eof -Wno-implicit-fallthrough -isysroot /Applications/Xcode.app/Contents/Developer/Platforms/MacOSX.platform/Developer/SDKs/MacOSX26.4.sdk -fstrict-aliasing -Wdeprecated-declarations -Wno-sign-conversion -Wno-infinite-recursion -Wno-comma -Wno-block-capture-autoreleasing -Wno-strict-prototypes -Wno-semicolon-before-method-body @/Users/jasonlee/Library/Developer/Xcode/DerivedData/Notch-ddzsfiyxyoauidejndllmosklbkq/Build/Intermediates.noindex/PostHog.build/Release/phlibwebp.build/Objects-normal/arm64/7187679823f38a2a940e0043cdf9d637-common-args.resp -MMD -MT dependencies -MF /Users/jasonlee/Library/Developer/Xcode/DerivedData/Notch-ddzsfiyxyoauidejndllmosklbkq/Build/Intermediates.noindex/PostHog.build/Release/phlibwebp.build/Objects-normal/arm64/random_utils.d --serialize-diagnostics /Users/jasonlee/Library/Developer/Xcode/DerivedData/Notch-ddzsfiyxyoauidejndllmosklbkq/Build/Intermediates.noindex/PostHog.build/Release/phlibwebp.build/Objects-normal/arm64/random_utils.dia -c /Users/jasonlee/Library/Developer/Xcode/DerivedData/Notch-ddzsfiyxyoauidejndllmosklbkq/SourcePackages/checkouts/posthog-ios/vendor/libwebp/random_utils.c -o /Users/jasonlee/Library/Developer/Xcode/DerivedData/Notch-ddzsfiyxyoauidejndllmosklbkq/Build/Intermediates.noindex/PostHog.build/Release/phlibwebp.build/Objects-normal/arm64/random_utils.o

PrecompileModule /Users/jasonlee/Library/Developer/Xcode/DerivedData/Notch-ddzsfiyxyoauidejndllmosklbkq/Build/Intermediates.noindex/ExplicitPrecompiledModules/_Builtin_limits-4G8RA838D7GJMXXZ86PJ0FWF6.scan
    cd /
    builtin-precompileModule /Users/jasonlee/Library/Developer/Xcode/DerivedData/Notch-ddzsfiyxyoauidejndllmosklbkq/Build/Intermediates.noindex/ExplicitPrecompiledModules/_Builtin_limits-4G8RA838D7GJMXXZ86PJ0FWF6.scan

ScanDependencies /Users/jasonlee/Library/Developer/Xcode/DerivedData/Notch-ddzsfiyxyoauidejndllmosklbkq/Build/Intermediates.noindex/PostHog.build/Release/phlibwebp.build/Objects-normal/arm64/quant_levels_utils.o /Users/jasonlee/Library/Developer/Xcode/DerivedData/Notch-ddzsfiyxyoauidejndllmosklbkq/SourcePackages/checkouts/posthog-ios/vendor/libwebp/quant_levels_utils.c normal arm64 c com.apple.compilers.llvm.clang.1_0.compiler (in target 'phlibwebp' from project 'PostHog')
    cd /Users/jasonlee/Coding/App/Notch/Notch.xcodeproj
    
    Using response file: /Users/jasonlee/Library/Developer/Xcode/DerivedData/Notch-ddzsfiyxyoauidejndllmosklbkq/Build/Intermediates.noindex/PostHog.build/Release/phlibwebp.build/Objects-normal/arm64/7187679823f38a2a940e0043cdf9d637-common-args.resp
    
    builtin-ScanDependencies -o /Users/jasonlee/Library/Developer/Xcode/DerivedData/Notch-ddzsfiyxyoauidejndllmosklbkq/Build/Intermediates.noindex/PostHog.build/Release/phlibwebp.build/Objects-normal/arm64/quant_levels_utils.o.scan -- /Applications/Xcode.app/Contents/Developer/Toolchains/XcodeDefault.xctoolchain/usr/bin/clang -x c -ivfsstatcache /Users/jasonlee/Library/Developer/Xcode/DerivedData/SDKStatCaches.noindex/macosx26.4-25E251-30f9ca8789b706f8bd3fc906a70d770f.sdkstatcache -target arm64-apple-macos10.15 -fmessage-length\=0 -fdiagnostics-show-note-include-stack -fmacro-backtrace-limit\=0 -fno-color-diagnostics -fmodules-prune-interval\=86400 -fmodules-prune-after\=345600 -fbuild-session-file\=/Users/jasonlee/Library/Developer/Xcode/DerivedData/ModuleCache.noindex/Session.modulevalidation -fmodules-validate-once-per-build-session -Wnon-modular-include-in-framework-module -Werror\=non-modular-include-in-framework-module -Wno-trigraphs -Wno-missing-field-initializers -Wno-missing-prototypes -Wno-return-type -Wno-missing-braces -Wparentheses -Wswitch -Wno-unused-function -Wno-unused-label -Wno-unused-parameter -Wno-unused-variable -Wunused-value -Wno-empty-body -Wno-uninitialized -Wno-unknown-pragmas -w -Wno-shadow -Wno-four-char-constants -Wno-conversion -Wno-constant-conversion -Wno-int-conversion -Wno-bool-conversion -Wno-enum-conversion -Wno-float-conversion -Wno-non-literal-null-conversion -Wno-objc-literal-conversion -Wshorten-64-to-32 -Wpointer-sign -Wno-newline-eof -Wno-implicit-fallthrough -isysroot /Applications/Xcode.app/Contents/Developer/Platforms/MacOSX.platform/Developer/SDKs/MacOSX26.4.sdk -fstrict-aliasing -Wdeprecated-declarations -Wno-sign-conversion -Wno-infinite-recursion -Wno-comma -Wno-block-capture-autoreleasing -Wno-strict-prototypes -Wno-semicolon-before-method-body @/Users/jasonlee/Library/Developer/Xcode/DerivedData/Notch-ddzsfiyxyoauidejndllmosklbkq/Build/Intermediates.noindex/PostHog.build/Release/phlibwebp.build/Objects-normal/arm64/7187679823f38a2a940e0043cdf9d637-common-args.resp -MMD -MT dependencies -MF /Users/jasonlee/Library/Developer/Xcode/DerivedData/Notch-ddzsfiyxyoauidejndllmosklbkq/Build/Intermediates.noindex/PostHog.build/Release/phlibwebp.build/Objects-normal/arm64/quant_levels_utils.d --serialize-diagnostics /Users/jasonlee/Library/Developer/Xcode/DerivedData/Notch-ddzsfiyxyoauidejndllmosklbkq/Build/Intermediates.noindex/PostHog.build/Release/phlibwebp.build/Objects-normal/arm64/quant_levels_utils.dia -c /Users/jasonlee/Library/Developer/Xcode/DerivedData/Notch-ddzsfiyxyoauidejndllmosklbkq/SourcePackages/checkouts/posthog-ios/vendor/libwebp/quant_levels_utils.c -o /Users/jasonlee/Library/Developer/Xcode/DerivedData/Notch-ddzsfiyxyoauidejndllmosklbkq/Build/Intermediates.noindex/PostHog.build/Release/phlibwebp.build/Objects-normal/arm64/quant_levels_utils.o

ScanDependencies /Users/jasonlee/Library/Developer/Xcode/DerivedData/Notch-ddzsfiyxyoauidejndllmosklbkq/Build/Intermediates.noindex/PostHog.build/Release/phlibwebp.build/Objects-normal/arm64/quant_levels_dec_utils.o /Users/jasonlee/Library/Developer/Xcode/DerivedData/Notch-ddzsfiyxyoauidejndllmosklbkq/SourcePackages/checkouts/posthog-ios/vendor/libwebp/quant_levels_dec_utils.c normal arm64 c com.apple.compilers.llvm.clang.1_0.compiler (in target 'phlibwebp' from project 'PostHog')
    cd /Users/jasonlee/Coding/App/Notch/Notch.xcodeproj
    
    Using response file: /Users/jasonlee/Library/Developer/Xcode/DerivedData/Notch-ddzsfiyxyoauidejndllmosklbkq/Build/Intermediates.noindex/PostHog.build/Release/phlibwebp.build/Objects-normal/arm64/7187679823f38a2a940e0043cdf9d637-common-args.resp
    
    builtin-ScanDependencies -o /Users/jasonlee/Library/Developer/Xcode/DerivedData/Notch-ddzsfiyxyoauidejndllmosklbkq/Build/Intermediates.noindex/PostHog.build/Release/phlibwebp.build/Objects-normal/arm64/quant_levels_dec_utils.o.scan -- /Applications/Xcode.app/Contents/Developer/Toolchains/XcodeDefault.xctoolchain/usr/bin/clang -x c -ivfsstatcache /Users/jasonlee/Library/Developer/Xcode/DerivedData/SDKStatCaches.noindex/macosx26.4-25E251-30f9ca8789b706f8bd3fc906a70d770f.sdkstatcache -target arm64-apple-macos10.15 -fmessage-length\=0 -fdiagnostics-show-note-include-stack -fmacro-backtrace-limit\=0 -fno-color-diagnostics -fmodules-prune-interval\=86400 -fmodules-prune-after\=345600 -fbuild-session-file\=/Users/jasonlee/Library/Developer/Xcode/DerivedData/ModuleCache.noindex/Session.modulevalidation -fmodules-validate-once-per-build-session -Wnon-modular-include-in-framework-module -Werror\=non-modular-include-in-framework-module -Wno-trigraphs -Wno-missing-field-initializers -Wno-missing-prototypes -Wno-return-type -Wno-missing-braces -Wparentheses -Wswitch -Wno-unused-function -Wno-unused-label -Wno-unused-parameter -Wno-unused-variable -Wunused-value -Wno-empty-body -Wno-uninitialized -Wno-unknown-pragmas -w -Wno-shadow -Wno-four-char-constants -Wno-conversion -Wno-constant-conversion -Wno-int-conversion -Wno-bool-conversion -Wno-enum-conversion -Wno-float-conversion -Wno-non-literal-null-conversion -Wno-objc-literal-conversion -Wshorten-64-to-32 -Wpointer-sign -Wno-newline-eof -Wno-implicit-fallthrough -isysroot /Applications/Xcode.app/Contents/Developer/Platforms/MacOSX.platform/Developer/SDKs/MacOSX26.4.sdk -fstrict-aliasing -Wdeprecated-declarations -Wno-sign-conversion -Wno-infinite-recursion -Wno-comma -Wno-block-capture-autoreleasing -Wno-strict-prototypes -Wno-semicolon-before-method-body @/Users/jasonlee/Library/Developer/Xcode/DerivedData/Notch-ddzsfiyxyoauidejndllmosklbkq/Build/Intermediates.noindex/PostHog.build/Release/phlibwebp.build/Objects-normal/arm64/7187679823f38a2a940e0043cdf9d637-common-args.resp -MMD -MT dependencies -MF /Users/jasonlee/Library/Developer/Xcode/DerivedData/Notch-ddzsfiyxyoauidejndllmosklbkq/Build/Intermediates.noindex/PostHog.build/Release/phlibwebp.build/Objects-normal/arm64/quant_levels_dec_utils.d --serialize-diagnostics /Users/jasonlee/Library/Developer/Xcode/DerivedData/Notch-ddzsfiyxyoauidejndllmosklbkq/Build/Intermediates.noindex/PostHog.build/Release/phlibwebp.build/Objects-normal/arm64/quant_levels_dec_utils.dia -c /Users/jasonlee/Library/Developer/Xcode/DerivedData/Notch-ddzsfiyxyoauidejndllmosklbkq/SourcePackages/checkouts/posthog-ios/vendor/libwebp/quant_levels_dec_utils.c -o /Users/jasonlee/Library/Developer/Xcode/DerivedData/Notch-ddzsfiyxyoauidejndllmosklbkq/Build/Intermediates.noindex/PostHog.build/Release/phlibwebp.build/Objects-normal/arm64/quant_levels_dec_utils.o

ScanDependencies /Users/jasonlee/Library/Developer/Xcode/DerivedData/Notch-ddzsfiyxyoauidejndllmosklbkq/Build/Intermediates.noindex/PostHog.build/Release/phlibwebp.build/Objects-normal/arm64/quant_enc.o /Users/jasonlee/Library/Developer/Xcode/DerivedData/Notch-ddzsfiyxyoauidejndllmosklbkq/SourcePackages/checkouts/posthog-ios/vendor/libwebp/quant_enc.c normal arm64 c com.apple.compilers.llvm.clang.1_0.compiler (in target 'phlibwebp' from project 'PostHog')
    cd /Users/jasonlee/Coding/App/Notch/Notch.xcodeproj
    
    Using response file: /Users/jasonlee/Library/Developer/Xcode/DerivedData/Notch-ddzsfiyxyoauidejndllmosklbkq/Build/Intermediates.noindex/PostHog.build/Release/phlibwebp.build/Objects-normal/arm64/7187679823f38a2a940e0043cdf9d637-common-args.resp
    
    builtin-ScanDependencies -o /Users/jasonlee/Library/Developer/Xcode/DerivedData/Notch-ddzsfiyxyoauidejndllmosklbkq/Build/Intermediates.noindex/PostHog.build/Release/phlibwebp.build/Objects-normal/arm64/quant_enc.o.scan -- /Applications/Xcode.app/Contents/Developer/Toolchains/XcodeDefault.xctoolchain/usr/bin/clang -x c -ivfsstatcache /Users/jasonlee/Library/Developer/Xcode/DerivedData/SDKStatCaches.noindex/macosx26.4-25E251-30f9ca8789b706f8bd3fc906a70d770f.sdkstatcache -target arm64-apple-macos10.15 -fmessage-length\=0 -fdiagnostics-show-note-include-stack -fmacro-backtrace-limit\=0 -fno-color-diagnostics -fmodules-prune-interval\=86400 -fmodules-prune-after\=345600 -fbuild-session-file\=/Users/jasonlee/Library/Developer/Xcode/DerivedData/ModuleCache.noindex/Session.modulevalidation -fmodules-validate-once-per-build-session -Wnon-modular-include-in-framework-module -Werror\=non-modular-include-in-framework-module -Wno-trigraphs -Wno-missing-field-initializers -Wno-missing-prototypes -Wno-return-type -Wno-missing-braces -Wparentheses -Wswitch -Wno-unused-function -Wno-unused-label -Wno-unused-parameter -Wno-unused-variable -Wunused-value -Wno-empty-body -Wno-uninitialized -Wno-unknown-pragmas -w -Wno-shadow -Wno-four-char-constants -Wno-conversion -Wno-constant-conversion -Wno-int-conversion -Wno-bool-conversion -Wno-enum-conversion -Wno-float-conversion -Wno-non-literal-null-conversion -Wno-objc-literal-conversion -Wshorten-64-to-32 -Wpointer-sign -Wno-newline-eof -Wno-implicit-fallthrough -isysroot /Applications/Xcode.app/Contents/Developer/Platforms/MacOSX.platform/Developer/SDKs/MacOSX26.4.sdk -fstrict-aliasing -Wdeprecated-declarations -Wno-sign-conversion -Wno-infinite-recursion -Wno-comma -Wno-block-capture-autoreleasing -Wno-strict-prototypes -Wno-semicolon-before-method-body @/Users/jasonlee/Library/Developer/Xcode/DerivedData/Notch-ddzsfiyxyoauidejndllmosklbkq/Build/Intermediates.noindex/PostHog.build/Release/phlibwebp.build/Objects-normal/arm64/7187679823f38a2a940e0043cdf9d637-common-args.resp -MMD -MT dependencies -MF /Users/jasonlee/Library/Developer/Xcode/DerivedData/Notch-ddzsfiyxyoauidejndllmosklbkq/Build/Intermediates.noindex/PostHog.build/Release/phlibwebp.build/Objects-normal/arm64/quant_enc.d --serialize-diagnostics /Users/jasonlee/Library/Developer/Xcode/DerivedData/Notch-ddzsfiyxyoauidejndllmosklbkq/Build/Intermediates.noindex/PostHog.build/Release/phlibwebp.build/Objects-normal/arm64/quant_enc.dia -c /Users/jasonlee/Library/Developer/Xcode/DerivedData/Notch-ddzsfiyxyoauidejndllmosklbkq/SourcePackages/checkouts/posthog-ios/vendor/libwebp/quant_enc.c -o /Users/jasonlee/Library/Developer/Xcode/DerivedData/Notch-ddzsfiyxyoauidejndllmosklbkq/Build/Intermediates.noindex/PostHog.build/Release/phlibwebp.build/Objects-normal/arm64/quant_enc.o

ScanDependencies /Users/jasonlee/Library/Developer/Xcode/DerivedData/Notch-ddzsfiyxyoauidejndllmosklbkq/Build/Intermediates.noindex/PostHog.build/Release/phlibwebp.build/Objects-normal/arm64/predictor_enc.o /Users/jasonlee/Library/Developer/Xcode/DerivedData/Notch-ddzsfiyxyoauidejndllmosklbkq/SourcePackages/checkouts/posthog-ios/vendor/libwebp/predictor_enc.c normal arm64 c com.apple.compilers.llvm.clang.1_0.compiler (in target 'phlibwebp' from project 'PostHog')
    cd /Users/jasonlee/Coding/App/Notch/Notch.xcodeproj
    
    Using response file: /Users/jasonlee/Library/Developer/Xcode/DerivedData/Notch-ddzsfiyxyoauidejndllmosklbkq/Build/Intermediates.noindex/PostHog.build/Release/phlibwebp.build/Objects-normal/arm64/7187679823f38a2a940e0043cdf9d637-common-args.resp
    
    builtin-ScanDependencies -o /Users/jasonlee/Library/Developer/Xcode/DerivedData/Notch-ddzsfiyxyoauidejndllmosklbkq/Build/Intermediates.noindex/PostHog.build/Release/phlibwebp.build/Objects-normal/arm64/predictor_enc.o.scan -- /Applications/Xcode.app/Contents/Developer/Toolchains/XcodeDefault.xctoolchain/usr/bin/clang -x c -ivfsstatcache /Users/jasonlee/Library/Developer/Xcode/DerivedData/SDKStatCaches.noindex/macosx26.4-25E251-30f9ca8789b706f8bd3fc906a70d770f.sdkstatcache -target arm64-apple-macos10.15 -fmessage-length\=0 -fdiagnostics-show-note-include-stack -fmacro-backtrace-limit\=0 -fno-color-diagnostics -fmodules-prune-interval\=86400 -fmodules-prune-after\=345600 -fbuild-session-file\=/Users/jasonlee/Library/Developer/Xcode/DerivedData/ModuleCache.noindex/Session.modulevalidation -fmodules-validate-once-per-build-session -Wnon-modular-include-in-framework-module -Werror\=non-modular-include-in-framework-module -Wno-trigraphs -Wno-missing-field-initializers -Wno-missing-prototypes -Wno-return-type -Wno-missing-braces -Wparentheses -Wswitch -Wno-unused-function -Wno-unused-label -Wno-unused-parameter -Wno-unused-variable -Wunused-value -Wno-empty-body -Wno-uninitialized -Wno-unknown-pragmas -w -Wno-shadow -Wno-four-char-constants -Wno-conversion -Wno-constant-conversion -Wno-int-conversion -Wno-bool-conversion -Wno-enum-conversion -Wno-float-conversion -Wno-non-literal-null-conversion -Wno-objc-literal-conversion -Wshorten-64-to-32 -Wpointer-sign -Wno-newline-eof -Wno-implicit-fallthrough -isysroot /Applications/Xcode.app/Contents/Developer/Platforms/MacOSX.platform/Developer/SDKs/MacOSX26.4.sdk -fstrict-aliasing -Wdeprecated-declarations -Wno-sign-conversion -Wno-infinite-recursion -Wno-comma -Wno-block-capture-autoreleasing -Wno-strict-prototypes -Wno-semicolon-before-method-body @/Users/jasonlee/Library/Developer/Xcode/DerivedData/Notch-ddzsfiyxyoauidejndllmosklbkq/Build/Intermediates.noindex/PostHog.build/Release/phlibwebp.build/Objects-normal/arm64/7187679823f38a2a940e0043cdf9d637-common-args.resp -MMD -MT dependencies -MF /Users/jasonlee/Library/Developer/Xcode/DerivedData/Notch-ddzsfiyxyoauidejndllmosklbkq/Build/Intermediates.noindex/PostHog.build/Release/phlibwebp.build/Objects-normal/arm64/predictor_enc.d --serialize-diagnostics /Users/jasonlee/Library/Developer/Xcode/DerivedData/Notch-ddzsfiyxyoauidejndllmosklbkq/Build/Intermediates.noindex/PostHog.build/Release/phlibwebp.build/Objects-normal/arm64/predictor_enc.dia -c /Users/jasonlee/Library/Developer/Xcode/DerivedData/Notch-ddzsfiyxyoauidejndllmosklbkq/SourcePackages/checkouts/posthog-ios/vendor/libwebp/predictor_enc.c -o /Users/jasonlee/Library/Developer/Xcode/DerivedData/Notch-ddzsfiyxyoauidejndllmosklbkq/Build/Intermediates.noindex/PostHog.build/Release/phlibwebp.build/Objects-normal/arm64/predictor_enc.o

ScanDependencies /Users/jasonlee/Library/Developer/Xcode/DerivedData/Notch-ddzsfiyxyoauidejndllmosklbkq/Build/Intermediates.noindex/PostHog.build/Release/phlibwebp.build/Objects-normal/arm64/picture_tools_enc.o /Users/jasonlee/Library/Developer/Xcode/DerivedData/Notch-ddzsfiyxyoauidejndllmosklbkq/SourcePackages/checkouts/posthog-ios/vendor/libwebp/picture_tools_enc.c normal arm64 c com.apple.compilers.llvm.clang.1_0.compiler (in target 'phlibwebp' from project 'PostHog')
    cd /Users/jasonlee/Coding/App/Notch/Notch.xcodeproj
    
    Using response file: /Users/jasonlee/Library/Developer/Xcode/DerivedData/Notch-ddzsfiyxyoauidejndllmosklbkq/Build/Intermediates.noindex/PostHog.build/Release/phlibwebp.build/Objects-normal/arm64/7187679823f38a2a940e0043cdf9d637-common-args.resp
    
    builtin-ScanDependencies -o /Users/jasonlee/Library/Developer/Xcode/DerivedData/Notch-ddzsfiyxyoauidejndllmosklbkq/Build/Intermediates.noindex/PostHog.build/Release/phlibwebp.build/Objects-normal/arm64/picture_tools_enc.o.scan -- /Applications/Xcode.app/Contents/Developer/Toolchains/XcodeDefault.xctoolchain/usr/bin/clang -x c -ivfsstatcache /Users/jasonlee/Library/Developer/Xcode/DerivedData/SDKStatCaches.noindex/macosx26.4-25E251-30f9ca8789b706f8bd3fc906a70d770f.sdkstatcache -target arm64-apple-macos10.15 -fmessage-length\=0 -fdiagnostics-show-note-include-stack -fmacro-backtrace-limit\=0 -fno-color-diagnostics -fmodules-prune-interval\=86400 -fmodules-prune-after\=345600 -fbuild-session-file\=/Users/jasonlee/Library/Developer/Xcode/DerivedData/ModuleCache.noindex/Session.modulevalidation -fmodules-validate-once-per-build-session -Wnon-modular-include-in-framework-module -Werror\=non-modular-include-in-framework-module -Wno-trigraphs -Wno-missing-field-initializers -Wno-missing-prototypes -Wno-return-type -Wno-missing-braces -Wparentheses -Wswitch -Wno-unused-function -Wno-unused-label -Wno-unused-parameter -Wno-unused-variable -Wunused-value -Wno-empty-body -Wno-uninitialized -Wno-unknown-pragmas -w -Wno-shadow -Wno-four-char-constants -Wno-conversion -Wno-constant-conversion -Wno-int-conversion -Wno-bool-conversion -Wno-enum-conversion -Wno-float-conversion -Wno-non-literal-null-conversion -Wno-objc-literal-conversion -Wshorten-64-to-32 -Wpointer-sign -Wno-newline-eof -Wno-implicit-fallthrough -isysroot /Applications/Xcode.app/Contents/Developer/Platforms/MacOSX.platform/Developer/SDKs/MacOSX26.4.sdk -fstrict-aliasing -Wdeprecated-declarations -Wno-sign-conversion -Wno-infinite-recursion -Wno-comma -Wno-block-capture-autoreleasing -Wno-strict-prototypes -Wno-semicolon-before-method-body @/Users/jasonlee/Library/Developer/Xcode/DerivedData/Notch-ddzsfiyxyoauidejndllmosklbkq/Build/Intermediates.noindex/PostHog.build/Release/phlibwebp.build/Objects-normal/arm64/7187679823f38a2a940e0043cdf9d637-common-args.resp -MMD -MT dependencies -MF /Users/jasonlee/Library/Developer/Xcode/DerivedData/Notch-ddzsfiyxyoauidejndllmosklbkq/Build/Intermediates.noindex/PostHog.build/Release/phlibwebp.build/Objects-normal/arm64/picture_tools_enc.d --serialize-diagnostics /Users/jasonlee/Library/Developer/Xcode/DerivedData/Notch-ddzsfiyxyoauidejndllmosklbkq/Build/Intermediates.noindex/PostHog.build/Release/phlibwebp.build/Objects-normal/arm64/picture_tools_enc.dia -c /Users/jasonlee/Library/Developer/Xcode/DerivedData/Notch-ddzsfiyxyoauidejndllmosklbkq/SourcePackages/checkouts/posthog-ios/vendor/libwebp/picture_tools_enc.c -o /Users/jasonlee/Library/Developer/Xcode/DerivedData/Notch-ddzsfiyxyoauidejndllmosklbkq/Build/Intermediates.noindex/PostHog.build/Release/phlibwebp.build/Objects-normal/arm64/picture_tools_enc.o

ScanDependencies /Users/jasonlee/Library/Developer/Xcode/DerivedData/Notch-ddzsfiyxyoauidejndllmosklbkq/Build/Intermediates.noindex/PostHog.build/Release/phlibwebp.build/Objects-normal/arm64/picture_rescale_enc.o /Users/jasonlee/Library/Developer/Xcode/DerivedData/Notch-ddzsfiyxyoauidejndllmosklbkq/SourcePackages/checkouts/posthog-ios/vendor/libwebp/picture_rescale_enc.c normal arm64 c com.apple.compilers.llvm.clang.1_0.compiler (in target 'phlibwebp' from project 'PostHog')
    cd /Users/jasonlee/Coding/App/Notch/Notch.xcodeproj
    
    Using response file: /Users/jasonlee/Library/Developer/Xcode/DerivedData/Notch-ddzsfiyxyoauidejndllmosklbkq/Build/Intermediates.noindex/PostHog.build/Release/phlibwebp.build/Objects-normal/arm64/7187679823f38a2a940e0043cdf9d637-common-args.resp
    
    builtin-ScanDependencies -o /Users/jasonlee/Library/Developer/Xcode/DerivedData/Notch-ddzsfiyxyoauidejndllmosklbkq/Build/Intermediates.noindex/PostHog.build/Release/phlibwebp.build/Objects-normal/arm64/picture_rescale_enc.o.scan -- /Applications/Xcode.app/Contents/Developer/Toolchains/XcodeDefault.xctoolchain/usr/bin/clang -x c -ivfsstatcache /Users/jasonlee/Library/Developer/Xcode/DerivedData/SDKStatCaches.noindex/macosx26.4-25E251-30f9ca8789b706f8bd3fc906a70d770f.sdkstatcache -target arm64-apple-macos10.15 -fmessage-length\=0 -fdiagnostics-show-note-include-stack -fmacro-backtrace-limit\=0 -fno-color-diagnostics -fmodules-prune-interval\=86400 -fmodules-prune-after\=345600 -fbuild-session-file\=/Users/jasonlee/Library/Developer/Xcode/DerivedData/ModuleCache.noindex/Session.modulevalidation -fmodules-validate-once-per-build-session -Wnon-modular-include-in-framework-module -Werror\=non-modular-include-in-framework-module -Wno-trigraphs -Wno-missing-field-initializers -Wno-missing-prototypes -Wno-return-type -Wno-missing-braces -Wparentheses -Wswitch -Wno-unused-function -Wno-unused-label -Wno-unused-parameter -Wno-unused-variable -Wunused-value -Wno-empty-body -Wno-uninitialized -Wno-unknown-pragmas -w -Wno-shadow -Wno-four-char-constants -Wno-conversion -Wno-constant-conversion -Wno-int-conversion -Wno-bool-conversion -Wno-enum-conversion -Wno-float-conversion -Wno-non-literal-null-conversion -Wno-objc-literal-conversion -Wshorten-64-to-32 -Wpointer-sign -Wno-newline-eof -Wno-implicit-fallthrough -isysroot /Applications/Xcode.app/Contents/Developer/Platforms/MacOSX.platform/Developer/SDKs/MacOSX26.4.sdk -fstrict-aliasing -Wdeprecated-declarations -Wno-sign-conversion -Wno-infinite-recursion -Wno-comma -Wno-block-capture-autoreleasing -Wno-strict-prototypes -Wno-semicolon-before-method-body @/Users/jasonlee/Library/Developer/Xcode/DerivedData/Notch-ddzsfiyxyoauidejndllmosklbkq/Build/Intermediates.noindex/PostHog.build/Release/phlibwebp.build/Objects-normal/arm64/7187679823f38a2a940e0043cdf9d637-common-args.resp -MMD -MT dependencies -MF /Users/jasonlee/Library/Developer/Xcode/DerivedData/Notch-ddzsfiyxyoauidejndllmosklbkq/Build/Intermediates.noindex/PostHog.build/Release/phlibwebp.build/Objects-normal/arm64/picture_rescale_enc.d --serialize-diagnostics /Users/jasonlee/Library/Developer/Xcode/DerivedData/Notch-ddzsfiyxyoauidejndllmosklbkq/Build/Intermediates.noindex/PostHog.build/Release/phlibwebp.build/Objects-normal/arm64/picture_rescale_enc.dia -c /Users/jasonlee/Library/Developer/Xcode/DerivedData/Notch-ddzsfiyxyoauidejndllmosklbkq/SourcePackages/checkouts/posthog-ios/vendor/libwebp/picture_rescale_enc.c -o /Users/jasonlee/Library/Developer/Xcode/DerivedData/Notch-ddzsfiyxyoauidejndllmosklbkq/Build/Intermediates.noindex/PostHog.build/Release/phlibwebp.build/Objects-normal/arm64/picture_rescale_enc.o

ScanDependencies /Users/jasonlee/Library/Developer/Xcode/DerivedData/Notch-ddzsfiyxyoauidejndllmosklbkq/Build/Intermediates.noindex/PostHog.build/Release/phlibwebp.build/Objects-normal/arm64/picture_psnr_enc.o /Users/jasonlee/Library/Developer/Xcode/DerivedData/Notch-ddzsfiyxyoauidejndllmosklbkq/SourcePackages/checkouts/posthog-ios/vendor/libwebp/picture_psnr_enc.c normal arm64 c com.apple.compilers.llvm.clang.1_0.compiler (in target 'phlibwebp' from project 'PostHog')
    cd /Users/jasonlee/Coding/App/Notch/Notch.xcodeproj
    
    Using response file: /Users/jasonlee/Library/Developer/Xcode/DerivedData/Notch-ddzsfiyxyoauidejndllmosklbkq/Build/Intermediates.noindex/PostHog.build/Release/phlibwebp.build/Objects-normal/arm64/7187679823f38a2a940e0043cdf9d637-common-args.resp
    
    builtin-ScanDependencies -o /Users/jasonlee/Library/Developer/Xcode/DerivedData/Notch-ddzsfiyxyoauidejndllmosklbkq/Build/Intermediates.noindex/PostHog.build/Release/phlibwebp.build/Objects-normal/arm64/picture_psnr_enc.o.scan -- /Applications/Xcode.app/Contents/Developer/Toolchains/XcodeDefault.xctoolchain/usr/bin/clang -x c -ivfsstatcache /Users/jasonlee/Library/Developer/Xcode/DerivedData/SDKStatCaches.noindex/macosx26.4-25E251-30f9ca8789b706f8bd3fc906a70d770f.sdkstatcache -target arm64-apple-macos10.15 -fmessage-length\=0 -fdiagnostics-show-note-include-stack -fmacro-backtrace-limit\=0 -fno-color-diagnostics -fmodules-prune-interval\=86400 -fmodules-prune-after\=345600 -fbuild-session-file\=/Users/jasonlee/Library/Developer/Xcode/DerivedData/ModuleCache.noindex/Session.modulevalidation -fmodules-validate-once-per-build-session -Wnon-modular-include-in-framework-module -Werror\=non-modular-include-in-framework-module -Wno-trigraphs -Wno-missing-field-initializers -Wno-missing-prototypes -Wno-return-type -Wno-missing-braces -Wparentheses -Wswitch -Wno-unused-function -Wno-unused-label -Wno-unused-parameter -Wno-unused-variable -Wunused-value -Wno-empty-body -Wno-uninitialized -Wno-unknown-pragmas -w -Wno-shadow -Wno-four-char-constants -Wno-conversion -Wno-constant-conversion -Wno-int-conversion -Wno-bool-conversion -Wno-enum-conversion -Wno-float-conversion -Wno-non-literal-null-conversion -Wno-objc-literal-conversion -Wshorten-64-to-32 -Wpointer-sign -Wno-newline-eof -Wno-implicit-fallthrough -isysroot /Applications/Xcode.app/Contents/Developer/Platforms/MacOSX.platform/Developer/SDKs/MacOSX26.4.sdk -fstrict-aliasing -Wdeprecated-declarations -Wno-sign-conversion -Wno-infinite-recursion -Wno-comma -Wno-block-capture-autoreleasing -Wno-strict-prototypes -Wno-semicolon-before-method-body @/Users/jasonlee/Library/Developer/Xcode/DerivedData/Notch-ddzsfiyxyoauidejndllmosklbkq/Build/Intermediates.noindex/PostHog.build/Release/phlibwebp.build/Objects-normal/arm64/7187679823f38a2a940e0043cdf9d637-common-args.resp -MMD -MT dependencies -MF /Users/jasonlee/Library/Developer/Xcode/DerivedData/Notch-ddzsfiyxyoauidejndllmosklbkq/Build/Intermediates.noindex/PostHog.build/Release/phlibwebp.build/Objects-normal/arm64/picture_psnr_enc.d --serialize-diagnostics /Users/jasonlee/Library/Developer/Xcode/DerivedData/Notch-ddzsfiyxyoauidejndllmosklbkq/Build/Intermediates.noindex/PostHog.build/Release/phlibwebp.build/Objects-normal/arm64/picture_psnr_enc.dia -c /Users/jasonlee/Library/Developer/Xcode/DerivedData/Notch-ddzsfiyxyoauidejndllmosklbkq/SourcePackages/checkouts/posthog-ios/vendor/libwebp/picture_psnr_enc.c -o /Users/jasonlee/Library/Developer/Xcode/DerivedData/Notch-ddzsfiyxyoauidejndllmosklbkq/Build/Intermediates.noindex/PostHog.build/Release/phlibwebp.build/Objects-normal/arm64/picture_psnr_enc.o

ScanDependencies /Users/jasonlee/Library/Developer/Xcode/DerivedData/Notch-ddzsfiyxyoauidejndllmosklbkq/Build/Intermediates.noindex/PostHog.build/Release/phlibwebp.build/Objects-normal/arm64/picture_enc.o /Users/jasonlee/Library/Developer/Xcode/DerivedData/Notch-ddzsfiyxyoauidejndllmosklbkq/SourcePackages/checkouts/posthog-ios/vendor/libwebp/picture_enc.c normal arm64 c com.apple.compilers.llvm.clang.1_0.compiler (in target 'phlibwebp' from project 'PostHog')
    cd /Users/jasonlee/Coding/App/Notch/Notch.xcodeproj
    
    Using response file: /Users/jasonlee/Library/Developer/Xcode/DerivedData/Notch-ddzsfiyxyoauidejndllmosklbkq/Build/Intermediates.noindex/PostHog.build/Release/phlibwebp.build/Objects-normal/arm64/7187679823f38a2a940e0043cdf9d637-common-args.resp
    
    builtin-ScanDependencies -o /Users/jasonlee/Library/Developer/Xcode/DerivedData/Notch-ddzsfiyxyoauidejndllmosklbkq/Build/Intermediates.noindex/PostHog.build/Release/phlibwebp.build/Objects-normal/arm64/picture_enc.o.scan -- /Applications/Xcode.app/Contents/Developer/Toolchains/XcodeDefault.xctoolchain/usr/bin/clang -x c -ivfsstatcache /Users/jasonlee/Library/Developer/Xcode/DerivedData/SDKStatCaches.noindex/macosx26.4-25E251-30f9ca8789b706f8bd3fc906a70d770f.sdkstatcache -target arm64-apple-macos10.15 -fmessage-length\=0 -fdiagnostics-show-note-include-stack -fmacro-backtrace-limit\=0 -fno-color-diagnostics -fmodules-prune-interval\=86400 -fmodules-prune-after\=345600 -fbuild-session-file\=/Users/jasonlee/Library/Developer/Xcode/DerivedData/ModuleCache.noindex/Session.modulevalidation -fmodules-validate-once-per-build-session -Wnon-modular-include-in-framework-module -Werror\=non-modular-include-in-framework-module -Wno-trigraphs -Wno-missing-field-initializers -Wno-missing-prototypes -Wno-return-type -Wno-missing-braces -Wparentheses -Wswitch -Wno-unused-function -Wno-unused-label -Wno-unused-parameter -Wno-unused-variable -Wunused-value -Wno-empty-body -Wno-uninitialized -Wno-unknown-pragmas -w -Wno-shadow -Wno-four-char-constants -Wno-conversion -Wno-constant-conversion -Wno-int-conversion -Wno-bool-conversion -Wno-enum-conversion -Wno-float-conversion -Wno-non-literal-null-conversion -Wno-objc-literal-conversion -Wshorten-64-to-32 -Wpointer-sign -Wno-newline-eof -Wno-implicit-fallthrough -isysroot /Applications/Xcode.app/Contents/Developer/Platforms/MacOSX.platform/Developer/SDKs/MacOSX26.4.sdk -fstrict-aliasing -Wdeprecated-declarations -Wno-sign-conversion -Wno-infinite-recursion -Wno-comma -Wno-block-capture-autoreleasing -Wno-strict-prototypes -Wno-semicolon-before-method-body @/Users/jasonlee/Library/Developer/Xcode/DerivedData/Notch-ddzsfiyxyoauidejndllmosklbkq/Build/Intermediates.noindex/PostHog.build/Release/phlibwebp.build/Objects-normal/arm64/7187679823f38a2a940e0043cdf9d637-common-args.resp -MMD -MT dependencies -MF /Users/jasonlee/Library/Developer/Xcode/DerivedData/Notch-ddzsfiyxyoauidejndllmosklbkq/Build/Intermediates.noindex/PostHog.build/Release/phlibwebp.build/Objects-normal/arm64/picture_enc.d --serialize-diagnostics /Users/jasonlee/Library/Developer/Xcode/DerivedData/Notch-ddzsfiyxyoauidejndllmosklbkq/Build/Intermediates.noindex/PostHog.build/Release/phlibwebp.build/Objects-normal/arm64/picture_enc.dia -c /Users/jasonlee/Library/Developer/Xcode/DerivedData/Notch-ddzsfiyxyoauidejndllmosklbkq/SourcePackages/checkouts/posthog-ios/vendor/libwebp/picture_enc.c -o /Users/jasonlee/Library/Developer/Xcode/DerivedData/Notch-ddzsfiyxyoauidejndllmosklbkq/Build/Intermediates.noindex/PostHog.build/Release/phlibwebp.build/Objects-normal/arm64/picture_enc.o

ScanDependencies /Users/jasonlee/Library/Developer/Xcode/DerivedData/Notch-ddzsfiyxyoauidejndllmosklbkq/Build/Intermediates.noindex/PostHog.build/Release/phlibwebp.build/Objects-normal/arm64/picture_csp_enc.o /Users/jasonlee/Library/Developer/Xcode/DerivedData/Notch-ddzsfiyxyoauidejndllmosklbkq/SourcePackages/checkouts/posthog-ios/vendor/libwebp/picture_csp_enc.c normal arm64 c com.apple.compilers.llvm.clang.1_0.compiler (in target 'phlibwebp' from project 'PostHog')
    cd /Users/jasonlee/Coding/App/Notch/Notch.xcodeproj
    
    Using response file: /Users/jasonlee/Library/Developer/Xcode/DerivedData/Notch-ddzsfiyxyoauidejndllmosklbkq/Build/Intermediates.noindex/PostHog.build/Release/phlibwebp.build/Objects-normal/arm64/7187679823f38a2a940e0043cdf9d637-common-args.resp
    
    builtin-ScanDependencies -o /Users/jasonlee/Library/Developer/Xcode/DerivedData/Notch-ddzsfiyxyoauidejndllmosklbkq/Build/Intermediates.noindex/PostHog.build/Release/phlibwebp.build/Objects-normal/arm64/picture_csp_enc.o.scan -- /Applications/Xcode.app/Contents/Developer/Toolchains/XcodeDefault.xctoolchain/usr/bin/clang -x c -ivfsstatcache /Users/jasonlee/Library/Developer/Xcode/DerivedData/SDKStatCaches.noindex/macosx26.4-25E251-30f9ca8789b706f8bd3fc906a70d770f.sdkstatcache -target arm64-apple-macos10.15 -fmessage-length\=0 -fdiagnostics-show-note-include-stack -fmacro-backtrace-limit\=0 -fno-color-diagnostics -fmodules-prune-interval\=86400 -fmodules-prune-after\=345600 -fbuild-session-file\=/Users/jasonlee/Library/Developer/Xcode/DerivedData/ModuleCache.noindex/Session.modulevalidation -fmodules-validate-once-per-build-session -Wnon-modular-include-in-framework-module -Werror\=non-modular-include-in-framework-module -Wno-trigraphs -Wno-missing-field-initializers -Wno-missing-prototypes -Wno-return-type -Wno-missing-braces -Wparentheses -Wswitch -Wno-unused-function -Wno-unused-label -Wno-unused-parameter -Wno-unused-variable -Wunused-value -Wno-empty-body -Wno-uninitialized -Wno-unknown-pragmas -w -Wno-shadow -Wno-four-char-constants -Wno-conversion -Wno-constant-conversion -Wno-int-conversion -Wno-bool-conversion -Wno-enum-conversion -Wno-float-conversion -Wno-non-literal-null-conversion -Wno-objc-literal-conversion -Wshorten-64-to-32 -Wpointer-sign -Wno-newline-eof -Wno-implicit-fallthrough -isysroot /Applications/Xcode.app/Contents/Developer/Platforms/MacOSX.platform/Developer/SDKs/MacOSX26.4.sdk -fstrict-aliasing -Wdeprecated-declarations -Wno-sign-conversion -Wno-infinite-recursion -Wno-comma -Wno-block-capture-autoreleasing -Wno-strict-prototypes -Wno-semicolon-before-method-body @/Users/jasonlee/Library/Developer/Xcode/DerivedData/Notch-ddzsfiyxyoauidejndllmosklbkq/Build/Intermediates.noindex/PostHog.build/Release/phlibwebp.build/Objects-normal/arm64/7187679823f38a2a940e0043cdf9d637-common-args.resp -MMD -MT dependencies -MF /Users/jasonlee/Library/Developer/Xcode/DerivedData/Notch-ddzsfiyxyoauidejndllmosklbkq/Build/Intermediates.noindex/PostHog.build/Release/phlibwebp.build/Objects-normal/arm64/picture_csp_enc.d --serialize-diagnostics /Users/jasonlee/Library/Developer/Xcode/DerivedData/Notch-ddzsfiyxyoauidejndllmosklbkq/Build/Intermediates.noindex/PostHog.build/Release/phlibwebp.build/Objects-normal/arm64/picture_csp_enc.dia -c /Users/jasonlee/Library/Developer/Xcode/DerivedData/Notch-ddzsfiyxyoauidejndllmosklbkq/SourcePackages/checkouts/posthog-ios/vendor/libwebp/picture_csp_enc.c -o /Users/jasonlee/Library/Developer/Xcode/DerivedData/Notch-ddzsfiyxyoauidejndllmosklbkq/Build/Intermediates.noindex/PostHog.build/Release/phlibwebp.build/Objects-normal/arm64/picture_csp_enc.o

ScanDependencies /Users/jasonlee/Library/Developer/Xcode/DerivedData/Notch-ddzsfiyxyoauidejndllmosklbkq/Build/Intermediates.noindex/PostHog.build/Release/phlibwebp.build/Objects-normal/arm64/palette.o /Users/jasonlee/Library/Developer/Xcode/DerivedData/Notch-ddzsfiyxyoauidejndllmosklbkq/SourcePackages/checkouts/posthog-ios/vendor/libwebp/palette.c normal arm64 c com.apple.compilers.llvm.clang.1_0.compiler (in target 'phlibwebp' from project 'PostHog')
    cd /Users/jasonlee/Coding/App/Notch/Notch.xcodeproj
    
    Using response file: /Users/jasonlee/Library/Developer/Xcode/DerivedData/Notch-ddzsfiyxyoauidejndllmosklbkq/Build/Intermediates.noindex/PostHog.build/Release/phlibwebp.build/Objects-normal/arm64/7187679823f38a2a940e0043cdf9d637-common-args.resp
    
    builtin-ScanDependencies -o /Users/jasonlee/Library/Developer/Xcode/DerivedData/Notch-ddzsfiyxyoauidejndllmosklbkq/Build/Intermediates.noindex/PostHog.build/Release/phlibwebp.build/Objects-normal/arm64/palette.o.scan -- /Applications/Xcode.app/Contents/Developer/Toolchains/XcodeDefault.xctoolchain/usr/bin/clang -x c -ivfsstatcache /Users/jasonlee/Library/Developer/Xcode/DerivedData/SDKStatCaches.noindex/macosx26.4-25E251-30f9ca8789b706f8bd3fc906a70d770f.sdkstatcache -target arm64-apple-macos10.15 -fmessage-length\=0 -fdiagnostics-show-note-include-stack -fmacro-backtrace-limit\=0 -fno-color-diagnostics -fmodules-prune-interval\=86400 -fmodules-prune-after\=345600 -fbuild-session-file\=/Users/jasonlee/Library/Developer/Xcode/DerivedData/ModuleCache.noindex/Session.modulevalidation -fmodules-validate-once-per-build-session -Wnon-modular-include-in-framework-module -Werror\=non-modular-include-in-framework-module -Wno-trigraphs -Wno-missing-field-initializers -Wno-missing-prototypes -Wno-return-type -Wno-missing-braces -Wparentheses -Wswitch -Wno-unused-function -Wno-unused-label -Wno-unused-parameter -Wno-unused-variable -Wunused-value -Wno-empty-body -Wno-uninitialized -Wno-unknown-pragmas -w -Wno-shadow -Wno-four-char-constants -Wno-conversion -Wno-constant-conversion -Wno-int-conversion -Wno-bool-conversion -Wno-enum-conversion -Wno-float-conversion -Wno-non-literal-null-conversion -Wno-objc-literal-conversion -Wshorten-64-to-32 -Wpointer-sign -Wno-newline-eof -Wno-implicit-fallthrough -isysroot /Applications/Xcode.app/Contents/Developer/Platforms/MacOSX.platform/Developer/SDKs/MacOSX26.4.sdk -fstrict-aliasing -Wdeprecated-declarations -Wno-sign-conversion -Wno-infinite-recursion -Wno-comma -Wno-block-capture-autoreleasing -Wno-strict-prototypes -Wno-semicolon-before-method-body @/Users/jasonlee/Library/Developer/Xcode/DerivedData/Notch-ddzsfiyxyoauidejndllmosklbkq/Build/Intermediates.noindex/PostHog.build/Release/phlibwebp.build/Objects-normal/arm64/7187679823f38a2a940e0043cdf9d637-common-args.resp -MMD -MT dependencies -MF /Users/jasonlee/Library/Developer/Xcode/DerivedData/Notch-ddzsfiyxyoauidejndllmosklbkq/Build/Intermediates.noindex/PostHog.build/Release/phlibwebp.build/Objects-normal/arm64/palette.d --serialize-diagnostics /Users/jasonlee/Library/Developer/Xcode/DerivedData/Notch-ddzsfiyxyoauidejndllmosklbkq/Build/Intermediates.noindex/PostHog.build/Release/phlibwebp.build/Objects-normal/arm64/palette.dia -c /Users/jasonlee/Library/Developer/Xcode/DerivedData/Notch-ddzsfiyxyoauidejndllmosklbkq/SourcePackages/checkouts/posthog-ios/vendor/libwebp/palette.c -o /Users/jasonlee/Library/Developer/Xcode/DerivedData/Notch-ddzsfiyxyoauidejndllmosklbkq/Build/Intermediates.noindex/PostHog.build/Release/phlibwebp.build/Objects-normal/arm64/palette.o

ScanDependencies /Users/jasonlee/Library/Developer/Xcode/DerivedData/Notch-ddzsfiyxyoauidejndllmosklbkq/Build/Intermediates.noindex/PostHog.build/Release/phlibwebp.build/Objects-normal/arm64/near_lossless_enc.o /Users/jasonlee/Library/Developer/Xcode/DerivedData/Notch-ddzsfiyxyoauidejndllmosklbkq/SourcePackages/checkouts/posthog-ios/vendor/libwebp/near_lossless_enc.c normal arm64 c com.apple.compilers.llvm.clang.1_0.compiler (in target 'phlibwebp' from project 'PostHog')
    cd /Users/jasonlee/Coding/App/Notch/Notch.xcodeproj
    
    Using response file: /Users/jasonlee/Library/Developer/Xcode/DerivedData/Notch-ddzsfiyxyoauidejndllmosklbkq/Build/Intermediates.noindex/PostHog.build/Release/phlibwebp.build/Objects-normal/arm64/7187679823f38a2a940e0043cdf9d637-common-args.resp
    
    builtin-ScanDependencies -o /Users/jasonlee/Library/Developer/Xcode/DerivedData/Notch-ddzsfiyxyoauidejndllmosklbkq/Build/Intermediates.noindex/PostHog.build/Release/phlibwebp.build/Objects-normal/arm64/near_lossless_enc.o.scan -- /Applications/Xcode.app/Contents/Developer/Toolchains/XcodeDefault.xctoolchain/usr/bin/clang -x c -ivfsstatcache /Users/jasonlee/Library/Developer/Xcode/DerivedData/SDKStatCaches.noindex/macosx26.4-25E251-30f9ca8789b706f8bd3fc906a70d770f.sdkstatcache -target arm64-apple-macos10.15 -fmessage-length\=0 -fdiagnostics-show-note-include-stack -fmacro-backtrace-limit\=0 -fno-color-diagnostics -fmodules-prune-interval\=86400 -fmodules-prune-after\=345600 -fbuild-session-file\=/Users/jasonlee/Library/Developer/Xcode/DerivedData/ModuleCache.noindex/Session.modulevalidation -fmodules-validate-once-per-build-session -Wnon-modular-include-in-framework-module -Werror\=non-modular-include-in-framework-module -Wno-trigraphs -Wno-missing-field-initializers -Wno-missing-prototypes -Wno-return-type -Wno-missing-braces -Wparentheses -Wswitch -Wno-unused-function -Wno-unused-label -Wno-unused-parameter -Wno-unused-variable -Wunused-value -Wno-empty-body -Wno-uninitialized -Wno-unknown-pragmas -w -Wno-shadow -Wno-four-char-constants -Wno-conversion -Wno-constant-conversion -Wno-int-conversion -Wno-bool-conversion -Wno-enum-conversion -Wno-float-conversion -Wno-non-literal-null-conversion -Wno-objc-literal-conversion -Wshorten-64-to-32 -Wpointer-sign -Wno-newline-eof -Wno-implicit-fallthrough -isysroot /Applications/Xcode.app/Contents/Developer/Platforms/MacOSX.platform/Developer/SDKs/MacOSX26.4.sdk -fstrict-aliasing -Wdeprecated-declarations -Wno-sign-conversion -Wno-infinite-recursion -Wno-comma -Wno-block-capture-autoreleasing -Wno-strict-prototypes -Wno-semicolon-before-method-body @/Users/jasonlee/Library/Developer/Xcode/DerivedData/Notch-ddzsfiyxyoauidejndllmosklbkq/Build/Intermediates.noindex/PostHog.build/Release/phlibwebp.build/Objects-normal/arm64/7187679823f38a2a940e0043cdf9d637-common-args.resp -MMD -MT dependencies -MF /Users/jasonlee/Library/Developer/Xcode/DerivedData/Notch-ddzsfiyxyoauidejndllmosklbkq/Build/Intermediates.noindex/PostHog.build/Release/phlibwebp.build/Objects-normal/arm64/near_lossless_enc.d --serialize-diagnostics /Users/jasonlee/Library/Developer/Xcode/DerivedData/Notch-ddzsfiyxyoauidejndllmosklbkq/Build/Intermediates.noindex/PostHog.build/Release/phlibwebp.build/Objects-normal/arm64/near_lossless_enc.dia -c /Users/jasonlee/Library/Developer/Xcode/DerivedData/Notch-ddzsfiyxyoauidejndllmosklbkq/SourcePackages/checkouts/posthog-ios/vendor/libwebp/near_lossless_enc.c -o /Users/jasonlee/Library/Developer/Xcode/DerivedData/Notch-ddzsfiyxyoauidejndllmosklbkq/Build/Intermediates.noindex/PostHog.build/Release/phlibwebp.build/Objects-normal/arm64/near_lossless_enc.o

ScanDependencies /Users/jasonlee/Library/Developer/Xcode/DerivedData/Notch-ddzsfiyxyoauidejndllmosklbkq/Build/Intermediates.noindex/PostHog.build/Release/phlibwebp.build/Objects-normal/arm64/muxread.o /Users/jasonlee/Library/Developer/Xcode/DerivedData/Notch-ddzsfiyxyoauidejndllmosklbkq/SourcePackages/checkouts/posthog-ios/vendor/libwebp/muxread.c normal arm64 c com.apple.compilers.llvm.clang.1_0.compiler (in target 'phlibwebp' from project 'PostHog')
    cd /Users/jasonlee/Coding/App/Notch/Notch.xcodeproj
    
    Using response file: /Users/jasonlee/Library/Developer/Xcode/DerivedData/Notch-ddzsfiyxyoauidejndllmosklbkq/Build/Intermediates.noindex/PostHog.build/Release/phlibwebp.build/Objects-normal/arm64/7187679823f38a2a940e0043cdf9d637-common-args.resp
    
    builtin-ScanDependencies -o /Users/jasonlee/Library/Developer/Xcode/DerivedData/Notch-ddzsfiyxyoauidejndllmosklbkq/Build/Intermediates.noindex/PostHog.build/Release/phlibwebp.build/Objects-normal/arm64/muxread.o.scan -- /Applications/Xcode.app/Contents/Developer/Toolchains/XcodeDefault.xctoolchain/usr/bin/clang -x c -ivfsstatcache /Users/jasonlee/Library/Developer/Xcode/DerivedData/SDKStatCaches.noindex/macosx26.4-25E251-30f9ca8789b706f8bd3fc906a70d770f.sdkstatcache -target arm64-apple-macos10.15 -fmessage-length\=0 -fdiagnostics-show-note-include-stack -fmacro-backtrace-limit\=0 -fno-color-diagnostics -fmodules-prune-interval\=86400 -fmodules-prune-after\=345600 -fbuild-session-file\=/Users/jasonlee/Library/Developer/Xcode/DerivedData/ModuleCache.noindex/Session.modulevalidation -fmodules-validate-once-per-build-session -Wnon-modular-include-in-framework-module -Werror\=non-modular-include-in-framework-module -Wno-trigraphs -Wno-missing-field-initializers -Wno-missing-prototypes -Wno-return-type -Wno-missing-braces -Wparentheses -Wswitch -Wno-unused-function -Wno-unused-label -Wno-unused-parameter -Wno-unused-variable -Wunused-value -Wno-empty-body -Wno-uninitialized -Wno-unknown-pragmas -w -Wno-shadow -Wno-four-char-constants -Wno-conversion -Wno-constant-conversion -Wno-int-conversion -Wno-bool-conversion -Wno-enum-conversion -Wno-float-conversion -Wno-non-literal-null-conversion -Wno-objc-literal-conversion -Wshorten-64-to-32 -Wpointer-sign -Wno-newline-eof -Wno-implicit-fallthrough -isysroot /Applications/Xcode.app/Contents/Developer/Platforms/MacOSX.platform/Developer/SDKs/MacOSX26.4.sdk -fstrict-aliasing -Wdeprecated-declarations -Wno-sign-conversion -Wno-infinite-recursion -Wno-comma -Wno-block-capture-autoreleasing -Wno-strict-prototypes -Wno-semicolon-before-method-body @/Users/jasonlee/Library/Developer/Xcode/DerivedData/Notch-ddzsfiyxyoauidejndllmosklbkq/Build/Intermediates.noindex/PostHog.build/Release/phlibwebp.build/Objects-normal/arm64/7187679823f38a2a940e0043cdf9d637-common-args.resp -MMD -MT dependencies -MF /Users/jasonlee/Library/Developer/Xcode/DerivedData/Notch-ddzsfiyxyoauidejndllmosklbkq/Build/Intermediates.noindex/PostHog.build/Release/phlibwebp.build/Objects-normal/arm64/muxread.d --serialize-diagnostics /Users/jasonlee/Library/Developer/Xcode/DerivedData/Notch-ddzsfiyxyoauidejndllmosklbkq/Build/Intermediates.noindex/PostHog.build/Release/phlibwebp.build/Objects-normal/arm64/muxread.dia -c /Users/jasonlee/Library/Developer/Xcode/DerivedData/Notch-ddzsfiyxyoauidejndllmosklbkq/SourcePackages/checkouts/posthog-ios/vendor/libwebp/muxread.c -o /Users/jasonlee/Library/Developer/Xcode/DerivedData/Notch-ddzsfiyxyoauidejndllmosklbkq/Build/Intermediates.noindex/PostHog.build/Release/phlibwebp.build/Objects-normal/arm64/muxread.o

PrecompileModule /Users/jasonlee/Library/Developer/Xcode/DerivedData/Notch-ddzsfiyxyoauidejndllmosklbkq/Build/Intermediates.noindex/ExplicitPrecompiledModules/_Builtin_stdint-BCWQXZC7ZXS5JA67JTNTE6MP.scan
    cd /
    builtin-precompileModule /Users/jasonlee/Library/Developer/Xcode/DerivedData/Notch-ddzsfiyxyoauidejndllmosklbkq/Build/Intermediates.noindex/ExplicitPrecompiledModules/_Builtin_stdint-BCWQXZC7ZXS5JA67JTNTE6MP.scan

ScanDependencies /Users/jasonlee/Library/Developer/Xcode/DerivedData/Notch-ddzsfiyxyoauidejndllmosklbkq/Build/Intermediates.noindex/PostHog.build/Release/phlibwebp.build/Objects-normal/arm64/muxinternal.o /Users/jasonlee/Library/Developer/Xcode/DerivedData/Notch-ddzsfiyxyoauidejndllmosklbkq/SourcePackages/checkouts/posthog-ios/vendor/libwebp/muxinternal.c normal arm64 c com.apple.compilers.llvm.clang.1_0.compiler (in target 'phlibwebp' from project 'PostHog')
    cd /Users/jasonlee/Coding/App/Notch/Notch.xcodeproj
    
    Using response file: /Users/jasonlee/Library/Developer/Xcode/DerivedData/Notch-ddzsfiyxyoauidejndllmosklbkq/Build/Intermediates.noindex/PostHog.build/Release/phlibwebp.build/Objects-normal/arm64/7187679823f38a2a940e0043cdf9d637-common-args.resp
    
    builtin-ScanDependencies -o /Users/jasonlee/Library/Developer/Xcode/DerivedData/Notch-ddzsfiyxyoauidejndllmosklbkq/Build/Intermediates.noindex/PostHog.build/Release/phlibwebp.build/Objects-normal/arm64/muxinternal.o.scan -- /Applications/Xcode.app/Contents/Developer/Toolchains/XcodeDefault.xctoolchain/usr/bin/clang -x c -ivfsstatcache /Users/jasonlee/Library/Developer/Xcode/DerivedData/SDKStatCaches.noindex/macosx26.4-25E251-30f9ca8789b706f8bd3fc906a70d770f.sdkstatcache -target arm64-apple-macos10.15 -fmessage-length\=0 -fdiagnostics-show-note-include-stack -fmacro-backtrace-limit\=0 -fno-color-diagnostics -fmodules-prune-interval\=86400 -fmodules-prune-after\=345600 -fbuild-session-file\=/Users/jasonlee/Library/Developer/Xcode/DerivedData/ModuleCache.noindex/Session.modulevalidation -fmodules-validate-once-per-build-session -Wnon-modular-include-in-framework-module -Werror\=non-modular-include-in-framework-module -Wno-trigraphs -Wno-missing-field-initializers -Wno-missing-prototypes -Wno-return-type -Wno-missing-braces -Wparentheses -Wswitch -Wno-unused-function -Wno-unused-label -Wno-unused-parameter -Wno-unused-variable -Wunused-value -Wno-empty-body -Wno-uninitialized -Wno-unknown-pragmas -w -Wno-shadow -Wno-four-char-constants -Wno-conversion -Wno-constant-conversion -Wno-int-conversion -Wno-bool-conversion -Wno-enum-conversion -Wno-float-conversion -Wno-non-literal-null-conversion -Wno-objc-literal-conversion -Wshorten-64-to-32 -Wpointer-sign -Wno-newline-eof -Wno-implicit-fallthrough -isysroot /Applications/Xcode.app/Contents/Developer/Platforms/MacOSX.platform/Developer/SDKs/MacOSX26.4.sdk -fstrict-aliasing -Wdeprecated-declarations -Wno-sign-conversion -Wno-infinite-recursion -Wno-comma -Wno-block-capture-autoreleasing -Wno-strict-prototypes -Wno-semicolon-before-method-body @/Users/jasonlee/Library/Developer/Xcode/DerivedData/Notch-ddzsfiyxyoauidejndllmosklbkq/Build/Intermediates.noindex/PostHog.build/Release/phlibwebp.build/Objects-normal/arm64/7187679823f38a2a940e0043cdf9d637-common-args.resp -MMD -MT dependencies -MF /Users/jasonlee/Library/Developer/Xcode/DerivedData/Notch-ddzsfiyxyoauidejndllmosklbkq/Build/Intermediates.noindex/PostHog.build/Release/phlibwebp.build/Objects-normal/arm64/muxinternal.d --serialize-diagnostics /Users/jasonlee/Library/Developer/Xcode/DerivedData/Notch-ddzsfiyxyoauidejndllmosklbkq/Build/Intermediates.noindex/PostHog.build/Release/phlibwebp.build/Objects-normal/arm64/muxinternal.dia -c /Users/jasonlee/Library/Developer/Xcode/DerivedData/Notch-ddzsfiyxyoauidejndllmosklbkq/SourcePackages/checkouts/posthog-ios/vendor/libwebp/muxinternal.c -o /Users/jasonlee/Library/Developer/Xcode/DerivedData/Notch-ddzsfiyxyoauidejndllmosklbkq/Build/Intermediates.noindex/PostHog.build/Release/phlibwebp.build/Objects-normal/arm64/muxinternal.o

ScanDependencies /Users/jasonlee/Library/Developer/Xcode/DerivedData/Notch-ddzsfiyxyoauidejndllmosklbkq/Build/Intermediates.noindex/PostHog.build/Release/phlibwebp.build/Objects-normal/arm64/muxedit.o /Users/jasonlee/Library/Developer/Xcode/DerivedData/Notch-ddzsfiyxyoauidejndllmosklbkq/SourcePackages/checkouts/posthog-ios/vendor/libwebp/muxedit.c normal arm64 c com.apple.compilers.llvm.clang.1_0.compiler (in target 'phlibwebp' from project 'PostHog')
    cd /Users/jasonlee/Coding/App/Notch/Notch.xcodeproj
    
    Using response file: /Users/jasonlee/Library/Developer/Xcode/DerivedData/Notch-ddzsfiyxyoauidejndllmosklbkq/Build/Intermediates.noindex/PostHog.build/Release/phlibwebp.build/Objects-normal/arm64/7187679823f38a2a940e0043cdf9d637-common-args.resp
    
    builtin-ScanDependencies -o /Users/jasonlee/Library/Developer/Xcode/DerivedData/Notch-ddzsfiyxyoauidejndllmosklbkq/Build/Intermediates.noindex/PostHog.build/Release/phlibwebp.build/Objects-normal/arm64/muxedit.o.scan -- /Applications/Xcode.app/Contents/Developer/Toolchains/XcodeDefault.xctoolchain/usr/bin/clang -x c -ivfsstatcache /Users/jasonlee/Library/Developer/Xcode/DerivedData/SDKStatCaches.noindex/macosx26.4-25E251-30f9ca8789b706f8bd3fc906a70d770f.sdkstatcache -target arm64-apple-macos10.15 -fmessage-length\=0 -fdiagnostics-show-note-include-stack -fmacro-backtrace-limit\=0 -fno-color-diagnostics -fmodules-prune-interval\=86400 -fmodules-prune-after\=345600 -fbuild-session-file\=/Users/jasonlee/Library/Developer/Xcode/DerivedData/ModuleCache.noindex/Session.modulevalidation -fmodules-validate-once-per-build-session -Wnon-modular-include-in-framework-module -Werror\=non-modular-include-in-framework-module -Wno-trigraphs -Wno-missing-field-initializers -Wno-missing-prototypes -Wno-return-type -Wno-missing-braces -Wparentheses -Wswitch -Wno-unused-function -Wno-unused-label -Wno-unused-parameter -Wno-unused-variable -Wunused-value -Wno-empty-body -Wno-uninitialized -Wno-unknown-pragmas -w -Wno-shadow -Wno-four-char-constants -Wno-conversion -Wno-constant-conversion -Wno-int-conversion -Wno-bool-conversion -Wno-enum-conversion -Wno-float-conversion -Wno-non-literal-null-conversion -Wno-objc-literal-conversion -Wshorten-64-to-32 -Wpointer-sign -Wno-newline-eof -Wno-implicit-fallthrough -isysroot /Applications/Xcode.app/Contents/Developer/Platforms/MacOSX.platform/Developer/SDKs/MacOSX26.4.sdk -fstrict-aliasing -Wdeprecated-declarations -Wno-sign-conversion -Wno-infinite-recursion -Wno-comma -Wno-block-capture-autoreleasing -Wno-strict-prototypes -Wno-semicolon-before-method-body @/Users/jasonlee/Library/Developer/Xcode/DerivedData/Notch-ddzsfiyxyoauidejndllmosklbkq/Build/Intermediates.noindex/PostHog.build/Release/phlibwebp.build/Objects-normal/arm64/7187679823f38a2a940e0043cdf9d637-common-args.resp -MMD -MT dependencies -MF /Users/jasonlee/Library/Developer/Xcode/DerivedData/Notch-ddzsfiyxyoauidejndllmosklbkq/Build/Intermediates.noindex/PostHog.build/Release/phlibwebp.build/Objects-normal/arm64/muxedit.d --serialize-diagnostics /Users/jasonlee/Library/Developer/Xcode/DerivedData/Notch-ddzsfiyxyoauidejndllmosklbkq/Build/Intermediates.noindex/PostHog.build/Release/phlibwebp.build/Objects-normal/arm64/muxedit.dia -c /Users/jasonlee/Library/Developer/Xcode/DerivedData/Notch-ddzsfiyxyoauidejndllmosklbkq/SourcePackages/checkouts/posthog-ios/vendor/libwebp/muxedit.c -o /Users/jasonlee/Library/Developer/Xcode/DerivedData/Notch-ddzsfiyxyoauidejndllmosklbkq/Build/Intermediates.noindex/PostHog.build/Release/phlibwebp.build/Objects-normal/arm64/muxedit.o

ScanDependencies /Users/jasonlee/Library/Developer/Xcode/DerivedData/Notch-ddzsfiyxyoauidejndllmosklbkq/Build/Intermediates.noindex/PostHog.build/Release/phlibwebp.build/Objects-normal/arm64/lossless_sse41.o /Users/jasonlee/Library/Developer/Xcode/DerivedData/Notch-ddzsfiyxyoauidejndllmosklbkq/SourcePackages/checkouts/posthog-ios/vendor/libwebp/lossless_sse41.c normal arm64 c com.apple.compilers.llvm.clang.1_0.compiler (in target 'phlibwebp' from project 'PostHog')
    cd /Users/jasonlee/Coding/App/Notch/Notch.xcodeproj
    
    Using response file: /Users/jasonlee/Library/Developer/Xcode/DerivedData/Notch-ddzsfiyxyoauidejndllmosklbkq/Build/Intermediates.noindex/PostHog.build/Release/phlibwebp.build/Objects-normal/arm64/7187679823f38a2a940e0043cdf9d637-common-args.resp
    
    builtin-ScanDependencies -o /Users/jasonlee/Library/Developer/Xcode/DerivedData/Notch-ddzsfiyxyoauidejndllmosklbkq/Build/Intermediates.noindex/PostHog.build/Release/phlibwebp.build/Objects-normal/arm64/lossless_sse41.o.scan -- /Applications/Xcode.app/Contents/Developer/Toolchains/XcodeDefault.xctoolchain/usr/bin/clang -x c -ivfsstatcache /Users/jasonlee/Library/Developer/Xcode/DerivedData/SDKStatCaches.noindex/macosx26.4-25E251-30f9ca8789b706f8bd3fc906a70d770f.sdkstatcache -target arm64-apple-macos10.15 -fmessage-length\=0 -fdiagnostics-show-note-include-stack -fmacro-backtrace-limit\=0 -fno-color-diagnostics -fmodules-prune-interval\=86400 -fmodules-prune-after\=345600 -fbuild-session-file\=/Users/jasonlee/Library/Developer/Xcode/DerivedData/ModuleCache.noindex/Session.modulevalidation -fmodules-validate-once-per-build-session -Wnon-modular-include-in-framework-module -Werror\=non-modular-include-in-framework-module -Wno-trigraphs -Wno-missing-field-initializers -Wno-missing-prototypes -Wno-return-type -Wno-missing-braces -Wparentheses -Wswitch -Wno-unused-function -Wno-unused-label -Wno-unused-parameter -Wno-unused-variable -Wunused-value -Wno-empty-body -Wno-uninitialized -Wno-unknown-pragmas -w -Wno-shadow -Wno-four-char-constants -Wno-conversion -Wno-constant-conversion -Wno-int-conversion -Wno-bool-conversion -Wno-enum-conversion -Wno-float-conversion -Wno-non-literal-null-conversion -Wno-objc-literal-conversion -Wshorten-64-to-32 -Wpointer-sign -Wno-newline-eof -Wno-implicit-fallthrough -isysroot /Applications/Xcode.app/Contents/Developer/Platforms/MacOSX.platform/Developer/SDKs/MacOSX26.4.sdk -fstrict-aliasing -Wdeprecated-declarations -Wno-sign-conversion -Wno-infinite-recursion -Wno-comma -Wno-block-capture-autoreleasing -Wno-strict-prototypes -Wno-semicolon-before-method-body @/Users/jasonlee/Library/Developer/Xcode/DerivedData/Notch-ddzsfiyxyoauidejndllmosklbkq/Build/Intermediates.noindex/PostHog.build/Release/phlibwebp.build/Objects-normal/arm64/7187679823f38a2a940e0043cdf9d637-common-args.resp -MMD -MT dependencies -MF /Users/jasonlee/Library/Developer/Xcode/DerivedData/Notch-ddzsfiyxyoauidejndllmosklbkq/Build/Intermediates.noindex/PostHog.build/Release/phlibwebp.build/Objects-normal/arm64/lossless_sse41.d --serialize-diagnostics /Users/jasonlee/Library/Developer/Xcode/DerivedData/Notch-ddzsfiyxyoauidejndllmosklbkq/Build/Intermediates.noindex/PostHog.build/Release/phlibwebp.build/Objects-normal/arm64/lossless_sse41.dia -c /Users/jasonlee/Library/Developer/Xcode/DerivedData/Notch-ddzsfiyxyoauidejndllmosklbkq/SourcePackages/checkouts/posthog-ios/vendor/libwebp/lossless_sse41.c -o /Users/jasonlee/Library/Developer/Xcode/DerivedData/Notch-ddzsfiyxyoauidejndllmosklbkq/Build/Intermediates.noindex/PostHog.build/Release/phlibwebp.build/Objects-normal/arm64/lossless_sse41.o

ScanDependencies /Users/jasonlee/Library/Developer/Xcode/DerivedData/Notch-ddzsfiyxyoauidejndllmosklbkq/Build/Intermediates.noindex/PostHog.build/Release/phlibwebp.build/Objects-normal/arm64/lossless_sse2.o /Users/jasonlee/Library/Developer/Xcode/DerivedData/Notch-ddzsfiyxyoauidejndllmosklbkq/SourcePackages/checkouts/posthog-ios/vendor/libwebp/lossless_sse2.c normal arm64 c com.apple.compilers.llvm.clang.1_0.compiler (in target 'phlibwebp' from project 'PostHog')
    cd /Users/jasonlee/Coding/App/Notch/Notch.xcodeproj
    
    Using response file: /Users/jasonlee/Library/Developer/Xcode/DerivedData/Notch-ddzsfiyxyoauidejndllmosklbkq/Build/Intermediates.noindex/PostHog.build/Release/phlibwebp.build/Objects-normal/arm64/7187679823f38a2a940e0043cdf9d637-common-args.resp
    
    builtin-ScanDependencies -o /Users/jasonlee/Library/Developer/Xcode/DerivedData/Notch-ddzsfiyxyoauidejndllmosklbkq/Build/Intermediates.noindex/PostHog.build/Release/phlibwebp.build/Objects-normal/arm64/lossless_sse2.o.scan -- /Applications/Xcode.app/Contents/Developer/Toolchains/XcodeDefault.xctoolchain/usr/bin/clang -x c -ivfsstatcache /Users/jasonlee/Library/Developer/Xcode/DerivedData/SDKStatCaches.noindex/macosx26.4-25E251-30f9ca8789b706f8bd3fc906a70d770f.sdkstatcache -target arm64-apple-macos10.15 -fmessage-length\=0 -fdiagnostics-show-note-include-stack -fmacro-backtrace-limit\=0 -fno-color-diagnostics -fmodules-prune-interval\=86400 -fmodules-prune-after\=345600 -fbuild-session-file\=/Users/jasonlee/Library/Developer/Xcode/DerivedData/ModuleCache.noindex/Session.modulevalidation -fmodules-validate-once-per-build-session -Wnon-modular-include-in-framework-module -Werror\=non-modular-include-in-framework-module -Wno-trigraphs -Wno-missing-field-initializers -Wno-missing-prototypes -Wno-return-type -Wno-missing-braces -Wparentheses -Wswitch -Wno-unused-function -Wno-unused-label -Wno-unused-parameter -Wno-unused-variable -Wunused-value -Wno-empty-body -Wno-uninitialized -Wno-unknown-pragmas -w -Wno-shadow -Wno-four-char-constants -Wno-conversion -Wno-constant-conversion -Wno-int-conversion -Wno-bool-conversion -Wno-enum-conversion -Wno-float-conversion -Wno-non-literal-null-conversion -Wno-objc-literal-conversion -Wshorten-64-to-32 -Wpointer-sign -Wno-newline-eof -Wno-implicit-fallthrough -isysroot /Applications/Xcode.app/Contents/Developer/Platforms/MacOSX.platform/Developer/SDKs/MacOSX26.4.sdk -fstrict-aliasing -Wdeprecated-declarations -Wno-sign-conversion -Wno-infinite-recursion -Wno-comma -Wno-block-capture-autoreleasing -Wno-strict-prototypes -Wno-semicolon-before-method-body @/Users/jasonlee/Library/Developer/Xcode/DerivedData/Notch-ddzsfiyxyoauidejndllmosklbkq/Build/Intermediates.noindex/PostHog.build/Release/phlibwebp.build/Objects-normal/arm64/7187679823f38a2a940e0043cdf9d637-common-args.resp -MMD -MT dependencies -MF /Users/jasonlee/Library/Developer/Xcode/DerivedData/Notch-ddzsfiyxyoauidejndllmosklbkq/Build/Intermediates.noindex/PostHog.build/Release/phlibwebp.build/Objects-normal/arm64/lossless_sse2.d --serialize-diagnostics /Users/jasonlee/Library/Developer/Xcode/DerivedData/Notch-ddzsfiyxyoauidejndllmosklbkq/Build/Intermediates.noindex/PostHog.build/Release/phlibwebp.build/Objects-normal/arm64/lossless_sse2.dia -c /Users/jasonlee/Library/Developer/Xcode/DerivedData/Notch-ddzsfiyxyoauidejndllmosklbkq/SourcePackages/checkouts/posthog-ios/vendor/libwebp/lossless_sse2.c -o /Users/jasonlee/Library/Developer/Xcode/DerivedData/Notch-ddzsfiyxyoauidejndllmosklbkq/Build/Intermediates.noindex/PostHog.build/Release/phlibwebp.build/Objects-normal/arm64/lossless_sse2.o

ScanDependencies /Users/jasonlee/Library/Developer/Xcode/DerivedData/Notch-ddzsfiyxyoauidejndllmosklbkq/Build/Intermediates.noindex/PostHog.build/Release/phlibwebp.build/Objects-normal/arm64/lossless_neon.o /Users/jasonlee/Library/Developer/Xcode/DerivedData/Notch-ddzsfiyxyoauidejndllmosklbkq/SourcePackages/checkouts/posthog-ios/vendor/libwebp/lossless_neon.c normal arm64 c com.apple.compilers.llvm.clang.1_0.compiler (in target 'phlibwebp' from project 'PostHog')
    cd /Users/jasonlee/Coding/App/Notch/Notch.xcodeproj
    
    Using response file: /Users/jasonlee/Library/Developer/Xcode/DerivedData/Notch-ddzsfiyxyoauidejndllmosklbkq/Build/Intermediates.noindex/PostHog.build/Release/phlibwebp.build/Objects-normal/arm64/7187679823f38a2a940e0043cdf9d637-common-args.resp
    
    builtin-ScanDependencies -o /Users/jasonlee/Library/Developer/Xcode/DerivedData/Notch-ddzsfiyxyoauidejndllmosklbkq/Build/Intermediates.noindex/PostHog.build/Release/phlibwebp.build/Objects-normal/arm64/lossless_neon.o.scan -- /Applications/Xcode.app/Contents/Developer/Toolchains/XcodeDefault.xctoolchain/usr/bin/clang -x c -ivfsstatcache /Users/jasonlee/Library/Developer/Xcode/DerivedData/SDKStatCaches.noindex/macosx26.4-25E251-30f9ca8789b706f8bd3fc906a70d770f.sdkstatcache -target arm64-apple-macos10.15 -fmessage-length\=0 -fdiagnostics-show-note-include-stack -fmacro-backtrace-limit\=0 -fno-color-diagnostics -fmodules-prune-interval\=86400 -fmodules-prune-after\=345600 -fbuild-session-file\=/Users/jasonlee/Library/Developer/Xcode/DerivedData/ModuleCache.noindex/Session.modulevalidation -fmodules-validate-once-per-build-session -Wnon-modular-include-in-framework-module -Werror\=non-modular-include-in-framework-module -Wno-trigraphs -Wno-missing-field-initializers -Wno-missing-prototypes -Wno-return-type -Wno-missing-braces -Wparentheses -Wswitch -Wno-unused-function -Wno-unused-label -Wno-unused-parameter -Wno-unused-variable -Wunused-value -Wno-empty-body -Wno-uninitialized -Wno-unknown-pragmas -w -Wno-shadow -Wno-four-char-constants -Wno-conversion -Wno-constant-conversion -Wno-int-conversion -Wno-bool-conversion -Wno-enum-conversion -Wno-float-conversion -Wno-non-literal-null-conversion -Wno-objc-literal-conversion -Wshorten-64-to-32 -Wpointer-sign -Wno-newline-eof -Wno-implicit-fallthrough -isysroot /Applications/Xcode.app/Contents/Developer/Platforms/MacOSX.platform/Developer/SDKs/MacOSX26.4.sdk -fstrict-aliasing -Wdeprecated-declarations -Wno-sign-conversion -Wno-infinite-recursion -Wno-comma -Wno-block-capture-autoreleasing -Wno-strict-prototypes -Wno-semicolon-before-method-body @/Users/jasonlee/Library/Developer/Xcode/DerivedData/Notch-ddzsfiyxyoauidejndllmosklbkq/Build/Intermediates.noindex/PostHog.build/Release/phlibwebp.build/Objects-normal/arm64/7187679823f38a2a940e0043cdf9d637-common-args.resp -MMD -MT dependencies -MF /Users/jasonlee/Library/Developer/Xcode/DerivedData/Notch-ddzsfiyxyoauidejndllmosklbkq/Build/Intermediates.noindex/PostHog.build/Release/phlibwebp.build/Objects-normal/arm64/lossless_neon.d --serialize-diagnostics /Users/jasonlee/Library/Developer/Xcode/DerivedData/Notch-ddzsfiyxyoauidejndllmosklbkq/Build/Intermediates.noindex/PostHog.build/Release/phlibwebp.build/Objects-normal/arm64/lossless_neon.dia -c /Users/jasonlee/Library/Developer/Xcode/DerivedData/Notch-ddzsfiyxyoauidejndllmosklbkq/SourcePackages/checkouts/posthog-ios/vendor/libwebp/lossless_neon.c -o /Users/jasonlee/Library/Developer/Xcode/DerivedData/Notch-ddzsfiyxyoauidejndllmosklbkq/Build/Intermediates.noindex/PostHog.build/Release/phlibwebp.build/Objects-normal/arm64/lossless_neon.o

ScanDependencies /Users/jasonlee/Library/Developer/Xcode/DerivedData/Notch-ddzsfiyxyoauidejndllmosklbkq/Build/Intermediates.noindex/PostHog.build/Release/phlibwebp.build/Objects-normal/arm64/lossless_enc_sse41.o /Users/jasonlee/Library/Developer/Xcode/DerivedData/Notch-ddzsfiyxyoauidejndllmosklbkq/SourcePackages/checkouts/posthog-ios/vendor/libwebp/lossless_enc_sse41.c normal arm64 c com.apple.compilers.llvm.clang.1_0.compiler (in target 'phlibwebp' from project 'PostHog')
    cd /Users/jasonlee/Coding/App/Notch/Notch.xcodeproj
    
    Using response file: /Users/jasonlee/Library/Developer/Xcode/DerivedData/Notch-ddzsfiyxyoauidejndllmosklbkq/Build/Intermediates.noindex/PostHog.build/Release/phlibwebp.build/Objects-normal/arm64/7187679823f38a2a940e0043cdf9d637-common-args.resp
    
    builtin-ScanDependencies -o /Users/jasonlee/Library/Developer/Xcode/DerivedData/Notch-ddzsfiyxyoauidejndllmosklbkq/Build/Intermediates.noindex/PostHog.build/Release/phlibwebp.build/Objects-normal/arm64/lossless_enc_sse41.o.scan -- /Applications/Xcode.app/Contents/Developer/Toolchains/XcodeDefault.xctoolchain/usr/bin/clang -x c -ivfsstatcache /Users/jasonlee/Library/Developer/Xcode/DerivedData/SDKStatCaches.noindex/macosx26.4-25E251-30f9ca8789b706f8bd3fc906a70d770f.sdkstatcache -target arm64-apple-macos10.15 -fmessage-length\=0 -fdiagnostics-show-note-include-stack -fmacro-backtrace-limit\=0 -fno-color-diagnostics -fmodules-prune-interval\=86400 -fmodules-prune-after\=345600 -fbuild-session-file\=/Users/jasonlee/Library/Developer/Xcode/DerivedData/ModuleCache.noindex/Session.modulevalidation -fmodules-validate-once-per-build-session -Wnon-modular-include-in-framework-module -Werror\=non-modular-include-in-framework-module -Wno-trigraphs -Wno-missing-field-initializers -Wno-missing-prototypes -Wno-return-type -Wno-missing-braces -Wparentheses -Wswitch -Wno-unused-function -Wno-unused-label -Wno-unused-parameter -Wno-unused-variable -Wunused-value -Wno-empty-body -Wno-uninitialized -Wno-unknown-pragmas -w -Wno-shadow -Wno-four-char-constants -Wno-conversion -Wno-constant-conversion -Wno-int-conversion -Wno-bool-conversion -Wno-enum-conversion -Wno-float-conversion -Wno-non-literal-null-conversion -Wno-objc-literal-conversion -Wshorten-64-to-32 -Wpointer-sign -Wno-newline-eof -Wno-implicit-fallthrough -isysroot /Applications/Xcode.app/Contents/Developer/Platforms/MacOSX.platform/Developer/SDKs/MacOSX26.4.sdk -fstrict-aliasing -Wdeprecated-declarations -Wno-sign-conversion -Wno-infinite-recursion -Wno-comma -Wno-block-capture-autoreleasing -Wno-strict-prototypes -Wno-semicolon-before-method-body @/Users/jasonlee/Library/Developer/Xcode/DerivedData/Notch-ddzsfiyxyoauidejndllmosklbkq/Build/Intermediates.noindex/PostHog.build/Release/phlibwebp.build/Objects-normal/arm64/7187679823f38a2a940e0043cdf9d637-common-args.resp -MMD -MT dependencies -MF /Users/jasonlee/Library/Developer/Xcode/DerivedData/Notch-ddzsfiyxyoauidejndllmosklbkq/Build/Intermediates.noindex/PostHog.build/Release/phlibwebp.build/Objects-normal/arm64/lossless_enc_sse41.d --serialize-diagnostics /Users/jasonlee/Library/Developer/Xcode/DerivedData/Notch-ddzsfiyxyoauidejndllmosklbkq/Build/Intermediates.noindex/PostHog.build/Release/phlibwebp.build/Objects-normal/arm64/lossless_enc_sse41.dia -c /Users/jasonlee/Library/Developer/Xcode/DerivedData/Notch-ddzsfiyxyoauidejndllmosklbkq/SourcePackages/checkouts/posthog-ios/vendor/libwebp/lossless_enc_sse41.c -o /Users/jasonlee/Library/Developer/Xcode/DerivedData/Notch-ddzsfiyxyoauidejndllmosklbkq/Build/Intermediates.noindex/PostHog.build/Release/phlibwebp.build/Objects-normal/arm64/lossless_enc_sse41.o

ScanDependencies /Users/jasonlee/Library/Developer/Xcode/DerivedData/Notch-ddzsfiyxyoauidejndllmosklbkq/Build/Intermediates.noindex/PostHog.build/Release/phlibwebp.build/Objects-normal/arm64/lossless_enc_sse2.o /Users/jasonlee/Library/Developer/Xcode/DerivedData/Notch-ddzsfiyxyoauidejndllmosklbkq/SourcePackages/checkouts/posthog-ios/vendor/libwebp/lossless_enc_sse2.c normal arm64 c com.apple.compilers.llvm.clang.1_0.compiler (in target 'phlibwebp' from project 'PostHog')
    cd /Users/jasonlee/Coding/App/Notch/Notch.xcodeproj
    
    Using response file: /Users/jasonlee/Library/Developer/Xcode/DerivedData/Notch-ddzsfiyxyoauidejndllmosklbkq/Build/Intermediates.noindex/PostHog.build/Release/phlibwebp.build/Objects-normal/arm64/7187679823f38a2a940e0043cdf9d637-common-args.resp
    
    builtin-ScanDependencies -o /Users/jasonlee/Library/Developer/Xcode/DerivedData/Notch-ddzsfiyxyoauidejndllmosklbkq/Build/Intermediates.noindex/PostHog.build/Release/phlibwebp.build/Objects-normal/arm64/lossless_enc_sse2.o.scan -- /Applications/Xcode.app/Contents/Developer/Toolchains/XcodeDefault.xctoolchain/usr/bin/clang -x c -ivfsstatcache /Users/jasonlee/Library/Developer/Xcode/DerivedData/SDKStatCaches.noindex/macosx26.4-25E251-30f9ca8789b706f8bd3fc906a70d770f.sdkstatcache -target arm64-apple-macos10.15 -fmessage-length\=0 -fdiagnostics-show-note-include-stack -fmacro-backtrace-limit\=0 -fno-color-diagnostics -fmodules-prune-interval\=86400 -fmodules-prune-after\=345600 -fbuild-session-file\=/Users/jasonlee/Library/Developer/Xcode/DerivedData/ModuleCache.noindex/Session.modulevalidation -fmodules-validate-once-per-build-session -Wnon-modular-include-in-framework-module -Werror\=non-modular-include-in-framework-module -Wno-trigraphs -Wno-missing-field-initializers -Wno-missing-prototypes -Wno-return-type -Wno-missing-braces -Wparentheses -Wswitch -Wno-unused-function -Wno-unused-label -Wno-unused-parameter -Wno-unused-variable -Wunused-value -Wno-empty-body -Wno-uninitialized -Wno-unknown-pragmas -w -Wno-shadow -Wno-four-char-constants -Wno-conversion -Wno-constant-conversion -Wno-int-conversion -Wno-bool-conversion -Wno-enum-conversion -Wno-float-conversion -Wno-non-literal-null-conversion -Wno-objc-literal-conversion -Wshorten-64-to-32 -Wpointer-sign -Wno-newline-eof -Wno-implicit-fallthrough -isysroot /Applications/Xcode.app/Contents/Developer/Platforms/MacOSX.platform/Developer/SDKs/MacOSX26.4.sdk -fstrict-aliasing -Wdeprecated-declarations -Wno-sign-conversion -Wno-infinite-recursion -Wno-comma -Wno-block-capture-autoreleasing -Wno-strict-prototypes -Wno-semicolon-before-method-body @/Users/jasonlee/Library/Developer/Xcode/DerivedData/Notch-ddzsfiyxyoauidejndllmosklbkq/Build/Intermediates.noindex/PostHog.build/Release/phlibwebp.build/Objects-normal/arm64/7187679823f38a2a940e0043cdf9d637-common-args.resp -MMD -MT dependencies -MF /Users/jasonlee/Library/Developer/Xcode/DerivedData/Notch-ddzsfiyxyoauidejndllmosklbkq/Build/Intermediates.noindex/PostHog.build/Release/phlibwebp.build/Objects-normal/arm64/lossless_enc_sse2.d --serialize-diagnostics /Users/jasonlee/Library/Developer/Xcode/DerivedData/Notch-ddzsfiyxyoauidejndllmosklbkq/Build/Intermediates.noindex/PostHog.build/Release/phlibwebp.build/Objects-normal/arm64/lossless_enc_sse2.dia -c /Users/jasonlee/Library/Developer/Xcode/DerivedData/Notch-ddzsfiyxyoauidejndllmosklbkq/SourcePackages/checkouts/posthog-ios/vendor/libwebp/lossless_enc_sse2.c -o /Users/jasonlee/Library/Developer/Xcode/DerivedData/Notch-ddzsfiyxyoauidejndllmosklbkq/Build/Intermediates.noindex/PostHog.build/Release/phlibwebp.build/Objects-normal/arm64/lossless_enc_sse2.o

ScanDependencies /Users/jasonlee/Library/Developer/Xcode/DerivedData/Notch-ddzsfiyxyoauidejndllmosklbkq/Build/Intermediates.noindex/PostHog.build/Release/phlibwebp.build/Objects-normal/arm64/lossless_enc_neon.o /Users/jasonlee/Library/Developer/Xcode/DerivedData/Notch-ddzsfiyxyoauidejndllmosklbkq/SourcePackages/checkouts/posthog-ios/vendor/libwebp/lossless_enc_neon.c normal arm64 c com.apple.compilers.llvm.clang.1_0.compiler (in target 'phlibwebp' from project 'PostHog')
    cd /Users/jasonlee/Coding/App/Notch/Notch.xcodeproj
    
    Using response file: /Users/jasonlee/Library/Developer/Xcode/DerivedData/Notch-ddzsfiyxyoauidejndllmosklbkq/Build/Intermediates.noindex/PostHog.build/Release/phlibwebp.build/Objects-normal/arm64/7187679823f38a2a940e0043cdf9d637-common-args.resp
    
    builtin-ScanDependencies -o /Users/jasonlee/Library/Developer/Xcode/DerivedData/Notch-ddzsfiyxyoauidejndllmosklbkq/Build/Intermediates.noindex/PostHog.build/Release/phlibwebp.build/Objects-normal/arm64/lossless_enc_neon.o.scan -- /Applications/Xcode.app/Contents/Developer/Toolchains/XcodeDefault.xctoolchain/usr/bin/clang -x c -ivfsstatcache /Users/jasonlee/Library/Developer/Xcode/DerivedData/SDKStatCaches.noindex/macosx26.4-25E251-30f9ca8789b706f8bd3fc906a70d770f.sdkstatcache -target arm64-apple-macos10.15 -fmessage-length\=0 -fdiagnostics-show-note-include-stack -fmacro-backtrace-limit\=0 -fno-color-diagnostics -fmodules-prune-interval\=86400 -fmodules-prune-after\=345600 -fbuild-session-file\=/Users/jasonlee/Library/Developer/Xcode/DerivedData/ModuleCache.noindex/Session.modulevalidation -fmodules-validate-once-per-build-session -Wnon-modular-include-in-framework-module -Werror\=non-modular-include-in-framework-module -Wno-trigraphs -Wno-missing-field-initializers -Wno-missing-prototypes -Wno-return-type -Wno-missing-braces -Wparentheses -Wswitch -Wno-unused-function -Wno-unused-label -Wno-unused-parameter -Wno-unused-variable -Wunused-value -Wno-empty-body -Wno-uninitialized -Wno-unknown-pragmas -w -Wno-shadow -Wno-four-char-constants -Wno-conversion -Wno-constant-conversion -Wno-int-conversion -Wno-bool-conversion -Wno-enum-conversion -Wno-float-conversion -Wno-non-literal-null-conversion -Wno-objc-literal-conversion -Wshorten-64-to-32 -Wpointer-sign -Wno-newline-eof -Wno-implicit-fallthrough -isysroot /Applications/Xcode.app/Contents/Developer/Platforms/MacOSX.platform/Developer/SDKs/MacOSX26.4.sdk -fstrict-aliasing -Wdeprecated-declarations -Wno-sign-conversion -Wno-infinite-recursion -Wno-comma -Wno-block-capture-autoreleasing -Wno-strict-prototypes -Wno-semicolon-before-method-body @/Users/jasonlee/Library/Developer/Xcode/DerivedData/Notch-ddzsfiyxyoauidejndllmosklbkq/Build/Intermediates.noindex/PostHog.build/Release/phlibwebp.build/Objects-normal/arm64/7187679823f38a2a940e0043cdf9d637-common-args.resp -MMD -MT dependencies -MF /Users/jasonlee/Library/Developer/Xcode/DerivedData/Notch-ddzsfiyxyoauidejndllmosklbkq/Build/Intermediates.noindex/PostHog.build/Release/phlibwebp.build/Objects-normal/arm64/lossless_enc_neon.d --serialize-diagnostics /Users/jasonlee/Library/Developer/Xcode/DerivedData/Notch-ddzsfiyxyoauidejndllmosklbkq/Build/Intermediates.noindex/PostHog.build/Release/phlibwebp.build/Objects-normal/arm64/lossless_enc_neon.dia -c /Users/jasonlee/Library/Developer/Xcode/DerivedData/Notch-ddzsfiyxyoauidejndllmosklbkq/SourcePackages/checkouts/posthog-ios/vendor/libwebp/lossless_enc_neon.c -o /Users/jasonlee/Library/Developer/Xcode/DerivedData/Notch-ddzsfiyxyoauidejndllmosklbkq/Build/Intermediates.noindex/PostHog.build/Release/phlibwebp.build/Objects-normal/arm64/lossless_enc_neon.o

ScanDependencies /Users/jasonlee/Library/Developer/Xcode/DerivedData/Notch-ddzsfiyxyoauidejndllmosklbkq/Build/Intermediates.noindex/PostHog.build/Release/phlibwebp.build/Objects-normal/arm64/lossless_enc.o /Users/jasonlee/Library/Developer/Xcode/DerivedData/Notch-ddzsfiyxyoauidejndllmosklbkq/SourcePackages/checkouts/posthog-ios/vendor/libwebp/lossless_enc.c normal arm64 c com.apple.compilers.llvm.clang.1_0.compiler (in target 'phlibwebp' from project 'PostHog')
    cd /Users/jasonlee/Coding/App/Notch/Notch.xcodeproj
    
    Using response file: /Users/jasonlee/Library/Developer/Xcode/DerivedData/Notch-ddzsfiyxyoauidejndllmosklbkq/Build/Intermediates.noindex/PostHog.build/Release/phlibwebp.build/Objects-normal/arm64/7187679823f38a2a940e0043cdf9d637-common-args.resp
    
    builtin-ScanDependencies -o /Users/jasonlee/Library/Developer/Xcode/DerivedData/Notch-ddzsfiyxyoauidejndllmosklbkq/Build/Intermediates.noindex/PostHog.build/Release/phlibwebp.build/Objects-normal/arm64/lossless_enc.o.scan -- /Applications/Xcode.app/Contents/Developer/Toolchains/XcodeDefault.xctoolchain/usr/bin/clang -x c -ivfsstatcache /Users/jasonlee/Library/Developer/Xcode/DerivedData/SDKStatCaches.noindex/macosx26.4-25E251-30f9ca8789b706f8bd3fc906a70d770f.sdkstatcache -target arm64-apple-macos10.15 -fmessage-length\=0 -fdiagnostics-show-note-include-stack -fmacro-backtrace-limit\=0 -fno-color-diagnostics -fmodules-prune-interval\=86400 -fmodules-prune-after\=345600 -fbuild-session-file\=/Users/jasonlee/Library/Developer/Xcode/DerivedData/ModuleCache.noindex/Session.modulevalidation -fmodules-validate-once-per-build-session -Wnon-modular-include-in-framework-module -Werror\=non-modular-include-in-framework-module -Wno-trigraphs -Wno-missing-field-initializers -Wno-missing-prototypes -Wno-return-type -Wno-missing-braces -Wparentheses -Wswitch -Wno-unused-function -Wno-unused-label -Wno-unused-parameter -Wno-unused-variable -Wunused-value -Wno-empty-body -Wno-uninitialized -Wno-unknown-pragmas -w -Wno-shadow -Wno-four-char-constants -Wno-conversion -Wno-constant-conversion -Wno-int-conversion -Wno-bool-conversion -Wno-enum-conversion -Wno-float-conversion -Wno-non-literal-null-conversion -Wno-objc-literal-conversion -Wshorten-64-to-32 -Wpointer-sign -Wno-newline-eof -Wno-implicit-fallthrough -isysroot /Applications/Xcode.app/Contents/Developer/Platforms/MacOSX.platform/Developer/SDKs/MacOSX26.4.sdk -fstrict-aliasing -Wdeprecated-declarations -Wno-sign-conversion -Wno-infinite-recursion -Wno-comma -Wno-block-capture-autoreleasing -Wno-strict-prototypes -Wno-semicolon-before-method-body @/Users/jasonlee/Library/Developer/Xcode/DerivedData/Notch-ddzsfiyxyoauidejndllmosklbkq/Build/Intermediates.noindex/PostHog.build/Release/phlibwebp.build/Objects-normal/arm64/7187679823f38a2a940e0043cdf9d637-common-args.resp -MMD -MT dependencies -MF /Users/jasonlee/Library/Developer/Xcode/DerivedData/Notch-ddzsfiyxyoauidejndllmosklbkq/Build/Intermediates.noindex/PostHog.build/Release/phlibwebp.build/Objects-normal/arm64/lossless_enc.d --serialize-diagnostics /Users/jasonlee/Library/Developer/Xcode/DerivedData/Notch-ddzsfiyxyoauidejndllmosklbkq/Build/Intermediates.noindex/PostHog.build/Release/phlibwebp.build/Objects-normal/arm64/lossless_enc.dia -c /Users/jasonlee/Library/Developer/Xcode/DerivedData/Notch-ddzsfiyxyoauidejndllmosklbkq/SourcePackages/checkouts/posthog-ios/vendor/libwebp/lossless_enc.c -o /Users/jasonlee/Library/Developer/Xcode/DerivedData/Notch-ddzsfiyxyoauidejndllmosklbkq/Build/Intermediates.noindex/PostHog.build/Release/phlibwebp.build/Objects-normal/arm64/lossless_enc.o

ScanDependencies /Users/jasonlee/Library/Developer/Xcode/DerivedData/Notch-ddzsfiyxyoauidejndllmosklbkq/Build/Intermediates.noindex/PostHog.build/Release/phlibwebp.build/Objects-normal/arm64/lossless.o /Users/jasonlee/Library/Developer/Xcode/DerivedData/Notch-ddzsfiyxyoauidejndllmosklbkq/SourcePackages/checkouts/posthog-ios/vendor/libwebp/lossless.c normal arm64 c com.apple.compilers.llvm.clang.1_0.compiler (in target 'phlibwebp' from project 'PostHog')
    cd /Users/jasonlee/Coding/App/Notch/Notch.xcodeproj
    
    Using response file: /Users/jasonlee/Library/Developer/Xcode/DerivedData/Notch-ddzsfiyxyoauidejndllmosklbkq/Build/Intermediates.noindex/PostHog.build/Release/phlibwebp.build/Objects-normal/arm64/7187679823f38a2a940e0043cdf9d637-common-args.resp
    
    builtin-ScanDependencies -o /Users/jasonlee/Library/Developer/Xcode/DerivedData/Notch-ddzsfiyxyoauidejndllmosklbkq/Build/Intermediates.noindex/PostHog.build/Release/phlibwebp.build/Objects-normal/arm64/lossless.o.scan -- /Applications/Xcode.app/Contents/Developer/Toolchains/XcodeDefault.xctoolchain/usr/bin/clang -x c -ivfsstatcache /Users/jasonlee/Library/Developer/Xcode/DerivedData/SDKStatCaches.noindex/macosx26.4-25E251-30f9ca8789b706f8bd3fc906a70d770f.sdkstatcache -target arm64-apple-macos10.15 -fmessage-length\=0 -fdiagnostics-show-note-include-stack -fmacro-backtrace-limit\=0 -fno-color-diagnostics -fmodules-prune-interval\=86400 -fmodules-prune-after\=345600 -fbuild-session-file\=/Users/jasonlee/Library/Developer/Xcode/DerivedData/ModuleCache.noindex/Session.modulevalidation -fmodules-validate-once-per-build-session -Wnon-modular-include-in-framework-module -Werror\=non-modular-include-in-framework-module -Wno-trigraphs -Wno-missing-field-initializers -Wno-missing-prototypes -Wno-return-type -Wno-missing-braces -Wparentheses -Wswitch -Wno-unused-function -Wno-unused-label -Wno-unused-parameter -Wno-unused-variable -Wunused-value -Wno-empty-body -Wno-uninitialized -Wno-unknown-pragmas -w -Wno-shadow -Wno-four-char-constants -Wno-conversion -Wno-constant-conversion -Wno-int-conversion -Wno-bool-conversion -Wno-enum-conversion -Wno-float-conversion -Wno-non-literal-null-conversion -Wno-objc-literal-conversion -Wshorten-64-to-32 -Wpointer-sign -Wno-newline-eof -Wno-implicit-fallthrough -isysroot /Applications/Xcode.app/Contents/Developer/Platforms/MacOSX.platform/Developer/SDKs/MacOSX26.4.sdk -fstrict-aliasing -Wdeprecated-declarations -Wno-sign-conversion -Wno-infinite-recursion -Wno-comma -Wno-block-capture-autoreleasing -Wno-strict-prototypes -Wno-semicolon-before-method-body @/Users/jasonlee/Library/Developer/Xcode/DerivedData/Notch-ddzsfiyxyoauidejndllmosklbkq/Build/Intermediates.noindex/PostHog.build/Release/phlibwebp.build/Objects-normal/arm64/7187679823f38a2a940e0043cdf9d637-common-args.resp -MMD -MT dependencies -MF /Users/jasonlee/Library/Developer/Xcode/DerivedData/Notch-ddzsfiyxyoauidejndllmosklbkq/Build/Intermediates.noindex/PostHog.build/Release/phlibwebp.build/Objects-normal/arm64/lossless.d --serialize-diagnostics /Users/jasonlee/Library/Developer/Xcode/DerivedData/Notch-ddzsfiyxyoauidejndllmosklbkq/Build/Intermediates.noindex/PostHog.build/Release/phlibwebp.build/Objects-normal/arm64/lossless.dia -c /Users/jasonlee/Library/Developer/Xcode/DerivedData/Notch-ddzsfiyxyoauidejndllmosklbkq/SourcePackages/checkouts/posthog-ios/vendor/libwebp/lossless.c -o /Users/jasonlee/Library/Developer/Xcode/DerivedData/Notch-ddzsfiyxyoauidejndllmosklbkq/Build/Intermediates.noindex/PostHog.build/Release/phlibwebp.build/Objects-normal/arm64/lossless.o

ScanDependencies /Users/jasonlee/Library/Developer/Xcode/DerivedData/Notch-ddzsfiyxyoauidejndllmosklbkq/Build/Intermediates.noindex/PostHog.build/Release/phlibwebp.build/Objects-normal/arm64/iterator_enc.o /Users/jasonlee/Library/Developer/Xcode/DerivedData/Notch-ddzsfiyxyoauidejndllmosklbkq/SourcePackages/checkouts/posthog-ios/vendor/libwebp/iterator_enc.c normal arm64 c com.apple.compilers.llvm.clang.1_0.compiler (in target 'phlibwebp' from project 'PostHog')
    cd /Users/jasonlee/Coding/App/Notch/Notch.xcodeproj
    
    Using response file: /Users/jasonlee/Library/Developer/Xcode/DerivedData/Notch-ddzsfiyxyoauidejndllmosklbkq/Build/Intermediates.noindex/PostHog.build/Release/phlibwebp.build/Objects-normal/arm64/7187679823f38a2a940e0043cdf9d637-common-args.resp
    
    builtin-ScanDependencies -o /Users/jasonlee/Library/Developer/Xcode/DerivedData/Notch-ddzsfiyxyoauidejndllmosklbkq/Build/Intermediates.noindex/PostHog.build/Release/phlibwebp.build/Objects-normal/arm64/iterator_enc.o.scan -- /Applications/Xcode.app/Contents/Developer/Toolchains/XcodeDefault.xctoolchain/usr/bin/clang -x c -ivfsstatcache /Users/jasonlee/Library/Developer/Xcode/DerivedData/SDKStatCaches.noindex/macosx26.4-25E251-30f9ca8789b706f8bd3fc906a70d770f.sdkstatcache -target arm64-apple-macos10.15 -fmessage-length\=0 -fdiagnostics-show-note-include-stack -fmacro-backtrace-limit\=0 -fno-color-diagnostics -fmodules-prune-interval\=86400 -fmodules-prune-after\=345600 -fbuild-session-file\=/Users/jasonlee/Library/Developer/Xcode/DerivedData/ModuleCache.noindex/Session.modulevalidation -fmodules-validate-once-per-build-session -Wnon-modular-include-in-framework-module -Werror\=non-modular-include-in-framework-module -Wno-trigraphs -Wno-missing-field-initializers -Wno-missing-prototypes -Wno-return-type -Wno-missing-braces -Wparentheses -Wswitch -Wno-unused-function -Wno-unused-label -Wno-unused-parameter -Wno-unused-variable -Wunused-value -Wno-empty-body -Wno-uninitialized -Wno-unknown-pragmas -w -Wno-shadow -Wno-four-char-constants -Wno-conversion -Wno-constant-conversion -Wno-int-conversion -Wno-bool-conversion -Wno-enum-conversion -Wno-float-conversion -Wno-non-literal-null-conversion -Wno-objc-literal-conversion -Wshorten-64-to-32 -Wpointer-sign -Wno-newline-eof -Wno-implicit-fallthrough -isysroot /Applications/Xcode.app/Contents/Developer/Platforms/MacOSX.platform/Developer/SDKs/MacOSX26.4.sdk -fstrict-aliasing -Wdeprecated-declarations -Wno-sign-conversion -Wno-infinite-recursion -Wno-comma -Wno-block-capture-autoreleasing -Wno-strict-prototypes -Wno-semicolon-before-method-body @/Users/jasonlee/Library/Developer/Xcode/DerivedData/Notch-ddzsfiyxyoauidejndllmosklbkq/Build/Intermediates.noindex/PostHog.build/Release/phlibwebp.build/Objects-normal/arm64/7187679823f38a2a940e0043cdf9d637-common-args.resp -MMD -MT dependencies -MF /Users/jasonlee/Library/Developer/Xcode/DerivedData/Notch-ddzsfiyxyoauidejndllmosklbkq/Build/Intermediates.noindex/PostHog.build/Release/phlibwebp.build/Objects-normal/arm64/iterator_enc.d --serialize-diagnostics /Users/jasonlee/Library/Developer/Xcode/DerivedData/Notch-ddzsfiyxyoauidejndllmosklbkq/Build/Intermediates.noindex/PostHog.build/Release/phlibwebp.build/Objects-normal/arm64/iterator_enc.dia -c /Users/jasonlee/Library/Developer/Xcode/DerivedData/Notch-ddzsfiyxyoauidejndllmosklbkq/SourcePackages/checkouts/posthog-ios/vendor/libwebp/iterator_enc.c -o /Users/jasonlee/Library/Developer/Xcode/DerivedData/Notch-ddzsfiyxyoauidejndllmosklbkq/Build/Intermediates.noindex/PostHog.build/Release/phlibwebp.build/Objects-normal/arm64/iterator_enc.o

ScanDependencies /Users/jasonlee/Library/Developer/Xcode/DerivedData/Notch-ddzsfiyxyoauidejndllmosklbkq/Build/Intermediates.noindex/PostHog.build/Release/phlibwebp.build/Objects-normal/arm64/huffman_utils.o /Users/jasonlee/Library/Developer/Xcode/DerivedData/Notch-ddzsfiyxyoauidejndllmosklbkq/SourcePackages/checkouts/posthog-ios/vendor/libwebp/huffman_utils.c normal arm64 c com.apple.compilers.llvm.clang.1_0.compiler (in target 'phlibwebp' from project 'PostHog')
    cd /Users/jasonlee/Coding/App/Notch/Notch.xcodeproj
    
    Using response file: /Users/jasonlee/Library/Developer/Xcode/DerivedData/Notch-ddzsfiyxyoauidejndllmosklbkq/Build/Intermediates.noindex/PostHog.build/Release/phlibwebp.build/Objects-normal/arm64/7187679823f38a2a940e0043cdf9d637-common-args.resp
    
    builtin-ScanDependencies -o /Users/jasonlee/Library/Developer/Xcode/DerivedData/Notch-ddzsfiyxyoauidejndllmosklbkq/Build/Intermediates.noindex/PostHog.build/Release/phlibwebp.build/Objects-normal/arm64/huffman_utils.o.scan -- /Applications/Xcode.app/Contents/Developer/Toolchains/XcodeDefault.xctoolchain/usr/bin/clang -x c -ivfsstatcache /Users/jasonlee/Library/Developer/Xcode/DerivedData/SDKStatCaches.noindex/macosx26.4-25E251-30f9ca8789b706f8bd3fc906a70d770f.sdkstatcache -target arm64-apple-macos10.15 -fmessage-length\=0 -fdiagnostics-show-note-include-stack -fmacro-backtrace-limit\=0 -fno-color-diagnostics -fmodules-prune-interval\=86400 -fmodules-prune-after\=345600 -fbuild-session-file\=/Users/jasonlee/Library/Developer/Xcode/DerivedData/ModuleCache.noindex/Session.modulevalidation -fmodules-validate-once-per-build-session -Wnon-modular-include-in-framework-module -Werror\=non-modular-include-in-framework-module -Wno-trigraphs -Wno-missing-field-initializers -Wno-missing-prototypes -Wno-return-type -Wno-missing-braces -Wparentheses -Wswitch -Wno-unused-function -Wno-unused-label -Wno-unused-parameter -Wno-unused-variable -Wunused-value -Wno-empty-body -Wno-uninitialized -Wno-unknown-pragmas -w -Wno-shadow -Wno-four-char-constants -Wno-conversion -Wno-constant-conversion -Wno-int-conversion -Wno-bool-conversion -Wno-enum-conversion -Wno-float-conversion -Wno-non-literal-null-conversion -Wno-objc-literal-conversion -Wshorten-64-to-32 -Wpointer-sign -Wno-newline-eof -Wno-implicit-fallthrough -isysroot /Applications/Xcode.app/Contents/Developer/Platforms/MacOSX.platform/Developer/SDKs/MacOSX26.4.sdk -fstrict-aliasing -Wdeprecated-declarations -Wno-sign-conversion -Wno-infinite-recursion -Wno-comma -Wno-block-capture-autoreleasing -Wno-strict-prototypes -Wno-semicolon-before-method-body @/Users/jasonlee/Library/Developer/Xcode/DerivedData/Notch-ddzsfiyxyoauidejndllmosklbkq/Build/Intermediates.noindex/PostHog.build/Release/phlibwebp.build/Objects-normal/arm64/7187679823f38a2a940e0043cdf9d637-common-args.resp -MMD -MT dependencies -MF /Users/jasonlee/Library/Developer/Xcode/DerivedData/Notch-ddzsfiyxyoauidejndllmosklbkq/Build/Intermediates.noindex/PostHog.build/Release/phlibwebp.build/Objects-normal/arm64/huffman_utils.d --serialize-diagnostics /Users/jasonlee/Library/Developer/Xcode/DerivedData/Notch-ddzsfiyxyoauidejndllmosklbkq/Build/Intermediates.noindex/PostHog.build/Release/phlibwebp.build/Objects-normal/arm64/huffman_utils.dia -c /Users/jasonlee/Library/Developer/Xcode/DerivedData/Notch-ddzsfiyxyoauidejndllmosklbkq/SourcePackages/checkouts/posthog-ios/vendor/libwebp/huffman_utils.c -o /Users/jasonlee/Library/Developer/Xcode/DerivedData/Notch-ddzsfiyxyoauidejndllmosklbkq/Build/Intermediates.noindex/PostHog.build/Release/phlibwebp.build/Objects-normal/arm64/huffman_utils.o

ScanDependencies /Users/jasonlee/Library/Developer/Xcode/DerivedData/Notch-ddzsfiyxyoauidejndllmosklbkq/Build/Intermediates.noindex/PostHog.build/Release/phlibwebp.build/Objects-normal/arm64/huffman_encode_utils.o /Users/jasonlee/Library/Developer/Xcode/DerivedData/Notch-ddzsfiyxyoauidejndllmosklbkq/SourcePackages/checkouts/posthog-ios/vendor/libwebp/huffman_encode_utils.c normal arm64 c com.apple.compilers.llvm.clang.1_0.compiler (in target 'phlibwebp' from project 'PostHog')
    cd /Users/jasonlee/Coding/App/Notch/Notch.xcodeproj
    
    Using response file: /Users/jasonlee/Library/Developer/Xcode/DerivedData/Notch-ddzsfiyxyoauidejndllmosklbkq/Build/Intermediates.noindex/PostHog.build/Release/phlibwebp.build/Objects-normal/arm64/7187679823f38a2a940e0043cdf9d637-common-args.resp
    
    builtin-ScanDependencies -o /Users/jasonlee/Library/Developer/Xcode/DerivedData/Notch-ddzsfiyxyoauidejndllmosklbkq/Build/Intermediates.noindex/PostHog.build/Release/phlibwebp.build/Objects-normal/arm64/huffman_encode_utils.o.scan -- /Applications/Xcode.app/Contents/Developer/Toolchains/XcodeDefault.xctoolchain/usr/bin/clang -x c -ivfsstatcache /Users/jasonlee/Library/Developer/Xcode/DerivedData/SDKStatCaches.noindex/macosx26.4-25E251-30f9ca8789b706f8bd3fc906a70d770f.sdkstatcache -target arm64-apple-macos10.15 -fmessage-length\=0 -fdiagnostics-show-note-include-stack -fmacro-backtrace-limit\=0 -fno-color-diagnostics -fmodules-prune-interval\=86400 -fmodules-prune-after\=345600 -fbuild-session-file\=/Users/jasonlee/Library/Developer/Xcode/DerivedData/ModuleCache.noindex/Session.modulevalidation -fmodules-validate-once-per-build-session -Wnon-modular-include-in-framework-module -Werror\=non-modular-include-in-framework-module -Wno-trigraphs -Wno-missing-field-initializers -Wno-missing-prototypes -Wno-return-type -Wno-missing-braces -Wparentheses -Wswitch -Wno-unused-function -Wno-unused-label -Wno-unused-parameter -Wno-unused-variable -Wunused-value -Wno-empty-body -Wno-uninitialized -Wno-unknown-pragmas -w -Wno-shadow -Wno-four-char-constants -Wno-conversion -Wno-constant-conversion -Wno-int-conversion -Wno-bool-conversion -Wno-enum-conversion -Wno-float-conversion -Wno-non-literal-null-conversion -Wno-objc-literal-conversion -Wshorten-64-to-32 -Wpointer-sign -Wno-newline-eof -Wno-implicit-fallthrough -isysroot /Applications/Xcode.app/Contents/Developer/Platforms/MacOSX.platform/Developer/SDKs/MacOSX26.4.sdk -fstrict-aliasing -Wdeprecated-declarations -Wno-sign-conversion -Wno-infinite-recursion -Wno-comma -Wno-block-capture-autoreleasing -Wno-strict-prototypes -Wno-semicolon-before-method-body @/Users/jasonlee/Library/Developer/Xcode/DerivedData/Notch-ddzsfiyxyoauidejndllmosklbkq/Build/Intermediates.noindex/PostHog.build/Release/phlibwebp.build/Objects-normal/arm64/7187679823f38a2a940e0043cdf9d637-common-args.resp -MMD -MT dependencies -MF /Users/jasonlee/Library/Developer/Xcode/DerivedData/Notch-ddzsfiyxyoauidejndllmosklbkq/Build/Intermediates.noindex/PostHog.build/Release/phlibwebp.build/Objects-normal/arm64/huffman_encode_utils.d --serialize-diagnostics /Users/jasonlee/Library/Developer/Xcode/DerivedData/Notch-ddzsfiyxyoauidejndllmosklbkq/Build/Intermediates.noindex/PostHog.build/Release/phlibwebp.build/Objects-normal/arm64/huffman_encode_utils.dia -c /Users/jasonlee/Library/Developer/Xcode/DerivedData/Notch-ddzsfiyxyoauidejndllmosklbkq/SourcePackages/checkouts/posthog-ios/vendor/libwebp/huffman_encode_utils.c -o /Users/jasonlee/Library/Developer/Xcode/DerivedData/Notch-ddzsfiyxyoauidejndllmosklbkq/Build/Intermediates.noindex/PostHog.build/Release/phlibwebp.build/Objects-normal/arm64/huffman_encode_utils.o

ScanDependencies /Users/jasonlee/Library/Developer/Xcode/DerivedData/Notch-ddzsfiyxyoauidejndllmosklbkq/Build/Intermediates.noindex/PostHog.build/Release/phlibwebp.build/Objects-normal/arm64/histogram_enc.o /Users/jasonlee/Library/Developer/Xcode/DerivedData/Notch-ddzsfiyxyoauidejndllmosklbkq/SourcePackages/checkouts/posthog-ios/vendor/libwebp/histogram_enc.c normal arm64 c com.apple.compilers.llvm.clang.1_0.compiler (in target 'phlibwebp' from project 'PostHog')
    cd /Users/jasonlee/Coding/App/Notch/Notch.xcodeproj
    
    Using response file: /Users/jasonlee/Library/Developer/Xcode/DerivedData/Notch-ddzsfiyxyoauidejndllmosklbkq/Build/Intermediates.noindex/PostHog.build/Release/phlibwebp.build/Objects-normal/arm64/7187679823f38a2a940e0043cdf9d637-common-args.resp
    
    builtin-ScanDependencies -o /Users/jasonlee/Library/Developer/Xcode/DerivedData/Notch-ddzsfiyxyoauidejndllmosklbkq/Build/Intermediates.noindex/PostHog.build/Release/phlibwebp.build/Objects-normal/arm64/histogram_enc.o.scan -- /Applications/Xcode.app/Contents/Developer/Toolchains/XcodeDefault.xctoolchain/usr/bin/clang -x c -ivfsstatcache /Users/jasonlee/Library/Developer/Xcode/DerivedData/SDKStatCaches.noindex/macosx26.4-25E251-30f9ca8789b706f8bd3fc906a70d770f.sdkstatcache -target arm64-apple-macos10.15 -fmessage-length\=0 -fdiagnostics-show-note-include-stack -fmacro-backtrace-limit\=0 -fno-color-diagnostics -fmodules-prune-interval\=86400 -fmodules-prune-after\=345600 -fbuild-session-file\=/Users/jasonlee/Library/Developer/Xcode/DerivedData/ModuleCache.noindex/Session.modulevalidation -fmodules-validate-once-per-build-session -Wnon-modular-include-in-framework-module -Werror\=non-modular-include-in-framework-module -Wno-trigraphs -Wno-missing-field-initializers -Wno-missing-prototypes -Wno-return-type -Wno-missing-braces -Wparentheses -Wswitch -Wno-unused-function -Wno-unused-label -Wno-unused-parameter -Wno-unused-variable -Wunused-value -Wno-empty-body -Wno-uninitialized -Wno-unknown-pragmas -w -Wno-shadow -Wno-four-char-constants -Wno-conversion -Wno-constant-conversion -Wno-int-conversion -Wno-bool-conversion -Wno-enum-conversion -Wno-float-conversion -Wno-non-literal-null-conversion -Wno-objc-literal-conversion -Wshorten-64-to-32 -Wpointer-sign -Wno-newline-eof -Wno-implicit-fallthrough -isysroot /Applications/Xcode.app/Contents/Developer/Platforms/MacOSX.platform/Developer/SDKs/MacOSX26.4.sdk -fstrict-aliasing -Wdeprecated-declarations -Wno-sign-conversion -Wno-infinite-recursion -Wno-comma -Wno-block-capture-autoreleasing -Wno-strict-prototypes -Wno-semicolon-before-method-body @/Users/jasonlee/Library/Developer/Xcode/DerivedData/Notch-ddzsfiyxyoauidejndllmosklbkq/Build/Intermediates.noindex/PostHog.build/Release/phlibwebp.build/Objects-normal/arm64/7187679823f38a2a940e0043cdf9d637-common-args.resp -MMD -MT dependencies -MF /Users/jasonlee/Library/Developer/Xcode/DerivedData/Notch-ddzsfiyxyoauidejndllmosklbkq/Build/Intermediates.noindex/PostHog.build/Release/phlibwebp.build/Objects-normal/arm64/histogram_enc.d --serialize-diagnostics /Users/jasonlee/Library/Developer/Xcode/DerivedData/Notch-ddzsfiyxyoauidejndllmosklbkq/Build/Intermediates.noindex/PostHog.build/Release/phlibwebp.build/Objects-normal/arm64/histogram_enc.dia -c /Users/jasonlee/Library/Developer/Xcode/DerivedData/Notch-ddzsfiyxyoauidejndllmosklbkq/SourcePackages/checkouts/posthog-ios/vendor/libwebp/histogram_enc.c -o /Users/jasonlee/Library/Developer/Xcode/DerivedData/Notch-ddzsfiyxyoauidejndllmosklbkq/Build/Intermediates.noindex/PostHog.build/Release/phlibwebp.build/Objects-normal/arm64/histogram_enc.o

PrecompileModule /Users/jasonlee/Library/Developer/Xcode/DerivedData/Notch-ddzsfiyxyoauidejndllmosklbkq/Build/Intermediates.noindex/ExplicitPrecompiledModules/_DarwinFoundation3-2CY4B9FHC6BO6O5AX33672ZXM.scan
    cd /
    builtin-precompileModule /Users/jasonlee/Library/Developer/Xcode/DerivedData/Notch-ddzsfiyxyoauidejndllmosklbkq/Build/Intermediates.noindex/ExplicitPrecompiledModules/_DarwinFoundation3-2CY4B9FHC6BO6O5AX33672ZXM.scan

PrecompileModule /Users/jasonlee/Library/Developer/Xcode/DerivedData/Notch-ddzsfiyxyoauidejndllmosklbkq/Build/Intermediates.noindex/ExplicitPrecompiledModules/_Builtin_intrinsics-2OBBVCOGNBFMU76DGOT9XDW0.scan
    cd /
    builtin-precompileModule /Users/jasonlee/Library/Developer/Xcode/DerivedData/Notch-ddzsfiyxyoauidejndllmosklbkq/Build/Intermediates.noindex/ExplicitPrecompiledModules/_Builtin_intrinsics-2OBBVCOGNBFMU76DGOT9XDW0.scan

ScanDependencies /Users/jasonlee/Library/Developer/Xcode/DerivedData/Notch-ddzsfiyxyoauidejndllmosklbkq/Build/Intermediates.noindex/PostHog.build/Release/phlibwebp.build/Objects-normal/arm64/frame_enc.o /Users/jasonlee/Library/Developer/Xcode/DerivedData/Notch-ddzsfiyxyoauidejndllmosklbkq/SourcePackages/checkouts/posthog-ios/vendor/libwebp/frame_enc.c normal arm64 c com.apple.compilers.llvm.clang.1_0.compiler (in target 'phlibwebp' from project 'PostHog')
    cd /Users/jasonlee/Coding/App/Notch/Notch.xcodeproj
    
    Using response file: /Users/jasonlee/Library/Developer/Xcode/DerivedData/Notch-ddzsfiyxyoauidejndllmosklbkq/Build/Intermediates.noindex/PostHog.build/Release/phlibwebp.build/Objects-normal/arm64/7187679823f38a2a940e0043cdf9d637-common-args.resp
    
    builtin-ScanDependencies -o /Users/jasonlee/Library/Developer/Xcode/DerivedData/Notch-ddzsfiyxyoauidejndllmosklbkq/Build/Intermediates.noindex/PostHog.build/Release/phlibwebp.build/Objects-normal/arm64/frame_enc.o.scan -- /Applications/Xcode.app/Contents/Developer/Toolchains/XcodeDefault.xctoolchain/usr/bin/clang -x c -ivfsstatcache /Users/jasonlee/Library/Developer/Xcode/DerivedData/SDKStatCaches.noindex/macosx26.4-25E251-30f9ca8789b706f8bd3fc906a70d770f.sdkstatcache -target arm64-apple-macos10.15 -fmessage-length\=0 -fdiagnostics-show-note-include-stack -fmacro-backtrace-limit\=0 -fno-color-diagnostics -fmodules-prune-interval\=86400 -fmodules-prune-after\=345600 -fbuild-session-file\=/Users/jasonlee/Library/Developer/Xcode/DerivedData/ModuleCache.noindex/Session.modulevalidation -fmodules-validate-once-per-build-session -Wnon-modular-include-in-framework-module -Werror\=non-modular-include-in-framework-module -Wno-trigraphs -Wno-missing-field-initializers -Wno-missing-prototypes -Wno-return-type -Wno-missing-braces -Wparentheses -Wswitch -Wno-unused-function -Wno-unused-label -Wno-unused-parameter -Wno-unused-variable -Wunused-value -Wno-empty-body -Wno-uninitialized -Wno-unknown-pragmas -w -Wno-shadow -Wno-four-char-constants -Wno-conversion -Wno-constant-conversion -Wno-int-conversion -Wno-bool-conversion -Wno-enum-conversion -Wno-float-conversion -Wno-non-literal-null-conversion -Wno-objc-literal-conversion -Wshorten-64-to-32 -Wpointer-sign -Wno-newline-eof -Wno-implicit-fallthrough -isysroot /Applications/Xcode.app/Contents/Developer/Platforms/MacOSX.platform/Developer/SDKs/MacOSX26.4.sdk -fstrict-aliasing -Wdeprecated-declarations -Wno-sign-conversion -Wno-infinite-recursion -Wno-comma -Wno-block-capture-autoreleasing -Wno-strict-prototypes -Wno-semicolon-before-method-body @/Users/jasonlee/Library/Developer/Xcode/DerivedData/Notch-ddzsfiyxyoauidejndllmosklbkq/Build/Intermediates.noindex/PostHog.build/Release/phlibwebp.build/Objects-normal/arm64/7187679823f38a2a940e0043cdf9d637-common-args.resp -MMD -MT dependencies -MF /Users/jasonlee/Library/Developer/Xcode/DerivedData/Notch-ddzsfiyxyoauidejndllmosklbkq/Build/Intermediates.noindex/PostHog.build/Release/phlibwebp.build/Objects-normal/arm64/frame_enc.d --serialize-diagnostics /Users/jasonlee/Library/Developer/Xcode/DerivedData/Notch-ddzsfiyxyoauidejndllmosklbkq/Build/Intermediates.noindex/PostHog.build/Release/phlibwebp.build/Objects-normal/arm64/frame_enc.dia -c /Users/jasonlee/Library/Developer/Xcode/DerivedData/Notch-ddzsfiyxyoauidejndllmosklbkq/SourcePackages/checkouts/posthog-ios/vendor/libwebp/frame_enc.c -o /Users/jasonlee/Library/Developer/Xcode/DerivedData/Notch-ddzsfiyxyoauidejndllmosklbkq/Build/Intermediates.noindex/PostHog.build/Release/phlibwebp.build/Objects-normal/arm64/frame_enc.o

ScanDependencies /Users/jasonlee/Library/Developer/Xcode/DerivedData/Notch-ddzsfiyxyoauidejndllmosklbkq/Build/Intermediates.noindex/PostHog.build/Release/phlibwebp.build/Objects-normal/arm64/filters_utils.o /Users/jasonlee/Library/Developer/Xcode/DerivedData/Notch-ddzsfiyxyoauidejndllmosklbkq/SourcePackages/checkouts/posthog-ios/vendor/libwebp/filters_utils.c normal arm64 c com.apple.compilers.llvm.clang.1_0.compiler (in target 'phlibwebp' from project 'PostHog')
    cd /Users/jasonlee/Coding/App/Notch/Notch.xcodeproj
    
    Using response file: /Users/jasonlee/Library/Developer/Xcode/DerivedData/Notch-ddzsfiyxyoauidejndllmosklbkq/Build/Intermediates.noindex/PostHog.build/Release/phlibwebp.build/Objects-normal/arm64/7187679823f38a2a940e0043cdf9d637-common-args.resp
    
    builtin-ScanDependencies -o /Users/jasonlee/Library/Developer/Xcode/DerivedData/Notch-ddzsfiyxyoauidejndllmosklbkq/Build/Intermediates.noindex/PostHog.build/Release/phlibwebp.build/Objects-normal/arm64/filters_utils.o.scan -- /Applications/Xcode.app/Contents/Developer/Toolchains/XcodeDefault.xctoolchain/usr/bin/clang -x c -ivfsstatcache /Users/jasonlee/Library/Developer/Xcode/DerivedData/SDKStatCaches.noindex/macosx26.4-25E251-30f9ca8789b706f8bd3fc906a70d770f.sdkstatcache -target arm64-apple-macos10.15 -fmessage-length\=0 -fdiagnostics-show-note-include-stack -fmacro-backtrace-limit\=0 -fno-color-diagnostics -fmodules-prune-interval\=86400 -fmodules-prune-after\=345600 -fbuild-session-file\=/Users/jasonlee/Library/Developer/Xcode/DerivedData/ModuleCache.noindex/Session.modulevalidation -fmodules-validate-once-per-build-session -Wnon-modular-include-in-framework-module -Werror\=non-modular-include-in-framework-module -Wno-trigraphs -Wno-missing-field-initializers -Wno-missing-prototypes -Wno-return-type -Wno-missing-braces -Wparentheses -Wswitch -Wno-unused-function -Wno-unused-label -Wno-unused-parameter -Wno-unused-variable -Wunused-value -Wno-empty-body -Wno-uninitialized -Wno-unknown-pragmas -w -Wno-shadow -Wno-four-char-constants -Wno-conversion -Wno-constant-conversion -Wno-int-conversion -Wno-bool-conversion -Wno-enum-conversion -Wno-float-conversion -Wno-non-literal-null-conversion -Wno-objc-literal-conversion -Wshorten-64-to-32 -Wpointer-sign -Wno-newline-eof -Wno-implicit-fallthrough -isysroot /Applications/Xcode.app/Contents/Developer/Platforms/MacOSX.platform/Developer/SDKs/MacOSX26.4.sdk -fstrict-aliasing -Wdeprecated-declarations -Wno-sign-conversion -Wno-infinite-recursion -Wno-comma -Wno-block-capture-autoreleasing -Wno-strict-prototypes -Wno-semicolon-before-method-body @/Users/jasonlee/Library/Developer/Xcode/DerivedData/Notch-ddzsfiyxyoauidejndllmosklbkq/Build/Intermediates.noindex/PostHog.build/Release/phlibwebp.build/Objects-normal/arm64/7187679823f38a2a940e0043cdf9d637-common-args.resp -MMD -MT dependencies -MF /Users/jasonlee/Library/Developer/Xcode/DerivedData/Notch-ddzsfiyxyoauidejndllmosklbkq/Build/Intermediates.noindex/PostHog.build/Release/phlibwebp.build/Objects-normal/arm64/filters_utils.d --serialize-diagnostics /Users/jasonlee/Library/Developer/Xcode/DerivedData/Notch-ddzsfiyxyoauidejndllmosklbkq/Build/Intermediates.noindex/PostHog.build/Release/phlibwebp.build/Objects-normal/arm64/filters_utils.dia -c /Users/jasonlee/Library/Developer/Xcode/DerivedData/Notch-ddzsfiyxyoauidejndllmosklbkq/SourcePackages/checkouts/posthog-ios/vendor/libwebp/filters_utils.c -o /Users/jasonlee/Library/Developer/Xcode/DerivedData/Notch-ddzsfiyxyoauidejndllmosklbkq/Build/Intermediates.noindex/PostHog.build/Release/phlibwebp.build/Objects-normal/arm64/filters_utils.o

ScanDependencies /Users/jasonlee/Library/Developer/Xcode/DerivedData/Notch-ddzsfiyxyoauidejndllmosklbkq/Build/Intermediates.noindex/PostHog.build/Release/phlibwebp.build/Objects-normal/arm64/filters_sse2.o /Users/jasonlee/Library/Developer/Xcode/DerivedData/Notch-ddzsfiyxyoauidejndllmosklbkq/SourcePackages/checkouts/posthog-ios/vendor/libwebp/filters_sse2.c normal arm64 c com.apple.compilers.llvm.clang.1_0.compiler (in target 'phlibwebp' from project 'PostHog')
    cd /Users/jasonlee/Coding/App/Notch/Notch.xcodeproj
    
    Using response file: /Users/jasonlee/Library/Developer/Xcode/DerivedData/Notch-ddzsfiyxyoauidejndllmosklbkq/Build/Intermediates.noindex/PostHog.build/Release/phlibwebp.build/Objects-normal/arm64/7187679823f38a2a940e0043cdf9d637-common-args.resp
    
    builtin-ScanDependencies -o /Users/jasonlee/Library/Developer/Xcode/DerivedData/Notch-ddzsfiyxyoauidejndllmosklbkq/Build/Intermediates.noindex/PostHog.build/Release/phlibwebp.build/Objects-normal/arm64/filters_sse2.o.scan -- /Applications/Xcode.app/Contents/Developer/Toolchains/XcodeDefault.xctoolchain/usr/bin/clang -x c -ivfsstatcache /Users/jasonlee/Library/Developer/Xcode/DerivedData/SDKStatCaches.noindex/macosx26.4-25E251-30f9ca8789b706f8bd3fc906a70d770f.sdkstatcache -target arm64-apple-macos10.15 -fmessage-length\=0 -fdiagnostics-show-note-include-stack -fmacro-backtrace-limit\=0 -fno-color-diagnostics -fmodules-prune-interval\=86400 -fmodules-prune-after\=345600 -fbuild-session-file\=/Users/jasonlee/Library/Developer/Xcode/DerivedData/ModuleCache.noindex/Session.modulevalidation -fmodules-validate-once-per-build-session -Wnon-modular-include-in-framework-module -Werror\=non-modular-include-in-framework-module -Wno-trigraphs -Wno-missing-field-initializers -Wno-missing-prototypes -Wno-return-type -Wno-missing-braces -Wparentheses -Wswitch -Wno-unused-function -Wno-unused-label -Wno-unused-parameter -Wno-unused-variable -Wunused-value -Wno-empty-body -Wno-uninitialized -Wno-unknown-pragmas -w -Wno-shadow -Wno-four-char-constants -Wno-conversion -Wno-constant-conversion -Wno-int-conversion -Wno-bool-conversion -Wno-enum-conversion -Wno-float-conversion -Wno-non-literal-null-conversion -Wno-objc-literal-conversion -Wshorten-64-to-32 -Wpointer-sign -Wno-newline-eof -Wno-implicit-fallthrough -isysroot /Applications/Xcode.app/Contents/Developer/Platforms/MacOSX.platform/Developer/SDKs/MacOSX26.4.sdk -fstrict-aliasing -Wdeprecated-declarations -Wno-sign-conversion -Wno-infinite-recursion -Wno-comma -Wno-block-capture-autoreleasing -Wno-strict-prototypes -Wno-semicolon-before-method-body @/Users/jasonlee/Library/Developer/Xcode/DerivedData/Notch-ddzsfiyxyoauidejndllmosklbkq/Build/Intermediates.noindex/PostHog.build/Release/phlibwebp.build/Objects-normal/arm64/7187679823f38a2a940e0043cdf9d637-common-args.resp -MMD -MT dependencies -MF /Users/jasonlee/Library/Developer/Xcode/DerivedData/Notch-ddzsfiyxyoauidejndllmosklbkq/Build/Intermediates.noindex/PostHog.build/Release/phlibwebp.build/Objects-normal/arm64/filters_sse2.d --serialize-diagnostics /Users/jasonlee/Library/Developer/Xcode/DerivedData/Notch-ddzsfiyxyoauidejndllmosklbkq/Build/Intermediates.noindex/PostHog.build/Release/phlibwebp.build/Objects-normal/arm64/filters_sse2.dia -c /Users/jasonlee/Library/Developer/Xcode/DerivedData/Notch-ddzsfiyxyoauidejndllmosklbkq/SourcePackages/checkouts/posthog-ios/vendor/libwebp/filters_sse2.c -o /Users/jasonlee/Library/Developer/Xcode/DerivedData/Notch-ddzsfiyxyoauidejndllmosklbkq/Build/Intermediates.noindex/PostHog.build/Release/phlibwebp.build/Objects-normal/arm64/filters_sse2.o

ScanDependencies /Users/jasonlee/Library/Developer/Xcode/DerivedData/Notch-ddzsfiyxyoauidejndllmosklbkq/Build/Intermediates.noindex/PostHog.build/Release/phlibwebp.build/Objects-normal/arm64/filters_neon.o /Users/jasonlee/Library/Developer/Xcode/DerivedData/Notch-ddzsfiyxyoauidejndllmosklbkq/SourcePackages/checkouts/posthog-ios/vendor/libwebp/filters_neon.c normal arm64 c com.apple.compilers.llvm.clang.1_0.compiler (in target 'phlibwebp' from project 'PostHog')
    cd /Users/jasonlee/Coding/App/Notch/Notch.xcodeproj
    
    Using response file: /Users/jasonlee/Library/Developer/Xcode/DerivedData/Notch-ddzsfiyxyoauidejndllmosklbkq/Build/Intermediates.noindex/PostHog.build/Release/phlibwebp.build/Objects-normal/arm64/7187679823f38a2a940e0043cdf9d637-common-args.resp
    
    builtin-ScanDependencies -o /Users/jasonlee/Library/Developer/Xcode/DerivedData/Notch-ddzsfiyxyoauidejndllmosklbkq/Build/Intermediates.noindex/PostHog.build/Release/phlibwebp.build/Objects-normal/arm64/filters_neon.o.scan -- /Applications/Xcode.app/Contents/Developer/Toolchains/XcodeDefault.xctoolchain/usr/bin/clang -x c -ivfsstatcache /Users/jasonlee/Library/Developer/Xcode/DerivedData/SDKStatCaches.noindex/macosx26.4-25E251-30f9ca8789b706f8bd3fc906a70d770f.sdkstatcache -target arm64-apple-macos10.15 -fmessage-length\=0 -fdiagnostics-show-note-include-stack -fmacro-backtrace-limit\=0 -fno-color-diagnostics -fmodules-prune-interval\=86400 -fmodules-prune-after\=345600 -fbuild-session-file\=/Users/jasonlee/Library/Developer/Xcode/DerivedData/ModuleCache.noindex/Session.modulevalidation -fmodules-validate-once-per-build-session -Wnon-modular-include-in-framework-module -Werror\=non-modular-include-in-framework-module -Wno-trigraphs -Wno-missing-field-initializers -Wno-missing-prototypes -Wno-return-type -Wno-missing-braces -Wparentheses -Wswitch -Wno-unused-function -Wno-unused-label -Wno-unused-parameter -Wno-unused-variable -Wunused-value -Wno-empty-body -Wno-uninitialized -Wno-unknown-pragmas -w -Wno-shadow -Wno-four-char-constants -Wno-conversion -Wno-constant-conversion -Wno-int-conversion -Wno-bool-conversion -Wno-enum-conversion -Wno-float-conversion -Wno-non-literal-null-conversion -Wno-objc-literal-conversion -Wshorten-64-to-32 -Wpointer-sign -Wno-newline-eof -Wno-implicit-fallthrough -isysroot /Applications/Xcode.app/Contents/Developer/Platforms/MacOSX.platform/Developer/SDKs/MacOSX26.4.sdk -fstrict-aliasing -Wdeprecated-declarations -Wno-sign-conversion -Wno-infinite-recursion -Wno-comma -Wno-block-capture-autoreleasing -Wno-strict-prototypes -Wno-semicolon-before-method-body @/Users/jasonlee/Library/Developer/Xcode/DerivedData/Notch-ddzsfiyxyoauidejndllmosklbkq/Build/Intermediates.noindex/PostHog.build/Release/phlibwebp.build/Objects-normal/arm64/7187679823f38a2a940e0043cdf9d637-common-args.resp -MMD -MT dependencies -MF /Users/jasonlee/Library/Developer/Xcode/DerivedData/Notch-ddzsfiyxyoauidejndllmosklbkq/Build/Intermediates.noindex/PostHog.build/Release/phlibwebp.build/Objects-normal/arm64/filters_neon.d --serialize-diagnostics /Users/jasonlee/Library/Developer/Xcode/DerivedData/Notch-ddzsfiyxyoauidejndllmosklbkq/Build/Intermediates.noindex/PostHog.build/Release/phlibwebp.build/Objects-normal/arm64/filters_neon.dia -c /Users/jasonlee/Library/Developer/Xcode/DerivedData/Notch-ddzsfiyxyoauidejndllmosklbkq/SourcePackages/checkouts/posthog-ios/vendor/libwebp/filters_neon.c -o /Users/jasonlee/Library/Developer/Xcode/DerivedData/Notch-ddzsfiyxyoauidejndllmosklbkq/Build/Intermediates.noindex/PostHog.build/Release/phlibwebp.build/Objects-normal/arm64/filters_neon.o

ScanDependencies /Users/jasonlee/Library/Developer/Xcode/DerivedData/Notch-ddzsfiyxyoauidejndllmosklbkq/Build/Intermediates.noindex/PostHog.build/Release/phlibwebp.build/Objects-normal/arm64/filters.o /Users/jasonlee/Library/Developer/Xcode/DerivedData/Notch-ddzsfiyxyoauidejndllmosklbkq/SourcePackages/checkouts/posthog-ios/vendor/libwebp/filters.c normal arm64 c com.apple.compilers.llvm.clang.1_0.compiler (in target 'phlibwebp' from project 'PostHog')
    cd /Users/jasonlee/Coding/App/Notch/Notch.xcodeproj
    
    Using response file: /Users/jasonlee/Library/Developer/Xcode/DerivedData/Notch-ddzsfiyxyoauidejndllmosklbkq/Build/Intermediates.noindex/PostHog.build/Release/phlibwebp.build/Objects-normal/arm64/7187679823f38a2a940e0043cdf9d637-common-args.resp
    
    builtin-ScanDependencies -o /Users/jasonlee/Library/Developer/Xcode/DerivedData/Notch-ddzsfiyxyoauidejndllmosklbkq/Build/Intermediates.noindex/PostHog.build/Release/phlibwebp.build/Objects-normal/arm64/filters.o.scan -- /Applications/Xcode.app/Contents/Developer/Toolchains/XcodeDefault.xctoolchain/usr/bin/clang -x c -ivfsstatcache /Users/jasonlee/Library/Developer/Xcode/DerivedData/SDKStatCaches.noindex/macosx26.4-25E251-30f9ca8789b706f8bd3fc906a70d770f.sdkstatcache -target arm64-apple-macos10.15 -fmessage-length\=0 -fdiagnostics-show-note-include-stack -fmacro-backtrace-limit\=0 -fno-color-diagnostics -fmodules-prune-interval\=86400 -fmodules-prune-after\=345600 -fbuild-session-file\=/Users/jasonlee/Library/Developer/Xcode/DerivedData/ModuleCache.noindex/Session.modulevalidation -fmodules-validate-once-per-build-session -Wnon-modular-include-in-framework-module -Werror\=non-modular-include-in-framework-module -Wno-trigraphs -Wno-missing-field-initializers -Wno-missing-prototypes -Wno-return-type -Wno-missing-braces -Wparentheses -Wswitch -Wno-unused-function -Wno-unused-label -Wno-unused-parameter -Wno-unused-variable -Wunused-value -Wno-empty-body -Wno-uninitialized -Wno-unknown-pragmas -w -Wno-shadow -Wno-four-char-constants -Wno-conversion -Wno-constant-conversion -Wno-int-conversion -Wno-bool-conversion -Wno-enum-conversion -Wno-float-conversion -Wno-non-literal-null-conversion -Wno-objc-literal-conversion -Wshorten-64-to-32 -Wpointer-sign -Wno-newline-eof -Wno-implicit-fallthrough -isysroot /Applications/Xcode.app/Contents/Developer/Platforms/MacOSX.platform/Developer/SDKs/MacOSX26.4.sdk -fstrict-aliasing -Wdeprecated-declarations -Wno-sign-conversion -Wno-infinite-recursion -Wno-comma -Wno-block-capture-autoreleasing -Wno-strict-prototypes -Wno-semicolon-before-method-body @/Users/jasonlee/Library/Developer/Xcode/DerivedData/Notch-ddzsfiyxyoauidejndllmosklbkq/Build/Intermediates.noindex/PostHog.build/Release/phlibwebp.build/Objects-normal/arm64/7187679823f38a2a940e0043cdf9d637-common-args.resp -MMD -MT dependencies -MF /Users/jasonlee/Library/Developer/Xcode/DerivedData/Notch-ddzsfiyxyoauidejndllmosklbkq/Build/Intermediates.noindex/PostHog.build/Release/phlibwebp.build/Objects-normal/arm64/filters.d --serialize-diagnostics /Users/jasonlee/Library/Developer/Xcode/DerivedData/Notch-ddzsfiyxyoauidejndllmosklbkq/Build/Intermediates.noindex/PostHog.build/Release/phlibwebp.build/Objects-normal/arm64/filters.dia -c /Users/jasonlee/Library/Developer/Xcode/DerivedData/Notch-ddzsfiyxyoauidejndllmosklbkq/SourcePackages/checkouts/posthog-ios/vendor/libwebp/filters.c -o /Users/jasonlee/Library/Developer/Xcode/DerivedData/Notch-ddzsfiyxyoauidejndllmosklbkq/Build/Intermediates.noindex/PostHog.build/Release/phlibwebp.build/Objects-normal/arm64/filters.o

ScanDependencies /Users/jasonlee/Library/Developer/Xcode/DerivedData/Notch-ddzsfiyxyoauidejndllmosklbkq/Build/Intermediates.noindex/PostHog.build/Release/phlibwebp.build/Objects-normal/arm64/filter_enc.o /Users/jasonlee/Library/Developer/Xcode/DerivedData/Notch-ddzsfiyxyoauidejndllmosklbkq/SourcePackages/checkouts/posthog-ios/vendor/libwebp/filter_enc.c normal arm64 c com.apple.compilers.llvm.clang.1_0.compiler (in target 'phlibwebp' from project 'PostHog')
    cd /Users/jasonlee/Coding/App/Notch/Notch.xcodeproj
    
    Using response file: /Users/jasonlee/Library/Developer/Xcode/DerivedData/Notch-ddzsfiyxyoauidejndllmosklbkq/Build/Intermediates.noindex/PostHog.build/Release/phlibwebp.build/Objects-normal/arm64/7187679823f38a2a940e0043cdf9d637-common-args.resp
    
    builtin-ScanDependencies -o /Users/jasonlee/Library/Developer/Xcode/DerivedData/Notch-ddzsfiyxyoauidejndllmosklbkq/Build/Intermediates.noindex/PostHog.build/Release/phlibwebp.build/Objects-normal/arm64/filter_enc.o.scan -- /Applications/Xcode.app/Contents/Developer/Toolchains/XcodeDefault.xctoolchain/usr/bin/clang -x c -ivfsstatcache /Users/jasonlee/Library/Developer/Xcode/DerivedData/SDKStatCaches.noindex/macosx26.4-25E251-30f9ca8789b706f8bd3fc906a70d770f.sdkstatcache -target arm64-apple-macos10.15 -fmessage-length\=0 -fdiagnostics-show-note-include-stack -fmacro-backtrace-limit\=0 -fno-color-diagnostics -fmodules-prune-interval\=86400 -fmodules-prune-after\=345600 -fbuild-session-file\=/Users/jasonlee/Library/Developer/Xcode/DerivedData/ModuleCache.noindex/Session.modulevalidation -fmodules-validate-once-per-build-session -Wnon-modular-include-in-framework-module -Werror\=non-modular-include-in-framework-module -Wno-trigraphs -Wno-missing-field-initializers -Wno-missing-prototypes -Wno-return-type -Wno-missing-braces -Wparentheses -Wswitch -Wno-unused-function -Wno-unused-label -Wno-unused-parameter -Wno-unused-variable -Wunused-value -Wno-empty-body -Wno-uninitialized -Wno-unknown-pragmas -w -Wno-shadow -Wno-four-char-constants -Wno-conversion -Wno-constant-conversion -Wno-int-conversion -Wno-bool-conversion -Wno-enum-conversion -Wno-float-conversion -Wno-non-literal-null-conversion -Wno-objc-literal-conversion -Wshorten-64-to-32 -Wpointer-sign -Wno-newline-eof -Wno-implicit-fallthrough -isysroot /Applications/Xcode.app/Contents/Developer/Platforms/MacOSX.platform/Developer/SDKs/MacOSX26.4.sdk -fstrict-aliasing -Wdeprecated-declarations -Wno-sign-conversion -Wno-infinite-recursion -Wno-comma -Wno-block-capture-autoreleasing -Wno-strict-prototypes -Wno-semicolon-before-method-body @/Users/jasonlee/Library/Developer/Xcode/DerivedData/Notch-ddzsfiyxyoauidejndllmosklbkq/Build/Intermediates.noindex/PostHog.build/Release/phlibwebp.build/Objects-normal/arm64/7187679823f38a2a940e0043cdf9d637-common-args.resp -MMD -MT dependencies -MF /Users/jasonlee/Library/Developer/Xcode/DerivedData/Notch-ddzsfiyxyoauidejndllmosklbkq/Build/Intermediates.noindex/PostHog.build/Release/phlibwebp.build/Objects-normal/arm64/filter_enc.d --serialize-diagnostics /Users/jasonlee/Library/Developer/Xcode/DerivedData/Notch-ddzsfiyxyoauidejndllmosklbkq/Build/Intermediates.noindex/PostHog.build/Release/phlibwebp.build/Objects-normal/arm64/filter_enc.dia -c /Users/jasonlee/Library/Developer/Xcode/DerivedData/Notch-ddzsfiyxyoauidejndllmosklbkq/SourcePackages/checkouts/posthog-ios/vendor/libwebp/filter_enc.c -o /Users/jasonlee/Library/Developer/Xcode/DerivedData/Notch-ddzsfiyxyoauidejndllmosklbkq/Build/Intermediates.noindex/PostHog.build/Release/phlibwebp.build/Objects-normal/arm64/filter_enc.o

ScanDependencies /Users/jasonlee/Library/Developer/Xcode/DerivedData/Notch-ddzsfiyxyoauidejndllmosklbkq/Build/Intermediates.noindex/PostHog.build/Release/phlibwebp.build/Objects-normal/arm64/enc_sse41.o /Users/jasonlee/Library/Developer/Xcode/DerivedData/Notch-ddzsfiyxyoauidejndllmosklbkq/SourcePackages/checkouts/posthog-ios/vendor/libwebp/enc_sse41.c normal arm64 c com.apple.compilers.llvm.clang.1_0.compiler (in target 'phlibwebp' from project 'PostHog')
    cd /Users/jasonlee/Coding/App/Notch/Notch.xcodeproj
    
    Using response file: /Users/jasonlee/Library/Developer/Xcode/DerivedData/Notch-ddzsfiyxyoauidejndllmosklbkq/Build/Intermediates.noindex/PostHog.build/Release/phlibwebp.build/Objects-normal/arm64/7187679823f38a2a940e0043cdf9d637-common-args.resp
    
    builtin-ScanDependencies -o /Users/jasonlee/Library/Developer/Xcode/DerivedData/Notch-ddzsfiyxyoauidejndllmosklbkq/Build/Intermediates.noindex/PostHog.build/Release/phlibwebp.build/Objects-normal/arm64/enc_sse41.o.scan -- /Applications/Xcode.app/Contents/Developer/Toolchains/XcodeDefault.xctoolchain/usr/bin/clang -x c -ivfsstatcache /Users/jasonlee/Library/Developer/Xcode/DerivedData/SDKStatCaches.noindex/macosx26.4-25E251-30f9ca8789b706f8bd3fc906a70d770f.sdkstatcache -target arm64-apple-macos10.15 -fmessage-length\=0 -fdiagnostics-show-note-include-stack -fmacro-backtrace-limit\=0 -fno-color-diagnostics -fmodules-prune-interval\=86400 -fmodules-prune-after\=345600 -fbuild-session-file\=/Users/jasonlee/Library/Developer/Xcode/DerivedData/ModuleCache.noindex/Session.modulevalidation -fmodules-validate-once-per-build-session -Wnon-modular-include-in-framework-module -Werror\=non-modular-include-in-framework-module -Wno-trigraphs -Wno-missing-field-initializers -Wno-missing-prototypes -Wno-return-type -Wno-missing-braces -Wparentheses -Wswitch -Wno-unused-function -Wno-unused-label -Wno-unused-parameter -Wno-unused-variable -Wunused-value -Wno-empty-body -Wno-uninitialized -Wno-unknown-pragmas -w -Wno-shadow -Wno-four-char-constants -Wno-conversion -Wno-constant-conversion -Wno-int-conversion -Wno-bool-conversion -Wno-enum-conversion -Wno-float-conversion -Wno-non-literal-null-conversion -Wno-objc-literal-conversion -Wshorten-64-to-32 -Wpointer-sign -Wno-newline-eof -Wno-implicit-fallthrough -isysroot /Applications/Xcode.app/Contents/Developer/Platforms/MacOSX.platform/Developer/SDKs/MacOSX26.4.sdk -fstrict-aliasing -Wdeprecated-declarations -Wno-sign-conversion -Wno-infinite-recursion -Wno-comma -Wno-block-capture-autoreleasing -Wno-strict-prototypes -Wno-semicolon-before-method-body @/Users/jasonlee/Library/Developer/Xcode/DerivedData/Notch-ddzsfiyxyoauidejndllmosklbkq/Build/Intermediates.noindex/PostHog.build/Release/phlibwebp.build/Objects-normal/arm64/7187679823f38a2a940e0043cdf9d637-common-args.resp -MMD -MT dependencies -MF /Users/jasonlee/Library/Developer/Xcode/DerivedData/Notch-ddzsfiyxyoauidejndllmosklbkq/Build/Intermediates.noindex/PostHog.build/Release/phlibwebp.build/Objects-normal/arm64/enc_sse41.d --serialize-diagnostics /Users/jasonlee/Library/Developer/Xcode/DerivedData/Notch-ddzsfiyxyoauidejndllmosklbkq/Build/Intermediates.noindex/PostHog.build/Release/phlibwebp.build/Objects-normal/arm64/enc_sse41.dia -c /Users/jasonlee/Library/Developer/Xcode/DerivedData/Notch-ddzsfiyxyoauidejndllmosklbkq/SourcePackages/checkouts/posthog-ios/vendor/libwebp/enc_sse41.c -o /Users/jasonlee/Library/Developer/Xcode/DerivedData/Notch-ddzsfiyxyoauidejndllmosklbkq/Build/Intermediates.noindex/PostHog.build/Release/phlibwebp.build/Objects-normal/arm64/enc_sse41.o

ScanDependencies /Users/jasonlee/Library/Developer/Xcode/DerivedData/Notch-ddzsfiyxyoauidejndllmosklbkq/Build/Intermediates.noindex/PostHog.build/Release/phlibwebp.build/Objects-normal/arm64/enc_sse2.o /Users/jasonlee/Library/Developer/Xcode/DerivedData/Notch-ddzsfiyxyoauidejndllmosklbkq/SourcePackages/checkouts/posthog-ios/vendor/libwebp/enc_sse2.c normal arm64 c com.apple.compilers.llvm.clang.1_0.compiler (in target 'phlibwebp' from project 'PostHog')
    cd /Users/jasonlee/Coding/App/Notch/Notch.xcodeproj
    
    Using response file: /Users/jasonlee/Library/Developer/Xcode/DerivedData/Notch-ddzsfiyxyoauidejndllmosklbkq/Build/Intermediates.noindex/PostHog.build/Release/phlibwebp.build/Objects-normal/arm64/7187679823f38a2a940e0043cdf9d637-common-args.resp
    
    builtin-ScanDependencies -o /Users/jasonlee/Library/Developer/Xcode/DerivedData/Notch-ddzsfiyxyoauidejndllmosklbkq/Build/Intermediates.noindex/PostHog.build/Release/phlibwebp.build/Objects-normal/arm64/enc_sse2.o.scan -- /Applications/Xcode.app/Contents/Developer/Toolchains/XcodeDefault.xctoolchain/usr/bin/clang -x c -ivfsstatcache /Users/jasonlee/Library/Developer/Xcode/DerivedData/SDKStatCaches.noindex/macosx26.4-25E251-30f9ca8789b706f8bd3fc906a70d770f.sdkstatcache -target arm64-apple-macos10.15 -fmessage-length\=0 -fdiagnostics-show-note-include-stack -fmacro-backtrace-limit\=0 -fno-color-diagnostics -fmodules-prune-interval\=86400 -fmodules-prune-after\=345600 -fbuild-session-file\=/Users/jasonlee/Library/Developer/Xcode/DerivedData/ModuleCache.noindex/Session.modulevalidation -fmodules-validate-once-per-build-session -Wnon-modular-include-in-framework-module -Werror\=non-modular-include-in-framework-module -Wno-trigraphs -Wno-missing-field-initializers -Wno-missing-prototypes -Wno-return-type -Wno-missing-braces -Wparentheses -Wswitch -Wno-unused-function -Wno-unused-label -Wno-unused-parameter -Wno-unused-variable -Wunused-value -Wno-empty-body -Wno-uninitialized -Wno-unknown-pragmas -w -Wno-shadow -Wno-four-char-constants -Wno-conversion -Wno-constant-conversion -Wno-int-conversion -Wno-bool-conversion -Wno-enum-conversion -Wno-float-conversion -Wno-non-literal-null-conversion -Wno-objc-literal-conversion -Wshorten-64-to-32 -Wpointer-sign -Wno-newline-eof -Wno-implicit-fallthrough -isysroot /Applications/Xcode.app/Contents/Developer/Platforms/MacOSX.platform/Developer/SDKs/MacOSX26.4.sdk -fstrict-aliasing -Wdeprecated-declarations -Wno-sign-conversion -Wno-infinite-recursion -Wno-comma -Wno-block-capture-autoreleasing -Wno-strict-prototypes -Wno-semicolon-before-method-body @/Users/jasonlee/Library/Developer/Xcode/DerivedData/Notch-ddzsfiyxyoauidejndllmosklbkq/Build/Intermediates.noindex/PostHog.build/Release/phlibwebp.build/Objects-normal/arm64/7187679823f38a2a940e0043cdf9d637-common-args.resp -MMD -MT dependencies -MF /Users/jasonlee/Library/Developer/Xcode/DerivedData/Notch-ddzsfiyxyoauidejndllmosklbkq/Build/Intermediates.noindex/PostHog.build/Release/phlibwebp.build/Objects-normal/arm64/enc_sse2.d --serialize-diagnostics /Users/jasonlee/Library/Developer/Xcode/DerivedData/Notch-ddzsfiyxyoauidejndllmosklbkq/Build/Intermediates.noindex/PostHog.build/Release/phlibwebp.build/Objects-normal/arm64/enc_sse2.dia -c /Users/jasonlee/Library/Developer/Xcode/DerivedData/Notch-ddzsfiyxyoauidejndllmosklbkq/SourcePackages/checkouts/posthog-ios/vendor/libwebp/enc_sse2.c -o /Users/jasonlee/Library/Developer/Xcode/DerivedData/Notch-ddzsfiyxyoauidejndllmosklbkq/Build/Intermediates.noindex/PostHog.build/Release/phlibwebp.build/Objects-normal/arm64/enc_sse2.o

ScanDependencies /Users/jasonlee/Library/Developer/Xcode/DerivedData/Notch-ddzsfiyxyoauidejndllmosklbkq/Build/Intermediates.noindex/PostHog.build/Release/phlibwebp.build/Objects-normal/arm64/enc.o /Users/jasonlee/Library/Developer/Xcode/DerivedData/Notch-ddzsfiyxyoauidejndllmosklbkq/SourcePackages/checkouts/posthog-ios/vendor/libwebp/enc.c normal arm64 c com.apple.compilers.llvm.clang.1_0.compiler (in target 'phlibwebp' from project 'PostHog')
    cd /Users/jasonlee/Coding/App/Notch/Notch.xcodeproj
    
    Using response file: /Users/jasonlee/Library/Developer/Xcode/DerivedData/Notch-ddzsfiyxyoauidejndllmosklbkq/Build/Intermediates.noindex/PostHog.build/Release/phlibwebp.build/Objects-normal/arm64/7187679823f38a2a940e0043cdf9d637-common-args.resp
    
    builtin-ScanDependencies -o /Users/jasonlee/Library/Developer/Xcode/DerivedData/Notch-ddzsfiyxyoauidejndllmosklbkq/Build/Intermediates.noindex/PostHog.build/Release/phlibwebp.build/Objects-normal/arm64/enc.o.scan -- /Applications/Xcode.app/Contents/Developer/Toolchains/XcodeDefault.xctoolchain/usr/bin/clang -x c -ivfsstatcache /Users/jasonlee/Library/Developer/Xcode/DerivedData/SDKStatCaches.noindex/macosx26.4-25E251-30f9ca8789b706f8bd3fc906a70d770f.sdkstatcache -target arm64-apple-macos10.15 -fmessage-length\=0 -fdiagnostics-show-note-include-stack -fmacro-backtrace-limit\=0 -fno-color-diagnostics -fmodules-prune-interval\=86400 -fmodules-prune-after\=345600 -fbuild-session-file\=/Users/jasonlee/Library/Developer/Xcode/DerivedData/ModuleCache.noindex/Session.modulevalidation -fmodules-validate-once-per-build-session -Wnon-modular-include-in-framework-module -Werror\=non-modular-include-in-framework-module -Wno-trigraphs -Wno-missing-field-initializers -Wno-missing-prototypes -Wno-return-type -Wno-missing-braces -Wparentheses -Wswitch -Wno-unused-function -Wno-unused-label -Wno-unused-parameter -Wno-unused-variable -Wunused-value -Wno-empty-body -Wno-uninitialized -Wno-unknown-pragmas -w -Wno-shadow -Wno-four-char-constants -Wno-conversion -Wno-constant-conversion -Wno-int-conversion -Wno-bool-conversion -Wno-enum-conversion -Wno-float-conversion -Wno-non-literal-null-conversion -Wno-objc-literal-conversion -Wshorten-64-to-32 -Wpointer-sign -Wno-newline-eof -Wno-implicit-fallthrough -isysroot /Applications/Xcode.app/Contents/Developer/Platforms/MacOSX.platform/Developer/SDKs/MacOSX26.4.sdk -fstrict-aliasing -Wdeprecated-declarations -Wno-sign-conversion -Wno-infinite-recursion -Wno-comma -Wno-block-capture-autoreleasing -Wno-strict-prototypes -Wno-semicolon-before-method-body @/Users/jasonlee/Library/Developer/Xcode/DerivedData/Notch-ddzsfiyxyoauidejndllmosklbkq/Build/Intermediates.noindex/PostHog.build/Release/phlibwebp.build/Objects-normal/arm64/7187679823f38a2a940e0043cdf9d637-common-args.resp -MMD -MT dependencies -MF /Users/jasonlee/Library/Developer/Xcode/DerivedData/Notch-ddzsfiyxyoauidejndllmosklbkq/Build/Intermediates.noindex/PostHog.build/Release/phlibwebp.build/Objects-normal/arm64/enc.d --serialize-diagnostics /Users/jasonlee/Library/Developer/Xcode/DerivedData/Notch-ddzsfiyxyoauidejndllmosklbkq/Build/Intermediates.noindex/PostHog.build/Release/phlibwebp.build/Objects-normal/arm64/enc.dia -c /Users/jasonlee/Library/Developer/Xcode/DerivedData/Notch-ddzsfiyxyoauidejndllmosklbkq/SourcePackages/checkouts/posthog-ios/vendor/libwebp/enc.c -o /Users/jasonlee/Library/Developer/Xcode/DerivedData/Notch-ddzsfiyxyoauidejndllmosklbkq/Build/Intermediates.noindex/PostHog.build/Release/phlibwebp.build/Objects-normal/arm64/enc.o

ScanDependencies /Users/jasonlee/Library/Developer/Xcode/DerivedData/Notch-ddzsfiyxyoauidejndllmosklbkq/Build/Intermediates.noindex/PostHog.build/Release/phlibwebp.build/Objects-normal/arm64/enc_neon.o /Users/jasonlee/Library/Developer/Xcode/DerivedData/Notch-ddzsfiyxyoauidejndllmosklbkq/SourcePackages/checkouts/posthog-ios/vendor/libwebp/enc_neon.c normal arm64 c com.apple.compilers.llvm.clang.1_0.compiler (in target 'phlibwebp' from project 'PostHog')
    cd /Users/jasonlee/Coding/App/Notch/Notch.xcodeproj
    
    Using response file: /Users/jasonlee/Library/Developer/Xcode/DerivedData/Notch-ddzsfiyxyoauidejndllmosklbkq/Build/Intermediates.noindex/PostHog.build/Release/phlibwebp.build/Objects-normal/arm64/7187679823f38a2a940e0043cdf9d637-common-args.resp
    
    builtin-ScanDependencies -o /Users/jasonlee/Library/Developer/Xcode/DerivedData/Notch-ddzsfiyxyoauidejndllmosklbkq/Build/Intermediates.noindex/PostHog.build/Release/phlibwebp.build/Objects-normal/arm64/enc_neon.o.scan -- /Applications/Xcode.app/Contents/Developer/Toolchains/XcodeDefault.xctoolchain/usr/bin/clang -x c -ivfsstatcache /Users/jasonlee/Library/Developer/Xcode/DerivedData/SDKStatCaches.noindex/macosx26.4-25E251-30f9ca8789b706f8bd3fc906a70d770f.sdkstatcache -target arm64-apple-macos10.15 -fmessage-length\=0 -fdiagnostics-show-note-include-stack -fmacro-backtrace-limit\=0 -fno-color-diagnostics -fmodules-prune-interval\=86400 -fmodules-prune-after\=345600 -fbuild-session-file\=/Users/jasonlee/Library/Developer/Xcode/DerivedData/ModuleCache.noindex/Session.modulevalidation -fmodules-validate-once-per-build-session -Wnon-modular-include-in-framework-module -Werror\=non-modular-include-in-framework-module -Wno-trigraphs -Wno-missing-field-initializers -Wno-missing-prototypes -Wno-return-type -Wno-missing-braces -Wparentheses -Wswitch -Wno-unused-function -Wno-unused-label -Wno-unused-parameter -Wno-unused-variable -Wunused-value -Wno-empty-body -Wno-uninitialized -Wno-unknown-pragmas -w -Wno-shadow -Wno-four-char-constants -Wno-conversion -Wno-constant-conversion -Wno-int-conversion -Wno-bool-conversion -Wno-enum-conversion -Wno-float-conversion -Wno-non-literal-null-conversion -Wno-objc-literal-conversion -Wshorten-64-to-32 -Wpointer-sign -Wno-newline-eof -Wno-implicit-fallthrough -isysroot /Applications/Xcode.app/Contents/Developer/Platforms/MacOSX.platform/Developer/SDKs/MacOSX26.4.sdk -fstrict-aliasing -Wdeprecated-declarations -Wno-sign-conversion -Wno-infinite-recursion -Wno-comma -Wno-block-capture-autoreleasing -Wno-strict-prototypes -Wno-semicolon-before-method-body @/Users/jasonlee/Library/Developer/Xcode/DerivedData/Notch-ddzsfiyxyoauidejndllmosklbkq/Build/Intermediates.noindex/PostHog.build/Release/phlibwebp.build/Objects-normal/arm64/7187679823f38a2a940e0043cdf9d637-common-args.resp -MMD -MT dependencies -MF /Users/jasonlee/Library/Developer/Xcode/DerivedData/Notch-ddzsfiyxyoauidejndllmosklbkq/Build/Intermediates.noindex/PostHog.build/Release/phlibwebp.build/Objects-normal/arm64/enc_neon.d --serialize-diagnostics /Users/jasonlee/Library/Developer/Xcode/DerivedData/Notch-ddzsfiyxyoauidejndllmosklbkq/Build/Intermediates.noindex/PostHog.build/Release/phlibwebp.build/Objects-normal/arm64/enc_neon.dia -c /Users/jasonlee/Library/Developer/Xcode/DerivedData/Notch-ddzsfiyxyoauidejndllmosklbkq/SourcePackages/checkouts/posthog-ios/vendor/libwebp/enc_neon.c -o /Users/jasonlee/Library/Developer/Xcode/DerivedData/Notch-ddzsfiyxyoauidejndllmosklbkq/Build/Intermediates.noindex/PostHog.build/Release/phlibwebp.build/Objects-normal/arm64/enc_neon.o

Ld /Users/jasonlee/Library/Developer/Xcode/DerivedData/Notch-ddzsfiyxyoauidejndllmosklbkq/Build/Intermediates.noindex/PostHog.build/Release/phlibwebp.build/Objects-normal/x86_64/Binary/phlibwebp.o normal x86_64 (in target 'phlibwebp' from project 'PostHog')
    cd /Users/jasonlee/Library/Developer/Xcode/DerivedData/Notch-ddzsfiyxyoauidejndllmosklbkq/SourcePackages/checkouts/posthog-ios
    /Applications/Xcode.app/Contents/Developer/Toolchains/XcodeDefault.xctoolchain/usr/bin/clang -Xlinker -reproducible -target x86_64-apple-macos10.15 -r -isysroot /Applications/Xcode.app/Contents/Developer/Platforms/MacOSX.platform/Developer/SDKs/MacOSX26.4.sdk -Os -w -F/Users/jasonlee/Library/Developer/Xcode/DerivedData/Notch-ddzsfiyxyoauidejndllmosklbkq/Build/Intermediates.noindex/EagerLinkingTBDs/Release -F/Users/jasonlee/Library/Developer/Xcode/DerivedData/Notch-ddzsfiyxyoauidejndllmosklbkq/Build/Products/Release -iframework /Applications/Xcode.app/Contents/Developer/Platforms/MacOSX.platform/Developer/Library/Frameworks -filelist /Users/jasonlee/Library/Developer/Xcode/DerivedData/Notch-ddzsfiyxyoauidejndllmosklbkq/Build/Intermediates.noindex/PostHog.build/Release/phlibwebp.build/Objects-normal/x86_64/phlibwebp.LinkFileList -nostdlib -Xlinker -object_path_lto -Xlinker /Users/jasonlee/Library/Developer/Xcode/DerivedData/Notch-ddzsfiyxyoauidejndllmosklbkq/Build/Intermediates.noindex/PostHog.build/Release/phlibwebp.build/Objects-normal/x86_64/phlibwebp_lto.o -Xlinker -debug_variant -Xlinker -dependency_info -Xlinker /Users/jasonlee/Library/Developer/Xcode/DerivedData/Notch-ddzsfiyxyoauidejndllmosklbkq/Build/Intermediates.noindex/PostHog.build/Release/phlibwebp.build/Objects-normal/x86_64/phlibwebp_dependency_info.dat -o /Users/jasonlee/Library/Developer/Xcode/DerivedData/Notch-ddzsfiyxyoauidejndllmosklbkq/Build/Intermediates.noindex/PostHog.build/Release/phlibwebp.build/Objects-normal/x86_64/Binary/phlibwebp.o

ScanDependencies /Users/jasonlee/Library/Developer/Xcode/DerivedData/Notch-ddzsfiyxyoauidejndllmosklbkq/Build/Intermediates.noindex/PostHog.build/Release/phlibwebp.build/Objects-normal/arm64/dec_sse41.o /Users/jasonlee/Library/Developer/Xcode/DerivedData/Notch-ddzsfiyxyoauidejndllmosklbkq/SourcePackages/checkouts/posthog-ios/vendor/libwebp/dec_sse41.c normal arm64 c com.apple.compilers.llvm.clang.1_0.compiler (in target 'phlibwebp' from project 'PostHog')
    cd /Users/jasonlee/Coding/App/Notch/Notch.xcodeproj
    
    Using response file: /Users/jasonlee/Library/Developer/Xcode/DerivedData/Notch-ddzsfiyxyoauidejndllmosklbkq/Build/Intermediates.noindex/PostHog.build/Release/phlibwebp.build/Objects-normal/arm64/7187679823f38a2a940e0043cdf9d637-common-args.resp
    
    builtin-ScanDependencies -o /Users/jasonlee/Library/Developer/Xcode/DerivedData/Notch-ddzsfiyxyoauidejndllmosklbkq/Build/Intermediates.noindex/PostHog.build/Release/phlibwebp.build/Objects-normal/arm64/dec_sse41.o.scan -- /Applications/Xcode.app/Contents/Developer/Toolchains/XcodeDefault.xctoolchain/usr/bin/clang -x c -ivfsstatcache /Users/jasonlee/Library/Developer/Xcode/DerivedData/SDKStatCaches.noindex/macosx26.4-25E251-30f9ca8789b706f8bd3fc906a70d770f.sdkstatcache -target arm64-apple-macos10.15 -fmessage-length\=0 -fdiagnostics-show-note-include-stack -fmacro-backtrace-limit\=0 -fno-color-diagnostics -fmodules-prune-interval\=86400 -fmodules-prune-after\=345600 -fbuild-session-file\=/Users/jasonlee/Library/Developer/Xcode/DerivedData/ModuleCache.noindex/Session.modulevalidation -fmodules-validate-once-per-build-session -Wnon-modular-include-in-framework-module -Werror\=non-modular-include-in-framework-module -Wno-trigraphs -Wno-missing-field-initializers -Wno-missing-prototypes -Wno-return-type -Wno-missing-braces -Wparentheses -Wswitch -Wno-unused-function -Wno-unused-label -Wno-unused-parameter -Wno-unused-variable -Wunused-value -Wno-empty-body -Wno-uninitialized -Wno-unknown-pragmas -w -Wno-shadow -Wno-four-char-constants -Wno-conversion -Wno-constant-conversion -Wno-int-conversion -Wno-bool-conversion -Wno-enum-conversion -Wno-float-conversion -Wno-non-literal-null-conversion -Wno-objc-literal-conversion -Wshorten-64-to-32 -Wpointer-sign -Wno-newline-eof -Wno-implicit-fallthrough -isysroot /Applications/Xcode.app/Contents/Developer/Platforms/MacOSX.platform/Developer/SDKs/MacOSX26.4.sdk -fstrict-aliasing -Wdeprecated-declarations -Wno-sign-conversion -Wno-infinite-recursion -Wno-comma -Wno-block-capture-autoreleasing -Wno-strict-prototypes -Wno-semicolon-before-method-body @/Users/jasonlee/Library/Developer/Xcode/DerivedData/Notch-ddzsfiyxyoauidejndllmosklbkq/Build/Intermediates.noindex/PostHog.build/Release/phlibwebp.build/Objects-normal/arm64/7187679823f38a2a940e0043cdf9d637-common-args.resp -MMD -MT dependencies -MF /Users/jasonlee/Library/Developer/Xcode/DerivedData/Notch-ddzsfiyxyoauidejndllmosklbkq/Build/Intermediates.noindex/PostHog.build/Release/phlibwebp.build/Objects-normal/arm64/dec_sse41.d --serialize-diagnostics /Users/jasonlee/Library/Developer/Xcode/DerivedData/Notch-ddzsfiyxyoauidejndllmosklbkq/Build/Intermediates.noindex/PostHog.build/Release/phlibwebp.build/Objects-normal/arm64/dec_sse41.dia -c /Users/jasonlee/Library/Developer/Xcode/DerivedData/Notch-ddzsfiyxyoauidejndllmosklbkq/SourcePackages/checkouts/posthog-ios/vendor/libwebp/dec_sse41.c -o /Users/jasonlee/Library/Developer/Xcode/DerivedData/Notch-ddzsfiyxyoauidejndllmosklbkq/Build/Intermediates.noindex/PostHog.build/Release/phlibwebp.build/Objects-normal/arm64/dec_sse41.o

ScanDependencies /Users/jasonlee/Library/Developer/Xcode/DerivedData/Notch-ddzsfiyxyoauidejndllmosklbkq/Build/Intermediates.noindex/PostHog.build/Release/phlibwebp.build/Objects-normal/arm64/dec_sse2.o /Users/jasonlee/Library/Developer/Xcode/DerivedData/Notch-ddzsfiyxyoauidejndllmosklbkq/SourcePackages/checkouts/posthog-ios/vendor/libwebp/dec_sse2.c normal arm64 c com.apple.compilers.llvm.clang.1_0.compiler (in target 'phlibwebp' from project 'PostHog')
    cd /Users/jasonlee/Coding/App/Notch/Notch.xcodeproj
    
    Using response file: /Users/jasonlee/Library/Developer/Xcode/DerivedData/Notch-ddzsfiyxyoauidejndllmosklbkq/Build/Intermediates.noindex/PostHog.build/Release/phlibwebp.build/Objects-normal/arm64/7187679823f38a2a940e0043cdf9d637-common-args.resp
    
    builtin-ScanDependencies -o /Users/jasonlee/Library/Developer/Xcode/DerivedData/Notch-ddzsfiyxyoauidejndllmosklbkq/Build/Intermediates.noindex/PostHog.build/Release/phlibwebp.build/Objects-normal/arm64/dec_sse2.o.scan -- /Applications/Xcode.app/Contents/Developer/Toolchains/XcodeDefault.xctoolchain/usr/bin/clang -x c -ivfsstatcache /Users/jasonlee/Library/Developer/Xcode/DerivedData/SDKStatCaches.noindex/macosx26.4-25E251-30f9ca8789b706f8bd3fc906a70d770f.sdkstatcache -target arm64-apple-macos10.15 -fmessage-length\=0 -fdiagnostics-show-note-include-stack -fmacro-backtrace-limit\=0 -fno-color-diagnostics -fmodules-prune-interval\=86400 -fmodules-prune-after\=345600 -fbuild-session-file\=/Users/jasonlee/Library/Developer/Xcode/DerivedData/ModuleCache.noindex/Session.modulevalidation -fmodules-validate-once-per-build-session -Wnon-modular-include-in-framework-module -Werror\=non-modular-include-in-framework-module -Wno-trigraphs -Wno-missing-field-initializers -Wno-missing-prototypes -Wno-return-type -Wno-missing-braces -Wparentheses -Wswitch -Wno-unused-function -Wno-unused-label -Wno-unused-parameter -Wno-unused-variable -Wunused-value -Wno-empty-body -Wno-uninitialized -Wno-unknown-pragmas -w -Wno-shadow -Wno-four-char-constants -Wno-conversion -Wno-constant-conversion -Wno-int-conversion -Wno-bool-conversion -Wno-enum-conversion -Wno-float-conversion -Wno-non-literal-null-conversion -Wno-objc-literal-conversion -Wshorten-64-to-32 -Wpointer-sign -Wno-newline-eof -Wno-implicit-fallthrough -isysroot /Applications/Xcode.app/Contents/Developer/Platforms/MacOSX.platform/Developer/SDKs/MacOSX26.4.sdk -fstrict-aliasing -Wdeprecated-declarations -Wno-sign-conversion -Wno-infinite-recursion -Wno-comma -Wno-block-capture-autoreleasing -Wno-strict-prototypes -Wno-semicolon-before-method-body @/Users/jasonlee/Library/Developer/Xcode/DerivedData/Notch-ddzsfiyxyoauidejndllmosklbkq/Build/Intermediates.noindex/PostHog.build/Release/phlibwebp.build/Objects-normal/arm64/7187679823f38a2a940e0043cdf9d637-common-args.resp -MMD -MT dependencies -MF /Users/jasonlee/Library/Developer/Xcode/DerivedData/Notch-ddzsfiyxyoauidejndllmosklbkq/Build/Intermediates.noindex/PostHog.build/Release/phlibwebp.build/Objects-normal/arm64/dec_sse2.d --serialize-diagnostics /Users/jasonlee/Library/Developer/Xcode/DerivedData/Notch-ddzsfiyxyoauidejndllmosklbkq/Build/Intermediates.noindex/PostHog.build/Release/phlibwebp.build/Objects-normal/arm64/dec_sse2.dia -c /Users/jasonlee/Library/Developer/Xcode/DerivedData/Notch-ddzsfiyxyoauidejndllmosklbkq/SourcePackages/checkouts/posthog-ios/vendor/libwebp/dec_sse2.c -o /Users/jasonlee/Library/Developer/Xcode/DerivedData/Notch-ddzsfiyxyoauidejndllmosklbkq/Build/Intermediates.noindex/PostHog.build/Release/phlibwebp.build/Objects-normal/arm64/dec_sse2.o

ScanDependencies /Users/jasonlee/Library/Developer/Xcode/DerivedData/Notch-ddzsfiyxyoauidejndllmosklbkq/Build/Intermediates.noindex/PostHog.build/Release/phlibwebp.build/Objects-normal/arm64/dec_neon.o /Users/jasonlee/Library/Developer/Xcode/DerivedData/Notch-ddzsfiyxyoauidejndllmosklbkq/SourcePackages/checkouts/posthog-ios/vendor/libwebp/dec_neon.c normal arm64 c com.apple.compilers.llvm.clang.1_0.compiler (in target 'phlibwebp' from project 'PostHog')
    cd /Users/jasonlee/Coding/App/Notch/Notch.xcodeproj
    
    Using response file: /Users/jasonlee/Library/Developer/Xcode/DerivedData/Notch-ddzsfiyxyoauidejndllmosklbkq/Build/Intermediates.noindex/PostHog.build/Release/phlibwebp.build/Objects-normal/arm64/7187679823f38a2a940e0043cdf9d637-common-args.resp
    
    builtin-ScanDependencies -o /Users/jasonlee/Library/Developer/Xcode/DerivedData/Notch-ddzsfiyxyoauidejndllmosklbkq/Build/Intermediates.noindex/PostHog.build/Release/phlibwebp.build/Objects-normal/arm64/dec_neon.o.scan -- /Applications/Xcode.app/Contents/Developer/Toolchains/XcodeDefault.xctoolchain/usr/bin/clang -x c -ivfsstatcache /Users/jasonlee/Library/Developer/Xcode/DerivedData/SDKStatCaches.noindex/macosx26.4-25E251-30f9ca8789b706f8bd3fc906a70d770f.sdkstatcache -target arm64-apple-macos10.15 -fmessage-length\=0 -fdiagnostics-show-note-include-stack -fmacro-backtrace-limit\=0 -fno-color-diagnostics -fmodules-prune-interval\=86400 -fmodules-prune-after\=345600 -fbuild-session-file\=/Users/jasonlee/Library/Developer/Xcode/DerivedData/ModuleCache.noindex/Session.modulevalidation -fmodules-validate-once-per-build-session -Wnon-modular-include-in-framework-module -Werror\=non-modular-include-in-framework-module -Wno-trigraphs -Wno-missing-field-initializers -Wno-missing-prototypes -Wno-return-type -Wno-missing-braces -Wparentheses -Wswitch -Wno-unused-function -Wno-unused-label -Wno-unused-parameter -Wno-unused-variable -Wunused-value -Wno-empty-body -Wno-uninitialized -Wno-unknown-pragmas -w -Wno-shadow -Wno-four-char-constants -Wno-conversion -Wno-constant-conversion -Wno-int-conversion -Wno-bool-conversion -Wno-enum-conversion -Wno-float-conversion -Wno-non-literal-null-conversion -Wno-objc-literal-conversion -Wshorten-64-to-32 -Wpointer-sign -Wno-newline-eof -Wno-implicit-fallthrough -isysroot /Applications/Xcode.app/Contents/Developer/Platforms/MacOSX.platform/Developer/SDKs/MacOSX26.4.sdk -fstrict-aliasing -Wdeprecated-declarations -Wno-sign-conversion -Wno-infinite-recursion -Wno-comma -Wno-block-capture-autoreleasing -Wno-strict-prototypes -Wno-semicolon-before-method-body @/Users/jasonlee/Library/Developer/Xcode/DerivedData/Notch-ddzsfiyxyoauidejndllmosklbkq/Build/Intermediates.noindex/PostHog.build/Release/phlibwebp.build/Objects-normal/arm64/7187679823f38a2a940e0043cdf9d637-common-args.resp -MMD -MT dependencies -MF /Users/jasonlee/Library/Developer/Xcode/DerivedData/Notch-ddzsfiyxyoauidejndllmosklbkq/Build/Intermediates.noindex/PostHog.build/Release/phlibwebp.build/Objects-normal/arm64/dec_neon.d --serialize-diagnostics /Users/jasonlee/Library/Developer/Xcode/DerivedData/Notch-ddzsfiyxyoauidejndllmosklbkq/Build/Intermediates.noindex/PostHog.build/Release/phlibwebp.build/Objects-normal/arm64/dec_neon.dia -c /Users/jasonlee/Library/Developer/Xcode/DerivedData/Notch-ddzsfiyxyoauidejndllmosklbkq/SourcePackages/checkouts/posthog-ios/vendor/libwebp/dec_neon.c -o /Users/jasonlee/Library/Developer/Xcode/DerivedData/Notch-ddzsfiyxyoauidejndllmosklbkq/Build/Intermediates.noindex/PostHog.build/Release/phlibwebp.build/Objects-normal/arm64/dec_neon.o

ScanDependencies /Users/jasonlee/Library/Developer/Xcode/DerivedData/Notch-ddzsfiyxyoauidejndllmosklbkq/Build/Intermediates.noindex/PostHog.build/Release/phlibwebp.build/Objects-normal/arm64/dec_clip_tables.o /Users/jasonlee/Library/Developer/Xcode/DerivedData/Notch-ddzsfiyxyoauidejndllmosklbkq/SourcePackages/checkouts/posthog-ios/vendor/libwebp/dec_clip_tables.c normal arm64 c com.apple.compilers.llvm.clang.1_0.compiler (in target 'phlibwebp' from project 'PostHog')
    cd /Users/jasonlee/Coding/App/Notch/Notch.xcodeproj
    
    Using response file: /Users/jasonlee/Library/Developer/Xcode/DerivedData/Notch-ddzsfiyxyoauidejndllmosklbkq/Build/Intermediates.noindex/PostHog.build/Release/phlibwebp.build/Objects-normal/arm64/7187679823f38a2a940e0043cdf9d637-common-args.resp
    
    builtin-ScanDependencies -o /Users/jasonlee/Library/Developer/Xcode/DerivedData/Notch-ddzsfiyxyoauidejndllmosklbkq/Build/Intermediates.noindex/PostHog.build/Release/phlibwebp.build/Objects-normal/arm64/dec_clip_tables.o.scan -- /Applications/Xcode.app/Contents/Developer/Toolchains/XcodeDefault.xctoolchain/usr/bin/clang -x c -ivfsstatcache /Users/jasonlee/Library/Developer/Xcode/DerivedData/SDKStatCaches.noindex/macosx26.4-25E251-30f9ca8789b706f8bd3fc906a70d770f.sdkstatcache -target arm64-apple-macos10.15 -fmessage-length\=0 -fdiagnostics-show-note-include-stack -fmacro-backtrace-limit\=0 -fno-color-diagnostics -fmodules-prune-interval\=86400 -fmodules-prune-after\=345600 -fbuild-session-file\=/Users/jasonlee/Library/Developer/Xcode/DerivedData/ModuleCache.noindex/Session.modulevalidation -fmodules-validate-once-per-build-session -Wnon-modular-include-in-framework-module -Werror\=non-modular-include-in-framework-module -Wno-trigraphs -Wno-missing-field-initializers -Wno-missing-prototypes -Wno-return-type -Wno-missing-braces -Wparentheses -Wswitch -Wno-unused-function -Wno-unused-label -Wno-unused-parameter -Wno-unused-variable -Wunused-value -Wno-empty-body -Wno-uninitialized -Wno-unknown-pragmas -w -Wno-shadow -Wno-four-char-constants -Wno-conversion -Wno-constant-conversion -Wno-int-conversion -Wno-bool-conversion -Wno-enum-conversion -Wno-float-conversion -Wno-non-literal-null-conversion -Wno-objc-literal-conversion -Wshorten-64-to-32 -Wpointer-sign -Wno-newline-eof -Wno-implicit-fallthrough -isysroot /Applications/Xcode.app/Contents/Developer/Platforms/MacOSX.platform/Developer/SDKs/MacOSX26.4.sdk -fstrict-aliasing -Wdeprecated-declarations -Wno-sign-conversion -Wno-infinite-recursion -Wno-comma -Wno-block-capture-autoreleasing -Wno-strict-prototypes -Wno-semicolon-before-method-body @/Users/jasonlee/Library/Developer/Xcode/DerivedData/Notch-ddzsfiyxyoauidejndllmosklbkq/Build/Intermediates.noindex/PostHog.build/Release/phlibwebp.build/Objects-normal/arm64/7187679823f38a2a940e0043cdf9d637-common-args.resp -MMD -MT dependencies -MF /Users/jasonlee/Library/Developer/Xcode/DerivedData/Notch-ddzsfiyxyoauidejndllmosklbkq/Build/Intermediates.noindex/PostHog.build/Release/phlibwebp.build/Objects-normal/arm64/dec_clip_tables.d --serialize-diagnostics /Users/jasonlee/Library/Developer/Xcode/DerivedData/Notch-ddzsfiyxyoauidejndllmosklbkq/Build/Intermediates.noindex/PostHog.build/Release/phlibwebp.build/Objects-normal/arm64/dec_clip_tables.dia -c /Users/jasonlee/Library/Developer/Xcode/DerivedData/Notch-ddzsfiyxyoauidejndllmosklbkq/SourcePackages/checkouts/posthog-ios/vendor/libwebp/dec_clip_tables.c -o /Users/jasonlee/Library/Developer/Xcode/DerivedData/Notch-ddzsfiyxyoauidejndllmosklbkq/Build/Intermediates.noindex/PostHog.build/Release/phlibwebp.build/Objects-normal/arm64/dec_clip_tables.o

ScanDependencies /Users/jasonlee/Library/Developer/Xcode/DerivedData/Notch-ddzsfiyxyoauidejndllmosklbkq/Build/Intermediates.noindex/PostHog.build/Release/phlibwebp.build/Objects-normal/arm64/dec.o /Users/jasonlee/Library/Developer/Xcode/DerivedData/Notch-ddzsfiyxyoauidejndllmosklbkq/SourcePackages/checkouts/posthog-ios/vendor/libwebp/dec.c normal arm64 c com.apple.compilers.llvm.clang.1_0.compiler (in target 'phlibwebp' from project 'PostHog')
    cd /Users/jasonlee/Coding/App/Notch/Notch.xcodeproj
    
    Using response file: /Users/jasonlee/Library/Developer/Xcode/DerivedData/Notch-ddzsfiyxyoauidejndllmosklbkq/Build/Intermediates.noindex/PostHog.build/Release/phlibwebp.build/Objects-normal/arm64/7187679823f38a2a940e0043cdf9d637-common-args.resp
    
    builtin-ScanDependencies -o /Users/jasonlee/Library/Developer/Xcode/DerivedData/Notch-ddzsfiyxyoauidejndllmosklbkq/Build/Intermediates.noindex/PostHog.build/Release/phlibwebp.build/Objects-normal/arm64/dec.o.scan -- /Applications/Xcode.app/Contents/Developer/Toolchains/XcodeDefault.xctoolchain/usr/bin/clang -x c -ivfsstatcache /Users/jasonlee/Library/Developer/Xcode/DerivedData/SDKStatCaches.noindex/macosx26.4-25E251-30f9ca8789b706f8bd3fc906a70d770f.sdkstatcache -target arm64-apple-macos10.15 -fmessage-length\=0 -fdiagnostics-show-note-include-stack -fmacro-backtrace-limit\=0 -fno-color-diagnostics -fmodules-prune-interval\=86400 -fmodules-prune-after\=345600 -fbuild-session-file\=/Users/jasonlee/Library/Developer/Xcode/DerivedData/ModuleCache.noindex/Session.modulevalidation -fmodules-validate-once-per-build-session -Wnon-modular-include-in-framework-module -Werror\=non-modular-include-in-framework-module -Wno-trigraphs -Wno-missing-field-initializers -Wno-missing-prototypes -Wno-return-type -Wno-missing-braces -Wparentheses -Wswitch -Wno-unused-function -Wno-unused-label -Wno-unused-parameter -Wno-unused-variable -Wunused-value -Wno-empty-body -Wno-uninitialized -Wno-unknown-pragmas -w -Wno-shadow -Wno-four-char-constants -Wno-conversion -Wno-constant-conversion -Wno-int-conversion -Wno-bool-conversion -Wno-enum-conversion -Wno-float-conversion -Wno-non-literal-null-conversion -Wno-objc-literal-conversion -Wshorten-64-to-32 -Wpointer-sign -Wno-newline-eof -Wno-implicit-fallthrough -isysroot /Applications/Xcode.app/Contents/Developer/Platforms/MacOSX.platform/Developer/SDKs/MacOSX26.4.sdk -fstrict-aliasing -Wdeprecated-declarations -Wno-sign-conversion -Wno-infinite-recursion -Wno-comma -Wno-block-capture-autoreleasing -Wno-strict-prototypes -Wno-semicolon-before-method-body @/Users/jasonlee/Library/Developer/Xcode/DerivedData/Notch-ddzsfiyxyoauidejndllmosklbkq/Build/Intermediates.noindex/PostHog.build/Release/phlibwebp.build/Objects-normal/arm64/7187679823f38a2a940e0043cdf9d637-common-args.resp -MMD -MT dependencies -MF /Users/jasonlee/Library/Developer/Xcode/DerivedData/Notch-ddzsfiyxyoauidejndllmosklbkq/Build/Intermediates.noindex/PostHog.build/Release/phlibwebp.build/Objects-normal/arm64/dec.d --serialize-diagnostics /Users/jasonlee/Library/Developer/Xcode/DerivedData/Notch-ddzsfiyxyoauidejndllmosklbkq/Build/Intermediates.noindex/PostHog.build/Release/phlibwebp.build/Objects-normal/arm64/dec.dia -c /Users/jasonlee/Library/Developer/Xcode/DerivedData/Notch-ddzsfiyxyoauidejndllmosklbkq/SourcePackages/checkouts/posthog-ios/vendor/libwebp/dec.c -o /Users/jasonlee/Library/Developer/Xcode/DerivedData/Notch-ddzsfiyxyoauidejndllmosklbkq/Build/Intermediates.noindex/PostHog.build/Release/phlibwebp.build/Objects-normal/arm64/dec.o

ScanDependencies /Users/jasonlee/Library/Developer/Xcode/DerivedData/Notch-ddzsfiyxyoauidejndllmosklbkq/Build/Intermediates.noindex/PostHog.build/Release/phlibwebp.build/Objects-normal/arm64/cpu.o /Users/jasonlee/Library/Developer/Xcode/DerivedData/Notch-ddzsfiyxyoauidejndllmosklbkq/SourcePackages/checkouts/posthog-ios/vendor/libwebp/cpu.c normal arm64 c com.apple.compilers.llvm.clang.1_0.compiler (in target 'phlibwebp' from project 'PostHog')
    cd /Users/jasonlee/Coding/App/Notch/Notch.xcodeproj
    
    Using response file: /Users/jasonlee/Library/Developer/Xcode/DerivedData/Notch-ddzsfiyxyoauidejndllmosklbkq/Build/Intermediates.noindex/PostHog.build/Release/phlibwebp.build/Objects-normal/arm64/7187679823f38a2a940e0043cdf9d637-common-args.resp
    
    builtin-ScanDependencies -o /Users/jasonlee/Library/Developer/Xcode/DerivedData/Notch-ddzsfiyxyoauidejndllmosklbkq/Build/Intermediates.noindex/PostHog.build/Release/phlibwebp.build/Objects-normal/arm64/cpu.o.scan -- /Applications/Xcode.app/Contents/Developer/Toolchains/XcodeDefault.xctoolchain/usr/bin/clang -x c -ivfsstatcache /Users/jasonlee/Library/Developer/Xcode/DerivedData/SDKStatCaches.noindex/macosx26.4-25E251-30f9ca8789b706f8bd3fc906a70d770f.sdkstatcache -target arm64-apple-macos10.15 -fmessage-length\=0 -fdiagnostics-show-note-include-stack -fmacro-backtrace-limit\=0 -fno-color-diagnostics -fmodules-prune-interval\=86400 -fmodules-prune-after\=345600 -fbuild-session-file\=/Users/jasonlee/Library/Developer/Xcode/DerivedData/ModuleCache.noindex/Session.modulevalidation -fmodules-validate-once-per-build-session -Wnon-modular-include-in-framework-module -Werror\=non-modular-include-in-framework-module -Wno-trigraphs -Wno-missing-field-initializers -Wno-missing-prototypes -Wno-return-type -Wno-missing-braces -Wparentheses -Wswitch -Wno-unused-function -Wno-unused-label -Wno-unused-parameter -Wno-unused-variable -Wunused-value -Wno-empty-body -Wno-uninitialized -Wno-unknown-pragmas -w -Wno-shadow -Wno-four-char-constants -Wno-conversion -Wno-constant-conversion -Wno-int-conversion -Wno-bool-conversion -Wno-enum-conversion -Wno-float-conversion -Wno-non-literal-null-conversion -Wno-objc-literal-conversion -Wshorten-64-to-32 -Wpointer-sign -Wno-newline-eof -Wno-implicit-fallthrough -isysroot /Applications/Xcode.app/Contents/Developer/Platforms/MacOSX.platform/Developer/SDKs/MacOSX26.4.sdk -fstrict-aliasing -Wdeprecated-declarations -Wno-sign-conversion -Wno-infinite-recursion -Wno-comma -Wno-block-capture-autoreleasing -Wno-strict-prototypes -Wno-semicolon-before-method-body @/Users/jasonlee/Library/Developer/Xcode/DerivedData/Notch-ddzsfiyxyoauidejndllmosklbkq/Build/Intermediates.noindex/PostHog.build/Release/phlibwebp.build/Objects-normal/arm64/7187679823f38a2a940e0043cdf9d637-common-args.resp -MMD -MT dependencies -MF /Users/jasonlee/Library/Developer/Xcode/DerivedData/Notch-ddzsfiyxyoauidejndllmosklbkq/Build/Intermediates.noindex/PostHog.build/Release/phlibwebp.build/Objects-normal/arm64/cpu.d --serialize-diagnostics /Users/jasonlee/Library/Developer/Xcode/DerivedData/Notch-ddzsfiyxyoauidejndllmosklbkq/Build/Intermediates.noindex/PostHog.build/Release/phlibwebp.build/Objects-normal/arm64/cpu.dia -c /Users/jasonlee/Library/Developer/Xcode/DerivedData/Notch-ddzsfiyxyoauidejndllmosklbkq/SourcePackages/checkouts/posthog-ios/vendor/libwebp/cpu.c -o /Users/jasonlee/Library/Developer/Xcode/DerivedData/Notch-ddzsfiyxyoauidejndllmosklbkq/Build/Intermediates.noindex/PostHog.build/Release/phlibwebp.build/Objects-normal/arm64/cpu.o

ScanDependencies /Users/jasonlee/Library/Developer/Xcode/DerivedData/Notch-ddzsfiyxyoauidejndllmosklbkq/Build/Intermediates.noindex/PostHog.build/Release/phlibwebp.build/Objects-normal/arm64/cost_sse2.o /Users/jasonlee/Library/Developer/Xcode/DerivedData/Notch-ddzsfiyxyoauidejndllmosklbkq/SourcePackages/checkouts/posthog-ios/vendor/libwebp/cost_sse2.c normal arm64 c com.apple.compilers.llvm.clang.1_0.compiler (in target 'phlibwebp' from project 'PostHog')
    cd /Users/jasonlee/Coding/App/Notch/Notch.xcodeproj
    
    Using response file: /Users/jasonlee/Library/Developer/Xcode/DerivedData/Notch-ddzsfiyxyoauidejndllmosklbkq/Build/Intermediates.noindex/PostHog.build/Release/phlibwebp.build/Objects-normal/arm64/7187679823f38a2a940e0043cdf9d637-common-args.resp
    
    builtin-ScanDependencies -o /Users/jasonlee/Library/Developer/Xcode/DerivedData/Notch-ddzsfiyxyoauidejndllmosklbkq/Build/Intermediates.noindex/PostHog.build/Release/phlibwebp.build/Objects-normal/arm64/cost_sse2.o.scan -- /Applications/Xcode.app/Contents/Developer/Toolchains/XcodeDefault.xctoolchain/usr/bin/clang -x c -ivfsstatcache /Users/jasonlee/Library/Developer/Xcode/DerivedData/SDKStatCaches.noindex/macosx26.4-25E251-30f9ca8789b706f8bd3fc906a70d770f.sdkstatcache -target arm64-apple-macos10.15 -fmessage-length\=0 -fdiagnostics-show-note-include-stack -fmacro-backtrace-limit\=0 -fno-color-diagnostics -fmodules-prune-interval\=86400 -fmodules-prune-after\=345600 -fbuild-session-file\=/Users/jasonlee/Library/Developer/Xcode/DerivedData/ModuleCache.noindex/Session.modulevalidation -fmodules-validate-once-per-build-session -Wnon-modular-include-in-framework-module -Werror\=non-modular-include-in-framework-module -Wno-trigraphs -Wno-missing-field-initializers -Wno-missing-prototypes -Wno-return-type -Wno-missing-braces -Wparentheses -Wswitch -Wno-unused-function -Wno-unused-label -Wno-unused-parameter -Wno-unused-variable -Wunused-value -Wno-empty-body -Wno-uninitialized -Wno-unknown-pragmas -w -Wno-shadow -Wno-four-char-constants -Wno-conversion -Wno-constant-conversion -Wno-int-conversion -Wno-bool-conversion -Wno-enum-conversion -Wno-float-conversion -Wno-non-literal-null-conversion -Wno-objc-literal-conversion -Wshorten-64-to-32 -Wpointer-sign -Wno-newline-eof -Wno-implicit-fallthrough -isysroot /Applications/Xcode.app/Contents/Developer/Platforms/MacOSX.platform/Developer/SDKs/MacOSX26.4.sdk -fstrict-aliasing -Wdeprecated-declarations -Wno-sign-conversion -Wno-infinite-recursion -Wno-comma -Wno-block-capture-autoreleasing -Wno-strict-prototypes -Wno-semicolon-before-method-body @/Users/jasonlee/Library/Developer/Xcode/DerivedData/Notch-ddzsfiyxyoauidejndllmosklbkq/Build/Intermediates.noindex/PostHog.build/Release/phlibwebp.build/Objects-normal/arm64/7187679823f38a2a940e0043cdf9d637-common-args.resp -MMD -MT dependencies -MF /Users/jasonlee/Library/Developer/Xcode/DerivedData/Notch-ddzsfiyxyoauidejndllmosklbkq/Build/Intermediates.noindex/PostHog.build/Release/phlibwebp.build/Objects-normal/arm64/cost_sse2.d --serialize-diagnostics /Users/jasonlee/Library/Developer/Xcode/DerivedData/Notch-ddzsfiyxyoauidejndllmosklbkq/Build/Intermediates.noindex/PostHog.build/Release/phlibwebp.build/Objects-normal/arm64/cost_sse2.dia -c /Users/jasonlee/Library/Developer/Xcode/DerivedData/Notch-ddzsfiyxyoauidejndllmosklbkq/SourcePackages/checkouts/posthog-ios/vendor/libwebp/cost_sse2.c -o /Users/jasonlee/Library/Developer/Xcode/DerivedData/Notch-ddzsfiyxyoauidejndllmosklbkq/Build/Intermediates.noindex/PostHog.build/Release/phlibwebp.build/Objects-normal/arm64/cost_sse2.o

ScanDependencies /Users/jasonlee/Library/Developer/Xcode/DerivedData/Notch-ddzsfiyxyoauidejndllmosklbkq/Build/Intermediates.noindex/PostHog.build/Release/phlibwebp.build/Objects-normal/arm64/cost_neon.o /Users/jasonlee/Library/Developer/Xcode/DerivedData/Notch-ddzsfiyxyoauidejndllmosklbkq/SourcePackages/checkouts/posthog-ios/vendor/libwebp/cost_neon.c normal arm64 c com.apple.compilers.llvm.clang.1_0.compiler (in target 'phlibwebp' from project 'PostHog')
    cd /Users/jasonlee/Coding/App/Notch/Notch.xcodeproj
    
    Using response file: /Users/jasonlee/Library/Developer/Xcode/DerivedData/Notch-ddzsfiyxyoauidejndllmosklbkq/Build/Intermediates.noindex/PostHog.build/Release/phlibwebp.build/Objects-normal/arm64/7187679823f38a2a940e0043cdf9d637-common-args.resp
    
    builtin-ScanDependencies -o /Users/jasonlee/Library/Developer/Xcode/DerivedData/Notch-ddzsfiyxyoauidejndllmosklbkq/Build/Intermediates.noindex/PostHog.build/Release/phlibwebp.build/Objects-normal/arm64/cost_neon.o.scan -- /Applications/Xcode.app/Contents/Developer/Toolchains/XcodeDefault.xctoolchain/usr/bin/clang -x c -ivfsstatcache /Users/jasonlee/Library/Developer/Xcode/DerivedData/SDKStatCaches.noindex/macosx26.4-25E251-30f9ca8789b706f8bd3fc906a70d770f.sdkstatcache -target arm64-apple-macos10.15 -fmessage-length\=0 -fdiagnostics-show-note-include-stack -fmacro-backtrace-limit\=0 -fno-color-diagnostics -fmodules-prune-interval\=86400 -fmodules-prune-after\=345600 -fbuild-session-file\=/Users/jasonlee/Library/Developer/Xcode/DerivedData/ModuleCache.noindex/Session.modulevalidation -fmodules-validate-once-per-build-session -Wnon-modular-include-in-framework-module -Werror\=non-modular-include-in-framework-module -Wno-trigraphs -Wno-missing-field-initializers -Wno-missing-prototypes -Wno-return-type -Wno-missing-braces -Wparentheses -Wswitch -Wno-unused-function -Wno-unused-label -Wno-unused-parameter -Wno-unused-variable -Wunused-value -Wno-empty-body -Wno-uninitialized -Wno-unknown-pragmas -w -Wno-shadow -Wno-four-char-constants -Wno-conversion -Wno-constant-conversion -Wno-int-conversion -Wno-bool-conversion -Wno-enum-conversion -Wno-float-conversion -Wno-non-literal-null-conversion -Wno-objc-literal-conversion -Wshorten-64-to-32 -Wpointer-sign -Wno-newline-eof -Wno-implicit-fallthrough -isysroot /Applications/Xcode.app/Contents/Developer/Platforms/MacOSX.platform/Developer/SDKs/MacOSX26.4.sdk -fstrict-aliasing -Wdeprecated-declarations -Wno-sign-conversion -Wno-infinite-recursion -Wno-comma -Wno-block-capture-autoreleasing -Wno-strict-prototypes -Wno-semicolon-before-method-body @/Users/jasonlee/Library/Developer/Xcode/DerivedData/Notch-ddzsfiyxyoauidejndllmosklbkq/Build/Intermediates.noindex/PostHog.build/Release/phlibwebp.build/Objects-normal/arm64/7187679823f38a2a940e0043cdf9d637-common-args.resp -MMD -MT dependencies -MF /Users/jasonlee/Library/Developer/Xcode/DerivedData/Notch-ddzsfiyxyoauidejndllmosklbkq/Build/Intermediates.noindex/PostHog.build/Release/phlibwebp.build/Objects-normal/arm64/cost_neon.d --serialize-diagnostics /Users/jasonlee/Library/Developer/Xcode/DerivedData/Notch-ddzsfiyxyoauidejndllmosklbkq/Build/Intermediates.noindex/PostHog.build/Release/phlibwebp.build/Objects-normal/arm64/cost_neon.dia -c /Users/jasonlee/Library/Developer/Xcode/DerivedData/Notch-ddzsfiyxyoauidejndllmosklbkq/SourcePackages/checkouts/posthog-ios/vendor/libwebp/cost_neon.c -o /Users/jasonlee/Library/Developer/Xcode/DerivedData/Notch-ddzsfiyxyoauidejndllmosklbkq/Build/Intermediates.noindex/PostHog.build/Release/phlibwebp.build/Objects-normal/arm64/cost_neon.o

ScanDependencies /Users/jasonlee/Library/Developer/Xcode/DerivedData/Notch-ddzsfiyxyoauidejndllmosklbkq/Build/Intermediates.noindex/PostHog.build/Release/phlibwebp.build/Objects-normal/arm64/cost_enc.o /Users/jasonlee/Library/Developer/Xcode/DerivedData/Notch-ddzsfiyxyoauidejndllmosklbkq/SourcePackages/checkouts/posthog-ios/vendor/libwebp/cost_enc.c normal arm64 c com.apple.compilers.llvm.clang.1_0.compiler (in target 'phlibwebp' from project 'PostHog')
    cd /Users/jasonlee/Coding/App/Notch/Notch.xcodeproj
    
    Using response file: /Users/jasonlee/Library/Developer/Xcode/DerivedData/Notch-ddzsfiyxyoauidejndllmosklbkq/Build/Intermediates.noindex/PostHog.build/Release/phlibwebp.build/Objects-normal/arm64/7187679823f38a2a940e0043cdf9d637-common-args.resp
    
    builtin-ScanDependencies -o /Users/jasonlee/Library/Developer/Xcode/DerivedData/Notch-ddzsfiyxyoauidejndllmosklbkq/Build/Intermediates.noindex/PostHog.build/Release/phlibwebp.build/Objects-normal/arm64/cost_enc.o.scan -- /Applications/Xcode.app/Contents/Developer/Toolchains/XcodeDefault.xctoolchain/usr/bin/clang -x c -ivfsstatcache /Users/jasonlee/Library/Developer/Xcode/DerivedData/SDKStatCaches.noindex/macosx26.4-25E251-30f9ca8789b706f8bd3fc906a70d770f.sdkstatcache -target arm64-apple-macos10.15 -fmessage-length\=0 -fdiagnostics-show-note-include-stack -fmacro-backtrace-limit\=0 -fno-color-diagnostics -fmodules-prune-interval\=86400 -fmodules-prune-after\=345600 -fbuild-session-file\=/Users/jasonlee/Library/Developer/Xcode/DerivedData/ModuleCache.noindex/Session.modulevalidation -fmodules-validate-once-per-build-session -Wnon-modular-include-in-framework-module -Werror\=non-modular-include-in-framework-module -Wno-trigraphs -Wno-missing-field-initializers -Wno-missing-prototypes -Wno-return-type -Wno-missing-braces -Wparentheses -Wswitch -Wno-unused-function -Wno-unused-label -Wno-unused-parameter -Wno-unused-variable -Wunused-value -Wno-empty-body -Wno-uninitialized -Wno-unknown-pragmas -w -Wno-shadow -Wno-four-char-constants -Wno-conversion -Wno-constant-conversion -Wno-int-conversion -Wno-bool-conversion -Wno-enum-conversion -Wno-float-conversion -Wno-non-literal-null-conversion -Wno-objc-literal-conversion -Wshorten-64-to-32 -Wpointer-sign -Wno-newline-eof -Wno-implicit-fallthrough -isysroot /Applications/Xcode.app/Contents/Developer/Platforms/MacOSX.platform/Developer/SDKs/MacOSX26.4.sdk -fstrict-aliasing -Wdeprecated-declarations -Wno-sign-conversion -Wno-infinite-recursion -Wno-comma -Wno-block-capture-autoreleasing -Wno-strict-prototypes -Wno-semicolon-before-method-body @/Users/jasonlee/Library/Developer/Xcode/DerivedData/Notch-ddzsfiyxyoauidejndllmosklbkq/Build/Intermediates.noindex/PostHog.build/Release/phlibwebp.build/Objects-normal/arm64/7187679823f38a2a940e0043cdf9d637-common-args.resp -MMD -MT dependencies -MF /Users/jasonlee/Library/Developer/Xcode/DerivedData/Notch-ddzsfiyxyoauidejndllmosklbkq/Build/Intermediates.noindex/PostHog.build/Release/phlibwebp.build/Objects-normal/arm64/cost_enc.d --serialize-diagnostics /Users/jasonlee/Library/Developer/Xcode/DerivedData/Notch-ddzsfiyxyoauidejndllmosklbkq/Build/Intermediates.noindex/PostHog.build/Release/phlibwebp.build/Objects-normal/arm64/cost_enc.dia -c /Users/jasonlee/Library/Developer/Xcode/DerivedData/Notch-ddzsfiyxyoauidejndllmosklbkq/SourcePackages/checkouts/posthog-ios/vendor/libwebp/cost_enc.c -o /Users/jasonlee/Library/Developer/Xcode/DerivedData/Notch-ddzsfiyxyoauidejndllmosklbkq/Build/Intermediates.noindex/PostHog.build/Release/phlibwebp.build/Objects-normal/arm64/cost_enc.o

ScanDependencies /Users/jasonlee/Library/Developer/Xcode/DerivedData/Notch-ddzsfiyxyoauidejndllmosklbkq/Build/Intermediates.noindex/PostHog.build/Release/phlibwebp.build/Objects-normal/arm64/cost.o /Users/jasonlee/Library/Developer/Xcode/DerivedData/Notch-ddzsfiyxyoauidejndllmosklbkq/SourcePackages/checkouts/posthog-ios/vendor/libwebp/cost.c normal arm64 c com.apple.compilers.llvm.clang.1_0.compiler (in target 'phlibwebp' from project 'PostHog')
    cd /Users/jasonlee/Coding/App/Notch/Notch.xcodeproj
    
    Using response file: /Users/jasonlee/Library/Developer/Xcode/DerivedData/Notch-ddzsfiyxyoauidejndllmosklbkq/Build/Intermediates.noindex/PostHog.build/Release/phlibwebp.build/Objects-normal/arm64/7187679823f38a2a940e0043cdf9d637-common-args.resp
    
    builtin-ScanDependencies -o /Users/jasonlee/Library/Developer/Xcode/DerivedData/Notch-ddzsfiyxyoauidejndllmosklbkq/Build/Intermediates.noindex/PostHog.build/Release/phlibwebp.build/Objects-normal/arm64/cost.o.scan -- /Applications/Xcode.app/Contents/Developer/Toolchains/XcodeDefault.xctoolchain/usr/bin/clang -x c -ivfsstatcache /Users/jasonlee/Library/Developer/Xcode/DerivedData/SDKStatCaches.noindex/macosx26.4-25E251-30f9ca8789b706f8bd3fc906a70d770f.sdkstatcache -target arm64-apple-macos10.15 -fmessage-length\=0 -fdiagnostics-show-note-include-stack -fmacro-backtrace-limit\=0 -fno-color-diagnostics -fmodules-prune-interval\=86400 -fmodules-prune-after\=345600 -fbuild-session-file\=/Users/jasonlee/Library/Developer/Xcode/DerivedData/ModuleCache.noindex/Session.modulevalidation -fmodules-validate-once-per-build-session -Wnon-modular-include-in-framework-module -Werror\=non-modular-include-in-framework-module -Wno-trigraphs -Wno-missing-field-initializers -Wno-missing-prototypes -Wno-return-type -Wno-missing-braces -Wparentheses -Wswitch -Wno-unused-function -Wno-unused-label -Wno-unused-parameter -Wno-unused-variable -Wunused-value -Wno-empty-body -Wno-uninitialized -Wno-unknown-pragmas -w -Wno-shadow -Wno-four-char-constants -Wno-conversion -Wno-constant-conversion -Wno-int-conversion -Wno-bool-conversion -Wno-enum-conversion -Wno-float-conversion -Wno-non-literal-null-conversion -Wno-objc-literal-conversion -Wshorten-64-to-32 -Wpointer-sign -Wno-newline-eof -Wno-implicit-fallthrough -isysroot /Applications/Xcode.app/Contents/Developer/Platforms/MacOSX.platform/Developer/SDKs/MacOSX26.4.sdk -fstrict-aliasing -Wdeprecated-declarations -Wno-sign-conversion -Wno-infinite-recursion -Wno-comma -Wno-block-capture-autoreleasing -Wno-strict-prototypes -Wno-semicolon-before-method-body @/Users/jasonlee/Library/Developer/Xcode/DerivedData/Notch-ddzsfiyxyoauidejndllmosklbkq/Build/Intermediates.noindex/PostHog.build/Release/phlibwebp.build/Objects-normal/arm64/7187679823f38a2a940e0043cdf9d637-common-args.resp -MMD -MT dependencies -MF /Users/jasonlee/Library/Developer/Xcode/DerivedData/Notch-ddzsfiyxyoauidejndllmosklbkq/Build/Intermediates.noindex/PostHog.build/Release/phlibwebp.build/Objects-normal/arm64/cost.d --serialize-diagnostics /Users/jasonlee/Library/Developer/Xcode/DerivedData/Notch-ddzsfiyxyoauidejndllmosklbkq/Build/Intermediates.noindex/PostHog.build/Release/phlibwebp.build/Objects-normal/arm64/cost.dia -c /Users/jasonlee/Library/Developer/Xcode/DerivedData/Notch-ddzsfiyxyoauidejndllmosklbkq/SourcePackages/checkouts/posthog-ios/vendor/libwebp/cost.c -o /Users/jasonlee/Library/Developer/Xcode/DerivedData/Notch-ddzsfiyxyoauidejndllmosklbkq/Build/Intermediates.noindex/PostHog.build/Release/phlibwebp.build/Objects-normal/arm64/cost.o

ScanDependencies /Users/jasonlee/Library/Developer/Xcode/DerivedData/Notch-ddzsfiyxyoauidejndllmosklbkq/Build/Intermediates.noindex/PostHog.build/Release/phlibwebp.build/Objects-normal/arm64/config_enc.o /Users/jasonlee/Library/Developer/Xcode/DerivedData/Notch-ddzsfiyxyoauidejndllmosklbkq/SourcePackages/checkouts/posthog-ios/vendor/libwebp/config_enc.c normal arm64 c com.apple.compilers.llvm.clang.1_0.compiler (in target 'phlibwebp' from project 'PostHog')
    cd /Users/jasonlee/Coding/App/Notch/Notch.xcodeproj
    
    Using response file: /Users/jasonlee/Library/Developer/Xcode/DerivedData/Notch-ddzsfiyxyoauidejndllmosklbkq/Build/Intermediates.noindex/PostHog.build/Release/phlibwebp.build/Objects-normal/arm64/7187679823f38a2a940e0043cdf9d637-common-args.resp
    
    builtin-ScanDependencies -o /Users/jasonlee/Library/Developer/Xcode/DerivedData/Notch-ddzsfiyxyoauidejndllmosklbkq/Build/Intermediates.noindex/PostHog.build/Release/phlibwebp.build/Objects-normal/arm64/config_enc.o.scan -- /Applications/Xcode.app/Contents/Developer/Toolchains/XcodeDefault.xctoolchain/usr/bin/clang -x c -ivfsstatcache /Users/jasonlee/Library/Developer/Xcode/DerivedData/SDKStatCaches.noindex/macosx26.4-25E251-30f9ca8789b706f8bd3fc906a70d770f.sdkstatcache -target arm64-apple-macos10.15 -fmessage-length\=0 -fdiagnostics-show-note-include-stack -fmacro-backtrace-limit\=0 -fno-color-diagnostics -fmodules-prune-interval\=86400 -fmodules-prune-after\=345600 -fbuild-session-file\=/Users/jasonlee/Library/Developer/Xcode/DerivedData/ModuleCache.noindex/Session.modulevalidation -fmodules-validate-once-per-build-session -Wnon-modular-include-in-framework-module -Werror\=non-modular-include-in-framework-module -Wno-trigraphs -Wno-missing-field-initializers -Wno-missing-prototypes -Wno-return-type -Wno-missing-braces -Wparentheses -Wswitch -Wno-unused-function -Wno-unused-label -Wno-unused-parameter -Wno-unused-variable -Wunused-value -Wno-empty-body -Wno-uninitialized -Wno-unknown-pragmas -w -Wno-shadow -Wno-four-char-constants -Wno-conversion -Wno-constant-conversion -Wno-int-conversion -Wno-bool-conversion -Wno-enum-conversion -Wno-float-conversion -Wno-non-literal-null-conversion -Wno-objc-literal-conversion -Wshorten-64-to-32 -Wpointer-sign -Wno-newline-eof -Wno-implicit-fallthrough -isysroot /Applications/Xcode.app/Contents/Developer/Platforms/MacOSX.platform/Developer/SDKs/MacOSX26.4.sdk -fstrict-aliasing -Wdeprecated-declarations -Wno-sign-conversion -Wno-infinite-recursion -Wno-comma -Wno-block-capture-autoreleasing -Wno-strict-prototypes -Wno-semicolon-before-method-body @/Users/jasonlee/Library/Developer/Xcode/DerivedData/Notch-ddzsfiyxyoauidejndllmosklbkq/Build/Intermediates.noindex/PostHog.build/Release/phlibwebp.build/Objects-normal/arm64/7187679823f38a2a940e0043cdf9d637-common-args.resp -MMD -MT dependencies -MF /Users/jasonlee/Library/Developer/Xcode/DerivedData/Notch-ddzsfiyxyoauidejndllmosklbkq/Build/Intermediates.noindex/PostHog.build/Release/phlibwebp.build/Objects-normal/arm64/config_enc.d --serialize-diagnostics /Users/jasonlee/Library/Developer/Xcode/DerivedData/Notch-ddzsfiyxyoauidejndllmosklbkq/Build/Intermediates.noindex/PostHog.build/Release/phlibwebp.build/Objects-normal/arm64/config_enc.dia -c /Users/jasonlee/Library/Developer/Xcode/DerivedData/Notch-ddzsfiyxyoauidejndllmosklbkq/SourcePackages/checkouts/posthog-ios/vendor/libwebp/config_enc.c -o /Users/jasonlee/Library/Developer/Xcode/DerivedData/Notch-ddzsfiyxyoauidejndllmosklbkq/Build/Intermediates.noindex/PostHog.build/Release/phlibwebp.build/Objects-normal/arm64/config_enc.o

PrecompileModule /Users/jasonlee/Library/Developer/Xcode/DerivedData/Notch-ddzsfiyxyoauidejndllmosklbkq/Build/Intermediates.noindex/ExplicitPrecompiledModules/_Builtin_inttypes-1EJWU8QNS30KLIB5D0DN5WCYC.scan
    cd /
    builtin-precompileModule /Users/jasonlee/Library/Developer/Xcode/DerivedData/Notch-ddzsfiyxyoauidejndllmosklbkq/Build/Intermediates.noindex/ExplicitPrecompiledModules/_Builtin_inttypes-1EJWU8QNS30KLIB5D0DN5WCYC.scan

ScanDependencies /Users/jasonlee/Library/Developer/Xcode/DerivedData/Notch-ddzsfiyxyoauidejndllmosklbkq/Build/Intermediates.noindex/PostHog.build/Release/phlibwebp.build/Objects-normal/arm64/color_cache_utils.o /Users/jasonlee/Library/Developer/Xcode/DerivedData/Notch-ddzsfiyxyoauidejndllmosklbkq/SourcePackages/checkouts/posthog-ios/vendor/libwebp/color_cache_utils.c normal arm64 c com.apple.compilers.llvm.clang.1_0.compiler (in target 'phlibwebp' from project 'PostHog')
    cd /Users/jasonlee/Coding/App/Notch/Notch.xcodeproj
    
    Using response file: /Users/jasonlee/Library/Developer/Xcode/DerivedData/Notch-ddzsfiyxyoauidejndllmosklbkq/Build/Intermediates.noindex/PostHog.build/Release/phlibwebp.build/Objects-normal/arm64/7187679823f38a2a940e0043cdf9d637-common-args.resp
    
    builtin-ScanDependencies -o /Users/jasonlee/Library/Developer/Xcode/DerivedData/Notch-ddzsfiyxyoauidejndllmosklbkq/Build/Intermediates.noindex/PostHog.build/Release/phlibwebp.build/Objects-normal/arm64/color_cache_utils.o.scan -- /Applications/Xcode.app/Contents/Developer/Toolchains/XcodeDefault.xctoolchain/usr/bin/clang -x c -ivfsstatcache /Users/jasonlee/Library/Developer/Xcode/DerivedData/SDKStatCaches.noindex/macosx26.4-25E251-30f9ca8789b706f8bd3fc906a70d770f.sdkstatcache -target arm64-apple-macos10.15 -fmessage-length\=0 -fdiagnostics-show-note-include-stack -fmacro-backtrace-limit\=0 -fno-color-diagnostics -fmodules-prune-interval\=86400 -fmodules-prune-after\=345600 -fbuild-session-file\=/Users/jasonlee/Library/Developer/Xcode/DerivedData/ModuleCache.noindex/Session.modulevalidation -fmodules-validate-once-per-build-session -Wnon-modular-include-in-framework-module -Werror\=non-modular-include-in-framework-module -Wno-trigraphs -Wno-missing-field-initializers -Wno-missing-prototypes -Wno-return-type -Wno-missing-braces -Wparentheses -Wswitch -Wno-unused-function -Wno-unused-label -Wno-unused-parameter -Wno-unused-variable -Wunused-value -Wno-empty-body -Wno-uninitialized -Wno-unknown-pragmas -w -Wno-shadow -Wno-four-char-constants -Wno-conversion -Wno-constant-conversion -Wno-int-conversion -Wno-bool-conversion -Wno-enum-conversion -Wno-float-conversion -Wno-non-literal-null-conversion -Wno-objc-literal-conversion -Wshorten-64-to-32 -Wpointer-sign -Wno-newline-eof -Wno-implicit-fallthrough -isysroot /Applications/Xcode.app/Contents/Developer/Platforms/MacOSX.platform/Developer/SDKs/MacOSX26.4.sdk -fstrict-aliasing -Wdeprecated-declarations -Wno-sign-conversion -Wno-infinite-recursion -Wno-comma -Wno-block-capture-autoreleasing -Wno-strict-prototypes -Wno-semicolon-before-method-body @/Users/jasonlee/Library/Developer/Xcode/DerivedData/Notch-ddzsfiyxyoauidejndllmosklbkq/Build/Intermediates.noindex/PostHog.build/Release/phlibwebp.build/Objects-normal/arm64/7187679823f38a2a940e0043cdf9d637-common-args.resp -MMD -MT dependencies -MF /Users/jasonlee/Library/Developer/Xcode/DerivedData/Notch-ddzsfiyxyoauidejndllmosklbkq/Build/Intermediates.noindex/PostHog.build/Release/phlibwebp.build/Objects-normal/arm64/color_cache_utils.d --serialize-diagnostics /Users/jasonlee/Library/Developer/Xcode/DerivedData/Notch-ddzsfiyxyoauidejndllmosklbkq/Build/Intermediates.noindex/PostHog.build/Release/phlibwebp.build/Objects-normal/arm64/color_cache_utils.dia -c /Users/jasonlee/Library/Developer/Xcode/DerivedData/Notch-ddzsfiyxyoauidejndllmosklbkq/SourcePackages/checkouts/posthog-ios/vendor/libwebp/color_cache_utils.c -o /Users/jasonlee/Library/Developer/Xcode/DerivedData/Notch-ddzsfiyxyoauidejndllmosklbkq/Build/Intermediates.noindex/PostHog.build/Release/phlibwebp.build/Objects-normal/arm64/color_cache_utils.o

ScanDependencies /Users/jasonlee/Library/Developer/Xcode/DerivedData/Notch-ddzsfiyxyoauidejndllmosklbkq/Build/Intermediates.noindex/PostHog.build/Release/phlibwebp.build/Objects-normal/arm64/bit_writer_utils.o /Users/jasonlee/Library/Developer/Xcode/DerivedData/Notch-ddzsfiyxyoauidejndllmosklbkq/SourcePackages/checkouts/posthog-ios/vendor/libwebp/bit_writer_utils.c normal arm64 c com.apple.compilers.llvm.clang.1_0.compiler (in target 'phlibwebp' from project 'PostHog')
    cd /Users/jasonlee/Coding/App/Notch/Notch.xcodeproj
    
    Using response file: /Users/jasonlee/Library/Developer/Xcode/DerivedData/Notch-ddzsfiyxyoauidejndllmosklbkq/Build/Intermediates.noindex/PostHog.build/Release/phlibwebp.build/Objects-normal/arm64/7187679823f38a2a940e0043cdf9d637-common-args.resp
    
    builtin-ScanDependencies -o /Users/jasonlee/Library/Developer/Xcode/DerivedData/Notch-ddzsfiyxyoauidejndllmosklbkq/Build/Intermediates.noindex/PostHog.build/Release/phlibwebp.build/Objects-normal/arm64/bit_writer_utils.o.scan -- /Applications/Xcode.app/Contents/Developer/Toolchains/XcodeDefault.xctoolchain/usr/bin/clang -x c -ivfsstatcache /Users/jasonlee/Library/Developer/Xcode/DerivedData/SDKStatCaches.noindex/macosx26.4-25E251-30f9ca8789b706f8bd3fc906a70d770f.sdkstatcache -target arm64-apple-macos10.15 -fmessage-length\=0 -fdiagnostics-show-note-include-stack -fmacro-backtrace-limit\=0 -fno-color-diagnostics -fmodules-prune-interval\=86400 -fmodules-prune-after\=345600 -fbuild-session-file\=/Users/jasonlee/Library/Developer/Xcode/DerivedData/ModuleCache.noindex/Session.modulevalidation -fmodules-validate-once-per-build-session -Wnon-modular-include-in-framework-module -Werror\=non-modular-include-in-framework-module -Wno-trigraphs -Wno-missing-field-initializers -Wno-missing-prototypes -Wno-return-type -Wno-missing-braces -Wparentheses -Wswitch -Wno-unused-function -Wno-unused-label -Wno-unused-parameter -Wno-unused-variable -Wunused-value -Wno-empty-body -Wno-uninitialized -Wno-unknown-pragmas -w -Wno-shadow -Wno-four-char-constants -Wno-conversion -Wno-constant-conversion -Wno-int-conversion -Wno-bool-conversion -Wno-enum-conversion -Wno-float-conversion -Wno-non-literal-null-conversion -Wno-objc-literal-conversion -Wshorten-64-to-32 -Wpointer-sign -Wno-newline-eof -Wno-implicit-fallthrough -isysroot /Applications/Xcode.app/Contents/Developer/Platforms/MacOSX.platform/Developer/SDKs/MacOSX26.4.sdk -fstrict-aliasing -Wdeprecated-declarations -Wno-sign-conversion -Wno-infinite-recursion -Wno-comma -Wno-block-capture-autoreleasing -Wno-strict-prototypes -Wno-semicolon-before-method-body @/Users/jasonlee/Library/Developer/Xcode/DerivedData/Notch-ddzsfiyxyoauidejndllmosklbkq/Build/Intermediates.noindex/PostHog.build/Release/phlibwebp.build/Objects-normal/arm64/7187679823f38a2a940e0043cdf9d637-common-args.resp -MMD -MT dependencies -MF /Users/jasonlee/Library/Developer/Xcode/DerivedData/Notch-ddzsfiyxyoauidejndllmosklbkq/Build/Intermediates.noindex/PostHog.build/Release/phlibwebp.build/Objects-normal/arm64/bit_writer_utils.d --serialize-diagnostics /Users/jasonlee/Library/Developer/Xcode/DerivedData/Notch-ddzsfiyxyoauidejndllmosklbkq/Build/Intermediates.noindex/PostHog.build/Release/phlibwebp.build/Objects-normal/arm64/bit_writer_utils.dia -c /Users/jasonlee/Library/Developer/Xcode/DerivedData/Notch-ddzsfiyxyoauidejndllmosklbkq/SourcePackages/checkouts/posthog-ios/vendor/libwebp/bit_writer_utils.c -o /Users/jasonlee/Library/Developer/Xcode/DerivedData/Notch-ddzsfiyxyoauidejndllmosklbkq/Build/Intermediates.noindex/PostHog.build/Release/phlibwebp.build/Objects-normal/arm64/bit_writer_utils.o

ScanDependencies /Users/jasonlee/Library/Developer/Xcode/DerivedData/Notch-ddzsfiyxyoauidejndllmosklbkq/Build/Intermediates.noindex/PostHog.build/Release/phlibwebp.build/Objects-normal/arm64/bit_reader_utils.o /Users/jasonlee/Library/Developer/Xcode/DerivedData/Notch-ddzsfiyxyoauidejndllmosklbkq/SourcePackages/checkouts/posthog-ios/vendor/libwebp/bit_reader_utils.c normal arm64 c com.apple.compilers.llvm.clang.1_0.compiler (in target 'phlibwebp' from project 'PostHog')
    cd /Users/jasonlee/Coding/App/Notch/Notch.xcodeproj
    
    Using response file: /Users/jasonlee/Library/Developer/Xcode/DerivedData/Notch-ddzsfiyxyoauidejndllmosklbkq/Build/Intermediates.noindex/PostHog.build/Release/phlibwebp.build/Objects-normal/arm64/7187679823f38a2a940e0043cdf9d637-common-args.resp
    
    builtin-ScanDependencies -o /Users/jasonlee/Library/Developer/Xcode/DerivedData/Notch-ddzsfiyxyoauidejndllmosklbkq/Build/Intermediates.noindex/PostHog.build/Release/phlibwebp.build/Objects-normal/arm64/bit_reader_utils.o.scan -- /Applications/Xcode.app/Contents/Developer/Toolchains/XcodeDefault.xctoolchain/usr/bin/clang -x c -ivfsstatcache /Users/jasonlee/Library/Developer/Xcode/DerivedData/SDKStatCaches.noindex/macosx26.4-25E251-30f9ca8789b706f8bd3fc906a70d770f.sdkstatcache -target arm64-apple-macos10.15 -fmessage-length\=0 -fdiagnostics-show-note-include-stack -fmacro-backtrace-limit\=0 -fno-color-diagnostics -fmodules-prune-interval\=86400 -fmodules-prune-after\=345600 -fbuild-session-file\=/Users/jasonlee/Library/Developer/Xcode/DerivedData/ModuleCache.noindex/Session.modulevalidation -fmodules-validate-once-per-build-session -Wnon-modular-include-in-framework-module -Werror\=non-modular-include-in-framework-module -Wno-trigraphs -Wno-missing-field-initializers -Wno-missing-prototypes -Wno-return-type -Wno-missing-braces -Wparentheses -Wswitch -Wno-unused-function -Wno-unused-label -Wno-unused-parameter -Wno-unused-variable -Wunused-value -Wno-empty-body -Wno-uninitialized -Wno-unknown-pragmas -w -Wno-shadow -Wno-four-char-constants -Wno-conversion -Wno-constant-conversion -Wno-int-conversion -Wno-bool-conversion -Wno-enum-conversion -Wno-float-conversion -Wno-non-literal-null-conversion -Wno-objc-literal-conversion -Wshorten-64-to-32 -Wpointer-sign -Wno-newline-eof -Wno-implicit-fallthrough -isysroot /Applications/Xcode.app/Contents/Developer/Platforms/MacOSX.platform/Developer/SDKs/MacOSX26.4.sdk -fstrict-aliasing -Wdeprecated-declarations -Wno-sign-conversion -Wno-infinite-recursion -Wno-comma -Wno-block-capture-autoreleasing -Wno-strict-prototypes -Wno-semicolon-before-method-body @/Users/jasonlee/Library/Developer/Xcode/DerivedData/Notch-ddzsfiyxyoauidejndllmosklbkq/Build/Intermediates.noindex/PostHog.build/Release/phlibwebp.build/Objects-normal/arm64/7187679823f38a2a940e0043cdf9d637-common-args.resp -MMD -MT dependencies -MF /Users/jasonlee/Library/Developer/Xcode/DerivedData/Notch-ddzsfiyxyoauidejndllmosklbkq/Build/Intermediates.noindex/PostHog.build/Release/phlibwebp.build/Objects-normal/arm64/bit_reader_utils.d --serialize-diagnostics /Users/jasonlee/Library/Developer/Xcode/DerivedData/Notch-ddzsfiyxyoauidejndllmosklbkq/Build/Intermediates.noindex/PostHog.build/Release/phlibwebp.build/Objects-normal/arm64/bit_reader_utils.dia -c /Users/jasonlee/Library/Developer/Xcode/DerivedData/Notch-ddzsfiyxyoauidejndllmosklbkq/SourcePackages/checkouts/posthog-ios/vendor/libwebp/bit_reader_utils.c -o /Users/jasonlee/Library/Developer/Xcode/DerivedData/Notch-ddzsfiyxyoauidejndllmosklbkq/Build/Intermediates.noindex/PostHog.build/Release/phlibwebp.build/Objects-normal/arm64/bit_reader_utils.o

ScanDependencies /Users/jasonlee/Library/Developer/Xcode/DerivedData/Notch-ddzsfiyxyoauidejndllmosklbkq/Build/Intermediates.noindex/PostHog.build/Release/phlibwebp.build/Objects-normal/arm64/backward_references_enc.o /Users/jasonlee/Library/Developer/Xcode/DerivedData/Notch-ddzsfiyxyoauidejndllmosklbkq/SourcePackages/checkouts/posthog-ios/vendor/libwebp/backward_references_enc.c normal arm64 c com.apple.compilers.llvm.clang.1_0.compiler (in target 'phlibwebp' from project 'PostHog')
    cd /Users/jasonlee/Coding/App/Notch/Notch.xcodeproj
    
    Using response file: /Users/jasonlee/Library/Developer/Xcode/DerivedData/Notch-ddzsfiyxyoauidejndllmosklbkq/Build/Intermediates.noindex/PostHog.build/Release/phlibwebp.build/Objects-normal/arm64/7187679823f38a2a940e0043cdf9d637-common-args.resp
    
    builtin-ScanDependencies -o /Users/jasonlee/Library/Developer/Xcode/DerivedData/Notch-ddzsfiyxyoauidejndllmosklbkq/Build/Intermediates.noindex/PostHog.build/Release/phlibwebp.build/Objects-normal/arm64/backward_references_enc.o.scan -- /Applications/Xcode.app/Contents/Developer/Toolchains/XcodeDefault.xctoolchain/usr/bin/clang -x c -ivfsstatcache /Users/jasonlee/Library/Developer/Xcode/DerivedData/SDKStatCaches.noindex/macosx26.4-25E251-30f9ca8789b706f8bd3fc906a70d770f.sdkstatcache -target arm64-apple-macos10.15 -fmessage-length\=0 -fdiagnostics-show-note-include-stack -fmacro-backtrace-limit\=0 -fno-color-diagnostics -fmodules-prune-interval\=86400 -fmodules-prune-after\=345600 -fbuild-session-file\=/Users/jasonlee/Library/Developer/Xcode/DerivedData/ModuleCache.noindex/Session.modulevalidation -fmodules-validate-once-per-build-session -Wnon-modular-include-in-framework-module -Werror\=non-modular-include-in-framework-module -Wno-trigraphs -Wno-missing-field-initializers -Wno-missing-prototypes -Wno-return-type -Wno-missing-braces -Wparentheses -Wswitch -Wno-unused-function -Wno-unused-label -Wno-unused-parameter -Wno-unused-variable -Wunused-value -Wno-empty-body -Wno-uninitialized -Wno-unknown-pragmas -w -Wno-shadow -Wno-four-char-constants -Wno-conversion -Wno-constant-conversion -Wno-int-conversion -Wno-bool-conversion -Wno-enum-conversion -Wno-float-conversion -Wno-non-literal-null-conversion -Wno-objc-literal-conversion -Wshorten-64-to-32 -Wpointer-sign -Wno-newline-eof -Wno-implicit-fallthrough -isysroot /Applications/Xcode.app/Contents/Developer/Platforms/MacOSX.platform/Developer/SDKs/MacOSX26.4.sdk -fstrict-aliasing -Wdeprecated-declarations -Wno-sign-conversion -Wno-infinite-recursion -Wno-comma -Wno-block-capture-autoreleasing -Wno-strict-prototypes -Wno-semicolon-before-method-body @/Users/jasonlee/Library/Developer/Xcode/DerivedData/Notch-ddzsfiyxyoauidejndllmosklbkq/Build/Intermediates.noindex/PostHog.build/Release/phlibwebp.build/Objects-normal/arm64/7187679823f38a2a940e0043cdf9d637-common-args.resp -MMD -MT dependencies -MF /Users/jasonlee/Library/Developer/Xcode/DerivedData/Notch-ddzsfiyxyoauidejndllmosklbkq/Build/Intermediates.noindex/PostHog.build/Release/phlibwebp.build/Objects-normal/arm64/backward_references_enc.d --serialize-diagnostics /Users/jasonlee/Library/Developer/Xcode/DerivedData/Notch-ddzsfiyxyoauidejndllmosklbkq/Build/Intermediates.noindex/PostHog.build/Release/phlibwebp.build/Objects-normal/arm64/backward_references_enc.dia -c /Users/jasonlee/Library/Developer/Xcode/DerivedData/Notch-ddzsfiyxyoauidejndllmosklbkq/SourcePackages/checkouts/posthog-ios/vendor/libwebp/backward_references_enc.c -o /Users/jasonlee/Library/Developer/Xcode/DerivedData/Notch-ddzsfiyxyoauidejndllmosklbkq/Build/Intermediates.noindex/PostHog.build/Release/phlibwebp.build/Objects-normal/arm64/backward_references_enc.o

ScanDependencies /Users/jasonlee/Library/Developer/Xcode/DerivedData/Notch-ddzsfiyxyoauidejndllmosklbkq/Build/Intermediates.noindex/PostHog.build/Release/phlibwebp.build/Objects-normal/arm64/backward_references_cost_enc.o /Users/jasonlee/Library/Developer/Xcode/DerivedData/Notch-ddzsfiyxyoauidejndllmosklbkq/SourcePackages/checkouts/posthog-ios/vendor/libwebp/backward_references_cost_enc.c normal arm64 c com.apple.compilers.llvm.clang.1_0.compiler (in target 'phlibwebp' from project 'PostHog')
    cd /Users/jasonlee/Coding/App/Notch/Notch.xcodeproj
    
    Using response file: /Users/jasonlee/Library/Developer/Xcode/DerivedData/Notch-ddzsfiyxyoauidejndllmosklbkq/Build/Intermediates.noindex/PostHog.build/Release/phlibwebp.build/Objects-normal/arm64/7187679823f38a2a940e0043cdf9d637-common-args.resp
    
    builtin-ScanDependencies -o /Users/jasonlee/Library/Developer/Xcode/DerivedData/Notch-ddzsfiyxyoauidejndllmosklbkq/Build/Intermediates.noindex/PostHog.build/Release/phlibwebp.build/Objects-normal/arm64/backward_references_cost_enc.o.scan -- /Applications/Xcode.app/Contents/Developer/Toolchains/XcodeDefault.xctoolchain/usr/bin/clang -x c -ivfsstatcache /Users/jasonlee/Library/Developer/Xcode/DerivedData/SDKStatCaches.noindex/macosx26.4-25E251-30f9ca8789b706f8bd3fc906a70d770f.sdkstatcache -target arm64-apple-macos10.15 -fmessage-length\=0 -fdiagnostics-show-note-include-stack -fmacro-backtrace-limit\=0 -fno-color-diagnostics -fmodules-prune-interval\=86400 -fmodules-prune-after\=345600 -fbuild-session-file\=/Users/jasonlee/Library/Developer/Xcode/DerivedData/ModuleCache.noindex/Session.modulevalidation -fmodules-validate-once-per-build-session -Wnon-modular-include-in-framework-module -Werror\=non-modular-include-in-framework-module -Wno-trigraphs -Wno-missing-field-initializers -Wno-missing-prototypes -Wno-return-type -Wno-missing-braces -Wparentheses -Wswitch -Wno-unused-function -Wno-unused-label -Wno-unused-parameter -Wno-unused-variable -Wunused-value -Wno-empty-body -Wno-uninitialized -Wno-unknown-pragmas -w -Wno-shadow -Wno-four-char-constants -Wno-conversion -Wno-constant-conversion -Wno-int-conversion -Wno-bool-conversion -Wno-enum-conversion -Wno-float-conversion -Wno-non-literal-null-conversion -Wno-objc-literal-conversion -Wshorten-64-to-32 -Wpointer-sign -Wno-newline-eof -Wno-implicit-fallthrough -isysroot /Applications/Xcode.app/Contents/Developer/Platforms/MacOSX.platform/Developer/SDKs/MacOSX26.4.sdk -fstrict-aliasing -Wdeprecated-declarations -Wno-sign-conversion -Wno-infinite-recursion -Wno-comma -Wno-block-capture-autoreleasing -Wno-strict-prototypes -Wno-semicolon-before-method-body @/Users/jasonlee/Library/Developer/Xcode/DerivedData/Notch-ddzsfiyxyoauidejndllmosklbkq/Build/Intermediates.noindex/PostHog.build/Release/phlibwebp.build/Objects-normal/arm64/7187679823f38a2a940e0043cdf9d637-common-args.resp -MMD -MT dependencies -MF /Users/jasonlee/Library/Developer/Xcode/DerivedData/Notch-ddzsfiyxyoauidejndllmosklbkq/Build/Intermediates.noindex/PostHog.build/Release/phlibwebp.build/Objects-normal/arm64/backward_references_cost_enc.d --serialize-diagnostics /Users/jasonlee/Library/Developer/Xcode/DerivedData/Notch-ddzsfiyxyoauidejndllmosklbkq/Build/Intermediates.noindex/PostHog.build/Release/phlibwebp.build/Objects-normal/arm64/backward_references_cost_enc.dia -c /Users/jasonlee/Library/Developer/Xcode/DerivedData/Notch-ddzsfiyxyoauidejndllmosklbkq/SourcePackages/checkouts/posthog-ios/vendor/libwebp/backward_references_cost_enc.c -o /Users/jasonlee/Library/Developer/Xcode/DerivedData/Notch-ddzsfiyxyoauidejndllmosklbkq/Build/Intermediates.noindex/PostHog.build/Release/phlibwebp.build/Objects-normal/arm64/backward_references_cost_enc.o

ScanDependencies /Users/jasonlee/Library/Developer/Xcode/DerivedData/Notch-ddzsfiyxyoauidejndllmosklbkq/Build/Intermediates.noindex/PostHog.build/Release/phlibwebp.build/Objects-normal/arm64/analysis_enc.o /Users/jasonlee/Library/Developer/Xcode/DerivedData/Notch-ddzsfiyxyoauidejndllmosklbkq/SourcePackages/checkouts/posthog-ios/vendor/libwebp/analysis_enc.c normal arm64 c com.apple.compilers.llvm.clang.1_0.compiler (in target 'phlibwebp' from project 'PostHog')
    cd /Users/jasonlee/Coding/App/Notch/Notch.xcodeproj
    
    Using response file: /Users/jasonlee/Library/Developer/Xcode/DerivedData/Notch-ddzsfiyxyoauidejndllmosklbkq/Build/Intermediates.noindex/PostHog.build/Release/phlibwebp.build/Objects-normal/arm64/7187679823f38a2a940e0043cdf9d637-common-args.resp
    
    builtin-ScanDependencies -o /Users/jasonlee/Library/Developer/Xcode/DerivedData/Notch-ddzsfiyxyoauidejndllmosklbkq/Build/Intermediates.noindex/PostHog.build/Release/phlibwebp.build/Objects-normal/arm64/analysis_enc.o.scan -- /Applications/Xcode.app/Contents/Developer/Toolchains/XcodeDefault.xctoolchain/usr/bin/clang -x c -ivfsstatcache /Users/jasonlee/Library/Developer/Xcode/DerivedData/SDKStatCaches.noindex/macosx26.4-25E251-30f9ca8789b706f8bd3fc906a70d770f.sdkstatcache -target arm64-apple-macos10.15 -fmessage-length\=0 -fdiagnostics-show-note-include-stack -fmacro-backtrace-limit\=0 -fno-color-diagnostics -fmodules-prune-interval\=86400 -fmodules-prune-after\=345600 -fbuild-session-file\=/Users/jasonlee/Library/Developer/Xcode/DerivedData/ModuleCache.noindex/Session.modulevalidation -fmodules-validate-once-per-build-session -Wnon-modular-include-in-framework-module -Werror\=non-modular-include-in-framework-module -Wno-trigraphs -Wno-missing-field-initializers -Wno-missing-prototypes -Wno-return-type -Wno-missing-braces -Wparentheses -Wswitch -Wno-unused-function -Wno-unused-label -Wno-unused-parameter -Wno-unused-variable -Wunused-value -Wno-empty-body -Wno-uninitialized -Wno-unknown-pragmas -w -Wno-shadow -Wno-four-char-constants -Wno-conversion -Wno-constant-conversion -Wno-int-conversion -Wno-bool-conversion -Wno-enum-conversion -Wno-float-conversion -Wno-non-literal-null-conversion -Wno-objc-literal-conversion -Wshorten-64-to-32 -Wpointer-sign -Wno-newline-eof -Wno-implicit-fallthrough -isysroot /Applications/Xcode.app/Contents/Developer/Platforms/MacOSX.platform/Developer/SDKs/MacOSX26.4.sdk -fstrict-aliasing -Wdeprecated-declarations -Wno-sign-conversion -Wno-infinite-recursion -Wno-comma -Wno-block-capture-autoreleasing -Wno-strict-prototypes -Wno-semicolon-before-method-body @/Users/jasonlee/Library/Developer/Xcode/DerivedData/Notch-ddzsfiyxyoauidejndllmosklbkq/Build/Intermediates.noindex/PostHog.build/Release/phlibwebp.build/Objects-normal/arm64/7187679823f38a2a940e0043cdf9d637-common-args.resp -MMD -MT dependencies -MF /Users/jasonlee/Library/Developer/Xcode/DerivedData/Notch-ddzsfiyxyoauidejndllmosklbkq/Build/Intermediates.noindex/PostHog.build/Release/phlibwebp.build/Objects-normal/arm64/analysis_enc.d --serialize-diagnostics /Users/jasonlee/Library/Developer/Xcode/DerivedData/Notch-ddzsfiyxyoauidejndllmosklbkq/Build/Intermediates.noindex/PostHog.build/Release/phlibwebp.build/Objects-normal/arm64/analysis_enc.dia -c /Users/jasonlee/Library/Developer/Xcode/DerivedData/Notch-ddzsfiyxyoauidejndllmosklbkq/SourcePackages/checkouts/posthog-ios/vendor/libwebp/analysis_enc.c -o /Users/jasonlee/Library/Developer/Xcode/DerivedData/Notch-ddzsfiyxyoauidejndllmosklbkq/Build/Intermediates.noindex/PostHog.build/Release/phlibwebp.build/Objects-normal/arm64/analysis_enc.o

ScanDependencies /Users/jasonlee/Library/Developer/Xcode/DerivedData/Notch-ddzsfiyxyoauidejndllmosklbkq/Build/Intermediates.noindex/PostHog.build/Release/phlibwebp.build/Objects-normal/arm64/alpha_processing_sse41.o /Users/jasonlee/Library/Developer/Xcode/DerivedData/Notch-ddzsfiyxyoauidejndllmosklbkq/SourcePackages/checkouts/posthog-ios/vendor/libwebp/alpha_processing_sse41.c normal arm64 c com.apple.compilers.llvm.clang.1_0.compiler (in target 'phlibwebp' from project 'PostHog')
    cd /Users/jasonlee/Coding/App/Notch/Notch.xcodeproj
    
    Using response file: /Users/jasonlee/Library/Developer/Xcode/DerivedData/Notch-ddzsfiyxyoauidejndllmosklbkq/Build/Intermediates.noindex/PostHog.build/Release/phlibwebp.build/Objects-normal/arm64/7187679823f38a2a940e0043cdf9d637-common-args.resp
    
    builtin-ScanDependencies -o /Users/jasonlee/Library/Developer/Xcode/DerivedData/Notch-ddzsfiyxyoauidejndllmosklbkq/Build/Intermediates.noindex/PostHog.build/Release/phlibwebp.build/Objects-normal/arm64/alpha_processing_sse41.o.scan -- /Applications/Xcode.app/Contents/Developer/Toolchains/XcodeDefault.xctoolchain/usr/bin/clang -x c -ivfsstatcache /Users/jasonlee/Library/Developer/Xcode/DerivedData/SDKStatCaches.noindex/macosx26.4-25E251-30f9ca8789b706f8bd3fc906a70d770f.sdkstatcache -target arm64-apple-macos10.15 -fmessage-length\=0 -fdiagnostics-show-note-include-stack -fmacro-backtrace-limit\=0 -fno-color-diagnostics -fmodules-prune-interval\=86400 -fmodules-prune-after\=345600 -fbuild-session-file\=/Users/jasonlee/Library/Developer/Xcode/DerivedData/ModuleCache.noindex/Session.modulevalidation -fmodules-validate-once-per-build-session -Wnon-modular-include-in-framework-module -Werror\=non-modular-include-in-framework-module -Wno-trigraphs -Wno-missing-field-initializers -Wno-missing-prototypes -Wno-return-type -Wno-missing-braces -Wparentheses -Wswitch -Wno-unused-function -Wno-unused-label -Wno-unused-parameter -Wno-unused-variable -Wunused-value -Wno-empty-body -Wno-uninitialized -Wno-unknown-pragmas -w -Wno-shadow -Wno-four-char-constants -Wno-conversion -Wno-constant-conversion -Wno-int-conversion -Wno-bool-conversion -Wno-enum-conversion -Wno-float-conversion -Wno-non-literal-null-conversion -Wno-objc-literal-conversion -Wshorten-64-to-32 -Wpointer-sign -Wno-newline-eof -Wno-implicit-fallthrough -isysroot /Applications/Xcode.app/Contents/Developer/Platforms/MacOSX.platform/Developer/SDKs/MacOSX26.4.sdk -fstrict-aliasing -Wdeprecated-declarations -Wno-sign-conversion -Wno-infinite-recursion -Wno-comma -Wno-block-capture-autoreleasing -Wno-strict-prototypes -Wno-semicolon-before-method-body @/Users/jasonlee/Library/Developer/Xcode/DerivedData/Notch-ddzsfiyxyoauidejndllmosklbkq/Build/Intermediates.noindex/PostHog.build/Release/phlibwebp.build/Objects-normal/arm64/7187679823f38a2a940e0043cdf9d637-common-args.resp -MMD -MT dependencies -MF /Users/jasonlee/Library/Developer/Xcode/DerivedData/Notch-ddzsfiyxyoauidejndllmosklbkq/Build/Intermediates.noindex/PostHog.build/Release/phlibwebp.build/Objects-normal/arm64/alpha_processing_sse41.d --serialize-diagnostics /Users/jasonlee/Library/Developer/Xcode/DerivedData/Notch-ddzsfiyxyoauidejndllmosklbkq/Build/Intermediates.noindex/PostHog.build/Release/phlibwebp.build/Objects-normal/arm64/alpha_processing_sse41.dia -c /Users/jasonlee/Library/Developer/Xcode/DerivedData/Notch-ddzsfiyxyoauidejndllmosklbkq/SourcePackages/checkouts/posthog-ios/vendor/libwebp/alpha_processing_sse41.c -o /Users/jasonlee/Library/Developer/Xcode/DerivedData/Notch-ddzsfiyxyoauidejndllmosklbkq/Build/Intermediates.noindex/PostHog.build/Release/phlibwebp.build/Objects-normal/arm64/alpha_processing_sse41.o

ScanDependencies /Users/jasonlee/Library/Developer/Xcode/DerivedData/Notch-ddzsfiyxyoauidejndllmosklbkq/Build/Intermediates.noindex/PostHog.build/Release/phlibwebp.build/Objects-normal/arm64/alpha_processing_sse2.o /Users/jasonlee/Library/Developer/Xcode/DerivedData/Notch-ddzsfiyxyoauidejndllmosklbkq/SourcePackages/checkouts/posthog-ios/vendor/libwebp/alpha_processing_sse2.c normal arm64 c com.apple.compilers.llvm.clang.1_0.compiler (in target 'phlibwebp' from project 'PostHog')
    cd /Users/jasonlee/Coding/App/Notch/Notch.xcodeproj
    
    Using response file: /Users/jasonlee/Library/Developer/Xcode/DerivedData/Notch-ddzsfiyxyoauidejndllmosklbkq/Build/Intermediates.noindex/PostHog.build/Release/phlibwebp.build/Objects-normal/arm64/7187679823f38a2a940e0043cdf9d637-common-args.resp
    
    builtin-ScanDependencies -o /Users/jasonlee/Library/Developer/Xcode/DerivedData/Notch-ddzsfiyxyoauidejndllmosklbkq/Build/Intermediates.noindex/PostHog.build/Release/phlibwebp.build/Objects-normal/arm64/alpha_processing_sse2.o.scan -- /Applications/Xcode.app/Contents/Developer/Toolchains/XcodeDefault.xctoolchain/usr/bin/clang -x c -ivfsstatcache /Users/jasonlee/Library/Developer/Xcode/DerivedData/SDKStatCaches.noindex/macosx26.4-25E251-30f9ca8789b706f8bd3fc906a70d770f.sdkstatcache -target arm64-apple-macos10.15 -fmessage-length\=0 -fdiagnostics-show-note-include-stack -fmacro-backtrace-limit\=0 -fno-color-diagnostics -fmodules-prune-interval\=86400 -fmodules-prune-after\=345600 -fbuild-session-file\=/Users/jasonlee/Library/Developer/Xcode/DerivedData/ModuleCache.noindex/Session.modulevalidation -fmodules-validate-once-per-build-session -Wnon-modular-include-in-framework-module -Werror\=non-modular-include-in-framework-module -Wno-trigraphs -Wno-missing-field-initializers -Wno-missing-prototypes -Wno-return-type -Wno-missing-braces -Wparentheses -Wswitch -Wno-unused-function -Wno-unused-label -Wno-unused-parameter -Wno-unused-variable -Wunused-value -Wno-empty-body -Wno-uninitialized -Wno-unknown-pragmas -w -Wno-shadow -Wno-four-char-constants -Wno-conversion -Wno-constant-conversion -Wno-int-conversion -Wno-bool-conversion -Wno-enum-conversion -Wno-float-conversion -Wno-non-literal-null-conversion -Wno-objc-literal-conversion -Wshorten-64-to-32 -Wpointer-sign -Wno-newline-eof -Wno-implicit-fallthrough -isysroot /Applications/Xcode.app/Contents/Developer/Platforms/MacOSX.platform/Developer/SDKs/MacOSX26.4.sdk -fstrict-aliasing -Wdeprecated-declarations -Wno-sign-conversion -Wno-infinite-recursion -Wno-comma -Wno-block-capture-autoreleasing -Wno-strict-prototypes -Wno-semicolon-before-method-body @/Users/jasonlee/Library/Developer/Xcode/DerivedData/Notch-ddzsfiyxyoauidejndllmosklbkq/Build/Intermediates.noindex/PostHog.build/Release/phlibwebp.build/Objects-normal/arm64/7187679823f38a2a940e0043cdf9d637-common-args.resp -MMD -MT dependencies -MF /Users/jasonlee/Library/Developer/Xcode/DerivedData/Notch-ddzsfiyxyoauidejndllmosklbkq/Build/Intermediates.noindex/PostHog.build/Release/phlibwebp.build/Objects-normal/arm64/alpha_processing_sse2.d --serialize-diagnostics /Users/jasonlee/Library/Developer/Xcode/DerivedData/Notch-ddzsfiyxyoauidejndllmosklbkq/Build/Intermediates.noindex/PostHog.build/Release/phlibwebp.build/Objects-normal/arm64/alpha_processing_sse2.dia -c /Users/jasonlee/Library/Developer/Xcode/DerivedData/Notch-ddzsfiyxyoauidejndllmosklbkq/SourcePackages/checkouts/posthog-ios/vendor/libwebp/alpha_processing_sse2.c -o /Users/jasonlee/Library/Developer/Xcode/DerivedData/Notch-ddzsfiyxyoauidejndllmosklbkq/Build/Intermediates.noindex/PostHog.build/Release/phlibwebp.build/Objects-normal/arm64/alpha_processing_sse2.o

ScanDependencies /Users/jasonlee/Library/Developer/Xcode/DerivedData/Notch-ddzsfiyxyoauidejndllmosklbkq/Build/Intermediates.noindex/PostHog.build/Release/phlibwebp.build/Objects-normal/arm64/alpha_processing_neon.o /Users/jasonlee/Library/Developer/Xcode/DerivedData/Notch-ddzsfiyxyoauidejndllmosklbkq/SourcePackages/checkouts/posthog-ios/vendor/libwebp/alpha_processing_neon.c normal arm64 c com.apple.compilers.llvm.clang.1_0.compiler (in target 'phlibwebp' from project 'PostHog')
    cd /Users/jasonlee/Coding/App/Notch/Notch.xcodeproj
    
    Using response file: /Users/jasonlee/Library/Developer/Xcode/DerivedData/Notch-ddzsfiyxyoauidejndllmosklbkq/Build/Intermediates.noindex/PostHog.build/Release/phlibwebp.build/Objects-normal/arm64/7187679823f38a2a940e0043cdf9d637-common-args.resp
    
    builtin-ScanDependencies -o /Users/jasonlee/Library/Developer/Xcode/DerivedData/Notch-ddzsfiyxyoauidejndllmosklbkq/Build/Intermediates.noindex/PostHog.build/Release/phlibwebp.build/Objects-normal/arm64/alpha_processing_neon.o.scan -- /Applications/Xcode.app/Contents/Developer/Toolchains/XcodeDefault.xctoolchain/usr/bin/clang -x c -ivfsstatcache /Users/jasonlee/Library/Developer/Xcode/DerivedData/SDKStatCaches.noindex/macosx26.4-25E251-30f9ca8789b706f8bd3fc906a70d770f.sdkstatcache -target arm64-apple-macos10.15 -fmessage-length\=0 -fdiagnostics-show-note-include-stack -fmacro-backtrace-limit\=0 -fno-color-diagnostics -fmodules-prune-interval\=86400 -fmodules-prune-after\=345600 -fbuild-session-file\=/Users/jasonlee/Library/Developer/Xcode/DerivedData/ModuleCache.noindex/Session.modulevalidation -fmodules-validate-once-per-build-session -Wnon-modular-include-in-framework-module -Werror\=non-modular-include-in-framework-module -Wno-trigraphs -Wno-missing-field-initializers -Wno-missing-prototypes -Wno-return-type -Wno-missing-braces -Wparentheses -Wswitch -Wno-unused-function -Wno-unused-label -Wno-unused-parameter -Wno-unused-variable -Wunused-value -Wno-empty-body -Wno-uninitialized -Wno-unknown-pragmas -w -Wno-shadow -Wno-four-char-constants -Wno-conversion -Wno-constant-conversion -Wno-int-conversion -Wno-bool-conversion -Wno-enum-conversion -Wno-float-conversion -Wno-non-literal-null-conversion -Wno-objc-literal-conversion -Wshorten-64-to-32 -Wpointer-sign -Wno-newline-eof -Wno-implicit-fallthrough -isysroot /Applications/Xcode.app/Contents/Developer/Platforms/MacOSX.platform/Developer/SDKs/MacOSX26.4.sdk -fstrict-aliasing -Wdeprecated-declarations -Wno-sign-conversion -Wno-infinite-recursion -Wno-comma -Wno-block-capture-autoreleasing -Wno-strict-prototypes -Wno-semicolon-before-method-body @/Users/jasonlee/Library/Developer/Xcode/DerivedData/Notch-ddzsfiyxyoauidejndllmosklbkq/Build/Intermediates.noindex/PostHog.build/Release/phlibwebp.build/Objects-normal/arm64/7187679823f38a2a940e0043cdf9d637-common-args.resp -MMD -MT dependencies -MF /Users/jasonlee/Library/Developer/Xcode/DerivedData/Notch-ddzsfiyxyoauidejndllmosklbkq/Build/Intermediates.noindex/PostHog.build/Release/phlibwebp.build/Objects-normal/arm64/alpha_processing_neon.d --serialize-diagnostics /Users/jasonlee/Library/Developer/Xcode/DerivedData/Notch-ddzsfiyxyoauidejndllmosklbkq/Build/Intermediates.noindex/PostHog.build/Release/phlibwebp.build/Objects-normal/arm64/alpha_processing_neon.dia -c /Users/jasonlee/Library/Developer/Xcode/DerivedData/Notch-ddzsfiyxyoauidejndllmosklbkq/SourcePackages/checkouts/posthog-ios/vendor/libwebp/alpha_processing_neon.c -o /Users/jasonlee/Library/Developer/Xcode/DerivedData/Notch-ddzsfiyxyoauidejndllmosklbkq/Build/Intermediates.noindex/PostHog.build/Release/phlibwebp.build/Objects-normal/arm64/alpha_processing_neon.o

ScanDependencies /Users/jasonlee/Library/Developer/Xcode/DerivedData/Notch-ddzsfiyxyoauidejndllmosklbkq/Build/Intermediates.noindex/PostHog.build/Release/phlibwebp.build/Objects-normal/arm64/alpha_processing.o /Users/jasonlee/Library/Developer/Xcode/DerivedData/Notch-ddzsfiyxyoauidejndllmosklbkq/SourcePackages/checkouts/posthog-ios/vendor/libwebp/alpha_processing.c normal arm64 c com.apple.compilers.llvm.clang.1_0.compiler (in target 'phlibwebp' from project 'PostHog')
    cd /Users/jasonlee/Coding/App/Notch/Notch.xcodeproj
    
    Using response file: /Users/jasonlee/Library/Developer/Xcode/DerivedData/Notch-ddzsfiyxyoauidejndllmosklbkq/Build/Intermediates.noindex/PostHog.build/Release/phlibwebp.build/Objects-normal/arm64/7187679823f38a2a940e0043cdf9d637-common-args.resp
    
    builtin-ScanDependencies -o /Users/jasonlee/Library/Developer/Xcode/DerivedData/Notch-ddzsfiyxyoauidejndllmosklbkq/Build/Intermediates.noindex/PostHog.build/Release/phlibwebp.build/Objects-normal/arm64/alpha_processing.o.scan -- /Applications/Xcode.app/Contents/Developer/Toolchains/XcodeDefault.xctoolchain/usr/bin/clang -x c -ivfsstatcache /Users/jasonlee/Library/Developer/Xcode/DerivedData/SDKStatCaches.noindex/macosx26.4-25E251-30f9ca8789b706f8bd3fc906a70d770f.sdkstatcache -target arm64-apple-macos10.15 -fmessage-length\=0 -fdiagnostics-show-note-include-stack -fmacro-backtrace-limit\=0 -fno-color-diagnostics -fmodules-prune-interval\=86400 -fmodules-prune-after\=345600 -fbuild-session-file\=/Users/jasonlee/Library/Developer/Xcode/DerivedData/ModuleCache.noindex/Session.modulevalidation -fmodules-validate-once-per-build-session -Wnon-modular-include-in-framework-module -Werror\=non-modular-include-in-framework-module -Wno-trigraphs -Wno-missing-field-initializers -Wno-missing-prototypes -Wno-return-type -Wno-missing-braces -Wparentheses -Wswitch -Wno-unused-function -Wno-unused-label -Wno-unused-parameter -Wno-unused-variable -Wunused-value -Wno-empty-body -Wno-uninitialized -Wno-unknown-pragmas -w -Wno-shadow -Wno-four-char-constants -Wno-conversion -Wno-constant-conversion -Wno-int-conversion -Wno-bool-conversion -Wno-enum-conversion -Wno-float-conversion -Wno-non-literal-null-conversion -Wno-objc-literal-conversion -Wshorten-64-to-32 -Wpointer-sign -Wno-newline-eof -Wno-implicit-fallthrough -isysroot /Applications/Xcode.app/Contents/Developer/Platforms/MacOSX.platform/Developer/SDKs/MacOSX26.4.sdk -fstrict-aliasing -Wdeprecated-declarations -Wno-sign-conversion -Wno-infinite-recursion -Wno-comma -Wno-block-capture-autoreleasing -Wno-strict-prototypes -Wno-semicolon-before-method-body @/Users/jasonlee/Library/Developer/Xcode/DerivedData/Notch-ddzsfiyxyoauidejndllmosklbkq/Build/Intermediates.noindex/PostHog.build/Release/phlibwebp.build/Objects-normal/arm64/7187679823f38a2a940e0043cdf9d637-common-args.resp -MMD -MT dependencies -MF /Users/jasonlee/Library/Developer/Xcode/DerivedData/Notch-ddzsfiyxyoauidejndllmosklbkq/Build/Intermediates.noindex/PostHog.build/Release/phlibwebp.build/Objects-normal/arm64/alpha_processing.d --serialize-diagnostics /Users/jasonlee/Library/Developer/Xcode/DerivedData/Notch-ddzsfiyxyoauidejndllmosklbkq/Build/Intermediates.noindex/PostHog.build/Release/phlibwebp.build/Objects-normal/arm64/alpha_processing.dia -c /Users/jasonlee/Library/Developer/Xcode/DerivedData/Notch-ddzsfiyxyoauidejndllmosklbkq/SourcePackages/checkouts/posthog-ios/vendor/libwebp/alpha_processing.c -o /Users/jasonlee/Library/Developer/Xcode/DerivedData/Notch-ddzsfiyxyoauidejndllmosklbkq/Build/Intermediates.noindex/PostHog.build/Release/phlibwebp.build/Objects-normal/arm64/alpha_processing.o

ScanDependencies /Users/jasonlee/Library/Developer/Xcode/DerivedData/Notch-ddzsfiyxyoauidejndllmosklbkq/Build/Intermediates.noindex/PostHog.build/Release/phlibwebp.build/Objects-normal/arm64/alpha_enc.o /Users/jasonlee/Library/Developer/Xcode/DerivedData/Notch-ddzsfiyxyoauidejndllmosklbkq/SourcePackages/checkouts/posthog-ios/vendor/libwebp/alpha_enc.c normal arm64 c com.apple.compilers.llvm.clang.1_0.compiler (in target 'phlibwebp' from project 'PostHog')
    cd /Users/jasonlee/Coding/App/Notch/Notch.xcodeproj
    
    Using response file: /Users/jasonlee/Library/Developer/Xcode/DerivedData/Notch-ddzsfiyxyoauidejndllmosklbkq/Build/Intermediates.noindex/PostHog.build/Release/phlibwebp.build/Objects-normal/arm64/7187679823f38a2a940e0043cdf9d637-common-args.resp
    
    builtin-ScanDependencies -o /Users/jasonlee/Library/Developer/Xcode/DerivedData/Notch-ddzsfiyxyoauidejndllmosklbkq/Build/Intermediates.noindex/PostHog.build/Release/phlibwebp.build/Objects-normal/arm64/alpha_enc.o.scan -- /Applications/Xcode.app/Contents/Developer/Toolchains/XcodeDefault.xctoolchain/usr/bin/clang -x c -ivfsstatcache /Users/jasonlee/Library/Developer/Xcode/DerivedData/SDKStatCaches.noindex/macosx26.4-25E251-30f9ca8789b706f8bd3fc906a70d770f.sdkstatcache -target arm64-apple-macos10.15 -fmessage-length\=0 -fdiagnostics-show-note-include-stack -fmacro-backtrace-limit\=0 -fno-color-diagnostics -fmodules-prune-interval\=86400 -fmodules-prune-after\=345600 -fbuild-session-file\=/Users/jasonlee/Library/Developer/Xcode/DerivedData/ModuleCache.noindex/Session.modulevalidation -fmodules-validate-once-per-build-session -Wnon-modular-include-in-framework-module -Werror\=non-modular-include-in-framework-module -Wno-trigraphs -Wno-missing-field-initializers -Wno-missing-prototypes -Wno-return-type -Wno-missing-braces -Wparentheses -Wswitch -Wno-unused-function -Wno-unused-label -Wno-unused-parameter -Wno-unused-variable -Wunused-value -Wno-empty-body -Wno-uninitialized -Wno-unknown-pragmas -w -Wno-shadow -Wno-four-char-constants -Wno-conversion -Wno-constant-conversion -Wno-int-conversion -Wno-bool-conversion -Wno-enum-conversion -Wno-float-conversion -Wno-non-literal-null-conversion -Wno-objc-literal-conversion -Wshorten-64-to-32 -Wpointer-sign -Wno-newline-eof -Wno-implicit-fallthrough -isysroot /Applications/Xcode.app/Contents/Developer/Platforms/MacOSX.platform/Developer/SDKs/MacOSX26.4.sdk -fstrict-aliasing -Wdeprecated-declarations -Wno-sign-conversion -Wno-infinite-recursion -Wno-comma -Wno-block-capture-autoreleasing -Wno-strict-prototypes -Wno-semicolon-before-method-body @/Users/jasonlee/Library/Developer/Xcode/DerivedData/Notch-ddzsfiyxyoauidejndllmosklbkq/Build/Intermediates.noindex/PostHog.build/Release/phlibwebp.build/Objects-normal/arm64/7187679823f38a2a940e0043cdf9d637-common-args.resp -MMD -MT dependencies -MF /Users/jasonlee/Library/Developer/Xcode/DerivedData/Notch-ddzsfiyxyoauidejndllmosklbkq/Build/Intermediates.noindex/PostHog.build/Release/phlibwebp.build/Objects-normal/arm64/alpha_enc.d --serialize-diagnostics /Users/jasonlee/Library/Developer/Xcode/DerivedData/Notch-ddzsfiyxyoauidejndllmosklbkq/Build/Intermediates.noindex/PostHog.build/Release/phlibwebp.build/Objects-normal/arm64/alpha_enc.dia -c /Users/jasonlee/Library/Developer/Xcode/DerivedData/Notch-ddzsfiyxyoauidejndllmosklbkq/SourcePackages/checkouts/posthog-ios/vendor/libwebp/alpha_enc.c -o /Users/jasonlee/Library/Developer/Xcode/DerivedData/Notch-ddzsfiyxyoauidejndllmosklbkq/Build/Intermediates.noindex/PostHog.build/Release/phlibwebp.build/Objects-normal/arm64/alpha_enc.o

SwiftDriver\ Compilation SkyLightWindow normal x86_64 com.apple.xcode.tools.swift.compiler (in target 'SkyLightWindow' from project 'SkyLightWindow')
    cd /Users/jasonlee/Coding/App/Notch/Notch.xcodeproj
    builtin-Swift-Compilation -- /Applications/Xcode.app/Contents/Developer/Toolchains/XcodeDefault.xctoolchain/usr/bin/swiftc -module-name SkyLightWindow -O -whole-module-optimization @/Users/jasonlee/Library/Developer/Xcode/DerivedData/Notch-ddzsfiyxyoauidejndllmosklbkq/Build/Intermediates.noindex/SkyLightWindow.build/Release/SkyLightWindow.build/Objects-normal/x86_64/SkyLightWindow.SwiftFileList -DSWIFT_PACKAGE -DSWIFT_MODULE_RESOURCE_BUNDLE_UNAVAILABLE -DXcode -plugin-path /Applications/Xcode.app/Contents/Developer/Toolchains/XcodeDefault.xctoolchain/usr/lib/swift/host/plugins/testing -enable-experimental-feature DebugDescriptionMacro -sdk /Applications/Xcode.app/Contents/Developer/Platforms/MacOSX.platform/Developer/SDKs/MacOSX26.4.sdk -target x86_64-apple-macos11.0 -g -module-cache-path /Users/jasonlee/Library/Developer/Xcode/DerivedData/ModuleCache.noindex -Xfrontend -serialize-debugging-options -profile-coverage-mapping -profile-generate -suppress-warnings -swift-version 5 -I /Users/jasonlee/Library/Developer/Xcode/DerivedData/Notch-ddzsfiyxyoauidejndllmosklbkq/Build/Products/Release -Isystem /Applications/Xcode.app/Contents/Developer/Platforms/MacOSX.platform/Developer/usr/lib -F /Users/jasonlee/Library/Developer/Xcode/DerivedData/Notch-ddzsfiyxyoauidejndllmosklbkq/Build/Products/Release -F /Applications/Xcode.app/Contents/Developer/Platforms/MacOSX.platform/Developer/Library/Frameworks -c -num-threads 12 -Xcc -ivfsstatcache -Xcc /Users/jasonlee/Library/Developer/Xcode/DerivedData/SDKStatCaches.noindex/macosx26.4-25E251-30f9ca8789b706f8bd3fc906a70d770f.sdkstatcache -output-file-map /Users/jasonlee/Library/Developer/Xcode/DerivedData/Notch-ddzsfiyxyoauidejndllmosklbkq/Build/Intermediates.noindex/SkyLightWindow.build/Release/SkyLightWindow.build/Objects-normal/x86_64/SkyLightWindow-OutputFileMap.json -use-frontend-parseable-output -save-temps -no-color-diagnostics -explicit-module-build -module-cache-path /Users/jasonlee/Library/Developer/Xcode/DerivedData/Notch-ddzsfiyxyoauidejndllmosklbkq/Build/Intermediates.noindex/SwiftExplicitPrecompiledModules -clang-scanner-module-cache-path /Users/jasonlee/Library/Developer/Xcode/DerivedData/ModuleCache.noindex -sdk-module-cache-path /Users/jasonlee/Library/Developer/Xcode/DerivedData/ModuleCache.noindex -serialize-diagnostics -emit-dependencies -emit-module -emit-module-path /Users/jasonlee/Library/Developer/Xcode/DerivedData/Notch-ddzsfiyxyoauidejndllmosklbkq/Build/Intermediates.noindex/SkyLightWindow.build/Release/SkyLightWindow.build/Objects-normal/x86_64/SkyLightWindow.swiftmodule -validate-clang-modules-once -clang-build-session-file /Users/jasonlee/Library/Developer/Xcode/DerivedData/ModuleCache.noindex/Session.modulevalidation -package-name skylightwindow -Xcc -I/Users/jasonlee/Library/Developer/Xcode/DerivedData/Notch-ddzsfiyxyoauidejndllmosklbkq/Build/Intermediates.noindex/SkyLightWindow.build/Release/SkyLightWindow.build/swift-overrides.hmap -emit-const-values -Xfrontend -const-gather-protocols-file -Xfrontend /Users/jasonlee/Library/Developer/Xcode/DerivedData/Notch-ddzsfiyxyoauidejndllmosklbkq/Build/Intermediates.noindex/SkyLightWindow.build/Release/SkyLightWindow.build/Objects-normal/x86_64/SkyLightWindow_const_extract_protocols.json -Xcc -I/Users/jasonlee/Library/Developer/Xcode/DerivedData/Notch-ddzsfiyxyoauidejndllmosklbkq/Build/Products/Release/include -Xcc -I/Users/jasonlee/Library/Developer/Xcode/DerivedData/Notch-ddzsfiyxyoauidejndllmosklbkq/Build/Intermediates.noindex/SkyLightWindow.build/Release/SkyLightWindow.build/DerivedSources-normal/x86_64 -Xcc -I/Users/jasonlee/Library/Developer/Xcode/DerivedData/Notch-ddzsfiyxyoauidejndllmosklbkq/Build/Intermediates.noindex/SkyLightWindow.build/Release/SkyLightWindow.build/DerivedSources/x86_64 -Xcc -I/Users/jasonlee/Library/Developer/Xcode/DerivedData/Notch-ddzsfiyxyoauidejndllmosklbkq/Build/Intermediates.noindex/SkyLightWindow.build/Release/SkyLightWindow.build/DerivedSources -Xcc -DSWIFT_PACKAGE -emit-objc-header -emit-objc-header-path /Users/jasonlee/Library/Developer/Xcode/DerivedData/Notch-ddzsfiyxyoauidejndllmosklbkq/Build/Intermediates.noindex/SkyLightWindow.build/Release/SkyLightWindow.build/Objects-normal/x86_64/SkyLightWindow-Swift.h -working-directory /Users/jasonlee/Coding/App/Notch/Notch.xcodeproj -no-emit-module-separately-wmo

SwiftDriver\ Compilation SkyLightWindow normal arm64 com.apple.xcode.tools.swift.compiler (in target 'SkyLightWindow' from project 'SkyLightWindow')
    cd /Users/jasonlee/Coding/App/Notch/Notch.xcodeproj
    builtin-Swift-Compilation -- /Applications/Xcode.app/Contents/Developer/Toolchains/XcodeDefault.xctoolchain/usr/bin/swiftc -module-name SkyLightWindow -O -whole-module-optimization @/Users/jasonlee/Library/Developer/Xcode/DerivedData/Notch-ddzsfiyxyoauidejndllmosklbkq/Build/Intermediates.noindex/SkyLightWindow.build/Release/SkyLightWindow.build/Objects-normal/arm64/SkyLightWindow.SwiftFileList -DSWIFT_PACKAGE -DSWIFT_MODULE_RESOURCE_BUNDLE_UNAVAILABLE -DXcode -plugin-path /Applications/Xcode.app/Contents/Developer/Toolchains/XcodeDefault.xctoolchain/usr/lib/swift/host/plugins/testing -enable-experimental-feature DebugDescriptionMacro -sdk /Applications/Xcode.app/Contents/Developer/Platforms/MacOSX.platform/Developer/SDKs/MacOSX26.4.sdk -target arm64-apple-macos11.0 -g -module-cache-path /Users/jasonlee/Library/Developer/Xcode/DerivedData/ModuleCache.noindex -Xfrontend -serialize-debugging-options -profile-coverage-mapping -profile-generate -suppress-warnings -swift-version 5 -I /Users/jasonlee/Library/Developer/Xcode/DerivedData/Notch-ddzsfiyxyoauidejndllmosklbkq/Build/Products/Release -Isystem /Applications/Xcode.app/Contents/Developer/Platforms/MacOSX.platform/Developer/usr/lib -F /Users/jasonlee/Library/Developer/Xcode/DerivedData/Notch-ddzsfiyxyoauidejndllmosklbkq/Build/Products/Release -F /Applications/Xcode.app/Contents/Developer/Platforms/MacOSX.platform/Developer/Library/Frameworks -c -num-threads 12 -Xcc -ivfsstatcache -Xcc /Users/jasonlee/Library/Developer/Xcode/DerivedData/SDKStatCaches.noindex/macosx26.4-25E251-30f9ca8789b706f8bd3fc906a70d770f.sdkstatcache -output-file-map /Users/jasonlee/Library/Developer/Xcode/DerivedData/Notch-ddzsfiyxyoauidejndllmosklbkq/Build/Intermediates.noindex/SkyLightWindow.build/Release/SkyLightWindow.build/Objects-normal/arm64/SkyLightWindow-OutputFileMap.json -use-frontend-parseable-output -save-temps -no-color-diagnostics -explicit-module-build -module-cache-path /Users/jasonlee/Library/Developer/Xcode/DerivedData/Notch-ddzsfiyxyoauidejndllmosklbkq/Build/Intermediates.noindex/SwiftExplicitPrecompiledModules -clang-scanner-module-cache-path /Users/jasonlee/Library/Developer/Xcode/DerivedData/ModuleCache.noindex -sdk-module-cache-path /Users/jasonlee/Library/Developer/Xcode/DerivedData/ModuleCache.noindex -serialize-diagnostics -emit-dependencies -emit-module -emit-module-path /Users/jasonlee/Library/Developer/Xcode/DerivedData/Notch-ddzsfiyxyoauidejndllmosklbkq/Build/Intermediates.noindex/SkyLightWindow.build/Release/SkyLightWindow.build/Objects-normal/arm64/SkyLightWindow.swiftmodule -validate-clang-modules-once -clang-build-session-file /Users/jasonlee/Library/Developer/Xcode/DerivedData/ModuleCache.noindex/Session.modulevalidation -package-name skylightwindow -Xcc -I/Users/jasonlee/Library/Developer/Xcode/DerivedData/Notch-ddzsfiyxyoauidejndllmosklbkq/Build/Intermediates.noindex/SkyLightWindow.build/Release/SkyLightWindow.build/swift-overrides.hmap -emit-const-values -Xfrontend -const-gather-protocols-file -Xfrontend /Users/jasonlee/Library/Developer/Xcode/DerivedData/Notch-ddzsfiyxyoauidejndllmosklbkq/Build/Intermediates.noindex/SkyLightWindow.build/Release/SkyLightWindow.build/Objects-normal/arm64/SkyLightWindow_const_extract_protocols.json -Xcc -I/Users/jasonlee/Library/Developer/Xcode/DerivedData/Notch-ddzsfiyxyoauidejndllmosklbkq/Build/Products/Release/include -Xcc -I/Users/jasonlee/Library/Developer/Xcode/DerivedData/Notch-ddzsfiyxyoauidejndllmosklbkq/Build/Intermediates.noindex/SkyLightWindow.build/Release/SkyLightWindow.build/DerivedSources-normal/arm64 -Xcc -I/Users/jasonlee/Library/Developer/Xcode/DerivedData/Notch-ddzsfiyxyoauidejndllmosklbkq/Build/Intermediates.noindex/SkyLightWindow.build/Release/SkyLightWindow.build/DerivedSources/arm64 -Xcc -I/Users/jasonlee/Library/Developer/Xcode/DerivedData/Notch-ddzsfiyxyoauidejndllmosklbkq/Build/Intermediates.noindex/SkyLightWindow.build/Release/SkyLightWindow.build/DerivedSources -Xcc -DSWIFT_PACKAGE -emit-objc-header -emit-objc-header-path /Users/jasonlee/Library/Developer/Xcode/DerivedData/Notch-ddzsfiyxyoauidejndllmosklbkq/Build/Intermediates.noindex/SkyLightWindow.build/Release/SkyLightWindow.build/Objects-normal/arm64/SkyLightWindow-Swift.h -working-directory /Users/jasonlee/Coding/App/Notch/Notch.xcodeproj -no-emit-module-separately-wmo

SwiftDriver\ Compilation PostHog normal x86_64 com.apple.xcode.tools.swift.compiler (in target 'PostHog' from project 'PostHog')
    cd /Users/jasonlee/Coding/App/Notch/Notch.xcodeproj
    builtin-Swift-Compilation -- /Applications/Xcode.app/Contents/Developer/Toolchains/XcodeDefault.xctoolchain/usr/bin/swiftc -module-name PostHog -O -whole-module-optimization @/Users/jasonlee/Library/Developer/Xcode/DerivedData/Notch-ddzsfiyxyoauidejndllmosklbkq/Build/Intermediates.noindex/PostHog.build/Release/PostHog.build/Objects-normal/x86_64/PostHog.SwiftFileList -DSWIFT_PACKAGE -DSWIFT_MODULE_RESOURCE_BUNDLE_AVAILABLE -Xcc -fmodule-map-file\=/Users/jasonlee/Library/Developer/Xcode/DerivedData/Notch-ddzsfiyxyoauidejndllmosklbkq/Build/Intermediates.noindex/GeneratedModuleMaps/CrashReporter.modulemap -Xcc -fmodule-map-file\=/Users/jasonlee/Library/Developer/Xcode/DerivedData/Notch-ddzsfiyxyoauidejndllmosklbkq/Build/Intermediates.noindex/GeneratedModuleMaps/phlibwebp.modulemap -DXcode -plugin-path /Applications/Xcode.app/Contents/Developer/Toolchains/XcodeDefault.xctoolchain/usr/lib/swift/host/plugins/testing -enable-experimental-feature DebugDescriptionMacro -sdk /Applications/Xcode.app/Contents/Developer/Platforms/MacOSX.platform/Developer/SDKs/MacOSX26.4.sdk -target x86_64-apple-macos10.15 -g -module-cache-path /Users/jasonlee/Library/Developer/Xcode/DerivedData/ModuleCache.noindex -Xfrontend -serialize-debugging-options -profile-coverage-mapping -profile-generate -suppress-warnings -swift-version 5 -I /Users/jasonlee/Library/Developer/Xcode/DerivedData/Notch-ddzsfiyxyoauidejndllmosklbkq/Build/Products/Release -Isystem /Applications/Xcode.app/Contents/Developer/Platforms/MacOSX.platform/Developer/usr/lib -F /Users/jasonlee/Library/Developer/Xcode/DerivedData/Notch-ddzsfiyxyoauidejndllmosklbkq/Build/Products/Release/PackageFrameworks -F /Users/jasonlee/Library/Developer/Xcode/DerivedData/Notch-ddzsfiyxyoauidejndllmosklbkq/Build/Products/Release/PackageFrameworks -F /Users/jasonlee/Library/Developer/Xcode/DerivedData/Notch-ddzsfiyxyoauidejndllmosklbkq/Build/Products/Release -F /Applications/Xcode.app/Contents/Developer/Platforms/MacOSX.platform/Developer/Library/Frameworks -c -num-threads 12 -Xcc -ivfsstatcache -Xcc /Users/jasonlee/Library/Developer/Xcode/DerivedData/SDKStatCaches.noindex/macosx26.4-25E251-30f9ca8789b706f8bd3fc906a70d770f.sdkstatcache -output-file-map /Users/jasonlee/Library/Developer/Xcode/DerivedData/Notch-ddzsfiyxyoauidejndllmosklbkq/Build/Intermediates.noindex/PostHog.build/Release/PostHog.build/Objects-normal/x86_64/PostHog-OutputFileMap.json -use-frontend-parseable-output -save-temps -no-color-diagnostics -explicit-module-build -module-cache-path /Users/jasonlee/Library/Developer/Xcode/DerivedData/Notch-ddzsfiyxyoauidejndllmosklbkq/Build/Intermediates.noindex/SwiftExplicitPrecompiledModules -clang-scanner-module-cache-path /Users/jasonlee/Library/Developer/Xcode/DerivedData/ModuleCache.noindex -sdk-module-cache-path /Users/jasonlee/Library/Developer/Xcode/DerivedData/ModuleCache.noindex -serialize-diagnostics -emit-dependencies -emit-module -emit-module-path /Users/jasonlee/Library/Developer/Xcode/DerivedData/Notch-ddzsfiyxyoauidejndllmosklbkq/Build/Intermediates.noindex/PostHog.build/Release/PostHog.build/Objects-normal/x86_64/PostHog.swiftmodule -validate-clang-modules-once -clang-build-session-file /Users/jasonlee/Library/Developer/Xcode/DerivedData/ModuleCache.noindex/Session.modulevalidation -package-name posthog_ios -Xcc -I/Users/jasonlee/Library/Developer/Xcode/DerivedData/Notch-ddzsfiyxyoauidejndllmosklbkq/Build/Intermediates.noindex/PostHog.build/Release/PostHog.build/swift-overrides.hmap -emit-const-values -Xfrontend -const-gather-protocols-file -Xfrontend /Users/jasonlee/Library/Developer/Xcode/DerivedData/Notch-ddzsfiyxyoauidejndllmosklbkq/Build/Intermediates.noindex/PostHog.build/Release/PostHog.build/Objects-normal/x86_64/PostHog_const_extract_protocols.json -Xcc -I/Users/jasonlee/Library/Developer/Xcode/DerivedData/Notch-ddzsfiyxyoauidejndllmosklbkq/SourcePackages/checkouts/plcrashreporter/include -Xcc -I/Users/jasonlee/Library/Developer/Xcode/DerivedData/Notch-ddzsfiyxyoauidejndllmosklbkq/SourcePackages/checkouts/posthog-ios/vendor/libwebp -Xcc -I/Users/jasonlee/Library/Developer/Xcode/DerivedData/Notch-ddzsfiyxyoauidejndllmosklbkq/Build/Products/Release/include -Xcc -I/Users/jasonlee/Library/Developer/Xcode/DerivedData/Notch-ddzsfiyxyoauidejndllmosklbkq/Build/Intermediates.noindex/PostHog.build/Release/PostHog.build/DerivedSources-normal/x86_64 -Xcc -I/Users/jasonlee/Library/Developer/Xcode/DerivedData/Notch-ddzsfiyxyoauidejndllmosklbkq/Build/Intermediates.noindex/PostHog.build/Release/PostHog.build/DerivedSources/x86_64 -Xcc -I/Users/jasonlee/Library/Developer/Xcode/DerivedData/Notch-ddzsfiyxyoauidejndllmosklbkq/Build/Intermediates.noindex/PostHog.build/Release/PostHog.build/DerivedSources -Xcc -DSWIFT_PACKAGE -emit-objc-header -emit-objc-header-path /Users/jasonlee/Library/Developer/Xcode/DerivedData/Notch-ddzsfiyxyoauidejndllmosklbkq/Build/Intermediates.noindex/PostHog.build/Release/PostHog.build/Objects-normal/x86_64/PostHog-Swift.h -working-directory /Users/jasonlee/Coding/App/Notch/Notch.xcodeproj -no-emit-module-separately-wmo

SwiftDriver\ Compilation PostHog normal arm64 com.apple.xcode.tools.swift.compiler (in target 'PostHog' from project 'PostHog')
    cd /Users/jasonlee/Coding/App/Notch/Notch.xcodeproj
    builtin-Swift-Compilation -- /Applications/Xcode.app/Contents/Developer/Toolchains/XcodeDefault.xctoolchain/usr/bin/swiftc -module-name PostHog -O -whole-module-optimization @/Users/jasonlee/Library/Developer/Xcode/DerivedData/Notch-ddzsfiyxyoauidejndllmosklbkq/Build/Intermediates.noindex/PostHog.build/Release/PostHog.build/Objects-normal/arm64/PostHog.SwiftFileList -DSWIFT_PACKAGE -DSWIFT_MODULE_RESOURCE_BUNDLE_AVAILABLE -Xcc -fmodule-map-file\=/Users/jasonlee/Library/Developer/Xcode/DerivedData/Notch-ddzsfiyxyoauidejndllmosklbkq/Build/Intermediates.noindex/GeneratedModuleMaps/CrashReporter.modulemap -Xcc -fmodule-map-file\=/Users/jasonlee/Library/Developer/Xcode/DerivedData/Notch-ddzsfiyxyoauidejndllmosklbkq/Build/Intermediates.noindex/GeneratedModuleMaps/phlibwebp.modulemap -DXcode -plugin-path /Applications/Xcode.app/Contents/Developer/Toolchains/XcodeDefault.xctoolchain/usr/lib/swift/host/plugins/testing -enable-experimental-feature DebugDescriptionMacro -sdk /Applications/Xcode.app/Contents/Developer/Platforms/MacOSX.platform/Developer/SDKs/MacOSX26.4.sdk -target arm64-apple-macos10.15 -g -module-cache-path /Users/jasonlee/Library/Developer/Xcode/DerivedData/ModuleCache.noindex -Xfrontend -serialize-debugging-options -profile-coverage-mapping -profile-generate -suppress-warnings -swift-version 5 -I /Users/jasonlee/Library/Developer/Xcode/DerivedData/Notch-ddzsfiyxyoauidejndllmosklbkq/Build/Products/Release -Isystem /Applications/Xcode.app/Contents/Developer/Platforms/MacOSX.platform/Developer/usr/lib -F /Users/jasonlee/Library/Developer/Xcode/DerivedData/Notch-ddzsfiyxyoauidejndllmosklbkq/Build/Products/Release/PackageFrameworks -F /Users/jasonlee/Library/Developer/Xcode/DerivedData/Notch-ddzsfiyxyoauidejndllmosklbkq/Build/Products/Release/PackageFrameworks -F /Users/jasonlee/Library/Developer/Xcode/DerivedData/Notch-ddzsfiyxyoauidejndllmosklbkq/Build/Products/Release -F /Applications/Xcode.app/Contents/Developer/Platforms/MacOSX.platform/Developer/Library/Frameworks -c -num-threads 12 -Xcc -ivfsstatcache -Xcc /Users/jasonlee/Library/Developer/Xcode/DerivedData/SDKStatCaches.noindex/macosx26.4-25E251-30f9ca8789b706f8bd3fc906a70d770f.sdkstatcache -output-file-map /Users/jasonlee/Library/Developer/Xcode/DerivedData/Notch-ddzsfiyxyoauidejndllmosklbkq/Build/Intermediates.noindex/PostHog.build/Release/PostHog.build/Objects-normal/arm64/PostHog-OutputFileMap.json -use-frontend-parseable-output -save-temps -no-color-diagnostics -explicit-module-build -module-cache-path /Users/jasonlee/Library/Developer/Xcode/DerivedData/Notch-ddzsfiyxyoauidejndllmosklbkq/Build/Intermediates.noindex/SwiftExplicitPrecompiledModules -clang-scanner-module-cache-path /Users/jasonlee/Library/Developer/Xcode/DerivedData/ModuleCache.noindex -sdk-module-cache-path /Users/jasonlee/Library/Developer/Xcode/DerivedData/ModuleCache.noindex -serialize-diagnostics -emit-dependencies -emit-module -emit-module-path /Users/jasonlee/Library/Developer/Xcode/DerivedData/Notch-ddzsfiyxyoauidejndllmosklbkq/Build/Intermediates.noindex/PostHog.build/Release/PostHog.build/Objects-normal/arm64/PostHog.swiftmodule -validate-clang-modules-once -clang-build-session-file /Users/jasonlee/Library/Developer/Xcode/DerivedData/ModuleCache.noindex/Session.modulevalidation -package-name posthog_ios -Xcc -I/Users/jasonlee/Library/Developer/Xcode/DerivedData/Notch-ddzsfiyxyoauidejndllmosklbkq/Build/Intermediates.noindex/PostHog.build/Release/PostHog.build/swift-overrides.hmap -emit-const-values -Xfrontend -const-gather-protocols-file -Xfrontend /Users/jasonlee/Library/Developer/Xcode/DerivedData/Notch-ddzsfiyxyoauidejndllmosklbkq/Build/Intermediates.noindex/PostHog.build/Release/PostHog.build/Objects-normal/arm64/PostHog_const_extract_protocols.json -Xcc -I/Users/jasonlee/Library/Developer/Xcode/DerivedData/Notch-ddzsfiyxyoauidejndllmosklbkq/SourcePackages/checkouts/plcrashreporter/include -Xcc -I/Users/jasonlee/Library/Developer/Xcode/DerivedData/Notch-ddzsfiyxyoauidejndllmosklbkq/SourcePackages/checkouts/posthog-ios/vendor/libwebp -Xcc -I/Users/jasonlee/Library/Developer/Xcode/DerivedData/Notch-ddzsfiyxyoauidejndllmosklbkq/Build/Products/Release/include -Xcc -I/Users/jasonlee/Library/Developer/Xcode/DerivedData/Notch-ddzsfiyxyoauidejndllmosklbkq/Build/Intermediates.noindex/PostHog.build/Release/PostHog.build/DerivedSources-normal/arm64 -Xcc -I/Users/jasonlee/Library/Developer/Xcode/DerivedData/Notch-ddzsfiyxyoauidejndllmosklbkq/Build/Intermediates.noindex/PostHog.build/Release/PostHog.build/DerivedSources/arm64 -Xcc -I/Users/jasonlee/Library/Developer/Xcode/DerivedData/Notch-ddzsfiyxyoauidejndllmosklbkq/Build/Intermediates.noindex/PostHog.build/Release/PostHog.build/DerivedSources -Xcc -DSWIFT_PACKAGE -emit-objc-header -emit-objc-header-path /Users/jasonlee/Library/Developer/Xcode/DerivedData/Notch-ddzsfiyxyoauidejndllmosklbkq/Build/Intermediates.noindex/PostHog.build/Release/PostHog.build/Objects-normal/arm64/PostHog-Swift.h -working-directory /Users/jasonlee/Coding/App/Notch/Notch.xcodeproj -no-emit-module-separately-wmo

CompileC /Users/jasonlee/Library/Developer/Xcode/DerivedData/Notch-ddzsfiyxyoauidejndllmosklbkq/Build/Intermediates.noindex/PostHog.build/Release/phlibwebp.build/Objects-normal/arm64/yuv_sse41.o /Users/jasonlee/Library/Developer/Xcode/DerivedData/Notch-ddzsfiyxyoauidejndllmosklbkq/SourcePackages/checkouts/posthog-ios/vendor/libwebp/yuv_sse41.c normal arm64 c com.apple.compilers.llvm.clang.1_0.compiler (in target 'phlibwebp' from project 'PostHog')
    cd /Users/jasonlee/Coding/App/Notch/Notch.xcodeproj
    
    Using response file: /Users/jasonlee/Library/Developer/Xcode/DerivedData/Notch-ddzsfiyxyoauidejndllmosklbkq/Build/Intermediates.noindex/PostHog.build/Release/phlibwebp.build/Objects-normal/arm64/7187679823f38a2a940e0043cdf9d637-common-args.resp
    
    /Applications/Xcode.app/Contents/Developer/Toolchains/XcodeDefault.xctoolchain/usr/bin/clang -x c -ivfsstatcache /Users/jasonlee/Library/Developer/Xcode/DerivedData/SDKStatCaches.noindex/macosx26.4-25E251-30f9ca8789b706f8bd3fc906a70d770f.sdkstatcache -target arm64-apple-macos10.15 -fmessage-length\=0 -fdiagnostics-show-note-include-stack -fmacro-backtrace-limit\=0 -fno-color-diagnostics -fmodules-prune-interval\=86400 -fmodules-prune-after\=345600 -fbuild-session-file\=/Users/jasonlee/Library/Developer/Xcode/DerivedData/ModuleCache.noindex/Session.modulevalidation -fmodules-validate-once-per-build-session -Wnon-modular-include-in-framework-module -Werror\=non-modular-include-in-framework-module -Wno-trigraphs -Wno-missing-field-initializers -Wno-missing-prototypes -Wno-return-type -Wno-missing-braces -Wparentheses -Wswitch -Wno-unused-function -Wno-unused-label -Wno-unused-parameter -Wno-unused-variable -Wunused-value -Wno-empty-body -Wno-uninitialized -Wno-unknown-pragmas -w -Wno-shadow -Wno-four-char-constants -Wno-conversion -Wno-constant-conversion -Wno-int-conversion -Wno-bool-conversion -Wno-enum-conversion -Wno-float-conversion -Wno-non-literal-null-conversion -Wno-objc-literal-conversion -Wshorten-64-to-32 -Wpointer-sign -Wno-newline-eof -Wno-implicit-fallthrough -isysroot /Applications/Xcode.app/Contents/Developer/Platforms/MacOSX.platform/Developer/SDKs/MacOSX26.4.sdk -fstrict-aliasing -Wdeprecated-declarations -Wno-sign-conversion -Wno-infinite-recursion -Wno-comma -Wno-block-capture-autoreleasing -Wno-strict-prototypes -Wno-semicolon-before-method-body @/Users/jasonlee/Library/Developer/Xcode/DerivedData/Notch-ddzsfiyxyoauidejndllmosklbkq/Build/Intermediates.noindex/PostHog.build/Release/phlibwebp.build/Objects-normal/arm64/7187679823f38a2a940e0043cdf9d637-common-args.resp -MMD -MT dependencies -MF /Users/jasonlee/Library/Developer/Xcode/DerivedData/Notch-ddzsfiyxyoauidejndllmosklbkq/Build/Intermediates.noindex/PostHog.build/Release/phlibwebp.build/Objects-normal/arm64/yuv_sse41.d --serialize-diagnostics /Users/jasonlee/Library/Developer/Xcode/DerivedData/Notch-ddzsfiyxyoauidejndllmosklbkq/Build/Intermediates.noindex/PostHog.build/Release/phlibwebp.build/Objects-normal/arm64/yuv_sse41.dia -c /Users/jasonlee/Library/Developer/Xcode/DerivedData/Notch-ddzsfiyxyoauidejndllmosklbkq/SourcePackages/checkouts/posthog-ios/vendor/libwebp/yuv_sse41.c -o /Users/jasonlee/Library/Developer/Xcode/DerivedData/Notch-ddzsfiyxyoauidejndllmosklbkq/Build/Intermediates.noindex/PostHog.build/Release/phlibwebp.build/Objects-normal/arm64/yuv_sse41.o

CompileC /Users/jasonlee/Library/Developer/Xcode/DerivedData/Notch-ddzsfiyxyoauidejndllmosklbkq/Build/Intermediates.noindex/PostHog.build/Release/phlibwebp.build/Objects-normal/arm64/yuv_sse2.o /Users/jasonlee/Library/Developer/Xcode/DerivedData/Notch-ddzsfiyxyoauidejndllmosklbkq/SourcePackages/checkouts/posthog-ios/vendor/libwebp/yuv_sse2.c normal arm64 c com.apple.compilers.llvm.clang.1_0.compiler (in target 'phlibwebp' from project 'PostHog')
    cd /Users/jasonlee/Coding/App/Notch/Notch.xcodeproj
    
    Using response file: /Users/jasonlee/Library/Developer/Xcode/DerivedData/Notch-ddzsfiyxyoauidejndllmosklbkq/Build/Intermediates.noindex/PostHog.build/Release/phlibwebp.build/Objects-normal/arm64/7187679823f38a2a940e0043cdf9d637-common-args.resp
    
    /Applications/Xcode.app/Contents/Developer/Toolchains/XcodeDefault.xctoolchain/usr/bin/clang -x c -ivfsstatcache /Users/jasonlee/Library/Developer/Xcode/DerivedData/SDKStatCaches.noindex/macosx26.4-25E251-30f9ca8789b706f8bd3fc906a70d770f.sdkstatcache -target arm64-apple-macos10.15 -fmessage-length\=0 -fdiagnostics-show-note-include-stack -fmacro-backtrace-limit\=0 -fno-color-diagnostics -fmodules-prune-interval\=86400 -fmodules-prune-after\=345600 -fbuild-session-file\=/Users/jasonlee/Library/Developer/Xcode/DerivedData/ModuleCache.noindex/Session.modulevalidation -fmodules-validate-once-per-build-session -Wnon-modular-include-in-framework-module -Werror\=non-modular-include-in-framework-module -Wno-trigraphs -Wno-missing-field-initializers -Wno-missing-prototypes -Wno-return-type -Wno-missing-braces -Wparentheses -Wswitch -Wno-unused-function -Wno-unused-label -Wno-unused-parameter -Wno-unused-variable -Wunused-value -Wno-empty-body -Wno-uninitialized -Wno-unknown-pragmas -w -Wno-shadow -Wno-four-char-constants -Wno-conversion -Wno-constant-conversion -Wno-int-conversion -Wno-bool-conversion -Wno-enum-conversion -Wno-float-conversion -Wno-non-literal-null-conversion -Wno-objc-literal-conversion -Wshorten-64-to-32 -Wpointer-sign -Wno-newline-eof -Wno-implicit-fallthrough -isysroot /Applications/Xcode.app/Contents/Developer/Platforms/MacOSX.platform/Developer/SDKs/MacOSX26.4.sdk -fstrict-aliasing -Wdeprecated-declarations -Wno-sign-conversion -Wno-infinite-recursion -Wno-comma -Wno-block-capture-autoreleasing -Wno-strict-prototypes -Wno-semicolon-before-method-body @/Users/jasonlee/Library/Developer/Xcode/DerivedData/Notch-ddzsfiyxyoauidejndllmosklbkq/Build/Intermediates.noindex/PostHog.build/Release/phlibwebp.build/Objects-normal/arm64/7187679823f38a2a940e0043cdf9d637-common-args.resp -MMD -MT dependencies -MF /Users/jasonlee/Library/Developer/Xcode/DerivedData/Notch-ddzsfiyxyoauidejndllmosklbkq/Build/Intermediates.noindex/PostHog.build/Release/phlibwebp.build/Objects-normal/arm64/yuv_sse2.d --serialize-diagnostics /Users/jasonlee/Library/Developer/Xcode/DerivedData/Notch-ddzsfiyxyoauidejndllmosklbkq/Build/Intermediates.noindex/PostHog.build/Release/phlibwebp.build/Objects-normal/arm64/yuv_sse2.dia -c /Users/jasonlee/Library/Developer/Xcode/DerivedData/Notch-ddzsfiyxyoauidejndllmosklbkq/SourcePackages/checkouts/posthog-ios/vendor/libwebp/yuv_sse2.c -o /Users/jasonlee/Library/Developer/Xcode/DerivedData/Notch-ddzsfiyxyoauidejndllmosklbkq/Build/Intermediates.noindex/PostHog.build/Release/phlibwebp.build/Objects-normal/arm64/yuv_sse2.o

CompileC /Users/jasonlee/Library/Developer/Xcode/DerivedData/Notch-ddzsfiyxyoauidejndllmosklbkq/Build/Intermediates.noindex/PostHog.build/Release/phlibwebp.build/Objects-normal/arm64/yuv.o /Users/jasonlee/Library/Developer/Xcode/DerivedData/Notch-ddzsfiyxyoauidejndllmosklbkq/SourcePackages/checkouts/posthog-ios/vendor/libwebp/yuv.c normal arm64 c com.apple.compilers.llvm.clang.1_0.compiler (in target 'phlibwebp' from project 'PostHog')
    cd /Users/jasonlee/Coding/App/Notch/Notch.xcodeproj
    
    Using response file: /Users/jasonlee/Library/Developer/Xcode/DerivedData/Notch-ddzsfiyxyoauidejndllmosklbkq/Build/Intermediates.noindex/PostHog.build/Release/phlibwebp.build/Objects-normal/arm64/7187679823f38a2a940e0043cdf9d637-common-args.resp
    
    /Applications/Xcode.app/Contents/Developer/Toolchains/XcodeDefault.xctoolchain/usr/bin/clang -x c -ivfsstatcache /Users/jasonlee/Library/Developer/Xcode/DerivedData/SDKStatCaches.noindex/macosx26.4-25E251-30f9ca8789b706f8bd3fc906a70d770f.sdkstatcache -target arm64-apple-macos10.15 -fmessage-length\=0 -fdiagnostics-show-note-include-stack -fmacro-backtrace-limit\=0 -fno-color-diagnostics -fmodules-prune-interval\=86400 -fmodules-prune-after\=345600 -fbuild-session-file\=/Users/jasonlee/Library/Developer/Xcode/DerivedData/ModuleCache.noindex/Session.modulevalidation -fmodules-validate-once-per-build-session -Wnon-modular-include-in-framework-module -Werror\=non-modular-include-in-framework-module -Wno-trigraphs -Wno-missing-field-initializers -Wno-missing-prototypes -Wno-return-type -Wno-missing-braces -Wparentheses -Wswitch -Wno-unused-function -Wno-unused-label -Wno-unused-parameter -Wno-unused-variable -Wunused-value -Wno-empty-body -Wno-uninitialized -Wno-unknown-pragmas -w -Wno-shadow -Wno-four-char-constants -Wno-conversion -Wno-constant-conversion -Wno-int-conversion -Wno-bool-conversion -Wno-enum-conversion -Wno-float-conversion -Wno-non-literal-null-conversion -Wno-objc-literal-conversion -Wshorten-64-to-32 -Wpointer-sign -Wno-newline-eof -Wno-implicit-fallthrough -isysroot /Applications/Xcode.app/Contents/Developer/Platforms/MacOSX.platform/Developer/SDKs/MacOSX26.4.sdk -fstrict-aliasing -Wdeprecated-declarations -Wno-sign-conversion -Wno-infinite-recursion -Wno-comma -Wno-block-capture-autoreleasing -Wno-strict-prototypes -Wno-semicolon-before-method-body @/Users/jasonlee/Library/Developer/Xcode/DerivedData/Notch-ddzsfiyxyoauidejndllmosklbkq/Build/Intermediates.noindex/PostHog.build/Release/phlibwebp.build/Objects-normal/arm64/7187679823f38a2a940e0043cdf9d637-common-args.resp -MMD -MT dependencies -MF /Users/jasonlee/Library/Developer/Xcode/DerivedData/Notch-ddzsfiyxyoauidejndllmosklbkq/Build/Intermediates.noindex/PostHog.build/Release/phlibwebp.build/Objects-normal/arm64/yuv.d --serialize-diagnostics /Users/jasonlee/Library/Developer/Xcode/DerivedData/Notch-ddzsfiyxyoauidejndllmosklbkq/Build/Intermediates.noindex/PostHog.build/Release/phlibwebp.build/Objects-normal/arm64/yuv.dia -c /Users/jasonlee/Library/Developer/Xcode/DerivedData/Notch-ddzsfiyxyoauidejndllmosklbkq/SourcePackages/checkouts/posthog-ios/vendor/libwebp/yuv.c -o /Users/jasonlee/Library/Developer/Xcode/DerivedData/Notch-ddzsfiyxyoauidejndllmosklbkq/Build/Intermediates.noindex/PostHog.build/Release/phlibwebp.build/Objects-normal/arm64/yuv.o

CompileC /Users/jasonlee/Library/Developer/Xcode/DerivedData/Notch-ddzsfiyxyoauidejndllmosklbkq/Build/Intermediates.noindex/PostHog.build/Release/phlibwebp.build/Objects-normal/arm64/webp_enc.o /Users/jasonlee/Library/Developer/Xcode/DerivedData/Notch-ddzsfiyxyoauidejndllmosklbkq/SourcePackages/checkouts/posthog-ios/vendor/libwebp/webp_enc.c normal arm64 c com.apple.compilers.llvm.clang.1_0.compiler (in target 'phlibwebp' from project 'PostHog')
    cd /Users/jasonlee/Coding/App/Notch/Notch.xcodeproj
    
    Using response file: /Users/jasonlee/Library/Developer/Xcode/DerivedData/Notch-ddzsfiyxyoauidejndllmosklbkq/Build/Intermediates.noindex/PostHog.build/Release/phlibwebp.build/Objects-normal/arm64/7187679823f38a2a940e0043cdf9d637-common-args.resp
    
    /Applications/Xcode.app/Contents/Developer/Toolchains/XcodeDefault.xctoolchain/usr/bin/clang -x c -ivfsstatcache /Users/jasonlee/Library/Developer/Xcode/DerivedData/SDKStatCaches.noindex/macosx26.4-25E251-30f9ca8789b706f8bd3fc906a70d770f.sdkstatcache -target arm64-apple-macos10.15 -fmessage-length\=0 -fdiagnostics-show-note-include-stack -fmacro-backtrace-limit\=0 -fno-color-diagnostics -fmodules-prune-interval\=86400 -fmodules-prune-after\=345600 -fbuild-session-file\=/Users/jasonlee/Library/Developer/Xcode/DerivedData/ModuleCache.noindex/Session.modulevalidation -fmodules-validate-once-per-build-session -Wnon-modular-include-in-framework-module -Werror\=non-modular-include-in-framework-module -Wno-trigraphs -Wno-missing-field-initializers -Wno-missing-prototypes -Wno-return-type -Wno-missing-braces -Wparentheses -Wswitch -Wno-unused-function -Wno-unused-label -Wno-unused-parameter -Wno-unused-variable -Wunused-value -Wno-empty-body -Wno-uninitialized -Wno-unknown-pragmas -w -Wno-shadow -Wno-four-char-constants -Wno-conversion -Wno-constant-conversion -Wno-int-conversion -Wno-bool-conversion -Wno-enum-conversion -Wno-float-conversion -Wno-non-literal-null-conversion -Wno-objc-literal-conversion -Wshorten-64-to-32 -Wpointer-sign -Wno-newline-eof -Wno-implicit-fallthrough -isysroot /Applications/Xcode.app/Contents/Developer/Platforms/MacOSX.platform/Developer/SDKs/MacOSX26.4.sdk -fstrict-aliasing -Wdeprecated-declarations -Wno-sign-conversion -Wno-infinite-recursion -Wno-comma -Wno-block-capture-autoreleasing -Wno-strict-prototypes -Wno-semicolon-before-method-body @/Users/jasonlee/Library/Developer/Xcode/DerivedData/Notch-ddzsfiyxyoauidejndllmosklbkq/Build/Intermediates.noindex/PostHog.build/Release/phlibwebp.build/Objects-normal/arm64/7187679823f38a2a940e0043cdf9d637-common-args.resp -MMD -MT dependencies -MF /Users/jasonlee/Library/Developer/Xcode/DerivedData/Notch-ddzsfiyxyoauidejndllmosklbkq/Build/Intermediates.noindex/PostHog.build/Release/phlibwebp.build/Objects-normal/arm64/webp_enc.d --serialize-diagnostics /Users/jasonlee/Library/Developer/Xcode/DerivedData/Notch-ddzsfiyxyoauidejndllmosklbkq/Build/Intermediates.noindex/PostHog.build/Release/phlibwebp.build/Objects-normal/arm64/webp_enc.dia -c /Users/jasonlee/Library/Developer/Xcode/DerivedData/Notch-ddzsfiyxyoauidejndllmosklbkq/SourcePackages/checkouts/posthog-ios/vendor/libwebp/webp_enc.c -o /Users/jasonlee/Library/Developer/Xcode/DerivedData/Notch-ddzsfiyxyoauidejndllmosklbkq/Build/Intermediates.noindex/PostHog.build/Release/phlibwebp.build/Objects-normal/arm64/webp_enc.o

CompileC /Users/jasonlee/Library/Developer/Xcode/DerivedData/Notch-ddzsfiyxyoauidejndllmosklbkq/Build/Intermediates.noindex/PostHog.build/Release/phlibwebp.build/Objects-normal/arm64/vp8l_enc.o /Users/jasonlee/Library/Developer/Xcode/DerivedData/Notch-ddzsfiyxyoauidejndllmosklbkq/SourcePackages/checkouts/posthog-ios/vendor/libwebp/vp8l_enc.c normal arm64 c com.apple.compilers.llvm.clang.1_0.compiler (in target 'phlibwebp' from project 'PostHog')
    cd /Users/jasonlee/Coding/App/Notch/Notch.xcodeproj
    
    Using response file: /Users/jasonlee/Library/Developer/Xcode/DerivedData/Notch-ddzsfiyxyoauidejndllmosklbkq/Build/Intermediates.noindex/PostHog.build/Release/phlibwebp.build/Objects-normal/arm64/7187679823f38a2a940e0043cdf9d637-common-args.resp
    
    /Applications/Xcode.app/Contents/Developer/Toolchains/XcodeDefault.xctoolchain/usr/bin/clang -x c -ivfsstatcache /Users/jasonlee/Library/Developer/Xcode/DerivedData/SDKStatCaches.noindex/macosx26.4-25E251-30f9ca8789b706f8bd3fc906a70d770f.sdkstatcache -target arm64-apple-macos10.15 -fmessage-length\=0 -fdiagnostics-show-note-include-stack -fmacro-backtrace-limit\=0 -fno-color-diagnostics -fmodules-prune-interval\=86400 -fmodules-prune-after\=345600 -fbuild-session-file\=/Users/jasonlee/Library/Developer/Xcode/DerivedData/ModuleCache.noindex/Session.modulevalidation -fmodules-validate-once-per-build-session -Wnon-modular-include-in-framework-module -Werror\=non-modular-include-in-framework-module -Wno-trigraphs -Wno-missing-field-initializers -Wno-missing-prototypes -Wno-return-type -Wno-missing-braces -Wparentheses -Wswitch -Wno-unused-function -Wno-unused-label -Wno-unused-parameter -Wno-unused-variable -Wunused-value -Wno-empty-body -Wno-uninitialized -Wno-unknown-pragmas -w -Wno-shadow -Wno-four-char-constants -Wno-conversion -Wno-constant-conversion -Wno-int-conversion -Wno-bool-conversion -Wno-enum-conversion -Wno-float-conversion -Wno-non-literal-null-conversion -Wno-objc-literal-conversion -Wshorten-64-to-32 -Wpointer-sign -Wno-newline-eof -Wno-implicit-fallthrough -isysroot /Applications/Xcode.app/Contents/Developer/Platforms/MacOSX.platform/Developer/SDKs/MacOSX26.4.sdk -fstrict-aliasing -Wdeprecated-declarations -Wno-sign-conversion -Wno-infinite-recursion -Wno-comma -Wno-block-capture-autoreleasing -Wno-strict-prototypes -Wno-semicolon-before-method-body @/Users/jasonlee/Library/Developer/Xcode/DerivedData/Notch-ddzsfiyxyoauidejndllmosklbkq/Build/Intermediates.noindex/PostHog.build/Release/phlibwebp.build/Objects-normal/arm64/7187679823f38a2a940e0043cdf9d637-common-args.resp -MMD -MT dependencies -MF /Users/jasonlee/Library/Developer/Xcode/DerivedData/Notch-ddzsfiyxyoauidejndllmosklbkq/Build/Intermediates.noindex/PostHog.build/Release/phlibwebp.build/Objects-normal/arm64/vp8l_enc.d --serialize-diagnostics /Users/jasonlee/Library/Developer/Xcode/DerivedData/Notch-ddzsfiyxyoauidejndllmosklbkq/Build/Intermediates.noindex/PostHog.build/Release/phlibwebp.build/Objects-normal/arm64/vp8l_enc.dia -c /Users/jasonlee/Library/Developer/Xcode/DerivedData/Notch-ddzsfiyxyoauidejndllmosklbkq/SourcePackages/checkouts/posthog-ios/vendor/libwebp/vp8l_enc.c -o /Users/jasonlee/Library/Developer/Xcode/DerivedData/Notch-ddzsfiyxyoauidejndllmosklbkq/Build/Intermediates.noindex/PostHog.build/Release/phlibwebp.build/Objects-normal/arm64/vp8l_enc.o

CompileC /Users/jasonlee/Library/Developer/Xcode/DerivedData/Notch-ddzsfiyxyoauidejndllmosklbkq/Build/Intermediates.noindex/PostHog.build/Release/phlibwebp.build/Objects-normal/arm64/utils.o /Users/jasonlee/Library/Developer/Xcode/DerivedData/Notch-ddzsfiyxyoauidejndllmosklbkq/SourcePackages/checkouts/posthog-ios/vendor/libwebp/utils.c normal arm64 c com.apple.compilers.llvm.clang.1_0.compiler (in target 'phlibwebp' from project 'PostHog')
    cd /Users/jasonlee/Coding/App/Notch/Notch.xcodeproj
    
    Using response file: /Users/jasonlee/Library/Developer/Xcode/DerivedData/Notch-ddzsfiyxyoauidejndllmosklbkq/Build/Intermediates.noindex/PostHog.build/Release/phlibwebp.build/Objects-normal/arm64/7187679823f38a2a940e0043cdf9d637-common-args.resp
    
    /Applications/Xcode.app/Contents/Developer/Toolchains/XcodeDefault.xctoolchain/usr/bin/clang -x c -ivfsstatcache /Users/jasonlee/Library/Developer/Xcode/DerivedData/SDKStatCaches.noindex/macosx26.4-25E251-30f9ca8789b706f8bd3fc906a70d770f.sdkstatcache -target arm64-apple-macos10.15 -fmessage-length\=0 -fdiagnostics-show-note-include-stack -fmacro-backtrace-limit\=0 -fno-color-diagnostics -fmodules-prune-interval\=86400 -fmodules-prune-after\=345600 -fbuild-session-file\=/Users/jasonlee/Library/Developer/Xcode/DerivedData/ModuleCache.noindex/Session.modulevalidation -fmodules-validate-once-per-build-session -Wnon-modular-include-in-framework-module -Werror\=non-modular-include-in-framework-module -Wno-trigraphs -Wno-missing-field-initializers -Wno-missing-prototypes -Wno-return-type -Wno-missing-braces -Wparentheses -Wswitch -Wno-unused-function -Wno-unused-label -Wno-unused-parameter -Wno-unused-variable -Wunused-value -Wno-empty-body -Wno-uninitialized -Wno-unknown-pragmas -w -Wno-shadow -Wno-four-char-constants -Wno-conversion -Wno-constant-conversion -Wno-int-conversion -Wno-bool-conversion -Wno-enum-conversion -Wno-float-conversion -Wno-non-literal-null-conversion -Wno-objc-literal-conversion -Wshorten-64-to-32 -Wpointer-sign -Wno-newline-eof -Wno-implicit-fallthrough -isysroot /Applications/Xcode.app/Contents/Developer/Platforms/MacOSX.platform/Developer/SDKs/MacOSX26.4.sdk -fstrict-aliasing -Wdeprecated-declarations -Wno-sign-conversion -Wno-infinite-recursion -Wno-comma -Wno-block-capture-autoreleasing -Wno-strict-prototypes -Wno-semicolon-before-method-body @/Users/jasonlee/Library/Developer/Xcode/DerivedData/Notch-ddzsfiyxyoauidejndllmosklbkq/Build/Intermediates.noindex/PostHog.build/Release/phlibwebp.build/Objects-normal/arm64/7187679823f38a2a940e0043cdf9d637-common-args.resp -MMD -MT dependencies -MF /Users/jasonlee/Library/Developer/Xcode/DerivedData/Notch-ddzsfiyxyoauidejndllmosklbkq/Build/Intermediates.noindex/PostHog.build/Release/phlibwebp.build/Objects-normal/arm64/utils.d --serialize-diagnostics /Users/jasonlee/Library/Developer/Xcode/DerivedData/Notch-ddzsfiyxyoauidejndllmosklbkq/Build/Intermediates.noindex/PostHog.build/Release/phlibwebp.build/Objects-normal/arm64/utils.dia -c /Users/jasonlee/Library/Developer/Xcode/DerivedData/Notch-ddzsfiyxyoauidejndllmosklbkq/SourcePackages/checkouts/posthog-ios/vendor/libwebp/utils.c -o /Users/jasonlee/Library/Developer/Xcode/DerivedData/Notch-ddzsfiyxyoauidejndllmosklbkq/Build/Intermediates.noindex/PostHog.build/Release/phlibwebp.build/Objects-normal/arm64/utils.o

CompileC /Users/jasonlee/Library/Developer/Xcode/DerivedData/Notch-ddzsfiyxyoauidejndllmosklbkq/Build/Intermediates.noindex/PostHog.build/Release/phlibwebp.build/Objects-normal/arm64/upsampling_sse41.o /Users/jasonlee/Library/Developer/Xcode/DerivedData/Notch-ddzsfiyxyoauidejndllmosklbkq/SourcePackages/checkouts/posthog-ios/vendor/libwebp/upsampling_sse41.c normal arm64 c com.apple.compilers.llvm.clang.1_0.compiler (in target 'phlibwebp' from project 'PostHog')
    cd /Users/jasonlee/Coding/App/Notch/Notch.xcodeproj
    
    Using response file: /Users/jasonlee/Library/Developer/Xcode/DerivedData/Notch-ddzsfiyxyoauidejndllmosklbkq/Build/Intermediates.noindex/PostHog.build/Release/phlibwebp.build/Objects-normal/arm64/7187679823f38a2a940e0043cdf9d637-common-args.resp
    
    /Applications/Xcode.app/Contents/Developer/Toolchains/XcodeDefault.xctoolchain/usr/bin/clang -x c -ivfsstatcache /Users/jasonlee/Library/Developer/Xcode/DerivedData/SDKStatCaches.noindex/macosx26.4-25E251-30f9ca8789b706f8bd3fc906a70d770f.sdkstatcache -target arm64-apple-macos10.15 -fmessage-length\=0 -fdiagnostics-show-note-include-stack -fmacro-backtrace-limit\=0 -fno-color-diagnostics -fmodules-prune-interval\=86400 -fmodules-prune-after\=345600 -fbuild-session-file\=/Users/jasonlee/Library/Developer/Xcode/DerivedData/ModuleCache.noindex/Session.modulevalidation -fmodules-validate-once-per-build-session -Wnon-modular-include-in-framework-module -Werror\=non-modular-include-in-framework-module -Wno-trigraphs -Wno-missing-field-initializers -Wno-missing-prototypes -Wno-return-type -Wno-missing-braces -Wparentheses -Wswitch -Wno-unused-function -Wno-unused-label -Wno-unused-parameter -Wno-unused-variable -Wunused-value -Wno-empty-body -Wno-uninitialized -Wno-unknown-pragmas -w -Wno-shadow -Wno-four-char-constants -Wno-conversion -Wno-constant-conversion -Wno-int-conversion -Wno-bool-conversion -Wno-enum-conversion -Wno-float-conversion -Wno-non-literal-null-conversion -Wno-objc-literal-conversion -Wshorten-64-to-32 -Wpointer-sign -Wno-newline-eof -Wno-implicit-fallthrough -isysroot /Applications/Xcode.app/Contents/Developer/Platforms/MacOSX.platform/Developer/SDKs/MacOSX26.4.sdk -fstrict-aliasing -Wdeprecated-declarations -Wno-sign-conversion -Wno-infinite-recursion -Wno-comma -Wno-block-capture-autoreleasing -Wno-strict-prototypes -Wno-semicolon-before-method-body @/Users/jasonlee/Library/Developer/Xcode/DerivedData/Notch-ddzsfiyxyoauidejndllmosklbkq/Build/Intermediates.noindex/PostHog.build/Release/phlibwebp.build/Objects-normal/arm64/7187679823f38a2a940e0043cdf9d637-common-args.resp -MMD -MT dependencies -MF /Users/jasonlee/Library/Developer/Xcode/DerivedData/Notch-ddzsfiyxyoauidejndllmosklbkq/Build/Intermediates.noindex/PostHog.build/Release/phlibwebp.build/Objects-normal/arm64/upsampling_sse41.d --serialize-diagnostics /Users/jasonlee/Library/Developer/Xcode/DerivedData/Notch-ddzsfiyxyoauidejndllmosklbkq/Build/Intermediates.noindex/PostHog.build/Release/phlibwebp.build/Objects-normal/arm64/upsampling_sse41.dia -c /Users/jasonlee/Library/Developer/Xcode/DerivedData/Notch-ddzsfiyxyoauidejndllmosklbkq/SourcePackages/checkouts/posthog-ios/vendor/libwebp/upsampling_sse41.c -o /Users/jasonlee/Library/Developer/Xcode/DerivedData/Notch-ddzsfiyxyoauidejndllmosklbkq/Build/Intermediates.noindex/PostHog.build/Release/phlibwebp.build/Objects-normal/arm64/upsampling_sse41.o

CompileC /Users/jasonlee/Library/Developer/Xcode/DerivedData/Notch-ddzsfiyxyoauidejndllmosklbkq/Build/Intermediates.noindex/PostHog.build/Release/phlibwebp.build/Objects-normal/arm64/upsampling_sse2.o /Users/jasonlee/Library/Developer/Xcode/DerivedData/Notch-ddzsfiyxyoauidejndllmosklbkq/SourcePackages/checkouts/posthog-ios/vendor/libwebp/upsampling_sse2.c normal arm64 c com.apple.compilers.llvm.clang.1_0.compiler (in target 'phlibwebp' from project 'PostHog')
    cd /Users/jasonlee/Coding/App/Notch/Notch.xcodeproj
    
    Using response file: /Users/jasonlee/Library/Developer/Xcode/DerivedData/Notch-ddzsfiyxyoauidejndllmosklbkq/Build/Intermediates.noindex/PostHog.build/Release/phlibwebp.build/Objects-normal/arm64/7187679823f38a2a940e0043cdf9d637-common-args.resp
    
    /Applications/Xcode.app/Contents/Developer/Toolchains/XcodeDefault.xctoolchain/usr/bin/clang -x c -ivfsstatcache /Users/jasonlee/Library/Developer/Xcode/DerivedData/SDKStatCaches.noindex/macosx26.4-25E251-30f9ca8789b706f8bd3fc906a70d770f.sdkstatcache -target arm64-apple-macos10.15 -fmessage-length\=0 -fdiagnostics-show-note-include-stack -fmacro-backtrace-limit\=0 -fno-color-diagnostics -fmodules-prune-interval\=86400 -fmodules-prune-after\=345600 -fbuild-session-file\=/Users/jasonlee/Library/Developer/Xcode/DerivedData/ModuleCache.noindex/Session.modulevalidation -fmodules-validate-once-per-build-session -Wnon-modular-include-in-framework-module -Werror\=non-modular-include-in-framework-module -Wno-trigraphs -Wno-missing-field-initializers -Wno-missing-prototypes -Wno-return-type -Wno-missing-braces -Wparentheses -Wswitch -Wno-unused-function -Wno-unused-label -Wno-unused-parameter -Wno-unused-variable -Wunused-value -Wno-empty-body -Wno-uninitialized -Wno-unknown-pragmas -w -Wno-shadow -Wno-four-char-constants -Wno-conversion -Wno-constant-conversion -Wno-int-conversion -Wno-bool-conversion -Wno-enum-conversion -Wno-float-conversion -Wno-non-literal-null-conversion -Wno-objc-literal-conversion -Wshorten-64-to-32 -Wpointer-sign -Wno-newline-eof -Wno-implicit-fallthrough -isysroot /Applications/Xcode.app/Contents/Developer/Platforms/MacOSX.platform/Developer/SDKs/MacOSX26.4.sdk -fstrict-aliasing -Wdeprecated-declarations -Wno-sign-conversion -Wno-infinite-recursion -Wno-comma -Wno-block-capture-autoreleasing -Wno-strict-prototypes -Wno-semicolon-before-method-body @/Users/jasonlee/Library/Developer/Xcode/DerivedData/Notch-ddzsfiyxyoauidejndllmosklbkq/Build/Intermediates.noindex/PostHog.build/Release/phlibwebp.build/Objects-normal/arm64/7187679823f38a2a940e0043cdf9d637-common-args.resp -MMD -MT dependencies -MF /Users/jasonlee/Library/Developer/Xcode/DerivedData/Notch-ddzsfiyxyoauidejndllmosklbkq/Build/Intermediates.noindex/PostHog.build/Release/phlibwebp.build/Objects-normal/arm64/upsampling_sse2.d --serialize-diagnostics /Users/jasonlee/Library/Developer/Xcode/DerivedData/Notch-ddzsfiyxyoauidejndllmosklbkq/Build/Intermediates.noindex/PostHog.build/Release/phlibwebp.build/Objects-normal/arm64/upsampling_sse2.dia -c /Users/jasonlee/Library/Developer/Xcode/DerivedData/Notch-ddzsfiyxyoauidejndllmosklbkq/SourcePackages/checkouts/posthog-ios/vendor/libwebp/upsampling_sse2.c -o /Users/jasonlee/Library/Developer/Xcode/DerivedData/Notch-ddzsfiyxyoauidejndllmosklbkq/Build/Intermediates.noindex/PostHog.build/Release/phlibwebp.build/Objects-normal/arm64/upsampling_sse2.o

CompileC /Users/jasonlee/Library/Developer/Xcode/DerivedData/Notch-ddzsfiyxyoauidejndllmosklbkq/Build/Intermediates.noindex/PostHog.build/Release/phlibwebp.build/Objects-normal/arm64/upsampling.o /Users/jasonlee/Library/Developer/Xcode/DerivedData/Notch-ddzsfiyxyoauidejndllmosklbkq/SourcePackages/checkouts/posthog-ios/vendor/libwebp/upsampling.c normal arm64 c com.apple.compilers.llvm.clang.1_0.compiler (in target 'phlibwebp' from project 'PostHog')
    cd /Users/jasonlee/Coding/App/Notch/Notch.xcodeproj
    
    Using response file: /Users/jasonlee/Library/Developer/Xcode/DerivedData/Notch-ddzsfiyxyoauidejndllmosklbkq/Build/Intermediates.noindex/PostHog.build/Release/phlibwebp.build/Objects-normal/arm64/7187679823f38a2a940e0043cdf9d637-common-args.resp
    
    /Applications/Xcode.app/Contents/Developer/Toolchains/XcodeDefault.xctoolchain/usr/bin/clang -x c -ivfsstatcache /Users/jasonlee/Library/Developer/Xcode/DerivedData/SDKStatCaches.noindex/macosx26.4-25E251-30f9ca8789b706f8bd3fc906a70d770f.sdkstatcache -target arm64-apple-macos10.15 -fmessage-length\=0 -fdiagnostics-show-note-include-stack -fmacro-backtrace-limit\=0 -fno-color-diagnostics -fmodules-prune-interval\=86400 -fmodules-prune-after\=345600 -fbuild-session-file\=/Users/jasonlee/Library/Developer/Xcode/DerivedData/ModuleCache.noindex/Session.modulevalidation -fmodules-validate-once-per-build-session -Wnon-modular-include-in-framework-module -Werror\=non-modular-include-in-framework-module -Wno-trigraphs -Wno-missing-field-initializers -Wno-missing-prototypes -Wno-return-type -Wno-missing-braces -Wparentheses -Wswitch -Wno-unused-function -Wno-unused-label -Wno-unused-parameter -Wno-unused-variable -Wunused-value -Wno-empty-body -Wno-uninitialized -Wno-unknown-pragmas -w -Wno-shadow -Wno-four-char-constants -Wno-conversion -Wno-constant-conversion -Wno-int-conversion -Wno-bool-conversion -Wno-enum-conversion -Wno-float-conversion -Wno-non-literal-null-conversion -Wno-objc-literal-conversion -Wshorten-64-to-32 -Wpointer-sign -Wno-newline-eof -Wno-implicit-fallthrough -isysroot /Applications/Xcode.app/Contents/Developer/Platforms/MacOSX.platform/Developer/SDKs/MacOSX26.4.sdk -fstrict-aliasing -Wdeprecated-declarations -Wno-sign-conversion -Wno-infinite-recursion -Wno-comma -Wno-block-capture-autoreleasing -Wno-strict-prototypes -Wno-semicolon-before-method-body @/Users/jasonlee/Library/Developer/Xcode/DerivedData/Notch-ddzsfiyxyoauidejndllmosklbkq/Build/Intermediates.noindex/PostHog.build/Release/phlibwebp.build/Objects-normal/arm64/7187679823f38a2a940e0043cdf9d637-common-args.resp -MMD -MT dependencies -MF /Users/jasonlee/Library/Developer/Xcode/DerivedData/Notch-ddzsfiyxyoauidejndllmosklbkq/Build/Intermediates.noindex/PostHog.build/Release/phlibwebp.build/Objects-normal/arm64/upsampling.d --serialize-diagnostics /Users/jasonlee/Library/Developer/Xcode/DerivedData/Notch-ddzsfiyxyoauidejndllmosklbkq/Build/Intermediates.noindex/PostHog.build/Release/phlibwebp.build/Objects-normal/arm64/upsampling.dia -c /Users/jasonlee/Library/Developer/Xcode/DerivedData/Notch-ddzsfiyxyoauidejndllmosklbkq/SourcePackages/checkouts/posthog-ios/vendor/libwebp/upsampling.c -o /Users/jasonlee/Library/Developer/Xcode/DerivedData/Notch-ddzsfiyxyoauidejndllmosklbkq/Build/Intermediates.noindex/PostHog.build/Release/phlibwebp.build/Objects-normal/arm64/upsampling.o

CompileC /Users/jasonlee/Library/Developer/Xcode/DerivedData/Notch-ddzsfiyxyoauidejndllmosklbkq/Build/Intermediates.noindex/PostHog.build/Release/phlibwebp.build/Objects-normal/arm64/tree_enc.o /Users/jasonlee/Library/Developer/Xcode/DerivedData/Notch-ddzsfiyxyoauidejndllmosklbkq/SourcePackages/checkouts/posthog-ios/vendor/libwebp/tree_enc.c normal arm64 c com.apple.compilers.llvm.clang.1_0.compiler (in target 'phlibwebp' from project 'PostHog')
    cd /Users/jasonlee/Coding/App/Notch/Notch.xcodeproj
    
    Using response file: /Users/jasonlee/Library/Developer/Xcode/DerivedData/Notch-ddzsfiyxyoauidejndllmosklbkq/Build/Intermediates.noindex/PostHog.build/Release/phlibwebp.build/Objects-normal/arm64/7187679823f38a2a940e0043cdf9d637-common-args.resp
    
    /Applications/Xcode.app/Contents/Developer/Toolchains/XcodeDefault.xctoolchain/usr/bin/clang -x c -ivfsstatcache /Users/jasonlee/Library/Developer/Xcode/DerivedData/SDKStatCaches.noindex/macosx26.4-25E251-30f9ca8789b706f8bd3fc906a70d770f.sdkstatcache -target arm64-apple-macos10.15 -fmessage-length\=0 -fdiagnostics-show-note-include-stack -fmacro-backtrace-limit\=0 -fno-color-diagnostics -fmodules-prune-interval\=86400 -fmodules-prune-after\=345600 -fbuild-session-file\=/Users/jasonlee/Library/Developer/Xcode/DerivedData/ModuleCache.noindex/Session.modulevalidation -fmodules-validate-once-per-build-session -Wnon-modular-include-in-framework-module -Werror\=non-modular-include-in-framework-module -Wno-trigraphs -Wno-missing-field-initializers -Wno-missing-prototypes -Wno-return-type -Wno-missing-braces -Wparentheses -Wswitch -Wno-unused-function -Wno-unused-label -Wno-unused-parameter -Wno-unused-variable -Wunused-value -Wno-empty-body -Wno-uninitialized -Wno-unknown-pragmas -w -Wno-shadow -Wno-four-char-constants -Wno-conversion -Wno-constant-conversion -Wno-int-conversion -Wno-bool-conversion -Wno-enum-conversion -Wno-float-conversion -Wno-non-literal-null-conversion -Wno-objc-literal-conversion -Wshorten-64-to-32 -Wpointer-sign -Wno-newline-eof -Wno-implicit-fallthrough -isysroot /Applications/Xcode.app/Contents/Developer/Platforms/MacOSX.platform/Developer/SDKs/MacOSX26.4.sdk -fstrict-aliasing -Wdeprecated-declarations -Wno-sign-conversion -Wno-infinite-recursion -Wno-comma -Wno-block-capture-autoreleasing -Wno-strict-prototypes -Wno-semicolon-before-method-body @/Users/jasonlee/Library/Developer/Xcode/DerivedData/Notch-ddzsfiyxyoauidejndllmosklbkq/Build/Intermediates.noindex/PostHog.build/Release/phlibwebp.build/Objects-normal/arm64/7187679823f38a2a940e0043cdf9d637-common-args.resp -MMD -MT dependencies -MF /Users/jasonlee/Library/Developer/Xcode/DerivedData/Notch-ddzsfiyxyoauidejndllmosklbkq/Build/Intermediates.noindex/PostHog.build/Release/phlibwebp.build/Objects-normal/arm64/tree_enc.d --serialize-diagnostics /Users/jasonlee/Library/Developer/Xcode/DerivedData/Notch-ddzsfiyxyoauidejndllmosklbkq/Build/Intermediates.noindex/PostHog.build/Release/phlibwebp.build/Objects-normal/arm64/tree_enc.dia -c /Users/jasonlee/Library/Developer/Xcode/DerivedData/Notch-ddzsfiyxyoauidejndllmosklbkq/SourcePackages/checkouts/posthog-ios/vendor/libwebp/tree_enc.c -o /Users/jasonlee/Library/Developer/Xcode/DerivedData/Notch-ddzsfiyxyoauidejndllmosklbkq/Build/Intermediates.noindex/PostHog.build/Release/phlibwebp.build/Objects-normal/arm64/tree_enc.o

CompileC /Users/jasonlee/Library/Developer/Xcode/DerivedData/Notch-ddzsfiyxyoauidejndllmosklbkq/Build/Intermediates.noindex/PostHog.build/Release/phlibwebp.build/Objects-normal/arm64/token_enc.o /Users/jasonlee/Library/Developer/Xcode/DerivedData/Notch-ddzsfiyxyoauidejndllmosklbkq/SourcePackages/checkouts/posthog-ios/vendor/libwebp/token_enc.c normal arm64 c com.apple.compilers.llvm.clang.1_0.compiler (in target 'phlibwebp' from project 'PostHog')
    cd /Users/jasonlee/Coding/App/Notch/Notch.xcodeproj
    
    Using response file: /Users/jasonlee/Library/Developer/Xcode/DerivedData/Notch-ddzsfiyxyoauidejndllmosklbkq/Build/Intermediates.noindex/PostHog.build/Release/phlibwebp.build/Objects-normal/arm64/7187679823f38a2a940e0043cdf9d637-common-args.resp
    
    /Applications/Xcode.app/Contents/Developer/Toolchains/XcodeDefault.xctoolchain/usr/bin/clang -x c -ivfsstatcache /Users/jasonlee/Library/Developer/Xcode/DerivedData/SDKStatCaches.noindex/macosx26.4-25E251-30f9ca8789b706f8bd3fc906a70d770f.sdkstatcache -target arm64-apple-macos10.15 -fmessage-length\=0 -fdiagnostics-show-note-include-stack -fmacro-backtrace-limit\=0 -fno-color-diagnostics -fmodules-prune-interval\=86400 -fmodules-prune-after\=345600 -fbuild-session-file\=/Users/jasonlee/Library/Developer/Xcode/DerivedData/ModuleCache.noindex/Session.modulevalidation -fmodules-validate-once-per-build-session -Wnon-modular-include-in-framework-module -Werror\=non-modular-include-in-framework-module -Wno-trigraphs -Wno-missing-field-initializers -Wno-missing-prototypes -Wno-return-type -Wno-missing-braces -Wparentheses -Wswitch -Wno-unused-function -Wno-unused-label -Wno-unused-parameter -Wno-unused-variable -Wunused-value -Wno-empty-body -Wno-uninitialized -Wno-unknown-pragmas -w -Wno-shadow -Wno-four-char-constants -Wno-conversion -Wno-constant-conversion -Wno-int-conversion -Wno-bool-conversion -Wno-enum-conversion -Wno-float-conversion -Wno-non-literal-null-conversion -Wno-objc-literal-conversion -Wshorten-64-to-32 -Wpointer-sign -Wno-newline-eof -Wno-implicit-fallthrough -isysroot /Applications/Xcode.app/Contents/Developer/Platforms/MacOSX.platform/Developer/SDKs/MacOSX26.4.sdk -fstrict-aliasing -Wdeprecated-declarations -Wno-sign-conversion -Wno-infinite-recursion -Wno-comma -Wno-block-capture-autoreleasing -Wno-strict-prototypes -Wno-semicolon-before-method-body @/Users/jasonlee/Library/Developer/Xcode/DerivedData/Notch-ddzsfiyxyoauidejndllmosklbkq/Build/Intermediates.noindex/PostHog.build/Release/phlibwebp.build/Objects-normal/arm64/7187679823f38a2a940e0043cdf9d637-common-args.resp -MMD -MT dependencies -MF /Users/jasonlee/Library/Developer/Xcode/DerivedData/Notch-ddzsfiyxyoauidejndllmosklbkq/Build/Intermediates.noindex/PostHog.build/Release/phlibwebp.build/Objects-normal/arm64/token_enc.d --serialize-diagnostics /Users/jasonlee/Library/Developer/Xcode/DerivedData/Notch-ddzsfiyxyoauidejndllmosklbkq/Build/Intermediates.noindex/PostHog.build/Release/phlibwebp.build/Objects-normal/arm64/token_enc.dia -c /Users/jasonlee/Library/Developer/Xcode/DerivedData/Notch-ddzsfiyxyoauidejndllmosklbkq/SourcePackages/checkouts/posthog-ios/vendor/libwebp/token_enc.c -o /Users/jasonlee/Library/Developer/Xcode/DerivedData/Notch-ddzsfiyxyoauidejndllmosklbkq/Build/Intermediates.noindex/PostHog.build/Release/phlibwebp.build/Objects-normal/arm64/token_enc.o

CompileC /Users/jasonlee/Library/Developer/Xcode/DerivedData/Notch-ddzsfiyxyoauidejndllmosklbkq/Build/Intermediates.noindex/PostHog.build/Release/phlibwebp.build/Objects-normal/arm64/yuv_neon.o /Users/jasonlee/Library/Developer/Xcode/DerivedData/Notch-ddzsfiyxyoauidejndllmosklbkq/SourcePackages/checkouts/posthog-ios/vendor/libwebp/yuv_neon.c normal arm64 c com.apple.compilers.llvm.clang.1_0.compiler (in target 'phlibwebp' from project 'PostHog')
    cd /Users/jasonlee/Coding/App/Notch/Notch.xcodeproj
    
    Using response file: /Users/jasonlee/Library/Developer/Xcode/DerivedData/Notch-ddzsfiyxyoauidejndllmosklbkq/Build/Intermediates.noindex/PostHog.build/Release/phlibwebp.build/Objects-normal/arm64/7187679823f38a2a940e0043cdf9d637-common-args.resp
    
    /Applications/Xcode.app/Contents/Developer/Toolchains/XcodeDefault.xctoolchain/usr/bin/clang -x c -ivfsstatcache /Users/jasonlee/Library/Developer/Xcode/DerivedData/SDKStatCaches.noindex/macosx26.4-25E251-30f9ca8789b706f8bd3fc906a70d770f.sdkstatcache -target arm64-apple-macos10.15 -fmessage-length\=0 -fdiagnostics-show-note-include-stack -fmacro-backtrace-limit\=0 -fno-color-diagnostics -fmodules-prune-interval\=86400 -fmodules-prune-after\=345600 -fbuild-session-file\=/Users/jasonlee/Library/Developer/Xcode/DerivedData/ModuleCache.noindex/Session.modulevalidation -fmodules-validate-once-per-build-session -Wnon-modular-include-in-framework-module -Werror\=non-modular-include-in-framework-module -Wno-trigraphs -Wno-missing-field-initializers -Wno-missing-prototypes -Wno-return-type -Wno-missing-braces -Wparentheses -Wswitch -Wno-unused-function -Wno-unused-label -Wno-unused-parameter -Wno-unused-variable -Wunused-value -Wno-empty-body -Wno-uninitialized -Wno-unknown-pragmas -w -Wno-shadow -Wno-four-char-constants -Wno-conversion -Wno-constant-conversion -Wno-int-conversion -Wno-bool-conversion -Wno-enum-conversion -Wno-float-conversion -Wno-non-literal-null-conversion -Wno-objc-literal-conversion -Wshorten-64-to-32 -Wpointer-sign -Wno-newline-eof -Wno-implicit-fallthrough -isysroot /Applications/Xcode.app/Contents/Developer/Platforms/MacOSX.platform/Developer/SDKs/MacOSX26.4.sdk -fstrict-aliasing -Wdeprecated-declarations -Wno-sign-conversion -Wno-infinite-recursion -Wno-comma -Wno-block-capture-autoreleasing -Wno-strict-prototypes -Wno-semicolon-before-method-body @/Users/jasonlee/Library/Developer/Xcode/DerivedData/Notch-ddzsfiyxyoauidejndllmosklbkq/Build/Intermediates.noindex/PostHog.build/Release/phlibwebp.build/Objects-normal/arm64/7187679823f38a2a940e0043cdf9d637-common-args.resp -MMD -MT dependencies -MF /Users/jasonlee/Library/Developer/Xcode/DerivedData/Notch-ddzsfiyxyoauidejndllmosklbkq/Build/Intermediates.noindex/PostHog.build/Release/phlibwebp.build/Objects-normal/arm64/yuv_neon.d --serialize-diagnostics /Users/jasonlee/Library/Developer/Xcode/DerivedData/Notch-ddzsfiyxyoauidejndllmosklbkq/Build/Intermediates.noindex/PostHog.build/Release/phlibwebp.build/Objects-normal/arm64/yuv_neon.dia -c /Users/jasonlee/Library/Developer/Xcode/DerivedData/Notch-ddzsfiyxyoauidejndllmosklbkq/SourcePackages/checkouts/posthog-ios/vendor/libwebp/yuv_neon.c -o /Users/jasonlee/Library/Developer/Xcode/DerivedData/Notch-ddzsfiyxyoauidejndllmosklbkq/Build/Intermediates.noindex/PostHog.build/Release/phlibwebp.build/Objects-normal/arm64/yuv_neon.o

CompileC /Users/jasonlee/Library/Developer/Xcode/DerivedData/Notch-ddzsfiyxyoauidejndllmosklbkq/Build/Intermediates.noindex/PostHog.build/Release/phlibwebp.build/Objects-normal/arm64/upsampling_neon.o /Users/jasonlee/Library/Developer/Xcode/DerivedData/Notch-ddzsfiyxyoauidejndllmosklbkq/SourcePackages/checkouts/posthog-ios/vendor/libwebp/upsampling_neon.c normal arm64 c com.apple.compilers.llvm.clang.1_0.compiler (in target 'phlibwebp' from project 'PostHog')
    cd /Users/jasonlee/Coding/App/Notch/Notch.xcodeproj
    
    Using response file: /Users/jasonlee/Library/Developer/Xcode/DerivedData/Notch-ddzsfiyxyoauidejndllmosklbkq/Build/Intermediates.noindex/PostHog.build/Release/phlibwebp.build/Objects-normal/arm64/7187679823f38a2a940e0043cdf9d637-common-args.resp
    
    /Applications/Xcode.app/Contents/Developer/Toolchains/XcodeDefault.xctoolchain/usr/bin/clang -x c -ivfsstatcache /Users/jasonlee/Library/Developer/Xcode/DerivedData/SDKStatCaches.noindex/macosx26.4-25E251-30f9ca8789b706f8bd3fc906a70d770f.sdkstatcache -target arm64-apple-macos10.15 -fmessage-length\=0 -fdiagnostics-show-note-include-stack -fmacro-backtrace-limit\=0 -fno-color-diagnostics -fmodules-prune-interval\=86400 -fmodules-prune-after\=345600 -fbuild-session-file\=/Users/jasonlee/Library/Developer/Xcode/DerivedData/ModuleCache.noindex/Session.modulevalidation -fmodules-validate-once-per-build-session -Wnon-modular-include-in-framework-module -Werror\=non-modular-include-in-framework-module -Wno-trigraphs -Wno-missing-field-initializers -Wno-missing-prototypes -Wno-return-type -Wno-missing-braces -Wparentheses -Wswitch -Wno-unused-function -Wno-unused-label -Wno-unused-parameter -Wno-unused-variable -Wunused-value -Wno-empty-body -Wno-uninitialized -Wno-unknown-pragmas -w -Wno-shadow -Wno-four-char-constants -Wno-conversion -Wno-constant-conversion -Wno-int-conversion -Wno-bool-conversion -Wno-enum-conversion -Wno-float-conversion -Wno-non-literal-null-conversion -Wno-objc-literal-conversion -Wshorten-64-to-32 -Wpointer-sign -Wno-newline-eof -Wno-implicit-fallthrough -isysroot /Applications/Xcode.app/Contents/Developer/Platforms/MacOSX.platform/Developer/SDKs/MacOSX26.4.sdk -fstrict-aliasing -Wdeprecated-declarations -Wno-sign-conversion -Wno-infinite-recursion -Wno-comma -Wno-block-capture-autoreleasing -Wno-strict-prototypes -Wno-semicolon-before-method-body @/Users/jasonlee/Library/Developer/Xcode/DerivedData/Notch-ddzsfiyxyoauidejndllmosklbkq/Build/Intermediates.noindex/PostHog.build/Release/phlibwebp.build/Objects-normal/arm64/7187679823f38a2a940e0043cdf9d637-common-args.resp -MMD -MT dependencies -MF /Users/jasonlee/Library/Developer/Xcode/DerivedData/Notch-ddzsfiyxyoauidejndllmosklbkq/Build/Intermediates.noindex/PostHog.build/Release/phlibwebp.build/Objects-normal/arm64/upsampling_neon.d --serialize-diagnostics /Users/jasonlee/Library/Developer/Xcode/DerivedData/Notch-ddzsfiyxyoauidejndllmosklbkq/Build/Intermediates.noindex/PostHog.build/Release/phlibwebp.build/Objects-normal/arm64/upsampling_neon.dia -c /Users/jasonlee/Library/Developer/Xcode/DerivedData/Notch-ddzsfiyxyoauidejndllmosklbkq/SourcePackages/checkouts/posthog-ios/vendor/libwebp/upsampling_neon.c -o /Users/jasonlee/Library/Developer/Xcode/DerivedData/Notch-ddzsfiyxyoauidejndllmosklbkq/Build/Intermediates.noindex/PostHog.build/Release/phlibwebp.build/Objects-normal/arm64/upsampling_neon.o

CompileC /Users/jasonlee/Library/Developer/Xcode/DerivedData/Notch-ddzsfiyxyoauidejndllmosklbkq/Build/Intermediates.noindex/PostHog.build/Release/phlibwebp.build/Objects-normal/arm64/thread_utils.o /Users/jasonlee/Library/Developer/Xcode/DerivedData/Notch-ddzsfiyxyoauidejndllmosklbkq/SourcePackages/checkouts/posthog-ios/vendor/libwebp/thread_utils.c normal arm64 c com.apple.compilers.llvm.clang.1_0.compiler (in target 'phlibwebp' from project 'PostHog')
    cd /Users/jasonlee/Coding/App/Notch/Notch.xcodeproj
    
    Using response file: /Users/jasonlee/Library/Developer/Xcode/DerivedData/Notch-ddzsfiyxyoauidejndllmosklbkq/Build/Intermediates.noindex/PostHog.build/Release/phlibwebp.build/Objects-normal/arm64/7187679823f38a2a940e0043cdf9d637-common-args.resp
    
    /Applications/Xcode.app/Contents/Developer/Toolchains/XcodeDefault.xctoolchain/usr/bin/clang -x c -ivfsstatcache /Users/jasonlee/Library/Developer/Xcode/DerivedData/SDKStatCaches.noindex/macosx26.4-25E251-30f9ca8789b706f8bd3fc906a70d770f.sdkstatcache -target arm64-apple-macos10.15 -fmessage-length\=0 -fdiagnostics-show-note-include-stack -fmacro-backtrace-limit\=0 -fno-color-diagnostics -fmodules-prune-interval\=86400 -fmodules-prune-after\=345600 -fbuild-session-file\=/Users/jasonlee/Library/Developer/Xcode/DerivedData/ModuleCache.noindex/Session.modulevalidation -fmodules-validate-once-per-build-session -Wnon-modular-include-in-framework-module -Werror\=non-modular-include-in-framework-module -Wno-trigraphs -Wno-missing-field-initializers -Wno-missing-prototypes -Wno-return-type -Wno-missing-braces -Wparentheses -Wswitch -Wno-unused-function -Wno-unused-label -Wno-unused-parameter -Wno-unused-variable -Wunused-value -Wno-empty-body -Wno-uninitialized -Wno-unknown-pragmas -w -Wno-shadow -Wno-four-char-constants -Wno-conversion -Wno-constant-conversion -Wno-int-conversion -Wno-bool-conversion -Wno-enum-conversion -Wno-float-conversion -Wno-non-literal-null-conversion -Wno-objc-literal-conversion -Wshorten-64-to-32 -Wpointer-sign -Wno-newline-eof -Wno-implicit-fallthrough -isysroot /Applications/Xcode.app/Contents/Developer/Platforms/MacOSX.platform/Developer/SDKs/MacOSX26.4.sdk -fstrict-aliasing -Wdeprecated-declarations -Wno-sign-conversion -Wno-infinite-recursion -Wno-comma -Wno-block-capture-autoreleasing -Wno-strict-prototypes -Wno-semicolon-before-method-body @/Users/jasonlee/Library/Developer/Xcode/DerivedData/Notch-ddzsfiyxyoauidejndllmosklbkq/Build/Intermediates.noindex/PostHog.build/Release/phlibwebp.build/Objects-normal/arm64/7187679823f38a2a940e0043cdf9d637-common-args.resp -MMD -MT dependencies -MF /Users/jasonlee/Library/Developer/Xcode/DerivedData/Notch-ddzsfiyxyoauidejndllmosklbkq/Build/Intermediates.noindex/PostHog.build/Release/phlibwebp.build/Objects-normal/arm64/thread_utils.d --serialize-diagnostics /Users/jasonlee/Library/Developer/Xcode/DerivedData/Notch-ddzsfiyxyoauidejndllmosklbkq/Build/Intermediates.noindex/PostHog.build/Release/phlibwebp.build/Objects-normal/arm64/thread_utils.dia -c /Users/jasonlee/Library/Developer/Xcode/DerivedData/Notch-ddzsfiyxyoauidejndllmosklbkq/SourcePackages/checkouts/posthog-ios/vendor/libwebp/thread_utils.c -o /Users/jasonlee/Library/Developer/Xcode/DerivedData/Notch-ddzsfiyxyoauidejndllmosklbkq/Build/Intermediates.noindex/PostHog.build/Release/phlibwebp.build/Objects-normal/arm64/thread_utils.o

CompileC /Users/jasonlee/Library/Developer/Xcode/DerivedData/Notch-ddzsfiyxyoauidejndllmosklbkq/Build/Intermediates.noindex/PostHog.build/Release/phlibwebp.build/Objects-normal/arm64/syntax_enc.o /Users/jasonlee/Library/Developer/Xcode/DerivedData/Notch-ddzsfiyxyoauidejndllmosklbkq/SourcePackages/checkouts/posthog-ios/vendor/libwebp/syntax_enc.c normal arm64 c com.apple.compilers.llvm.clang.1_0.compiler (in target 'phlibwebp' from project 'PostHog')
    cd /Users/jasonlee/Coding/App/Notch/Notch.xcodeproj
    
    Using response file: /Users/jasonlee/Library/Developer/Xcode/DerivedData/Notch-ddzsfiyxyoauidejndllmosklbkq/Build/Intermediates.noindex/PostHog.build/Release/phlibwebp.build/Objects-normal/arm64/7187679823f38a2a940e0043cdf9d637-common-args.resp
    
    /Applications/Xcode.app/Contents/Developer/Toolchains/XcodeDefault.xctoolchain/usr/bin/clang -x c -ivfsstatcache /Users/jasonlee/Library/Developer/Xcode/DerivedData/SDKStatCaches.noindex/macosx26.4-25E251-30f9ca8789b706f8bd3fc906a70d770f.sdkstatcache -target arm64-apple-macos10.15 -fmessage-length\=0 -fdiagnostics-show-note-include-stack -fmacro-backtrace-limit\=0 -fno-color-diagnostics -fmodules-prune-interval\=86400 -fmodules-prune-after\=345600 -fbuild-session-file\=/Users/jasonlee/Library/Developer/Xcode/DerivedData/ModuleCache.noindex/Session.modulevalidation -fmodules-validate-once-per-build-session -Wnon-modular-include-in-framework-module -Werror\=non-modular-include-in-framework-module -Wno-trigraphs -Wno-missing-field-initializers -Wno-missing-prototypes -Wno-return-type -Wno-missing-braces -Wparentheses -Wswitch -Wno-unused-function -Wno-unused-label -Wno-unused-parameter -Wno-unused-variable -Wunused-value -Wno-empty-body -Wno-uninitialized -Wno-unknown-pragmas -w -Wno-shadow -Wno-four-char-constants -Wno-conversion -Wno-constant-conversion -Wno-int-conversion -Wno-bool-conversion -Wno-enum-conversion -Wno-float-conversion -Wno-non-literal-null-conversion -Wno-objc-literal-conversion -Wshorten-64-to-32 -Wpointer-sign -Wno-newline-eof -Wno-implicit-fallthrough -isysroot /Applications/Xcode.app/Contents/Developer/Platforms/MacOSX.platform/Developer/SDKs/MacOSX26.4.sdk -fstrict-aliasing -Wdeprecated-declarations -Wno-sign-conversion -Wno-infinite-recursion -Wno-comma -Wno-block-capture-autoreleasing -Wno-strict-prototypes -Wno-semicolon-before-method-body @/Users/jasonlee/Library/Developer/Xcode/DerivedData/Notch-ddzsfiyxyoauidejndllmosklbkq/Build/Intermediates.noindex/PostHog.build/Release/phlibwebp.build/Objects-normal/arm64/7187679823f38a2a940e0043cdf9d637-common-args.resp -MMD -MT dependencies -MF /Users/jasonlee/Library/Developer/Xcode/DerivedData/Notch-ddzsfiyxyoauidejndllmosklbkq/Build/Intermediates.noindex/PostHog.build/Release/phlibwebp.build/Objects-normal/arm64/syntax_enc.d --serialize-diagnostics /Users/jasonlee/Library/Developer/Xcode/DerivedData/Notch-ddzsfiyxyoauidejndllmosklbkq/Build/Intermediates.noindex/PostHog.build/Release/phlibwebp.build/Objects-normal/arm64/syntax_enc.dia -c /Users/jasonlee/Library/Developer/Xcode/DerivedData/Notch-ddzsfiyxyoauidejndllmosklbkq/SourcePackages/checkouts/posthog-ios/vendor/libwebp/syntax_enc.c -o /Users/jasonlee/Library/Developer/Xcode/DerivedData/Notch-ddzsfiyxyoauidejndllmosklbkq/Build/Intermediates.noindex/PostHog.build/Release/phlibwebp.build/Objects-normal/arm64/syntax_enc.o

CompileC /Users/jasonlee/Library/Developer/Xcode/DerivedData/Notch-ddzsfiyxyoauidejndllmosklbkq/Build/Intermediates.noindex/PostHog.build/Release/phlibwebp.build/Objects-normal/arm64/ssim_sse2.o /Users/jasonlee/Library/Developer/Xcode/DerivedData/Notch-ddzsfiyxyoauidejndllmosklbkq/SourcePackages/checkouts/posthog-ios/vendor/libwebp/ssim_sse2.c normal arm64 c com.apple.compilers.llvm.clang.1_0.compiler (in target 'phlibwebp' from project 'PostHog')
    cd /Users/jasonlee/Coding/App/Notch/Notch.xcodeproj
    
    Using response file: /Users/jasonlee/Library/Developer/Xcode/DerivedData/Notch-ddzsfiyxyoauidejndllmosklbkq/Build/Intermediates.noindex/PostHog.build/Release/phlibwebp.build/Objects-normal/arm64/7187679823f38a2a940e0043cdf9d637-common-args.resp
    
    /Applications/Xcode.app/Contents/Developer/Toolchains/XcodeDefault.xctoolchain/usr/bin/clang -x c -ivfsstatcache /Users/jasonlee/Library/Developer/Xcode/DerivedData/SDKStatCaches.noindex/macosx26.4-25E251-30f9ca8789b706f8bd3fc906a70d770f.sdkstatcache -target arm64-apple-macos10.15 -fmessage-length\=0 -fdiagnostics-show-note-include-stack -fmacro-backtrace-limit\=0 -fno-color-diagnostics -fmodules-prune-interval\=86400 -fmodules-prune-after\=345600 -fbuild-session-file\=/Users/jasonlee/Library/Developer/Xcode/DerivedData/ModuleCache.noindex/Session.modulevalidation -fmodules-validate-once-per-build-session -Wnon-modular-include-in-framework-module -Werror\=non-modular-include-in-framework-module -Wno-trigraphs -Wno-missing-field-initializers -Wno-missing-prototypes -Wno-return-type -Wno-missing-braces -Wparentheses -Wswitch -Wno-unused-function -Wno-unused-label -Wno-unused-parameter -Wno-unused-variable -Wunused-value -Wno-empty-body -Wno-uninitialized -Wno-unknown-pragmas -w -Wno-shadow -Wno-four-char-constants -Wno-conversion -Wno-constant-conversion -Wno-int-conversion -Wno-bool-conversion -Wno-enum-conversion -Wno-float-conversion -Wno-non-literal-null-conversion -Wno-objc-literal-conversion -Wshorten-64-to-32 -Wpointer-sign -Wno-newline-eof -Wno-implicit-fallthrough -isysroot /Applications/Xcode.app/Contents/Developer/Platforms/MacOSX.platform/Developer/SDKs/MacOSX26.4.sdk -fstrict-aliasing -Wdeprecated-declarations -Wno-sign-conversion -Wno-infinite-recursion -Wno-comma -Wno-block-capture-autoreleasing -Wno-strict-prototypes -Wno-semicolon-before-method-body @/Users/jasonlee/Library/Developer/Xcode/DerivedData/Notch-ddzsfiyxyoauidejndllmosklbkq/Build/Intermediates.noindex/PostHog.build/Release/phlibwebp.build/Objects-normal/arm64/7187679823f38a2a940e0043cdf9d637-common-args.resp -MMD -MT dependencies -MF /Users/jasonlee/Library/Developer/Xcode/DerivedData/Notch-ddzsfiyxyoauidejndllmosklbkq/Build/Intermediates.noindex/PostHog.build/Release/phlibwebp.build/Objects-normal/arm64/ssim_sse2.d --serialize-diagnostics /Users/jasonlee/Library/Developer/Xcode/DerivedData/Notch-ddzsfiyxyoauidejndllmosklbkq/Build/Intermediates.noindex/PostHog.build/Release/phlibwebp.build/Objects-normal/arm64/ssim_sse2.dia -c /Users/jasonlee/Library/Developer/Xcode/DerivedData/Notch-ddzsfiyxyoauidejndllmosklbkq/SourcePackages/checkouts/posthog-ios/vendor/libwebp/ssim_sse2.c -o /Users/jasonlee/Library/Developer/Xcode/DerivedData/Notch-ddzsfiyxyoauidejndllmosklbkq/Build/Intermediates.noindex/PostHog.build/Release/phlibwebp.build/Objects-normal/arm64/ssim_sse2.o

CompileC /Users/jasonlee/Library/Developer/Xcode/DerivedData/Notch-ddzsfiyxyoauidejndllmosklbkq/Build/Intermediates.noindex/PostHog.build/Release/phlibwebp.build/Objects-normal/arm64/ssim.o /Users/jasonlee/Library/Developer/Xcode/DerivedData/Notch-ddzsfiyxyoauidejndllmosklbkq/SourcePackages/checkouts/posthog-ios/vendor/libwebp/ssim.c normal arm64 c com.apple.compilers.llvm.clang.1_0.compiler (in target 'phlibwebp' from project 'PostHog')
    cd /Users/jasonlee/Coding/App/Notch/Notch.xcodeproj
    
    Using response file: /Users/jasonlee/Library/Developer/Xcode/DerivedData/Notch-ddzsfiyxyoauidejndllmosklbkq/Build/Intermediates.noindex/PostHog.build/Release/phlibwebp.build/Objects-normal/arm64/7187679823f38a2a940e0043cdf9d637-common-args.resp
    
    /Applications/Xcode.app/Contents/Developer/Toolchains/XcodeDefault.xctoolchain/usr/bin/clang -x c -ivfsstatcache /Users/jasonlee/Library/Developer/Xcode/DerivedData/SDKStatCaches.noindex/macosx26.4-25E251-30f9ca8789b706f8bd3fc906a70d770f.sdkstatcache -target arm64-apple-macos10.15 -fmessage-length\=0 -fdiagnostics-show-note-include-stack -fmacro-backtrace-limit\=0 -fno-color-diagnostics -fmodules-prune-interval\=86400 -fmodules-prune-after\=345600 -fbuild-session-file\=/Users/jasonlee/Library/Developer/Xcode/DerivedData/ModuleCache.noindex/Session.modulevalidation -fmodules-validate-once-per-build-session -Wnon-modular-include-in-framework-module -Werror\=non-modular-include-in-framework-module -Wno-trigraphs -Wno-missing-field-initializers -Wno-missing-prototypes -Wno-return-type -Wno-missing-braces -Wparentheses -Wswitch -Wno-unused-function -Wno-unused-label -Wno-unused-parameter -Wno-unused-variable -Wunused-value -Wno-empty-body -Wno-uninitialized -Wno-unknown-pragmas -w -Wno-shadow -Wno-four-char-constants -Wno-conversion -Wno-constant-conversion -Wno-int-conversion -Wno-bool-conversion -Wno-enum-conversion -Wno-float-conversion -Wno-non-literal-null-conversion -Wno-objc-literal-conversion -Wshorten-64-to-32 -Wpointer-sign -Wno-newline-eof -Wno-implicit-fallthrough -isysroot /Applications/Xcode.app/Contents/Developer/Platforms/MacOSX.platform/Developer/SDKs/MacOSX26.4.sdk -fstrict-aliasing -Wdeprecated-declarations -Wno-sign-conversion -Wno-infinite-recursion -Wno-comma -Wno-block-capture-autoreleasing -Wno-strict-prototypes -Wno-semicolon-before-method-body @/Users/jasonlee/Library/Developer/Xcode/DerivedData/Notch-ddzsfiyxyoauidejndllmosklbkq/Build/Intermediates.noindex/PostHog.build/Release/phlibwebp.build/Objects-normal/arm64/7187679823f38a2a940e0043cdf9d637-common-args.resp -MMD -MT dependencies -MF /Users/jasonlee/Library/Developer/Xcode/DerivedData/Notch-ddzsfiyxyoauidejndllmosklbkq/Build/Intermediates.noindex/PostHog.build/Release/phlibwebp.build/Objects-normal/arm64/ssim.d --serialize-diagnostics /Users/jasonlee/Library/Developer/Xcode/DerivedData/Notch-ddzsfiyxyoauidejndllmosklbkq/Build/Intermediates.noindex/PostHog.build/Release/phlibwebp.build/Objects-normal/arm64/ssim.dia -c /Users/jasonlee/Library/Developer/Xcode/DerivedData/Notch-ddzsfiyxyoauidejndllmosklbkq/SourcePackages/checkouts/posthog-ios/vendor/libwebp/ssim.c -o /Users/jasonlee/Library/Developer/Xcode/DerivedData/Notch-ddzsfiyxyoauidejndllmosklbkq/Build/Intermediates.noindex/PostHog.build/Release/phlibwebp.build/Objects-normal/arm64/ssim.o

CompileC /Users/jasonlee/Library/Developer/Xcode/DerivedData/Notch-ddzsfiyxyoauidejndllmosklbkq/Build/Intermediates.noindex/PostHog.build/Release/phlibwebp.build/Objects-normal/arm64/sharpyuv_sse2.o /Users/jasonlee/Library/Developer/Xcode/DerivedData/Notch-ddzsfiyxyoauidejndllmosklbkq/SourcePackages/checkouts/posthog-ios/vendor/libwebp/sharpyuv_sse2.c normal arm64 c com.apple.compilers.llvm.clang.1_0.compiler (in target 'phlibwebp' from project 'PostHog')
    cd /Users/jasonlee/Coding/App/Notch/Notch.xcodeproj
    
    Using response file: /Users/jasonlee/Library/Developer/Xcode/DerivedData/Notch-ddzsfiyxyoauidejndllmosklbkq/Build/Intermediates.noindex/PostHog.build/Release/phlibwebp.build/Objects-normal/arm64/7187679823f38a2a940e0043cdf9d637-common-args.resp
    
    /Applications/Xcode.app/Contents/Developer/Toolchains/XcodeDefault.xctoolchain/usr/bin/clang -x c -ivfsstatcache /Users/jasonlee/Library/Developer/Xcode/DerivedData/SDKStatCaches.noindex/macosx26.4-25E251-30f9ca8789b706f8bd3fc906a70d770f.sdkstatcache -target arm64-apple-macos10.15 -fmessage-length\=0 -fdiagnostics-show-note-include-stack -fmacro-backtrace-limit\=0 -fno-color-diagnostics -fmodules-prune-interval\=86400 -fmodules-prune-after\=345600 -fbuild-session-file\=/Users/jasonlee/Library/Developer/Xcode/DerivedData/ModuleCache.noindex/Session.modulevalidation -fmodules-validate-once-per-build-session -Wnon-modular-include-in-framework-module -Werror\=non-modular-include-in-framework-module -Wno-trigraphs -Wno-missing-field-initializers -Wno-missing-prototypes -Wno-return-type -Wno-missing-braces -Wparentheses -Wswitch -Wno-unused-function -Wno-unused-label -Wno-unused-parameter -Wno-unused-variable -Wunused-value -Wno-empty-body -Wno-uninitialized -Wno-unknown-pragmas -w -Wno-shadow -Wno-four-char-constants -Wno-conversion -Wno-constant-conversion -Wno-int-conversion -Wno-bool-conversion -Wno-enum-conversion -Wno-float-conversion -Wno-non-literal-null-conversion -Wno-objc-literal-conversion -Wshorten-64-to-32 -Wpointer-sign -Wno-newline-eof -Wno-implicit-fallthrough -isysroot /Applications/Xcode.app/Contents/Developer/Platforms/MacOSX.platform/Developer/SDKs/MacOSX26.4.sdk -fstrict-aliasing -Wdeprecated-declarations -Wno-sign-conversion -Wno-infinite-recursion -Wno-comma -Wno-block-capture-autoreleasing -Wno-strict-prototypes -Wno-semicolon-before-method-body @/Users/jasonlee/Library/Developer/Xcode/DerivedData/Notch-ddzsfiyxyoauidejndllmosklbkq/Build/Intermediates.noindex/PostHog.build/Release/phlibwebp.build/Objects-normal/arm64/7187679823f38a2a940e0043cdf9d637-common-args.resp -MMD -MT dependencies -MF /Users/jasonlee/Library/Developer/Xcode/DerivedData/Notch-ddzsfiyxyoauidejndllmosklbkq/Build/Intermediates.noindex/PostHog.build/Release/phlibwebp.build/Objects-normal/arm64/sharpyuv_sse2.d --serialize-diagnostics /Users/jasonlee/Library/Developer/Xcode/DerivedData/Notch-ddzsfiyxyoauidejndllmosklbkq/Build/Intermediates.noindex/PostHog.build/Release/phlibwebp.build/Objects-normal/arm64/sharpyuv_sse2.dia -c /Users/jasonlee/Library/Developer/Xcode/DerivedData/Notch-ddzsfiyxyoauidejndllmosklbkq/SourcePackages/checkouts/posthog-ios/vendor/libwebp/sharpyuv_sse2.c -o /Users/jasonlee/Library/Developer/Xcode/DerivedData/Notch-ddzsfiyxyoauidejndllmosklbkq/Build/Intermediates.noindex/PostHog.build/Release/phlibwebp.build/Objects-normal/arm64/sharpyuv_sse2.o

CompileC /Users/jasonlee/Library/Developer/Xcode/DerivedData/Notch-ddzsfiyxyoauidejndllmosklbkq/Build/Intermediates.noindex/PostHog.build/Release/phlibwebp.build/Objects-normal/arm64/sharpyuv_neon.o /Users/jasonlee/Library/Developer/Xcode/DerivedData/Notch-ddzsfiyxyoauidejndllmosklbkq/SourcePackages/checkouts/posthog-ios/vendor/libwebp/sharpyuv_neon.c normal arm64 c com.apple.compilers.llvm.clang.1_0.compiler (in target 'phlibwebp' from project 'PostHog')
    cd /Users/jasonlee/Coding/App/Notch/Notch.xcodeproj
    
    Using response file: /Users/jasonlee/Library/Developer/Xcode/DerivedData/Notch-ddzsfiyxyoauidejndllmosklbkq/Build/Intermediates.noindex/PostHog.build/Release/phlibwebp.build/Objects-normal/arm64/7187679823f38a2a940e0043cdf9d637-common-args.resp
    
    /Applications/Xcode.app/Contents/Developer/Toolchains/XcodeDefault.xctoolchain/usr/bin/clang -x c -ivfsstatcache /Users/jasonlee/Library/Developer/Xcode/DerivedData/SDKStatCaches.noindex/macosx26.4-25E251-30f9ca8789b706f8bd3fc906a70d770f.sdkstatcache -target arm64-apple-macos10.15 -fmessage-length\=0 -fdiagnostics-show-note-include-stack -fmacro-backtrace-limit\=0 -fno-color-diagnostics -fmodules-prune-interval\=86400 -fmodules-prune-after\=345600 -fbuild-session-file\=/Users/jasonlee/Library/Developer/Xcode/DerivedData/ModuleCache.noindex/Session.modulevalidation -fmodules-validate-once-per-build-session -Wnon-modular-include-in-framework-module -Werror\=non-modular-include-in-framework-module -Wno-trigraphs -Wno-missing-field-initializers -Wno-missing-prototypes -Wno-return-type -Wno-missing-braces -Wparentheses -Wswitch -Wno-unused-function -Wno-unused-label -Wno-unused-parameter -Wno-unused-variable -Wunused-value -Wno-empty-body -Wno-uninitialized -Wno-unknown-pragmas -w -Wno-shadow -Wno-four-char-constants -Wno-conversion -Wno-constant-conversion -Wno-int-conversion -Wno-bool-conversion -Wno-enum-conversion -Wno-float-conversion -Wno-non-literal-null-conversion -Wno-objc-literal-conversion -Wshorten-64-to-32 -Wpointer-sign -Wno-newline-eof -Wno-implicit-fallthrough -isysroot /Applications/Xcode.app/Contents/Developer/Platforms/MacOSX.platform/Developer/SDKs/MacOSX26.4.sdk -fstrict-aliasing -Wdeprecated-declarations -Wno-sign-conversion -Wno-infinite-recursion -Wno-comma -Wno-block-capture-autoreleasing -Wno-strict-prototypes -Wno-semicolon-before-method-body @/Users/jasonlee/Library/Developer/Xcode/DerivedData/Notch-ddzsfiyxyoauidejndllmosklbkq/Build/Intermediates.noindex/PostHog.build/Release/phlibwebp.build/Objects-normal/arm64/7187679823f38a2a940e0043cdf9d637-common-args.resp -MMD -MT dependencies -MF /Users/jasonlee/Library/Developer/Xcode/DerivedData/Notch-ddzsfiyxyoauidejndllmosklbkq/Build/Intermediates.noindex/PostHog.build/Release/phlibwebp.build/Objects-normal/arm64/sharpyuv_neon.d --serialize-diagnostics /Users/jasonlee/Library/Developer/Xcode/DerivedData/Notch-ddzsfiyxyoauidejndllmosklbkq/Build/Intermediates.noindex/PostHog.build/Release/phlibwebp.build/Objects-normal/arm64/sharpyuv_neon.dia -c /Users/jasonlee/Library/Developer/Xcode/DerivedData/Notch-ddzsfiyxyoauidejndllmosklbkq/SourcePackages/checkouts/posthog-ios/vendor/libwebp/sharpyuv_neon.c -o /Users/jasonlee/Library/Developer/Xcode/DerivedData/Notch-ddzsfiyxyoauidejndllmosklbkq/Build/Intermediates.noindex/PostHog.build/Release/phlibwebp.build/Objects-normal/arm64/sharpyuv_neon.o

CompileC /Users/jasonlee/Library/Developer/Xcode/DerivedData/Notch-ddzsfiyxyoauidejndllmosklbkq/Build/Intermediates.noindex/PostHog.build/Release/phlibwebp.build/Objects-normal/arm64/sharpyuv_gamma.o /Users/jasonlee/Library/Developer/Xcode/DerivedData/Notch-ddzsfiyxyoauidejndllmosklbkq/SourcePackages/checkouts/posthog-ios/vendor/libwebp/sharpyuv_gamma.c normal arm64 c com.apple.compilers.llvm.clang.1_0.compiler (in target 'phlibwebp' from project 'PostHog')
    cd /Users/jasonlee/Coding/App/Notch/Notch.xcodeproj
    
    Using response file: /Users/jasonlee/Library/Developer/Xcode/DerivedData/Notch-ddzsfiyxyoauidejndllmosklbkq/Build/Intermediates.noindex/PostHog.build/Release/phlibwebp.build/Objects-normal/arm64/7187679823f38a2a940e0043cdf9d637-common-args.resp
    
    /Applications/Xcode.app/Contents/Developer/Toolchains/XcodeDefault.xctoolchain/usr/bin/clang -x c -ivfsstatcache /Users/jasonlee/Library/Developer/Xcode/DerivedData/SDKStatCaches.noindex/macosx26.4-25E251-30f9ca8789b706f8bd3fc906a70d770f.sdkstatcache -target arm64-apple-macos10.15 -fmessage-length\=0 -fdiagnostics-show-note-include-stack -fmacro-backtrace-limit\=0 -fno-color-diagnostics -fmodules-prune-interval\=86400 -fmodules-prune-after\=345600 -fbuild-session-file\=/Users/jasonlee/Library/Developer/Xcode/DerivedData/ModuleCache.noindex/Session.modulevalidation -fmodules-validate-once-per-build-session -Wnon-modular-include-in-framework-module -Werror\=non-modular-include-in-framework-module -Wno-trigraphs -Wno-missing-field-initializers -Wno-missing-prototypes -Wno-return-type -Wno-missing-braces -Wparentheses -Wswitch -Wno-unused-function -Wno-unused-label -Wno-unused-parameter -Wno-unused-variable -Wunused-value -Wno-empty-body -Wno-uninitialized -Wno-unknown-pragmas -w -Wno-shadow -Wno-four-char-constants -Wno-conversion -Wno-constant-conversion -Wno-int-conversion -Wno-bool-conversion -Wno-enum-conversion -Wno-float-conversion -Wno-non-literal-null-conversion -Wno-objc-literal-conversion -Wshorten-64-to-32 -Wpointer-sign -Wno-newline-eof -Wno-implicit-fallthrough -isysroot /Applications/Xcode.app/Contents/Developer/Platforms/MacOSX.platform/Developer/SDKs/MacOSX26.4.sdk -fstrict-aliasing -Wdeprecated-declarations -Wno-sign-conversion -Wno-infinite-recursion -Wno-comma -Wno-block-capture-autoreleasing -Wno-strict-prototypes -Wno-semicolon-before-method-body @/Users/jasonlee/Library/Developer/Xcode/DerivedData/Notch-ddzsfiyxyoauidejndllmosklbkq/Build/Intermediates.noindex/PostHog.build/Release/phlibwebp.build/Objects-normal/arm64/7187679823f38a2a940e0043cdf9d637-common-args.resp -MMD -MT dependencies -MF /Users/jasonlee/Library/Developer/Xcode/DerivedData/Notch-ddzsfiyxyoauidejndllmosklbkq/Build/Intermediates.noindex/PostHog.build/Release/phlibwebp.build/Objects-normal/arm64/sharpyuv_gamma.d --serialize-diagnostics /Users/jasonlee/Library/Developer/Xcode/DerivedData/Notch-ddzsfiyxyoauidejndllmosklbkq/Build/Intermediates.noindex/PostHog.build/Release/phlibwebp.build/Objects-normal/arm64/sharpyuv_gamma.dia -c /Users/jasonlee/Library/Developer/Xcode/DerivedData/Notch-ddzsfiyxyoauidejndllmosklbkq/SourcePackages/checkouts/posthog-ios/vendor/libwebp/sharpyuv_gamma.c -o /Users/jasonlee/Library/Developer/Xcode/DerivedData/Notch-ddzsfiyxyoauidejndllmosklbkq/Build/Intermediates.noindex/PostHog.build/Release/phlibwebp.build/Objects-normal/arm64/sharpyuv_gamma.o

CompileC /Users/jasonlee/Library/Developer/Xcode/DerivedData/Notch-ddzsfiyxyoauidejndllmosklbkq/Build/Intermediates.noindex/PostHog.build/Release/phlibwebp.build/Objects-normal/arm64/sharpyuv_dsp.o /Users/jasonlee/Library/Developer/Xcode/DerivedData/Notch-ddzsfiyxyoauidejndllmosklbkq/SourcePackages/checkouts/posthog-ios/vendor/libwebp/sharpyuv_dsp.c normal arm64 c com.apple.compilers.llvm.clang.1_0.compiler (in target 'phlibwebp' from project 'PostHog')
    cd /Users/jasonlee/Coding/App/Notch/Notch.xcodeproj
    
    Using response file: /Users/jasonlee/Library/Developer/Xcode/DerivedData/Notch-ddzsfiyxyoauidejndllmosklbkq/Build/Intermediates.noindex/PostHog.build/Release/phlibwebp.build/Objects-normal/arm64/7187679823f38a2a940e0043cdf9d637-common-args.resp
    
    /Applications/Xcode.app/Contents/Developer/Toolchains/XcodeDefault.xctoolchain/usr/bin/clang -x c -ivfsstatcache /Users/jasonlee/Library/Developer/Xcode/DerivedData/SDKStatCaches.noindex/macosx26.4-25E251-30f9ca8789b706f8bd3fc906a70d770f.sdkstatcache -target arm64-apple-macos10.15 -fmessage-length\=0 -fdiagnostics-show-note-include-stack -fmacro-backtrace-limit\=0 -fno-color-diagnostics -fmodules-prune-interval\=86400 -fmodules-prune-after\=345600 -fbuild-session-file\=/Users/jasonlee/Library/Developer/Xcode/DerivedData/ModuleCache.noindex/Session.modulevalidation -fmodules-validate-once-per-build-session -Wnon-modular-include-in-framework-module -Werror\=non-modular-include-in-framework-module -Wno-trigraphs -Wno-missing-field-initializers -Wno-missing-prototypes -Wno-return-type -Wno-missing-braces -Wparentheses -Wswitch -Wno-unused-function -Wno-unused-label -Wno-unused-parameter -Wno-unused-variable -Wunused-value -Wno-empty-body -Wno-uninitialized -Wno-unknown-pragmas -w -Wno-shadow -Wno-four-char-constants -Wno-conversion -Wno-constant-conversion -Wno-int-conversion -Wno-bool-conversion -Wno-enum-conversion -Wno-float-conversion -Wno-non-literal-null-conversion -Wno-objc-literal-conversion -Wshorten-64-to-32 -Wpointer-sign -Wno-newline-eof -Wno-implicit-fallthrough -isysroot /Applications/Xcode.app/Contents/Developer/Platforms/MacOSX.platform/Developer/SDKs/MacOSX26.4.sdk -fstrict-aliasing -Wdeprecated-declarations -Wno-sign-conversion -Wno-infinite-recursion -Wno-comma -Wno-block-capture-autoreleasing -Wno-strict-prototypes -Wno-semicolon-before-method-body @/Users/jasonlee/Library/Developer/Xcode/DerivedData/Notch-ddzsfiyxyoauidejndllmosklbkq/Build/Intermediates.noindex/PostHog.build/Release/phlibwebp.build/Objects-normal/arm64/7187679823f38a2a940e0043cdf9d637-common-args.resp -MMD -MT dependencies -MF /Users/jasonlee/Library/Developer/Xcode/DerivedData/Notch-ddzsfiyxyoauidejndllmosklbkq/Build/Intermediates.noindex/PostHog.build/Release/phlibwebp.build/Objects-normal/arm64/sharpyuv_dsp.d --serialize-diagnostics /Users/jasonlee/Library/Developer/Xcode/DerivedData/Notch-ddzsfiyxyoauidejndllmosklbkq/Build/Intermediates.noindex/PostHog.build/Release/phlibwebp.build/Objects-normal/arm64/sharpyuv_dsp.dia -c /Users/jasonlee/Library/Developer/Xcode/DerivedData/Notch-ddzsfiyxyoauidejndllmosklbkq/SourcePackages/checkouts/posthog-ios/vendor/libwebp/sharpyuv_dsp.c -o /Users/jasonlee/Library/Developer/Xcode/DerivedData/Notch-ddzsfiyxyoauidejndllmosklbkq/Build/Intermediates.noindex/PostHog.build/Release/phlibwebp.build/Objects-normal/arm64/sharpyuv_dsp.o

CompileC /Users/jasonlee/Library/Developer/Xcode/DerivedData/Notch-ddzsfiyxyoauidejndllmosklbkq/Build/Intermediates.noindex/PostHog.build/Release/phlibwebp.build/Objects-normal/arm64/sharpyuv_csp.o /Users/jasonlee/Library/Developer/Xcode/DerivedData/Notch-ddzsfiyxyoauidejndllmosklbkq/SourcePackages/checkouts/posthog-ios/vendor/libwebp/sharpyuv_csp.c normal arm64 c com.apple.compilers.llvm.clang.1_0.compiler (in target 'phlibwebp' from project 'PostHog')
    cd /Users/jasonlee/Coding/App/Notch/Notch.xcodeproj
    
    Using response file: /Users/jasonlee/Library/Developer/Xcode/DerivedData/Notch-ddzsfiyxyoauidejndllmosklbkq/Build/Intermediates.noindex/PostHog.build/Release/phlibwebp.build/Objects-normal/arm64/7187679823f38a2a940e0043cdf9d637-common-args.resp
    
    /Applications/Xcode.app/Contents/Developer/Toolchains/XcodeDefault.xctoolchain/usr/bin/clang -x c -ivfsstatcache /Users/jasonlee/Library/Developer/Xcode/DerivedData/SDKStatCaches.noindex/macosx26.4-25E251-30f9ca8789b706f8bd3fc906a70d770f.sdkstatcache -target arm64-apple-macos10.15 -fmessage-length\=0 -fdiagnostics-show-note-include-stack -fmacro-backtrace-limit\=0 -fno-color-diagnostics -fmodules-prune-interval\=86400 -fmodules-prune-after\=345600 -fbuild-session-file\=/Users/jasonlee/Library/Developer/Xcode/DerivedData/ModuleCache.noindex/Session.modulevalidation -fmodules-validate-once-per-build-session -Wnon-modular-include-in-framework-module -Werror\=non-modular-include-in-framework-module -Wno-trigraphs -Wno-missing-field-initializers -Wno-missing-prototypes -Wno-return-type -Wno-missing-braces -Wparentheses -Wswitch -Wno-unused-function -Wno-unused-label -Wno-unused-parameter -Wno-unused-variable -Wunused-value -Wno-empty-body -Wno-uninitialized -Wno-unknown-pragmas -w -Wno-shadow -Wno-four-char-constants -Wno-conversion -Wno-constant-conversion -Wno-int-conversion -Wno-bool-conversion -Wno-enum-conversion -Wno-float-conversion -Wno-non-literal-null-conversion -Wno-objc-literal-conversion -Wshorten-64-to-32 -Wpointer-sign -Wno-newline-eof -Wno-implicit-fallthrough -isysroot /Applications/Xcode.app/Contents/Developer/Platforms/MacOSX.platform/Developer/SDKs/MacOSX26.4.sdk -fstrict-aliasing -Wdeprecated-declarations -Wno-sign-conversion -Wno-infinite-recursion -Wno-comma -Wno-block-capture-autoreleasing -Wno-strict-prototypes -Wno-semicolon-before-method-body @/Users/jasonlee/Library/Developer/Xcode/DerivedData/Notch-ddzsfiyxyoauidejndllmosklbkq/Build/Intermediates.noindex/PostHog.build/Release/phlibwebp.build/Objects-normal/arm64/7187679823f38a2a940e0043cdf9d637-common-args.resp -MMD -MT dependencies -MF /Users/jasonlee/Library/Developer/Xcode/DerivedData/Notch-ddzsfiyxyoauidejndllmosklbkq/Build/Intermediates.noindex/PostHog.build/Release/phlibwebp.build/Objects-normal/arm64/sharpyuv_csp.d --serialize-diagnostics /Users/jasonlee/Library/Developer/Xcode/DerivedData/Notch-ddzsfiyxyoauidejndllmosklbkq/Build/Intermediates.noindex/PostHog.build/Release/phlibwebp.build/Objects-normal/arm64/sharpyuv_csp.dia -c /Users/jasonlee/Library/Developer/Xcode/DerivedData/Notch-ddzsfiyxyoauidejndllmosklbkq/SourcePackages/checkouts/posthog-ios/vendor/libwebp/sharpyuv_csp.c -o /Users/jasonlee/Library/Developer/Xcode/DerivedData/Notch-ddzsfiyxyoauidejndllmosklbkq/Build/Intermediates.noindex/PostHog.build/Release/phlibwebp.build/Objects-normal/arm64/sharpyuv_csp.o

CompileC /Users/jasonlee/Library/Developer/Xcode/DerivedData/Notch-ddzsfiyxyoauidejndllmosklbkq/Build/Intermediates.noindex/PostHog.build/Release/phlibwebp.build/Objects-normal/arm64/sharpyuv_cpu.o /Users/jasonlee/Library/Developer/Xcode/DerivedData/Notch-ddzsfiyxyoauidejndllmosklbkq/SourcePackages/checkouts/posthog-ios/vendor/libwebp/sharpyuv_cpu.c normal arm64 c com.apple.compilers.llvm.clang.1_0.compiler (in target 'phlibwebp' from project 'PostHog')
    cd /Users/jasonlee/Coding/App/Notch/Notch.xcodeproj
    
    Using response file: /Users/jasonlee/Library/Developer/Xcode/DerivedData/Notch-ddzsfiyxyoauidejndllmosklbkq/Build/Intermediates.noindex/PostHog.build/Release/phlibwebp.build/Objects-normal/arm64/7187679823f38a2a940e0043cdf9d637-common-args.resp
    
    /Applications/Xcode.app/Contents/Developer/Toolchains/XcodeDefault.xctoolchain/usr/bin/clang -x c -ivfsstatcache /Users/jasonlee/Library/Developer/Xcode/DerivedData/SDKStatCaches.noindex/macosx26.4-25E251-30f9ca8789b706f8bd3fc906a70d770f.sdkstatcache -target arm64-apple-macos10.15 -fmessage-length\=0 -fdiagnostics-show-note-include-stack -fmacro-backtrace-limit\=0 -fno-color-diagnostics -fmodules-prune-interval\=86400 -fmodules-prune-after\=345600 -fbuild-session-file\=/Users/jasonlee/Library/Developer/Xcode/DerivedData/ModuleCache.noindex/Session.modulevalidation -fmodules-validate-once-per-build-session -Wnon-modular-include-in-framework-module -Werror\=non-modular-include-in-framework-module -Wno-trigraphs -Wno-missing-field-initializers -Wno-missing-prototypes -Wno-return-type -Wno-missing-braces -Wparentheses -Wswitch -Wno-unused-function -Wno-unused-label -Wno-unused-parameter -Wno-unused-variable -Wunused-value -Wno-empty-body -Wno-uninitialized -Wno-unknown-pragmas -w -Wno-shadow -Wno-four-char-constants -Wno-conversion -Wno-constant-conversion -Wno-int-conversion -Wno-bool-conversion -Wno-enum-conversion -Wno-float-conversion -Wno-non-literal-null-conversion -Wno-objc-literal-conversion -Wshorten-64-to-32 -Wpointer-sign -Wno-newline-eof -Wno-implicit-fallthrough -isysroot /Applications/Xcode.app/Contents/Developer/Platforms/MacOSX.platform/Developer/SDKs/MacOSX26.4.sdk -fstrict-aliasing -Wdeprecated-declarations -Wno-sign-conversion -Wno-infinite-recursion -Wno-comma -Wno-block-capture-autoreleasing -Wno-strict-prototypes -Wno-semicolon-before-method-body @/Users/jasonlee/Library/Developer/Xcode/DerivedData/Notch-ddzsfiyxyoauidejndllmosklbkq/Build/Intermediates.noindex/PostHog.build/Release/phlibwebp.build/Objects-normal/arm64/7187679823f38a2a940e0043cdf9d637-common-args.resp -MMD -MT dependencies -MF /Users/jasonlee/Library/Developer/Xcode/DerivedData/Notch-ddzsfiyxyoauidejndllmosklbkq/Build/Intermediates.noindex/PostHog.build/Release/phlibwebp.build/Objects-normal/arm64/sharpyuv_cpu.d --serialize-diagnostics /Users/jasonlee/Library/Developer/Xcode/DerivedData/Notch-ddzsfiyxyoauidejndllmosklbkq/Build/Intermediates.noindex/PostHog.build/Release/phlibwebp.build/Objects-normal/arm64/sharpyuv_cpu.dia -c /Users/jasonlee/Library/Developer/Xcode/DerivedData/Notch-ddzsfiyxyoauidejndllmosklbkq/SourcePackages/checkouts/posthog-ios/vendor/libwebp/sharpyuv_cpu.c -o /Users/jasonlee/Library/Developer/Xcode/DerivedData/Notch-ddzsfiyxyoauidejndllmosklbkq/Build/Intermediates.noindex/PostHog.build/Release/phlibwebp.build/Objects-normal/arm64/sharpyuv_cpu.o

CompileC /Users/jasonlee/Library/Developer/Xcode/DerivedData/Notch-ddzsfiyxyoauidejndllmosklbkq/Build/Intermediates.noindex/PostHog.build/Release/phlibwebp.build/Objects-normal/arm64/sharpyuv.o /Users/jasonlee/Library/Developer/Xcode/DerivedData/Notch-ddzsfiyxyoauidejndllmosklbkq/SourcePackages/checkouts/posthog-ios/vendor/libwebp/sharpyuv.c normal arm64 c com.apple.compilers.llvm.clang.1_0.compiler (in target 'phlibwebp' from project 'PostHog')
    cd /Users/jasonlee/Coding/App/Notch/Notch.xcodeproj
    
    Using response file: /Users/jasonlee/Library/Developer/Xcode/DerivedData/Notch-ddzsfiyxyoauidejndllmosklbkq/Build/Intermediates.noindex/PostHog.build/Release/phlibwebp.build/Objects-normal/arm64/7187679823f38a2a940e0043cdf9d637-common-args.resp
    
    /Applications/Xcode.app/Contents/Developer/Toolchains/XcodeDefault.xctoolchain/usr/bin/clang -x c -ivfsstatcache /Users/jasonlee/Library/Developer/Xcode/DerivedData/SDKStatCaches.noindex/macosx26.4-25E251-30f9ca8789b706f8bd3fc906a70d770f.sdkstatcache -target arm64-apple-macos10.15 -fmessage-length\=0 -fdiagnostics-show-note-include-stack -fmacro-backtrace-limit\=0 -fno-color-diagnostics -fmodules-prune-interval\=86400 -fmodules-prune-after\=345600 -fbuild-session-file\=/Users/jasonlee/Library/Developer/Xcode/DerivedData/ModuleCache.noindex/Session.modulevalidation -fmodules-validate-once-per-build-session -Wnon-modular-include-in-framework-module -Werror\=non-modular-include-in-framework-module -Wno-trigraphs -Wno-missing-field-initializers -Wno-missing-prototypes -Wno-return-type -Wno-missing-braces -Wparentheses -Wswitch -Wno-unused-function -Wno-unused-label -Wno-unused-parameter -Wno-unused-variable -Wunused-value -Wno-empty-body -Wno-uninitialized -Wno-unknown-pragmas -w -Wno-shadow -Wno-four-char-constants -Wno-conversion -Wno-constant-conversion -Wno-int-conversion -Wno-bool-conversion -Wno-enum-conversion -Wno-float-conversion -Wno-non-literal-null-conversion -Wno-objc-literal-conversion -Wshorten-64-to-32 -Wpointer-sign -Wno-newline-eof -Wno-implicit-fallthrough -isysroot /Applications/Xcode.app/Contents/Developer/Platforms/MacOSX.platform/Developer/SDKs/MacOSX26.4.sdk -fstrict-aliasing -Wdeprecated-declarations -Wno-sign-conversion -Wno-infinite-recursion -Wno-comma -Wno-block-capture-autoreleasing -Wno-strict-prototypes -Wno-semicolon-before-method-body @/Users/jasonlee/Library/Developer/Xcode/DerivedData/Notch-ddzsfiyxyoauidejndllmosklbkq/Build/Intermediates.noindex/PostHog.build/Release/phlibwebp.build/Objects-normal/arm64/7187679823f38a2a940e0043cdf9d637-common-args.resp -MMD -MT dependencies -MF /Users/jasonlee/Library/Developer/Xcode/DerivedData/Notch-ddzsfiyxyoauidejndllmosklbkq/Build/Intermediates.noindex/PostHog.build/Release/phlibwebp.build/Objects-normal/arm64/sharpyuv.d --serialize-diagnostics /Users/jasonlee/Library/Developer/Xcode/DerivedData/Notch-ddzsfiyxyoauidejndllmosklbkq/Build/Intermediates.noindex/PostHog.build/Release/phlibwebp.build/Objects-normal/arm64/sharpyuv.dia -c /Users/jasonlee/Library/Developer/Xcode/DerivedData/Notch-ddzsfiyxyoauidejndllmosklbkq/SourcePackages/checkouts/posthog-ios/vendor/libwebp/sharpyuv.c -o /Users/jasonlee/Library/Developer/Xcode/DerivedData/Notch-ddzsfiyxyoauidejndllmosklbkq/Build/Intermediates.noindex/PostHog.build/Release/phlibwebp.build/Objects-normal/arm64/sharpyuv.o

CompileC /Users/jasonlee/Library/Developer/Xcode/DerivedData/Notch-ddzsfiyxyoauidejndllmosklbkq/Build/Intermediates.noindex/PostHog.build/Release/phlibwebp.build/Objects-normal/arm64/rescaler_utils.o /Users/jasonlee/Library/Developer/Xcode/DerivedData/Notch-ddzsfiyxyoauidejndllmosklbkq/SourcePackages/checkouts/posthog-ios/vendor/libwebp/rescaler_utils.c normal arm64 c com.apple.compilers.llvm.clang.1_0.compiler (in target 'phlibwebp' from project 'PostHog')
    cd /Users/jasonlee/Coding/App/Notch/Notch.xcodeproj
    
    Using response file: /Users/jasonlee/Library/Developer/Xcode/DerivedData/Notch-ddzsfiyxyoauidejndllmosklbkq/Build/Intermediates.noindex/PostHog.build/Release/phlibwebp.build/Objects-normal/arm64/7187679823f38a2a940e0043cdf9d637-common-args.resp
    
    /Applications/Xcode.app/Contents/Developer/Toolchains/XcodeDefault.xctoolchain/usr/bin/clang -x c -ivfsstatcache /Users/jasonlee/Library/Developer/Xcode/DerivedData/SDKStatCaches.noindex/macosx26.4-25E251-30f9ca8789b706f8bd3fc906a70d770f.sdkstatcache -target arm64-apple-macos10.15 -fmessage-length\=0 -fdiagnostics-show-note-include-stack -fmacro-backtrace-limit\=0 -fno-color-diagnostics -fmodules-prune-interval\=86400 -fmodules-prune-after\=345600 -fbuild-session-file\=/Users/jasonlee/Library/Developer/Xcode/DerivedData/ModuleCache.noindex/Session.modulevalidation -fmodules-validate-once-per-build-session -Wnon-modular-include-in-framework-module -Werror\=non-modular-include-in-framework-module -Wno-trigraphs -Wno-missing-field-initializers -Wno-missing-prototypes -Wno-return-type -Wno-missing-braces -Wparentheses -Wswitch -Wno-unused-function -Wno-unused-label -Wno-unused-parameter -Wno-unused-variable -Wunused-value -Wno-empty-body -Wno-uninitialized -Wno-unknown-pragmas -w -Wno-shadow -Wno-four-char-constants -Wno-conversion -Wno-constant-conversion -Wno-int-conversion -Wno-bool-conversion -Wno-enum-conversion -Wno-float-conversion -Wno-non-literal-null-conversion -Wno-objc-literal-conversion -Wshorten-64-to-32 -Wpointer-sign -Wno-newline-eof -Wno-implicit-fallthrough -isysroot /Applications/Xcode.app/Contents/Developer/Platforms/MacOSX.platform/Developer/SDKs/MacOSX26.4.sdk -fstrict-aliasing -Wdeprecated-declarations -Wno-sign-conversion -Wno-infinite-recursion -Wno-comma -Wno-block-capture-autoreleasing -Wno-strict-prototypes -Wno-semicolon-before-method-body @/Users/jasonlee/Library/Developer/Xcode/DerivedData/Notch-ddzsfiyxyoauidejndllmosklbkq/Build/Intermediates.noindex/PostHog.build/Release/phlibwebp.build/Objects-normal/arm64/7187679823f38a2a940e0043cdf9d637-common-args.resp -MMD -MT dependencies -MF /Users/jasonlee/Library/Developer/Xcode/DerivedData/Notch-ddzsfiyxyoauidejndllmosklbkq/Build/Intermediates.noindex/PostHog.build/Release/phlibwebp.build/Objects-normal/arm64/rescaler_utils.d --serialize-diagnostics /Users/jasonlee/Library/Developer/Xcode/DerivedData/Notch-ddzsfiyxyoauidejndllmosklbkq/Build/Intermediates.noindex/PostHog.build/Release/phlibwebp.build/Objects-normal/arm64/rescaler_utils.dia -c /Users/jasonlee/Library/Developer/Xcode/DerivedData/Notch-ddzsfiyxyoauidejndllmosklbkq/SourcePackages/checkouts/posthog-ios/vendor/libwebp/rescaler_utils.c -o /Users/jasonlee/Library/Developer/Xcode/DerivedData/Notch-ddzsfiyxyoauidejndllmosklbkq/Build/Intermediates.noindex/PostHog.build/Release/phlibwebp.build/Objects-normal/arm64/rescaler_utils.o

CompileC /Users/jasonlee/Library/Developer/Xcode/DerivedData/Notch-ddzsfiyxyoauidejndllmosklbkq/Build/Intermediates.noindex/PostHog.build/Release/phlibwebp.build/Objects-normal/arm64/rescaler_sse2.o /Users/jasonlee/Library/Developer/Xcode/DerivedData/Notch-ddzsfiyxyoauidejndllmosklbkq/SourcePackages/checkouts/posthog-ios/vendor/libwebp/rescaler_sse2.c normal arm64 c com.apple.compilers.llvm.clang.1_0.compiler (in target 'phlibwebp' from project 'PostHog')
    cd /Users/jasonlee/Coding/App/Notch/Notch.xcodeproj
    
    Using response file: /Users/jasonlee/Library/Developer/Xcode/DerivedData/Notch-ddzsfiyxyoauidejndllmosklbkq/Build/Intermediates.noindex/PostHog.build/Release/phlibwebp.build/Objects-normal/arm64/7187679823f38a2a940e0043cdf9d637-common-args.resp
    
    /Applications/Xcode.app/Contents/Developer/Toolchains/XcodeDefault.xctoolchain/usr/bin/clang -x c -ivfsstatcache /Users/jasonlee/Library/Developer/Xcode/DerivedData/SDKStatCaches.noindex/macosx26.4-25E251-30f9ca8789b706f8bd3fc906a70d770f.sdkstatcache -target arm64-apple-macos10.15 -fmessage-length\=0 -fdiagnostics-show-note-include-stack -fmacro-backtrace-limit\=0 -fno-color-diagnostics -fmodules-prune-interval\=86400 -fmodules-prune-after\=345600 -fbuild-session-file\=/Users/jasonlee/Library/Developer/Xcode/DerivedData/ModuleCache.noindex/Session.modulevalidation -fmodules-validate-once-per-build-session -Wnon-modular-include-in-framework-module -Werror\=non-modular-include-in-framework-module -Wno-trigraphs -Wno-missing-field-initializers -Wno-missing-prototypes -Wno-return-type -Wno-missing-braces -Wparentheses -Wswitch -Wno-unused-function -Wno-unused-label -Wno-unused-parameter -Wno-unused-variable -Wunused-value -Wno-empty-body -Wno-uninitialized -Wno-unknown-pragmas -w -Wno-shadow -Wno-four-char-constants -Wno-conversion -Wno-constant-conversion -Wno-int-conversion -Wno-bool-conversion -Wno-enum-conversion -Wno-float-conversion -Wno-non-literal-null-conversion -Wno-objc-literal-conversion -Wshorten-64-to-32 -Wpointer-sign -Wno-newline-eof -Wno-implicit-fallthrough -isysroot /Applications/Xcode.app/Contents/Developer/Platforms/MacOSX.platform/Developer/SDKs/MacOSX26.4.sdk -fstrict-aliasing -Wdeprecated-declarations -Wno-sign-conversion -Wno-infinite-recursion -Wno-comma -Wno-block-capture-autoreleasing -Wno-strict-prototypes -Wno-semicolon-before-method-body @/Users/jasonlee/Library/Developer/Xcode/DerivedData/Notch-ddzsfiyxyoauidejndllmosklbkq/Build/Intermediates.noindex/PostHog.build/Release/phlibwebp.build/Objects-normal/arm64/7187679823f38a2a940e0043cdf9d637-common-args.resp -MMD -MT dependencies -MF /Users/jasonlee/Library/Developer/Xcode/DerivedData/Notch-ddzsfiyxyoauidejndllmosklbkq/Build/Intermediates.noindex/PostHog.build/Release/phlibwebp.build/Objects-normal/arm64/rescaler_sse2.d --serialize-diagnostics /Users/jasonlee/Library/Developer/Xcode/DerivedData/Notch-ddzsfiyxyoauidejndllmosklbkq/Build/Intermediates.noindex/PostHog.build/Release/phlibwebp.build/Objects-normal/arm64/rescaler_sse2.dia -c /Users/jasonlee/Library/Developer/Xcode/DerivedData/Notch-ddzsfiyxyoauidejndllmosklbkq/SourcePackages/checkouts/posthog-ios/vendor/libwebp/rescaler_sse2.c -o /Users/jasonlee/Library/Developer/Xcode/DerivedData/Notch-ddzsfiyxyoauidejndllmosklbkq/Build/Intermediates.noindex/PostHog.build/Release/phlibwebp.build/Objects-normal/arm64/rescaler_sse2.o

CompileC /Users/jasonlee/Library/Developer/Xcode/DerivedData/Notch-ddzsfiyxyoauidejndllmosklbkq/Build/Intermediates.noindex/PostHog.build/Release/phlibwebp.build/Objects-normal/arm64/rescaler_neon.o /Users/jasonlee/Library/Developer/Xcode/DerivedData/Notch-ddzsfiyxyoauidejndllmosklbkq/SourcePackages/checkouts/posthog-ios/vendor/libwebp/rescaler_neon.c normal arm64 c com.apple.compilers.llvm.clang.1_0.compiler (in target 'phlibwebp' from project 'PostHog')
    cd /Users/jasonlee/Coding/App/Notch/Notch.xcodeproj
    
    Using response file: /Users/jasonlee/Library/Developer/Xcode/DerivedData/Notch-ddzsfiyxyoauidejndllmosklbkq/Build/Intermediates.noindex/PostHog.build/Release/phlibwebp.build/Objects-normal/arm64/7187679823f38a2a940e0043cdf9d637-common-args.resp
    
    /Applications/Xcode.app/Contents/Developer/Toolchains/XcodeDefault.xctoolchain/usr/bin/clang -x c -ivfsstatcache /Users/jasonlee/Library/Developer/Xcode/DerivedData/SDKStatCaches.noindex/macosx26.4-25E251-30f9ca8789b706f8bd3fc906a70d770f.sdkstatcache -target arm64-apple-macos10.15 -fmessage-length\=0 -fdiagnostics-show-note-include-stack -fmacro-backtrace-limit\=0 -fno-color-diagnostics -fmodules-prune-interval\=86400 -fmodules-prune-after\=345600 -fbuild-session-file\=/Users/jasonlee/Library/Developer/Xcode/DerivedData/ModuleCache.noindex/Session.modulevalidation -fmodules-validate-once-per-build-session -Wnon-modular-include-in-framework-module -Werror\=non-modular-include-in-framework-module -Wno-trigraphs -Wno-missing-field-initializers -Wno-missing-prototypes -Wno-return-type -Wno-missing-braces -Wparentheses -Wswitch -Wno-unused-function -Wno-unused-label -Wno-unused-parameter -Wno-unused-variable -Wunused-value -Wno-empty-body -Wno-uninitialized -Wno-unknown-pragmas -w -Wno-shadow -Wno-four-char-constants -Wno-conversion -Wno-constant-conversion -Wno-int-conversion -Wno-bool-conversion -Wno-enum-conversion -Wno-float-conversion -Wno-non-literal-null-conversion -Wno-objc-literal-conversion -Wshorten-64-to-32 -Wpointer-sign -Wno-newline-eof -Wno-implicit-fallthrough -isysroot /Applications/Xcode.app/Contents/Developer/Platforms/MacOSX.platform/Developer/SDKs/MacOSX26.4.sdk -fstrict-aliasing -Wdeprecated-declarations -Wno-sign-conversion -Wno-infinite-recursion -Wno-comma -Wno-block-capture-autoreleasing -Wno-strict-prototypes -Wno-semicolon-before-method-body @/Users/jasonlee/Library/Developer/Xcode/DerivedData/Notch-ddzsfiyxyoauidejndllmosklbkq/Build/Intermediates.noindex/PostHog.build/Release/phlibwebp.build/Objects-normal/arm64/7187679823f38a2a940e0043cdf9d637-common-args.resp -MMD -MT dependencies -MF /Users/jasonlee/Library/Developer/Xcode/DerivedData/Notch-ddzsfiyxyoauidejndllmosklbkq/Build/Intermediates.noindex/PostHog.build/Release/phlibwebp.build/Objects-normal/arm64/rescaler_neon.d --serialize-diagnostics /Users/jasonlee/Library/Developer/Xcode/DerivedData/Notch-ddzsfiyxyoauidejndllmosklbkq/Build/Intermediates.noindex/PostHog.build/Release/phlibwebp.build/Objects-normal/arm64/rescaler_neon.dia -c /Users/jasonlee/Library/Developer/Xcode/DerivedData/Notch-ddzsfiyxyoauidejndllmosklbkq/SourcePackages/checkouts/posthog-ios/vendor/libwebp/rescaler_neon.c -o /Users/jasonlee/Library/Developer/Xcode/DerivedData/Notch-ddzsfiyxyoauidejndllmosklbkq/Build/Intermediates.noindex/PostHog.build/Release/phlibwebp.build/Objects-normal/arm64/rescaler_neon.o

CompileC /Users/jasonlee/Library/Developer/Xcode/DerivedData/Notch-ddzsfiyxyoauidejndllmosklbkq/Build/Intermediates.noindex/PostHog.build/Release/phlibwebp.build/Objects-normal/arm64/rescaler.o /Users/jasonlee/Library/Developer/Xcode/DerivedData/Notch-ddzsfiyxyoauidejndllmosklbkq/SourcePackages/checkouts/posthog-ios/vendor/libwebp/rescaler.c normal arm64 c com.apple.compilers.llvm.clang.1_0.compiler (in target 'phlibwebp' from project 'PostHog')
    cd /Users/jasonlee/Coding/App/Notch/Notch.xcodeproj
    
    Using response file: /Users/jasonlee/Library/Developer/Xcode/DerivedData/Notch-ddzsfiyxyoauidejndllmosklbkq/Build/Intermediates.noindex/PostHog.build/Release/phlibwebp.build/Objects-normal/arm64/7187679823f38a2a940e0043cdf9d637-common-args.resp
    
    /Applications/Xcode.app/Contents/Developer/Toolchains/XcodeDefault.xctoolchain/usr/bin/clang -x c -ivfsstatcache /Users/jasonlee/Library/Developer/Xcode/DerivedData/SDKStatCaches.noindex/macosx26.4-25E251-30f9ca8789b706f8bd3fc906a70d770f.sdkstatcache -target arm64-apple-macos10.15 -fmessage-length\=0 -fdiagnostics-show-note-include-stack -fmacro-backtrace-limit\=0 -fno-color-diagnostics -fmodules-prune-interval\=86400 -fmodules-prune-after\=345600 -fbuild-session-file\=/Users/jasonlee/Library/Developer/Xcode/DerivedData/ModuleCache.noindex/Session.modulevalidation -fmodules-validate-once-per-build-session -Wnon-modular-include-in-framework-module -Werror\=non-modular-include-in-framework-module -Wno-trigraphs -Wno-missing-field-initializers -Wno-missing-prototypes -Wno-return-type -Wno-missing-braces -Wparentheses -Wswitch -Wno-unused-function -Wno-unused-label -Wno-unused-parameter -Wno-unused-variable -Wunused-value -Wno-empty-body -Wno-uninitialized -Wno-unknown-pragmas -w -Wno-shadow -Wno-four-char-constants -Wno-conversion -Wno-constant-conversion -Wno-int-conversion -Wno-bool-conversion -Wno-enum-conversion -Wno-float-conversion -Wno-non-literal-null-conversion -Wno-objc-literal-conversion -Wshorten-64-to-32 -Wpointer-sign -Wno-newline-eof -Wno-implicit-fallthrough -isysroot /Applications/Xcode.app/Contents/Developer/Platforms/MacOSX.platform/Developer/SDKs/MacOSX26.4.sdk -fstrict-aliasing -Wdeprecated-declarations -Wno-sign-conversion -Wno-infinite-recursion -Wno-comma -Wno-block-capture-autoreleasing -Wno-strict-prototypes -Wno-semicolon-before-method-body @/Users/jasonlee/Library/Developer/Xcode/DerivedData/Notch-ddzsfiyxyoauidejndllmosklbkq/Build/Intermediates.noindex/PostHog.build/Release/phlibwebp.build/Objects-normal/arm64/7187679823f38a2a940e0043cdf9d637-common-args.resp -MMD -MT dependencies -MF /Users/jasonlee/Library/Developer/Xcode/DerivedData/Notch-ddzsfiyxyoauidejndllmosklbkq/Build/Intermediates.noindex/PostHog.build/Release/phlibwebp.build/Objects-normal/arm64/rescaler.d --serialize-diagnostics /Users/jasonlee/Library/Developer/Xcode/DerivedData/Notch-ddzsfiyxyoauidejndllmosklbkq/Build/Intermediates.noindex/PostHog.build/Release/phlibwebp.build/Objects-normal/arm64/rescaler.dia -c /Users/jasonlee/Library/Developer/Xcode/DerivedData/Notch-ddzsfiyxyoauidejndllmosklbkq/SourcePackages/checkouts/posthog-ios/vendor/libwebp/rescaler.c -o /Users/jasonlee/Library/Developer/Xcode/DerivedData/Notch-ddzsfiyxyoauidejndllmosklbkq/Build/Intermediates.noindex/PostHog.build/Release/phlibwebp.build/Objects-normal/arm64/rescaler.o

CompileC /Users/jasonlee/Library/Developer/Xcode/DerivedData/Notch-ddzsfiyxyoauidejndllmosklbkq/Build/Intermediates.noindex/PostHog.build/Release/phlibwebp.build/Objects-normal/arm64/random_utils.o /Users/jasonlee/Library/Developer/Xcode/DerivedData/Notch-ddzsfiyxyoauidejndllmosklbkq/SourcePackages/checkouts/posthog-ios/vendor/libwebp/random_utils.c normal arm64 c com.apple.compilers.llvm.clang.1_0.compiler (in target 'phlibwebp' from project 'PostHog')
    cd /Users/jasonlee/Coding/App/Notch/Notch.xcodeproj
    
    Using response file: /Users/jasonlee/Library/Developer/Xcode/DerivedData/Notch-ddzsfiyxyoauidejndllmosklbkq/Build/Intermediates.noindex/PostHog.build/Release/phlibwebp.build/Objects-normal/arm64/7187679823f38a2a940e0043cdf9d637-common-args.resp
    
    /Applications/Xcode.app/Contents/Developer/Toolchains/XcodeDefault.xctoolchain/usr/bin/clang -x c -ivfsstatcache /Users/jasonlee/Library/Developer/Xcode/DerivedData/SDKStatCaches.noindex/macosx26.4-25E251-30f9ca8789b706f8bd3fc906a70d770f.sdkstatcache -target arm64-apple-macos10.15 -fmessage-length\=0 -fdiagnostics-show-note-include-stack -fmacro-backtrace-limit\=0 -fno-color-diagnostics -fmodules-prune-interval\=86400 -fmodules-prune-after\=345600 -fbuild-session-file\=/Users/jasonlee/Library/Developer/Xcode/DerivedData/ModuleCache.noindex/Session.modulevalidation -fmodules-validate-once-per-build-session -Wnon-modular-include-in-framework-module -Werror\=non-modular-include-in-framework-module -Wno-trigraphs -Wno-missing-field-initializers -Wno-missing-prototypes -Wno-return-type -Wno-missing-braces -Wparentheses -Wswitch -Wno-unused-function -Wno-unused-label -Wno-unused-parameter -Wno-unused-variable -Wunused-value -Wno-empty-body -Wno-uninitialized -Wno-unknown-pragmas -w -Wno-shadow -Wno-four-char-constants -Wno-conversion -Wno-constant-conversion -Wno-int-conversion -Wno-bool-conversion -Wno-enum-conversion -Wno-float-conversion -Wno-non-literal-null-conversion -Wno-objc-literal-conversion -Wshorten-64-to-32 -Wpointer-sign -Wno-newline-eof -Wno-implicit-fallthrough -isysroot /Applications/Xcode.app/Contents/Developer/Platforms/MacOSX.platform/Developer/SDKs/MacOSX26.4.sdk -fstrict-aliasing -Wdeprecated-declarations -Wno-sign-conversion -Wno-infinite-recursion -Wno-comma -Wno-block-capture-autoreleasing -Wno-strict-prototypes -Wno-semicolon-before-method-body @/Users/jasonlee/Library/Developer/Xcode/DerivedData/Notch-ddzsfiyxyoauidejndllmosklbkq/Build/Intermediates.noindex/PostHog.build/Release/phlibwebp.build/Objects-normal/arm64/7187679823f38a2a940e0043cdf9d637-common-args.resp -MMD -MT dependencies -MF /Users/jasonlee/Library/Developer/Xcode/DerivedData/Notch-ddzsfiyxyoauidejndllmosklbkq/Build/Intermediates.noindex/PostHog.build/Release/phlibwebp.build/Objects-normal/arm64/random_utils.d --serialize-diagnostics /Users/jasonlee/Library/Developer/Xcode/DerivedData/Notch-ddzsfiyxyoauidejndllmosklbkq/Build/Intermediates.noindex/PostHog.build/Release/phlibwebp.build/Objects-normal/arm64/random_utils.dia -c /Users/jasonlee/Library/Developer/Xcode/DerivedData/Notch-ddzsfiyxyoauidejndllmosklbkq/SourcePackages/checkouts/posthog-ios/vendor/libwebp/random_utils.c -o /Users/jasonlee/Library/Developer/Xcode/DerivedData/Notch-ddzsfiyxyoauidejndllmosklbkq/Build/Intermediates.noindex/PostHog.build/Release/phlibwebp.build/Objects-normal/arm64/random_utils.o

CompileC /Users/jasonlee/Library/Developer/Xcode/DerivedData/Notch-ddzsfiyxyoauidejndllmosklbkq/Build/Intermediates.noindex/PostHog.build/Release/phlibwebp.build/Objects-normal/arm64/quant_levels_utils.o /Users/jasonlee/Library/Developer/Xcode/DerivedData/Notch-ddzsfiyxyoauidejndllmosklbkq/SourcePackages/checkouts/posthog-ios/vendor/libwebp/quant_levels_utils.c normal arm64 c com.apple.compilers.llvm.clang.1_0.compiler (in target 'phlibwebp' from project 'PostHog')
    cd /Users/jasonlee/Coding/App/Notch/Notch.xcodeproj
    
    Using response file: /Users/jasonlee/Library/Developer/Xcode/DerivedData/Notch-ddzsfiyxyoauidejndllmosklbkq/Build/Intermediates.noindex/PostHog.build/Release/phlibwebp.build/Objects-normal/arm64/7187679823f38a2a940e0043cdf9d637-common-args.resp
    
    /Applications/Xcode.app/Contents/Developer/Toolchains/XcodeDefault.xctoolchain/usr/bin/clang -x c -ivfsstatcache /Users/jasonlee/Library/Developer/Xcode/DerivedData/SDKStatCaches.noindex/macosx26.4-25E251-30f9ca8789b706f8bd3fc906a70d770f.sdkstatcache -target arm64-apple-macos10.15 -fmessage-length\=0 -fdiagnostics-show-note-include-stack -fmacro-backtrace-limit\=0 -fno-color-diagnostics -fmodules-prune-interval\=86400 -fmodules-prune-after\=345600 -fbuild-session-file\=/Users/jasonlee/Library/Developer/Xcode/DerivedData/ModuleCache.noindex/Session.modulevalidation -fmodules-validate-once-per-build-session -Wnon-modular-include-in-framework-module -Werror\=non-modular-include-in-framework-module -Wno-trigraphs -Wno-missing-field-initializers -Wno-missing-prototypes -Wno-return-type -Wno-missing-braces -Wparentheses -Wswitch -Wno-unused-function -Wno-unused-label -Wno-unused-parameter -Wno-unused-variable -Wunused-value -Wno-empty-body -Wno-uninitialized -Wno-unknown-pragmas -w -Wno-shadow -Wno-four-char-constants -Wno-conversion -Wno-constant-conversion -Wno-int-conversion -Wno-bool-conversion -Wno-enum-conversion -Wno-float-conversion -Wno-non-literal-null-conversion -Wno-objc-literal-conversion -Wshorten-64-to-32 -Wpointer-sign -Wno-newline-eof -Wno-implicit-fallthrough -isysroot /Applications/Xcode.app/Contents/Developer/Platforms/MacOSX.platform/Developer/SDKs/MacOSX26.4.sdk -fstrict-aliasing -Wdeprecated-declarations -Wno-sign-conversion -Wno-infinite-recursion -Wno-comma -Wno-block-capture-autoreleasing -Wno-strict-prototypes -Wno-semicolon-before-method-body @/Users/jasonlee/Library/Developer/Xcode/DerivedData/Notch-ddzsfiyxyoauidejndllmosklbkq/Build/Intermediates.noindex/PostHog.build/Release/phlibwebp.build/Objects-normal/arm64/7187679823f38a2a940e0043cdf9d637-common-args.resp -MMD -MT dependencies -MF /Users/jasonlee/Library/Developer/Xcode/DerivedData/Notch-ddzsfiyxyoauidejndllmosklbkq/Build/Intermediates.noindex/PostHog.build/Release/phlibwebp.build/Objects-normal/arm64/quant_levels_utils.d --serialize-diagnostics /Users/jasonlee/Library/Developer/Xcode/DerivedData/Notch-ddzsfiyxyoauidejndllmosklbkq/Build/Intermediates.noindex/PostHog.build/Release/phlibwebp.build/Objects-normal/arm64/quant_levels_utils.dia -c /Users/jasonlee/Library/Developer/Xcode/DerivedData/Notch-ddzsfiyxyoauidejndllmosklbkq/SourcePackages/checkouts/posthog-ios/vendor/libwebp/quant_levels_utils.c -o /Users/jasonlee/Library/Developer/Xcode/DerivedData/Notch-ddzsfiyxyoauidejndllmosklbkq/Build/Intermediates.noindex/PostHog.build/Release/phlibwebp.build/Objects-normal/arm64/quant_levels_utils.o

CompileC /Users/jasonlee/Library/Developer/Xcode/DerivedData/Notch-ddzsfiyxyoauidejndllmosklbkq/Build/Intermediates.noindex/PostHog.build/Release/phlibwebp.build/Objects-normal/arm64/quant_levels_dec_utils.o /Users/jasonlee/Library/Developer/Xcode/DerivedData/Notch-ddzsfiyxyoauidejndllmosklbkq/SourcePackages/checkouts/posthog-ios/vendor/libwebp/quant_levels_dec_utils.c normal arm64 c com.apple.compilers.llvm.clang.1_0.compiler (in target 'phlibwebp' from project 'PostHog')
    cd /Users/jasonlee/Coding/App/Notch/Notch.xcodeproj
    
    Using response file: /Users/jasonlee/Library/Developer/Xcode/DerivedData/Notch-ddzsfiyxyoauidejndllmosklbkq/Build/Intermediates.noindex/PostHog.build/Release/phlibwebp.build/Objects-normal/arm64/7187679823f38a2a940e0043cdf9d637-common-args.resp
    
    /Applications/Xcode.app/Contents/Developer/Toolchains/XcodeDefault.xctoolchain/usr/bin/clang -x c -ivfsstatcache /Users/jasonlee/Library/Developer/Xcode/DerivedData/SDKStatCaches.noindex/macosx26.4-25E251-30f9ca8789b706f8bd3fc906a70d770f.sdkstatcache -target arm64-apple-macos10.15 -fmessage-length\=0 -fdiagnostics-show-note-include-stack -fmacro-backtrace-limit\=0 -fno-color-diagnostics -fmodules-prune-interval\=86400 -fmodules-prune-after\=345600 -fbuild-session-file\=/Users/jasonlee/Library/Developer/Xcode/DerivedData/ModuleCache.noindex/Session.modulevalidation -fmodules-validate-once-per-build-session -Wnon-modular-include-in-framework-module -Werror\=non-modular-include-in-framework-module -Wno-trigraphs -Wno-missing-field-initializers -Wno-missing-prototypes -Wno-return-type -Wno-missing-braces -Wparentheses -Wswitch -Wno-unused-function -Wno-unused-label -Wno-unused-parameter -Wno-unused-variable -Wunused-value -Wno-empty-body -Wno-uninitialized -Wno-unknown-pragmas -w -Wno-shadow -Wno-four-char-constants -Wno-conversion -Wno-constant-conversion -Wno-int-conversion -Wno-bool-conversion -Wno-enum-conversion -Wno-float-conversion -Wno-non-literal-null-conversion -Wno-objc-literal-conversion -Wshorten-64-to-32 -Wpointer-sign -Wno-newline-eof -Wno-implicit-fallthrough -isysroot /Applications/Xcode.app/Contents/Developer/Platforms/MacOSX.platform/Developer/SDKs/MacOSX26.4.sdk -fstrict-aliasing -Wdeprecated-declarations -Wno-sign-conversion -Wno-infinite-recursion -Wno-comma -Wno-block-capture-autoreleasing -Wno-strict-prototypes -Wno-semicolon-before-method-body @/Users/jasonlee/Library/Developer/Xcode/DerivedData/Notch-ddzsfiyxyoauidejndllmosklbkq/Build/Intermediates.noindex/PostHog.build/Release/phlibwebp.build/Objects-normal/arm64/7187679823f38a2a940e0043cdf9d637-common-args.resp -MMD -MT dependencies -MF /Users/jasonlee/Library/Developer/Xcode/DerivedData/Notch-ddzsfiyxyoauidejndllmosklbkq/Build/Intermediates.noindex/PostHog.build/Release/phlibwebp.build/Objects-normal/arm64/quant_levels_dec_utils.d --serialize-diagnostics /Users/jasonlee/Library/Developer/Xcode/DerivedData/Notch-ddzsfiyxyoauidejndllmosklbkq/Build/Intermediates.noindex/PostHog.build/Release/phlibwebp.build/Objects-normal/arm64/quant_levels_dec_utils.dia -c /Users/jasonlee/Library/Developer/Xcode/DerivedData/Notch-ddzsfiyxyoauidejndllmosklbkq/SourcePackages/checkouts/posthog-ios/vendor/libwebp/quant_levels_dec_utils.c -o /Users/jasonlee/Library/Developer/Xcode/DerivedData/Notch-ddzsfiyxyoauidejndllmosklbkq/Build/Intermediates.noindex/PostHog.build/Release/phlibwebp.build/Objects-normal/arm64/quant_levels_dec_utils.o

CompileC /Users/jasonlee/Library/Developer/Xcode/DerivedData/Notch-ddzsfiyxyoauidejndllmosklbkq/Build/Intermediates.noindex/PostHog.build/Release/phlibwebp.build/Objects-normal/arm64/quant_enc.o /Users/jasonlee/Library/Developer/Xcode/DerivedData/Notch-ddzsfiyxyoauidejndllmosklbkq/SourcePackages/checkouts/posthog-ios/vendor/libwebp/quant_enc.c normal arm64 c com.apple.compilers.llvm.clang.1_0.compiler (in target 'phlibwebp' from project 'PostHog')
    cd /Users/jasonlee/Coding/App/Notch/Notch.xcodeproj
    
    Using response file: /Users/jasonlee/Library/Developer/Xcode/DerivedData/Notch-ddzsfiyxyoauidejndllmosklbkq/Build/Intermediates.noindex/PostHog.build/Release/phlibwebp.build/Objects-normal/arm64/7187679823f38a2a940e0043cdf9d637-common-args.resp
    
    /Applications/Xcode.app/Contents/Developer/Toolchains/XcodeDefault.xctoolchain/usr/bin/clang -x c -ivfsstatcache /Users/jasonlee/Library/Developer/Xcode/DerivedData/SDKStatCaches.noindex/macosx26.4-25E251-30f9ca8789b706f8bd3fc906a70d770f.sdkstatcache -target arm64-apple-macos10.15 -fmessage-length\=0 -fdiagnostics-show-note-include-stack -fmacro-backtrace-limit\=0 -fno-color-diagnostics -fmodules-prune-interval\=86400 -fmodules-prune-after\=345600 -fbuild-session-file\=/Users/jasonlee/Library/Developer/Xcode/DerivedData/ModuleCache.noindex/Session.modulevalidation -fmodules-validate-once-per-build-session -Wnon-modular-include-in-framework-module -Werror\=non-modular-include-in-framework-module -Wno-trigraphs -Wno-missing-field-initializers -Wno-missing-prototypes -Wno-return-type -Wno-missing-braces -Wparentheses -Wswitch -Wno-unused-function -Wno-unused-label -Wno-unused-parameter -Wno-unused-variable -Wunused-value -Wno-empty-body -Wno-uninitialized -Wno-unknown-pragmas -w -Wno-shadow -Wno-four-char-constants -Wno-conversion -Wno-constant-conversion -Wno-int-conversion -Wno-bool-conversion -Wno-enum-conversion -Wno-float-conversion -Wno-non-literal-null-conversion -Wno-objc-literal-conversion -Wshorten-64-to-32 -Wpointer-sign -Wno-newline-eof -Wno-implicit-fallthrough -isysroot /Applications/Xcode.app/Contents/Developer/Platforms/MacOSX.platform/Developer/SDKs/MacOSX26.4.sdk -fstrict-aliasing -Wdeprecated-declarations -Wno-sign-conversion -Wno-infinite-recursion -Wno-comma -Wno-block-capture-autoreleasing -Wno-strict-prototypes -Wno-semicolon-before-method-body @/Users/jasonlee/Library/Developer/Xcode/DerivedData/Notch-ddzsfiyxyoauidejndllmosklbkq/Build/Intermediates.noindex/PostHog.build/Release/phlibwebp.build/Objects-normal/arm64/7187679823f38a2a940e0043cdf9d637-common-args.resp -MMD -MT dependencies -MF /Users/jasonlee/Library/Developer/Xcode/DerivedData/Notch-ddzsfiyxyoauidejndllmosklbkq/Build/Intermediates.noindex/PostHog.build/Release/phlibwebp.build/Objects-normal/arm64/quant_enc.d --serialize-diagnostics /Users/jasonlee/Library/Developer/Xcode/DerivedData/Notch-ddzsfiyxyoauidejndllmosklbkq/Build/Intermediates.noindex/PostHog.build/Release/phlibwebp.build/Objects-normal/arm64/quant_enc.dia -c /Users/jasonlee/Library/Developer/Xcode/DerivedData/Notch-ddzsfiyxyoauidejndllmosklbkq/SourcePackages/checkouts/posthog-ios/vendor/libwebp/quant_enc.c -o /Users/jasonlee/Library/Developer/Xcode/DerivedData/Notch-ddzsfiyxyoauidejndllmosklbkq/Build/Intermediates.noindex/PostHog.build/Release/phlibwebp.build/Objects-normal/arm64/quant_enc.o

CompileC /Users/jasonlee/Library/Developer/Xcode/DerivedData/Notch-ddzsfiyxyoauidejndllmosklbkq/Build/Intermediates.noindex/PostHog.build/Release/phlibwebp.build/Objects-normal/arm64/predictor_enc.o /Users/jasonlee/Library/Developer/Xcode/DerivedData/Notch-ddzsfiyxyoauidejndllmosklbkq/SourcePackages/checkouts/posthog-ios/vendor/libwebp/predictor_enc.c normal arm64 c com.apple.compilers.llvm.clang.1_0.compiler (in target 'phlibwebp' from project 'PostHog')
    cd /Users/jasonlee/Coding/App/Notch/Notch.xcodeproj
    
    Using response file: /Users/jasonlee/Library/Developer/Xcode/DerivedData/Notch-ddzsfiyxyoauidejndllmosklbkq/Build/Intermediates.noindex/PostHog.build/Release/phlibwebp.build/Objects-normal/arm64/7187679823f38a2a940e0043cdf9d637-common-args.resp
    
    /Applications/Xcode.app/Contents/Developer/Toolchains/XcodeDefault.xctoolchain/usr/bin/clang -x c -ivfsstatcache /Users/jasonlee/Library/Developer/Xcode/DerivedData/SDKStatCaches.noindex/macosx26.4-25E251-30f9ca8789b706f8bd3fc906a70d770f.sdkstatcache -target arm64-apple-macos10.15 -fmessage-length\=0 -fdiagnostics-show-note-include-stack -fmacro-backtrace-limit\=0 -fno-color-diagnostics -fmodules-prune-interval\=86400 -fmodules-prune-after\=345600 -fbuild-session-file\=/Users/jasonlee/Library/Developer/Xcode/DerivedData/ModuleCache.noindex/Session.modulevalidation -fmodules-validate-once-per-build-session -Wnon-modular-include-in-framework-module -Werror\=non-modular-include-in-framework-module -Wno-trigraphs -Wno-missing-field-initializers -Wno-missing-prototypes -Wno-return-type -Wno-missing-braces -Wparentheses -Wswitch -Wno-unused-function -Wno-unused-label -Wno-unused-parameter -Wno-unused-variable -Wunused-value -Wno-empty-body -Wno-uninitialized -Wno-unknown-pragmas -w -Wno-shadow -Wno-four-char-constants -Wno-conversion -Wno-constant-conversion -Wno-int-conversion -Wno-bool-conversion -Wno-enum-conversion -Wno-float-conversion -Wno-non-literal-null-conversion -Wno-objc-literal-conversion -Wshorten-64-to-32 -Wpointer-sign -Wno-newline-eof -Wno-implicit-fallthrough -isysroot /Applications/Xcode.app/Contents/Developer/Platforms/MacOSX.platform/Developer/SDKs/MacOSX26.4.sdk -fstrict-aliasing -Wdeprecated-declarations -Wno-sign-conversion -Wno-infinite-recursion -Wno-comma -Wno-block-capture-autoreleasing -Wno-strict-prototypes -Wno-semicolon-before-method-body @/Users/jasonlee/Library/Developer/Xcode/DerivedData/Notch-ddzsfiyxyoauidejndllmosklbkq/Build/Intermediates.noindex/PostHog.build/Release/phlibwebp.build/Objects-normal/arm64/7187679823f38a2a940e0043cdf9d637-common-args.resp -MMD -MT dependencies -MF /Users/jasonlee/Library/Developer/Xcode/DerivedData/Notch-ddzsfiyxyoauidejndllmosklbkq/Build/Intermediates.noindex/PostHog.build/Release/phlibwebp.build/Objects-normal/arm64/predictor_enc.d --serialize-diagnostics /Users/jasonlee/Library/Developer/Xcode/DerivedData/Notch-ddzsfiyxyoauidejndllmosklbkq/Build/Intermediates.noindex/PostHog.build/Release/phlibwebp.build/Objects-normal/arm64/predictor_enc.dia -c /Users/jasonlee/Library/Developer/Xcode/DerivedData/Notch-ddzsfiyxyoauidejndllmosklbkq/SourcePackages/checkouts/posthog-ios/vendor/libwebp/predictor_enc.c -o /Users/jasonlee/Library/Developer/Xcode/DerivedData/Notch-ddzsfiyxyoauidejndllmosklbkq/Build/Intermediates.noindex/PostHog.build/Release/phlibwebp.build/Objects-normal/arm64/predictor_enc.o

CompileC /Users/jasonlee/Library/Developer/Xcode/DerivedData/Notch-ddzsfiyxyoauidejndllmosklbkq/Build/Intermediates.noindex/PostHog.build/Release/phlibwebp.build/Objects-normal/arm64/picture_tools_enc.o /Users/jasonlee/Library/Developer/Xcode/DerivedData/Notch-ddzsfiyxyoauidejndllmosklbkq/SourcePackages/checkouts/posthog-ios/vendor/libwebp/picture_tools_enc.c normal arm64 c com.apple.compilers.llvm.clang.1_0.compiler (in target 'phlibwebp' from project 'PostHog')
    cd /Users/jasonlee/Coding/App/Notch/Notch.xcodeproj
    
    Using response file: /Users/jasonlee/Library/Developer/Xcode/DerivedData/Notch-ddzsfiyxyoauidejndllmosklbkq/Build/Intermediates.noindex/PostHog.build/Release/phlibwebp.build/Objects-normal/arm64/7187679823f38a2a940e0043cdf9d637-common-args.resp
    
    /Applications/Xcode.app/Contents/Developer/Toolchains/XcodeDefault.xctoolchain/usr/bin/clang -x c -ivfsstatcache /Users/jasonlee/Library/Developer/Xcode/DerivedData/SDKStatCaches.noindex/macosx26.4-25E251-30f9ca8789b706f8bd3fc906a70d770f.sdkstatcache -target arm64-apple-macos10.15 -fmessage-length\=0 -fdiagnostics-show-note-include-stack -fmacro-backtrace-limit\=0 -fno-color-diagnostics -fmodules-prune-interval\=86400 -fmodules-prune-after\=345600 -fbuild-session-file\=/Users/jasonlee/Library/Developer/Xcode/DerivedData/ModuleCache.noindex/Session.modulevalidation -fmodules-validate-once-per-build-session -Wnon-modular-include-in-framework-module -Werror\=non-modular-include-in-framework-module -Wno-trigraphs -Wno-missing-field-initializers -Wno-missing-prototypes -Wno-return-type -Wno-missing-braces -Wparentheses -Wswitch -Wno-unused-function -Wno-unused-label -Wno-unused-parameter -Wno-unused-variable -Wunused-value -Wno-empty-body -Wno-uninitialized -Wno-unknown-pragmas -w -Wno-shadow -Wno-four-char-constants -Wno-conversion -Wno-constant-conversion -Wno-int-conversion -Wno-bool-conversion -Wno-enum-conversion -Wno-float-conversion -Wno-non-literal-null-conversion -Wno-objc-literal-conversion -Wshorten-64-to-32 -Wpointer-sign -Wno-newline-eof -Wno-implicit-fallthrough -isysroot /Applications/Xcode.app/Contents/Developer/Platforms/MacOSX.platform/Developer/SDKs/MacOSX26.4.sdk -fstrict-aliasing -Wdeprecated-declarations -Wno-sign-conversion -Wno-infinite-recursion -Wno-comma -Wno-block-capture-autoreleasing -Wno-strict-prototypes -Wno-semicolon-before-method-body @/Users/jasonlee/Library/Developer/Xcode/DerivedData/Notch-ddzsfiyxyoauidejndllmosklbkq/Build/Intermediates.noindex/PostHog.build/Release/phlibwebp.build/Objects-normal/arm64/7187679823f38a2a940e0043cdf9d637-common-args.resp -MMD -MT dependencies -MF /Users/jasonlee/Library/Developer/Xcode/DerivedData/Notch-ddzsfiyxyoauidejndllmosklbkq/Build/Intermediates.noindex/PostHog.build/Release/phlibwebp.build/Objects-normal/arm64/picture_tools_enc.d --serialize-diagnostics /Users/jasonlee/Library/Developer/Xcode/DerivedData/Notch-ddzsfiyxyoauidejndllmosklbkq/Build/Intermediates.noindex/PostHog.build/Release/phlibwebp.build/Objects-normal/arm64/picture_tools_enc.dia -c /Users/jasonlee/Library/Developer/Xcode/DerivedData/Notch-ddzsfiyxyoauidejndllmosklbkq/SourcePackages/checkouts/posthog-ios/vendor/libwebp/picture_tools_enc.c -o /Users/jasonlee/Library/Developer/Xcode/DerivedData/Notch-ddzsfiyxyoauidejndllmosklbkq/Build/Intermediates.noindex/PostHog.build/Release/phlibwebp.build/Objects-normal/arm64/picture_tools_enc.o

CompileC /Users/jasonlee/Library/Developer/Xcode/DerivedData/Notch-ddzsfiyxyoauidejndllmosklbkq/Build/Intermediates.noindex/PostHog.build/Release/phlibwebp.build/Objects-normal/arm64/picture_rescale_enc.o /Users/jasonlee/Library/Developer/Xcode/DerivedData/Notch-ddzsfiyxyoauidejndllmosklbkq/SourcePackages/checkouts/posthog-ios/vendor/libwebp/picture_rescale_enc.c normal arm64 c com.apple.compilers.llvm.clang.1_0.compiler (in target 'phlibwebp' from project 'PostHog')
    cd /Users/jasonlee/Coding/App/Notch/Notch.xcodeproj
    
    Using response file: /Users/jasonlee/Library/Developer/Xcode/DerivedData/Notch-ddzsfiyxyoauidejndllmosklbkq/Build/Intermediates.noindex/PostHog.build/Release/phlibwebp.build/Objects-normal/arm64/7187679823f38a2a940e0043cdf9d637-common-args.resp
    
    /Applications/Xcode.app/Contents/Developer/Toolchains/XcodeDefault.xctoolchain/usr/bin/clang -x c -ivfsstatcache /Users/jasonlee/Library/Developer/Xcode/DerivedData/SDKStatCaches.noindex/macosx26.4-25E251-30f9ca8789b706f8bd3fc906a70d770f.sdkstatcache -target arm64-apple-macos10.15 -fmessage-length\=0 -fdiagnostics-show-note-include-stack -fmacro-backtrace-limit\=0 -fno-color-diagnostics -fmodules-prune-interval\=86400 -fmodules-prune-after\=345600 -fbuild-session-file\=/Users/jasonlee/Library/Developer/Xcode/DerivedData/ModuleCache.noindex/Session.modulevalidation -fmodules-validate-once-per-build-session -Wnon-modular-include-in-framework-module -Werror\=non-modular-include-in-framework-module -Wno-trigraphs -Wno-missing-field-initializers -Wno-missing-prototypes -Wno-return-type -Wno-missing-braces -Wparentheses -Wswitch -Wno-unused-function -Wno-unused-label -Wno-unused-parameter -Wno-unused-variable -Wunused-value -Wno-empty-body -Wno-uninitialized -Wno-unknown-pragmas -w -Wno-shadow -Wno-four-char-constants -Wno-conversion -Wno-constant-conversion -Wno-int-conversion -Wno-bool-conversion -Wno-enum-conversion -Wno-float-conversion -Wno-non-literal-null-conversion -Wno-objc-literal-conversion -Wshorten-64-to-32 -Wpointer-sign -Wno-newline-eof -Wno-implicit-fallthrough -isysroot /Applications/Xcode.app/Contents/Developer/Platforms/MacOSX.platform/Developer/SDKs/MacOSX26.4.sdk -fstrict-aliasing -Wdeprecated-declarations -Wno-sign-conversion -Wno-infinite-recursion -Wno-comma -Wno-block-capture-autoreleasing -Wno-strict-prototypes -Wno-semicolon-before-method-body @/Users/jasonlee/Library/Developer/Xcode/DerivedData/Notch-ddzsfiyxyoauidejndllmosklbkq/Build/Intermediates.noindex/PostHog.build/Release/phlibwebp.build/Objects-normal/arm64/7187679823f38a2a940e0043cdf9d637-common-args.resp -MMD -MT dependencies -MF /Users/jasonlee/Library/Developer/Xcode/DerivedData/Notch-ddzsfiyxyoauidejndllmosklbkq/Build/Intermediates.noindex/PostHog.build/Release/phlibwebp.build/Objects-normal/arm64/picture_rescale_enc.d --serialize-diagnostics /Users/jasonlee/Library/Developer/Xcode/DerivedData/Notch-ddzsfiyxyoauidejndllmosklbkq/Build/Intermediates.noindex/PostHog.build/Release/phlibwebp.build/Objects-normal/arm64/picture_rescale_enc.dia -c /Users/jasonlee/Library/Developer/Xcode/DerivedData/Notch-ddzsfiyxyoauidejndllmosklbkq/SourcePackages/checkouts/posthog-ios/vendor/libwebp/picture_rescale_enc.c -o /Users/jasonlee/Library/Developer/Xcode/DerivedData/Notch-ddzsfiyxyoauidejndllmosklbkq/Build/Intermediates.noindex/PostHog.build/Release/phlibwebp.build/Objects-normal/arm64/picture_rescale_enc.o

CompileC /Users/jasonlee/Library/Developer/Xcode/DerivedData/Notch-ddzsfiyxyoauidejndllmosklbkq/Build/Intermediates.noindex/PostHog.build/Release/phlibwebp.build/Objects-normal/arm64/picture_psnr_enc.o /Users/jasonlee/Library/Developer/Xcode/DerivedData/Notch-ddzsfiyxyoauidejndllmosklbkq/SourcePackages/checkouts/posthog-ios/vendor/libwebp/picture_psnr_enc.c normal arm64 c com.apple.compilers.llvm.clang.1_0.compiler (in target 'phlibwebp' from project 'PostHog')
    cd /Users/jasonlee/Coding/App/Notch/Notch.xcodeproj
    
    Using response file: /Users/jasonlee/Library/Developer/Xcode/DerivedData/Notch-ddzsfiyxyoauidejndllmosklbkq/Build/Intermediates.noindex/PostHog.build/Release/phlibwebp.build/Objects-normal/arm64/7187679823f38a2a940e0043cdf9d637-common-args.resp
    
    /Applications/Xcode.app/Contents/Developer/Toolchains/XcodeDefault.xctoolchain/usr/bin/clang -x c -ivfsstatcache /Users/jasonlee/Library/Developer/Xcode/DerivedData/SDKStatCaches.noindex/macosx26.4-25E251-30f9ca8789b706f8bd3fc906a70d770f.sdkstatcache -target arm64-apple-macos10.15 -fmessage-length\=0 -fdiagnostics-show-note-include-stack -fmacro-backtrace-limit\=0 -fno-color-diagnostics -fmodules-prune-interval\=86400 -fmodules-prune-after\=345600 -fbuild-session-file\=/Users/jasonlee/Library/Developer/Xcode/DerivedData/ModuleCache.noindex/Session.modulevalidation -fmodules-validate-once-per-build-session -Wnon-modular-include-in-framework-module -Werror\=non-modular-include-in-framework-module -Wno-trigraphs -Wno-missing-field-initializers -Wno-missing-prototypes -Wno-return-type -Wno-missing-braces -Wparentheses -Wswitch -Wno-unused-function -Wno-unused-label -Wno-unused-parameter -Wno-unused-variable -Wunused-value -Wno-empty-body -Wno-uninitialized -Wno-unknown-pragmas -w -Wno-shadow -Wno-four-char-constants -Wno-conversion -Wno-constant-conversion -Wno-int-conversion -Wno-bool-conversion -Wno-enum-conversion -Wno-float-conversion -Wno-non-literal-null-conversion -Wno-objc-literal-conversion -Wshorten-64-to-32 -Wpointer-sign -Wno-newline-eof -Wno-implicit-fallthrough -isysroot /Applications/Xcode.app/Contents/Developer/Platforms/MacOSX.platform/Developer/SDKs/MacOSX26.4.sdk -fstrict-aliasing -Wdeprecated-declarations -Wno-sign-conversion -Wno-infinite-recursion -Wno-comma -Wno-block-capture-autoreleasing -Wno-strict-prototypes -Wno-semicolon-before-method-body @/Users/jasonlee/Library/Developer/Xcode/DerivedData/Notch-ddzsfiyxyoauidejndllmosklbkq/Build/Intermediates.noindex/PostHog.build/Release/phlibwebp.build/Objects-normal/arm64/7187679823f38a2a940e0043cdf9d637-common-args.resp -MMD -MT dependencies -MF /Users/jasonlee/Library/Developer/Xcode/DerivedData/Notch-ddzsfiyxyoauidejndllmosklbkq/Build/Intermediates.noindex/PostHog.build/Release/phlibwebp.build/Objects-normal/arm64/picture_psnr_enc.d --serialize-diagnostics /Users/jasonlee/Library/Developer/Xcode/DerivedData/Notch-ddzsfiyxyoauidejndllmosklbkq/Build/Intermediates.noindex/PostHog.build/Release/phlibwebp.build/Objects-normal/arm64/picture_psnr_enc.dia -c /Users/jasonlee/Library/Developer/Xcode/DerivedData/Notch-ddzsfiyxyoauidejndllmosklbkq/SourcePackages/checkouts/posthog-ios/vendor/libwebp/picture_psnr_enc.c -o /Users/jasonlee/Library/Developer/Xcode/DerivedData/Notch-ddzsfiyxyoauidejndllmosklbkq/Build/Intermediates.noindex/PostHog.build/Release/phlibwebp.build/Objects-normal/arm64/picture_psnr_enc.o

CompileC /Users/jasonlee/Library/Developer/Xcode/DerivedData/Notch-ddzsfiyxyoauidejndllmosklbkq/Build/Intermediates.noindex/PostHog.build/Release/phlibwebp.build/Objects-normal/arm64/picture_enc.o /Users/jasonlee/Library/Developer/Xcode/DerivedData/Notch-ddzsfiyxyoauidejndllmosklbkq/SourcePackages/checkouts/posthog-ios/vendor/libwebp/picture_enc.c normal arm64 c com.apple.compilers.llvm.clang.1_0.compiler (in target 'phlibwebp' from project 'PostHog')
    cd /Users/jasonlee/Coding/App/Notch/Notch.xcodeproj
    
    Using response file: /Users/jasonlee/Library/Developer/Xcode/DerivedData/Notch-ddzsfiyxyoauidejndllmosklbkq/Build/Intermediates.noindex/PostHog.build/Release/phlibwebp.build/Objects-normal/arm64/7187679823f38a2a940e0043cdf9d637-common-args.resp
    
    /Applications/Xcode.app/Contents/Developer/Toolchains/XcodeDefault.xctoolchain/usr/bin/clang -x c -ivfsstatcache /Users/jasonlee/Library/Developer/Xcode/DerivedData/SDKStatCaches.noindex/macosx26.4-25E251-30f9ca8789b706f8bd3fc906a70d770f.sdkstatcache -target arm64-apple-macos10.15 -fmessage-length\=0 -fdiagnostics-show-note-include-stack -fmacro-backtrace-limit\=0 -fno-color-diagnostics -fmodules-prune-interval\=86400 -fmodules-prune-after\=345600 -fbuild-session-file\=/Users/jasonlee/Library/Developer/Xcode/DerivedData/ModuleCache.noindex/Session.modulevalidation -fmodules-validate-once-per-build-session -Wnon-modular-include-in-framework-module -Werror\=non-modular-include-in-framework-module -Wno-trigraphs -Wno-missing-field-initializers -Wno-missing-prototypes -Wno-return-type -Wno-missing-braces -Wparentheses -Wswitch -Wno-unused-function -Wno-unused-label -Wno-unused-parameter -Wno-unused-variable -Wunused-value -Wno-empty-body -Wno-uninitialized -Wno-unknown-pragmas -w -Wno-shadow -Wno-four-char-constants -Wno-conversion -Wno-constant-conversion -Wno-int-conversion -Wno-bool-conversion -Wno-enum-conversion -Wno-float-conversion -Wno-non-literal-null-conversion -Wno-objc-literal-conversion -Wshorten-64-to-32 -Wpointer-sign -Wno-newline-eof -Wno-implicit-fallthrough -isysroot /Applications/Xcode.app/Contents/Developer/Platforms/MacOSX.platform/Developer/SDKs/MacOSX26.4.sdk -fstrict-aliasing -Wdeprecated-declarations -Wno-sign-conversion -Wno-infinite-recursion -Wno-comma -Wno-block-capture-autoreleasing -Wno-strict-prototypes -Wno-semicolon-before-method-body @/Users/jasonlee/Library/Developer/Xcode/DerivedData/Notch-ddzsfiyxyoauidejndllmosklbkq/Build/Intermediates.noindex/PostHog.build/Release/phlibwebp.build/Objects-normal/arm64/7187679823f38a2a940e0043cdf9d637-common-args.resp -MMD -MT dependencies -MF /Users/jasonlee/Library/Developer/Xcode/DerivedData/Notch-ddzsfiyxyoauidejndllmosklbkq/Build/Intermediates.noindex/PostHog.build/Release/phlibwebp.build/Objects-normal/arm64/picture_enc.d --serialize-diagnostics /Users/jasonlee/Library/Developer/Xcode/DerivedData/Notch-ddzsfiyxyoauidejndllmosklbkq/Build/Intermediates.noindex/PostHog.build/Release/phlibwebp.build/Objects-normal/arm64/picture_enc.dia -c /Users/jasonlee/Library/Developer/Xcode/DerivedData/Notch-ddzsfiyxyoauidejndllmosklbkq/SourcePackages/checkouts/posthog-ios/vendor/libwebp/picture_enc.c -o /Users/jasonlee/Library/Developer/Xcode/DerivedData/Notch-ddzsfiyxyoauidejndllmosklbkq/Build/Intermediates.noindex/PostHog.build/Release/phlibwebp.build/Objects-normal/arm64/picture_enc.o

CompileC /Users/jasonlee/Library/Developer/Xcode/DerivedData/Notch-ddzsfiyxyoauidejndllmosklbkq/Build/Intermediates.noindex/PostHog.build/Release/phlibwebp.build/Objects-normal/arm64/picture_csp_enc.o /Users/jasonlee/Library/Developer/Xcode/DerivedData/Notch-ddzsfiyxyoauidejndllmosklbkq/SourcePackages/checkouts/posthog-ios/vendor/libwebp/picture_csp_enc.c normal arm64 c com.apple.compilers.llvm.clang.1_0.compiler (in target 'phlibwebp' from project 'PostHog')
    cd /Users/jasonlee/Coding/App/Notch/Notch.xcodeproj
    
    Using response file: /Users/jasonlee/Library/Developer/Xcode/DerivedData/Notch-ddzsfiyxyoauidejndllmosklbkq/Build/Intermediates.noindex/PostHog.build/Release/phlibwebp.build/Objects-normal/arm64/7187679823f38a2a940e0043cdf9d637-common-args.resp
    
    /Applications/Xcode.app/Contents/Developer/Toolchains/XcodeDefault.xctoolchain/usr/bin/clang -x c -ivfsstatcache /Users/jasonlee/Library/Developer/Xcode/DerivedData/SDKStatCaches.noindex/macosx26.4-25E251-30f9ca8789b706f8bd3fc906a70d770f.sdkstatcache -target arm64-apple-macos10.15 -fmessage-length\=0 -fdiagnostics-show-note-include-stack -fmacro-backtrace-limit\=0 -fno-color-diagnostics -fmodules-prune-interval\=86400 -fmodules-prune-after\=345600 -fbuild-session-file\=/Users/jasonlee/Library/Developer/Xcode/DerivedData/ModuleCache.noindex/Session.modulevalidation -fmodules-validate-once-per-build-session -Wnon-modular-include-in-framework-module -Werror\=non-modular-include-in-framework-module -Wno-trigraphs -Wno-missing-field-initializers -Wno-missing-prototypes -Wno-return-type -Wno-missing-braces -Wparentheses -Wswitch -Wno-unused-function -Wno-unused-label -Wno-unused-parameter -Wno-unused-variable -Wunused-value -Wno-empty-body -Wno-uninitialized -Wno-unknown-pragmas -w -Wno-shadow -Wno-four-char-constants -Wno-conversion -Wno-constant-conversion -Wno-int-conversion -Wno-bool-conversion -Wno-enum-conversion -Wno-float-conversion -Wno-non-literal-null-conversion -Wno-objc-literal-conversion -Wshorten-64-to-32 -Wpointer-sign -Wno-newline-eof -Wno-implicit-fallthrough -isysroot /Applications/Xcode.app/Contents/Developer/Platforms/MacOSX.platform/Developer/SDKs/MacOSX26.4.sdk -fstrict-aliasing -Wdeprecated-declarations -Wno-sign-conversion -Wno-infinite-recursion -Wno-comma -Wno-block-capture-autoreleasing -Wno-strict-prototypes -Wno-semicolon-before-method-body @/Users/jasonlee/Library/Developer/Xcode/DerivedData/Notch-ddzsfiyxyoauidejndllmosklbkq/Build/Intermediates.noindex/PostHog.build/Release/phlibwebp.build/Objects-normal/arm64/7187679823f38a2a940e0043cdf9d637-common-args.resp -MMD -MT dependencies -MF /Users/jasonlee/Library/Developer/Xcode/DerivedData/Notch-ddzsfiyxyoauidejndllmosklbkq/Build/Intermediates.noindex/PostHog.build/Release/phlibwebp.build/Objects-normal/arm64/picture_csp_enc.d --serialize-diagnostics /Users/jasonlee/Library/Developer/Xcode/DerivedData/Notch-ddzsfiyxyoauidejndllmosklbkq/Build/Intermediates.noindex/PostHog.build/Release/phlibwebp.build/Objects-normal/arm64/picture_csp_enc.dia -c /Users/jasonlee/Library/Developer/Xcode/DerivedData/Notch-ddzsfiyxyoauidejndllmosklbkq/SourcePackages/checkouts/posthog-ios/vendor/libwebp/picture_csp_enc.c -o /Users/jasonlee/Library/Developer/Xcode/DerivedData/Notch-ddzsfiyxyoauidejndllmosklbkq/Build/Intermediates.noindex/PostHog.build/Release/phlibwebp.build/Objects-normal/arm64/picture_csp_enc.o

CompileC /Users/jasonlee/Library/Developer/Xcode/DerivedData/Notch-ddzsfiyxyoauidejndllmosklbkq/Build/Intermediates.noindex/PostHog.build/Release/phlibwebp.build/Objects-normal/arm64/palette.o /Users/jasonlee/Library/Developer/Xcode/DerivedData/Notch-ddzsfiyxyoauidejndllmosklbkq/SourcePackages/checkouts/posthog-ios/vendor/libwebp/palette.c normal arm64 c com.apple.compilers.llvm.clang.1_0.compiler (in target 'phlibwebp' from project 'PostHog')
    cd /Users/jasonlee/Coding/App/Notch/Notch.xcodeproj
    
    Using response file: /Users/jasonlee/Library/Developer/Xcode/DerivedData/Notch-ddzsfiyxyoauidejndllmosklbkq/Build/Intermediates.noindex/PostHog.build/Release/phlibwebp.build/Objects-normal/arm64/7187679823f38a2a940e0043cdf9d637-common-args.resp
    
    /Applications/Xcode.app/Contents/Developer/Toolchains/XcodeDefault.xctoolchain/usr/bin/clang -x c -ivfsstatcache /Users/jasonlee/Library/Developer/Xcode/DerivedData/SDKStatCaches.noindex/macosx26.4-25E251-30f9ca8789b706f8bd3fc906a70d770f.sdkstatcache -target arm64-apple-macos10.15 -fmessage-length\=0 -fdiagnostics-show-note-include-stack -fmacro-backtrace-limit\=0 -fno-color-diagnostics -fmodules-prune-interval\=86400 -fmodules-prune-after\=345600 -fbuild-session-file\=/Users/jasonlee/Library/Developer/Xcode/DerivedData/ModuleCache.noindex/Session.modulevalidation -fmodules-validate-once-per-build-session -Wnon-modular-include-in-framework-module -Werror\=non-modular-include-in-framework-module -Wno-trigraphs -Wno-missing-field-initializers -Wno-missing-prototypes -Wno-return-type -Wno-missing-braces -Wparentheses -Wswitch -Wno-unused-function -Wno-unused-label -Wno-unused-parameter -Wno-unused-variable -Wunused-value -Wno-empty-body -Wno-uninitialized -Wno-unknown-pragmas -w -Wno-shadow -Wno-four-char-constants -Wno-conversion -Wno-constant-conversion -Wno-int-conversion -Wno-bool-conversion -Wno-enum-conversion -Wno-float-conversion -Wno-non-literal-null-conversion -Wno-objc-literal-conversion -Wshorten-64-to-32 -Wpointer-sign -Wno-newline-eof -Wno-implicit-fallthrough -isysroot /Applications/Xcode.app/Contents/Developer/Platforms/MacOSX.platform/Developer/SDKs/MacOSX26.4.sdk -fstrict-aliasing -Wdeprecated-declarations -Wno-sign-conversion -Wno-infinite-recursion -Wno-comma -Wno-block-capture-autoreleasing -Wno-strict-prototypes -Wno-semicolon-before-method-body @/Users/jasonlee/Library/Developer/Xcode/DerivedData/Notch-ddzsfiyxyoauidejndllmosklbkq/Build/Intermediates.noindex/PostHog.build/Release/phlibwebp.build/Objects-normal/arm64/7187679823f38a2a940e0043cdf9d637-common-args.resp -MMD -MT dependencies -MF /Users/jasonlee/Library/Developer/Xcode/DerivedData/Notch-ddzsfiyxyoauidejndllmosklbkq/Build/Intermediates.noindex/PostHog.build/Release/phlibwebp.build/Objects-normal/arm64/palette.d --serialize-diagnostics /Users/jasonlee/Library/Developer/Xcode/DerivedData/Notch-ddzsfiyxyoauidejndllmosklbkq/Build/Intermediates.noindex/PostHog.build/Release/phlibwebp.build/Objects-normal/arm64/palette.dia -c /Users/jasonlee/Library/Developer/Xcode/DerivedData/Notch-ddzsfiyxyoauidejndllmosklbkq/SourcePackages/checkouts/posthog-ios/vendor/libwebp/palette.c -o /Users/jasonlee/Library/Developer/Xcode/DerivedData/Notch-ddzsfiyxyoauidejndllmosklbkq/Build/Intermediates.noindex/PostHog.build/Release/phlibwebp.build/Objects-normal/arm64/palette.o

CompileC /Users/jasonlee/Library/Developer/Xcode/DerivedData/Notch-ddzsfiyxyoauidejndllmosklbkq/Build/Intermediates.noindex/PostHog.build/Release/phlibwebp.build/Objects-normal/arm64/near_lossless_enc.o /Users/jasonlee/Library/Developer/Xcode/DerivedData/Notch-ddzsfiyxyoauidejndllmosklbkq/SourcePackages/checkouts/posthog-ios/vendor/libwebp/near_lossless_enc.c normal arm64 c com.apple.compilers.llvm.clang.1_0.compiler (in target 'phlibwebp' from project 'PostHog')
    cd /Users/jasonlee/Coding/App/Notch/Notch.xcodeproj
    
    Using response file: /Users/jasonlee/Library/Developer/Xcode/DerivedData/Notch-ddzsfiyxyoauidejndllmosklbkq/Build/Intermediates.noindex/PostHog.build/Release/phlibwebp.build/Objects-normal/arm64/7187679823f38a2a940e0043cdf9d637-common-args.resp
    
    /Applications/Xcode.app/Contents/Developer/Toolchains/XcodeDefault.xctoolchain/usr/bin/clang -x c -ivfsstatcache /Users/jasonlee/Library/Developer/Xcode/DerivedData/SDKStatCaches.noindex/macosx26.4-25E251-30f9ca8789b706f8bd3fc906a70d770f.sdkstatcache -target arm64-apple-macos10.15 -fmessage-length\=0 -fdiagnostics-show-note-include-stack -fmacro-backtrace-limit\=0 -fno-color-diagnostics -fmodules-prune-interval\=86400 -fmodules-prune-after\=345600 -fbuild-session-file\=/Users/jasonlee/Library/Developer/Xcode/DerivedData/ModuleCache.noindex/Session.modulevalidation -fmodules-validate-once-per-build-session -Wnon-modular-include-in-framework-module -Werror\=non-modular-include-in-framework-module -Wno-trigraphs -Wno-missing-field-initializers -Wno-missing-prototypes -Wno-return-type -Wno-missing-braces -Wparentheses -Wswitch -Wno-unused-function -Wno-unused-label -Wno-unused-parameter -Wno-unused-variable -Wunused-value -Wno-empty-body -Wno-uninitialized -Wno-unknown-pragmas -w -Wno-shadow -Wno-four-char-constants -Wno-conversion -Wno-constant-conversion -Wno-int-conversion -Wno-bool-conversion -Wno-enum-conversion -Wno-float-conversion -Wno-non-literal-null-conversion -Wno-objc-literal-conversion -Wshorten-64-to-32 -Wpointer-sign -Wno-newline-eof -Wno-implicit-fallthrough -isysroot /Applications/Xcode.app/Contents/Developer/Platforms/MacOSX.platform/Developer/SDKs/MacOSX26.4.sdk -fstrict-aliasing -Wdeprecated-declarations -Wno-sign-conversion -Wno-infinite-recursion -Wno-comma -Wno-block-capture-autoreleasing -Wno-strict-prototypes -Wno-semicolon-before-method-body @/Users/jasonlee/Library/Developer/Xcode/DerivedData/Notch-ddzsfiyxyoauidejndllmosklbkq/Build/Intermediates.noindex/PostHog.build/Release/phlibwebp.build/Objects-normal/arm64/7187679823f38a2a940e0043cdf9d637-common-args.resp -MMD -MT dependencies -MF /Users/jasonlee/Library/Developer/Xcode/DerivedData/Notch-ddzsfiyxyoauidejndllmosklbkq/Build/Intermediates.noindex/PostHog.build/Release/phlibwebp.build/Objects-normal/arm64/near_lossless_enc.d --serialize-diagnostics /Users/jasonlee/Library/Developer/Xcode/DerivedData/Notch-ddzsfiyxyoauidejndllmosklbkq/Build/Intermediates.noindex/PostHog.build/Release/phlibwebp.build/Objects-normal/arm64/near_lossless_enc.dia -c /Users/jasonlee/Library/Developer/Xcode/DerivedData/Notch-ddzsfiyxyoauidejndllmosklbkq/SourcePackages/checkouts/posthog-ios/vendor/libwebp/near_lossless_enc.c -o /Users/jasonlee/Library/Developer/Xcode/DerivedData/Notch-ddzsfiyxyoauidejndllmosklbkq/Build/Intermediates.noindex/PostHog.build/Release/phlibwebp.build/Objects-normal/arm64/near_lossless_enc.o

CompileC /Users/jasonlee/Library/Developer/Xcode/DerivedData/Notch-ddzsfiyxyoauidejndllmosklbkq/Build/Intermediates.noindex/PostHog.build/Release/phlibwebp.build/Objects-normal/arm64/muxread.o /Users/jasonlee/Library/Developer/Xcode/DerivedData/Notch-ddzsfiyxyoauidejndllmosklbkq/SourcePackages/checkouts/posthog-ios/vendor/libwebp/muxread.c normal arm64 c com.apple.compilers.llvm.clang.1_0.compiler (in target 'phlibwebp' from project 'PostHog')
    cd /Users/jasonlee/Coding/App/Notch/Notch.xcodeproj
    
    Using response file: /Users/jasonlee/Library/Developer/Xcode/DerivedData/Notch-ddzsfiyxyoauidejndllmosklbkq/Build/Intermediates.noindex/PostHog.build/Release/phlibwebp.build/Objects-normal/arm64/7187679823f38a2a940e0043cdf9d637-common-args.resp
    
    /Applications/Xcode.app/Contents/Developer/Toolchains/XcodeDefault.xctoolchain/usr/bin/clang -x c -ivfsstatcache /Users/jasonlee/Library/Developer/Xcode/DerivedData/SDKStatCaches.noindex/macosx26.4-25E251-30f9ca8789b706f8bd3fc906a70d770f.sdkstatcache -target arm64-apple-macos10.15 -fmessage-length\=0 -fdiagnostics-show-note-include-stack -fmacro-backtrace-limit\=0 -fno-color-diagnostics -fmodules-prune-interval\=86400 -fmodules-prune-after\=345600 -fbuild-session-file\=/Users/jasonlee/Library/Developer/Xcode/DerivedData/ModuleCache.noindex/Session.modulevalidation -fmodules-validate-once-per-build-session -Wnon-modular-include-in-framework-module -Werror\=non-modular-include-in-framework-module -Wno-trigraphs -Wno-missing-field-initializers -Wno-missing-prototypes -Wno-return-type -Wno-missing-braces -Wparentheses -Wswitch -Wno-unused-function -Wno-unused-label -Wno-unused-parameter -Wno-unused-variable -Wunused-value -Wno-empty-body -Wno-uninitialized -Wno-unknown-pragmas -w -Wno-shadow -Wno-four-char-constants -Wno-conversion -Wno-constant-conversion -Wno-int-conversion -Wno-bool-conversion -Wno-enum-conversion -Wno-float-conversion -Wno-non-literal-null-conversion -Wno-objc-literal-conversion -Wshorten-64-to-32 -Wpointer-sign -Wno-newline-eof -Wno-implicit-fallthrough -isysroot /Applications/Xcode.app/Contents/Developer/Platforms/MacOSX.platform/Developer/SDKs/MacOSX26.4.sdk -fstrict-aliasing -Wdeprecated-declarations -Wno-sign-conversion -Wno-infinite-recursion -Wno-comma -Wno-block-capture-autoreleasing -Wno-strict-prototypes -Wno-semicolon-before-method-body @/Users/jasonlee/Library/Developer/Xcode/DerivedData/Notch-ddzsfiyxyoauidejndllmosklbkq/Build/Intermediates.noindex/PostHog.build/Release/phlibwebp.build/Objects-normal/arm64/7187679823f38a2a940e0043cdf9d637-common-args.resp -MMD -MT dependencies -MF /Users/jasonlee/Library/Developer/Xcode/DerivedData/Notch-ddzsfiyxyoauidejndllmosklbkq/Build/Intermediates.noindex/PostHog.build/Release/phlibwebp.build/Objects-normal/arm64/muxread.d --serialize-diagnostics /Users/jasonlee/Library/Developer/Xcode/DerivedData/Notch-ddzsfiyxyoauidejndllmosklbkq/Build/Intermediates.noindex/PostHog.build/Release/phlibwebp.build/Objects-normal/arm64/muxread.dia -c /Users/jasonlee/Library/Developer/Xcode/DerivedData/Notch-ddzsfiyxyoauidejndllmosklbkq/SourcePackages/checkouts/posthog-ios/vendor/libwebp/muxread.c -o /Users/jasonlee/Library/Developer/Xcode/DerivedData/Notch-ddzsfiyxyoauidejndllmosklbkq/Build/Intermediates.noindex/PostHog.build/Release/phlibwebp.build/Objects-normal/arm64/muxread.o

CompileC /Users/jasonlee/Library/Developer/Xcode/DerivedData/Notch-ddzsfiyxyoauidejndllmosklbkq/Build/Intermediates.noindex/PostHog.build/Release/phlibwebp.build/Objects-normal/arm64/muxinternal.o /Users/jasonlee/Library/Developer/Xcode/DerivedData/Notch-ddzsfiyxyoauidejndllmosklbkq/SourcePackages/checkouts/posthog-ios/vendor/libwebp/muxinternal.c normal arm64 c com.apple.compilers.llvm.clang.1_0.compiler (in target 'phlibwebp' from project 'PostHog')
    cd /Users/jasonlee/Coding/App/Notch/Notch.xcodeproj
    
    Using response file: /Users/jasonlee/Library/Developer/Xcode/DerivedData/Notch-ddzsfiyxyoauidejndllmosklbkq/Build/Intermediates.noindex/PostHog.build/Release/phlibwebp.build/Objects-normal/arm64/7187679823f38a2a940e0043cdf9d637-common-args.resp
    
    /Applications/Xcode.app/Contents/Developer/Toolchains/XcodeDefault.xctoolchain/usr/bin/clang -x c -ivfsstatcache /Users/jasonlee/Library/Developer/Xcode/DerivedData/SDKStatCaches.noindex/macosx26.4-25E251-30f9ca8789b706f8bd3fc906a70d770f.sdkstatcache -target arm64-apple-macos10.15 -fmessage-length\=0 -fdiagnostics-show-note-include-stack -fmacro-backtrace-limit\=0 -fno-color-diagnostics -fmodules-prune-interval\=86400 -fmodules-prune-after\=345600 -fbuild-session-file\=/Users/jasonlee/Library/Developer/Xcode/DerivedData/ModuleCache.noindex/Session.modulevalidation -fmodules-validate-once-per-build-session -Wnon-modular-include-in-framework-module -Werror\=non-modular-include-in-framework-module -Wno-trigraphs -Wno-missing-field-initializers -Wno-missing-prototypes -Wno-return-type -Wno-missing-braces -Wparentheses -Wswitch -Wno-unused-function -Wno-unused-label -Wno-unused-parameter -Wno-unused-variable -Wunused-value -Wno-empty-body -Wno-uninitialized -Wno-unknown-pragmas -w -Wno-shadow -Wno-four-char-constants -Wno-conversion -Wno-constant-conversion -Wno-int-conversion -Wno-bool-conversion -Wno-enum-conversion -Wno-float-conversion -Wno-non-literal-null-conversion -Wno-objc-literal-conversion -Wshorten-64-to-32 -Wpointer-sign -Wno-newline-eof -Wno-implicit-fallthrough -isysroot /Applications/Xcode.app/Contents/Developer/Platforms/MacOSX.platform/Developer/SDKs/MacOSX26.4.sdk -fstrict-aliasing -Wdeprecated-declarations -Wno-sign-conversion -Wno-infinite-recursion -Wno-comma -Wno-block-capture-autoreleasing -Wno-strict-prototypes -Wno-semicolon-before-method-body @/Users/jasonlee/Library/Developer/Xcode/DerivedData/Notch-ddzsfiyxyoauidejndllmosklbkq/Build/Intermediates.noindex/PostHog.build/Release/phlibwebp.build/Objects-normal/arm64/7187679823f38a2a940e0043cdf9d637-common-args.resp -MMD -MT dependencies -MF /Users/jasonlee/Library/Developer/Xcode/DerivedData/Notch-ddzsfiyxyoauidejndllmosklbkq/Build/Intermediates.noindex/PostHog.build/Release/phlibwebp.build/Objects-normal/arm64/muxinternal.d --serialize-diagnostics /Users/jasonlee/Library/Developer/Xcode/DerivedData/Notch-ddzsfiyxyoauidejndllmosklbkq/Build/Intermediates.noindex/PostHog.build/Release/phlibwebp.build/Objects-normal/arm64/muxinternal.dia -c /Users/jasonlee/Library/Developer/Xcode/DerivedData/Notch-ddzsfiyxyoauidejndllmosklbkq/SourcePackages/checkouts/posthog-ios/vendor/libwebp/muxinternal.c -o /Users/jasonlee/Library/Developer/Xcode/DerivedData/Notch-ddzsfiyxyoauidejndllmosklbkq/Build/Intermediates.noindex/PostHog.build/Release/phlibwebp.build/Objects-normal/arm64/muxinternal.o

CompileC /Users/jasonlee/Library/Developer/Xcode/DerivedData/Notch-ddzsfiyxyoauidejndllmosklbkq/Build/Intermediates.noindex/PostHog.build/Release/phlibwebp.build/Objects-normal/arm64/muxedit.o /Users/jasonlee/Library/Developer/Xcode/DerivedData/Notch-ddzsfiyxyoauidejndllmosklbkq/SourcePackages/checkouts/posthog-ios/vendor/libwebp/muxedit.c normal arm64 c com.apple.compilers.llvm.clang.1_0.compiler (in target 'phlibwebp' from project 'PostHog')
    cd /Users/jasonlee/Coding/App/Notch/Notch.xcodeproj
    
    Using response file: /Users/jasonlee/Library/Developer/Xcode/DerivedData/Notch-ddzsfiyxyoauidejndllmosklbkq/Build/Intermediates.noindex/PostHog.build/Release/phlibwebp.build/Objects-normal/arm64/7187679823f38a2a940e0043cdf9d637-common-args.resp
    
    /Applications/Xcode.app/Contents/Developer/Toolchains/XcodeDefault.xctoolchain/usr/bin/clang -x c -ivfsstatcache /Users/jasonlee/Library/Developer/Xcode/DerivedData/SDKStatCaches.noindex/macosx26.4-25E251-30f9ca8789b706f8bd3fc906a70d770f.sdkstatcache -target arm64-apple-macos10.15 -fmessage-length\=0 -fdiagnostics-show-note-include-stack -fmacro-backtrace-limit\=0 -fno-color-diagnostics -fmodules-prune-interval\=86400 -fmodules-prune-after\=345600 -fbuild-session-file\=/Users/jasonlee/Library/Developer/Xcode/DerivedData/ModuleCache.noindex/Session.modulevalidation -fmodules-validate-once-per-build-session -Wnon-modular-include-in-framework-module -Werror\=non-modular-include-in-framework-module -Wno-trigraphs -Wno-missing-field-initializers -Wno-missing-prototypes -Wno-return-type -Wno-missing-braces -Wparentheses -Wswitch -Wno-unused-function -Wno-unused-label -Wno-unused-parameter -Wno-unused-variable -Wunused-value -Wno-empty-body -Wno-uninitialized -Wno-unknown-pragmas -w -Wno-shadow -Wno-four-char-constants -Wno-conversion -Wno-constant-conversion -Wno-int-conversion -Wno-bool-conversion -Wno-enum-conversion -Wno-float-conversion -Wno-non-literal-null-conversion -Wno-objc-literal-conversion -Wshorten-64-to-32 -Wpointer-sign -Wno-newline-eof -Wno-implicit-fallthrough -isysroot /Applications/Xcode.app/Contents/Developer/Platforms/MacOSX.platform/Developer/SDKs/MacOSX26.4.sdk -fstrict-aliasing -Wdeprecated-declarations -Wno-sign-conversion -Wno-infinite-recursion -Wno-comma -Wno-block-capture-autoreleasing -Wno-strict-prototypes -Wno-semicolon-before-method-body @/Users/jasonlee/Library/Developer/Xcode/DerivedData/Notch-ddzsfiyxyoauidejndllmosklbkq/Build/Intermediates.noindex/PostHog.build/Release/phlibwebp.build/Objects-normal/arm64/7187679823f38a2a940e0043cdf9d637-common-args.resp -MMD -MT dependencies -MF /Users/jasonlee/Library/Developer/Xcode/DerivedData/Notch-ddzsfiyxyoauidejndllmosklbkq/Build/Intermediates.noindex/PostHog.build/Release/phlibwebp.build/Objects-normal/arm64/muxedit.d --serialize-diagnostics /Users/jasonlee/Library/Developer/Xcode/DerivedData/Notch-ddzsfiyxyoauidejndllmosklbkq/Build/Intermediates.noindex/PostHog.build/Release/phlibwebp.build/Objects-normal/arm64/muxedit.dia -c /Users/jasonlee/Library/Developer/Xcode/DerivedData/Notch-ddzsfiyxyoauidejndllmosklbkq/SourcePackages/checkouts/posthog-ios/vendor/libwebp/muxedit.c -o /Users/jasonlee/Library/Developer/Xcode/DerivedData/Notch-ddzsfiyxyoauidejndllmosklbkq/Build/Intermediates.noindex/PostHog.build/Release/phlibwebp.build/Objects-normal/arm64/muxedit.o

CompileC /Users/jasonlee/Library/Developer/Xcode/DerivedData/Notch-ddzsfiyxyoauidejndllmosklbkq/Build/Intermediates.noindex/PostHog.build/Release/phlibwebp.build/Objects-normal/arm64/lossless_sse41.o /Users/jasonlee/Library/Developer/Xcode/DerivedData/Notch-ddzsfiyxyoauidejndllmosklbkq/SourcePackages/checkouts/posthog-ios/vendor/libwebp/lossless_sse41.c normal arm64 c com.apple.compilers.llvm.clang.1_0.compiler (in target 'phlibwebp' from project 'PostHog')
    cd /Users/jasonlee/Coding/App/Notch/Notch.xcodeproj
    
    Using response file: /Users/jasonlee/Library/Developer/Xcode/DerivedData/Notch-ddzsfiyxyoauidejndllmosklbkq/Build/Intermediates.noindex/PostHog.build/Release/phlibwebp.build/Objects-normal/arm64/7187679823f38a2a940e0043cdf9d637-common-args.resp
    
    /Applications/Xcode.app/Contents/Developer/Toolchains/XcodeDefault.xctoolchain/usr/bin/clang -x c -ivfsstatcache /Users/jasonlee/Library/Developer/Xcode/DerivedData/SDKStatCaches.noindex/macosx26.4-25E251-30f9ca8789b706f8bd3fc906a70d770f.sdkstatcache -target arm64-apple-macos10.15 -fmessage-length\=0 -fdiagnostics-show-note-include-stack -fmacro-backtrace-limit\=0 -fno-color-diagnostics -fmodules-prune-interval\=86400 -fmodules-prune-after\=345600 -fbuild-session-file\=/Users/jasonlee/Library/Developer/Xcode/DerivedData/ModuleCache.noindex/Session.modulevalidation -fmodules-validate-once-per-build-session -Wnon-modular-include-in-framework-module -Werror\=non-modular-include-in-framework-module -Wno-trigraphs -Wno-missing-field-initializers -Wno-missing-prototypes -Wno-return-type -Wno-missing-braces -Wparentheses -Wswitch -Wno-unused-function -Wno-unused-label -Wno-unused-parameter -Wno-unused-variable -Wunused-value -Wno-empty-body -Wno-uninitialized -Wno-unknown-pragmas -w -Wno-shadow -Wno-four-char-constants -Wno-conversion -Wno-constant-conversion -Wno-int-conversion -Wno-bool-conversion -Wno-enum-conversion -Wno-float-conversion -Wno-non-literal-null-conversion -Wno-objc-literal-conversion -Wshorten-64-to-32 -Wpointer-sign -Wno-newline-eof -Wno-implicit-fallthrough -isysroot /Applications/Xcode.app/Contents/Developer/Platforms/MacOSX.platform/Developer/SDKs/MacOSX26.4.sdk -fstrict-aliasing -Wdeprecated-declarations -Wno-sign-conversion -Wno-infinite-recursion -Wno-comma -Wno-block-capture-autoreleasing -Wno-strict-prototypes -Wno-semicolon-before-method-body @/Users/jasonlee/Library/Developer/Xcode/DerivedData/Notch-ddzsfiyxyoauidejndllmosklbkq/Build/Intermediates.noindex/PostHog.build/Release/phlibwebp.build/Objects-normal/arm64/7187679823f38a2a940e0043cdf9d637-common-args.resp -MMD -MT dependencies -MF /Users/jasonlee/Library/Developer/Xcode/DerivedData/Notch-ddzsfiyxyoauidejndllmosklbkq/Build/Intermediates.noindex/PostHog.build/Release/phlibwebp.build/Objects-normal/arm64/lossless_sse41.d --serialize-diagnostics /Users/jasonlee/Library/Developer/Xcode/DerivedData/Notch-ddzsfiyxyoauidejndllmosklbkq/Build/Intermediates.noindex/PostHog.build/Release/phlibwebp.build/Objects-normal/arm64/lossless_sse41.dia -c /Users/jasonlee/Library/Developer/Xcode/DerivedData/Notch-ddzsfiyxyoauidejndllmosklbkq/SourcePackages/checkouts/posthog-ios/vendor/libwebp/lossless_sse41.c -o /Users/jasonlee/Library/Developer/Xcode/DerivedData/Notch-ddzsfiyxyoauidejndllmosklbkq/Build/Intermediates.noindex/PostHog.build/Release/phlibwebp.build/Objects-normal/arm64/lossless_sse41.o

CompileC /Users/jasonlee/Library/Developer/Xcode/DerivedData/Notch-ddzsfiyxyoauidejndllmosklbkq/Build/Intermediates.noindex/PostHog.build/Release/phlibwebp.build/Objects-normal/arm64/lossless_sse2.o /Users/jasonlee/Library/Developer/Xcode/DerivedData/Notch-ddzsfiyxyoauidejndllmosklbkq/SourcePackages/checkouts/posthog-ios/vendor/libwebp/lossless_sse2.c normal arm64 c com.apple.compilers.llvm.clang.1_0.compiler (in target 'phlibwebp' from project 'PostHog')
    cd /Users/jasonlee/Coding/App/Notch/Notch.xcodeproj
    
    Using response file: /Users/jasonlee/Library/Developer/Xcode/DerivedData/Notch-ddzsfiyxyoauidejndllmosklbkq/Build/Intermediates.noindex/PostHog.build/Release/phlibwebp.build/Objects-normal/arm64/7187679823f38a2a940e0043cdf9d637-common-args.resp
    
    /Applications/Xcode.app/Contents/Developer/Toolchains/XcodeDefault.xctoolchain/usr/bin/clang -x c -ivfsstatcache /Users/jasonlee/Library/Developer/Xcode/DerivedData/SDKStatCaches.noindex/macosx26.4-25E251-30f9ca8789b706f8bd3fc906a70d770f.sdkstatcache -target arm64-apple-macos10.15 -fmessage-length\=0 -fdiagnostics-show-note-include-stack -fmacro-backtrace-limit\=0 -fno-color-diagnostics -fmodules-prune-interval\=86400 -fmodules-prune-after\=345600 -fbuild-session-file\=/Users/jasonlee/Library/Developer/Xcode/DerivedData/ModuleCache.noindex/Session.modulevalidation -fmodules-validate-once-per-build-session -Wnon-modular-include-in-framework-module -Werror\=non-modular-include-in-framework-module -Wno-trigraphs -Wno-missing-field-initializers -Wno-missing-prototypes -Wno-return-type -Wno-missing-braces -Wparentheses -Wswitch -Wno-unused-function -Wno-unused-label -Wno-unused-parameter -Wno-unused-variable -Wunused-value -Wno-empty-body -Wno-uninitialized -Wno-unknown-pragmas -w -Wno-shadow -Wno-four-char-constants -Wno-conversion -Wno-constant-conversion -Wno-int-conversion -Wno-bool-conversion -Wno-enum-conversion -Wno-float-conversion -Wno-non-literal-null-conversion -Wno-objc-literal-conversion -Wshorten-64-to-32 -Wpointer-sign -Wno-newline-eof -Wno-implicit-fallthrough -isysroot /Applications/Xcode.app/Contents/Developer/Platforms/MacOSX.platform/Developer/SDKs/MacOSX26.4.sdk -fstrict-aliasing -Wdeprecated-declarations -Wno-sign-conversion -Wno-infinite-recursion -Wno-comma -Wno-block-capture-autoreleasing -Wno-strict-prototypes -Wno-semicolon-before-method-body @/Users/jasonlee/Library/Developer/Xcode/DerivedData/Notch-ddzsfiyxyoauidejndllmosklbkq/Build/Intermediates.noindex/PostHog.build/Release/phlibwebp.build/Objects-normal/arm64/7187679823f38a2a940e0043cdf9d637-common-args.resp -MMD -MT dependencies -MF /Users/jasonlee/Library/Developer/Xcode/DerivedData/Notch-ddzsfiyxyoauidejndllmosklbkq/Build/Intermediates.noindex/PostHog.build/Release/phlibwebp.build/Objects-normal/arm64/lossless_sse2.d --serialize-diagnostics /Users/jasonlee/Library/Developer/Xcode/DerivedData/Notch-ddzsfiyxyoauidejndllmosklbkq/Build/Intermediates.noindex/PostHog.build/Release/phlibwebp.build/Objects-normal/arm64/lossless_sse2.dia -c /Users/jasonlee/Library/Developer/Xcode/DerivedData/Notch-ddzsfiyxyoauidejndllmosklbkq/SourcePackages/checkouts/posthog-ios/vendor/libwebp/lossless_sse2.c -o /Users/jasonlee/Library/Developer/Xcode/DerivedData/Notch-ddzsfiyxyoauidejndllmosklbkq/Build/Intermediates.noindex/PostHog.build/Release/phlibwebp.build/Objects-normal/arm64/lossless_sse2.o

CompileC /Users/jasonlee/Library/Developer/Xcode/DerivedData/Notch-ddzsfiyxyoauidejndllmosklbkq/Build/Intermediates.noindex/PostHog.build/Release/phlibwebp.build/Objects-normal/arm64/lossless_neon.o /Users/jasonlee/Library/Developer/Xcode/DerivedData/Notch-ddzsfiyxyoauidejndllmosklbkq/SourcePackages/checkouts/posthog-ios/vendor/libwebp/lossless_neon.c normal arm64 c com.apple.compilers.llvm.clang.1_0.compiler (in target 'phlibwebp' from project 'PostHog')
    cd /Users/jasonlee/Coding/App/Notch/Notch.xcodeproj
    
    Using response file: /Users/jasonlee/Library/Developer/Xcode/DerivedData/Notch-ddzsfiyxyoauidejndllmosklbkq/Build/Intermediates.noindex/PostHog.build/Release/phlibwebp.build/Objects-normal/arm64/7187679823f38a2a940e0043cdf9d637-common-args.resp
    
    /Applications/Xcode.app/Contents/Developer/Toolchains/XcodeDefault.xctoolchain/usr/bin/clang -x c -ivfsstatcache /Users/jasonlee/Library/Developer/Xcode/DerivedData/SDKStatCaches.noindex/macosx26.4-25E251-30f9ca8789b706f8bd3fc906a70d770f.sdkstatcache -target arm64-apple-macos10.15 -fmessage-length\=0 -fdiagnostics-show-note-include-stack -fmacro-backtrace-limit\=0 -fno-color-diagnostics -fmodules-prune-interval\=86400 -fmodules-prune-after\=345600 -fbuild-session-file\=/Users/jasonlee/Library/Developer/Xcode/DerivedData/ModuleCache.noindex/Session.modulevalidation -fmodules-validate-once-per-build-session -Wnon-modular-include-in-framework-module -Werror\=non-modular-include-in-framework-module -Wno-trigraphs -Wno-missing-field-initializers -Wno-missing-prototypes -Wno-return-type -Wno-missing-braces -Wparentheses -Wswitch -Wno-unused-function -Wno-unused-label -Wno-unused-parameter -Wno-unused-variable -Wunused-value -Wno-empty-body -Wno-uninitialized -Wno-unknown-pragmas -w -Wno-shadow -Wno-four-char-constants -Wno-conversion -Wno-constant-conversion -Wno-int-conversion -Wno-bool-conversion -Wno-enum-conversion -Wno-float-conversion -Wno-non-literal-null-conversion -Wno-objc-literal-conversion -Wshorten-64-to-32 -Wpointer-sign -Wno-newline-eof -Wno-implicit-fallthrough -isysroot /Applications/Xcode.app/Contents/Developer/Platforms/MacOSX.platform/Developer/SDKs/MacOSX26.4.sdk -fstrict-aliasing -Wdeprecated-declarations -Wno-sign-conversion -Wno-infinite-recursion -Wno-comma -Wno-block-capture-autoreleasing -Wno-strict-prototypes -Wno-semicolon-before-method-body @/Users/jasonlee/Library/Developer/Xcode/DerivedData/Notch-ddzsfiyxyoauidejndllmosklbkq/Build/Intermediates.noindex/PostHog.build/Release/phlibwebp.build/Objects-normal/arm64/7187679823f38a2a940e0043cdf9d637-common-args.resp -MMD -MT dependencies -MF /Users/jasonlee/Library/Developer/Xcode/DerivedData/Notch-ddzsfiyxyoauidejndllmosklbkq/Build/Intermediates.noindex/PostHog.build/Release/phlibwebp.build/Objects-normal/arm64/lossless_neon.d --serialize-diagnostics /Users/jasonlee/Library/Developer/Xcode/DerivedData/Notch-ddzsfiyxyoauidejndllmosklbkq/Build/Intermediates.noindex/PostHog.build/Release/phlibwebp.build/Objects-normal/arm64/lossless_neon.dia -c /Users/jasonlee/Library/Developer/Xcode/DerivedData/Notch-ddzsfiyxyoauidejndllmosklbkq/SourcePackages/checkouts/posthog-ios/vendor/libwebp/lossless_neon.c -o /Users/jasonlee/Library/Developer/Xcode/DerivedData/Notch-ddzsfiyxyoauidejndllmosklbkq/Build/Intermediates.noindex/PostHog.build/Release/phlibwebp.build/Objects-normal/arm64/lossless_neon.o

CompileC /Users/jasonlee/Library/Developer/Xcode/DerivedData/Notch-ddzsfiyxyoauidejndllmosklbkq/Build/Intermediates.noindex/PostHog.build/Release/phlibwebp.build/Objects-normal/arm64/lossless_enc_sse41.o /Users/jasonlee/Library/Developer/Xcode/DerivedData/Notch-ddzsfiyxyoauidejndllmosklbkq/SourcePackages/checkouts/posthog-ios/vendor/libwebp/lossless_enc_sse41.c normal arm64 c com.apple.compilers.llvm.clang.1_0.compiler (in target 'phlibwebp' from project 'PostHog')
    cd /Users/jasonlee/Coding/App/Notch/Notch.xcodeproj
    
    Using response file: /Users/jasonlee/Library/Developer/Xcode/DerivedData/Notch-ddzsfiyxyoauidejndllmosklbkq/Build/Intermediates.noindex/PostHog.build/Release/phlibwebp.build/Objects-normal/arm64/7187679823f38a2a940e0043cdf9d637-common-args.resp
    
    /Applications/Xcode.app/Contents/Developer/Toolchains/XcodeDefault.xctoolchain/usr/bin/clang -x c -ivfsstatcache /Users/jasonlee/Library/Developer/Xcode/DerivedData/SDKStatCaches.noindex/macosx26.4-25E251-30f9ca8789b706f8bd3fc906a70d770f.sdkstatcache -target arm64-apple-macos10.15 -fmessage-length\=0 -fdiagnostics-show-note-include-stack -fmacro-backtrace-limit\=0 -fno-color-diagnostics -fmodules-prune-interval\=86400 -fmodules-prune-after\=345600 -fbuild-session-file\=/Users/jasonlee/Library/Developer/Xcode/DerivedData/ModuleCache.noindex/Session.modulevalidation -fmodules-validate-once-per-build-session -Wnon-modular-include-in-framework-module -Werror\=non-modular-include-in-framework-module -Wno-trigraphs -Wno-missing-field-initializers -Wno-missing-prototypes -Wno-return-type -Wno-missing-braces -Wparentheses -Wswitch -Wno-unused-function -Wno-unused-label -Wno-unused-parameter -Wno-unused-variable -Wunused-value -Wno-empty-body -Wno-uninitialized -Wno-unknown-pragmas -w -Wno-shadow -Wno-four-char-constants -Wno-conversion -Wno-constant-conversion -Wno-int-conversion -Wno-bool-conversion -Wno-enum-conversion -Wno-float-conversion -Wno-non-literal-null-conversion -Wno-objc-literal-conversion -Wshorten-64-to-32 -Wpointer-sign -Wno-newline-eof -Wno-implicit-fallthrough -isysroot /Applications/Xcode.app/Contents/Developer/Platforms/MacOSX.platform/Developer/SDKs/MacOSX26.4.sdk -fstrict-aliasing -Wdeprecated-declarations -Wno-sign-conversion -Wno-infinite-recursion -Wno-comma -Wno-block-capture-autoreleasing -Wno-strict-prototypes -Wno-semicolon-before-method-body @/Users/jasonlee/Library/Developer/Xcode/DerivedData/Notch-ddzsfiyxyoauidejndllmosklbkq/Build/Intermediates.noindex/PostHog.build/Release/phlibwebp.build/Objects-normal/arm64/7187679823f38a2a940e0043cdf9d637-common-args.resp -MMD -MT dependencies -MF /Users/jasonlee/Library/Developer/Xcode/DerivedData/Notch-ddzsfiyxyoauidejndllmosklbkq/Build/Intermediates.noindex/PostHog.build/Release/phlibwebp.build/Objects-normal/arm64/lossless_enc_sse41.d --serialize-diagnostics /Users/jasonlee/Library/Developer/Xcode/DerivedData/Notch-ddzsfiyxyoauidejndllmosklbkq/Build/Intermediates.noindex/PostHog.build/Release/phlibwebp.build/Objects-normal/arm64/lossless_enc_sse41.dia -c /Users/jasonlee/Library/Developer/Xcode/DerivedData/Notch-ddzsfiyxyoauidejndllmosklbkq/SourcePackages/checkouts/posthog-ios/vendor/libwebp/lossless_enc_sse41.c -o /Users/jasonlee/Library/Developer/Xcode/DerivedData/Notch-ddzsfiyxyoauidejndllmosklbkq/Build/Intermediates.noindex/PostHog.build/Release/phlibwebp.build/Objects-normal/arm64/lossless_enc_sse41.o

CompileC /Users/jasonlee/Library/Developer/Xcode/DerivedData/Notch-ddzsfiyxyoauidejndllmosklbkq/Build/Intermediates.noindex/PostHog.build/Release/phlibwebp.build/Objects-normal/arm64/lossless_enc_sse2.o /Users/jasonlee/Library/Developer/Xcode/DerivedData/Notch-ddzsfiyxyoauidejndllmosklbkq/SourcePackages/checkouts/posthog-ios/vendor/libwebp/lossless_enc_sse2.c normal arm64 c com.apple.compilers.llvm.clang.1_0.compiler (in target 'phlibwebp' from project 'PostHog')
    cd /Users/jasonlee/Coding/App/Notch/Notch.xcodeproj
    
    Using response file: /Users/jasonlee/Library/Developer/Xcode/DerivedData/Notch-ddzsfiyxyoauidejndllmosklbkq/Build/Intermediates.noindex/PostHog.build/Release/phlibwebp.build/Objects-normal/arm64/7187679823f38a2a940e0043cdf9d637-common-args.resp
    
    /Applications/Xcode.app/Contents/Developer/Toolchains/XcodeDefault.xctoolchain/usr/bin/clang -x c -ivfsstatcache /Users/jasonlee/Library/Developer/Xcode/DerivedData/SDKStatCaches.noindex/macosx26.4-25E251-30f9ca8789b706f8bd3fc906a70d770f.sdkstatcache -target arm64-apple-macos10.15 -fmessage-length\=0 -fdiagnostics-show-note-include-stack -fmacro-backtrace-limit\=0 -fno-color-diagnostics -fmodules-prune-interval\=86400 -fmodules-prune-after\=345600 -fbuild-session-file\=/Users/jasonlee/Library/Developer/Xcode/DerivedData/ModuleCache.noindex/Session.modulevalidation -fmodules-validate-once-per-build-session -Wnon-modular-include-in-framework-module -Werror\=non-modular-include-in-framework-module -Wno-trigraphs -Wno-missing-field-initializers -Wno-missing-prototypes -Wno-return-type -Wno-missing-braces -Wparentheses -Wswitch -Wno-unused-function -Wno-unused-label -Wno-unused-parameter -Wno-unused-variable -Wunused-value -Wno-empty-body -Wno-uninitialized -Wno-unknown-pragmas -w -Wno-shadow -Wno-four-char-constants -Wno-conversion -Wno-constant-conversion -Wno-int-conversion -Wno-bool-conversion -Wno-enum-conversion -Wno-float-conversion -Wno-non-literal-null-conversion -Wno-objc-literal-conversion -Wshorten-64-to-32 -Wpointer-sign -Wno-newline-eof -Wno-implicit-fallthrough -isysroot /Applications/Xcode.app/Contents/Developer/Platforms/MacOSX.platform/Developer/SDKs/MacOSX26.4.sdk -fstrict-aliasing -Wdeprecated-declarations -Wno-sign-conversion -Wno-infinite-recursion -Wno-comma -Wno-block-capture-autoreleasing -Wno-strict-prototypes -Wno-semicolon-before-method-body @/Users/jasonlee/Library/Developer/Xcode/DerivedData/Notch-ddzsfiyxyoauidejndllmosklbkq/Build/Intermediates.noindex/PostHog.build/Release/phlibwebp.build/Objects-normal/arm64/7187679823f38a2a940e0043cdf9d637-common-args.resp -MMD -MT dependencies -MF /Users/jasonlee/Library/Developer/Xcode/DerivedData/Notch-ddzsfiyxyoauidejndllmosklbkq/Build/Intermediates.noindex/PostHog.build/Release/phlibwebp.build/Objects-normal/arm64/lossless_enc_sse2.d --serialize-diagnostics /Users/jasonlee/Library/Developer/Xcode/DerivedData/Notch-ddzsfiyxyoauidejndllmosklbkq/Build/Intermediates.noindex/PostHog.build/Release/phlibwebp.build/Objects-normal/arm64/lossless_enc_sse2.dia -c /Users/jasonlee/Library/Developer/Xcode/DerivedData/Notch-ddzsfiyxyoauidejndllmosklbkq/SourcePackages/checkouts/posthog-ios/vendor/libwebp/lossless_enc_sse2.c -o /Users/jasonlee/Library/Developer/Xcode/DerivedData/Notch-ddzsfiyxyoauidejndllmosklbkq/Build/Intermediates.noindex/PostHog.build/Release/phlibwebp.build/Objects-normal/arm64/lossless_enc_sse2.o

CompileC /Users/jasonlee/Library/Developer/Xcode/DerivedData/Notch-ddzsfiyxyoauidejndllmosklbkq/Build/Intermediates.noindex/PostHog.build/Release/phlibwebp.build/Objects-normal/arm64/lossless_enc_neon.o /Users/jasonlee/Library/Developer/Xcode/DerivedData/Notch-ddzsfiyxyoauidejndllmosklbkq/SourcePackages/checkouts/posthog-ios/vendor/libwebp/lossless_enc_neon.c normal arm64 c com.apple.compilers.llvm.clang.1_0.compiler (in target 'phlibwebp' from project 'PostHog')
    cd /Users/jasonlee/Coding/App/Notch/Notch.xcodeproj
    
    Using response file: /Users/jasonlee/Library/Developer/Xcode/DerivedData/Notch-ddzsfiyxyoauidejndllmosklbkq/Build/Intermediates.noindex/PostHog.build/Release/phlibwebp.build/Objects-normal/arm64/7187679823f38a2a940e0043cdf9d637-common-args.resp
    
    /Applications/Xcode.app/Contents/Developer/Toolchains/XcodeDefault.xctoolchain/usr/bin/clang -x c -ivfsstatcache /Users/jasonlee/Library/Developer/Xcode/DerivedData/SDKStatCaches.noindex/macosx26.4-25E251-30f9ca8789b706f8bd3fc906a70d770f.sdkstatcache -target arm64-apple-macos10.15 -fmessage-length\=0 -fdiagnostics-show-note-include-stack -fmacro-backtrace-limit\=0 -fno-color-diagnostics -fmodules-prune-interval\=86400 -fmodules-prune-after\=345600 -fbuild-session-file\=/Users/jasonlee/Library/Developer/Xcode/DerivedData/ModuleCache.noindex/Session.modulevalidation -fmodules-validate-once-per-build-session -Wnon-modular-include-in-framework-module -Werror\=non-modular-include-in-framework-module -Wno-trigraphs -Wno-missing-field-initializers -Wno-missing-prototypes -Wno-return-type -Wno-missing-braces -Wparentheses -Wswitch -Wno-unused-function -Wno-unused-label -Wno-unused-parameter -Wno-unused-variable -Wunused-value -Wno-empty-body -Wno-uninitialized -Wno-unknown-pragmas -w -Wno-shadow -Wno-four-char-constants -Wno-conversion -Wno-constant-conversion -Wno-int-conversion -Wno-bool-conversion -Wno-enum-conversion -Wno-float-conversion -Wno-non-literal-null-conversion -Wno-objc-literal-conversion -Wshorten-64-to-32 -Wpointer-sign -Wno-newline-eof -Wno-implicit-fallthrough -isysroot /Applications/Xcode.app/Contents/Developer/Platforms/MacOSX.platform/Developer/SDKs/MacOSX26.4.sdk -fstrict-aliasing -Wdeprecated-declarations -Wno-sign-conversion -Wno-infinite-recursion -Wno-comma -Wno-block-capture-autoreleasing -Wno-strict-prototypes -Wno-semicolon-before-method-body @/Users/jasonlee/Library/Developer/Xcode/DerivedData/Notch-ddzsfiyxyoauidejndllmosklbkq/Build/Intermediates.noindex/PostHog.build/Release/phlibwebp.build/Objects-normal/arm64/7187679823f38a2a940e0043cdf9d637-common-args.resp -MMD -MT dependencies -MF /Users/jasonlee/Library/Developer/Xcode/DerivedData/Notch-ddzsfiyxyoauidejndllmosklbkq/Build/Intermediates.noindex/PostHog.build/Release/phlibwebp.build/Objects-normal/arm64/lossless_enc_neon.d --serialize-diagnostics /Users/jasonlee/Library/Developer/Xcode/DerivedData/Notch-ddzsfiyxyoauidejndllmosklbkq/Build/Intermediates.noindex/PostHog.build/Release/phlibwebp.build/Objects-normal/arm64/lossless_enc_neon.dia -c /Users/jasonlee/Library/Developer/Xcode/DerivedData/Notch-ddzsfiyxyoauidejndllmosklbkq/SourcePackages/checkouts/posthog-ios/vendor/libwebp/lossless_enc_neon.c -o /Users/jasonlee/Library/Developer/Xcode/DerivedData/Notch-ddzsfiyxyoauidejndllmosklbkq/Build/Intermediates.noindex/PostHog.build/Release/phlibwebp.build/Objects-normal/arm64/lossless_enc_neon.o

CompileC /Users/jasonlee/Library/Developer/Xcode/DerivedData/Notch-ddzsfiyxyoauidejndllmosklbkq/Build/Intermediates.noindex/PostHog.build/Release/phlibwebp.build/Objects-normal/arm64/lossless_enc.o /Users/jasonlee/Library/Developer/Xcode/DerivedData/Notch-ddzsfiyxyoauidejndllmosklbkq/SourcePackages/checkouts/posthog-ios/vendor/libwebp/lossless_enc.c normal arm64 c com.apple.compilers.llvm.clang.1_0.compiler (in target 'phlibwebp' from project 'PostHog')
    cd /Users/jasonlee/Coding/App/Notch/Notch.xcodeproj
    
    Using response file: /Users/jasonlee/Library/Developer/Xcode/DerivedData/Notch-ddzsfiyxyoauidejndllmosklbkq/Build/Intermediates.noindex/PostHog.build/Release/phlibwebp.build/Objects-normal/arm64/7187679823f38a2a940e0043cdf9d637-common-args.resp
    
    /Applications/Xcode.app/Contents/Developer/Toolchains/XcodeDefault.xctoolchain/usr/bin/clang -x c -ivfsstatcache /Users/jasonlee/Library/Developer/Xcode/DerivedData/SDKStatCaches.noindex/macosx26.4-25E251-30f9ca8789b706f8bd3fc906a70d770f.sdkstatcache -target arm64-apple-macos10.15 -fmessage-length\=0 -fdiagnostics-show-note-include-stack -fmacro-backtrace-limit\=0 -fno-color-diagnostics -fmodules-prune-interval\=86400 -fmodules-prune-after\=345600 -fbuild-session-file\=/Users/jasonlee/Library/Developer/Xcode/DerivedData/ModuleCache.noindex/Session.modulevalidation -fmodules-validate-once-per-build-session -Wnon-modular-include-in-framework-module -Werror\=non-modular-include-in-framework-module -Wno-trigraphs -Wno-missing-field-initializers -Wno-missing-prototypes -Wno-return-type -Wno-missing-braces -Wparentheses -Wswitch -Wno-unused-function -Wno-unused-label -Wno-unused-parameter -Wno-unused-variable -Wunused-value -Wno-empty-body -Wno-uninitialized -Wno-unknown-pragmas -w -Wno-shadow -Wno-four-char-constants -Wno-conversion -Wno-constant-conversion -Wno-int-conversion -Wno-bool-conversion -Wno-enum-conversion -Wno-float-conversion -Wno-non-literal-null-conversion -Wno-objc-literal-conversion -Wshorten-64-to-32 -Wpointer-sign -Wno-newline-eof -Wno-implicit-fallthrough -isysroot /Applications/Xcode.app/Contents/Developer/Platforms/MacOSX.platform/Developer/SDKs/MacOSX26.4.sdk -fstrict-aliasing -Wdeprecated-declarations -Wno-sign-conversion -Wno-infinite-recursion -Wno-comma -Wno-block-capture-autoreleasing -Wno-strict-prototypes -Wno-semicolon-before-method-body @/Users/jasonlee/Library/Developer/Xcode/DerivedData/Notch-ddzsfiyxyoauidejndllmosklbkq/Build/Intermediates.noindex/PostHog.build/Release/phlibwebp.build/Objects-normal/arm64/7187679823f38a2a940e0043cdf9d637-common-args.resp -MMD -MT dependencies -MF /Users/jasonlee/Library/Developer/Xcode/DerivedData/Notch-ddzsfiyxyoauidejndllmosklbkq/Build/Intermediates.noindex/PostHog.build/Release/phlibwebp.build/Objects-normal/arm64/lossless_enc.d --serialize-diagnostics /Users/jasonlee/Library/Developer/Xcode/DerivedData/Notch-ddzsfiyxyoauidejndllmosklbkq/Build/Intermediates.noindex/PostHog.build/Release/phlibwebp.build/Objects-normal/arm64/lossless_enc.dia -c /Users/jasonlee/Library/Developer/Xcode/DerivedData/Notch-ddzsfiyxyoauidejndllmosklbkq/SourcePackages/checkouts/posthog-ios/vendor/libwebp/lossless_enc.c -o /Users/jasonlee/Library/Developer/Xcode/DerivedData/Notch-ddzsfiyxyoauidejndllmosklbkq/Build/Intermediates.noindex/PostHog.build/Release/phlibwebp.build/Objects-normal/arm64/lossless_enc.o

CompileC /Users/jasonlee/Library/Developer/Xcode/DerivedData/Notch-ddzsfiyxyoauidejndllmosklbkq/Build/Intermediates.noindex/PostHog.build/Release/phlibwebp.build/Objects-normal/arm64/lossless.o /Users/jasonlee/Library/Developer/Xcode/DerivedData/Notch-ddzsfiyxyoauidejndllmosklbkq/SourcePackages/checkouts/posthog-ios/vendor/libwebp/lossless.c normal arm64 c com.apple.compilers.llvm.clang.1_0.compiler (in target 'phlibwebp' from project 'PostHog')
    cd /Users/jasonlee/Coding/App/Notch/Notch.xcodeproj
    
    Using response file: /Users/jasonlee/Library/Developer/Xcode/DerivedData/Notch-ddzsfiyxyoauidejndllmosklbkq/Build/Intermediates.noindex/PostHog.build/Release/phlibwebp.build/Objects-normal/arm64/7187679823f38a2a940e0043cdf9d637-common-args.resp
    
    /Applications/Xcode.app/Contents/Developer/Toolchains/XcodeDefault.xctoolchain/usr/bin/clang -x c -ivfsstatcache /Users/jasonlee/Library/Developer/Xcode/DerivedData/SDKStatCaches.noindex/macosx26.4-25E251-30f9ca8789b706f8bd3fc906a70d770f.sdkstatcache -target arm64-apple-macos10.15 -fmessage-length\=0 -fdiagnostics-show-note-include-stack -fmacro-backtrace-limit\=0 -fno-color-diagnostics -fmodules-prune-interval\=86400 -fmodules-prune-after\=345600 -fbuild-session-file\=/Users/jasonlee/Library/Developer/Xcode/DerivedData/ModuleCache.noindex/Session.modulevalidation -fmodules-validate-once-per-build-session -Wnon-modular-include-in-framework-module -Werror\=non-modular-include-in-framework-module -Wno-trigraphs -Wno-missing-field-initializers -Wno-missing-prototypes -Wno-return-type -Wno-missing-braces -Wparentheses -Wswitch -Wno-unused-function -Wno-unused-label -Wno-unused-parameter -Wno-unused-variable -Wunused-value -Wno-empty-body -Wno-uninitialized -Wno-unknown-pragmas -w -Wno-shadow -Wno-four-char-constants -Wno-conversion -Wno-constant-conversion -Wno-int-conversion -Wno-bool-conversion -Wno-enum-conversion -Wno-float-conversion -Wno-non-literal-null-conversion -Wno-objc-literal-conversion -Wshorten-64-to-32 -Wpointer-sign -Wno-newline-eof -Wno-implicit-fallthrough -isysroot /Applications/Xcode.app/Contents/Developer/Platforms/MacOSX.platform/Developer/SDKs/MacOSX26.4.sdk -fstrict-aliasing -Wdeprecated-declarations -Wno-sign-conversion -Wno-infinite-recursion -Wno-comma -Wno-block-capture-autoreleasing -Wno-strict-prototypes -Wno-semicolon-before-method-body @/Users/jasonlee/Library/Developer/Xcode/DerivedData/Notch-ddzsfiyxyoauidejndllmosklbkq/Build/Intermediates.noindex/PostHog.build/Release/phlibwebp.build/Objects-normal/arm64/7187679823f38a2a940e0043cdf9d637-common-args.resp -MMD -MT dependencies -MF /Users/jasonlee/Library/Developer/Xcode/DerivedData/Notch-ddzsfiyxyoauidejndllmosklbkq/Build/Intermediates.noindex/PostHog.build/Release/phlibwebp.build/Objects-normal/arm64/lossless.d --serialize-diagnostics /Users/jasonlee/Library/Developer/Xcode/DerivedData/Notch-ddzsfiyxyoauidejndllmosklbkq/Build/Intermediates.noindex/PostHog.build/Release/phlibwebp.build/Objects-normal/arm64/lossless.dia -c /Users/jasonlee/Library/Developer/Xcode/DerivedData/Notch-ddzsfiyxyoauidejndllmosklbkq/SourcePackages/checkouts/posthog-ios/vendor/libwebp/lossless.c -o /Users/jasonlee/Library/Developer/Xcode/DerivedData/Notch-ddzsfiyxyoauidejndllmosklbkq/Build/Intermediates.noindex/PostHog.build/Release/phlibwebp.build/Objects-normal/arm64/lossless.o

CompileC /Users/jasonlee/Library/Developer/Xcode/DerivedData/Notch-ddzsfiyxyoauidejndllmosklbkq/Build/Intermediates.noindex/PostHog.build/Release/phlibwebp.build/Objects-normal/arm64/iterator_enc.o /Users/jasonlee/Library/Developer/Xcode/DerivedData/Notch-ddzsfiyxyoauidejndllmosklbkq/SourcePackages/checkouts/posthog-ios/vendor/libwebp/iterator_enc.c normal arm64 c com.apple.compilers.llvm.clang.1_0.compiler (in target 'phlibwebp' from project 'PostHog')
    cd /Users/jasonlee/Coding/App/Notch/Notch.xcodeproj
    
    Using response file: /Users/jasonlee/Library/Developer/Xcode/DerivedData/Notch-ddzsfiyxyoauidejndllmosklbkq/Build/Intermediates.noindex/PostHog.build/Release/phlibwebp.build/Objects-normal/arm64/7187679823f38a2a940e0043cdf9d637-common-args.resp
    
    /Applications/Xcode.app/Contents/Developer/Toolchains/XcodeDefault.xctoolchain/usr/bin/clang -x c -ivfsstatcache /Users/jasonlee/Library/Developer/Xcode/DerivedData/SDKStatCaches.noindex/macosx26.4-25E251-30f9ca8789b706f8bd3fc906a70d770f.sdkstatcache -target arm64-apple-macos10.15 -fmessage-length\=0 -fdiagnostics-show-note-include-stack -fmacro-backtrace-limit\=0 -fno-color-diagnostics -fmodules-prune-interval\=86400 -fmodules-prune-after\=345600 -fbuild-session-file\=/Users/jasonlee/Library/Developer/Xcode/DerivedData/ModuleCache.noindex/Session.modulevalidation -fmodules-validate-once-per-build-session -Wnon-modular-include-in-framework-module -Werror\=non-modular-include-in-framework-module -Wno-trigraphs -Wno-missing-field-initializers -Wno-missing-prototypes -Wno-return-type -Wno-missing-braces -Wparentheses -Wswitch -Wno-unused-function -Wno-unused-label -Wno-unused-parameter -Wno-unused-variable -Wunused-value -Wno-empty-body -Wno-uninitialized -Wno-unknown-pragmas -w -Wno-shadow -Wno-four-char-constants -Wno-conversion -Wno-constant-conversion -Wno-int-conversion -Wno-bool-conversion -Wno-enum-conversion -Wno-float-conversion -Wno-non-literal-null-conversion -Wno-objc-literal-conversion -Wshorten-64-to-32 -Wpointer-sign -Wno-newline-eof -Wno-implicit-fallthrough -isysroot /Applications/Xcode.app/Contents/Developer/Platforms/MacOSX.platform/Developer/SDKs/MacOSX26.4.sdk -fstrict-aliasing -Wdeprecated-declarations -Wno-sign-conversion -Wno-infinite-recursion -Wno-comma -Wno-block-capture-autoreleasing -Wno-strict-prototypes -Wno-semicolon-before-method-body @/Users/jasonlee/Library/Developer/Xcode/DerivedData/Notch-ddzsfiyxyoauidejndllmosklbkq/Build/Intermediates.noindex/PostHog.build/Release/phlibwebp.build/Objects-normal/arm64/7187679823f38a2a940e0043cdf9d637-common-args.resp -MMD -MT dependencies -MF /Users/jasonlee/Library/Developer/Xcode/DerivedData/Notch-ddzsfiyxyoauidejndllmosklbkq/Build/Intermediates.noindex/PostHog.build/Release/phlibwebp.build/Objects-normal/arm64/iterator_enc.d --serialize-diagnostics /Users/jasonlee/Library/Developer/Xcode/DerivedData/Notch-ddzsfiyxyoauidejndllmosklbkq/Build/Intermediates.noindex/PostHog.build/Release/phlibwebp.build/Objects-normal/arm64/iterator_enc.dia -c /Users/jasonlee/Library/Developer/Xcode/DerivedData/Notch-ddzsfiyxyoauidejndllmosklbkq/SourcePackages/checkouts/posthog-ios/vendor/libwebp/iterator_enc.c -o /Users/jasonlee/Library/Developer/Xcode/DerivedData/Notch-ddzsfiyxyoauidejndllmosklbkq/Build/Intermediates.noindex/PostHog.build/Release/phlibwebp.build/Objects-normal/arm64/iterator_enc.o

CompileC /Users/jasonlee/Library/Developer/Xcode/DerivedData/Notch-ddzsfiyxyoauidejndllmosklbkq/Build/Intermediates.noindex/PostHog.build/Release/phlibwebp.build/Objects-normal/arm64/huffman_utils.o /Users/jasonlee/Library/Developer/Xcode/DerivedData/Notch-ddzsfiyxyoauidejndllmosklbkq/SourcePackages/checkouts/posthog-ios/vendor/libwebp/huffman_utils.c normal arm64 c com.apple.compilers.llvm.clang.1_0.compiler (in target 'phlibwebp' from project 'PostHog')
    cd /Users/jasonlee/Coding/App/Notch/Notch.xcodeproj
    
    Using response file: /Users/jasonlee/Library/Developer/Xcode/DerivedData/Notch-ddzsfiyxyoauidejndllmosklbkq/Build/Intermediates.noindex/PostHog.build/Release/phlibwebp.build/Objects-normal/arm64/7187679823f38a2a940e0043cdf9d637-common-args.resp
    
    /Applications/Xcode.app/Contents/Developer/Toolchains/XcodeDefault.xctoolchain/usr/bin/clang -x c -ivfsstatcache /Users/jasonlee/Library/Developer/Xcode/DerivedData/SDKStatCaches.noindex/macosx26.4-25E251-30f9ca8789b706f8bd3fc906a70d770f.sdkstatcache -target arm64-apple-macos10.15 -fmessage-length\=0 -fdiagnostics-show-note-include-stack -fmacro-backtrace-limit\=0 -fno-color-diagnostics -fmodules-prune-interval\=86400 -fmodules-prune-after\=345600 -fbuild-session-file\=/Users/jasonlee/Library/Developer/Xcode/DerivedData/ModuleCache.noindex/Session.modulevalidation -fmodules-validate-once-per-build-session -Wnon-modular-include-in-framework-module -Werror\=non-modular-include-in-framework-module -Wno-trigraphs -Wno-missing-field-initializers -Wno-missing-prototypes -Wno-return-type -Wno-missing-braces -Wparentheses -Wswitch -Wno-unused-function -Wno-unused-label -Wno-unused-parameter -Wno-unused-variable -Wunused-value -Wno-empty-body -Wno-uninitialized -Wno-unknown-pragmas -w -Wno-shadow -Wno-four-char-constants -Wno-conversion -Wno-constant-conversion -Wno-int-conversion -Wno-bool-conversion -Wno-enum-conversion -Wno-float-conversion -Wno-non-literal-null-conversion -Wno-objc-literal-conversion -Wshorten-64-to-32 -Wpointer-sign -Wno-newline-eof -Wno-implicit-fallthrough -isysroot /Applications/Xcode.app/Contents/Developer/Platforms/MacOSX.platform/Developer/SDKs/MacOSX26.4.sdk -fstrict-aliasing -Wdeprecated-declarations -Wno-sign-conversion -Wno-infinite-recursion -Wno-comma -Wno-block-capture-autoreleasing -Wno-strict-prototypes -Wno-semicolon-before-method-body @/Users/jasonlee/Library/Developer/Xcode/DerivedData/Notch-ddzsfiyxyoauidejndllmosklbkq/Build/Intermediates.noindex/PostHog.build/Release/phlibwebp.build/Objects-normal/arm64/7187679823f38a2a940e0043cdf9d637-common-args.resp -MMD -MT dependencies -MF /Users/jasonlee/Library/Developer/Xcode/DerivedData/Notch-ddzsfiyxyoauidejndllmosklbkq/Build/Intermediates.noindex/PostHog.build/Release/phlibwebp.build/Objects-normal/arm64/huffman_utils.d --serialize-diagnostics /Users/jasonlee/Library/Developer/Xcode/DerivedData/Notch-ddzsfiyxyoauidejndllmosklbkq/Build/Intermediates.noindex/PostHog.build/Release/phlibwebp.build/Objects-normal/arm64/huffman_utils.dia -c /Users/jasonlee/Library/Developer/Xcode/DerivedData/Notch-ddzsfiyxyoauidejndllmosklbkq/SourcePackages/checkouts/posthog-ios/vendor/libwebp/huffman_utils.c -o /Users/jasonlee/Library/Developer/Xcode/DerivedData/Notch-ddzsfiyxyoauidejndllmosklbkq/Build/Intermediates.noindex/PostHog.build/Release/phlibwebp.build/Objects-normal/arm64/huffman_utils.o

CompileC /Users/jasonlee/Library/Developer/Xcode/DerivedData/Notch-ddzsfiyxyoauidejndllmosklbkq/Build/Intermediates.noindex/PostHog.build/Release/phlibwebp.build/Objects-normal/arm64/huffman_encode_utils.o /Users/jasonlee/Library/Developer/Xcode/DerivedData/Notch-ddzsfiyxyoauidejndllmosklbkq/SourcePackages/checkouts/posthog-ios/vendor/libwebp/huffman_encode_utils.c normal arm64 c com.apple.compilers.llvm.clang.1_0.compiler (in target 'phlibwebp' from project 'PostHog')
    cd /Users/jasonlee/Coding/App/Notch/Notch.xcodeproj
    
    Using response file: /Users/jasonlee/Library/Developer/Xcode/DerivedData/Notch-ddzsfiyxyoauidejndllmosklbkq/Build/Intermediates.noindex/PostHog.build/Release/phlibwebp.build/Objects-normal/arm64/7187679823f38a2a940e0043cdf9d637-common-args.resp
    
    /Applications/Xcode.app/Contents/Developer/Toolchains/XcodeDefault.xctoolchain/usr/bin/clang -x c -ivfsstatcache /Users/jasonlee/Library/Developer/Xcode/DerivedData/SDKStatCaches.noindex/macosx26.4-25E251-30f9ca8789b706f8bd3fc906a70d770f.sdkstatcache -target arm64-apple-macos10.15 -fmessage-length\=0 -fdiagnostics-show-note-include-stack -fmacro-backtrace-limit\=0 -fno-color-diagnostics -fmodules-prune-interval\=86400 -fmodules-prune-after\=345600 -fbuild-session-file\=/Users/jasonlee/Library/Developer/Xcode/DerivedData/ModuleCache.noindex/Session.modulevalidation -fmodules-validate-once-per-build-session -Wnon-modular-include-in-framework-module -Werror\=non-modular-include-in-framework-module -Wno-trigraphs -Wno-missing-field-initializers -Wno-missing-prototypes -Wno-return-type -Wno-missing-braces -Wparentheses -Wswitch -Wno-unused-function -Wno-unused-label -Wno-unused-parameter -Wno-unused-variable -Wunused-value -Wno-empty-body -Wno-uninitialized -Wno-unknown-pragmas -w -Wno-shadow -Wno-four-char-constants -Wno-conversion -Wno-constant-conversion -Wno-int-conversion -Wno-bool-conversion -Wno-enum-conversion -Wno-float-conversion -Wno-non-literal-null-conversion -Wno-objc-literal-conversion -Wshorten-64-to-32 -Wpointer-sign -Wno-newline-eof -Wno-implicit-fallthrough -isysroot /Applications/Xcode.app/Contents/Developer/Platforms/MacOSX.platform/Developer/SDKs/MacOSX26.4.sdk -fstrict-aliasing -Wdeprecated-declarations -Wno-sign-conversion -Wno-infinite-recursion -Wno-comma -Wno-block-capture-autoreleasing -Wno-strict-prototypes -Wno-semicolon-before-method-body @/Users/jasonlee/Library/Developer/Xcode/DerivedData/Notch-ddzsfiyxyoauidejndllmosklbkq/Build/Intermediates.noindex/PostHog.build/Release/phlibwebp.build/Objects-normal/arm64/7187679823f38a2a940e0043cdf9d637-common-args.resp -MMD -MT dependencies -MF /Users/jasonlee/Library/Developer/Xcode/DerivedData/Notch-ddzsfiyxyoauidejndllmosklbkq/Build/Intermediates.noindex/PostHog.build/Release/phlibwebp.build/Objects-normal/arm64/huffman_encode_utils.d --serialize-diagnostics /Users/jasonlee/Library/Developer/Xcode/DerivedData/Notch-ddzsfiyxyoauidejndllmosklbkq/Build/Intermediates.noindex/PostHog.build/Release/phlibwebp.build/Objects-normal/arm64/huffman_encode_utils.dia -c /Users/jasonlee/Library/Developer/Xcode/DerivedData/Notch-ddzsfiyxyoauidejndllmosklbkq/SourcePackages/checkouts/posthog-ios/vendor/libwebp/huffman_encode_utils.c -o /Users/jasonlee/Library/Developer/Xcode/DerivedData/Notch-ddzsfiyxyoauidejndllmosklbkq/Build/Intermediates.noindex/PostHog.build/Release/phlibwebp.build/Objects-normal/arm64/huffman_encode_utils.o

CompileC /Users/jasonlee/Library/Developer/Xcode/DerivedData/Notch-ddzsfiyxyoauidejndllmosklbkq/Build/Intermediates.noindex/PostHog.build/Release/phlibwebp.build/Objects-normal/arm64/histogram_enc.o /Users/jasonlee/Library/Developer/Xcode/DerivedData/Notch-ddzsfiyxyoauidejndllmosklbkq/SourcePackages/checkouts/posthog-ios/vendor/libwebp/histogram_enc.c normal arm64 c com.apple.compilers.llvm.clang.1_0.compiler (in target 'phlibwebp' from project 'PostHog')
    cd /Users/jasonlee/Coding/App/Notch/Notch.xcodeproj
    
    Using response file: /Users/jasonlee/Library/Developer/Xcode/DerivedData/Notch-ddzsfiyxyoauidejndllmosklbkq/Build/Intermediates.noindex/PostHog.build/Release/phlibwebp.build/Objects-normal/arm64/7187679823f38a2a940e0043cdf9d637-common-args.resp
    
    /Applications/Xcode.app/Contents/Developer/Toolchains/XcodeDefault.xctoolchain/usr/bin/clang -x c -ivfsstatcache /Users/jasonlee/Library/Developer/Xcode/DerivedData/SDKStatCaches.noindex/macosx26.4-25E251-30f9ca8789b706f8bd3fc906a70d770f.sdkstatcache -target arm64-apple-macos10.15 -fmessage-length\=0 -fdiagnostics-show-note-include-stack -fmacro-backtrace-limit\=0 -fno-color-diagnostics -fmodules-prune-interval\=86400 -fmodules-prune-after\=345600 -fbuild-session-file\=/Users/jasonlee/Library/Developer/Xcode/DerivedData/ModuleCache.noindex/Session.modulevalidation -fmodules-validate-once-per-build-session -Wnon-modular-include-in-framework-module -Werror\=non-modular-include-in-framework-module -Wno-trigraphs -Wno-missing-field-initializers -Wno-missing-prototypes -Wno-return-type -Wno-missing-braces -Wparentheses -Wswitch -Wno-unused-function -Wno-unused-label -Wno-unused-parameter -Wno-unused-variable -Wunused-value -Wno-empty-body -Wno-uninitialized -Wno-unknown-pragmas -w -Wno-shadow -Wno-four-char-constants -Wno-conversion -Wno-constant-conversion -Wno-int-conversion -Wno-bool-conversion -Wno-enum-conversion -Wno-float-conversion -Wno-non-literal-null-conversion -Wno-objc-literal-conversion -Wshorten-64-to-32 -Wpointer-sign -Wno-newline-eof -Wno-implicit-fallthrough -isysroot /Applications/Xcode.app/Contents/Developer/Platforms/MacOSX.platform/Developer/SDKs/MacOSX26.4.sdk -fstrict-aliasing -Wdeprecated-declarations -Wno-sign-conversion -Wno-infinite-recursion -Wno-comma -Wno-block-capture-autoreleasing -Wno-strict-prototypes -Wno-semicolon-before-method-body @/Users/jasonlee/Library/Developer/Xcode/DerivedData/Notch-ddzsfiyxyoauidejndllmosklbkq/Build/Intermediates.noindex/PostHog.build/Release/phlibwebp.build/Objects-normal/arm64/7187679823f38a2a940e0043cdf9d637-common-args.resp -MMD -MT dependencies -MF /Users/jasonlee/Library/Developer/Xcode/DerivedData/Notch-ddzsfiyxyoauidejndllmosklbkq/Build/Intermediates.noindex/PostHog.build/Release/phlibwebp.build/Objects-normal/arm64/histogram_enc.d --serialize-diagnostics /Users/jasonlee/Library/Developer/Xcode/DerivedData/Notch-ddzsfiyxyoauidejndllmosklbkq/Build/Intermediates.noindex/PostHog.build/Release/phlibwebp.build/Objects-normal/arm64/histogram_enc.dia -c /Users/jasonlee/Library/Developer/Xcode/DerivedData/Notch-ddzsfiyxyoauidejndllmosklbkq/SourcePackages/checkouts/posthog-ios/vendor/libwebp/histogram_enc.c -o /Users/jasonlee/Library/Developer/Xcode/DerivedData/Notch-ddzsfiyxyoauidejndllmosklbkq/Build/Intermediates.noindex/PostHog.build/Release/phlibwebp.build/Objects-normal/arm64/histogram_enc.o

CompileC /Users/jasonlee/Library/Developer/Xcode/DerivedData/Notch-ddzsfiyxyoauidejndllmosklbkq/Build/Intermediates.noindex/PostHog.build/Release/phlibwebp.build/Objects-normal/arm64/frame_enc.o /Users/jasonlee/Library/Developer/Xcode/DerivedData/Notch-ddzsfiyxyoauidejndllmosklbkq/SourcePackages/checkouts/posthog-ios/vendor/libwebp/frame_enc.c normal arm64 c com.apple.compilers.llvm.clang.1_0.compiler (in target 'phlibwebp' from project 'PostHog')
    cd /Users/jasonlee/Coding/App/Notch/Notch.xcodeproj
    
    Using response file: /Users/jasonlee/Library/Developer/Xcode/DerivedData/Notch-ddzsfiyxyoauidejndllmosklbkq/Build/Intermediates.noindex/PostHog.build/Release/phlibwebp.build/Objects-normal/arm64/7187679823f38a2a940e0043cdf9d637-common-args.resp
    
    /Applications/Xcode.app/Contents/Developer/Toolchains/XcodeDefault.xctoolchain/usr/bin/clang -x c -ivfsstatcache /Users/jasonlee/Library/Developer/Xcode/DerivedData/SDKStatCaches.noindex/macosx26.4-25E251-30f9ca8789b706f8bd3fc906a70d770f.sdkstatcache -target arm64-apple-macos10.15 -fmessage-length\=0 -fdiagnostics-show-note-include-stack -fmacro-backtrace-limit\=0 -fno-color-diagnostics -fmodules-prune-interval\=86400 -fmodules-prune-after\=345600 -fbuild-session-file\=/Users/jasonlee/Library/Developer/Xcode/DerivedData/ModuleCache.noindex/Session.modulevalidation -fmodules-validate-once-per-build-session -Wnon-modular-include-in-framework-module -Werror\=non-modular-include-in-framework-module -Wno-trigraphs -Wno-missing-field-initializers -Wno-missing-prototypes -Wno-return-type -Wno-missing-braces -Wparentheses -Wswitch -Wno-unused-function -Wno-unused-label -Wno-unused-parameter -Wno-unused-variable -Wunused-value -Wno-empty-body -Wno-uninitialized -Wno-unknown-pragmas -w -Wno-shadow -Wno-four-char-constants -Wno-conversion -Wno-constant-conversion -Wno-int-conversion -Wno-bool-conversion -Wno-enum-conversion -Wno-float-conversion -Wno-non-literal-null-conversion -Wno-objc-literal-conversion -Wshorten-64-to-32 -Wpointer-sign -Wno-newline-eof -Wno-implicit-fallthrough -isysroot /Applications/Xcode.app/Contents/Developer/Platforms/MacOSX.platform/Developer/SDKs/MacOSX26.4.sdk -fstrict-aliasing -Wdeprecated-declarations -Wno-sign-conversion -Wno-infinite-recursion -Wno-comma -Wno-block-capture-autoreleasing -Wno-strict-prototypes -Wno-semicolon-before-method-body @/Users/jasonlee/Library/Developer/Xcode/DerivedData/Notch-ddzsfiyxyoauidejndllmosklbkq/Build/Intermediates.noindex/PostHog.build/Release/phlibwebp.build/Objects-normal/arm64/7187679823f38a2a940e0043cdf9d637-common-args.resp -MMD -MT dependencies -MF /Users/jasonlee/Library/Developer/Xcode/DerivedData/Notch-ddzsfiyxyoauidejndllmosklbkq/Build/Intermediates.noindex/PostHog.build/Release/phlibwebp.build/Objects-normal/arm64/frame_enc.d --serialize-diagnostics /Users/jasonlee/Library/Developer/Xcode/DerivedData/Notch-ddzsfiyxyoauidejndllmosklbkq/Build/Intermediates.noindex/PostHog.build/Release/phlibwebp.build/Objects-normal/arm64/frame_enc.dia -c /Users/jasonlee/Library/Developer/Xcode/DerivedData/Notch-ddzsfiyxyoauidejndllmosklbkq/SourcePackages/checkouts/posthog-ios/vendor/libwebp/frame_enc.c -o /Users/jasonlee/Library/Developer/Xcode/DerivedData/Notch-ddzsfiyxyoauidejndllmosklbkq/Build/Intermediates.noindex/PostHog.build/Release/phlibwebp.build/Objects-normal/arm64/frame_enc.o

CompileC /Users/jasonlee/Library/Developer/Xcode/DerivedData/Notch-ddzsfiyxyoauidejndllmosklbkq/Build/Intermediates.noindex/PostHog.build/Release/phlibwebp.build/Objects-normal/arm64/filters_utils.o /Users/jasonlee/Library/Developer/Xcode/DerivedData/Notch-ddzsfiyxyoauidejndllmosklbkq/SourcePackages/checkouts/posthog-ios/vendor/libwebp/filters_utils.c normal arm64 c com.apple.compilers.llvm.clang.1_0.compiler (in target 'phlibwebp' from project 'PostHog')
    cd /Users/jasonlee/Coding/App/Notch/Notch.xcodeproj
    
    Using response file: /Users/jasonlee/Library/Developer/Xcode/DerivedData/Notch-ddzsfiyxyoauidejndllmosklbkq/Build/Intermediates.noindex/PostHog.build/Release/phlibwebp.build/Objects-normal/arm64/7187679823f38a2a940e0043cdf9d637-common-args.resp
    
    /Applications/Xcode.app/Contents/Developer/Toolchains/XcodeDefault.xctoolchain/usr/bin/clang -x c -ivfsstatcache /Users/jasonlee/Library/Developer/Xcode/DerivedData/SDKStatCaches.noindex/macosx26.4-25E251-30f9ca8789b706f8bd3fc906a70d770f.sdkstatcache -target arm64-apple-macos10.15 -fmessage-length\=0 -fdiagnostics-show-note-include-stack -fmacro-backtrace-limit\=0 -fno-color-diagnostics -fmodules-prune-interval\=86400 -fmodules-prune-after\=345600 -fbuild-session-file\=/Users/jasonlee/Library/Developer/Xcode/DerivedData/ModuleCache.noindex/Session.modulevalidation -fmodules-validate-once-per-build-session -Wnon-modular-include-in-framework-module -Werror\=non-modular-include-in-framework-module -Wno-trigraphs -Wno-missing-field-initializers -Wno-missing-prototypes -Wno-return-type -Wno-missing-braces -Wparentheses -Wswitch -Wno-unused-function -Wno-unused-label -Wno-unused-parameter -Wno-unused-variable -Wunused-value -Wno-empty-body -Wno-uninitialized -Wno-unknown-pragmas -w -Wno-shadow -Wno-four-char-constants -Wno-conversion -Wno-constant-conversion -Wno-int-conversion -Wno-bool-conversion -Wno-enum-conversion -Wno-float-conversion -Wno-non-literal-null-conversion -Wno-objc-literal-conversion -Wshorten-64-to-32 -Wpointer-sign -Wno-newline-eof -Wno-implicit-fallthrough -isysroot /Applications/Xcode.app/Contents/Developer/Platforms/MacOSX.platform/Developer/SDKs/MacOSX26.4.sdk -fstrict-aliasing -Wdeprecated-declarations -Wno-sign-conversion -Wno-infinite-recursion -Wno-comma -Wno-block-capture-autoreleasing -Wno-strict-prototypes -Wno-semicolon-before-method-body @/Users/jasonlee/Library/Developer/Xcode/DerivedData/Notch-ddzsfiyxyoauidejndllmosklbkq/Build/Intermediates.noindex/PostHog.build/Release/phlibwebp.build/Objects-normal/arm64/7187679823f38a2a940e0043cdf9d637-common-args.resp -MMD -MT dependencies -MF /Users/jasonlee/Library/Developer/Xcode/DerivedData/Notch-ddzsfiyxyoauidejndllmosklbkq/Build/Intermediates.noindex/PostHog.build/Release/phlibwebp.build/Objects-normal/arm64/filters_utils.d --serialize-diagnostics /Users/jasonlee/Library/Developer/Xcode/DerivedData/Notch-ddzsfiyxyoauidejndllmosklbkq/Build/Intermediates.noindex/PostHog.build/Release/phlibwebp.build/Objects-normal/arm64/filters_utils.dia -c /Users/jasonlee/Library/Developer/Xcode/DerivedData/Notch-ddzsfiyxyoauidejndllmosklbkq/SourcePackages/checkouts/posthog-ios/vendor/libwebp/filters_utils.c -o /Users/jasonlee/Library/Developer/Xcode/DerivedData/Notch-ddzsfiyxyoauidejndllmosklbkq/Build/Intermediates.noindex/PostHog.build/Release/phlibwebp.build/Objects-normal/arm64/filters_utils.o

CompileC /Users/jasonlee/Library/Developer/Xcode/DerivedData/Notch-ddzsfiyxyoauidejndllmosklbkq/Build/Intermediates.noindex/PostHog.build/Release/phlibwebp.build/Objects-normal/arm64/filters_sse2.o /Users/jasonlee/Library/Developer/Xcode/DerivedData/Notch-ddzsfiyxyoauidejndllmosklbkq/SourcePackages/checkouts/posthog-ios/vendor/libwebp/filters_sse2.c normal arm64 c com.apple.compilers.llvm.clang.1_0.compiler (in target 'phlibwebp' from project 'PostHog')
    cd /Users/jasonlee/Coding/App/Notch/Notch.xcodeproj
    
    Using response file: /Users/jasonlee/Library/Developer/Xcode/DerivedData/Notch-ddzsfiyxyoauidejndllmosklbkq/Build/Intermediates.noindex/PostHog.build/Release/phlibwebp.build/Objects-normal/arm64/7187679823f38a2a940e0043cdf9d637-common-args.resp
    
    /Applications/Xcode.app/Contents/Developer/Toolchains/XcodeDefault.xctoolchain/usr/bin/clang -x c -ivfsstatcache /Users/jasonlee/Library/Developer/Xcode/DerivedData/SDKStatCaches.noindex/macosx26.4-25E251-30f9ca8789b706f8bd3fc906a70d770f.sdkstatcache -target arm64-apple-macos10.15 -fmessage-length\=0 -fdiagnostics-show-note-include-stack -fmacro-backtrace-limit\=0 -fno-color-diagnostics -fmodules-prune-interval\=86400 -fmodules-prune-after\=345600 -fbuild-session-file\=/Users/jasonlee/Library/Developer/Xcode/DerivedData/ModuleCache.noindex/Session.modulevalidation -fmodules-validate-once-per-build-session -Wnon-modular-include-in-framework-module -Werror\=non-modular-include-in-framework-module -Wno-trigraphs -Wno-missing-field-initializers -Wno-missing-prototypes -Wno-return-type -Wno-missing-braces -Wparentheses -Wswitch -Wno-unused-function -Wno-unused-label -Wno-unused-parameter -Wno-unused-variable -Wunused-value -Wno-empty-body -Wno-uninitialized -Wno-unknown-pragmas -w -Wno-shadow -Wno-four-char-constants -Wno-conversion -Wno-constant-conversion -Wno-int-conversion -Wno-bool-conversion -Wno-enum-conversion -Wno-float-conversion -Wno-non-literal-null-conversion -Wno-objc-literal-conversion -Wshorten-64-to-32 -Wpointer-sign -Wno-newline-eof -Wno-implicit-fallthrough -isysroot /Applications/Xcode.app/Contents/Developer/Platforms/MacOSX.platform/Developer/SDKs/MacOSX26.4.sdk -fstrict-aliasing -Wdeprecated-declarations -Wno-sign-conversion -Wno-infinite-recursion -Wno-comma -Wno-block-capture-autoreleasing -Wno-strict-prototypes -Wno-semicolon-before-method-body @/Users/jasonlee/Library/Developer/Xcode/DerivedData/Notch-ddzsfiyxyoauidejndllmosklbkq/Build/Intermediates.noindex/PostHog.build/Release/phlibwebp.build/Objects-normal/arm64/7187679823f38a2a940e0043cdf9d637-common-args.resp -MMD -MT dependencies -MF /Users/jasonlee/Library/Developer/Xcode/DerivedData/Notch-ddzsfiyxyoauidejndllmosklbkq/Build/Intermediates.noindex/PostHog.build/Release/phlibwebp.build/Objects-normal/arm64/filters_sse2.d --serialize-diagnostics /Users/jasonlee/Library/Developer/Xcode/DerivedData/Notch-ddzsfiyxyoauidejndllmosklbkq/Build/Intermediates.noindex/PostHog.build/Release/phlibwebp.build/Objects-normal/arm64/filters_sse2.dia -c /Users/jasonlee/Library/Developer/Xcode/DerivedData/Notch-ddzsfiyxyoauidejndllmosklbkq/SourcePackages/checkouts/posthog-ios/vendor/libwebp/filters_sse2.c -o /Users/jasonlee/Library/Developer/Xcode/DerivedData/Notch-ddzsfiyxyoauidejndllmosklbkq/Build/Intermediates.noindex/PostHog.build/Release/phlibwebp.build/Objects-normal/arm64/filters_sse2.o

CompileC /Users/jasonlee/Library/Developer/Xcode/DerivedData/Notch-ddzsfiyxyoauidejndllmosklbkq/Build/Intermediates.noindex/PostHog.build/Release/phlibwebp.build/Objects-normal/arm64/filters_neon.o /Users/jasonlee/Library/Developer/Xcode/DerivedData/Notch-ddzsfiyxyoauidejndllmosklbkq/SourcePackages/checkouts/posthog-ios/vendor/libwebp/filters_neon.c normal arm64 c com.apple.compilers.llvm.clang.1_0.compiler (in target 'phlibwebp' from project 'PostHog')
    cd /Users/jasonlee/Coding/App/Notch/Notch.xcodeproj
    
    Using response file: /Users/jasonlee/Library/Developer/Xcode/DerivedData/Notch-ddzsfiyxyoauidejndllmosklbkq/Build/Intermediates.noindex/PostHog.build/Release/phlibwebp.build/Objects-normal/arm64/7187679823f38a2a940e0043cdf9d637-common-args.resp
    
    /Applications/Xcode.app/Contents/Developer/Toolchains/XcodeDefault.xctoolchain/usr/bin/clang -x c -ivfsstatcache /Users/jasonlee/Library/Developer/Xcode/DerivedData/SDKStatCaches.noindex/macosx26.4-25E251-30f9ca8789b706f8bd3fc906a70d770f.sdkstatcache -target arm64-apple-macos10.15 -fmessage-length\=0 -fdiagnostics-show-note-include-stack -fmacro-backtrace-limit\=0 -fno-color-diagnostics -fmodules-prune-interval\=86400 -fmodules-prune-after\=345600 -fbuild-session-file\=/Users/jasonlee/Library/Developer/Xcode/DerivedData/ModuleCache.noindex/Session.modulevalidation -fmodules-validate-once-per-build-session -Wnon-modular-include-in-framework-module -Werror\=non-modular-include-in-framework-module -Wno-trigraphs -Wno-missing-field-initializers -Wno-missing-prototypes -Wno-return-type -Wno-missing-braces -Wparentheses -Wswitch -Wno-unused-function -Wno-unused-label -Wno-unused-parameter -Wno-unused-variable -Wunused-value -Wno-empty-body -Wno-uninitialized -Wno-unknown-pragmas -w -Wno-shadow -Wno-four-char-constants -Wno-conversion -Wno-constant-conversion -Wno-int-conversion -Wno-bool-conversion -Wno-enum-conversion -Wno-float-conversion -Wno-non-literal-null-conversion -Wno-objc-literal-conversion -Wshorten-64-to-32 -Wpointer-sign -Wno-newline-eof -Wno-implicit-fallthrough -isysroot /Applications/Xcode.app/Contents/Developer/Platforms/MacOSX.platform/Developer/SDKs/MacOSX26.4.sdk -fstrict-aliasing -Wdeprecated-declarations -Wno-sign-conversion -Wno-infinite-recursion -Wno-comma -Wno-block-capture-autoreleasing -Wno-strict-prototypes -Wno-semicolon-before-method-body @/Users/jasonlee/Library/Developer/Xcode/DerivedData/Notch-ddzsfiyxyoauidejndllmosklbkq/Build/Intermediates.noindex/PostHog.build/Release/phlibwebp.build/Objects-normal/arm64/7187679823f38a2a940e0043cdf9d637-common-args.resp -MMD -MT dependencies -MF /Users/jasonlee/Library/Developer/Xcode/DerivedData/Notch-ddzsfiyxyoauidejndllmosklbkq/Build/Intermediates.noindex/PostHog.build/Release/phlibwebp.build/Objects-normal/arm64/filters_neon.d --serialize-diagnostics /Users/jasonlee/Library/Developer/Xcode/DerivedData/Notch-ddzsfiyxyoauidejndllmosklbkq/Build/Intermediates.noindex/PostHog.build/Release/phlibwebp.build/Objects-normal/arm64/filters_neon.dia -c /Users/jasonlee/Library/Developer/Xcode/DerivedData/Notch-ddzsfiyxyoauidejndllmosklbkq/SourcePackages/checkouts/posthog-ios/vendor/libwebp/filters_neon.c -o /Users/jasonlee/Library/Developer/Xcode/DerivedData/Notch-ddzsfiyxyoauidejndllmosklbkq/Build/Intermediates.noindex/PostHog.build/Release/phlibwebp.build/Objects-normal/arm64/filters_neon.o

CompileC /Users/jasonlee/Library/Developer/Xcode/DerivedData/Notch-ddzsfiyxyoauidejndllmosklbkq/Build/Intermediates.noindex/PostHog.build/Release/phlibwebp.build/Objects-normal/arm64/filters.o /Users/jasonlee/Library/Developer/Xcode/DerivedData/Notch-ddzsfiyxyoauidejndllmosklbkq/SourcePackages/checkouts/posthog-ios/vendor/libwebp/filters.c normal arm64 c com.apple.compilers.llvm.clang.1_0.compiler (in target 'phlibwebp' from project 'PostHog')
    cd /Users/jasonlee/Coding/App/Notch/Notch.xcodeproj
    
    Using response file: /Users/jasonlee/Library/Developer/Xcode/DerivedData/Notch-ddzsfiyxyoauidejndllmosklbkq/Build/Intermediates.noindex/PostHog.build/Release/phlibwebp.build/Objects-normal/arm64/7187679823f38a2a940e0043cdf9d637-common-args.resp
    
    /Applications/Xcode.app/Contents/Developer/Toolchains/XcodeDefault.xctoolchain/usr/bin/clang -x c -ivfsstatcache /Users/jasonlee/Library/Developer/Xcode/DerivedData/SDKStatCaches.noindex/macosx26.4-25E251-30f9ca8789b706f8bd3fc906a70d770f.sdkstatcache -target arm64-apple-macos10.15 -fmessage-length\=0 -fdiagnostics-show-note-include-stack -fmacro-backtrace-limit\=0 -fno-color-diagnostics -fmodules-prune-interval\=86400 -fmodules-prune-after\=345600 -fbuild-session-file\=/Users/jasonlee/Library/Developer/Xcode/DerivedData/ModuleCache.noindex/Session.modulevalidation -fmodules-validate-once-per-build-session -Wnon-modular-include-in-framework-module -Werror\=non-modular-include-in-framework-module -Wno-trigraphs -Wno-missing-field-initializers -Wno-missing-prototypes -Wno-return-type -Wno-missing-braces -Wparentheses -Wswitch -Wno-unused-function -Wno-unused-label -Wno-unused-parameter -Wno-unused-variable -Wunused-value -Wno-empty-body -Wno-uninitialized -Wno-unknown-pragmas -w -Wno-shadow -Wno-four-char-constants -Wno-conversion -Wno-constant-conversion -Wno-int-conversion -Wno-bool-conversion -Wno-enum-conversion -Wno-float-conversion -Wno-non-literal-null-conversion -Wno-objc-literal-conversion -Wshorten-64-to-32 -Wpointer-sign -Wno-newline-eof -Wno-implicit-fallthrough -isysroot /Applications/Xcode.app/Contents/Developer/Platforms/MacOSX.platform/Developer/SDKs/MacOSX26.4.sdk -fstrict-aliasing -Wdeprecated-declarations -Wno-sign-conversion -Wno-infinite-recursion -Wno-comma -Wno-block-capture-autoreleasing -Wno-strict-prototypes -Wno-semicolon-before-method-body @/Users/jasonlee/Library/Developer/Xcode/DerivedData/Notch-ddzsfiyxyoauidejndllmosklbkq/Build/Intermediates.noindex/PostHog.build/Release/phlibwebp.build/Objects-normal/arm64/7187679823f38a2a940e0043cdf9d637-common-args.resp -MMD -MT dependencies -MF /Users/jasonlee/Library/Developer/Xcode/DerivedData/Notch-ddzsfiyxyoauidejndllmosklbkq/Build/Intermediates.noindex/PostHog.build/Release/phlibwebp.build/Objects-normal/arm64/filters.d --serialize-diagnostics /Users/jasonlee/Library/Developer/Xcode/DerivedData/Notch-ddzsfiyxyoauidejndllmosklbkq/Build/Intermediates.noindex/PostHog.build/Release/phlibwebp.build/Objects-normal/arm64/filters.dia -c /Users/jasonlee/Library/Developer/Xcode/DerivedData/Notch-ddzsfiyxyoauidejndllmosklbkq/SourcePackages/checkouts/posthog-ios/vendor/libwebp/filters.c -o /Users/jasonlee/Library/Developer/Xcode/DerivedData/Notch-ddzsfiyxyoauidejndllmosklbkq/Build/Intermediates.noindex/PostHog.build/Release/phlibwebp.build/Objects-normal/arm64/filters.o

CompileC /Users/jasonlee/Library/Developer/Xcode/DerivedData/Notch-ddzsfiyxyoauidejndllmosklbkq/Build/Intermediates.noindex/PostHog.build/Release/phlibwebp.build/Objects-normal/arm64/filter_enc.o /Users/jasonlee/Library/Developer/Xcode/DerivedData/Notch-ddzsfiyxyoauidejndllmosklbkq/SourcePackages/checkouts/posthog-ios/vendor/libwebp/filter_enc.c normal arm64 c com.apple.compilers.llvm.clang.1_0.compiler (in target 'phlibwebp' from project 'PostHog')
    cd /Users/jasonlee/Coding/App/Notch/Notch.xcodeproj
    
    Using response file: /Users/jasonlee/Library/Developer/Xcode/DerivedData/Notch-ddzsfiyxyoauidejndllmosklbkq/Build/Intermediates.noindex/PostHog.build/Release/phlibwebp.build/Objects-normal/arm64/7187679823f38a2a940e0043cdf9d637-common-args.resp
    
    /Applications/Xcode.app/Contents/Developer/Toolchains/XcodeDefault.xctoolchain/usr/bin/clang -x c -ivfsstatcache /Users/jasonlee/Library/Developer/Xcode/DerivedData/SDKStatCaches.noindex/macosx26.4-25E251-30f9ca8789b706f8bd3fc906a70d770f.sdkstatcache -target arm64-apple-macos10.15 -fmessage-length\=0 -fdiagnostics-show-note-include-stack -fmacro-backtrace-limit\=0 -fno-color-diagnostics -fmodules-prune-interval\=86400 -fmodules-prune-after\=345600 -fbuild-session-file\=/Users/jasonlee/Library/Developer/Xcode/DerivedData/ModuleCache.noindex/Session.modulevalidation -fmodules-validate-once-per-build-session -Wnon-modular-include-in-framework-module -Werror\=non-modular-include-in-framework-module -Wno-trigraphs -Wno-missing-field-initializers -Wno-missing-prototypes -Wno-return-type -Wno-missing-braces -Wparentheses -Wswitch -Wno-unused-function -Wno-unused-label -Wno-unused-parameter -Wno-unused-variable -Wunused-value -Wno-empty-body -Wno-uninitialized -Wno-unknown-pragmas -w -Wno-shadow -Wno-four-char-constants -Wno-conversion -Wno-constant-conversion -Wno-int-conversion -Wno-bool-conversion -Wno-enum-conversion -Wno-float-conversion -Wno-non-literal-null-conversion -Wno-objc-literal-conversion -Wshorten-64-to-32 -Wpointer-sign -Wno-newline-eof -Wno-implicit-fallthrough -isysroot /Applications/Xcode.app/Contents/Developer/Platforms/MacOSX.platform/Developer/SDKs/MacOSX26.4.sdk -fstrict-aliasing -Wdeprecated-declarations -Wno-sign-conversion -Wno-infinite-recursion -Wno-comma -Wno-block-capture-autoreleasing -Wno-strict-prototypes -Wno-semicolon-before-method-body @/Users/jasonlee/Library/Developer/Xcode/DerivedData/Notch-ddzsfiyxyoauidejndllmosklbkq/Build/Intermediates.noindex/PostHog.build/Release/phlibwebp.build/Objects-normal/arm64/7187679823f38a2a940e0043cdf9d637-common-args.resp -MMD -MT dependencies -MF /Users/jasonlee/Library/Developer/Xcode/DerivedData/Notch-ddzsfiyxyoauidejndllmosklbkq/Build/Intermediates.noindex/PostHog.build/Release/phlibwebp.build/Objects-normal/arm64/filter_enc.d --serialize-diagnostics /Users/jasonlee/Library/Developer/Xcode/DerivedData/Notch-ddzsfiyxyoauidejndllmosklbkq/Build/Intermediates.noindex/PostHog.build/Release/phlibwebp.build/Objects-normal/arm64/filter_enc.dia -c /Users/jasonlee/Library/Developer/Xcode/DerivedData/Notch-ddzsfiyxyoauidejndllmosklbkq/SourcePackages/checkouts/posthog-ios/vendor/libwebp/filter_enc.c -o /Users/jasonlee/Library/Developer/Xcode/DerivedData/Notch-ddzsfiyxyoauidejndllmosklbkq/Build/Intermediates.noindex/PostHog.build/Release/phlibwebp.build/Objects-normal/arm64/filter_enc.o

CompileC /Users/jasonlee/Library/Developer/Xcode/DerivedData/Notch-ddzsfiyxyoauidejndllmosklbkq/Build/Intermediates.noindex/PostHog.build/Release/phlibwebp.build/Objects-normal/arm64/enc_sse41.o /Users/jasonlee/Library/Developer/Xcode/DerivedData/Notch-ddzsfiyxyoauidejndllmosklbkq/SourcePackages/checkouts/posthog-ios/vendor/libwebp/enc_sse41.c normal arm64 c com.apple.compilers.llvm.clang.1_0.compiler (in target 'phlibwebp' from project 'PostHog')
    cd /Users/jasonlee/Coding/App/Notch/Notch.xcodeproj
    
    Using response file: /Users/jasonlee/Library/Developer/Xcode/DerivedData/Notch-ddzsfiyxyoauidejndllmosklbkq/Build/Intermediates.noindex/PostHog.build/Release/phlibwebp.build/Objects-normal/arm64/7187679823f38a2a940e0043cdf9d637-common-args.resp
    
    /Applications/Xcode.app/Contents/Developer/Toolchains/XcodeDefault.xctoolchain/usr/bin/clang -x c -ivfsstatcache /Users/jasonlee/Library/Developer/Xcode/DerivedData/SDKStatCaches.noindex/macosx26.4-25E251-30f9ca8789b706f8bd3fc906a70d770f.sdkstatcache -target arm64-apple-macos10.15 -fmessage-length\=0 -fdiagnostics-show-note-include-stack -fmacro-backtrace-limit\=0 -fno-color-diagnostics -fmodules-prune-interval\=86400 -fmodules-prune-after\=345600 -fbuild-session-file\=/Users/jasonlee/Library/Developer/Xcode/DerivedData/ModuleCache.noindex/Session.modulevalidation -fmodules-validate-once-per-build-session -Wnon-modular-include-in-framework-module -Werror\=non-modular-include-in-framework-module -Wno-trigraphs -Wno-missing-field-initializers -Wno-missing-prototypes -Wno-return-type -Wno-missing-braces -Wparentheses -Wswitch -Wno-unused-function -Wno-unused-label -Wno-unused-parameter -Wno-unused-variable -Wunused-value -Wno-empty-body -Wno-uninitialized -Wno-unknown-pragmas -w -Wno-shadow -Wno-four-char-constants -Wno-conversion -Wno-constant-conversion -Wno-int-conversion -Wno-bool-conversion -Wno-enum-conversion -Wno-float-conversion -Wno-non-literal-null-conversion -Wno-objc-literal-conversion -Wshorten-64-to-32 -Wpointer-sign -Wno-newline-eof -Wno-implicit-fallthrough -isysroot /Applications/Xcode.app/Contents/Developer/Platforms/MacOSX.platform/Developer/SDKs/MacOSX26.4.sdk -fstrict-aliasing -Wdeprecated-declarations -Wno-sign-conversion -Wno-infinite-recursion -Wno-comma -Wno-block-capture-autoreleasing -Wno-strict-prototypes -Wno-semicolon-before-method-body @/Users/jasonlee/Library/Developer/Xcode/DerivedData/Notch-ddzsfiyxyoauidejndllmosklbkq/Build/Intermediates.noindex/PostHog.build/Release/phlibwebp.build/Objects-normal/arm64/7187679823f38a2a940e0043cdf9d637-common-args.resp -MMD -MT dependencies -MF /Users/jasonlee/Library/Developer/Xcode/DerivedData/Notch-ddzsfiyxyoauidejndllmosklbkq/Build/Intermediates.noindex/PostHog.build/Release/phlibwebp.build/Objects-normal/arm64/enc_sse41.d --serialize-diagnostics /Users/jasonlee/Library/Developer/Xcode/DerivedData/Notch-ddzsfiyxyoauidejndllmosklbkq/Build/Intermediates.noindex/PostHog.build/Release/phlibwebp.build/Objects-normal/arm64/enc_sse41.dia -c /Users/jasonlee/Library/Developer/Xcode/DerivedData/Notch-ddzsfiyxyoauidejndllmosklbkq/SourcePackages/checkouts/posthog-ios/vendor/libwebp/enc_sse41.c -o /Users/jasonlee/Library/Developer/Xcode/DerivedData/Notch-ddzsfiyxyoauidejndllmosklbkq/Build/Intermediates.noindex/PostHog.build/Release/phlibwebp.build/Objects-normal/arm64/enc_sse41.o

CompileC /Users/jasonlee/Library/Developer/Xcode/DerivedData/Notch-ddzsfiyxyoauidejndllmosklbkq/Build/Intermediates.noindex/PostHog.build/Release/phlibwebp.build/Objects-normal/arm64/enc_sse2.o /Users/jasonlee/Library/Developer/Xcode/DerivedData/Notch-ddzsfiyxyoauidejndllmosklbkq/SourcePackages/checkouts/posthog-ios/vendor/libwebp/enc_sse2.c normal arm64 c com.apple.compilers.llvm.clang.1_0.compiler (in target 'phlibwebp' from project 'PostHog')
    cd /Users/jasonlee/Coding/App/Notch/Notch.xcodeproj
    
    Using response file: /Users/jasonlee/Library/Developer/Xcode/DerivedData/Notch-ddzsfiyxyoauidejndllmosklbkq/Build/Intermediates.noindex/PostHog.build/Release/phlibwebp.build/Objects-normal/arm64/7187679823f38a2a940e0043cdf9d637-common-args.resp
    
    /Applications/Xcode.app/Contents/Developer/Toolchains/XcodeDefault.xctoolchain/usr/bin/clang -x c -ivfsstatcache /Users/jasonlee/Library/Developer/Xcode/DerivedData/SDKStatCaches.noindex/macosx26.4-25E251-30f9ca8789b706f8bd3fc906a70d770f.sdkstatcache -target arm64-apple-macos10.15 -fmessage-length\=0 -fdiagnostics-show-note-include-stack -fmacro-backtrace-limit\=0 -fno-color-diagnostics -fmodules-prune-interval\=86400 -fmodules-prune-after\=345600 -fbuild-session-file\=/Users/jasonlee/Library/Developer/Xcode/DerivedData/ModuleCache.noindex/Session.modulevalidation -fmodules-validate-once-per-build-session -Wnon-modular-include-in-framework-module -Werror\=non-modular-include-in-framework-module -Wno-trigraphs -Wno-missing-field-initializers -Wno-missing-prototypes -Wno-return-type -Wno-missing-braces -Wparentheses -Wswitch -Wno-unused-function -Wno-unused-label -Wno-unused-parameter -Wno-unused-variable -Wunused-value -Wno-empty-body -Wno-uninitialized -Wno-unknown-pragmas -w -Wno-shadow -Wno-four-char-constants -Wno-conversion -Wno-constant-conversion -Wno-int-conversion -Wno-bool-conversion -Wno-enum-conversion -Wno-float-conversion -Wno-non-literal-null-conversion -Wno-objc-literal-conversion -Wshorten-64-to-32 -Wpointer-sign -Wno-newline-eof -Wno-implicit-fallthrough -isysroot /Applications/Xcode.app/Contents/Developer/Platforms/MacOSX.platform/Developer/SDKs/MacOSX26.4.sdk -fstrict-aliasing -Wdeprecated-declarations -Wno-sign-conversion -Wno-infinite-recursion -Wno-comma -Wno-block-capture-autoreleasing -Wno-strict-prototypes -Wno-semicolon-before-method-body @/Users/jasonlee/Library/Developer/Xcode/DerivedData/Notch-ddzsfiyxyoauidejndllmosklbkq/Build/Intermediates.noindex/PostHog.build/Release/phlibwebp.build/Objects-normal/arm64/7187679823f38a2a940e0043cdf9d637-common-args.resp -MMD -MT dependencies -MF /Users/jasonlee/Library/Developer/Xcode/DerivedData/Notch-ddzsfiyxyoauidejndllmosklbkq/Build/Intermediates.noindex/PostHog.build/Release/phlibwebp.build/Objects-normal/arm64/enc_sse2.d --serialize-diagnostics /Users/jasonlee/Library/Developer/Xcode/DerivedData/Notch-ddzsfiyxyoauidejndllmosklbkq/Build/Intermediates.noindex/PostHog.build/Release/phlibwebp.build/Objects-normal/arm64/enc_sse2.dia -c /Users/jasonlee/Library/Developer/Xcode/DerivedData/Notch-ddzsfiyxyoauidejndllmosklbkq/SourcePackages/checkouts/posthog-ios/vendor/libwebp/enc_sse2.c -o /Users/jasonlee/Library/Developer/Xcode/DerivedData/Notch-ddzsfiyxyoauidejndllmosklbkq/Build/Intermediates.noindex/PostHog.build/Release/phlibwebp.build/Objects-normal/arm64/enc_sse2.o

CompileC /Users/jasonlee/Library/Developer/Xcode/DerivedData/Notch-ddzsfiyxyoauidejndllmosklbkq/Build/Intermediates.noindex/PostHog.build/Release/phlibwebp.build/Objects-normal/arm64/enc_neon.o /Users/jasonlee/Library/Developer/Xcode/DerivedData/Notch-ddzsfiyxyoauidejndllmosklbkq/SourcePackages/checkouts/posthog-ios/vendor/libwebp/enc_neon.c normal arm64 c com.apple.compilers.llvm.clang.1_0.compiler (in target 'phlibwebp' from project 'PostHog')
    cd /Users/jasonlee/Coding/App/Notch/Notch.xcodeproj
    
    Using response file: /Users/jasonlee/Library/Developer/Xcode/DerivedData/Notch-ddzsfiyxyoauidejndllmosklbkq/Build/Intermediates.noindex/PostHog.build/Release/phlibwebp.build/Objects-normal/arm64/7187679823f38a2a940e0043cdf9d637-common-args.resp
    
    /Applications/Xcode.app/Contents/Developer/Toolchains/XcodeDefault.xctoolchain/usr/bin/clang -x c -ivfsstatcache /Users/jasonlee/Library/Developer/Xcode/DerivedData/SDKStatCaches.noindex/macosx26.4-25E251-30f9ca8789b706f8bd3fc906a70d770f.sdkstatcache -target arm64-apple-macos10.15 -fmessage-length\=0 -fdiagnostics-show-note-include-stack -fmacro-backtrace-limit\=0 -fno-color-diagnostics -fmodules-prune-interval\=86400 -fmodules-prune-after\=345600 -fbuild-session-file\=/Users/jasonlee/Library/Developer/Xcode/DerivedData/ModuleCache.noindex/Session.modulevalidation -fmodules-validate-once-per-build-session -Wnon-modular-include-in-framework-module -Werror\=non-modular-include-in-framework-module -Wno-trigraphs -Wno-missing-field-initializers -Wno-missing-prototypes -Wno-return-type -Wno-missing-braces -Wparentheses -Wswitch -Wno-unused-function -Wno-unused-label -Wno-unused-parameter -Wno-unused-variable -Wunused-value -Wno-empty-body -Wno-uninitialized -Wno-unknown-pragmas -w -Wno-shadow -Wno-four-char-constants -Wno-conversion -Wno-constant-conversion -Wno-int-conversion -Wno-bool-conversion -Wno-enum-conversion -Wno-float-conversion -Wno-non-literal-null-conversion -Wno-objc-literal-conversion -Wshorten-64-to-32 -Wpointer-sign -Wno-newline-eof -Wno-implicit-fallthrough -isysroot /Applications/Xcode.app/Contents/Developer/Platforms/MacOSX.platform/Developer/SDKs/MacOSX26.4.sdk -fstrict-aliasing -Wdeprecated-declarations -Wno-sign-conversion -Wno-infinite-recursion -Wno-comma -Wno-block-capture-autoreleasing -Wno-strict-prototypes -Wno-semicolon-before-method-body @/Users/jasonlee/Library/Developer/Xcode/DerivedData/Notch-ddzsfiyxyoauidejndllmosklbkq/Build/Intermediates.noindex/PostHog.build/Release/phlibwebp.build/Objects-normal/arm64/7187679823f38a2a940e0043cdf9d637-common-args.resp -MMD -MT dependencies -MF /Users/jasonlee/Library/Developer/Xcode/DerivedData/Notch-ddzsfiyxyoauidejndllmosklbkq/Build/Intermediates.noindex/PostHog.build/Release/phlibwebp.build/Objects-normal/arm64/enc_neon.d --serialize-diagnostics /Users/jasonlee/Library/Developer/Xcode/DerivedData/Notch-ddzsfiyxyoauidejndllmosklbkq/Build/Intermediates.noindex/PostHog.build/Release/phlibwebp.build/Objects-normal/arm64/enc_neon.dia -c /Users/jasonlee/Library/Developer/Xcode/DerivedData/Notch-ddzsfiyxyoauidejndllmosklbkq/SourcePackages/checkouts/posthog-ios/vendor/libwebp/enc_neon.c -o /Users/jasonlee/Library/Developer/Xcode/DerivedData/Notch-ddzsfiyxyoauidejndllmosklbkq/Build/Intermediates.noindex/PostHog.build/Release/phlibwebp.build/Objects-normal/arm64/enc_neon.o

CompileC /Users/jasonlee/Library/Developer/Xcode/DerivedData/Notch-ddzsfiyxyoauidejndllmosklbkq/Build/Intermediates.noindex/PostHog.build/Release/phlibwebp.build/Objects-normal/arm64/enc.o /Users/jasonlee/Library/Developer/Xcode/DerivedData/Notch-ddzsfiyxyoauidejndllmosklbkq/SourcePackages/checkouts/posthog-ios/vendor/libwebp/enc.c normal arm64 c com.apple.compilers.llvm.clang.1_0.compiler (in target 'phlibwebp' from project 'PostHog')
    cd /Users/jasonlee/Coding/App/Notch/Notch.xcodeproj
    
    Using response file: /Users/jasonlee/Library/Developer/Xcode/DerivedData/Notch-ddzsfiyxyoauidejndllmosklbkq/Build/Intermediates.noindex/PostHog.build/Release/phlibwebp.build/Objects-normal/arm64/7187679823f38a2a940e0043cdf9d637-common-args.resp
    
    /Applications/Xcode.app/Contents/Developer/Toolchains/XcodeDefault.xctoolchain/usr/bin/clang -x c -ivfsstatcache /Users/jasonlee/Library/Developer/Xcode/DerivedData/SDKStatCaches.noindex/macosx26.4-25E251-30f9ca8789b706f8bd3fc906a70d770f.sdkstatcache -target arm64-apple-macos10.15 -fmessage-length\=0 -fdiagnostics-show-note-include-stack -fmacro-backtrace-limit\=0 -fno-color-diagnostics -fmodules-prune-interval\=86400 -fmodules-prune-after\=345600 -fbuild-session-file\=/Users/jasonlee/Library/Developer/Xcode/DerivedData/ModuleCache.noindex/Session.modulevalidation -fmodules-validate-once-per-build-session -Wnon-modular-include-in-framework-module -Werror\=non-modular-include-in-framework-module -Wno-trigraphs -Wno-missing-field-initializers -Wno-missing-prototypes -Wno-return-type -Wno-missing-braces -Wparentheses -Wswitch -Wno-unused-function -Wno-unused-label -Wno-unused-parameter -Wno-unused-variable -Wunused-value -Wno-empty-body -Wno-uninitialized -Wno-unknown-pragmas -w -Wno-shadow -Wno-four-char-constants -Wno-conversion -Wno-constant-conversion -Wno-int-conversion -Wno-bool-conversion -Wno-enum-conversion -Wno-float-conversion -Wno-non-literal-null-conversion -Wno-objc-literal-conversion -Wshorten-64-to-32 -Wpointer-sign -Wno-newline-eof -Wno-implicit-fallthrough -isysroot /Applications/Xcode.app/Contents/Developer/Platforms/MacOSX.platform/Developer/SDKs/MacOSX26.4.sdk -fstrict-aliasing -Wdeprecated-declarations -Wno-sign-conversion -Wno-infinite-recursion -Wno-comma -Wno-block-capture-autoreleasing -Wno-strict-prototypes -Wno-semicolon-before-method-body @/Users/jasonlee/Library/Developer/Xcode/DerivedData/Notch-ddzsfiyxyoauidejndllmosklbkq/Build/Intermediates.noindex/PostHog.build/Release/phlibwebp.build/Objects-normal/arm64/7187679823f38a2a940e0043cdf9d637-common-args.resp -MMD -MT dependencies -MF /Users/jasonlee/Library/Developer/Xcode/DerivedData/Notch-ddzsfiyxyoauidejndllmosklbkq/Build/Intermediates.noindex/PostHog.build/Release/phlibwebp.build/Objects-normal/arm64/enc.d --serialize-diagnostics /Users/jasonlee/Library/Developer/Xcode/DerivedData/Notch-ddzsfiyxyoauidejndllmosklbkq/Build/Intermediates.noindex/PostHog.build/Release/phlibwebp.build/Objects-normal/arm64/enc.dia -c /Users/jasonlee/Library/Developer/Xcode/DerivedData/Notch-ddzsfiyxyoauidejndllmosklbkq/SourcePackages/checkouts/posthog-ios/vendor/libwebp/enc.c -o /Users/jasonlee/Library/Developer/Xcode/DerivedData/Notch-ddzsfiyxyoauidejndllmosklbkq/Build/Intermediates.noindex/PostHog.build/Release/phlibwebp.build/Objects-normal/arm64/enc.o

CompileC /Users/jasonlee/Library/Developer/Xcode/DerivedData/Notch-ddzsfiyxyoauidejndllmosklbkq/Build/Intermediates.noindex/PostHog.build/Release/phlibwebp.build/Objects-normal/arm64/dec_sse41.o /Users/jasonlee/Library/Developer/Xcode/DerivedData/Notch-ddzsfiyxyoauidejndllmosklbkq/SourcePackages/checkouts/posthog-ios/vendor/libwebp/dec_sse41.c normal arm64 c com.apple.compilers.llvm.clang.1_0.compiler (in target 'phlibwebp' from project 'PostHog')
    cd /Users/jasonlee/Coding/App/Notch/Notch.xcodeproj
    
    Using response file: /Users/jasonlee/Library/Developer/Xcode/DerivedData/Notch-ddzsfiyxyoauidejndllmosklbkq/Build/Intermediates.noindex/PostHog.build/Release/phlibwebp.build/Objects-normal/arm64/7187679823f38a2a940e0043cdf9d637-common-args.resp
    
    /Applications/Xcode.app/Contents/Developer/Toolchains/XcodeDefault.xctoolchain/usr/bin/clang -x c -ivfsstatcache /Users/jasonlee/Library/Developer/Xcode/DerivedData/SDKStatCaches.noindex/macosx26.4-25E251-30f9ca8789b706f8bd3fc906a70d770f.sdkstatcache -target arm64-apple-macos10.15 -fmessage-length\=0 -fdiagnostics-show-note-include-stack -fmacro-backtrace-limit\=0 -fno-color-diagnostics -fmodules-prune-interval\=86400 -fmodules-prune-after\=345600 -fbuild-session-file\=/Users/jasonlee/Library/Developer/Xcode/DerivedData/ModuleCache.noindex/Session.modulevalidation -fmodules-validate-once-per-build-session -Wnon-modular-include-in-framework-module -Werror\=non-modular-include-in-framework-module -Wno-trigraphs -Wno-missing-field-initializers -Wno-missing-prototypes -Wno-return-type -Wno-missing-braces -Wparentheses -Wswitch -Wno-unused-function -Wno-unused-label -Wno-unused-parameter -Wno-unused-variable -Wunused-value -Wno-empty-body -Wno-uninitialized -Wno-unknown-pragmas -w -Wno-shadow -Wno-four-char-constants -Wno-conversion -Wno-constant-conversion -Wno-int-conversion -Wno-bool-conversion -Wno-enum-conversion -Wno-float-conversion -Wno-non-literal-null-conversion -Wno-objc-literal-conversion -Wshorten-64-to-32 -Wpointer-sign -Wno-newline-eof -Wno-implicit-fallthrough -isysroot /Applications/Xcode.app/Contents/Developer/Platforms/MacOSX.platform/Developer/SDKs/MacOSX26.4.sdk -fstrict-aliasing -Wdeprecated-declarations -Wno-sign-conversion -Wno-infinite-recursion -Wno-comma -Wno-block-capture-autoreleasing -Wno-strict-prototypes -Wno-semicolon-before-method-body @/Users/jasonlee/Library/Developer/Xcode/DerivedData/Notch-ddzsfiyxyoauidejndllmosklbkq/Build/Intermediates.noindex/PostHog.build/Release/phlibwebp.build/Objects-normal/arm64/7187679823f38a2a940e0043cdf9d637-common-args.resp -MMD -MT dependencies -MF /Users/jasonlee/Library/Developer/Xcode/DerivedData/Notch-ddzsfiyxyoauidejndllmosklbkq/Build/Intermediates.noindex/PostHog.build/Release/phlibwebp.build/Objects-normal/arm64/dec_sse41.d --serialize-diagnostics /Users/jasonlee/Library/Developer/Xcode/DerivedData/Notch-ddzsfiyxyoauidejndllmosklbkq/Build/Intermediates.noindex/PostHog.build/Release/phlibwebp.build/Objects-normal/arm64/dec_sse41.dia -c /Users/jasonlee/Library/Developer/Xcode/DerivedData/Notch-ddzsfiyxyoauidejndllmosklbkq/SourcePackages/checkouts/posthog-ios/vendor/libwebp/dec_sse41.c -o /Users/jasonlee/Library/Developer/Xcode/DerivedData/Notch-ddzsfiyxyoauidejndllmosklbkq/Build/Intermediates.noindex/PostHog.build/Release/phlibwebp.build/Objects-normal/arm64/dec_sse41.o

CompileC /Users/jasonlee/Library/Developer/Xcode/DerivedData/Notch-ddzsfiyxyoauidejndllmosklbkq/Build/Intermediates.noindex/PostHog.build/Release/phlibwebp.build/Objects-normal/arm64/dec_sse2.o /Users/jasonlee/Library/Developer/Xcode/DerivedData/Notch-ddzsfiyxyoauidejndllmosklbkq/SourcePackages/checkouts/posthog-ios/vendor/libwebp/dec_sse2.c normal arm64 c com.apple.compilers.llvm.clang.1_0.compiler (in target 'phlibwebp' from project 'PostHog')
    cd /Users/jasonlee/Coding/App/Notch/Notch.xcodeproj
    
    Using response file: /Users/jasonlee/Library/Developer/Xcode/DerivedData/Notch-ddzsfiyxyoauidejndllmosklbkq/Build/Intermediates.noindex/PostHog.build/Release/phlibwebp.build/Objects-normal/arm64/7187679823f38a2a940e0043cdf9d637-common-args.resp
    
    /Applications/Xcode.app/Contents/Developer/Toolchains/XcodeDefault.xctoolchain/usr/bin/clang -x c -ivfsstatcache /Users/jasonlee/Library/Developer/Xcode/DerivedData/SDKStatCaches.noindex/macosx26.4-25E251-30f9ca8789b706f8bd3fc906a70d770f.sdkstatcache -target arm64-apple-macos10.15 -fmessage-length\=0 -fdiagnostics-show-note-include-stack -fmacro-backtrace-limit\=0 -fno-color-diagnostics -fmodules-prune-interval\=86400 -fmodules-prune-after\=345600 -fbuild-session-file\=/Users/jasonlee/Library/Developer/Xcode/DerivedData/ModuleCache.noindex/Session.modulevalidation -fmodules-validate-once-per-build-session -Wnon-modular-include-in-framework-module -Werror\=non-modular-include-in-framework-module -Wno-trigraphs -Wno-missing-field-initializers -Wno-missing-prototypes -Wno-return-type -Wno-missing-braces -Wparentheses -Wswitch -Wno-unused-function -Wno-unused-label -Wno-unused-parameter -Wno-unused-variable -Wunused-value -Wno-empty-body -Wno-uninitialized -Wno-unknown-pragmas -w -Wno-shadow -Wno-four-char-constants -Wno-conversion -Wno-constant-conversion -Wno-int-conversion -Wno-bool-conversion -Wno-enum-conversion -Wno-float-conversion -Wno-non-literal-null-conversion -Wno-objc-literal-conversion -Wshorten-64-to-32 -Wpointer-sign -Wno-newline-eof -Wno-implicit-fallthrough -isysroot /Applications/Xcode.app/Contents/Developer/Platforms/MacOSX.platform/Developer/SDKs/MacOSX26.4.sdk -fstrict-aliasing -Wdeprecated-declarations -Wno-sign-conversion -Wno-infinite-recursion -Wno-comma -Wno-block-capture-autoreleasing -Wno-strict-prototypes -Wno-semicolon-before-method-body @/Users/jasonlee/Library/Developer/Xcode/DerivedData/Notch-ddzsfiyxyoauidejndllmosklbkq/Build/Intermediates.noindex/PostHog.build/Release/phlibwebp.build/Objects-normal/arm64/7187679823f38a2a940e0043cdf9d637-common-args.resp -MMD -MT dependencies -MF /Users/jasonlee/Library/Developer/Xcode/DerivedData/Notch-ddzsfiyxyoauidejndllmosklbkq/Build/Intermediates.noindex/PostHog.build/Release/phlibwebp.build/Objects-normal/arm64/dec_sse2.d --serialize-diagnostics /Users/jasonlee/Library/Developer/Xcode/DerivedData/Notch-ddzsfiyxyoauidejndllmosklbkq/Build/Intermediates.noindex/PostHog.build/Release/phlibwebp.build/Objects-normal/arm64/dec_sse2.dia -c /Users/jasonlee/Library/Developer/Xcode/DerivedData/Notch-ddzsfiyxyoauidejndllmosklbkq/SourcePackages/checkouts/posthog-ios/vendor/libwebp/dec_sse2.c -o /Users/jasonlee/Library/Developer/Xcode/DerivedData/Notch-ddzsfiyxyoauidejndllmosklbkq/Build/Intermediates.noindex/PostHog.build/Release/phlibwebp.build/Objects-normal/arm64/dec_sse2.o

CompileC /Users/jasonlee/Library/Developer/Xcode/DerivedData/Notch-ddzsfiyxyoauidejndllmosklbkq/Build/Intermediates.noindex/PostHog.build/Release/phlibwebp.build/Objects-normal/arm64/dec_neon.o /Users/jasonlee/Library/Developer/Xcode/DerivedData/Notch-ddzsfiyxyoauidejndllmosklbkq/SourcePackages/checkouts/posthog-ios/vendor/libwebp/dec_neon.c normal arm64 c com.apple.compilers.llvm.clang.1_0.compiler (in target 'phlibwebp' from project 'PostHog')
    cd /Users/jasonlee/Coding/App/Notch/Notch.xcodeproj
    
    Using response file: /Users/jasonlee/Library/Developer/Xcode/DerivedData/Notch-ddzsfiyxyoauidejndllmosklbkq/Build/Intermediates.noindex/PostHog.build/Release/phlibwebp.build/Objects-normal/arm64/7187679823f38a2a940e0043cdf9d637-common-args.resp
    
    /Applications/Xcode.app/Contents/Developer/Toolchains/XcodeDefault.xctoolchain/usr/bin/clang -x c -ivfsstatcache /Users/jasonlee/Library/Developer/Xcode/DerivedData/SDKStatCaches.noindex/macosx26.4-25E251-30f9ca8789b706f8bd3fc906a70d770f.sdkstatcache -target arm64-apple-macos10.15 -fmessage-length\=0 -fdiagnostics-show-note-include-stack -fmacro-backtrace-limit\=0 -fno-color-diagnostics -fmodules-prune-interval\=86400 -fmodules-prune-after\=345600 -fbuild-session-file\=/Users/jasonlee/Library/Developer/Xcode/DerivedData/ModuleCache.noindex/Session.modulevalidation -fmodules-validate-once-per-build-session -Wnon-modular-include-in-framework-module -Werror\=non-modular-include-in-framework-module -Wno-trigraphs -Wno-missing-field-initializers -Wno-missing-prototypes -Wno-return-type -Wno-missing-braces -Wparentheses -Wswitch -Wno-unused-function -Wno-unused-label -Wno-unused-parameter -Wno-unused-variable -Wunused-value -Wno-empty-body -Wno-uninitialized -Wno-unknown-pragmas -w -Wno-shadow -Wno-four-char-constants -Wno-conversion -Wno-constant-conversion -Wno-int-conversion -Wno-bool-conversion -Wno-enum-conversion -Wno-float-conversion -Wno-non-literal-null-conversion -Wno-objc-literal-conversion -Wshorten-64-to-32 -Wpointer-sign -Wno-newline-eof -Wno-implicit-fallthrough -isysroot /Applications/Xcode.app/Contents/Developer/Platforms/MacOSX.platform/Developer/SDKs/MacOSX26.4.sdk -fstrict-aliasing -Wdeprecated-declarations -Wno-sign-conversion -Wno-infinite-recursion -Wno-comma -Wno-block-capture-autoreleasing -Wno-strict-prototypes -Wno-semicolon-before-method-body @/Users/jasonlee/Library/Developer/Xcode/DerivedData/Notch-ddzsfiyxyoauidejndllmosklbkq/Build/Intermediates.noindex/PostHog.build/Release/phlibwebp.build/Objects-normal/arm64/7187679823f38a2a940e0043cdf9d637-common-args.resp -MMD -MT dependencies -MF /Users/jasonlee/Library/Developer/Xcode/DerivedData/Notch-ddzsfiyxyoauidejndllmosklbkq/Build/Intermediates.noindex/PostHog.build/Release/phlibwebp.build/Objects-normal/arm64/dec_neon.d --serialize-diagnostics /Users/jasonlee/Library/Developer/Xcode/DerivedData/Notch-ddzsfiyxyoauidejndllmosklbkq/Build/Intermediates.noindex/PostHog.build/Release/phlibwebp.build/Objects-normal/arm64/dec_neon.dia -c /Users/jasonlee/Library/Developer/Xcode/DerivedData/Notch-ddzsfiyxyoauidejndllmosklbkq/SourcePackages/checkouts/posthog-ios/vendor/libwebp/dec_neon.c -o /Users/jasonlee/Library/Developer/Xcode/DerivedData/Notch-ddzsfiyxyoauidejndllmosklbkq/Build/Intermediates.noindex/PostHog.build/Release/phlibwebp.build/Objects-normal/arm64/dec_neon.o

CompileC /Users/jasonlee/Library/Developer/Xcode/DerivedData/Notch-ddzsfiyxyoauidejndllmosklbkq/Build/Intermediates.noindex/PostHog.build/Release/phlibwebp.build/Objects-normal/arm64/dec_clip_tables.o /Users/jasonlee/Library/Developer/Xcode/DerivedData/Notch-ddzsfiyxyoauidejndllmosklbkq/SourcePackages/checkouts/posthog-ios/vendor/libwebp/dec_clip_tables.c normal arm64 c com.apple.compilers.llvm.clang.1_0.compiler (in target 'phlibwebp' from project 'PostHog')
    cd /Users/jasonlee/Coding/App/Notch/Notch.xcodeproj
    
    Using response file: /Users/jasonlee/Library/Developer/Xcode/DerivedData/Notch-ddzsfiyxyoauidejndllmosklbkq/Build/Intermediates.noindex/PostHog.build/Release/phlibwebp.build/Objects-normal/arm64/7187679823f38a2a940e0043cdf9d637-common-args.resp
    
    /Applications/Xcode.app/Contents/Developer/Toolchains/XcodeDefault.xctoolchain/usr/bin/clang -x c -ivfsstatcache /Users/jasonlee/Library/Developer/Xcode/DerivedData/SDKStatCaches.noindex/macosx26.4-25E251-30f9ca8789b706f8bd3fc906a70d770f.sdkstatcache -target arm64-apple-macos10.15 -fmessage-length\=0 -fdiagnostics-show-note-include-stack -fmacro-backtrace-limit\=0 -fno-color-diagnostics -fmodules-prune-interval\=86400 -fmodules-prune-after\=345600 -fbuild-session-file\=/Users/jasonlee/Library/Developer/Xcode/DerivedData/ModuleCache.noindex/Session.modulevalidation -fmodules-validate-once-per-build-session -Wnon-modular-include-in-framework-module -Werror\=non-modular-include-in-framework-module -Wno-trigraphs -Wno-missing-field-initializers -Wno-missing-prototypes -Wno-return-type -Wno-missing-braces -Wparentheses -Wswitch -Wno-unused-function -Wno-unused-label -Wno-unused-parameter -Wno-unused-variable -Wunused-value -Wno-empty-body -Wno-uninitialized -Wno-unknown-pragmas -w -Wno-shadow -Wno-four-char-constants -Wno-conversion -Wno-constant-conversion -Wno-int-conversion -Wno-bool-conversion -Wno-enum-conversion -Wno-float-conversion -Wno-non-literal-null-conversion -Wno-objc-literal-conversion -Wshorten-64-to-32 -Wpointer-sign -Wno-newline-eof -Wno-implicit-fallthrough -isysroot /Applications/Xcode.app/Contents/Developer/Platforms/MacOSX.platform/Developer/SDKs/MacOSX26.4.sdk -fstrict-aliasing -Wdeprecated-declarations -Wno-sign-conversion -Wno-infinite-recursion -Wno-comma -Wno-block-capture-autoreleasing -Wno-strict-prototypes -Wno-semicolon-before-method-body @/Users/jasonlee/Library/Developer/Xcode/DerivedData/Notch-ddzsfiyxyoauidejndllmosklbkq/Build/Intermediates.noindex/PostHog.build/Release/phlibwebp.build/Objects-normal/arm64/7187679823f38a2a940e0043cdf9d637-common-args.resp -MMD -MT dependencies -MF /Users/jasonlee/Library/Developer/Xcode/DerivedData/Notch-ddzsfiyxyoauidejndllmosklbkq/Build/Intermediates.noindex/PostHog.build/Release/phlibwebp.build/Objects-normal/arm64/dec_clip_tables.d --serialize-diagnostics /Users/jasonlee/Library/Developer/Xcode/DerivedData/Notch-ddzsfiyxyoauidejndllmosklbkq/Build/Intermediates.noindex/PostHog.build/Release/phlibwebp.build/Objects-normal/arm64/dec_clip_tables.dia -c /Users/jasonlee/Library/Developer/Xcode/DerivedData/Notch-ddzsfiyxyoauidejndllmosklbkq/SourcePackages/checkouts/posthog-ios/vendor/libwebp/dec_clip_tables.c -o /Users/jasonlee/Library/Developer/Xcode/DerivedData/Notch-ddzsfiyxyoauidejndllmosklbkq/Build/Intermediates.noindex/PostHog.build/Release/phlibwebp.build/Objects-normal/arm64/dec_clip_tables.o

CompileC /Users/jasonlee/Library/Developer/Xcode/DerivedData/Notch-ddzsfiyxyoauidejndllmosklbkq/Build/Intermediates.noindex/PostHog.build/Release/phlibwebp.build/Objects-normal/arm64/dec.o /Users/jasonlee/Library/Developer/Xcode/DerivedData/Notch-ddzsfiyxyoauidejndllmosklbkq/SourcePackages/checkouts/posthog-ios/vendor/libwebp/dec.c normal arm64 c com.apple.compilers.llvm.clang.1_0.compiler (in target 'phlibwebp' from project 'PostHog')
    cd /Users/jasonlee/Coding/App/Notch/Notch.xcodeproj
    
    Using response file: /Users/jasonlee/Library/Developer/Xcode/DerivedData/Notch-ddzsfiyxyoauidejndllmosklbkq/Build/Intermediates.noindex/PostHog.build/Release/phlibwebp.build/Objects-normal/arm64/7187679823f38a2a940e0043cdf9d637-common-args.resp
    
    /Applications/Xcode.app/Contents/Developer/Toolchains/XcodeDefault.xctoolchain/usr/bin/clang -x c -ivfsstatcache /Users/jasonlee/Library/Developer/Xcode/DerivedData/SDKStatCaches.noindex/macosx26.4-25E251-30f9ca8789b706f8bd3fc906a70d770f.sdkstatcache -target arm64-apple-macos10.15 -fmessage-length\=0 -fdiagnostics-show-note-include-stack -fmacro-backtrace-limit\=0 -fno-color-diagnostics -fmodules-prune-interval\=86400 -fmodules-prune-after\=345600 -fbuild-session-file\=/Users/jasonlee/Library/Developer/Xcode/DerivedData/ModuleCache.noindex/Session.modulevalidation -fmodules-validate-once-per-build-session -Wnon-modular-include-in-framework-module -Werror\=non-modular-include-in-framework-module -Wno-trigraphs -Wno-missing-field-initializers -Wno-missing-prototypes -Wno-return-type -Wno-missing-braces -Wparentheses -Wswitch -Wno-unused-function -Wno-unused-label -Wno-unused-parameter -Wno-unused-variable -Wunused-value -Wno-empty-body -Wno-uninitialized -Wno-unknown-pragmas -w -Wno-shadow -Wno-four-char-constants -Wno-conversion -Wno-constant-conversion -Wno-int-conversion -Wno-bool-conversion -Wno-enum-conversion -Wno-float-conversion -Wno-non-literal-null-conversion -Wno-objc-literal-conversion -Wshorten-64-to-32 -Wpointer-sign -Wno-newline-eof -Wno-implicit-fallthrough -isysroot /Applications/Xcode.app/Contents/Developer/Platforms/MacOSX.platform/Developer/SDKs/MacOSX26.4.sdk -fstrict-aliasing -Wdeprecated-declarations -Wno-sign-conversion -Wno-infinite-recursion -Wno-comma -Wno-block-capture-autoreleasing -Wno-strict-prototypes -Wno-semicolon-before-method-body @/Users/jasonlee/Library/Developer/Xcode/DerivedData/Notch-ddzsfiyxyoauidejndllmosklbkq/Build/Intermediates.noindex/PostHog.build/Release/phlibwebp.build/Objects-normal/arm64/7187679823f38a2a940e0043cdf9d637-common-args.resp -MMD -MT dependencies -MF /Users/jasonlee/Library/Developer/Xcode/DerivedData/Notch-ddzsfiyxyoauidejndllmosklbkq/Build/Intermediates.noindex/PostHog.build/Release/phlibwebp.build/Objects-normal/arm64/dec.d --serialize-diagnostics /Users/jasonlee/Library/Developer/Xcode/DerivedData/Notch-ddzsfiyxyoauidejndllmosklbkq/Build/Intermediates.noindex/PostHog.build/Release/phlibwebp.build/Objects-normal/arm64/dec.dia -c /Users/jasonlee/Library/Developer/Xcode/DerivedData/Notch-ddzsfiyxyoauidejndllmosklbkq/SourcePackages/checkouts/posthog-ios/vendor/libwebp/dec.c -o /Users/jasonlee/Library/Developer/Xcode/DerivedData/Notch-ddzsfiyxyoauidejndllmosklbkq/Build/Intermediates.noindex/PostHog.build/Release/phlibwebp.build/Objects-normal/arm64/dec.o

CompileC /Users/jasonlee/Library/Developer/Xcode/DerivedData/Notch-ddzsfiyxyoauidejndllmosklbkq/Build/Intermediates.noindex/PostHog.build/Release/phlibwebp.build/Objects-normal/arm64/cpu.o /Users/jasonlee/Library/Developer/Xcode/DerivedData/Notch-ddzsfiyxyoauidejndllmosklbkq/SourcePackages/checkouts/posthog-ios/vendor/libwebp/cpu.c normal arm64 c com.apple.compilers.llvm.clang.1_0.compiler (in target 'phlibwebp' from project 'PostHog')
    cd /Users/jasonlee/Coding/App/Notch/Notch.xcodeproj
    
    Using response file: /Users/jasonlee/Library/Developer/Xcode/DerivedData/Notch-ddzsfiyxyoauidejndllmosklbkq/Build/Intermediates.noindex/PostHog.build/Release/phlibwebp.build/Objects-normal/arm64/7187679823f38a2a940e0043cdf9d637-common-args.resp
    
    /Applications/Xcode.app/Contents/Developer/Toolchains/XcodeDefault.xctoolchain/usr/bin/clang -x c -ivfsstatcache /Users/jasonlee/Library/Developer/Xcode/DerivedData/SDKStatCaches.noindex/macosx26.4-25E251-30f9ca8789b706f8bd3fc906a70d770f.sdkstatcache -target arm64-apple-macos10.15 -fmessage-length\=0 -fdiagnostics-show-note-include-stack -fmacro-backtrace-limit\=0 -fno-color-diagnostics -fmodules-prune-interval\=86400 -fmodules-prune-after\=345600 -fbuild-session-file\=/Users/jasonlee/Library/Developer/Xcode/DerivedData/ModuleCache.noindex/Session.modulevalidation -fmodules-validate-once-per-build-session -Wnon-modular-include-in-framework-module -Werror\=non-modular-include-in-framework-module -Wno-trigraphs -Wno-missing-field-initializers -Wno-missing-prototypes -Wno-return-type -Wno-missing-braces -Wparentheses -Wswitch -Wno-unused-function -Wno-unused-label -Wno-unused-parameter -Wno-unused-variable -Wunused-value -Wno-empty-body -Wno-uninitialized -Wno-unknown-pragmas -w -Wno-shadow -Wno-four-char-constants -Wno-conversion -Wno-constant-conversion -Wno-int-conversion -Wno-bool-conversion -Wno-enum-conversion -Wno-float-conversion -Wno-non-literal-null-conversion -Wno-objc-literal-conversion -Wshorten-64-to-32 -Wpointer-sign -Wno-newline-eof -Wno-implicit-fallthrough -isysroot /Applications/Xcode.app/Contents/Developer/Platforms/MacOSX.platform/Developer/SDKs/MacOSX26.4.sdk -fstrict-aliasing -Wdeprecated-declarations -Wno-sign-conversion -Wno-infinite-recursion -Wno-comma -Wno-block-capture-autoreleasing -Wno-strict-prototypes -Wno-semicolon-before-method-body @/Users/jasonlee/Library/Developer/Xcode/DerivedData/Notch-ddzsfiyxyoauidejndllmosklbkq/Build/Intermediates.noindex/PostHog.build/Release/phlibwebp.build/Objects-normal/arm64/7187679823f38a2a940e0043cdf9d637-common-args.resp -MMD -MT dependencies -MF /Users/jasonlee/Library/Developer/Xcode/DerivedData/Notch-ddzsfiyxyoauidejndllmosklbkq/Build/Intermediates.noindex/PostHog.build/Release/phlibwebp.build/Objects-normal/arm64/cpu.d --serialize-diagnostics /Users/jasonlee/Library/Developer/Xcode/DerivedData/Notch-ddzsfiyxyoauidejndllmosklbkq/Build/Intermediates.noindex/PostHog.build/Release/phlibwebp.build/Objects-normal/arm64/cpu.dia -c /Users/jasonlee/Library/Developer/Xcode/DerivedData/Notch-ddzsfiyxyoauidejndllmosklbkq/SourcePackages/checkouts/posthog-ios/vendor/libwebp/cpu.c -o /Users/jasonlee/Library/Developer/Xcode/DerivedData/Notch-ddzsfiyxyoauidejndllmosklbkq/Build/Intermediates.noindex/PostHog.build/Release/phlibwebp.build/Objects-normal/arm64/cpu.o

CompileC /Users/jasonlee/Library/Developer/Xcode/DerivedData/Notch-ddzsfiyxyoauidejndllmosklbkq/Build/Intermediates.noindex/PostHog.build/Release/phlibwebp.build/Objects-normal/arm64/cost_sse2.o /Users/jasonlee/Library/Developer/Xcode/DerivedData/Notch-ddzsfiyxyoauidejndllmosklbkq/SourcePackages/checkouts/posthog-ios/vendor/libwebp/cost_sse2.c normal arm64 c com.apple.compilers.llvm.clang.1_0.compiler (in target 'phlibwebp' from project 'PostHog')
    cd /Users/jasonlee/Coding/App/Notch/Notch.xcodeproj
    
    Using response file: /Users/jasonlee/Library/Developer/Xcode/DerivedData/Notch-ddzsfiyxyoauidejndllmosklbkq/Build/Intermediates.noindex/PostHog.build/Release/phlibwebp.build/Objects-normal/arm64/7187679823f38a2a940e0043cdf9d637-common-args.resp
    
    /Applications/Xcode.app/Contents/Developer/Toolchains/XcodeDefault.xctoolchain/usr/bin/clang -x c -ivfsstatcache /Users/jasonlee/Library/Developer/Xcode/DerivedData/SDKStatCaches.noindex/macosx26.4-25E251-30f9ca8789b706f8bd3fc906a70d770f.sdkstatcache -target arm64-apple-macos10.15 -fmessage-length\=0 -fdiagnostics-show-note-include-stack -fmacro-backtrace-limit\=0 -fno-color-diagnostics -fmodules-prune-interval\=86400 -fmodules-prune-after\=345600 -fbuild-session-file\=/Users/jasonlee/Library/Developer/Xcode/DerivedData/ModuleCache.noindex/Session.modulevalidation -fmodules-validate-once-per-build-session -Wnon-modular-include-in-framework-module -Werror\=non-modular-include-in-framework-module -Wno-trigraphs -Wno-missing-field-initializers -Wno-missing-prototypes -Wno-return-type -Wno-missing-braces -Wparentheses -Wswitch -Wno-unused-function -Wno-unused-label -Wno-unused-parameter -Wno-unused-variable -Wunused-value -Wno-empty-body -Wno-uninitialized -Wno-unknown-pragmas -w -Wno-shadow -Wno-four-char-constants -Wno-conversion -Wno-constant-conversion -Wno-int-conversion -Wno-bool-conversion -Wno-enum-conversion -Wno-float-conversion -Wno-non-literal-null-conversion -Wno-objc-literal-conversion -Wshorten-64-to-32 -Wpointer-sign -Wno-newline-eof -Wno-implicit-fallthrough -isysroot /Applications/Xcode.app/Contents/Developer/Platforms/MacOSX.platform/Developer/SDKs/MacOSX26.4.sdk -fstrict-aliasing -Wdeprecated-declarations -Wno-sign-conversion -Wno-infinite-recursion -Wno-comma -Wno-block-capture-autoreleasing -Wno-strict-prototypes -Wno-semicolon-before-method-body @/Users/jasonlee/Library/Developer/Xcode/DerivedData/Notch-ddzsfiyxyoauidejndllmosklbkq/Build/Intermediates.noindex/PostHog.build/Release/phlibwebp.build/Objects-normal/arm64/7187679823f38a2a940e0043cdf9d637-common-args.resp -MMD -MT dependencies -MF /Users/jasonlee/Library/Developer/Xcode/DerivedData/Notch-ddzsfiyxyoauidejndllmosklbkq/Build/Intermediates.noindex/PostHog.build/Release/phlibwebp.build/Objects-normal/arm64/cost_sse2.d --serialize-diagnostics /Users/jasonlee/Library/Developer/Xcode/DerivedData/Notch-ddzsfiyxyoauidejndllmosklbkq/Build/Intermediates.noindex/PostHog.build/Release/phlibwebp.build/Objects-normal/arm64/cost_sse2.dia -c /Users/jasonlee/Library/Developer/Xcode/DerivedData/Notch-ddzsfiyxyoauidejndllmosklbkq/SourcePackages/checkouts/posthog-ios/vendor/libwebp/cost_sse2.c -o /Users/jasonlee/Library/Developer/Xcode/DerivedData/Notch-ddzsfiyxyoauidejndllmosklbkq/Build/Intermediates.noindex/PostHog.build/Release/phlibwebp.build/Objects-normal/arm64/cost_sse2.o

CompileC /Users/jasonlee/Library/Developer/Xcode/DerivedData/Notch-ddzsfiyxyoauidejndllmosklbkq/Build/Intermediates.noindex/PostHog.build/Release/phlibwebp.build/Objects-normal/arm64/cost_neon.o /Users/jasonlee/Library/Developer/Xcode/DerivedData/Notch-ddzsfiyxyoauidejndllmosklbkq/SourcePackages/checkouts/posthog-ios/vendor/libwebp/cost_neon.c normal arm64 c com.apple.compilers.llvm.clang.1_0.compiler (in target 'phlibwebp' from project 'PostHog')
    cd /Users/jasonlee/Coding/App/Notch/Notch.xcodeproj
    
    Using response file: /Users/jasonlee/Library/Developer/Xcode/DerivedData/Notch-ddzsfiyxyoauidejndllmosklbkq/Build/Intermediates.noindex/PostHog.build/Release/phlibwebp.build/Objects-normal/arm64/7187679823f38a2a940e0043cdf9d637-common-args.resp
    
    /Applications/Xcode.app/Contents/Developer/Toolchains/XcodeDefault.xctoolchain/usr/bin/clang -x c -ivfsstatcache /Users/jasonlee/Library/Developer/Xcode/DerivedData/SDKStatCaches.noindex/macosx26.4-25E251-30f9ca8789b706f8bd3fc906a70d770f.sdkstatcache -target arm64-apple-macos10.15 -fmessage-length\=0 -fdiagnostics-show-note-include-stack -fmacro-backtrace-limit\=0 -fno-color-diagnostics -fmodules-prune-interval\=86400 -fmodules-prune-after\=345600 -fbuild-session-file\=/Users/jasonlee/Library/Developer/Xcode/DerivedData/ModuleCache.noindex/Session.modulevalidation -fmodules-validate-once-per-build-session -Wnon-modular-include-in-framework-module -Werror\=non-modular-include-in-framework-module -Wno-trigraphs -Wno-missing-field-initializers -Wno-missing-prototypes -Wno-return-type -Wno-missing-braces -Wparentheses -Wswitch -Wno-unused-function -Wno-unused-label -Wno-unused-parameter -Wno-unused-variable -Wunused-value -Wno-empty-body -Wno-uninitialized -Wno-unknown-pragmas -w -Wno-shadow -Wno-four-char-constants -Wno-conversion -Wno-constant-conversion -Wno-int-conversion -Wno-bool-conversion -Wno-enum-conversion -Wno-float-conversion -Wno-non-literal-null-conversion -Wno-objc-literal-conversion -Wshorten-64-to-32 -Wpointer-sign -Wno-newline-eof -Wno-implicit-fallthrough -isysroot /Applications/Xcode.app/Contents/Developer/Platforms/MacOSX.platform/Developer/SDKs/MacOSX26.4.sdk -fstrict-aliasing -Wdeprecated-declarations -Wno-sign-conversion -Wno-infinite-recursion -Wno-comma -Wno-block-capture-autoreleasing -Wno-strict-prototypes -Wno-semicolon-before-method-body @/Users/jasonlee/Library/Developer/Xcode/DerivedData/Notch-ddzsfiyxyoauidejndllmosklbkq/Build/Intermediates.noindex/PostHog.build/Release/phlibwebp.build/Objects-normal/arm64/7187679823f38a2a940e0043cdf9d637-common-args.resp -MMD -MT dependencies -MF /Users/jasonlee/Library/Developer/Xcode/DerivedData/Notch-ddzsfiyxyoauidejndllmosklbkq/Build/Intermediates.noindex/PostHog.build/Release/phlibwebp.build/Objects-normal/arm64/cost_neon.d --serialize-diagnostics /Users/jasonlee/Library/Developer/Xcode/DerivedData/Notch-ddzsfiyxyoauidejndllmosklbkq/Build/Intermediates.noindex/PostHog.build/Release/phlibwebp.build/Objects-normal/arm64/cost_neon.dia -c /Users/jasonlee/Library/Developer/Xcode/DerivedData/Notch-ddzsfiyxyoauidejndllmosklbkq/SourcePackages/checkouts/posthog-ios/vendor/libwebp/cost_neon.c -o /Users/jasonlee/Library/Developer/Xcode/DerivedData/Notch-ddzsfiyxyoauidejndllmosklbkq/Build/Intermediates.noindex/PostHog.build/Release/phlibwebp.build/Objects-normal/arm64/cost_neon.o

CompileC /Users/jasonlee/Library/Developer/Xcode/DerivedData/Notch-ddzsfiyxyoauidejndllmosklbkq/Build/Intermediates.noindex/PostHog.build/Release/phlibwebp.build/Objects-normal/arm64/cost_enc.o /Users/jasonlee/Library/Developer/Xcode/DerivedData/Notch-ddzsfiyxyoauidejndllmosklbkq/SourcePackages/checkouts/posthog-ios/vendor/libwebp/cost_enc.c normal arm64 c com.apple.compilers.llvm.clang.1_0.compiler (in target 'phlibwebp' from project 'PostHog')
    cd /Users/jasonlee/Coding/App/Notch/Notch.xcodeproj
    
    Using response file: /Users/jasonlee/Library/Developer/Xcode/DerivedData/Notch-ddzsfiyxyoauidejndllmosklbkq/Build/Intermediates.noindex/PostHog.build/Release/phlibwebp.build/Objects-normal/arm64/7187679823f38a2a940e0043cdf9d637-common-args.resp
    
    /Applications/Xcode.app/Contents/Developer/Toolchains/XcodeDefault.xctoolchain/usr/bin/clang -x c -ivfsstatcache /Users/jasonlee/Library/Developer/Xcode/DerivedData/SDKStatCaches.noindex/macosx26.4-25E251-30f9ca8789b706f8bd3fc906a70d770f.sdkstatcache -target arm64-apple-macos10.15 -fmessage-length\=0 -fdiagnostics-show-note-include-stack -fmacro-backtrace-limit\=0 -fno-color-diagnostics -fmodules-prune-interval\=86400 -fmodules-prune-after\=345600 -fbuild-session-file\=/Users/jasonlee/Library/Developer/Xcode/DerivedData/ModuleCache.noindex/Session.modulevalidation -fmodules-validate-once-per-build-session -Wnon-modular-include-in-framework-module -Werror\=non-modular-include-in-framework-module -Wno-trigraphs -Wno-missing-field-initializers -Wno-missing-prototypes -Wno-return-type -Wno-missing-braces -Wparentheses -Wswitch -Wno-unused-function -Wno-unused-label -Wno-unused-parameter -Wno-unused-variable -Wunused-value -Wno-empty-body -Wno-uninitialized -Wno-unknown-pragmas -w -Wno-shadow -Wno-four-char-constants -Wno-conversion -Wno-constant-conversion -Wno-int-conversion -Wno-bool-conversion -Wno-enum-conversion -Wno-float-conversion -Wno-non-literal-null-conversion -Wno-objc-literal-conversion -Wshorten-64-to-32 -Wpointer-sign -Wno-newline-eof -Wno-implicit-fallthrough -isysroot /Applications/Xcode.app/Contents/Developer/Platforms/MacOSX.platform/Developer/SDKs/MacOSX26.4.sdk -fstrict-aliasing -Wdeprecated-declarations -Wno-sign-conversion -Wno-infinite-recursion -Wno-comma -Wno-block-capture-autoreleasing -Wno-strict-prototypes -Wno-semicolon-before-method-body @/Users/jasonlee/Library/Developer/Xcode/DerivedData/Notch-ddzsfiyxyoauidejndllmosklbkq/Build/Intermediates.noindex/PostHog.build/Release/phlibwebp.build/Objects-normal/arm64/7187679823f38a2a940e0043cdf9d637-common-args.resp -MMD -MT dependencies -MF /Users/jasonlee/Library/Developer/Xcode/DerivedData/Notch-ddzsfiyxyoauidejndllmosklbkq/Build/Intermediates.noindex/PostHog.build/Release/phlibwebp.build/Objects-normal/arm64/cost_enc.d --serialize-diagnostics /Users/jasonlee/Library/Developer/Xcode/DerivedData/Notch-ddzsfiyxyoauidejndllmosklbkq/Build/Intermediates.noindex/PostHog.build/Release/phlibwebp.build/Objects-normal/arm64/cost_enc.dia -c /Users/jasonlee/Library/Developer/Xcode/DerivedData/Notch-ddzsfiyxyoauidejndllmosklbkq/SourcePackages/checkouts/posthog-ios/vendor/libwebp/cost_enc.c -o /Users/jasonlee/Library/Developer/Xcode/DerivedData/Notch-ddzsfiyxyoauidejndllmosklbkq/Build/Intermediates.noindex/PostHog.build/Release/phlibwebp.build/Objects-normal/arm64/cost_enc.o

CompileC /Users/jasonlee/Library/Developer/Xcode/DerivedData/Notch-ddzsfiyxyoauidejndllmosklbkq/Build/Intermediates.noindex/PostHog.build/Release/phlibwebp.build/Objects-normal/arm64/cost.o /Users/jasonlee/Library/Developer/Xcode/DerivedData/Notch-ddzsfiyxyoauidejndllmosklbkq/SourcePackages/checkouts/posthog-ios/vendor/libwebp/cost.c normal arm64 c com.apple.compilers.llvm.clang.1_0.compiler (in target 'phlibwebp' from project 'PostHog')
    cd /Users/jasonlee/Coding/App/Notch/Notch.xcodeproj
    
    Using response file: /Users/jasonlee/Library/Developer/Xcode/DerivedData/Notch-ddzsfiyxyoauidejndllmosklbkq/Build/Intermediates.noindex/PostHog.build/Release/phlibwebp.build/Objects-normal/arm64/7187679823f38a2a940e0043cdf9d637-common-args.resp
    
    /Applications/Xcode.app/Contents/Developer/Toolchains/XcodeDefault.xctoolchain/usr/bin/clang -x c -ivfsstatcache /Users/jasonlee/Library/Developer/Xcode/DerivedData/SDKStatCaches.noindex/macosx26.4-25E251-30f9ca8789b706f8bd3fc906a70d770f.sdkstatcache -target arm64-apple-macos10.15 -fmessage-length\=0 -fdiagnostics-show-note-include-stack -fmacro-backtrace-limit\=0 -fno-color-diagnostics -fmodules-prune-interval\=86400 -fmodules-prune-after\=345600 -fbuild-session-file\=/Users/jasonlee/Library/Developer/Xcode/DerivedData/ModuleCache.noindex/Session.modulevalidation -fmodules-validate-once-per-build-session -Wnon-modular-include-in-framework-module -Werror\=non-modular-include-in-framework-module -Wno-trigraphs -Wno-missing-field-initializers -Wno-missing-prototypes -Wno-return-type -Wno-missing-braces -Wparentheses -Wswitch -Wno-unused-function -Wno-unused-label -Wno-unused-parameter -Wno-unused-variable -Wunused-value -Wno-empty-body -Wno-uninitialized -Wno-unknown-pragmas -w -Wno-shadow -Wno-four-char-constants -Wno-conversion -Wno-constant-conversion -Wno-int-conversion -Wno-bool-conversion -Wno-enum-conversion -Wno-float-conversion -Wno-non-literal-null-conversion -Wno-objc-literal-conversion -Wshorten-64-to-32 -Wpointer-sign -Wno-newline-eof -Wno-implicit-fallthrough -isysroot /Applications/Xcode.app/Contents/Developer/Platforms/MacOSX.platform/Developer/SDKs/MacOSX26.4.sdk -fstrict-aliasing -Wdeprecated-declarations -Wno-sign-conversion -Wno-infinite-recursion -Wno-comma -Wno-block-capture-autoreleasing -Wno-strict-prototypes -Wno-semicolon-before-method-body @/Users/jasonlee/Library/Developer/Xcode/DerivedData/Notch-ddzsfiyxyoauidejndllmosklbkq/Build/Intermediates.noindex/PostHog.build/Release/phlibwebp.build/Objects-normal/arm64/7187679823f38a2a940e0043cdf9d637-common-args.resp -MMD -MT dependencies -MF /Users/jasonlee/Library/Developer/Xcode/DerivedData/Notch-ddzsfiyxyoauidejndllmosklbkq/Build/Intermediates.noindex/PostHog.build/Release/phlibwebp.build/Objects-normal/arm64/cost.d --serialize-diagnostics /Users/jasonlee/Library/Developer/Xcode/DerivedData/Notch-ddzsfiyxyoauidejndllmosklbkq/Build/Intermediates.noindex/PostHog.build/Release/phlibwebp.build/Objects-normal/arm64/cost.dia -c /Users/jasonlee/Library/Developer/Xcode/DerivedData/Notch-ddzsfiyxyoauidejndllmosklbkq/SourcePackages/checkouts/posthog-ios/vendor/libwebp/cost.c -o /Users/jasonlee/Library/Developer/Xcode/DerivedData/Notch-ddzsfiyxyoauidejndllmosklbkq/Build/Intermediates.noindex/PostHog.build/Release/phlibwebp.build/Objects-normal/arm64/cost.o

CompileC /Users/jasonlee/Library/Developer/Xcode/DerivedData/Notch-ddzsfiyxyoauidejndllmosklbkq/Build/Intermediates.noindex/PostHog.build/Release/phlibwebp.build/Objects-normal/arm64/config_enc.o /Users/jasonlee/Library/Developer/Xcode/DerivedData/Notch-ddzsfiyxyoauidejndllmosklbkq/SourcePackages/checkouts/posthog-ios/vendor/libwebp/config_enc.c normal arm64 c com.apple.compilers.llvm.clang.1_0.compiler (in target 'phlibwebp' from project 'PostHog')
    cd /Users/jasonlee/Coding/App/Notch/Notch.xcodeproj
    
    Using response file: /Users/jasonlee/Library/Developer/Xcode/DerivedData/Notch-ddzsfiyxyoauidejndllmosklbkq/Build/Intermediates.noindex/PostHog.build/Release/phlibwebp.build/Objects-normal/arm64/7187679823f38a2a940e0043cdf9d637-common-args.resp
    
    /Applications/Xcode.app/Contents/Developer/Toolchains/XcodeDefault.xctoolchain/usr/bin/clang -x c -ivfsstatcache /Users/jasonlee/Library/Developer/Xcode/DerivedData/SDKStatCaches.noindex/macosx26.4-25E251-30f9ca8789b706f8bd3fc906a70d770f.sdkstatcache -target arm64-apple-macos10.15 -fmessage-length\=0 -fdiagnostics-show-note-include-stack -fmacro-backtrace-limit\=0 -fno-color-diagnostics -fmodules-prune-interval\=86400 -fmodules-prune-after\=345600 -fbuild-session-file\=/Users/jasonlee/Library/Developer/Xcode/DerivedData/ModuleCache.noindex/Session.modulevalidation -fmodules-validate-once-per-build-session -Wnon-modular-include-in-framework-module -Werror\=non-modular-include-in-framework-module -Wno-trigraphs -Wno-missing-field-initializers -Wno-missing-prototypes -Wno-return-type -Wno-missing-braces -Wparentheses -Wswitch -Wno-unused-function -Wno-unused-label -Wno-unused-parameter -Wno-unused-variable -Wunused-value -Wno-empty-body -Wno-uninitialized -Wno-unknown-pragmas -w -Wno-shadow -Wno-four-char-constants -Wno-conversion -Wno-constant-conversion -Wno-int-conversion -Wno-bool-conversion -Wno-enum-conversion -Wno-float-conversion -Wno-non-literal-null-conversion -Wno-objc-literal-conversion -Wshorten-64-to-32 -Wpointer-sign -Wno-newline-eof -Wno-implicit-fallthrough -isysroot /Applications/Xcode.app/Contents/Developer/Platforms/MacOSX.platform/Developer/SDKs/MacOSX26.4.sdk -fstrict-aliasing -Wdeprecated-declarations -Wno-sign-conversion -Wno-infinite-recursion -Wno-comma -Wno-block-capture-autoreleasing -Wno-strict-prototypes -Wno-semicolon-before-method-body @/Users/jasonlee/Library/Developer/Xcode/DerivedData/Notch-ddzsfiyxyoauidejndllmosklbkq/Build/Intermediates.noindex/PostHog.build/Release/phlibwebp.build/Objects-normal/arm64/7187679823f38a2a940e0043cdf9d637-common-args.resp -MMD -MT dependencies -MF /Users/jasonlee/Library/Developer/Xcode/DerivedData/Notch-ddzsfiyxyoauidejndllmosklbkq/Build/Intermediates.noindex/PostHog.build/Release/phlibwebp.build/Objects-normal/arm64/config_enc.d --serialize-diagnostics /Users/jasonlee/Library/Developer/Xcode/DerivedData/Notch-ddzsfiyxyoauidejndllmosklbkq/Build/Intermediates.noindex/PostHog.build/Release/phlibwebp.build/Objects-normal/arm64/config_enc.dia -c /Users/jasonlee/Library/Developer/Xcode/DerivedData/Notch-ddzsfiyxyoauidejndllmosklbkq/SourcePackages/checkouts/posthog-ios/vendor/libwebp/config_enc.c -o /Users/jasonlee/Library/Developer/Xcode/DerivedData/Notch-ddzsfiyxyoauidejndllmosklbkq/Build/Intermediates.noindex/PostHog.build/Release/phlibwebp.build/Objects-normal/arm64/config_enc.o

CompileC /Users/jasonlee/Library/Developer/Xcode/DerivedData/Notch-ddzsfiyxyoauidejndllmosklbkq/Build/Intermediates.noindex/PostHog.build/Release/phlibwebp.build/Objects-normal/arm64/color_cache_utils.o /Users/jasonlee/Library/Developer/Xcode/DerivedData/Notch-ddzsfiyxyoauidejndllmosklbkq/SourcePackages/checkouts/posthog-ios/vendor/libwebp/color_cache_utils.c normal arm64 c com.apple.compilers.llvm.clang.1_0.compiler (in target 'phlibwebp' from project 'PostHog')
    cd /Users/jasonlee/Coding/App/Notch/Notch.xcodeproj
    
    Using response file: /Users/jasonlee/Library/Developer/Xcode/DerivedData/Notch-ddzsfiyxyoauidejndllmosklbkq/Build/Intermediates.noindex/PostHog.build/Release/phlibwebp.build/Objects-normal/arm64/7187679823f38a2a940e0043cdf9d637-common-args.resp
    
    /Applications/Xcode.app/Contents/Developer/Toolchains/XcodeDefault.xctoolchain/usr/bin/clang -x c -ivfsstatcache /Users/jasonlee/Library/Developer/Xcode/DerivedData/SDKStatCaches.noindex/macosx26.4-25E251-30f9ca8789b706f8bd3fc906a70d770f.sdkstatcache -target arm64-apple-macos10.15 -fmessage-length\=0 -fdiagnostics-show-note-include-stack -fmacro-backtrace-limit\=0 -fno-color-diagnostics -fmodules-prune-interval\=86400 -fmodules-prune-after\=345600 -fbuild-session-file\=/Users/jasonlee/Library/Developer/Xcode/DerivedData/ModuleCache.noindex/Session.modulevalidation -fmodules-validate-once-per-build-session -Wnon-modular-include-in-framework-module -Werror\=non-modular-include-in-framework-module -Wno-trigraphs -Wno-missing-field-initializers -Wno-missing-prototypes -Wno-return-type -Wno-missing-braces -Wparentheses -Wswitch -Wno-unused-function -Wno-unused-label -Wno-unused-parameter -Wno-unused-variable -Wunused-value -Wno-empty-body -Wno-uninitialized -Wno-unknown-pragmas -w -Wno-shadow -Wno-four-char-constants -Wno-conversion -Wno-constant-conversion -Wno-int-conversion -Wno-bool-conversion -Wno-enum-conversion -Wno-float-conversion -Wno-non-literal-null-conversion -Wno-objc-literal-conversion -Wshorten-64-to-32 -Wpointer-sign -Wno-newline-eof -Wno-implicit-fallthrough -isysroot /Applications/Xcode.app/Contents/Developer/Platforms/MacOSX.platform/Developer/SDKs/MacOSX26.4.sdk -fstrict-aliasing -Wdeprecated-declarations -Wno-sign-conversion -Wno-infinite-recursion -Wno-comma -Wno-block-capture-autoreleasing -Wno-strict-prototypes -Wno-semicolon-before-method-body @/Users/jasonlee/Library/Developer/Xcode/DerivedData/Notch-ddzsfiyxyoauidejndllmosklbkq/Build/Intermediates.noindex/PostHog.build/Release/phlibwebp.build/Objects-normal/arm64/7187679823f38a2a940e0043cdf9d637-common-args.resp -MMD -MT dependencies -MF /Users/jasonlee/Library/Developer/Xcode/DerivedData/Notch-ddzsfiyxyoauidejndllmosklbkq/Build/Intermediates.noindex/PostHog.build/Release/phlibwebp.build/Objects-normal/arm64/color_cache_utils.d --serialize-diagnostics /Users/jasonlee/Library/Developer/Xcode/DerivedData/Notch-ddzsfiyxyoauidejndllmosklbkq/Build/Intermediates.noindex/PostHog.build/Release/phlibwebp.build/Objects-normal/arm64/color_cache_utils.dia -c /Users/jasonlee/Library/Developer/Xcode/DerivedData/Notch-ddzsfiyxyoauidejndllmosklbkq/SourcePackages/checkouts/posthog-ios/vendor/libwebp/color_cache_utils.c -o /Users/jasonlee/Library/Developer/Xcode/DerivedData/Notch-ddzsfiyxyoauidejndllmosklbkq/Build/Intermediates.noindex/PostHog.build/Release/phlibwebp.build/Objects-normal/arm64/color_cache_utils.o

CompileC /Users/jasonlee/Library/Developer/Xcode/DerivedData/Notch-ddzsfiyxyoauidejndllmosklbkq/Build/Intermediates.noindex/PostHog.build/Release/phlibwebp.build/Objects-normal/arm64/bit_writer_utils.o /Users/jasonlee/Library/Developer/Xcode/DerivedData/Notch-ddzsfiyxyoauidejndllmosklbkq/SourcePackages/checkouts/posthog-ios/vendor/libwebp/bit_writer_utils.c normal arm64 c com.apple.compilers.llvm.clang.1_0.compiler (in target 'phlibwebp' from project 'PostHog')
    cd /Users/jasonlee/Coding/App/Notch/Notch.xcodeproj
    
    Using response file: /Users/jasonlee/Library/Developer/Xcode/DerivedData/Notch-ddzsfiyxyoauidejndllmosklbkq/Build/Intermediates.noindex/PostHog.build/Release/phlibwebp.build/Objects-normal/arm64/7187679823f38a2a940e0043cdf9d637-common-args.resp
    
    /Applications/Xcode.app/Contents/Developer/Toolchains/XcodeDefault.xctoolchain/usr/bin/clang -x c -ivfsstatcache /Users/jasonlee/Library/Developer/Xcode/DerivedData/SDKStatCaches.noindex/macosx26.4-25E251-30f9ca8789b706f8bd3fc906a70d770f.sdkstatcache -target arm64-apple-macos10.15 -fmessage-length\=0 -fdiagnostics-show-note-include-stack -fmacro-backtrace-limit\=0 -fno-color-diagnostics -fmodules-prune-interval\=86400 -fmodules-prune-after\=345600 -fbuild-session-file\=/Users/jasonlee/Library/Developer/Xcode/DerivedData/ModuleCache.noindex/Session.modulevalidation -fmodules-validate-once-per-build-session -Wnon-modular-include-in-framework-module -Werror\=non-modular-include-in-framework-module -Wno-trigraphs -Wno-missing-field-initializers -Wno-missing-prototypes -Wno-return-type -Wno-missing-braces -Wparentheses -Wswitch -Wno-unused-function -Wno-unused-label -Wno-unused-parameter -Wno-unused-variable -Wunused-value -Wno-empty-body -Wno-uninitialized -Wno-unknown-pragmas -w -Wno-shadow -Wno-four-char-constants -Wno-conversion -Wno-constant-conversion -Wno-int-conversion -Wno-bool-conversion -Wno-enum-conversion -Wno-float-conversion -Wno-non-literal-null-conversion -Wno-objc-literal-conversion -Wshorten-64-to-32 -Wpointer-sign -Wno-newline-eof -Wno-implicit-fallthrough -isysroot /Applications/Xcode.app/Contents/Developer/Platforms/MacOSX.platform/Developer/SDKs/MacOSX26.4.sdk -fstrict-aliasing -Wdeprecated-declarations -Wno-sign-conversion -Wno-infinite-recursion -Wno-comma -Wno-block-capture-autoreleasing -Wno-strict-prototypes -Wno-semicolon-before-method-body @/Users/jasonlee/Library/Developer/Xcode/DerivedData/Notch-ddzsfiyxyoauidejndllmosklbkq/Build/Intermediates.noindex/PostHog.build/Release/phlibwebp.build/Objects-normal/arm64/7187679823f38a2a940e0043cdf9d637-common-args.resp -MMD -MT dependencies -MF /Users/jasonlee/Library/Developer/Xcode/DerivedData/Notch-ddzsfiyxyoauidejndllmosklbkq/Build/Intermediates.noindex/PostHog.build/Release/phlibwebp.build/Objects-normal/arm64/bit_writer_utils.d --serialize-diagnostics /Users/jasonlee/Library/Developer/Xcode/DerivedData/Notch-ddzsfiyxyoauidejndllmosklbkq/Build/Intermediates.noindex/PostHog.build/Release/phlibwebp.build/Objects-normal/arm64/bit_writer_utils.dia -c /Users/jasonlee/Library/Developer/Xcode/DerivedData/Notch-ddzsfiyxyoauidejndllmosklbkq/SourcePackages/checkouts/posthog-ios/vendor/libwebp/bit_writer_utils.c -o /Users/jasonlee/Library/Developer/Xcode/DerivedData/Notch-ddzsfiyxyoauidejndllmosklbkq/Build/Intermediates.noindex/PostHog.build/Release/phlibwebp.build/Objects-normal/arm64/bit_writer_utils.o

CompileC /Users/jasonlee/Library/Developer/Xcode/DerivedData/Notch-ddzsfiyxyoauidejndllmosklbkq/Build/Intermediates.noindex/PostHog.build/Release/phlibwebp.build/Objects-normal/arm64/bit_reader_utils.o /Users/jasonlee/Library/Developer/Xcode/DerivedData/Notch-ddzsfiyxyoauidejndllmosklbkq/SourcePackages/checkouts/posthog-ios/vendor/libwebp/bit_reader_utils.c normal arm64 c com.apple.compilers.llvm.clang.1_0.compiler (in target 'phlibwebp' from project 'PostHog')
    cd /Users/jasonlee/Coding/App/Notch/Notch.xcodeproj
    
    Using response file: /Users/jasonlee/Library/Developer/Xcode/DerivedData/Notch-ddzsfiyxyoauidejndllmosklbkq/Build/Intermediates.noindex/PostHog.build/Release/phlibwebp.build/Objects-normal/arm64/7187679823f38a2a940e0043cdf9d637-common-args.resp
    
    /Applications/Xcode.app/Contents/Developer/Toolchains/XcodeDefault.xctoolchain/usr/bin/clang -x c -ivfsstatcache /Users/jasonlee/Library/Developer/Xcode/DerivedData/SDKStatCaches.noindex/macosx26.4-25E251-30f9ca8789b706f8bd3fc906a70d770f.sdkstatcache -target arm64-apple-macos10.15 -fmessage-length\=0 -fdiagnostics-show-note-include-stack -fmacro-backtrace-limit\=0 -fno-color-diagnostics -fmodules-prune-interval\=86400 -fmodules-prune-after\=345600 -fbuild-session-file\=/Users/jasonlee/Library/Developer/Xcode/DerivedData/ModuleCache.noindex/Session.modulevalidation -fmodules-validate-once-per-build-session -Wnon-modular-include-in-framework-module -Werror\=non-modular-include-in-framework-module -Wno-trigraphs -Wno-missing-field-initializers -Wno-missing-prototypes -Wno-return-type -Wno-missing-braces -Wparentheses -Wswitch -Wno-unused-function -Wno-unused-label -Wno-unused-parameter -Wno-unused-variable -Wunused-value -Wno-empty-body -Wno-uninitialized -Wno-unknown-pragmas -w -Wno-shadow -Wno-four-char-constants -Wno-conversion -Wno-constant-conversion -Wno-int-conversion -Wno-bool-conversion -Wno-enum-conversion -Wno-float-conversion -Wno-non-literal-null-conversion -Wno-objc-literal-conversion -Wshorten-64-to-32 -Wpointer-sign -Wno-newline-eof -Wno-implicit-fallthrough -isysroot /Applications/Xcode.app/Contents/Developer/Platforms/MacOSX.platform/Developer/SDKs/MacOSX26.4.sdk -fstrict-aliasing -Wdeprecated-declarations -Wno-sign-conversion -Wno-infinite-recursion -Wno-comma -Wno-block-capture-autoreleasing -Wno-strict-prototypes -Wno-semicolon-before-method-body @/Users/jasonlee/Library/Developer/Xcode/DerivedData/Notch-ddzsfiyxyoauidejndllmosklbkq/Build/Intermediates.noindex/PostHog.build/Release/phlibwebp.build/Objects-normal/arm64/7187679823f38a2a940e0043cdf9d637-common-args.resp -MMD -MT dependencies -MF /Users/jasonlee/Library/Developer/Xcode/DerivedData/Notch-ddzsfiyxyoauidejndllmosklbkq/Build/Intermediates.noindex/PostHog.build/Release/phlibwebp.build/Objects-normal/arm64/bit_reader_utils.d --serialize-diagnostics /Users/jasonlee/Library/Developer/Xcode/DerivedData/Notch-ddzsfiyxyoauidejndllmosklbkq/Build/Intermediates.noindex/PostHog.build/Release/phlibwebp.build/Objects-normal/arm64/bit_reader_utils.dia -c /Users/jasonlee/Library/Developer/Xcode/DerivedData/Notch-ddzsfiyxyoauidejndllmosklbkq/SourcePackages/checkouts/posthog-ios/vendor/libwebp/bit_reader_utils.c -o /Users/jasonlee/Library/Developer/Xcode/DerivedData/Notch-ddzsfiyxyoauidejndllmosklbkq/Build/Intermediates.noindex/PostHog.build/Release/phlibwebp.build/Objects-normal/arm64/bit_reader_utils.o

CompileC /Users/jasonlee/Library/Developer/Xcode/DerivedData/Notch-ddzsfiyxyoauidejndllmosklbkq/Build/Intermediates.noindex/PostHog.build/Release/phlibwebp.build/Objects-normal/arm64/backward_references_enc.o /Users/jasonlee/Library/Developer/Xcode/DerivedData/Notch-ddzsfiyxyoauidejndllmosklbkq/SourcePackages/checkouts/posthog-ios/vendor/libwebp/backward_references_enc.c normal arm64 c com.apple.compilers.llvm.clang.1_0.compiler (in target 'phlibwebp' from project 'PostHog')
    cd /Users/jasonlee/Coding/App/Notch/Notch.xcodeproj
    
    Using response file: /Users/jasonlee/Library/Developer/Xcode/DerivedData/Notch-ddzsfiyxyoauidejndllmosklbkq/Build/Intermediates.noindex/PostHog.build/Release/phlibwebp.build/Objects-normal/arm64/7187679823f38a2a940e0043cdf9d637-common-args.resp
    
    /Applications/Xcode.app/Contents/Developer/Toolchains/XcodeDefault.xctoolchain/usr/bin/clang -x c -ivfsstatcache /Users/jasonlee/Library/Developer/Xcode/DerivedData/SDKStatCaches.noindex/macosx26.4-25E251-30f9ca8789b706f8bd3fc906a70d770f.sdkstatcache -target arm64-apple-macos10.15 -fmessage-length\=0 -fdiagnostics-show-note-include-stack -fmacro-backtrace-limit\=0 -fno-color-diagnostics -fmodules-prune-interval\=86400 -fmodules-prune-after\=345600 -fbuild-session-file\=/Users/jasonlee/Library/Developer/Xcode/DerivedData/ModuleCache.noindex/Session.modulevalidation -fmodules-validate-once-per-build-session -Wnon-modular-include-in-framework-module -Werror\=non-modular-include-in-framework-module -Wno-trigraphs -Wno-missing-field-initializers -Wno-missing-prototypes -Wno-return-type -Wno-missing-braces -Wparentheses -Wswitch -Wno-unused-function -Wno-unused-label -Wno-unused-parameter -Wno-unused-variable -Wunused-value -Wno-empty-body -Wno-uninitialized -Wno-unknown-pragmas -w -Wno-shadow -Wno-four-char-constants -Wno-conversion -Wno-constant-conversion -Wno-int-conversion -Wno-bool-conversion -Wno-enum-conversion -Wno-float-conversion -Wno-non-literal-null-conversion -Wno-objc-literal-conversion -Wshorten-64-to-32 -Wpointer-sign -Wno-newline-eof -Wno-implicit-fallthrough -isysroot /Applications/Xcode.app/Contents/Developer/Platforms/MacOSX.platform/Developer/SDKs/MacOSX26.4.sdk -fstrict-aliasing -Wdeprecated-declarations -Wno-sign-conversion -Wno-infinite-recursion -Wno-comma -Wno-block-capture-autoreleasing -Wno-strict-prototypes -Wno-semicolon-before-method-body @/Users/jasonlee/Library/Developer/Xcode/DerivedData/Notch-ddzsfiyxyoauidejndllmosklbkq/Build/Intermediates.noindex/PostHog.build/Release/phlibwebp.build/Objects-normal/arm64/7187679823f38a2a940e0043cdf9d637-common-args.resp -MMD -MT dependencies -MF /Users/jasonlee/Library/Developer/Xcode/DerivedData/Notch-ddzsfiyxyoauidejndllmosklbkq/Build/Intermediates.noindex/PostHog.build/Release/phlibwebp.build/Objects-normal/arm64/backward_references_enc.d --serialize-diagnostics /Users/jasonlee/Library/Developer/Xcode/DerivedData/Notch-ddzsfiyxyoauidejndllmosklbkq/Build/Intermediates.noindex/PostHog.build/Release/phlibwebp.build/Objects-normal/arm64/backward_references_enc.dia -c /Users/jasonlee/Library/Developer/Xcode/DerivedData/Notch-ddzsfiyxyoauidejndllmosklbkq/SourcePackages/checkouts/posthog-ios/vendor/libwebp/backward_references_enc.c -o /Users/jasonlee/Library/Developer/Xcode/DerivedData/Notch-ddzsfiyxyoauidejndllmosklbkq/Build/Intermediates.noindex/PostHog.build/Release/phlibwebp.build/Objects-normal/arm64/backward_references_enc.o

CompileC /Users/jasonlee/Library/Developer/Xcode/DerivedData/Notch-ddzsfiyxyoauidejndllmosklbkq/Build/Intermediates.noindex/PostHog.build/Release/phlibwebp.build/Objects-normal/arm64/backward_references_cost_enc.o /Users/jasonlee/Library/Developer/Xcode/DerivedData/Notch-ddzsfiyxyoauidejndllmosklbkq/SourcePackages/checkouts/posthog-ios/vendor/libwebp/backward_references_cost_enc.c normal arm64 c com.apple.compilers.llvm.clang.1_0.compiler (in target 'phlibwebp' from project 'PostHog')
    cd /Users/jasonlee/Coding/App/Notch/Notch.xcodeproj
    
    Using response file: /Users/jasonlee/Library/Developer/Xcode/DerivedData/Notch-ddzsfiyxyoauidejndllmosklbkq/Build/Intermediates.noindex/PostHog.build/Release/phlibwebp.build/Objects-normal/arm64/7187679823f38a2a940e0043cdf9d637-common-args.resp
    
    /Applications/Xcode.app/Contents/Developer/Toolchains/XcodeDefault.xctoolchain/usr/bin/clang -x c -ivfsstatcache /Users/jasonlee/Library/Developer/Xcode/DerivedData/SDKStatCaches.noindex/macosx26.4-25E251-30f9ca8789b706f8bd3fc906a70d770f.sdkstatcache -target arm64-apple-macos10.15 -fmessage-length\=0 -fdiagnostics-show-note-include-stack -fmacro-backtrace-limit\=0 -fno-color-diagnostics -fmodules-prune-interval\=86400 -fmodules-prune-after\=345600 -fbuild-session-file\=/Users/jasonlee/Library/Developer/Xcode/DerivedData/ModuleCache.noindex/Session.modulevalidation -fmodules-validate-once-per-build-session -Wnon-modular-include-in-framework-module -Werror\=non-modular-include-in-framework-module -Wno-trigraphs -Wno-missing-field-initializers -Wno-missing-prototypes -Wno-return-type -Wno-missing-braces -Wparentheses -Wswitch -Wno-unused-function -Wno-unused-label -Wno-unused-parameter -Wno-unused-variable -Wunused-value -Wno-empty-body -Wno-uninitialized -Wno-unknown-pragmas -w -Wno-shadow -Wno-four-char-constants -Wno-conversion -Wno-constant-conversion -Wno-int-conversion -Wno-bool-conversion -Wno-enum-conversion -Wno-float-conversion -Wno-non-literal-null-conversion -Wno-objc-literal-conversion -Wshorten-64-to-32 -Wpointer-sign -Wno-newline-eof -Wno-implicit-fallthrough -isysroot /Applications/Xcode.app/Contents/Developer/Platforms/MacOSX.platform/Developer/SDKs/MacOSX26.4.sdk -fstrict-aliasing -Wdeprecated-declarations -Wno-sign-conversion -Wno-infinite-recursion -Wno-comma -Wno-block-capture-autoreleasing -Wno-strict-prototypes -Wno-semicolon-before-method-body @/Users/jasonlee/Library/Developer/Xcode/DerivedData/Notch-ddzsfiyxyoauidejndllmosklbkq/Build/Intermediates.noindex/PostHog.build/Release/phlibwebp.build/Objects-normal/arm64/7187679823f38a2a940e0043cdf9d637-common-args.resp -MMD -MT dependencies -MF /Users/jasonlee/Library/Developer/Xcode/DerivedData/Notch-ddzsfiyxyoauidejndllmosklbkq/Build/Intermediates.noindex/PostHog.build/Release/phlibwebp.build/Objects-normal/arm64/backward_references_cost_enc.d --serialize-diagnostics /Users/jasonlee/Library/Developer/Xcode/DerivedData/Notch-ddzsfiyxyoauidejndllmosklbkq/Build/Intermediates.noindex/PostHog.build/Release/phlibwebp.build/Objects-normal/arm64/backward_references_cost_enc.dia -c /Users/jasonlee/Library/Developer/Xcode/DerivedData/Notch-ddzsfiyxyoauidejndllmosklbkq/SourcePackages/checkouts/posthog-ios/vendor/libwebp/backward_references_cost_enc.c -o /Users/jasonlee/Library/Developer/Xcode/DerivedData/Notch-ddzsfiyxyoauidejndllmosklbkq/Build/Intermediates.noindex/PostHog.build/Release/phlibwebp.build/Objects-normal/arm64/backward_references_cost_enc.o

CompileC /Users/jasonlee/Library/Developer/Xcode/DerivedData/Notch-ddzsfiyxyoauidejndllmosklbkq/Build/Intermediates.noindex/PostHog.build/Release/phlibwebp.build/Objects-normal/arm64/analysis_enc.o /Users/jasonlee/Library/Developer/Xcode/DerivedData/Notch-ddzsfiyxyoauidejndllmosklbkq/SourcePackages/checkouts/posthog-ios/vendor/libwebp/analysis_enc.c normal arm64 c com.apple.compilers.llvm.clang.1_0.compiler (in target 'phlibwebp' from project 'PostHog')
    cd /Users/jasonlee/Coding/App/Notch/Notch.xcodeproj
    
    Using response file: /Users/jasonlee/Library/Developer/Xcode/DerivedData/Notch-ddzsfiyxyoauidejndllmosklbkq/Build/Intermediates.noindex/PostHog.build/Release/phlibwebp.build/Objects-normal/arm64/7187679823f38a2a940e0043cdf9d637-common-args.resp
    
    /Applications/Xcode.app/Contents/Developer/Toolchains/XcodeDefault.xctoolchain/usr/bin/clang -x c -ivfsstatcache /Users/jasonlee/Library/Developer/Xcode/DerivedData/SDKStatCaches.noindex/macosx26.4-25E251-30f9ca8789b706f8bd3fc906a70d770f.sdkstatcache -target arm64-apple-macos10.15 -fmessage-length\=0 -fdiagnostics-show-note-include-stack -fmacro-backtrace-limit\=0 -fno-color-diagnostics -fmodules-prune-interval\=86400 -fmodules-prune-after\=345600 -fbuild-session-file\=/Users/jasonlee/Library/Developer/Xcode/DerivedData/ModuleCache.noindex/Session.modulevalidation -fmodules-validate-once-per-build-session -Wnon-modular-include-in-framework-module -Werror\=non-modular-include-in-framework-module -Wno-trigraphs -Wno-missing-field-initializers -Wno-missing-prototypes -Wno-return-type -Wno-missing-braces -Wparentheses -Wswitch -Wno-unused-function -Wno-unused-label -Wno-unused-parameter -Wno-unused-variable -Wunused-value -Wno-empty-body -Wno-uninitialized -Wno-unknown-pragmas -w -Wno-shadow -Wno-four-char-constants -Wno-conversion -Wno-constant-conversion -Wno-int-conversion -Wno-bool-conversion -Wno-enum-conversion -Wno-float-conversion -Wno-non-literal-null-conversion -Wno-objc-literal-conversion -Wshorten-64-to-32 -Wpointer-sign -Wno-newline-eof -Wno-implicit-fallthrough -isysroot /Applications/Xcode.app/Contents/Developer/Platforms/MacOSX.platform/Developer/SDKs/MacOSX26.4.sdk -fstrict-aliasing -Wdeprecated-declarations -Wno-sign-conversion -Wno-infinite-recursion -Wno-comma -Wno-block-capture-autoreleasing -Wno-strict-prototypes -Wno-semicolon-before-method-body @/Users/jasonlee/Library/Developer/Xcode/DerivedData/Notch-ddzsfiyxyoauidejndllmosklbkq/Build/Intermediates.noindex/PostHog.build/Release/phlibwebp.build/Objects-normal/arm64/7187679823f38a2a940e0043cdf9d637-common-args.resp -MMD -MT dependencies -MF /Users/jasonlee/Library/Developer/Xcode/DerivedData/Notch-ddzsfiyxyoauidejndllmosklbkq/Build/Intermediates.noindex/PostHog.build/Release/phlibwebp.build/Objects-normal/arm64/analysis_enc.d --serialize-diagnostics /Users/jasonlee/Library/Developer/Xcode/DerivedData/Notch-ddzsfiyxyoauidejndllmosklbkq/Build/Intermediates.noindex/PostHog.build/Release/phlibwebp.build/Objects-normal/arm64/analysis_enc.dia -c /Users/jasonlee/Library/Developer/Xcode/DerivedData/Notch-ddzsfiyxyoauidejndllmosklbkq/SourcePackages/checkouts/posthog-ios/vendor/libwebp/analysis_enc.c -o /Users/jasonlee/Library/Developer/Xcode/DerivedData/Notch-ddzsfiyxyoauidejndllmosklbkq/Build/Intermediates.noindex/PostHog.build/Release/phlibwebp.build/Objects-normal/arm64/analysis_enc.o

CompileC /Users/jasonlee/Library/Developer/Xcode/DerivedData/Notch-ddzsfiyxyoauidejndllmosklbkq/Build/Intermediates.noindex/PostHog.build/Release/phlibwebp.build/Objects-normal/arm64/alpha_processing_sse41.o /Users/jasonlee/Library/Developer/Xcode/DerivedData/Notch-ddzsfiyxyoauidejndllmosklbkq/SourcePackages/checkouts/posthog-ios/vendor/libwebp/alpha_processing_sse41.c normal arm64 c com.apple.compilers.llvm.clang.1_0.compiler (in target 'phlibwebp' from project 'PostHog')
    cd /Users/jasonlee/Coding/App/Notch/Notch.xcodeproj
    
    Using response file: /Users/jasonlee/Library/Developer/Xcode/DerivedData/Notch-ddzsfiyxyoauidejndllmosklbkq/Build/Intermediates.noindex/PostHog.build/Release/phlibwebp.build/Objects-normal/arm64/7187679823f38a2a940e0043cdf9d637-common-args.resp
    
    /Applications/Xcode.app/Contents/Developer/Toolchains/XcodeDefault.xctoolchain/usr/bin/clang -x c -ivfsstatcache /Users/jasonlee/Library/Developer/Xcode/DerivedData/SDKStatCaches.noindex/macosx26.4-25E251-30f9ca8789b706f8bd3fc906a70d770f.sdkstatcache -target arm64-apple-macos10.15 -fmessage-length\=0 -fdiagnostics-show-note-include-stack -fmacro-backtrace-limit\=0 -fno-color-diagnostics -fmodules-prune-interval\=86400 -fmodules-prune-after\=345600 -fbuild-session-file\=/Users/jasonlee/Library/Developer/Xcode/DerivedData/ModuleCache.noindex/Session.modulevalidation -fmodules-validate-once-per-build-session -Wnon-modular-include-in-framework-module -Werror\=non-modular-include-in-framework-module -Wno-trigraphs -Wno-missing-field-initializers -Wno-missing-prototypes -Wno-return-type -Wno-missing-braces -Wparentheses -Wswitch -Wno-unused-function -Wno-unused-label -Wno-unused-parameter -Wno-unused-variable -Wunused-value -Wno-empty-body -Wno-uninitialized -Wno-unknown-pragmas -w -Wno-shadow -Wno-four-char-constants -Wno-conversion -Wno-constant-conversion -Wno-int-conversion -Wno-bool-conversion -Wno-enum-conversion -Wno-float-conversion -Wno-non-literal-null-conversion -Wno-objc-literal-conversion -Wshorten-64-to-32 -Wpointer-sign -Wno-newline-eof -Wno-implicit-fallthrough -isysroot /Applications/Xcode.app/Contents/Developer/Platforms/MacOSX.platform/Developer/SDKs/MacOSX26.4.sdk -fstrict-aliasing -Wdeprecated-declarations -Wno-sign-conversion -Wno-infinite-recursion -Wno-comma -Wno-block-capture-autoreleasing -Wno-strict-prototypes -Wno-semicolon-before-method-body @/Users/jasonlee/Library/Developer/Xcode/DerivedData/Notch-ddzsfiyxyoauidejndllmosklbkq/Build/Intermediates.noindex/PostHog.build/Release/phlibwebp.build/Objects-normal/arm64/7187679823f38a2a940e0043cdf9d637-common-args.resp -MMD -MT dependencies -MF /Users/jasonlee/Library/Developer/Xcode/DerivedData/Notch-ddzsfiyxyoauidejndllmosklbkq/Build/Intermediates.noindex/PostHog.build/Release/phlibwebp.build/Objects-normal/arm64/alpha_processing_sse41.d --serialize-diagnostics /Users/jasonlee/Library/Developer/Xcode/DerivedData/Notch-ddzsfiyxyoauidejndllmosklbkq/Build/Intermediates.noindex/PostHog.build/Release/phlibwebp.build/Objects-normal/arm64/alpha_processing_sse41.dia -c /Users/jasonlee/Library/Developer/Xcode/DerivedData/Notch-ddzsfiyxyoauidejndllmosklbkq/SourcePackages/checkouts/posthog-ios/vendor/libwebp/alpha_processing_sse41.c -o /Users/jasonlee/Library/Developer/Xcode/DerivedData/Notch-ddzsfiyxyoauidejndllmosklbkq/Build/Intermediates.noindex/PostHog.build/Release/phlibwebp.build/Objects-normal/arm64/alpha_processing_sse41.o

CompileC /Users/jasonlee/Library/Developer/Xcode/DerivedData/Notch-ddzsfiyxyoauidejndllmosklbkq/Build/Intermediates.noindex/PostHog.build/Release/phlibwebp.build/Objects-normal/arm64/alpha_processing_sse2.o /Users/jasonlee/Library/Developer/Xcode/DerivedData/Notch-ddzsfiyxyoauidejndllmosklbkq/SourcePackages/checkouts/posthog-ios/vendor/libwebp/alpha_processing_sse2.c normal arm64 c com.apple.compilers.llvm.clang.1_0.compiler (in target 'phlibwebp' from project 'PostHog')
    cd /Users/jasonlee/Coding/App/Notch/Notch.xcodeproj
    
    Using response file: /Users/jasonlee/Library/Developer/Xcode/DerivedData/Notch-ddzsfiyxyoauidejndllmosklbkq/Build/Intermediates.noindex/PostHog.build/Release/phlibwebp.build/Objects-normal/arm64/7187679823f38a2a940e0043cdf9d637-common-args.resp
    
    /Applications/Xcode.app/Contents/Developer/Toolchains/XcodeDefault.xctoolchain/usr/bin/clang -x c -ivfsstatcache /Users/jasonlee/Library/Developer/Xcode/DerivedData/SDKStatCaches.noindex/macosx26.4-25E251-30f9ca8789b706f8bd3fc906a70d770f.sdkstatcache -target arm64-apple-macos10.15 -fmessage-length\=0 -fdiagnostics-show-note-include-stack -fmacro-backtrace-limit\=0 -fno-color-diagnostics -fmodules-prune-interval\=86400 -fmodules-prune-after\=345600 -fbuild-session-file\=/Users/jasonlee/Library/Developer/Xcode/DerivedData/ModuleCache.noindex/Session.modulevalidation -fmodules-validate-once-per-build-session -Wnon-modular-include-in-framework-module -Werror\=non-modular-include-in-framework-module -Wno-trigraphs -Wno-missing-field-initializers -Wno-missing-prototypes -Wno-return-type -Wno-missing-braces -Wparentheses -Wswitch -Wno-unused-function -Wno-unused-label -Wno-unused-parameter -Wno-unused-variable -Wunused-value -Wno-empty-body -Wno-uninitialized -Wno-unknown-pragmas -w -Wno-shadow -Wno-four-char-constants -Wno-conversion -Wno-constant-conversion -Wno-int-conversion -Wno-bool-conversion -Wno-enum-conversion -Wno-float-conversion -Wno-non-literal-null-conversion -Wno-objc-literal-conversion -Wshorten-64-to-32 -Wpointer-sign -Wno-newline-eof -Wno-implicit-fallthrough -isysroot /Applications/Xcode.app/Contents/Developer/Platforms/MacOSX.platform/Developer/SDKs/MacOSX26.4.sdk -fstrict-aliasing -Wdeprecated-declarations -Wno-sign-conversion -Wno-infinite-recursion -Wno-comma -Wno-block-capture-autoreleasing -Wno-strict-prototypes -Wno-semicolon-before-method-body @/Users/jasonlee/Library/Developer/Xcode/DerivedData/Notch-ddzsfiyxyoauidejndllmosklbkq/Build/Intermediates.noindex/PostHog.build/Release/phlibwebp.build/Objects-normal/arm64/7187679823f38a2a940e0043cdf9d637-common-args.resp -MMD -MT dependencies -MF /Users/jasonlee/Library/Developer/Xcode/DerivedData/Notch-ddzsfiyxyoauidejndllmosklbkq/Build/Intermediates.noindex/PostHog.build/Release/phlibwebp.build/Objects-normal/arm64/alpha_processing_sse2.d --serialize-diagnostics /Users/jasonlee/Library/Developer/Xcode/DerivedData/Notch-ddzsfiyxyoauidejndllmosklbkq/Build/Intermediates.noindex/PostHog.build/Release/phlibwebp.build/Objects-normal/arm64/alpha_processing_sse2.dia -c /Users/jasonlee/Library/Developer/Xcode/DerivedData/Notch-ddzsfiyxyoauidejndllmosklbkq/SourcePackages/checkouts/posthog-ios/vendor/libwebp/alpha_processing_sse2.c -o /Users/jasonlee/Library/Developer/Xcode/DerivedData/Notch-ddzsfiyxyoauidejndllmosklbkq/Build/Intermediates.noindex/PostHog.build/Release/phlibwebp.build/Objects-normal/arm64/alpha_processing_sse2.o

CompileC /Users/jasonlee/Library/Developer/Xcode/DerivedData/Notch-ddzsfiyxyoauidejndllmosklbkq/Build/Intermediates.noindex/PostHog.build/Release/phlibwebp.build/Objects-normal/arm64/alpha_processing_neon.o /Users/jasonlee/Library/Developer/Xcode/DerivedData/Notch-ddzsfiyxyoauidejndllmosklbkq/SourcePackages/checkouts/posthog-ios/vendor/libwebp/alpha_processing_neon.c normal arm64 c com.apple.compilers.llvm.clang.1_0.compiler (in target 'phlibwebp' from project 'PostHog')
    cd /Users/jasonlee/Coding/App/Notch/Notch.xcodeproj
    
    Using response file: /Users/jasonlee/Library/Developer/Xcode/DerivedData/Notch-ddzsfiyxyoauidejndllmosklbkq/Build/Intermediates.noindex/PostHog.build/Release/phlibwebp.build/Objects-normal/arm64/7187679823f38a2a940e0043cdf9d637-common-args.resp
    
    /Applications/Xcode.app/Contents/Developer/Toolchains/XcodeDefault.xctoolchain/usr/bin/clang -x c -ivfsstatcache /Users/jasonlee/Library/Developer/Xcode/DerivedData/SDKStatCaches.noindex/macosx26.4-25E251-30f9ca8789b706f8bd3fc906a70d770f.sdkstatcache -target arm64-apple-macos10.15 -fmessage-length\=0 -fdiagnostics-show-note-include-stack -fmacro-backtrace-limit\=0 -fno-color-diagnostics -fmodules-prune-interval\=86400 -fmodules-prune-after\=345600 -fbuild-session-file\=/Users/jasonlee/Library/Developer/Xcode/DerivedData/ModuleCache.noindex/Session.modulevalidation -fmodules-validate-once-per-build-session -Wnon-modular-include-in-framework-module -Werror\=non-modular-include-in-framework-module -Wno-trigraphs -Wno-missing-field-initializers -Wno-missing-prototypes -Wno-return-type -Wno-missing-braces -Wparentheses -Wswitch -Wno-unused-function -Wno-unused-label -Wno-unused-parameter -Wno-unused-variable -Wunused-value -Wno-empty-body -Wno-uninitialized -Wno-unknown-pragmas -w -Wno-shadow -Wno-four-char-constants -Wno-conversion -Wno-constant-conversion -Wno-int-conversion -Wno-bool-conversion -Wno-enum-conversion -Wno-float-conversion -Wno-non-literal-null-conversion -Wno-objc-literal-conversion -Wshorten-64-to-32 -Wpointer-sign -Wno-newline-eof -Wno-implicit-fallthrough -isysroot /Applications/Xcode.app/Contents/Developer/Platforms/MacOSX.platform/Developer/SDKs/MacOSX26.4.sdk -fstrict-aliasing -Wdeprecated-declarations -Wno-sign-conversion -Wno-infinite-recursion -Wno-comma -Wno-block-capture-autoreleasing -Wno-strict-prototypes -Wno-semicolon-before-method-body @/Users/jasonlee/Library/Developer/Xcode/DerivedData/Notch-ddzsfiyxyoauidejndllmosklbkq/Build/Intermediates.noindex/PostHog.build/Release/phlibwebp.build/Objects-normal/arm64/7187679823f38a2a940e0043cdf9d637-common-args.resp -MMD -MT dependencies -MF /Users/jasonlee/Library/Developer/Xcode/DerivedData/Notch-ddzsfiyxyoauidejndllmosklbkq/Build/Intermediates.noindex/PostHog.build/Release/phlibwebp.build/Objects-normal/arm64/alpha_processing_neon.d --serialize-diagnostics /Users/jasonlee/Library/Developer/Xcode/DerivedData/Notch-ddzsfiyxyoauidejndllmosklbkq/Build/Intermediates.noindex/PostHog.build/Release/phlibwebp.build/Objects-normal/arm64/alpha_processing_neon.dia -c /Users/jasonlee/Library/Developer/Xcode/DerivedData/Notch-ddzsfiyxyoauidejndllmosklbkq/SourcePackages/checkouts/posthog-ios/vendor/libwebp/alpha_processing_neon.c -o /Users/jasonlee/Library/Developer/Xcode/DerivedData/Notch-ddzsfiyxyoauidejndllmosklbkq/Build/Intermediates.noindex/PostHog.build/Release/phlibwebp.build/Objects-normal/arm64/alpha_processing_neon.o

CompileC /Users/jasonlee/Library/Developer/Xcode/DerivedData/Notch-ddzsfiyxyoauidejndllmosklbkq/Build/Intermediates.noindex/PostHog.build/Release/phlibwebp.build/Objects-normal/arm64/alpha_processing.o /Users/jasonlee/Library/Developer/Xcode/DerivedData/Notch-ddzsfiyxyoauidejndllmosklbkq/SourcePackages/checkouts/posthog-ios/vendor/libwebp/alpha_processing.c normal arm64 c com.apple.compilers.llvm.clang.1_0.compiler (in target 'phlibwebp' from project 'PostHog')
    cd /Users/jasonlee/Coding/App/Notch/Notch.xcodeproj
    
    Using response file: /Users/jasonlee/Library/Developer/Xcode/DerivedData/Notch-ddzsfiyxyoauidejndllmosklbkq/Build/Intermediates.noindex/PostHog.build/Release/phlibwebp.build/Objects-normal/arm64/7187679823f38a2a940e0043cdf9d637-common-args.resp
    
    /Applications/Xcode.app/Contents/Developer/Toolchains/XcodeDefault.xctoolchain/usr/bin/clang -x c -ivfsstatcache /Users/jasonlee/Library/Developer/Xcode/DerivedData/SDKStatCaches.noindex/macosx26.4-25E251-30f9ca8789b706f8bd3fc906a70d770f.sdkstatcache -target arm64-apple-macos10.15 -fmessage-length\=0 -fdiagnostics-show-note-include-stack -fmacro-backtrace-limit\=0 -fno-color-diagnostics -fmodules-prune-interval\=86400 -fmodules-prune-after\=345600 -fbuild-session-file\=/Users/jasonlee/Library/Developer/Xcode/DerivedData/ModuleCache.noindex/Session.modulevalidation -fmodules-validate-once-per-build-session -Wnon-modular-include-in-framework-module -Werror\=non-modular-include-in-framework-module -Wno-trigraphs -Wno-missing-field-initializers -Wno-missing-prototypes -Wno-return-type -Wno-missing-braces -Wparentheses -Wswitch -Wno-unused-function -Wno-unused-label -Wno-unused-parameter -Wno-unused-variable -Wunused-value -Wno-empty-body -Wno-uninitialized -Wno-unknown-pragmas -w -Wno-shadow -Wno-four-char-constants -Wno-conversion -Wno-constant-conversion -Wno-int-conversion -Wno-bool-conversion -Wno-enum-conversion -Wno-float-conversion -Wno-non-literal-null-conversion -Wno-objc-literal-conversion -Wshorten-64-to-32 -Wpointer-sign -Wno-newline-eof -Wno-implicit-fallthrough -isysroot /Applications/Xcode.app/Contents/Developer/Platforms/MacOSX.platform/Developer/SDKs/MacOSX26.4.sdk -fstrict-aliasing -Wdeprecated-declarations -Wno-sign-conversion -Wno-infinite-recursion -Wno-comma -Wno-block-capture-autoreleasing -Wno-strict-prototypes -Wno-semicolon-before-method-body @/Users/jasonlee/Library/Developer/Xcode/DerivedData/Notch-ddzsfiyxyoauidejndllmosklbkq/Build/Intermediates.noindex/PostHog.build/Release/phlibwebp.build/Objects-normal/arm64/7187679823f38a2a940e0043cdf9d637-common-args.resp -MMD -MT dependencies -MF /Users/jasonlee/Library/Developer/Xcode/DerivedData/Notch-ddzsfiyxyoauidejndllmosklbkq/Build/Intermediates.noindex/PostHog.build/Release/phlibwebp.build/Objects-normal/arm64/alpha_processing.d --serialize-diagnostics /Users/jasonlee/Library/Developer/Xcode/DerivedData/Notch-ddzsfiyxyoauidejndllmosklbkq/Build/Intermediates.noindex/PostHog.build/Release/phlibwebp.build/Objects-normal/arm64/alpha_processing.dia -c /Users/jasonlee/Library/Developer/Xcode/DerivedData/Notch-ddzsfiyxyoauidejndllmosklbkq/SourcePackages/checkouts/posthog-ios/vendor/libwebp/alpha_processing.c -o /Users/jasonlee/Library/Developer/Xcode/DerivedData/Notch-ddzsfiyxyoauidejndllmosklbkq/Build/Intermediates.noindex/PostHog.build/Release/phlibwebp.build/Objects-normal/arm64/alpha_processing.o

CompileC /Users/jasonlee/Library/Developer/Xcode/DerivedData/Notch-ddzsfiyxyoauidejndllmosklbkq/Build/Intermediates.noindex/PostHog.build/Release/phlibwebp.build/Objects-normal/arm64/alpha_enc.o /Users/jasonlee/Library/Developer/Xcode/DerivedData/Notch-ddzsfiyxyoauidejndllmosklbkq/SourcePackages/checkouts/posthog-ios/vendor/libwebp/alpha_enc.c normal arm64 c com.apple.compilers.llvm.clang.1_0.compiler (in target 'phlibwebp' from project 'PostHog')
    cd /Users/jasonlee/Coding/App/Notch/Notch.xcodeproj
    
    Using response file: /Users/jasonlee/Library/Developer/Xcode/DerivedData/Notch-ddzsfiyxyoauidejndllmosklbkq/Build/Intermediates.noindex/PostHog.build/Release/phlibwebp.build/Objects-normal/arm64/7187679823f38a2a940e0043cdf9d637-common-args.resp
    
    /Applications/Xcode.app/Contents/Developer/Toolchains/XcodeDefault.xctoolchain/usr/bin/clang -x c -ivfsstatcache /Users/jasonlee/Library/Developer/Xcode/DerivedData/SDKStatCaches.noindex/macosx26.4-25E251-30f9ca8789b706f8bd3fc906a70d770f.sdkstatcache -target arm64-apple-macos10.15 -fmessage-length\=0 -fdiagnostics-show-note-include-stack -fmacro-backtrace-limit\=0 -fno-color-diagnostics -fmodules-prune-interval\=86400 -fmodules-prune-after\=345600 -fbuild-session-file\=/Users/jasonlee/Library/Developer/Xcode/DerivedData/ModuleCache.noindex/Session.modulevalidation -fmodules-validate-once-per-build-session -Wnon-modular-include-in-framework-module -Werror\=non-modular-include-in-framework-module -Wno-trigraphs -Wno-missing-field-initializers -Wno-missing-prototypes -Wno-return-type -Wno-missing-braces -Wparentheses -Wswitch -Wno-unused-function -Wno-unused-label -Wno-unused-parameter -Wno-unused-variable -Wunused-value -Wno-empty-body -Wno-uninitialized -Wno-unknown-pragmas -w -Wno-shadow -Wno-four-char-constants -Wno-conversion -Wno-constant-conversion -Wno-int-conversion -Wno-bool-conversion -Wno-enum-conversion -Wno-float-conversion -Wno-non-literal-null-conversion -Wno-objc-literal-conversion -Wshorten-64-to-32 -Wpointer-sign -Wno-newline-eof -Wno-implicit-fallthrough -isysroot /Applications/Xcode.app/Contents/Developer/Platforms/MacOSX.platform/Developer/SDKs/MacOSX26.4.sdk -fstrict-aliasing -Wdeprecated-declarations -Wno-sign-conversion -Wno-infinite-recursion -Wno-comma -Wno-block-capture-autoreleasing -Wno-strict-prototypes -Wno-semicolon-before-method-body @/Users/jasonlee/Library/Developer/Xcode/DerivedData/Notch-ddzsfiyxyoauidejndllmosklbkq/Build/Intermediates.noindex/PostHog.build/Release/phlibwebp.build/Objects-normal/arm64/7187679823f38a2a940e0043cdf9d637-common-args.resp -MMD -MT dependencies -MF /Users/jasonlee/Library/Developer/Xcode/DerivedData/Notch-ddzsfiyxyoauidejndllmosklbkq/Build/Intermediates.noindex/PostHog.build/Release/phlibwebp.build/Objects-normal/arm64/alpha_enc.d --serialize-diagnostics /Users/jasonlee/Library/Developer/Xcode/DerivedData/Notch-ddzsfiyxyoauidejndllmosklbkq/Build/Intermediates.noindex/PostHog.build/Release/phlibwebp.build/Objects-normal/arm64/alpha_enc.dia -c /Users/jasonlee/Library/Developer/Xcode/DerivedData/Notch-ddzsfiyxyoauidejndllmosklbkq/SourcePackages/checkouts/posthog-ios/vendor/libwebp/alpha_enc.c -o /Users/jasonlee/Library/Developer/Xcode/DerivedData/Notch-ddzsfiyxyoauidejndllmosklbkq/Build/Intermediates.noindex/PostHog.build/Release/phlibwebp.build/Objects-normal/arm64/alpha_enc.o

SwiftDriver\ Compilation KeyboardShortcuts normal x86_64 com.apple.xcode.tools.swift.compiler (in target 'KeyboardShortcuts' from project 'KeyboardShortcuts')
    cd /Users/jasonlee/Coding/App/Notch/Notch.xcodeproj
    builtin-Swift-Compilation -- /Applications/Xcode.app/Contents/Developer/Toolchains/XcodeDefault.xctoolchain/usr/bin/swiftc -module-name KeyboardShortcuts -O -whole-module-optimization @/Users/jasonlee/Library/Developer/Xcode/DerivedData/Notch-ddzsfiyxyoauidejndllmosklbkq/Build/Intermediates.noindex/KeyboardShortcuts.build/Release/KeyboardShortcuts.build/Objects-normal/x86_64/KeyboardShortcuts.SwiftFileList -DSWIFT_PACKAGE -DSWIFT_MODULE_RESOURCE_BUNDLE_AVAILABLE -DXcode -plugin-path /Applications/Xcode.app/Contents/Developer/Toolchains/XcodeDefault.xctoolchain/usr/lib/swift/host/plugins/testing -enable-experimental-feature DebugDescriptionMacro -sdk /Applications/Xcode.app/Contents/Developer/Platforms/MacOSX.platform/Developer/SDKs/MacOSX26.4.sdk -target x86_64-apple-macos10.15 -g -module-cache-path /Users/jasonlee/Library/Developer/Xcode/DerivedData/ModuleCache.noindex -Xfrontend -serialize-debugging-options -profile-coverage-mapping -profile-generate -suppress-warnings -swift-version 5 -I /Users/jasonlee/Library/Developer/Xcode/DerivedData/Notch-ddzsfiyxyoauidejndllmosklbkq/Build/Products/Release -Isystem /Applications/Xcode.app/Contents/Developer/Platforms/MacOSX.platform/Developer/usr/lib -F /Users/jasonlee/Library/Developer/Xcode/DerivedData/Notch-ddzsfiyxyoauidejndllmosklbkq/Build/Products/Release -F /Applications/Xcode.app/Contents/Developer/Platforms/MacOSX.platform/Developer/Library/Frameworks -emit-localized-strings -emit-localized-strings-path /Users/jasonlee/Library/Developer/Xcode/DerivedData/Notch-ddzsfiyxyoauidejndllmosklbkq/Build/Intermediates.noindex/KeyboardShortcuts.build/Release/KeyboardShortcuts.build/Objects-normal/x86_64 -c -num-threads 12 -Xcc -ivfsstatcache -Xcc /Users/jasonlee/Library/Developer/Xcode/DerivedData/SDKStatCaches.noindex/macosx26.4-25E251-30f9ca8789b706f8bd3fc906a70d770f.sdkstatcache -output-file-map /Users/jasonlee/Library/Developer/Xcode/DerivedData/Notch-ddzsfiyxyoauidejndllmosklbkq/Build/Intermediates.noindex/KeyboardShortcuts.build/Release/KeyboardShortcuts.build/Objects-normal/x86_64/KeyboardShortcuts-OutputFileMap.json -use-frontend-parseable-output -save-temps -no-color-diagnostics -explicit-module-build -module-cache-path /Users/jasonlee/Library/Developer/Xcode/DerivedData/Notch-ddzsfiyxyoauidejndllmosklbkq/Build/Intermediates.noindex/SwiftExplicitPrecompiledModules -clang-scanner-module-cache-path /Users/jasonlee/Library/Developer/Xcode/DerivedData/ModuleCache.noindex -sdk-module-cache-path /Users/jasonlee/Library/Developer/Xcode/DerivedData/ModuleCache.noindex -serialize-diagnostics -emit-dependencies -emit-module -emit-module-path /Users/jasonlee/Library/Developer/Xcode/DerivedData/Notch-ddzsfiyxyoauidejndllmosklbkq/Build/Intermediates.noindex/KeyboardShortcuts.build/Release/KeyboardShortcuts.build/Objects-normal/x86_64/KeyboardShortcuts.swiftmodule -user-module-version 2.4.0 -validate-clang-modules-once -clang-build-session-file /Users/jasonlee/Library/Developer/Xcode/DerivedData/ModuleCache.noindex/Session.modulevalidation -package-name keyboardshortcuts -Xcc -I/Users/jasonlee/Library/Developer/Xcode/DerivedData/Notch-ddzsfiyxyoauidejndllmosklbkq/Build/Intermediates.noindex/KeyboardShortcuts.build/Release/KeyboardShortcuts.build/swift-overrides.hmap -emit-const-values -Xfrontend -const-gather-protocols-file -Xfrontend /Users/jasonlee/Library/Developer/Xcode/DerivedData/Notch-ddzsfiyxyoauidejndllmosklbkq/Build/Intermediates.noindex/KeyboardShortcuts.build/Release/KeyboardShortcuts.build/Objects-normal/x86_64/KeyboardShortcuts_const_extract_protocols.json -Xcc -I/Users/jasonlee/Library/Developer/Xcode/DerivedData/Notch-ddzsfiyxyoauidejndllmosklbkq/Build/Products/Release/include -Xcc -I/Users/jasonlee/Library/Developer/Xcode/DerivedData/Notch-ddzsfiyxyoauidejndllmosklbkq/Build/Intermediates.noindex/KeyboardShortcuts.build/Release/KeyboardShortcuts.build/DerivedSources-normal/x86_64 -Xcc -I/Users/jasonlee/Library/Developer/Xcode/DerivedData/Notch-ddzsfiyxyoauidejndllmosklbkq/Build/Intermediates.noindex/KeyboardShortcuts.build/Release/KeyboardShortcuts.build/DerivedSources/x86_64 -Xcc -I/Users/jasonlee/Library/Developer/Xcode/DerivedData/Notch-ddzsfiyxyoauidejndllmosklbkq/Build/Intermediates.noindex/KeyboardShortcuts.build/Release/KeyboardShortcuts.build/DerivedSources -Xcc -DSWIFT_PACKAGE -emit-objc-header -emit-objc-header-path /Users/jasonlee/Library/Developer/Xcode/DerivedData/Notch-ddzsfiyxyoauidejndllmosklbkq/Build/Intermediates.noindex/KeyboardShortcuts.build/Release/KeyboardShortcuts.build/Objects-normal/x86_64/KeyboardShortcuts-Swift.h -working-directory /Users/jasonlee/Coding/App/Notch/Notch.xcodeproj -no-emit-module-separately-wmo

SwiftDriver\ Compilation KeyboardShortcuts normal arm64 com.apple.xcode.tools.swift.compiler (in target 'KeyboardShortcuts' from project 'KeyboardShortcuts')
    cd /Users/jasonlee/Coding/App/Notch/Notch.xcodeproj
    builtin-Swift-Compilation -- /Applications/Xcode.app/Contents/Developer/Toolchains/XcodeDefault.xctoolchain/usr/bin/swiftc -module-name KeyboardShortcuts -O -whole-module-optimization @/Users/jasonlee/Library/Developer/Xcode/DerivedData/Notch-ddzsfiyxyoauidejndllmosklbkq/Build/Intermediates.noindex/KeyboardShortcuts.build/Release/KeyboardShortcuts.build/Objects-normal/arm64/KeyboardShortcuts.SwiftFileList -DSWIFT_PACKAGE -DSWIFT_MODULE_RESOURCE_BUNDLE_AVAILABLE -DXcode -plugin-path /Applications/Xcode.app/Contents/Developer/Toolchains/XcodeDefault.xctoolchain/usr/lib/swift/host/plugins/testing -enable-experimental-feature DebugDescriptionMacro -sdk /Applications/Xcode.app/Contents/Developer/Platforms/MacOSX.platform/Developer/SDKs/MacOSX26.4.sdk -target arm64-apple-macos10.15 -g -module-cache-path /Users/jasonlee/Library/Developer/Xcode/DerivedData/ModuleCache.noindex -Xfrontend -serialize-debugging-options -profile-coverage-mapping -profile-generate -suppress-warnings -swift-version 5 -I /Users/jasonlee/Library/Developer/Xcode/DerivedData/Notch-ddzsfiyxyoauidejndllmosklbkq/Build/Products/Release -Isystem /Applications/Xcode.app/Contents/Developer/Platforms/MacOSX.platform/Developer/usr/lib -F /Users/jasonlee/Library/Developer/Xcode/DerivedData/Notch-ddzsfiyxyoauidejndllmosklbkq/Build/Products/Release -F /Applications/Xcode.app/Contents/Developer/Platforms/MacOSX.platform/Developer/Library/Frameworks -emit-localized-strings -emit-localized-strings-path /Users/jasonlee/Library/Developer/Xcode/DerivedData/Notch-ddzsfiyxyoauidejndllmosklbkq/Build/Intermediates.noindex/KeyboardShortcuts.build/Release/KeyboardShortcuts.build/Objects-normal/arm64 -c -num-threads 12 -Xcc -ivfsstatcache -Xcc /Users/jasonlee/Library/Developer/Xcode/DerivedData/SDKStatCaches.noindex/macosx26.4-25E251-30f9ca8789b706f8bd3fc906a70d770f.sdkstatcache -output-file-map /Users/jasonlee/Library/Developer/Xcode/DerivedData/Notch-ddzsfiyxyoauidejndllmosklbkq/Build/Intermediates.noindex/KeyboardShortcuts.build/Release/KeyboardShortcuts.build/Objects-normal/arm64/KeyboardShortcuts-OutputFileMap.json -use-frontend-parseable-output -save-temps -no-color-diagnostics -explicit-module-build -module-cache-path /Users/jasonlee/Library/Developer/Xcode/DerivedData/Notch-ddzsfiyxyoauidejndllmosklbkq/Build/Intermediates.noindex/SwiftExplicitPrecompiledModules -clang-scanner-module-cache-path /Users/jasonlee/Library/Developer/Xcode/DerivedData/ModuleCache.noindex -sdk-module-cache-path /Users/jasonlee/Library/Developer/Xcode/DerivedData/ModuleCache.noindex -serialize-diagnostics -emit-dependencies -emit-module -emit-module-path /Users/jasonlee/Library/Developer/Xcode/DerivedData/Notch-ddzsfiyxyoauidejndllmosklbkq/Build/Intermediates.noindex/KeyboardShortcuts.build/Release/KeyboardShortcuts.build/Objects-normal/arm64/KeyboardShortcuts.swiftmodule -user-module-version 2.4.0 -validate-clang-modules-once -clang-build-session-file /Users/jasonlee/Library/Developer/Xcode/DerivedData/ModuleCache.noindex/Session.modulevalidation -package-name keyboardshortcuts -Xcc -I/Users/jasonlee/Library/Developer/Xcode/DerivedData/Notch-ddzsfiyxyoauidejndllmosklbkq/Build/Intermediates.noindex/KeyboardShortcuts.build/Release/KeyboardShortcuts.build/swift-overrides.hmap -emit-const-values -Xfrontend -const-gather-protocols-file -Xfrontend /Users/jasonlee/Library/Developer/Xcode/DerivedData/Notch-ddzsfiyxyoauidejndllmosklbkq/Build/Intermediates.noindex/KeyboardShortcuts.build/Release/KeyboardShortcuts.build/Objects-normal/arm64/KeyboardShortcuts_const_extract_protocols.json -Xcc -I/Users/jasonlee/Library/Developer/Xcode/DerivedData/Notch-ddzsfiyxyoauidejndllmosklbkq/Build/Products/Release/include -Xcc -I/Users/jasonlee/Library/Developer/Xcode/DerivedData/Notch-ddzsfiyxyoauidejndllmosklbkq/Build/Intermediates.noindex/KeyboardShortcuts.build/Release/KeyboardShortcuts.build/DerivedSources-normal/arm64 -Xcc -I/Users/jasonlee/Library/Developer/Xcode/DerivedData/Notch-ddzsfiyxyoauidejndllmosklbkq/Build/Intermediates.noindex/KeyboardShortcuts.build/Release/KeyboardShortcuts.build/DerivedSources/arm64 -Xcc -I/Users/jasonlee/Library/Developer/Xcode/DerivedData/Notch-ddzsfiyxyoauidejndllmosklbkq/Build/Intermediates.noindex/KeyboardShortcuts.build/Release/KeyboardShortcuts.build/DerivedSources -Xcc -DSWIFT_PACKAGE -emit-objc-header -emit-objc-header-path /Users/jasonlee/Library/Developer/Xcode/DerivedData/Notch-ddzsfiyxyoauidejndllmosklbkq/Build/Intermediates.noindex/KeyboardShortcuts.build/Release/KeyboardShortcuts.build/Objects-normal/arm64/KeyboardShortcuts-Swift.h -working-directory /Users/jasonlee/Coding/App/Notch/Notch.xcodeproj -no-emit-module-separately-wmo

ScanDependencies /Users/jasonlee/Library/Developer/Xcode/DerivedData/Notch-ddzsfiyxyoauidejndllmosklbkq/Build/Intermediates.noindex/PLCrashReporter.build/Release/CrashReporter.build/Objects-normal/x86_64/resource_bundle_accessor.o /Users/jasonlee/Library/Developer/Xcode/DerivedData/Notch-ddzsfiyxyoauidejndllmosklbkq/Build/Intermediates.noindex/PLCrashReporter.build/Release/CrashReporter.build/DerivedSources/resource_bundle_accessor.m normal x86_64 objective-c com.apple.compilers.llvm.clang.1_0.compiler (in target 'CrashReporter' from project 'PLCrashReporter')
    cd /Users/jasonlee/Coding/App/Notch/Notch.xcodeproj
    
    Using response file: /Users/jasonlee/Library/Developer/Xcode/DerivedData/Notch-ddzsfiyxyoauidejndllmosklbkq/Build/Intermediates.noindex/PLCrashReporter.build/Release/CrashReporter.build/Objects-normal/x86_64/e6072d4f65d7061329687fe24e3d63a7-common-args.resp
    
    builtin-ScanDependencies -o /Users/jasonlee/Library/Developer/Xcode/DerivedData/Notch-ddzsfiyxyoauidejndllmosklbkq/Build/Intermediates.noindex/PLCrashReporter.build/Release/CrashReporter.build/Objects-normal/x86_64/resource_bundle_accessor.o.scan -- /Applications/Xcode.app/Contents/Developer/Toolchains/XcodeDefault.xctoolchain/usr/bin/clang -x objective-c -ivfsstatcache /Users/jasonlee/Library/Developer/Xcode/DerivedData/SDKStatCaches.noindex/macosx26.4-25E251-30f9ca8789b706f8bd3fc906a70d770f.sdkstatcache -target x86_64-apple-macos10.13 -fmessage-length\=0 -fdiagnostics-show-note-include-stack -fmacro-backtrace-limit\=0 -fno-color-diagnostics -fmodules-prune-interval\=86400 -fmodules-prune-after\=345600 -fbuild-session-file\=/Users/jasonlee/Library/Developer/Xcode/DerivedData/ModuleCache.noindex/Session.modulevalidation -fmodules-validate-once-per-build-session -Wnon-modular-include-in-framework-module -Werror\=non-modular-include-in-framework-module -Wno-trigraphs -Wno-missing-field-initializers -Wno-missing-prototypes -Wno-return-type -Wno-implicit-atomic-properties -Wno-objc-interface-ivars -Wno-arc-repeated-use-of-weak -Wno-missing-braces -Wparentheses -Wswitch -Wno-unused-function -Wno-unused-label -Wno-unused-parameter -Wno-unused-variable -Wunused-value -Wno-empty-body -Wno-uninitialized -Wno-unknown-pragmas -w -Wno-shadow -Wno-four-char-constants -Wno-conversion -Wno-constant-conversion -Wno-int-conversion -Wno-bool-conversion -Wno-enum-conversion -Wno-float-conversion -Wno-non-literal-null-conversion -Wno-objc-literal-conversion -Wshorten-64-to-32 -Wpointer-sign -Wno-newline-eof -Wno-selector -Wno-strict-selector-match -Wno-undeclared-selector -Wno-deprecated-implementations -Wno-implicit-fallthrough -isysroot /Applications/Xcode.app/Contents/Developer/Platforms/MacOSX.platform/Developer/SDKs/MacOSX26.4.sdk -fstrict-aliasing -Wprotocol -Wdeprecated-declarations -Wno-sign-conversion -Wno-infinite-recursion -Wno-comma -Wno-block-capture-autoreleasing -Wno-strict-prototypes -Wno-semicolon-before-method-body @/Users/jasonlee/Library/Developer/Xcode/DerivedData/Notch-ddzsfiyxyoauidejndllmosklbkq/Build/Intermediates.noindex/PLCrashReporter.build/Release/CrashReporter.build/Objects-normal/x86_64/e6072d4f65d7061329687fe24e3d63a7-common-args.resp -include /Users/jasonlee/Library/Developer/Xcode/DerivedData/Notch-ddzsfiyxyoauidejndllmosklbkq/Build/Intermediates.noindex/PLCrashReporter.build/Release/CrashReporter.build/DerivedSources/resource_bundle_accessor.h -MMD -MT dependencies -MF /Users/jasonlee/Library/Developer/Xcode/DerivedData/Notch-ddzsfiyxyoauidejndllmosklbkq/Build/Intermediates.noindex/PLCrashReporter.build/Release/CrashReporter.build/Objects-normal/x86_64/resource_bundle_accessor.d --serialize-diagnostics /Users/jasonlee/Library/Developer/Xcode/DerivedData/Notch-ddzsfiyxyoauidejndllmosklbkq/Build/Intermediates.noindex/PLCrashReporter.build/Release/CrashReporter.build/Objects-normal/x86_64/resource_bundle_accessor.dia -c /Users/jasonlee/Library/Developer/Xcode/DerivedData/Notch-ddzsfiyxyoauidejndllmosklbkq/Build/Intermediates.noindex/PLCrashReporter.build/Release/CrashReporter.build/DerivedSources/resource_bundle_accessor.m -o /Users/jasonlee/Library/Developer/Xcode/DerivedData/Notch-ddzsfiyxyoauidejndllmosklbkq/Build/Intermediates.noindex/PLCrashReporter.build/Release/CrashReporter.build/Objects-normal/x86_64/resource_bundle_accessor.o

ScanDependencies /Users/jasonlee/Library/Developer/Xcode/DerivedData/Notch-ddzsfiyxyoauidejndllmosklbkq/Build/Intermediates.noindex/PLCrashReporter.build/Release/CrashReporter.build/Objects-normal/x86_64/protobuf-c.o /Users/jasonlee/Library/Developer/Xcode/DerivedData/Notch-ddzsfiyxyoauidejndllmosklbkq/SourcePackages/checkouts/plcrashreporter/Dependencies/protobuf-c/protobuf-c/protobuf-c.c normal x86_64 c com.apple.compilers.llvm.clang.1_0.compiler (in target 'CrashReporter' from project 'PLCrashReporter')
    cd /Users/jasonlee/Coding/App/Notch/Notch.xcodeproj
    
    Using response file: /Users/jasonlee/Library/Developer/Xcode/DerivedData/Notch-ddzsfiyxyoauidejndllmosklbkq/Build/Intermediates.noindex/PLCrashReporter.build/Release/CrashReporter.build/Objects-normal/x86_64/7187679823f38a2a940e0043cdf9d637-common-args.resp
    
    builtin-ScanDependencies -o /Users/jasonlee/Library/Developer/Xcode/DerivedData/Notch-ddzsfiyxyoauidejndllmosklbkq/Build/Intermediates.noindex/PLCrashReporter.build/Release/CrashReporter.build/Objects-normal/x86_64/protobuf-c.o.scan -- /Applications/Xcode.app/Contents/Developer/Toolchains/XcodeDefault.xctoolchain/usr/bin/clang -x c -ivfsstatcache /Users/jasonlee/Library/Developer/Xcode/DerivedData/SDKStatCaches.noindex/macosx26.4-25E251-30f9ca8789b706f8bd3fc906a70d770f.sdkstatcache -target x86_64-apple-macos10.13 -fmessage-length\=0 -fdiagnostics-show-note-include-stack -fmacro-backtrace-limit\=0 -fno-color-diagnostics -fmodules-prune-interval\=86400 -fmodules-prune-after\=345600 -fbuild-session-file\=/Users/jasonlee/Library/Developer/Xcode/DerivedData/ModuleCache.noindex/Session.modulevalidation -fmodules-validate-once-per-build-session -Wnon-modular-include-in-framework-module -Werror\=non-modular-include-in-framework-module -Wno-trigraphs -Wno-missing-field-initializers -Wno-missing-prototypes -Wno-return-type -Wno-missing-braces -Wparentheses -Wswitch -Wno-unused-function -Wno-unused-label -Wno-unused-parameter -Wno-unused-variable -Wunused-value -Wno-empty-body -Wno-uninitialized -Wno-unknown-pragmas -w -Wno-shadow -Wno-four-char-constants -Wno-conversion -Wno-constant-conversion -Wno-int-conversion -Wno-bool-conversion -Wno-enum-conversion -Wno-float-conversion -Wno-non-literal-null-conversion -Wno-objc-literal-conversion -Wshorten-64-to-32 -Wpointer-sign -Wno-newline-eof -Wno-implicit-fallthrough -isysroot /Applications/Xcode.app/Contents/Developer/Platforms/MacOSX.platform/Developer/SDKs/MacOSX26.4.sdk -fstrict-aliasing -Wdeprecated-declarations -Wno-sign-conversion -Wno-infinite-recursion -Wno-comma -Wno-block-capture-autoreleasing -Wno-strict-prototypes -Wno-semicolon-before-method-body @/Users/jasonlee/Library/Developer/Xcode/DerivedData/Notch-ddzsfiyxyoauidejndllmosklbkq/Build/Intermediates.noindex/PLCrashReporter.build/Release/CrashReporter.build/Objects-normal/x86_64/7187679823f38a2a940e0043cdf9d637-common-args.resp -MMD -MT dependencies -MF /Users/jasonlee/Library/Developer/Xcode/DerivedData/Notch-ddzsfiyxyoauidejndllmosklbkq/Build/Intermediates.noindex/PLCrashReporter.build/Release/CrashReporter.build/Objects-normal/x86_64/protobuf-c.d --serialize-diagnostics /Users/jasonlee/Library/Developer/Xcode/DerivedData/Notch-ddzsfiyxyoauidejndllmosklbkq/Build/Intermediates.noindex/PLCrashReporter.build/Release/CrashReporter.build/Objects-normal/x86_64/protobuf-c.dia -c /Users/jasonlee/Library/Developer/Xcode/DerivedData/Notch-ddzsfiyxyoauidejndllmosklbkq/SourcePackages/checkouts/plcrashreporter/Dependencies/protobuf-c/protobuf-c/protobuf-c.c -o /Users/jasonlee/Library/Developer/Xcode/DerivedData/Notch-ddzsfiyxyoauidejndllmosklbkq/Build/Intermediates.noindex/PLCrashReporter.build/Release/CrashReporter.build/Objects-normal/x86_64/protobuf-c.o

ScanDependencies /Users/jasonlee/Library/Developer/Xcode/DerivedData/Notch-ddzsfiyxyoauidejndllmosklbkq/Build/Intermediates.noindex/PLCrashReporter.build/Release/CrashReporter.build/Objects-normal/x86_64/PLCrashUncaughtExceptionHandler.o /Users/jasonlee/Library/Developer/Xcode/DerivedData/Notch-ddzsfiyxyoauidejndllmosklbkq/SourcePackages/checkouts/plcrashreporter/Source/PLCrashUncaughtExceptionHandler.m normal x86_64 objective-c com.apple.compilers.llvm.clang.1_0.compiler (in target 'CrashReporter' from project 'PLCrashReporter')
    cd /Users/jasonlee/Coding/App/Notch/Notch.xcodeproj
    
    Using response file: /Users/jasonlee/Library/Developer/Xcode/DerivedData/Notch-ddzsfiyxyoauidejndllmosklbkq/Build/Intermediates.noindex/PLCrashReporter.build/Release/CrashReporter.build/Objects-normal/x86_64/e6072d4f65d7061329687fe24e3d63a7-common-args.resp
    
    builtin-ScanDependencies -o /Users/jasonlee/Library/Developer/Xcode/DerivedData/Notch-ddzsfiyxyoauidejndllmosklbkq/Build/Intermediates.noindex/PLCrashReporter.build/Release/CrashReporter.build/Objects-normal/x86_64/PLCrashUncaughtExceptionHandler.o.scan -- /Applications/Xcode.app/Contents/Developer/Toolchains/XcodeDefault.xctoolchain/usr/bin/clang -x objective-c -ivfsstatcache /Users/jasonlee/Library/Developer/Xcode/DerivedData/SDKStatCaches.noindex/macosx26.4-25E251-30f9ca8789b706f8bd3fc906a70d770f.sdkstatcache -target x86_64-apple-macos10.13 -fmessage-length\=0 -fdiagnostics-show-note-include-stack -fmacro-backtrace-limit\=0 -fno-color-diagnostics -fmodules-prune-interval\=86400 -fmodules-prune-after\=345600 -fbuild-session-file\=/Users/jasonlee/Library/Developer/Xcode/DerivedData/ModuleCache.noindex/Session.modulevalidation -fmodules-validate-once-per-build-session -Wnon-modular-include-in-framework-module -Werror\=non-modular-include-in-framework-module -Wno-trigraphs -Wno-missing-field-initializers -Wno-missing-prototypes -Wno-return-type -Wno-implicit-atomic-properties -Wno-objc-interface-ivars -Wno-arc-repeated-use-of-weak -Wno-missing-braces -Wparentheses -Wswitch -Wno-unused-function -Wno-unused-label -Wno-unused-parameter -Wno-unused-variable -Wunused-value -Wno-empty-body -Wno-uninitialized -Wno-unknown-pragmas -w -Wno-shadow -Wno-four-char-constants -Wno-conversion -Wno-constant-conversion -Wno-int-conversion -Wno-bool-conversion -Wno-enum-conversion -Wno-float-conversion -Wno-non-literal-null-conversion -Wno-objc-literal-conversion -Wshorten-64-to-32 -Wpointer-sign -Wno-newline-eof -Wno-selector -Wno-strict-selector-match -Wno-undeclared-selector -Wno-deprecated-implementations -Wno-implicit-fallthrough -isysroot /Applications/Xcode.app/Contents/Developer/Platforms/MacOSX.platform/Developer/SDKs/MacOSX26.4.sdk -fstrict-aliasing -Wprotocol -Wdeprecated-declarations -Wno-sign-conversion -Wno-infinite-recursion -Wno-comma -Wno-block-capture-autoreleasing -Wno-strict-prototypes -Wno-semicolon-before-method-body @/Users/jasonlee/Library/Developer/Xcode/DerivedData/Notch-ddzsfiyxyoauidejndllmosklbkq/Build/Intermediates.noindex/PLCrashReporter.build/Release/CrashReporter.build/Objects-normal/x86_64/e6072d4f65d7061329687fe24e3d63a7-common-args.resp -include /Users/jasonlee/Library/Developer/Xcode/DerivedData/Notch-ddzsfiyxyoauidejndllmosklbkq/Build/Intermediates.noindex/PLCrashReporter.build/Release/CrashReporter.build/DerivedSources/resource_bundle_accessor.h -MMD -MT dependencies -MF /Users/jasonlee/Library/Developer/Xcode/DerivedData/Notch-ddzsfiyxyoauidejndllmosklbkq/Build/Intermediates.noindex/PLCrashReporter.build/Release/CrashReporter.build/Objects-normal/x86_64/PLCrashUncaughtExceptionHandler.d --serialize-diagnostics /Users/jasonlee/Library/Developer/Xcode/DerivedData/Notch-ddzsfiyxyoauidejndllmosklbkq/Build/Intermediates.noindex/PLCrashReporter.build/Release/CrashReporter.build/Objects-normal/x86_64/PLCrashUncaughtExceptionHandler.dia -c /Users/jasonlee/Library/Developer/Xcode/DerivedData/Notch-ddzsfiyxyoauidejndllmosklbkq/SourcePackages/checkouts/plcrashreporter/Source/PLCrashUncaughtExceptionHandler.m -o /Users/jasonlee/Library/Developer/Xcode/DerivedData/Notch-ddzsfiyxyoauidejndllmosklbkq/Build/Intermediates.noindex/PLCrashReporter.build/Release/CrashReporter.build/Objects-normal/x86_64/PLCrashUncaughtExceptionHandler.o

ScanDependencies /Users/jasonlee/Library/Developer/Xcode/DerivedData/Notch-ddzsfiyxyoauidejndllmosklbkq/Build/Intermediates.noindex/PLCrashReporter.build/Release/CrashReporter.build/Objects-normal/x86_64/PLCrashSysctl.o /Users/jasonlee/Library/Developer/Xcode/DerivedData/Notch-ddzsfiyxyoauidejndllmosklbkq/SourcePackages/checkouts/plcrashreporter/Source/PLCrashSysctl.c normal x86_64 c com.apple.compilers.llvm.clang.1_0.compiler (in target 'CrashReporter' from project 'PLCrashReporter')
    cd /Users/jasonlee/Coding/App/Notch/Notch.xcodeproj
    
    Using response file: /Users/jasonlee/Library/Developer/Xcode/DerivedData/Notch-ddzsfiyxyoauidejndllmosklbkq/Build/Intermediates.noindex/PLCrashReporter.build/Release/CrashReporter.build/Objects-normal/x86_64/7187679823f38a2a940e0043cdf9d637-common-args.resp
    
    builtin-ScanDependencies -o /Users/jasonlee/Library/Developer/Xcode/DerivedData/Notch-ddzsfiyxyoauidejndllmosklbkq/Build/Intermediates.noindex/PLCrashReporter.build/Release/CrashReporter.build/Objects-normal/x86_64/PLCrashSysctl.o.scan -- /Applications/Xcode.app/Contents/Developer/Toolchains/XcodeDefault.xctoolchain/usr/bin/clang -x c -ivfsstatcache /Users/jasonlee/Library/Developer/Xcode/DerivedData/SDKStatCaches.noindex/macosx26.4-25E251-30f9ca8789b706f8bd3fc906a70d770f.sdkstatcache -target x86_64-apple-macos10.13 -fmessage-length\=0 -fdiagnostics-show-note-include-stack -fmacro-backtrace-limit\=0 -fno-color-diagnostics -fmodules-prune-interval\=86400 -fmodules-prune-after\=345600 -fbuild-session-file\=/Users/jasonlee/Library/Developer/Xcode/DerivedData/ModuleCache.noindex/Session.modulevalidation -fmodules-validate-once-per-build-session -Wnon-modular-include-in-framework-module -Werror\=non-modular-include-in-framework-module -Wno-trigraphs -Wno-missing-field-initializers -Wno-missing-prototypes -Wno-return-type -Wno-missing-braces -Wparentheses -Wswitch -Wno-unused-function -Wno-unused-label -Wno-unused-parameter -Wno-unused-variable -Wunused-value -Wno-empty-body -Wno-uninitialized -Wno-unknown-pragmas -w -Wno-shadow -Wno-four-char-constants -Wno-conversion -Wno-constant-conversion -Wno-int-conversion -Wno-bool-conversion -Wno-enum-conversion -Wno-float-conversion -Wno-non-literal-null-conversion -Wno-objc-literal-conversion -Wshorten-64-to-32 -Wpointer-sign -Wno-newline-eof -Wno-implicit-fallthrough -isysroot /Applications/Xcode.app/Contents/Developer/Platforms/MacOSX.platform/Developer/SDKs/MacOSX26.4.sdk -fstrict-aliasing -Wdeprecated-declarations -Wno-sign-conversion -Wno-infinite-recursion -Wno-comma -Wno-block-capture-autoreleasing -Wno-strict-prototypes -Wno-semicolon-before-method-body @/Users/jasonlee/Library/Developer/Xcode/DerivedData/Notch-ddzsfiyxyoauidejndllmosklbkq/Build/Intermediates.noindex/PLCrashReporter.build/Release/CrashReporter.build/Objects-normal/x86_64/7187679823f38a2a940e0043cdf9d637-common-args.resp -MMD -MT dependencies -MF /Users/jasonlee/Library/Developer/Xcode/DerivedData/Notch-ddzsfiyxyoauidejndllmosklbkq/Build/Intermediates.noindex/PLCrashReporter.build/Release/CrashReporter.build/Objects-normal/x86_64/PLCrashSysctl.d --serialize-diagnostics /Users/jasonlee/Library/Developer/Xcode/DerivedData/Notch-ddzsfiyxyoauidejndllmosklbkq/Build/Intermediates.noindex/PLCrashReporter.build/Release/CrashReporter.build/Objects-normal/x86_64/PLCrashSysctl.dia -c /Users/jasonlee/Library/Developer/Xcode/DerivedData/Notch-ddzsfiyxyoauidejndllmosklbkq/SourcePackages/checkouts/plcrashreporter/Source/PLCrashSysctl.c -o /Users/jasonlee/Library/Developer/Xcode/DerivedData/Notch-ddzsfiyxyoauidejndllmosklbkq/Build/Intermediates.noindex/PLCrashReporter.build/Release/CrashReporter.build/Objects-normal/x86_64/PLCrashSysctl.o

ScanDependencies /Users/jasonlee/Library/Developer/Xcode/DerivedData/Notch-ddzsfiyxyoauidejndllmosklbkq/Build/Intermediates.noindex/PLCrashReporter.build/Release/CrashReporter.build/Objects-normal/x86_64/PLCrashReporterNSError.o /Users/jasonlee/Library/Developer/Xcode/DerivedData/Notch-ddzsfiyxyoauidejndllmosklbkq/SourcePackages/checkouts/plcrashreporter/Source/PLCrashReporterNSError.m normal x86_64 objective-c com.apple.compilers.llvm.clang.1_0.compiler (in target 'CrashReporter' from project 'PLCrashReporter')
    cd /Users/jasonlee/Coding/App/Notch/Notch.xcodeproj
    
    Using response file: /Users/jasonlee/Library/Developer/Xcode/DerivedData/Notch-ddzsfiyxyoauidejndllmosklbkq/Build/Intermediates.noindex/PLCrashReporter.build/Release/CrashReporter.build/Objects-normal/x86_64/e6072d4f65d7061329687fe24e3d63a7-common-args.resp
    
    builtin-ScanDependencies -o /Users/jasonlee/Library/Developer/Xcode/DerivedData/Notch-ddzsfiyxyoauidejndllmosklbkq/Build/Intermediates.noindex/PLCrashReporter.build/Release/CrashReporter.build/Objects-normal/x86_64/PLCrashReporterNSError.o.scan -- /Applications/Xcode.app/Contents/Developer/Toolchains/XcodeDefault.xctoolchain/usr/bin/clang -x objective-c -ivfsstatcache /Users/jasonlee/Library/Developer/Xcode/DerivedData/SDKStatCaches.noindex/macosx26.4-25E251-30f9ca8789b706f8bd3fc906a70d770f.sdkstatcache -target x86_64-apple-macos10.13 -fmessage-length\=0 -fdiagnostics-show-note-include-stack -fmacro-backtrace-limit\=0 -fno-color-diagnostics -fmodules-prune-interval\=86400 -fmodules-prune-after\=345600 -fbuild-session-file\=/Users/jasonlee/Library/Developer/Xcode/DerivedData/ModuleCache.noindex/Session.modulevalidation -fmodules-validate-once-per-build-session -Wnon-modular-include-in-framework-module -Werror\=non-modular-include-in-framework-module -Wno-trigraphs -Wno-missing-field-initializers -Wno-missing-prototypes -Wno-return-type -Wno-implicit-atomic-properties -Wno-objc-interface-ivars -Wno-arc-repeated-use-of-weak -Wno-missing-braces -Wparentheses -Wswitch -Wno-unused-function -Wno-unused-label -Wno-unused-parameter -Wno-unused-variable -Wunused-value -Wno-empty-body -Wno-uninitialized -Wno-unknown-pragmas -w -Wno-shadow -Wno-four-char-constants -Wno-conversion -Wno-constant-conversion -Wno-int-conversion -Wno-bool-conversion -Wno-enum-conversion -Wno-float-conversion -Wno-non-literal-null-conversion -Wno-objc-literal-conversion -Wshorten-64-to-32 -Wpointer-sign -Wno-newline-eof -Wno-selector -Wno-strict-selector-match -Wno-undeclared-selector -Wno-deprecated-implementations -Wno-implicit-fallthrough -isysroot /Applications/Xcode.app/Contents/Developer/Platforms/MacOSX.platform/Developer/SDKs/MacOSX26.4.sdk -fstrict-aliasing -Wprotocol -Wdeprecated-declarations -Wno-sign-conversion -Wno-infinite-recursion -Wno-comma -Wno-block-capture-autoreleasing -Wno-strict-prototypes -Wno-semicolon-before-method-body @/Users/jasonlee/Library/Developer/Xcode/DerivedData/Notch-ddzsfiyxyoauidejndllmosklbkq/Build/Intermediates.noindex/PLCrashReporter.build/Release/CrashReporter.build/Objects-normal/x86_64/e6072d4f65d7061329687fe24e3d63a7-common-args.resp -include /Users/jasonlee/Library/Developer/Xcode/DerivedData/Notch-ddzsfiyxyoauidejndllmosklbkq/Build/Intermediates.noindex/PLCrashReporter.build/Release/CrashReporter.build/DerivedSources/resource_bundle_accessor.h -MMD -MT dependencies -MF /Users/jasonlee/Library/Developer/Xcode/DerivedData/Notch-ddzsfiyxyoauidejndllmosklbkq/Build/Intermediates.noindex/PLCrashReporter.build/Release/CrashReporter.build/Objects-normal/x86_64/PLCrashReporterNSError.d --serialize-diagnostics /Users/jasonlee/Library/Developer/Xcode/DerivedData/Notch-ddzsfiyxyoauidejndllmosklbkq/Build/Intermediates.noindex/PLCrashReporter.build/Release/CrashReporter.build/Objects-normal/x86_64/PLCrashReporterNSError.dia -c /Users/jasonlee/Library/Developer/Xcode/DerivedData/Notch-ddzsfiyxyoauidejndllmosklbkq/SourcePackages/checkouts/plcrashreporter/Source/PLCrashReporterNSError.m -o /Users/jasonlee/Library/Developer/Xcode/DerivedData/Notch-ddzsfiyxyoauidejndllmosklbkq/Build/Intermediates.noindex/PLCrashReporter.build/Release/CrashReporter.build/Objects-normal/x86_64/PLCrashReporterNSError.o

ScanDependencies /Users/jasonlee/Library/Developer/Xcode/DerivedData/Notch-ddzsfiyxyoauidejndllmosklbkq/Build/Intermediates.noindex/PLCrashReporter.build/Release/CrashReporter.build/Objects-normal/x86_64/PLCrashReporterConfig.o /Users/jasonlee/Library/Developer/Xcode/DerivedData/Notch-ddzsfiyxyoauidejndllmosklbkq/SourcePackages/checkouts/plcrashreporter/Source/PLCrashReporterConfig.m normal x86_64 objective-c com.apple.compilers.llvm.clang.1_0.compiler (in target 'CrashReporter' from project 'PLCrashReporter')
    cd /Users/jasonlee/Coding/App/Notch/Notch.xcodeproj
    
    Using response file: /Users/jasonlee/Library/Developer/Xcode/DerivedData/Notch-ddzsfiyxyoauidejndllmosklbkq/Build/Intermediates.noindex/PLCrashReporter.build/Release/CrashReporter.build/Objects-normal/x86_64/e6072d4f65d7061329687fe24e3d63a7-common-args.resp
    
    builtin-ScanDependencies -o /Users/jasonlee/Library/Developer/Xcode/DerivedData/Notch-ddzsfiyxyoauidejndllmosklbkq/Build/Intermediates.noindex/PLCrashReporter.build/Release/CrashReporter.build/Objects-normal/x86_64/PLCrashReporterConfig.o.scan -- /Applications/Xcode.app/Contents/Developer/Toolchains/XcodeDefault.xctoolchain/usr/bin/clang -x objective-c -ivfsstatcache /Users/jasonlee/Library/Developer/Xcode/DerivedData/SDKStatCaches.noindex/macosx26.4-25E251-30f9ca8789b706f8bd3fc906a70d770f.sdkstatcache -target x86_64-apple-macos10.13 -fmessage-length\=0 -fdiagnostics-show-note-include-stack -fmacro-backtrace-limit\=0 -fno-color-diagnostics -fmodules-prune-interval\=86400 -fmodules-prune-after\=345600 -fbuild-session-file\=/Users/jasonlee/Library/Developer/Xcode/DerivedData/ModuleCache.noindex/Session.modulevalidation -fmodules-validate-once-per-build-session -Wnon-modular-include-in-framework-module -Werror\=non-modular-include-in-framework-module -Wno-trigraphs -Wno-missing-field-initializers -Wno-missing-prototypes -Wno-return-type -Wno-implicit-atomic-properties -Wno-objc-interface-ivars -Wno-arc-repeated-use-of-weak -Wno-missing-braces -Wparentheses -Wswitch -Wno-unused-function -Wno-unused-label -Wno-unused-parameter -Wno-unused-variable -Wunused-value -Wno-empty-body -Wno-uninitialized -Wno-unknown-pragmas -w -Wno-shadow -Wno-four-char-constants -Wno-conversion -Wno-constant-conversion -Wno-int-conversion -Wno-bool-conversion -Wno-enum-conversion -Wno-float-conversion -Wno-non-literal-null-conversion -Wno-objc-literal-conversion -Wshorten-64-to-32 -Wpointer-sign -Wno-newline-eof -Wno-selector -Wno-strict-selector-match -Wno-undeclared-selector -Wno-deprecated-implementations -Wno-implicit-fallthrough -isysroot /Applications/Xcode.app/Contents/Developer/Platforms/MacOSX.platform/Developer/SDKs/MacOSX26.4.sdk -fstrict-aliasing -Wprotocol -Wdeprecated-declarations -Wno-sign-conversion -Wno-infinite-recursion -Wno-comma -Wno-block-capture-autoreleasing -Wno-strict-prototypes -Wno-semicolon-before-method-body @/Users/jasonlee/Library/Developer/Xcode/DerivedData/Notch-ddzsfiyxyoauidejndllmosklbkq/Build/Intermediates.noindex/PLCrashReporter.build/Release/CrashReporter.build/Objects-normal/x86_64/e6072d4f65d7061329687fe24e3d63a7-common-args.resp -include /Users/jasonlee/Library/Developer/Xcode/DerivedData/Notch-ddzsfiyxyoauidejndllmosklbkq/Build/Intermediates.noindex/PLCrashReporter.build/Release/CrashReporter.build/DerivedSources/resource_bundle_accessor.h -MMD -MT dependencies -MF /Users/jasonlee/Library/Developer/Xcode/DerivedData/Notch-ddzsfiyxyoauidejndllmosklbkq/Build/Intermediates.noindex/PLCrashReporter.build/Release/CrashReporter.build/Objects-normal/x86_64/PLCrashReporterConfig.d --serialize-diagnostics /Users/jasonlee/Library/Developer/Xcode/DerivedData/Notch-ddzsfiyxyoauidejndllmosklbkq/Build/Intermediates.noindex/PLCrashReporter.build/Release/CrashReporter.build/Objects-normal/x86_64/PLCrashReporterConfig.dia -c /Users/jasonlee/Library/Developer/Xcode/DerivedData/Notch-ddzsfiyxyoauidejndllmosklbkq/SourcePackages/checkouts/plcrashreporter/Source/PLCrashReporterConfig.m -o /Users/jasonlee/Library/Developer/Xcode/DerivedData/Notch-ddzsfiyxyoauidejndllmosklbkq/Build/Intermediates.noindex/PLCrashReporter.build/Release/CrashReporter.build/Objects-normal/x86_64/PLCrashReporterConfig.o

ScanDependencies /Users/jasonlee/Library/Developer/Xcode/DerivedData/Notch-ddzsfiyxyoauidejndllmosklbkq/Build/Intermediates.noindex/PLCrashReporter.build/Release/CrashReporter.build/Objects-normal/x86_64/PLCrashReporter.o /Users/jasonlee/Library/Developer/Xcode/DerivedData/Notch-ddzsfiyxyoauidejndllmosklbkq/SourcePackages/checkouts/plcrashreporter/Source/PLCrashReporter.m normal x86_64 objective-c com.apple.compilers.llvm.clang.1_0.compiler (in target 'CrashReporter' from project 'PLCrashReporter')
    cd /Users/jasonlee/Coding/App/Notch/Notch.xcodeproj
    
    Using response file: /Users/jasonlee/Library/Developer/Xcode/DerivedData/Notch-ddzsfiyxyoauidejndllmosklbkq/Build/Intermediates.noindex/PLCrashReporter.build/Release/CrashReporter.build/Objects-normal/x86_64/e6072d4f65d7061329687fe24e3d63a7-common-args.resp
    
    builtin-ScanDependencies -o /Users/jasonlee/Library/Developer/Xcode/DerivedData/Notch-ddzsfiyxyoauidejndllmosklbkq/Build/Intermediates.noindex/PLCrashReporter.build/Release/CrashReporter.build/Objects-normal/x86_64/PLCrashReporter.o.scan -- /Applications/Xcode.app/Contents/Developer/Toolchains/XcodeDefault.xctoolchain/usr/bin/clang -x objective-c -ivfsstatcache /Users/jasonlee/Library/Developer/Xcode/DerivedData/SDKStatCaches.noindex/macosx26.4-25E251-30f9ca8789b706f8bd3fc906a70d770f.sdkstatcache -target x86_64-apple-macos10.13 -fmessage-length\=0 -fdiagnostics-show-note-include-stack -fmacro-backtrace-limit\=0 -fno-color-diagnostics -fmodules-prune-interval\=86400 -fmodules-prune-after\=345600 -fbuild-session-file\=/Users/jasonlee/Library/Developer/Xcode/DerivedData/ModuleCache.noindex/Session.modulevalidation -fmodules-validate-once-per-build-session -Wnon-modular-include-in-framework-module -Werror\=non-modular-include-in-framework-module -Wno-trigraphs -Wno-missing-field-initializers -Wno-missing-prototypes -Wno-return-type -Wno-implicit-atomic-properties -Wno-objc-interface-ivars -Wno-arc-repeated-use-of-weak -Wno-missing-braces -Wparentheses -Wswitch -Wno-unused-function -Wno-unused-label -Wno-unused-parameter -Wno-unused-variable -Wunused-value -Wno-empty-body -Wno-uninitialized -Wno-unknown-pragmas -w -Wno-shadow -Wno-four-char-constants -Wno-conversion -Wno-constant-conversion -Wno-int-conversion -Wno-bool-conversion -Wno-enum-conversion -Wno-float-conversion -Wno-non-literal-null-conversion -Wno-objc-literal-conversion -Wshorten-64-to-32 -Wpointer-sign -Wno-newline-eof -Wno-selector -Wno-strict-selector-match -Wno-undeclared-selector -Wno-deprecated-implementations -Wno-implicit-fallthrough -isysroot /Applications/Xcode.app/Contents/Developer/Platforms/MacOSX.platform/Developer/SDKs/MacOSX26.4.sdk -fstrict-aliasing -Wprotocol -Wdeprecated-declarations -Wno-sign-conversion -Wno-infinite-recursion -Wno-comma -Wno-block-capture-autoreleasing -Wno-strict-prototypes -Wno-semicolon-before-method-body @/Users/jasonlee/Library/Developer/Xcode/DerivedData/Notch-ddzsfiyxyoauidejndllmosklbkq/Build/Intermediates.noindex/PLCrashReporter.build/Release/CrashReporter.build/Objects-normal/x86_64/e6072d4f65d7061329687fe24e3d63a7-common-args.resp -include /Users/jasonlee/Library/Developer/Xcode/DerivedData/Notch-ddzsfiyxyoauidejndllmosklbkq/Build/Intermediates.noindex/PLCrashReporter.build/Release/CrashReporter.build/DerivedSources/resource_bundle_accessor.h -MMD -MT dependencies -MF /Users/jasonlee/Library/Developer/Xcode/DerivedData/Notch-ddzsfiyxyoauidejndllmosklbkq/Build/Intermediates.noindex/PLCrashReporter.build/Release/CrashReporter.build/Objects-normal/x86_64/PLCrashReporter.d --serialize-diagnostics /Users/jasonlee/Library/Developer/Xcode/DerivedData/Notch-ddzsfiyxyoauidejndllmosklbkq/Build/Intermediates.noindex/PLCrashReporter.build/Release/CrashReporter.build/Objects-normal/x86_64/PLCrashReporter.dia -c /Users/jasonlee/Library/Developer/Xcode/DerivedData/Notch-ddzsfiyxyoauidejndllmosklbkq/SourcePackages/checkouts/plcrashreporter/Source/PLCrashReporter.m -o /Users/jasonlee/Library/Developer/Xcode/DerivedData/Notch-ddzsfiyxyoauidejndllmosklbkq/Build/Intermediates.noindex/PLCrashReporter.build/Release/CrashReporter.build/Objects-normal/x86_64/PLCrashReporter.o

PrecompileModule /Users/jasonlee/Library/Developer/Xcode/DerivedData/Notch-ddzsfiyxyoauidejndllmosklbkq/Build/Intermediates.noindex/ExplicitPrecompiledModules/ptrcheck-QU19H67ICEL9JR7WJ224174P.scan
    cd /
    builtin-precompileModule /Users/jasonlee/Library/Developer/Xcode/DerivedData/Notch-ddzsfiyxyoauidejndllmosklbkq/Build/Intermediates.noindex/ExplicitPrecompiledModules/ptrcheck-QU19H67ICEL9JR7WJ224174P.scan

PrecompileModule /Users/jasonlee/Library/Developer/Xcode/DerivedData/Notch-ddzsfiyxyoauidejndllmosklbkq/Build/Intermediates.noindex/ExplicitPrecompiledModules/_Builtin_stdarg-42G4XECUFQIK9IUFYF3635ZON.scan
    cd /
    builtin-precompileModule /Users/jasonlee/Library/Developer/Xcode/DerivedData/Notch-ddzsfiyxyoauidejndllmosklbkq/Build/Intermediates.noindex/ExplicitPrecompiledModules/_Builtin_stdarg-42G4XECUFQIK9IUFYF3635ZON.scan

PrecompileModule /Users/jasonlee/Library/Developer/Xcode/DerivedData/Notch-ddzsfiyxyoauidejndllmosklbkq/Build/Intermediates.noindex/ExplicitPrecompiledModules/_Builtin_stddef-BY6TOE5C7PF3DSVO3RU58SAA5.scan
    cd /
    builtin-precompileModule /Users/jasonlee/Library/Developer/Xcode/DerivedData/Notch-ddzsfiyxyoauidejndllmosklbkq/Build/Intermediates.noindex/ExplicitPrecompiledModules/_Builtin_stddef-BY6TOE5C7PF3DSVO3RU58SAA5.scan

PrecompileModule /Users/jasonlee/Library/Developer/Xcode/DerivedData/Notch-ddzsfiyxyoauidejndllmosklbkq/Build/Intermediates.noindex/ExplicitPrecompiledModules/ptrauth-E77SGKVEHAQNPME1TKD7ZEQ84.scan
    cd /
    builtin-precompileModule /Users/jasonlee/Library/Developer/Xcode/DerivedData/Notch-ddzsfiyxyoauidejndllmosklbkq/Build/Intermediates.noindex/ExplicitPrecompiledModules/ptrauth-E77SGKVEHAQNPME1TKD7ZEQ84.scan

PrecompileModule /Users/jasonlee/Library/Developer/Xcode/DerivedData/Notch-ddzsfiyxyoauidejndllmosklbkq/Build/Intermediates.noindex/ExplicitPrecompiledModules/_Builtin_stdbool-7RKQKR3AABPVFF0LUJWUT0CHD.scan
    cd /
    builtin-precompileModule /Users/jasonlee/Library/Developer/Xcode/DerivedData/Notch-ddzsfiyxyoauidejndllmosklbkq/Build/Intermediates.noindex/ExplicitPrecompiledModules/_Builtin_stdbool-7RKQKR3AABPVFF0LUJWUT0CHD.scan

PrecompileModule /Users/jasonlee/Library/Developer/Xcode/DerivedData/Notch-ddzsfiyxyoauidejndllmosklbkq/Build/Intermediates.noindex/ExplicitPrecompiledModules/_Builtin_float-5188VYHVXT7W8K8PUCKTJAL2I.scan
    cd /
    builtin-precompileModule /Users/jasonlee/Library/Developer/Xcode/DerivedData/Notch-ddzsfiyxyoauidejndllmosklbkq/Build/Intermediates.noindex/ExplicitPrecompiledModules/_Builtin_float-5188VYHVXT7W8K8PUCKTJAL2I.scan

PrecompileModule /Users/jasonlee/Library/Developer/Xcode/DerivedData/Notch-ddzsfiyxyoauidejndllmosklbkq/Build/Intermediates.noindex/ExplicitPrecompiledModules/_Builtin_stdarg-66CUMUHZWJQ9KREL3HJX7BJ6C.scan
    cd /
    builtin-precompileModule /Users/jasonlee/Library/Developer/Xcode/DerivedData/Notch-ddzsfiyxyoauidejndllmosklbkq/Build/Intermediates.noindex/ExplicitPrecompiledModules/_Builtin_stdarg-66CUMUHZWJQ9KREL3HJX7BJ6C.scan

PrecompileModule /Users/jasonlee/Library/Developer/Xcode/DerivedData/Notch-ddzsfiyxyoauidejndllmosklbkq/Build/Intermediates.noindex/ExplicitPrecompiledModules/_Builtin_stdbool-9GMYKWW76JZD02ICJ6N1SR6BJ.scan
    cd /
    builtin-precompileModule /Users/jasonlee/Library/Developer/Xcode/DerivedData/Notch-ddzsfiyxyoauidejndllmosklbkq/Build/Intermediates.noindex/ExplicitPrecompiledModules/_Builtin_stdbool-9GMYKWW76JZD02ICJ6N1SR6BJ.scan

PrecompileModule /Users/jasonlee/Library/Developer/Xcode/DerivedData/Notch-ddzsfiyxyoauidejndllmosklbkq/Build/Intermediates.noindex/ExplicitPrecompiledModules/ptrcheck-3G9W3QCLD5CVOPAJQOGGMR58H.scan
    cd /
    builtin-precompileModule /Users/jasonlee/Library/Developer/Xcode/DerivedData/Notch-ddzsfiyxyoauidejndllmosklbkq/Build/Intermediates.noindex/ExplicitPrecompiledModules/ptrcheck-3G9W3QCLD5CVOPAJQOGGMR58H.scan

PrecompileModule /Users/jasonlee/Library/Developer/Xcode/DerivedData/Notch-ddzsfiyxyoauidejndllmosklbkq/Build/Intermediates.noindex/ExplicitPrecompiledModules/_AvailabilityInternal-6NJX899NTL86ZKT26K5EKLX08.scan
    cd /
    builtin-precompileModule /Users/jasonlee/Library/Developer/Xcode/DerivedData/Notch-ddzsfiyxyoauidejndllmosklbkq/Build/Intermediates.noindex/ExplicitPrecompiledModules/_AvailabilityInternal-6NJX899NTL86ZKT26K5EKLX08.scan

PrecompileModule /Users/jasonlee/Library/Developer/Xcode/DerivedData/Notch-ddzsfiyxyoauidejndllmosklbkq/Build/Intermediates.noindex/ExplicitPrecompiledModules/_AvailabilityInternal-7VSBOTQV62L1PFD4KJYK8HIHL.scan
    cd /
    builtin-precompileModule /Users/jasonlee/Library/Developer/Xcode/DerivedData/Notch-ddzsfiyxyoauidejndllmosklbkq/Build/Intermediates.noindex/ExplicitPrecompiledModules/_AvailabilityInternal-7VSBOTQV62L1PFD4KJYK8HIHL.scan

PrecompileModule /Users/jasonlee/Library/Developer/Xcode/DerivedData/Notch-ddzsfiyxyoauidejndllmosklbkq/Build/Intermediates.noindex/ExplicitPrecompiledModules/_Builtin_stddef-4D55QU7DQZ177FB2F0TNWJYTF.scan
    cd /
    builtin-precompileModule /Users/jasonlee/Library/Developer/Xcode/DerivedData/Notch-ddzsfiyxyoauidejndllmosklbkq/Build/Intermediates.noindex/ExplicitPrecompiledModules/_Builtin_stddef-4D55QU7DQZ177FB2F0TNWJYTF.scan

ScanDependencies /Users/jasonlee/Library/Developer/Xcode/DerivedData/Notch-ddzsfiyxyoauidejndllmosklbkq/Build/Intermediates.noindex/PLCrashReporter.build/Release/CrashReporter.build/Objects-normal/x86_64/PLCrashReportThreadInfo.o /Users/jasonlee/Library/Developer/Xcode/DerivedData/Notch-ddzsfiyxyoauidejndllmosklbkq/SourcePackages/checkouts/plcrashreporter/Source/PLCrashReportThreadInfo.m normal x86_64 objective-c com.apple.compilers.llvm.clang.1_0.compiler (in target 'CrashReporter' from project 'PLCrashReporter')
    cd /Users/jasonlee/Coding/App/Notch/Notch.xcodeproj
    
    Using response file: /Users/jasonlee/Library/Developer/Xcode/DerivedData/Notch-ddzsfiyxyoauidejndllmosklbkq/Build/Intermediates.noindex/PLCrashReporter.build/Release/CrashReporter.build/Objects-normal/x86_64/e6072d4f65d7061329687fe24e3d63a7-common-args.resp
    
    builtin-ScanDependencies -o /Users/jasonlee/Library/Developer/Xcode/DerivedData/Notch-ddzsfiyxyoauidejndllmosklbkq/Build/Intermediates.noindex/PLCrashReporter.build/Release/CrashReporter.build/Objects-normal/x86_64/PLCrashReportThreadInfo.o.scan -- /Applications/Xcode.app/Contents/Developer/Toolchains/XcodeDefault.xctoolchain/usr/bin/clang -x objective-c -ivfsstatcache /Users/jasonlee/Library/Developer/Xcode/DerivedData/SDKStatCaches.noindex/macosx26.4-25E251-30f9ca8789b706f8bd3fc906a70d770f.sdkstatcache -target x86_64-apple-macos10.13 -fmessage-length\=0 -fdiagnostics-show-note-include-stack -fmacro-backtrace-limit\=0 -fno-color-diagnostics -fmodules-prune-interval\=86400 -fmodules-prune-after\=345600 -fbuild-session-file\=/Users/jasonlee/Library/Developer/Xcode/DerivedData/ModuleCache.noindex/Session.modulevalidation -fmodules-validate-once-per-build-session -Wnon-modular-include-in-framework-module -Werror\=non-modular-include-in-framework-module -Wno-trigraphs -Wno-missing-field-initializers -Wno-missing-prototypes -Wno-return-type -Wno-implicit-atomic-properties -Wno-objc-interface-ivars -Wno-arc-repeated-use-of-weak -Wno-missing-braces -Wparentheses -Wswitch -Wno-unused-function -Wno-unused-label -Wno-unused-parameter -Wno-unused-variable -Wunused-value -Wno-empty-body -Wno-uninitialized -Wno-unknown-pragmas -w -Wno-shadow -Wno-four-char-constants -Wno-conversion -Wno-constant-conversion -Wno-int-conversion -Wno-bool-conversion -Wno-enum-conversion -Wno-float-conversion -Wno-non-literal-null-conversion -Wno-objc-literal-conversion -Wshorten-64-to-32 -Wpointer-sign -Wno-newline-eof -Wno-selector -Wno-strict-selector-match -Wno-undeclared-selector -Wno-deprecated-implementations -Wno-implicit-fallthrough -isysroot /Applications/Xcode.app/Contents/Developer/Platforms/MacOSX.platform/Developer/SDKs/MacOSX26.4.sdk -fstrict-aliasing -Wprotocol -Wdeprecated-declarations -Wno-sign-conversion -Wno-infinite-recursion -Wno-comma -Wno-block-capture-autoreleasing -Wno-strict-prototypes -Wno-semicolon-before-method-body @/Users/jasonlee/Library/Developer/Xcode/DerivedData/Notch-ddzsfiyxyoauidejndllmosklbkq/Build/Intermediates.noindex/PLCrashReporter.build/Release/CrashReporter.build/Objects-normal/x86_64/e6072d4f65d7061329687fe24e3d63a7-common-args.resp -include /Users/jasonlee/Library/Developer/Xcode/DerivedData/Notch-ddzsfiyxyoauidejndllmosklbkq/Build/Intermediates.noindex/PLCrashReporter.build/Release/CrashReporter.build/DerivedSources/resource_bundle_accessor.h -MMD -MT dependencies -MF /Users/jasonlee/Library/Developer/Xcode/DerivedData/Notch-ddzsfiyxyoauidejndllmosklbkq/Build/Intermediates.noindex/PLCrashReporter.build/Release/CrashReporter.build/Objects-normal/x86_64/PLCrashReportThreadInfo.d --serialize-diagnostics /Users/jasonlee/Library/Developer/Xcode/DerivedData/Notch-ddzsfiyxyoauidejndllmosklbkq/Build/Intermediates.noindex/PLCrashReporter.build/Release/CrashReporter.build/Objects-normal/x86_64/PLCrashReportThreadInfo.dia -c /Users/jasonlee/Library/Developer/Xcode/DerivedData/Notch-ddzsfiyxyoauidejndllmosklbkq/SourcePackages/checkouts/plcrashreporter/Source/PLCrashReportThreadInfo.m -o /Users/jasonlee/Library/Developer/Xcode/DerivedData/Notch-ddzsfiyxyoauidejndllmosklbkq/Build/Intermediates.noindex/PLCrashReporter.build/Release/CrashReporter.build/Objects-normal/x86_64/PLCrashReportThreadInfo.o

ScanDependencies /Users/jasonlee/Library/Developer/Xcode/DerivedData/Notch-ddzsfiyxyoauidejndllmosklbkq/Build/Intermediates.noindex/PLCrashReporter.build/Release/CrashReporter.build/Objects-normal/x86_64/PLCrashReportTextFormatter.o /Users/jasonlee/Library/Developer/Xcode/DerivedData/Notch-ddzsfiyxyoauidejndllmosklbkq/SourcePackages/checkouts/plcrashreporter/Source/PLCrashReportTextFormatter.m normal x86_64 objective-c com.apple.compilers.llvm.clang.1_0.compiler (in target 'CrashReporter' from project 'PLCrashReporter')
    cd /Users/jasonlee/Coding/App/Notch/Notch.xcodeproj
    
    Using response file: /Users/jasonlee/Library/Developer/Xcode/DerivedData/Notch-ddzsfiyxyoauidejndllmosklbkq/Build/Intermediates.noindex/PLCrashReporter.build/Release/CrashReporter.build/Objects-normal/x86_64/e6072d4f65d7061329687fe24e3d63a7-common-args.resp
    
    builtin-ScanDependencies -o /Users/jasonlee/Library/Developer/Xcode/DerivedData/Notch-ddzsfiyxyoauidejndllmosklbkq/Build/Intermediates.noindex/PLCrashReporter.build/Release/CrashReporter.build/Objects-normal/x86_64/PLCrashReportTextFormatter.o.scan -- /Applications/Xcode.app/Contents/Developer/Toolchains/XcodeDefault.xctoolchain/usr/bin/clang -x objective-c -ivfsstatcache /Users/jasonlee/Library/Developer/Xcode/DerivedData/SDKStatCaches.noindex/macosx26.4-25E251-30f9ca8789b706f8bd3fc906a70d770f.sdkstatcache -target x86_64-apple-macos10.13 -fmessage-length\=0 -fdiagnostics-show-note-include-stack -fmacro-backtrace-limit\=0 -fno-color-diagnostics -fmodules-prune-interval\=86400 -fmodules-prune-after\=345600 -fbuild-session-file\=/Users/jasonlee/Library/Developer/Xcode/DerivedData/ModuleCache.noindex/Session.modulevalidation -fmodules-validate-once-per-build-session -Wnon-modular-include-in-framework-module -Werror\=non-modular-include-in-framework-module -Wno-trigraphs -Wno-missing-field-initializers -Wno-missing-prototypes -Wno-return-type -Wno-implicit-atomic-properties -Wno-objc-interface-ivars -Wno-arc-repeated-use-of-weak -Wno-missing-braces -Wparentheses -Wswitch -Wno-unused-function -Wno-unused-label -Wno-unused-parameter -Wno-unused-variable -Wunused-value -Wno-empty-body -Wno-uninitialized -Wno-unknown-pragmas -w -Wno-shadow -Wno-four-char-constants -Wno-conversion -Wno-constant-conversion -Wno-int-conversion -Wno-bool-conversion -Wno-enum-conversion -Wno-float-conversion -Wno-non-literal-null-conversion -Wno-objc-literal-conversion -Wshorten-64-to-32 -Wpointer-sign -Wno-newline-eof -Wno-selector -Wno-strict-selector-match -Wno-undeclared-selector -Wno-deprecated-implementations -Wno-implicit-fallthrough -isysroot /Applications/Xcode.app/Contents/Developer/Platforms/MacOSX.platform/Developer/SDKs/MacOSX26.4.sdk -fstrict-aliasing -Wprotocol -Wdeprecated-declarations -Wno-sign-conversion -Wno-infinite-recursion -Wno-comma -Wno-block-capture-autoreleasing -Wno-strict-prototypes -Wno-semicolon-before-method-body @/Users/jasonlee/Library/Developer/Xcode/DerivedData/Notch-ddzsfiyxyoauidejndllmosklbkq/Build/Intermediates.noindex/PLCrashReporter.build/Release/CrashReporter.build/Objects-normal/x86_64/e6072d4f65d7061329687fe24e3d63a7-common-args.resp -include /Users/jasonlee/Library/Developer/Xcode/DerivedData/Notch-ddzsfiyxyoauidejndllmosklbkq/Build/Intermediates.noindex/PLCrashReporter.build/Release/CrashReporter.build/DerivedSources/resource_bundle_accessor.h -MMD -MT dependencies -MF /Users/jasonlee/Library/Developer/Xcode/DerivedData/Notch-ddzsfiyxyoauidejndllmosklbkq/Build/Intermediates.noindex/PLCrashReporter.build/Release/CrashReporter.build/Objects-normal/x86_64/PLCrashReportTextFormatter.d --serialize-diagnostics /Users/jasonlee/Library/Developer/Xcode/DerivedData/Notch-ddzsfiyxyoauidejndllmosklbkq/Build/Intermediates.noindex/PLCrashReporter.build/Release/CrashReporter.build/Objects-normal/x86_64/PLCrashReportTextFormatter.dia -c /Users/jasonlee/Library/Developer/Xcode/DerivedData/Notch-ddzsfiyxyoauidejndllmosklbkq/SourcePackages/checkouts/plcrashreporter/Source/PLCrashReportTextFormatter.m -o /Users/jasonlee/Library/Developer/Xcode/DerivedData/Notch-ddzsfiyxyoauidejndllmosklbkq/Build/Intermediates.noindex/PLCrashReporter.build/Release/CrashReporter.build/Objects-normal/x86_64/PLCrashReportTextFormatter.o

ScanDependencies /Users/jasonlee/Library/Developer/Xcode/DerivedData/Notch-ddzsfiyxyoauidejndllmosklbkq/Build/Intermediates.noindex/PLCrashReporter.build/Release/CrashReporter.build/Objects-normal/x86_64/PLCrashReportSystemInfo.o /Users/jasonlee/Library/Developer/Xcode/DerivedData/Notch-ddzsfiyxyoauidejndllmosklbkq/SourcePackages/checkouts/plcrashreporter/Source/PLCrashReportSystemInfo.m normal x86_64 objective-c com.apple.compilers.llvm.clang.1_0.compiler (in target 'CrashReporter' from project 'PLCrashReporter')
    cd /Users/jasonlee/Coding/App/Notch/Notch.xcodeproj
    
    Using response file: /Users/jasonlee/Library/Developer/Xcode/DerivedData/Notch-ddzsfiyxyoauidejndllmosklbkq/Build/Intermediates.noindex/PLCrashReporter.build/Release/CrashReporter.build/Objects-normal/x86_64/e6072d4f65d7061329687fe24e3d63a7-common-args.resp
    
    builtin-ScanDependencies -o /Users/jasonlee/Library/Developer/Xcode/DerivedData/Notch-ddzsfiyxyoauidejndllmosklbkq/Build/Intermediates.noindex/PLCrashReporter.build/Release/CrashReporter.build/Objects-normal/x86_64/PLCrashReportSystemInfo.o.scan -- /Applications/Xcode.app/Contents/Developer/Toolchains/XcodeDefault.xctoolchain/usr/bin/clang -x objective-c -ivfsstatcache /Users/jasonlee/Library/Developer/Xcode/DerivedData/SDKStatCaches.noindex/macosx26.4-25E251-30f9ca8789b706f8bd3fc906a70d770f.sdkstatcache -target x86_64-apple-macos10.13 -fmessage-length\=0 -fdiagnostics-show-note-include-stack -fmacro-backtrace-limit\=0 -fno-color-diagnostics -fmodules-prune-interval\=86400 -fmodules-prune-after\=345600 -fbuild-session-file\=/Users/jasonlee/Library/Developer/Xcode/DerivedData/ModuleCache.noindex/Session.modulevalidation -fmodules-validate-once-per-build-session -Wnon-modular-include-in-framework-module -Werror\=non-modular-include-in-framework-module -Wno-trigraphs -Wno-missing-field-initializers -Wno-missing-prototypes -Wno-return-type -Wno-implicit-atomic-properties -Wno-objc-interface-ivars -Wno-arc-repeated-use-of-weak -Wno-missing-braces -Wparentheses -Wswitch -Wno-unused-function -Wno-unused-label -Wno-unused-parameter -Wno-unused-variable -Wunused-value -Wno-empty-body -Wno-uninitialized -Wno-unknown-pragmas -w -Wno-shadow -Wno-four-char-constants -Wno-conversion -Wno-constant-conversion -Wno-int-conversion -Wno-bool-conversion -Wno-enum-conversion -Wno-float-conversion -Wno-non-literal-null-conversion -Wno-objc-literal-conversion -Wshorten-64-to-32 -Wpointer-sign -Wno-newline-eof -Wno-selector -Wno-strict-selector-match -Wno-undeclared-selector -Wno-deprecated-implementations -Wno-implicit-fallthrough -isysroot /Applications/Xcode.app/Contents/Developer/Platforms/MacOSX.platform/Developer/SDKs/MacOSX26.4.sdk -fstrict-aliasing -Wprotocol -Wdeprecated-declarations -Wno-sign-conversion -Wno-infinite-recursion -Wno-comma -Wno-block-capture-autoreleasing -Wno-strict-prototypes -Wno-semicolon-before-method-body @/Users/jasonlee/Library/Developer/Xcode/DerivedData/Notch-ddzsfiyxyoauidejndllmosklbkq/Build/Intermediates.noindex/PLCrashReporter.build/Release/CrashReporter.build/Objects-normal/x86_64/e6072d4f65d7061329687fe24e3d63a7-common-args.resp -include /Users/jasonlee/Library/Developer/Xcode/DerivedData/Notch-ddzsfiyxyoauidejndllmosklbkq/Build/Intermediates.noindex/PLCrashReporter.build/Release/CrashReporter.build/DerivedSources/resource_bundle_accessor.h -MMD -MT dependencies -MF /Users/jasonlee/Library/Developer/Xcode/DerivedData/Notch-ddzsfiyxyoauidejndllmosklbkq/Build/Intermediates.noindex/PLCrashReporter.build/Release/CrashReporter.build/Objects-normal/x86_64/PLCrashReportSystemInfo.d --serialize-diagnostics /Users/jasonlee/Library/Developer/Xcode/DerivedData/Notch-ddzsfiyxyoauidejndllmosklbkq/Build/Intermediates.noindex/PLCrashReporter.build/Release/CrashReporter.build/Objects-normal/x86_64/PLCrashReportSystemInfo.dia -c /Users/jasonlee/Library/Developer/Xcode/DerivedData/Notch-ddzsfiyxyoauidejndllmosklbkq/SourcePackages/checkouts/plcrashreporter/Source/PLCrashReportSystemInfo.m -o /Users/jasonlee/Library/Developer/Xcode/DerivedData/Notch-ddzsfiyxyoauidejndllmosklbkq/Build/Intermediates.noindex/PLCrashReporter.build/Release/CrashReporter.build/Objects-normal/x86_64/PLCrashReportSystemInfo.o

ScanDependencies /Users/jasonlee/Library/Developer/Xcode/DerivedData/Notch-ddzsfiyxyoauidejndllmosklbkq/Build/Intermediates.noindex/PLCrashReporter.build/Release/CrashReporter.build/Objects-normal/x86_64/PLCrashReportSymbolInfo.o /Users/jasonlee/Library/Developer/Xcode/DerivedData/Notch-ddzsfiyxyoauidejndllmosklbkq/SourcePackages/checkouts/plcrashreporter/Source/PLCrashReportSymbolInfo.m normal x86_64 objective-c com.apple.compilers.llvm.clang.1_0.compiler (in target 'CrashReporter' from project 'PLCrashReporter')
    cd /Users/jasonlee/Coding/App/Notch/Notch.xcodeproj
    
    Using response file: /Users/jasonlee/Library/Developer/Xcode/DerivedData/Notch-ddzsfiyxyoauidejndllmosklbkq/Build/Intermediates.noindex/PLCrashReporter.build/Release/CrashReporter.build/Objects-normal/x86_64/e6072d4f65d7061329687fe24e3d63a7-common-args.resp
    
    builtin-ScanDependencies -o /Users/jasonlee/Library/Developer/Xcode/DerivedData/Notch-ddzsfiyxyoauidejndllmosklbkq/Build/Intermediates.noindex/PLCrashReporter.build/Release/CrashReporter.build/Objects-normal/x86_64/PLCrashReportSymbolInfo.o.scan -- /Applications/Xcode.app/Contents/Developer/Toolchains/XcodeDefault.xctoolchain/usr/bin/clang -x objective-c -ivfsstatcache /Users/jasonlee/Library/Developer/Xcode/DerivedData/SDKStatCaches.noindex/macosx26.4-25E251-30f9ca8789b706f8bd3fc906a70d770f.sdkstatcache -target x86_64-apple-macos10.13 -fmessage-length\=0 -fdiagnostics-show-note-include-stack -fmacro-backtrace-limit\=0 -fno-color-diagnostics -fmodules-prune-interval\=86400 -fmodules-prune-after\=345600 -fbuild-session-file\=/Users/jasonlee/Library/Developer/Xcode/DerivedData/ModuleCache.noindex/Session.modulevalidation -fmodules-validate-once-per-build-session -Wnon-modular-include-in-framework-module -Werror\=non-modular-include-in-framework-module -Wno-trigraphs -Wno-missing-field-initializers -Wno-missing-prototypes -Wno-return-type -Wno-implicit-atomic-properties -Wno-objc-interface-ivars -Wno-arc-repeated-use-of-weak -Wno-missing-braces -Wparentheses -Wswitch -Wno-unused-function -Wno-unused-label -Wno-unused-parameter -Wno-unused-variable -Wunused-value -Wno-empty-body -Wno-uninitialized -Wno-unknown-pragmas -w -Wno-shadow -Wno-four-char-constants -Wno-conversion -Wno-constant-conversion -Wno-int-conversion -Wno-bool-conversion -Wno-enum-conversion -Wno-float-conversion -Wno-non-literal-null-conversion -Wno-objc-literal-conversion -Wshorten-64-to-32 -Wpointer-sign -Wno-newline-eof -Wno-selector -Wno-strict-selector-match -Wno-undeclared-selector -Wno-deprecated-implementations -Wno-implicit-fallthrough -isysroot /Applications/Xcode.app/Contents/Developer/Platforms/MacOSX.platform/Developer/SDKs/MacOSX26.4.sdk -fstrict-aliasing -Wprotocol -Wdeprecated-declarations -Wno-sign-conversion -Wno-infinite-recursion -Wno-comma -Wno-block-capture-autoreleasing -Wno-strict-prototypes -Wno-semicolon-before-method-body @/Users/jasonlee/Library/Developer/Xcode/DerivedData/Notch-ddzsfiyxyoauidejndllmosklbkq/Build/Intermediates.noindex/PLCrashReporter.build/Release/CrashReporter.build/Objects-normal/x86_64/e6072d4f65d7061329687fe24e3d63a7-common-args.resp -include /Users/jasonlee/Library/Developer/Xcode/DerivedData/Notch-ddzsfiyxyoauidejndllmosklbkq/Build/Intermediates.noindex/PLCrashReporter.build/Release/CrashReporter.build/DerivedSources/resource_bundle_accessor.h -MMD -MT dependencies -MF /Users/jasonlee/Library/Developer/Xcode/DerivedData/Notch-ddzsfiyxyoauidejndllmosklbkq/Build/Intermediates.noindex/PLCrashReporter.build/Release/CrashReporter.build/Objects-normal/x86_64/PLCrashReportSymbolInfo.d --serialize-diagnostics /Users/jasonlee/Library/Developer/Xcode/DerivedData/Notch-ddzsfiyxyoauidejndllmosklbkq/Build/Intermediates.noindex/PLCrashReporter.build/Release/CrashReporter.build/Objects-normal/x86_64/PLCrashReportSymbolInfo.dia -c /Users/jasonlee/Library/Developer/Xcode/DerivedData/Notch-ddzsfiyxyoauidejndllmosklbkq/SourcePackages/checkouts/plcrashreporter/Source/PLCrashReportSymbolInfo.m -o /Users/jasonlee/Library/Developer/Xcode/DerivedData/Notch-ddzsfiyxyoauidejndllmosklbkq/Build/Intermediates.noindex/PLCrashReporter.build/Release/CrashReporter.build/Objects-normal/x86_64/PLCrashReportSymbolInfo.o

ScanDependencies /Users/jasonlee/Library/Developer/Xcode/DerivedData/Notch-ddzsfiyxyoauidejndllmosklbkq/Build/Intermediates.noindex/PLCrashReporter.build/Release/CrashReporter.build/Objects-normal/x86_64/PLCrashReportStackFrameInfo.o /Users/jasonlee/Library/Developer/Xcode/DerivedData/Notch-ddzsfiyxyoauidejndllmosklbkq/SourcePackages/checkouts/plcrashreporter/Source/PLCrashReportStackFrameInfo.m normal x86_64 objective-c com.apple.compilers.llvm.clang.1_0.compiler (in target 'CrashReporter' from project 'PLCrashReporter')
    cd /Users/jasonlee/Coding/App/Notch/Notch.xcodeproj
    
    Using response file: /Users/jasonlee/Library/Developer/Xcode/DerivedData/Notch-ddzsfiyxyoauidejndllmosklbkq/Build/Intermediates.noindex/PLCrashReporter.build/Release/CrashReporter.build/Objects-normal/x86_64/e6072d4f65d7061329687fe24e3d63a7-common-args.resp
    
    builtin-ScanDependencies -o /Users/jasonlee/Library/Developer/Xcode/DerivedData/Notch-ddzsfiyxyoauidejndllmosklbkq/Build/Intermediates.noindex/PLCrashReporter.build/Release/CrashReporter.build/Objects-normal/x86_64/PLCrashReportStackFrameInfo.o.scan -- /Applications/Xcode.app/Contents/Developer/Toolchains/XcodeDefault.xctoolchain/usr/bin/clang -x objective-c -ivfsstatcache /Users/jasonlee/Library/Developer/Xcode/DerivedData/SDKStatCaches.noindex/macosx26.4-25E251-30f9ca8789b706f8bd3fc906a70d770f.sdkstatcache -target x86_64-apple-macos10.13 -fmessage-length\=0 -fdiagnostics-show-note-include-stack -fmacro-backtrace-limit\=0 -fno-color-diagnostics -fmodules-prune-interval\=86400 -fmodules-prune-after\=345600 -fbuild-session-file\=/Users/jasonlee/Library/Developer/Xcode/DerivedData/ModuleCache.noindex/Session.modulevalidation -fmodules-validate-once-per-build-session -Wnon-modular-include-in-framework-module -Werror\=non-modular-include-in-framework-module -Wno-trigraphs -Wno-missing-field-initializers -Wno-missing-prototypes -Wno-return-type -Wno-implicit-atomic-properties -Wno-objc-interface-ivars -Wno-arc-repeated-use-of-weak -Wno-missing-braces -Wparentheses -Wswitch -Wno-unused-function -Wno-unused-label -Wno-unused-parameter -Wno-unused-variable -Wunused-value -Wno-empty-body -Wno-uninitialized -Wno-unknown-pragmas -w -Wno-shadow -Wno-four-char-constants -Wno-conversion -Wno-constant-conversion -Wno-int-conversion -Wno-bool-conversion -Wno-enum-conversion -Wno-float-conversion -Wno-non-literal-null-conversion -Wno-objc-literal-conversion -Wshorten-64-to-32 -Wpointer-sign -Wno-newline-eof -Wno-selector -Wno-strict-selector-match -Wno-undeclared-selector -Wno-deprecated-implementations -Wno-implicit-fallthrough -isysroot /Applications/Xcode.app/Contents/Developer/Platforms/MacOSX.platform/Developer/SDKs/MacOSX26.4.sdk -fstrict-aliasing -Wprotocol -Wdeprecated-declarations -Wno-sign-conversion -Wno-infinite-recursion -Wno-comma -Wno-block-capture-autoreleasing -Wno-strict-prototypes -Wno-semicolon-before-method-body @/Users/jasonlee/Library/Developer/Xcode/DerivedData/Notch-ddzsfiyxyoauidejndllmosklbkq/Build/Intermediates.noindex/PLCrashReporter.build/Release/CrashReporter.build/Objects-normal/x86_64/e6072d4f65d7061329687fe24e3d63a7-common-args.resp -include /Users/jasonlee/Library/Developer/Xcode/DerivedData/Notch-ddzsfiyxyoauidejndllmosklbkq/Build/Intermediates.noindex/PLCrashReporter.build/Release/CrashReporter.build/DerivedSources/resource_bundle_accessor.h -MMD -MT dependencies -MF /Users/jasonlee/Library/Developer/Xcode/DerivedData/Notch-ddzsfiyxyoauidejndllmosklbkq/Build/Intermediates.noindex/PLCrashReporter.build/Release/CrashReporter.build/Objects-normal/x86_64/PLCrashReportStackFrameInfo.d --serialize-diagnostics /Users/jasonlee/Library/Developer/Xcode/DerivedData/Notch-ddzsfiyxyoauidejndllmosklbkq/Build/Intermediates.noindex/PLCrashReporter.build/Release/CrashReporter.build/Objects-normal/x86_64/PLCrashReportStackFrameInfo.dia -c /Users/jasonlee/Library/Developer/Xcode/DerivedData/Notch-ddzsfiyxyoauidejndllmosklbkq/SourcePackages/checkouts/plcrashreporter/Source/PLCrashReportStackFrameInfo.m -o /Users/jasonlee/Library/Developer/Xcode/DerivedData/Notch-ddzsfiyxyoauidejndllmosklbkq/Build/Intermediates.noindex/PLCrashReporter.build/Release/CrashReporter.build/Objects-normal/x86_64/PLCrashReportStackFrameInfo.o

PrecompileModule /Users/jasonlee/Library/Developer/Xcode/DerivedData/Notch-ddzsfiyxyoauidejndllmosklbkq/Build/Intermediates.noindex/ExplicitPrecompiledModules/_DarwinFoundation1-DFFBKQOVMJ3HBT3TTGE0DEVLX.scan
    cd /
    builtin-precompileModule /Users/jasonlee/Library/Developer/Xcode/DerivedData/Notch-ddzsfiyxyoauidejndllmosklbkq/Build/Intermediates.noindex/ExplicitPrecompiledModules/_DarwinFoundation1-DFFBKQOVMJ3HBT3TTGE0DEVLX.scan

ScanDependencies /Users/jasonlee/Library/Developer/Xcode/DerivedData/Notch-ddzsfiyxyoauidejndllmosklbkq/Build/Intermediates.noindex/PLCrashReporter.build/Release/CrashReporter.build/Objects-normal/x86_64/PLCrashReportSignalInfo.o /Users/jasonlee/Library/Developer/Xcode/DerivedData/Notch-ddzsfiyxyoauidejndllmosklbkq/SourcePackages/checkouts/plcrashreporter/Source/PLCrashReportSignalInfo.m normal x86_64 objective-c com.apple.compilers.llvm.clang.1_0.compiler (in target 'CrashReporter' from project 'PLCrashReporter')
    cd /Users/jasonlee/Coding/App/Notch/Notch.xcodeproj
    
    Using response file: /Users/jasonlee/Library/Developer/Xcode/DerivedData/Notch-ddzsfiyxyoauidejndllmosklbkq/Build/Intermediates.noindex/PLCrashReporter.build/Release/CrashReporter.build/Objects-normal/x86_64/e6072d4f65d7061329687fe24e3d63a7-common-args.resp
    
    builtin-ScanDependencies -o /Users/jasonlee/Library/Developer/Xcode/DerivedData/Notch-ddzsfiyxyoauidejndllmosklbkq/Build/Intermediates.noindex/PLCrashReporter.build/Release/CrashReporter.build/Objects-normal/x86_64/PLCrashReportSignalInfo.o.scan -- /Applications/Xcode.app/Contents/Developer/Toolchains/XcodeDefault.xctoolchain/usr/bin/clang -x objective-c -ivfsstatcache /Users/jasonlee/Library/Developer/Xcode/DerivedData/SDKStatCaches.noindex/macosx26.4-25E251-30f9ca8789b706f8bd3fc906a70d770f.sdkstatcache -target x86_64-apple-macos10.13 -fmessage-length\=0 -fdiagnostics-show-note-include-stack -fmacro-backtrace-limit\=0 -fno-color-diagnostics -fmodules-prune-interval\=86400 -fmodules-prune-after\=345600 -fbuild-session-file\=/Users/jasonlee/Library/Developer/Xcode/DerivedData/ModuleCache.noindex/Session.modulevalidation -fmodules-validate-once-per-build-session -Wnon-modular-include-in-framework-module -Werror\=non-modular-include-in-framework-module -Wno-trigraphs -Wno-missing-field-initializers -Wno-missing-prototypes -Wno-return-type -Wno-implicit-atomic-properties -Wno-objc-interface-ivars -Wno-arc-repeated-use-of-weak -Wno-missing-braces -Wparentheses -Wswitch -Wno-unused-function -Wno-unused-label -Wno-unused-parameter -Wno-unused-variable -Wunused-value -Wno-empty-body -Wno-uninitialized -Wno-unknown-pragmas -w -Wno-shadow -Wno-four-char-constants -Wno-conversion -Wno-constant-conversion -Wno-int-conversion -Wno-bool-conversion -Wno-enum-conversion -Wno-float-conversion -Wno-non-literal-null-conversion -Wno-objc-literal-conversion -Wshorten-64-to-32 -Wpointer-sign -Wno-newline-eof -Wno-selector -Wno-strict-selector-match -Wno-undeclared-selector -Wno-deprecated-implementations -Wno-implicit-fallthrough -isysroot /Applications/Xcode.app/Contents/Developer/Platforms/MacOSX.platform/Developer/SDKs/MacOSX26.4.sdk -fstrict-aliasing -Wprotocol -Wdeprecated-declarations -Wno-sign-conversion -Wno-infinite-recursion -Wno-comma -Wno-block-capture-autoreleasing -Wno-strict-prototypes -Wno-semicolon-before-method-body @/Users/jasonlee/Library/Developer/Xcode/DerivedData/Notch-ddzsfiyxyoauidejndllmosklbkq/Build/Intermediates.noindex/PLCrashReporter.build/Release/CrashReporter.build/Objects-normal/x86_64/e6072d4f65d7061329687fe24e3d63a7-common-args.resp -include /Users/jasonlee/Library/Developer/Xcode/DerivedData/Notch-ddzsfiyxyoauidejndllmosklbkq/Build/Intermediates.noindex/PLCrashReporter.build/Release/CrashReporter.build/DerivedSources/resource_bundle_accessor.h -MMD -MT dependencies -MF /Users/jasonlee/Library/Developer/Xcode/DerivedData/Notch-ddzsfiyxyoauidejndllmosklbkq/Build/Intermediates.noindex/PLCrashReporter.build/Release/CrashReporter.build/Objects-normal/x86_64/PLCrashReportSignalInfo.d --serialize-diagnostics /Users/jasonlee/Library/Developer/Xcode/DerivedData/Notch-ddzsfiyxyoauidejndllmosklbkq/Build/Intermediates.noindex/PLCrashReporter.build/Release/CrashReporter.build/Objects-normal/x86_64/PLCrashReportSignalInfo.dia -c /Users/jasonlee/Library/Developer/Xcode/DerivedData/Notch-ddzsfiyxyoauidejndllmosklbkq/SourcePackages/checkouts/plcrashreporter/Source/PLCrashReportSignalInfo.m -o /Users/jasonlee/Library/Developer/Xcode/DerivedData/Notch-ddzsfiyxyoauidejndllmosklbkq/Build/Intermediates.noindex/PLCrashReporter.build/Release/CrashReporter.build/Objects-normal/x86_64/PLCrashReportSignalInfo.o

ScanDependencies /Users/jasonlee/Library/Developer/Xcode/DerivedData/Notch-ddzsfiyxyoauidejndllmosklbkq/Build/Intermediates.noindex/PLCrashReporter.build/Release/CrashReporter.build/Objects-normal/x86_64/PLCrashReportRegisterInfo.o /Users/jasonlee/Library/Developer/Xcode/DerivedData/Notch-ddzsfiyxyoauidejndllmosklbkq/SourcePackages/checkouts/plcrashreporter/Source/PLCrashReportRegisterInfo.m normal x86_64 objective-c com.apple.compilers.llvm.clang.1_0.compiler (in target 'CrashReporter' from project 'PLCrashReporter')
    cd /Users/jasonlee/Coding/App/Notch/Notch.xcodeproj
    
    Using response file: /Users/jasonlee/Library/Developer/Xcode/DerivedData/Notch-ddzsfiyxyoauidejndllmosklbkq/Build/Intermediates.noindex/PLCrashReporter.build/Release/CrashReporter.build/Objects-normal/x86_64/e6072d4f65d7061329687fe24e3d63a7-common-args.resp
    
    builtin-ScanDependencies -o /Users/jasonlee/Library/Developer/Xcode/DerivedData/Notch-ddzsfiyxyoauidejndllmosklbkq/Build/Intermediates.noindex/PLCrashReporter.build/Release/CrashReporter.build/Objects-normal/x86_64/PLCrashReportRegisterInfo.o.scan -- /Applications/Xcode.app/Contents/Developer/Toolchains/XcodeDefault.xctoolchain/usr/bin/clang -x objective-c -ivfsstatcache /Users/jasonlee/Library/Developer/Xcode/DerivedData/SDKStatCaches.noindex/macosx26.4-25E251-30f9ca8789b706f8bd3fc906a70d770f.sdkstatcache -target x86_64-apple-macos10.13 -fmessage-length\=0 -fdiagnostics-show-note-include-stack -fmacro-backtrace-limit\=0 -fno-color-diagnostics -fmodules-prune-interval\=86400 -fmodules-prune-after\=345600 -fbuild-session-file\=/Users/jasonlee/Library/Developer/Xcode/DerivedData/ModuleCache.noindex/Session.modulevalidation -fmodules-validate-once-per-build-session -Wnon-modular-include-in-framework-module -Werror\=non-modular-include-in-framework-module -Wno-trigraphs -Wno-missing-field-initializers -Wno-missing-prototypes -Wno-return-type -Wno-implicit-atomic-properties -Wno-objc-interface-ivars -Wno-arc-repeated-use-of-weak -Wno-missing-braces -Wparentheses -Wswitch -Wno-unused-function -Wno-unused-label -Wno-unused-parameter -Wno-unused-variable -Wunused-value -Wno-empty-body -Wno-uninitialized -Wno-unknown-pragmas -w -Wno-shadow -Wno-four-char-constants -Wno-conversion -Wno-constant-conversion -Wno-int-conversion -Wno-bool-conversion -Wno-enum-conversion -Wno-float-conversion -Wno-non-literal-null-conversion -Wno-objc-literal-conversion -Wshorten-64-to-32 -Wpointer-sign -Wno-newline-eof -Wno-selector -Wno-strict-selector-match -Wno-undeclared-selector -Wno-deprecated-implementations -Wno-implicit-fallthrough -isysroot /Applications/Xcode.app/Contents/Developer/Platforms/MacOSX.platform/Developer/SDKs/MacOSX26.4.sdk -fstrict-aliasing -Wprotocol -Wdeprecated-declarations -Wno-sign-conversion -Wno-infinite-recursion -Wno-comma -Wno-block-capture-autoreleasing -Wno-strict-prototypes -Wno-semicolon-before-method-body @/Users/jasonlee/Library/Developer/Xcode/DerivedData/Notch-ddzsfiyxyoauidejndllmosklbkq/Build/Intermediates.noindex/PLCrashReporter.build/Release/CrashReporter.build/Objects-normal/x86_64/e6072d4f65d7061329687fe24e3d63a7-common-args.resp -include /Users/jasonlee/Library/Developer/Xcode/DerivedData/Notch-ddzsfiyxyoauidejndllmosklbkq/Build/Intermediates.noindex/PLCrashReporter.build/Release/CrashReporter.build/DerivedSources/resource_bundle_accessor.h -MMD -MT dependencies -MF /Users/jasonlee/Library/Developer/Xcode/DerivedData/Notch-ddzsfiyxyoauidejndllmosklbkq/Build/Intermediates.noindex/PLCrashReporter.build/Release/CrashReporter.build/Objects-normal/x86_64/PLCrashReportRegisterInfo.d --serialize-diagnostics /Users/jasonlee/Library/Developer/Xcode/DerivedData/Notch-ddzsfiyxyoauidejndllmosklbkq/Build/Intermediates.noindex/PLCrashReporter.build/Release/CrashReporter.build/Objects-normal/x86_64/PLCrashReportRegisterInfo.dia -c /Users/jasonlee/Library/Developer/Xcode/DerivedData/Notch-ddzsfiyxyoauidejndllmosklbkq/SourcePackages/checkouts/plcrashreporter/Source/PLCrashReportRegisterInfo.m -o /Users/jasonlee/Library/Developer/Xcode/DerivedData/Notch-ddzsfiyxyoauidejndllmosklbkq/Build/Intermediates.noindex/PLCrashReporter.build/Release/CrashReporter.build/Objects-normal/x86_64/PLCrashReportRegisterInfo.o

ScanDependencies /Users/jasonlee/Library/Developer/Xcode/DerivedData/Notch-ddzsfiyxyoauidejndllmosklbkq/Build/Intermediates.noindex/PLCrashReporter.build/Release/CrashReporter.build/Objects-normal/x86_64/PLCrashReportProcessorInfo.o /Users/jasonlee/Library/Developer/Xcode/DerivedData/Notch-ddzsfiyxyoauidejndllmosklbkq/SourcePackages/checkouts/plcrashreporter/Source/PLCrashReportProcessorInfo.m normal x86_64 objective-c com.apple.compilers.llvm.clang.1_0.compiler (in target 'CrashReporter' from project 'PLCrashReporter')
    cd /Users/jasonlee/Coding/App/Notch/Notch.xcodeproj
    
    Using response file: /Users/jasonlee/Library/Developer/Xcode/DerivedData/Notch-ddzsfiyxyoauidejndllmosklbkq/Build/Intermediates.noindex/PLCrashReporter.build/Release/CrashReporter.build/Objects-normal/x86_64/e6072d4f65d7061329687fe24e3d63a7-common-args.resp
    
    builtin-ScanDependencies -o /Users/jasonlee/Library/Developer/Xcode/DerivedData/Notch-ddzsfiyxyoauidejndllmosklbkq/Build/Intermediates.noindex/PLCrashReporter.build/Release/CrashReporter.build/Objects-normal/x86_64/PLCrashReportProcessorInfo.o.scan -- /Applications/Xcode.app/Contents/Developer/Toolchains/XcodeDefault.xctoolchain/usr/bin/clang -x objective-c -ivfsstatcache /Users/jasonlee/Library/Developer/Xcode/DerivedData/SDKStatCaches.noindex/macosx26.4-25E251-30f9ca8789b706f8bd3fc906a70d770f.sdkstatcache -target x86_64-apple-macos10.13 -fmessage-length\=0 -fdiagnostics-show-note-include-stack -fmacro-backtrace-limit\=0 -fno-color-diagnostics -fmodules-prune-interval\=86400 -fmodules-prune-after\=345600 -fbuild-session-file\=/Users/jasonlee/Library/Developer/Xcode/DerivedData/ModuleCache.noindex/Session.modulevalidation -fmodules-validate-once-per-build-session -Wnon-modular-include-in-framework-module -Werror\=non-modular-include-in-framework-module -Wno-trigraphs -Wno-missing-field-initializers -Wno-missing-prototypes -Wno-return-type -Wno-implicit-atomic-properties -Wno-objc-interface-ivars -Wno-arc-repeated-use-of-weak -Wno-missing-braces -Wparentheses -Wswitch -Wno-unused-function -Wno-unused-label -Wno-unused-parameter -Wno-unused-variable -Wunused-value -Wno-empty-body -Wno-uninitialized -Wno-unknown-pragmas -w -Wno-shadow -Wno-four-char-constants -Wno-conversion -Wno-constant-conversion -Wno-int-conversion -Wno-bool-conversion -Wno-enum-conversion -Wno-float-conversion -Wno-non-literal-null-conversion -Wno-objc-literal-conversion -Wshorten-64-to-32 -Wpointer-sign -Wno-newline-eof -Wno-selector -Wno-strict-selector-match -Wno-undeclared-selector -Wno-deprecated-implementations -Wno-implicit-fallthrough -isysroot /Applications/Xcode.app/Contents/Developer/Platforms/MacOSX.platform/Developer/SDKs/MacOSX26.4.sdk -fstrict-aliasing -Wprotocol -Wdeprecated-declarations -Wno-sign-conversion -Wno-infinite-recursion -Wno-comma -Wno-block-capture-autoreleasing -Wno-strict-prototypes -Wno-semicolon-before-method-body @/Users/jasonlee/Library/Developer/Xcode/DerivedData/Notch-ddzsfiyxyoauidejndllmosklbkq/Build/Intermediates.noindex/PLCrashReporter.build/Release/CrashReporter.build/Objects-normal/x86_64/e6072d4f65d7061329687fe24e3d63a7-common-args.resp -include /Users/jasonlee/Library/Developer/Xcode/DerivedData/Notch-ddzsfiyxyoauidejndllmosklbkq/Build/Intermediates.noindex/PLCrashReporter.build/Release/CrashReporter.build/DerivedSources/resource_bundle_accessor.h -MMD -MT dependencies -MF /Users/jasonlee/Library/Developer/Xcode/DerivedData/Notch-ddzsfiyxyoauidejndllmosklbkq/Build/Intermediates.noindex/PLCrashReporter.build/Release/CrashReporter.build/Objects-normal/x86_64/PLCrashReportProcessorInfo.d --serialize-diagnostics /Users/jasonlee/Library/Developer/Xcode/DerivedData/Notch-ddzsfiyxyoauidejndllmosklbkq/Build/Intermediates.noindex/PLCrashReporter.build/Release/CrashReporter.build/Objects-normal/x86_64/PLCrashReportProcessorInfo.dia -c /Users/jasonlee/Library/Developer/Xcode/DerivedData/Notch-ddzsfiyxyoauidejndllmosklbkq/SourcePackages/checkouts/plcrashreporter/Source/PLCrashReportProcessorInfo.m -o /Users/jasonlee/Library/Developer/Xcode/DerivedData/Notch-ddzsfiyxyoauidejndllmosklbkq/Build/Intermediates.noindex/PLCrashReporter.build/Release/CrashReporter.build/Objects-normal/x86_64/PLCrashReportProcessorInfo.o

PrecompileModule /Users/jasonlee/Library/Developer/Xcode/DerivedData/Notch-ddzsfiyxyoauidejndllmosklbkq/Build/Intermediates.noindex/ExplicitPrecompiledModules/_DarwinFoundation1-8VZJQUS9K5SIKZQOTIABUE6IZ.scan
    cd /
    builtin-precompileModule /Users/jasonlee/Library/Developer/Xcode/DerivedData/Notch-ddzsfiyxyoauidejndllmosklbkq/Build/Intermediates.noindex/ExplicitPrecompiledModules/_DarwinFoundation1-8VZJQUS9K5SIKZQOTIABUE6IZ.scan

ScanDependencies /Users/jasonlee/Library/Developer/Xcode/DerivedData/Notch-ddzsfiyxyoauidejndllmosklbkq/Build/Intermediates.noindex/PLCrashReporter.build/Release/CrashReporter.build/Objects-normal/x86_64/PLCrashReportProcessInfo.o /Users/jasonlee/Library/Developer/Xcode/DerivedData/Notch-ddzsfiyxyoauidejndllmosklbkq/SourcePackages/checkouts/plcrashreporter/Source/PLCrashReportProcessInfo.m normal x86_64 objective-c com.apple.compilers.llvm.clang.1_0.compiler (in target 'CrashReporter' from project 'PLCrashReporter')
    cd /Users/jasonlee/Coding/App/Notch/Notch.xcodeproj
    
    Using response file: /Users/jasonlee/Library/Developer/Xcode/DerivedData/Notch-ddzsfiyxyoauidejndllmosklbkq/Build/Intermediates.noindex/PLCrashReporter.build/Release/CrashReporter.build/Objects-normal/x86_64/e6072d4f65d7061329687fe24e3d63a7-common-args.resp
    
    builtin-ScanDependencies -o /Users/jasonlee/Library/Developer/Xcode/DerivedData/Notch-ddzsfiyxyoauidejndllmosklbkq/Build/Intermediates.noindex/PLCrashReporter.build/Release/CrashReporter.build/Objects-normal/x86_64/PLCrashReportProcessInfo.o.scan -- /Applications/Xcode.app/Contents/Developer/Toolchains/XcodeDefault.xctoolchain/usr/bin/clang -x objective-c -ivfsstatcache /Users/jasonlee/Library/Developer/Xcode/DerivedData/SDKStatCaches.noindex/macosx26.4-25E251-30f9ca8789b706f8bd3fc906a70d770f.sdkstatcache -target x86_64-apple-macos10.13 -fmessage-length\=0 -fdiagnostics-show-note-include-stack -fmacro-backtrace-limit\=0 -fno-color-diagnostics -fmodules-prune-interval\=86400 -fmodules-prune-after\=345600 -fbuild-session-file\=/Users/jasonlee/Library/Developer/Xcode/DerivedData/ModuleCache.noindex/Session.modulevalidation -fmodules-validate-once-per-build-session -Wnon-modular-include-in-framework-module -Werror\=non-modular-include-in-framework-module -Wno-trigraphs -Wno-missing-field-initializers -Wno-missing-prototypes -Wno-return-type -Wno-implicit-atomic-properties -Wno-objc-interface-ivars -Wno-arc-repeated-use-of-weak -Wno-missing-braces -Wparentheses -Wswitch -Wno-unused-function -Wno-unused-label -Wno-unused-parameter -Wno-unused-variable -Wunused-value -Wno-empty-body -Wno-uninitialized -Wno-unknown-pragmas -w -Wno-shadow -Wno-four-char-constants -Wno-conversion -Wno-constant-conversion -Wno-int-conversion -Wno-bool-conversion -Wno-enum-conversion -Wno-float-conversion -Wno-non-literal-null-conversion -Wno-objc-literal-conversion -Wshorten-64-to-32 -Wpointer-sign -Wno-newline-eof -Wno-selector -Wno-strict-selector-match -Wno-undeclared-selector -Wno-deprecated-implementations -Wno-implicit-fallthrough -isysroot /Applications/Xcode.app/Contents/Developer/Platforms/MacOSX.platform/Developer/SDKs/MacOSX26.4.sdk -fstrict-aliasing -Wprotocol -Wdeprecated-declarations -Wno-sign-conversion -Wno-infinite-recursion -Wno-comma -Wno-block-capture-autoreleasing -Wno-strict-prototypes -Wno-semicolon-before-method-body @/Users/jasonlee/Library/Developer/Xcode/DerivedData/Notch-ddzsfiyxyoauidejndllmosklbkq/Build/Intermediates.noindex/PLCrashReporter.build/Release/CrashReporter.build/Objects-normal/x86_64/e6072d4f65d7061329687fe24e3d63a7-common-args.resp -include /Users/jasonlee/Library/Developer/Xcode/DerivedData/Notch-ddzsfiyxyoauidejndllmosklbkq/Build/Intermediates.noindex/PLCrashReporter.build/Release/CrashReporter.build/DerivedSources/resource_bundle_accessor.h -MMD -MT dependencies -MF /Users/jasonlee/Library/Developer/Xcode/DerivedData/Notch-ddzsfiyxyoauidejndllmosklbkq/Build/Intermediates.noindex/PLCrashReporter.build/Release/CrashReporter.build/Objects-normal/x86_64/PLCrashReportProcessInfo.d --serialize-diagnostics /Users/jasonlee/Library/Developer/Xcode/DerivedData/Notch-ddzsfiyxyoauidejndllmosklbkq/Build/Intermediates.noindex/PLCrashReporter.build/Release/CrashReporter.build/Objects-normal/x86_64/PLCrashReportProcessInfo.dia -c /Users/jasonlee/Library/Developer/Xcode/DerivedData/Notch-ddzsfiyxyoauidejndllmosklbkq/SourcePackages/checkouts/plcrashreporter/Source/PLCrashReportProcessInfo.m -o /Users/jasonlee/Library/Developer/Xcode/DerivedData/Notch-ddzsfiyxyoauidejndllmosklbkq/Build/Intermediates.noindex/PLCrashReporter.build/Release/CrashReporter.build/Objects-normal/x86_64/PLCrashReportProcessInfo.o

ScanDependencies /Users/jasonlee/Library/Developer/Xcode/DerivedData/Notch-ddzsfiyxyoauidejndllmosklbkq/Build/Intermediates.noindex/PLCrashReporter.build/Release/CrashReporter.build/Objects-normal/x86_64/PLCrashReportMachineInfo.o /Users/jasonlee/Library/Developer/Xcode/DerivedData/Notch-ddzsfiyxyoauidejndllmosklbkq/SourcePackages/checkouts/plcrashreporter/Source/PLCrashReportMachineInfo.m normal x86_64 objective-c com.apple.compilers.llvm.clang.1_0.compiler (in target 'CrashReporter' from project 'PLCrashReporter')
    cd /Users/jasonlee/Coding/App/Notch/Notch.xcodeproj
    
    Using response file: /Users/jasonlee/Library/Developer/Xcode/DerivedData/Notch-ddzsfiyxyoauidejndllmosklbkq/Build/Intermediates.noindex/PLCrashReporter.build/Release/CrashReporter.build/Objects-normal/x86_64/e6072d4f65d7061329687fe24e3d63a7-common-args.resp
    
    builtin-ScanDependencies -o /Users/jasonlee/Library/Developer/Xcode/DerivedData/Notch-ddzsfiyxyoauidejndllmosklbkq/Build/Intermediates.noindex/PLCrashReporter.build/Release/CrashReporter.build/Objects-normal/x86_64/PLCrashReportMachineInfo.o.scan -- /Applications/Xcode.app/Contents/Developer/Toolchains/XcodeDefault.xctoolchain/usr/bin/clang -x objective-c -ivfsstatcache /Users/jasonlee/Library/Developer/Xcode/DerivedData/SDKStatCaches.noindex/macosx26.4-25E251-30f9ca8789b706f8bd3fc906a70d770f.sdkstatcache -target x86_64-apple-macos10.13 -fmessage-length\=0 -fdiagnostics-show-note-include-stack -fmacro-backtrace-limit\=0 -fno-color-diagnostics -fmodules-prune-interval\=86400 -fmodules-prune-after\=345600 -fbuild-session-file\=/Users/jasonlee/Library/Developer/Xcode/DerivedData/ModuleCache.noindex/Session.modulevalidation -fmodules-validate-once-per-build-session -Wnon-modular-include-in-framework-module -Werror\=non-modular-include-in-framework-module -Wno-trigraphs -Wno-missing-field-initializers -Wno-missing-prototypes -Wno-return-type -Wno-implicit-atomic-properties -Wno-objc-interface-ivars -Wno-arc-repeated-use-of-weak -Wno-missing-braces -Wparentheses -Wswitch -Wno-unused-function -Wno-unused-label -Wno-unused-parameter -Wno-unused-variable -Wunused-value -Wno-empty-body -Wno-uninitialized -Wno-unknown-pragmas -w -Wno-shadow -Wno-four-char-constants -Wno-conversion -Wno-constant-conversion -Wno-int-conversion -Wno-bool-conversion -Wno-enum-conversion -Wno-float-conversion -Wno-non-literal-null-conversion -Wno-objc-literal-conversion -Wshorten-64-to-32 -Wpointer-sign -Wno-newline-eof -Wno-selector -Wno-strict-selector-match -Wno-undeclared-selector -Wno-deprecated-implementations -Wno-implicit-fallthrough -isysroot /Applications/Xcode.app/Contents/Developer/Platforms/MacOSX.platform/Developer/SDKs/MacOSX26.4.sdk -fstrict-aliasing -Wprotocol -Wdeprecated-declarations -Wno-sign-conversion -Wno-infinite-recursion -Wno-comma -Wno-block-capture-autoreleasing -Wno-strict-prototypes -Wno-semicolon-before-method-body @/Users/jasonlee/Library/Developer/Xcode/DerivedData/Notch-ddzsfiyxyoauidejndllmosklbkq/Build/Intermediates.noindex/PLCrashReporter.build/Release/CrashReporter.build/Objects-normal/x86_64/e6072d4f65d7061329687fe24e3d63a7-common-args.resp -include /Users/jasonlee/Library/Developer/Xcode/DerivedData/Notch-ddzsfiyxyoauidejndllmosklbkq/Build/Intermediates.noindex/PLCrashReporter.build/Release/CrashReporter.build/DerivedSources/resource_bundle_accessor.h -MMD -MT dependencies -MF /Users/jasonlee/Library/Developer/Xcode/DerivedData/Notch-ddzsfiyxyoauidejndllmosklbkq/Build/Intermediates.noindex/PLCrashReporter.build/Release/CrashReporter.build/Objects-normal/x86_64/PLCrashReportMachineInfo.d --serialize-diagnostics /Users/jasonlee/Library/Developer/Xcode/DerivedData/Notch-ddzsfiyxyoauidejndllmosklbkq/Build/Intermediates.noindex/PLCrashReporter.build/Release/CrashReporter.build/Objects-normal/x86_64/PLCrashReportMachineInfo.dia -c /Users/jasonlee/Library/Developer/Xcode/DerivedData/Notch-ddzsfiyxyoauidejndllmosklbkq/SourcePackages/checkouts/plcrashreporter/Source/PLCrashReportMachineInfo.m -o /Users/jasonlee/Library/Developer/Xcode/DerivedData/Notch-ddzsfiyxyoauidejndllmosklbkq/Build/Intermediates.noindex/PLCrashReporter.build/Release/CrashReporter.build/Objects-normal/x86_64/PLCrashReportMachineInfo.o

ScanDependencies /Users/jasonlee/Library/Developer/Xcode/DerivedData/Notch-ddzsfiyxyoauidejndllmosklbkq/Build/Intermediates.noindex/PLCrashReporter.build/Release/CrashReporter.build/Objects-normal/x86_64/PLCrashReportMachExceptionInfo.o /Users/jasonlee/Library/Developer/Xcode/DerivedData/Notch-ddzsfiyxyoauidejndllmosklbkq/SourcePackages/checkouts/plcrashreporter/Source/PLCrashReportMachExceptionInfo.m normal x86_64 objective-c com.apple.compilers.llvm.clang.1_0.compiler (in target 'CrashReporter' from project 'PLCrashReporter')
    cd /Users/jasonlee/Coding/App/Notch/Notch.xcodeproj
    
    Using response file: /Users/jasonlee/Library/Developer/Xcode/DerivedData/Notch-ddzsfiyxyoauidejndllmosklbkq/Build/Intermediates.noindex/PLCrashReporter.build/Release/CrashReporter.build/Objects-normal/x86_64/e6072d4f65d7061329687fe24e3d63a7-common-args.resp
    
    builtin-ScanDependencies -o /Users/jasonlee/Library/Developer/Xcode/DerivedData/Notch-ddzsfiyxyoauidejndllmosklbkq/Build/Intermediates.noindex/PLCrashReporter.build/Release/CrashReporter.build/Objects-normal/x86_64/PLCrashReportMachExceptionInfo.o.scan -- /Applications/Xcode.app/Contents/Developer/Toolchains/XcodeDefault.xctoolchain/usr/bin/clang -x objective-c -ivfsstatcache /Users/jasonlee/Library/Developer/Xcode/DerivedData/SDKStatCaches.noindex/macosx26.4-25E251-30f9ca8789b706f8bd3fc906a70d770f.sdkstatcache -target x86_64-apple-macos10.13 -fmessage-length\=0 -fdiagnostics-show-note-include-stack -fmacro-backtrace-limit\=0 -fno-color-diagnostics -fmodules-prune-interval\=86400 -fmodules-prune-after\=345600 -fbuild-session-file\=/Users/jasonlee/Library/Developer/Xcode/DerivedData/ModuleCache.noindex/Session.modulevalidation -fmodules-validate-once-per-build-session -Wnon-modular-include-in-framework-module -Werror\=non-modular-include-in-framework-module -Wno-trigraphs -Wno-missing-field-initializers -Wno-missing-prototypes -Wno-return-type -Wno-implicit-atomic-properties -Wno-objc-interface-ivars -Wno-arc-repeated-use-of-weak -Wno-missing-braces -Wparentheses -Wswitch -Wno-unused-function -Wno-unused-label -Wno-unused-parameter -Wno-unused-variable -Wunused-value -Wno-empty-body -Wno-uninitialized -Wno-unknown-pragmas -w -Wno-shadow -Wno-four-char-constants -Wno-conversion -Wno-constant-conversion -Wno-int-conversion -Wno-bool-conversion -Wno-enum-conversion -Wno-float-conversion -Wno-non-literal-null-conversion -Wno-objc-literal-conversion -Wshorten-64-to-32 -Wpointer-sign -Wno-newline-eof -Wno-selector -Wno-strict-selector-match -Wno-undeclared-selector -Wno-deprecated-implementations -Wno-implicit-fallthrough -isysroot /Applications/Xcode.app/Contents/Developer/Platforms/MacOSX.platform/Developer/SDKs/MacOSX26.4.sdk -fstrict-aliasing -Wprotocol -Wdeprecated-declarations -Wno-sign-conversion -Wno-infinite-recursion -Wno-comma -Wno-block-capture-autoreleasing -Wno-strict-prototypes -Wno-semicolon-before-method-body @/Users/jasonlee/Library/Developer/Xcode/DerivedData/Notch-ddzsfiyxyoauidejndllmosklbkq/Build/Intermediates.noindex/PLCrashReporter.build/Release/CrashReporter.build/Objects-normal/x86_64/e6072d4f65d7061329687fe24e3d63a7-common-args.resp -include /Users/jasonlee/Library/Developer/Xcode/DerivedData/Notch-ddzsfiyxyoauidejndllmosklbkq/Build/Intermediates.noindex/PLCrashReporter.build/Release/CrashReporter.build/DerivedSources/resource_bundle_accessor.h -MMD -MT dependencies -MF /Users/jasonlee/Library/Developer/Xcode/DerivedData/Notch-ddzsfiyxyoauidejndllmosklbkq/Build/Intermediates.noindex/PLCrashReporter.build/Release/CrashReporter.build/Objects-normal/x86_64/PLCrashReportMachExceptionInfo.d --serialize-diagnostics /Users/jasonlee/Library/Developer/Xcode/DerivedData/Notch-ddzsfiyxyoauidejndllmosklbkq/Build/Intermediates.noindex/PLCrashReporter.build/Release/CrashReporter.build/Objects-normal/x86_64/PLCrashReportMachExceptionInfo.dia -c /Users/jasonlee/Library/Developer/Xcode/DerivedData/Notch-ddzsfiyxyoauidejndllmosklbkq/SourcePackages/checkouts/plcrashreporter/Source/PLCrashReportMachExceptionInfo.m -o /Users/jasonlee/Library/Developer/Xcode/DerivedData/Notch-ddzsfiyxyoauidejndllmosklbkq/Build/Intermediates.noindex/PLCrashReporter.build/Release/CrashReporter.build/Objects-normal/x86_64/PLCrashReportMachExceptionInfo.o

PrecompileModule /Users/jasonlee/Library/Developer/Xcode/DerivedData/Notch-ddzsfiyxyoauidejndllmosklbkq/Build/Intermediates.noindex/ExplicitPrecompiledModules/_Builtin_limits-2F3IWFGYZ07V8UBU6R4NT1Q68.scan
    cd /
    builtin-precompileModule /Users/jasonlee/Library/Developer/Xcode/DerivedData/Notch-ddzsfiyxyoauidejndllmosklbkq/Build/Intermediates.noindex/ExplicitPrecompiledModules/_Builtin_limits-2F3IWFGYZ07V8UBU6R4NT1Q68.scan

PrecompileModule /Users/jasonlee/Library/Developer/Xcode/DerivedData/Notch-ddzsfiyxyoauidejndllmosklbkq/Build/Intermediates.noindex/ExplicitPrecompiledModules/_DarwinFoundation2-9T4U6ZDR5NL0YUHV6R7RYLHM4.scan
    cd /
    builtin-precompileModule /Users/jasonlee/Library/Developer/Xcode/DerivedData/Notch-ddzsfiyxyoauidejndllmosklbkq/Build/Intermediates.noindex/ExplicitPrecompiledModules/_DarwinFoundation2-9T4U6ZDR5NL0YUHV6R7RYLHM4.scan

ScanDependencies /Users/jasonlee/Library/Developer/Xcode/DerivedData/Notch-ddzsfiyxyoauidejndllmosklbkq/Build/Intermediates.noindex/PLCrashReporter.build/Release/CrashReporter.build/Objects-normal/x86_64/PLCrashReportExceptionInfo.o /Users/jasonlee/Library/Developer/Xcode/DerivedData/Notch-ddzsfiyxyoauidejndllmosklbkq/SourcePackages/checkouts/plcrashreporter/Source/PLCrashReportExceptionInfo.m normal x86_64 objective-c com.apple.compilers.llvm.clang.1_0.compiler (in target 'CrashReporter' from project 'PLCrashReporter')
    cd /Users/jasonlee/Coding/App/Notch/Notch.xcodeproj
    
    Using response file: /Users/jasonlee/Library/Developer/Xcode/DerivedData/Notch-ddzsfiyxyoauidejndllmosklbkq/Build/Intermediates.noindex/PLCrashReporter.build/Release/CrashReporter.build/Objects-normal/x86_64/e6072d4f65d7061329687fe24e3d63a7-common-args.resp
    
    builtin-ScanDependencies -o /Users/jasonlee/Library/Developer/Xcode/DerivedData/Notch-ddzsfiyxyoauidejndllmosklbkq/Build/Intermediates.noindex/PLCrashReporter.build/Release/CrashReporter.build/Objects-normal/x86_64/PLCrashReportExceptionInfo.o.scan -- /Applications/Xcode.app/Contents/Developer/Toolchains/XcodeDefault.xctoolchain/usr/bin/clang -x objective-c -ivfsstatcache /Users/jasonlee/Library/Developer/Xcode/DerivedData/SDKStatCaches.noindex/macosx26.4-25E251-30f9ca8789b706f8bd3fc906a70d770f.sdkstatcache -target x86_64-apple-macos10.13 -fmessage-length\=0 -fdiagnostics-show-note-include-stack -fmacro-backtrace-limit\=0 -fno-color-diagnostics -fmodules-prune-interval\=86400 -fmodules-prune-after\=345600 -fbuild-session-file\=/Users/jasonlee/Library/Developer/Xcode/DerivedData/ModuleCache.noindex/Session.modulevalidation -fmodules-validate-once-per-build-session -Wnon-modular-include-in-framework-module -Werror\=non-modular-include-in-framework-module -Wno-trigraphs -Wno-missing-field-initializers -Wno-missing-prototypes -Wno-return-type -Wno-implicit-atomic-properties -Wno-objc-interface-ivars -Wno-arc-repeated-use-of-weak -Wno-missing-braces -Wparentheses -Wswitch -Wno-unused-function -Wno-unused-label -Wno-unused-parameter -Wno-unused-variable -Wunused-value -Wno-empty-body -Wno-uninitialized -Wno-unknown-pragmas -w -Wno-shadow -Wno-four-char-constants -Wno-conversion -Wno-constant-conversion -Wno-int-conversion -Wno-bool-conversion -Wno-enum-conversion -Wno-float-conversion -Wno-non-literal-null-conversion -Wno-objc-literal-conversion -Wshorten-64-to-32 -Wpointer-sign -Wno-newline-eof -Wno-selector -Wno-strict-selector-match -Wno-undeclared-selector -Wno-deprecated-implementations -Wno-implicit-fallthrough -isysroot /Applications/Xcode.app/Contents/Developer/Platforms/MacOSX.platform/Developer/SDKs/MacOSX26.4.sdk -fstrict-aliasing -Wprotocol -Wdeprecated-declarations -Wno-sign-conversion -Wno-infinite-recursion -Wno-comma -Wno-block-capture-autoreleasing -Wno-strict-prototypes -Wno-semicolon-before-method-body @/Users/jasonlee/Library/Developer/Xcode/DerivedData/Notch-ddzsfiyxyoauidejndllmosklbkq/Build/Intermediates.noindex/PLCrashReporter.build/Release/CrashReporter.build/Objects-normal/x86_64/e6072d4f65d7061329687fe24e3d63a7-common-args.resp -include /Users/jasonlee/Library/Developer/Xcode/DerivedData/Notch-ddzsfiyxyoauidejndllmosklbkq/Build/Intermediates.noindex/PLCrashReporter.build/Release/CrashReporter.build/DerivedSources/resource_bundle_accessor.h -MMD -MT dependencies -MF /Users/jasonlee/Library/Developer/Xcode/DerivedData/Notch-ddzsfiyxyoauidejndllmosklbkq/Build/Intermediates.noindex/PLCrashReporter.build/Release/CrashReporter.build/Objects-normal/x86_64/PLCrashReportExceptionInfo.d --serialize-diagnostics /Users/jasonlee/Library/Developer/Xcode/DerivedData/Notch-ddzsfiyxyoauidejndllmosklbkq/Build/Intermediates.noindex/PLCrashReporter.build/Release/CrashReporter.build/Objects-normal/x86_64/PLCrashReportExceptionInfo.dia -c /Users/jasonlee/Library/Developer/Xcode/DerivedData/Notch-ddzsfiyxyoauidejndllmosklbkq/SourcePackages/checkouts/plcrashreporter/Source/PLCrashReportExceptionInfo.m -o /Users/jasonlee/Library/Developer/Xcode/DerivedData/Notch-ddzsfiyxyoauidejndllmosklbkq/Build/Intermediates.noindex/PLCrashReporter.build/Release/CrashReporter.build/Objects-normal/x86_64/PLCrashReportExceptionInfo.o

ScanDependencies /Users/jasonlee/Library/Developer/Xcode/DerivedData/Notch-ddzsfiyxyoauidejndllmosklbkq/Build/Intermediates.noindex/PLCrashReporter.build/Release/CrashReporter.build/Objects-normal/x86_64/PLCrashReportBinaryImageInfo.o /Users/jasonlee/Library/Developer/Xcode/DerivedData/Notch-ddzsfiyxyoauidejndllmosklbkq/SourcePackages/checkouts/plcrashreporter/Source/PLCrashReportBinaryImageInfo.m normal x86_64 objective-c com.apple.compilers.llvm.clang.1_0.compiler (in target 'CrashReporter' from project 'PLCrashReporter')
    cd /Users/jasonlee/Coding/App/Notch/Notch.xcodeproj
    
    Using response file: /Users/jasonlee/Library/Developer/Xcode/DerivedData/Notch-ddzsfiyxyoauidejndllmosklbkq/Build/Intermediates.noindex/PLCrashReporter.build/Release/CrashReporter.build/Objects-normal/x86_64/e6072d4f65d7061329687fe24e3d63a7-common-args.resp
    
    builtin-ScanDependencies -o /Users/jasonlee/Library/Developer/Xcode/DerivedData/Notch-ddzsfiyxyoauidejndllmosklbkq/Build/Intermediates.noindex/PLCrashReporter.build/Release/CrashReporter.build/Objects-normal/x86_64/PLCrashReportBinaryImageInfo.o.scan -- /Applications/Xcode.app/Contents/Developer/Toolchains/XcodeDefault.xctoolchain/usr/bin/clang -x objective-c -ivfsstatcache /Users/jasonlee/Library/Developer/Xcode/DerivedData/SDKStatCaches.noindex/macosx26.4-25E251-30f9ca8789b706f8bd3fc906a70d770f.sdkstatcache -target x86_64-apple-macos10.13 -fmessage-length\=0 -fdiagnostics-show-note-include-stack -fmacro-backtrace-limit\=0 -fno-color-diagnostics -fmodules-prune-interval\=86400 -fmodules-prune-after\=345600 -fbuild-session-file\=/Users/jasonlee/Library/Developer/Xcode/DerivedData/ModuleCache.noindex/Session.modulevalidation -fmodules-validate-once-per-build-session -Wnon-modular-include-in-framework-module -Werror\=non-modular-include-in-framework-module -Wno-trigraphs -Wno-missing-field-initializers -Wno-missing-prototypes -Wno-return-type -Wno-implicit-atomic-properties -Wno-objc-interface-ivars -Wno-arc-repeated-use-of-weak -Wno-missing-braces -Wparentheses -Wswitch -Wno-unused-function -Wno-unused-label -Wno-unused-parameter -Wno-unused-variable -Wunused-value -Wno-empty-body -Wno-uninitialized -Wno-unknown-pragmas -w -Wno-shadow -Wno-four-char-constants -Wno-conversion -Wno-constant-conversion -Wno-int-conversion -Wno-bool-conversion -Wno-enum-conversion -Wno-float-conversion -Wno-non-literal-null-conversion -Wno-objc-literal-conversion -Wshorten-64-to-32 -Wpointer-sign -Wno-newline-eof -Wno-selector -Wno-strict-selector-match -Wno-undeclared-selector -Wno-deprecated-implementations -Wno-implicit-fallthrough -isysroot /Applications/Xcode.app/Contents/Developer/Platforms/MacOSX.platform/Developer/SDKs/MacOSX26.4.sdk -fstrict-aliasing -Wprotocol -Wdeprecated-declarations -Wno-sign-conversion -Wno-infinite-recursion -Wno-comma -Wno-block-capture-autoreleasing -Wno-strict-prototypes -Wno-semicolon-before-method-body @/Users/jasonlee/Library/Developer/Xcode/DerivedData/Notch-ddzsfiyxyoauidejndllmosklbkq/Build/Intermediates.noindex/PLCrashReporter.build/Release/CrashReporter.build/Objects-normal/x86_64/e6072d4f65d7061329687fe24e3d63a7-common-args.resp -include /Users/jasonlee/Library/Developer/Xcode/DerivedData/Notch-ddzsfiyxyoauidejndllmosklbkq/Build/Intermediates.noindex/PLCrashReporter.build/Release/CrashReporter.build/DerivedSources/resource_bundle_accessor.h -MMD -MT dependencies -MF /Users/jasonlee/Library/Developer/Xcode/DerivedData/Notch-ddzsfiyxyoauidejndllmosklbkq/Build/Intermediates.noindex/PLCrashReporter.build/Release/CrashReporter.build/Objects-normal/x86_64/PLCrashReportBinaryImageInfo.d --serialize-diagnostics /Users/jasonlee/Library/Developer/Xcode/DerivedData/Notch-ddzsfiyxyoauidejndllmosklbkq/Build/Intermediates.noindex/PLCrashReporter.build/Release/CrashReporter.build/Objects-normal/x86_64/PLCrashReportBinaryImageInfo.dia -c /Users/jasonlee/Library/Developer/Xcode/DerivedData/Notch-ddzsfiyxyoauidejndllmosklbkq/SourcePackages/checkouts/plcrashreporter/Source/PLCrashReportBinaryImageInfo.m -o /Users/jasonlee/Library/Developer/Xcode/DerivedData/Notch-ddzsfiyxyoauidejndllmosklbkq/Build/Intermediates.noindex/PLCrashReporter.build/Release/CrashReporter.build/Objects-normal/x86_64/PLCrashReportBinaryImageInfo.o

ScanDependencies /Users/jasonlee/Library/Developer/Xcode/DerivedData/Notch-ddzsfiyxyoauidejndllmosklbkq/Build/Intermediates.noindex/PLCrashReporter.build/Release/CrashReporter.build/Objects-normal/x86_64/PLCrashReportApplicationInfo.o /Users/jasonlee/Library/Developer/Xcode/DerivedData/Notch-ddzsfiyxyoauidejndllmosklbkq/SourcePackages/checkouts/plcrashreporter/Source/PLCrashReportApplicationInfo.m normal x86_64 objective-c com.apple.compilers.llvm.clang.1_0.compiler (in target 'CrashReporter' from project 'PLCrashReporter')
    cd /Users/jasonlee/Coding/App/Notch/Notch.xcodeproj
    
    Using response file: /Users/jasonlee/Library/Developer/Xcode/DerivedData/Notch-ddzsfiyxyoauidejndllmosklbkq/Build/Intermediates.noindex/PLCrashReporter.build/Release/CrashReporter.build/Objects-normal/x86_64/e6072d4f65d7061329687fe24e3d63a7-common-args.resp
    
    builtin-ScanDependencies -o /Users/jasonlee/Library/Developer/Xcode/DerivedData/Notch-ddzsfiyxyoauidejndllmosklbkq/Build/Intermediates.noindex/PLCrashReporter.build/Release/CrashReporter.build/Objects-normal/x86_64/PLCrashReportApplicationInfo.o.scan -- /Applications/Xcode.app/Contents/Developer/Toolchains/XcodeDefault.xctoolchain/usr/bin/clang -x objective-c -ivfsstatcache /Users/jasonlee/Library/Developer/Xcode/DerivedData/SDKStatCaches.noindex/macosx26.4-25E251-30f9ca8789b706f8bd3fc906a70d770f.sdkstatcache -target x86_64-apple-macos10.13 -fmessage-length\=0 -fdiagnostics-show-note-include-stack -fmacro-backtrace-limit\=0 -fno-color-diagnostics -fmodules-prune-interval\=86400 -fmodules-prune-after\=345600 -fbuild-session-file\=/Users/jasonlee/Library/Developer/Xcode/DerivedData/ModuleCache.noindex/Session.modulevalidation -fmodules-validate-once-per-build-session -Wnon-modular-include-in-framework-module -Werror\=non-modular-include-in-framework-module -Wno-trigraphs -Wno-missing-field-initializers -Wno-missing-prototypes -Wno-return-type -Wno-implicit-atomic-properties -Wno-objc-interface-ivars -Wno-arc-repeated-use-of-weak -Wno-missing-braces -Wparentheses -Wswitch -Wno-unused-function -Wno-unused-label -Wno-unused-parameter -Wno-unused-variable -Wunused-value -Wno-empty-body -Wno-uninitialized -Wno-unknown-pragmas -w -Wno-shadow -Wno-four-char-constants -Wno-conversion -Wno-constant-conversion -Wno-int-conversion -Wno-bool-conversion -Wno-enum-conversion -Wno-float-conversion -Wno-non-literal-null-conversion -Wno-objc-literal-conversion -Wshorten-64-to-32 -Wpointer-sign -Wno-newline-eof -Wno-selector -Wno-strict-selector-match -Wno-undeclared-selector -Wno-deprecated-implementations -Wno-implicit-fallthrough -isysroot /Applications/Xcode.app/Contents/Developer/Platforms/MacOSX.platform/Developer/SDKs/MacOSX26.4.sdk -fstrict-aliasing -Wprotocol -Wdeprecated-declarations -Wno-sign-conversion -Wno-infinite-recursion -Wno-comma -Wno-block-capture-autoreleasing -Wno-strict-prototypes -Wno-semicolon-before-method-body @/Users/jasonlee/Library/Developer/Xcode/DerivedData/Notch-ddzsfiyxyoauidejndllmosklbkq/Build/Intermediates.noindex/PLCrashReporter.build/Release/CrashReporter.build/Objects-normal/x86_64/e6072d4f65d7061329687fe24e3d63a7-common-args.resp -include /Users/jasonlee/Library/Developer/Xcode/DerivedData/Notch-ddzsfiyxyoauidejndllmosklbkq/Build/Intermediates.noindex/PLCrashReporter.build/Release/CrashReporter.build/DerivedSources/resource_bundle_accessor.h -MMD -MT dependencies -MF /Users/jasonlee/Library/Developer/Xcode/DerivedData/Notch-ddzsfiyxyoauidejndllmosklbkq/Build/Intermediates.noindex/PLCrashReporter.build/Release/CrashReporter.build/Objects-normal/x86_64/PLCrashReportApplicationInfo.d --serialize-diagnostics /Users/jasonlee/Library/Developer/Xcode/DerivedData/Notch-ddzsfiyxyoauidejndllmosklbkq/Build/Intermediates.noindex/PLCrashReporter.build/Release/CrashReporter.build/Objects-normal/x86_64/PLCrashReportApplicationInfo.dia -c /Users/jasonlee/Library/Developer/Xcode/DerivedData/Notch-ddzsfiyxyoauidejndllmosklbkq/SourcePackages/checkouts/plcrashreporter/Source/PLCrashReportApplicationInfo.m -o /Users/jasonlee/Library/Developer/Xcode/DerivedData/Notch-ddzsfiyxyoauidejndllmosklbkq/Build/Intermediates.noindex/PLCrashReporter.build/Release/CrashReporter.build/Objects-normal/x86_64/PLCrashReportApplicationInfo.o

ScanDependencies /Users/jasonlee/Library/Developer/Xcode/DerivedData/Notch-ddzsfiyxyoauidejndllmosklbkq/Build/Intermediates.noindex/PLCrashReporter.build/Release/CrashReporter.build/Objects-normal/x86_64/PLCrashReport.pb-c.o /Users/jasonlee/Library/Developer/Xcode/DerivedData/Notch-ddzsfiyxyoauidejndllmosklbkq/SourcePackages/checkouts/plcrashreporter/Source/PLCrashReport.pb-c.c normal x86_64 c com.apple.compilers.llvm.clang.1_0.compiler (in target 'CrashReporter' from project 'PLCrashReporter')
    cd /Users/jasonlee/Coding/App/Notch/Notch.xcodeproj
    
    Using response file: /Users/jasonlee/Library/Developer/Xcode/DerivedData/Notch-ddzsfiyxyoauidejndllmosklbkq/Build/Intermediates.noindex/PLCrashReporter.build/Release/CrashReporter.build/Objects-normal/x86_64/7187679823f38a2a940e0043cdf9d637-common-args.resp
    
    builtin-ScanDependencies -o /Users/jasonlee/Library/Developer/Xcode/DerivedData/Notch-ddzsfiyxyoauidejndllmosklbkq/Build/Intermediates.noindex/PLCrashReporter.build/Release/CrashReporter.build/Objects-normal/x86_64/PLCrashReport.pb-c.o.scan -- /Applications/Xcode.app/Contents/Developer/Toolchains/XcodeDefault.xctoolchain/usr/bin/clang -x c -ivfsstatcache /Users/jasonlee/Library/Developer/Xcode/DerivedData/SDKStatCaches.noindex/macosx26.4-25E251-30f9ca8789b706f8bd3fc906a70d770f.sdkstatcache -target x86_64-apple-macos10.13 -fmessage-length\=0 -fdiagnostics-show-note-include-stack -fmacro-backtrace-limit\=0 -fno-color-diagnostics -fmodules-prune-interval\=86400 -fmodules-prune-after\=345600 -fbuild-session-file\=/Users/jasonlee/Library/Developer/Xcode/DerivedData/ModuleCache.noindex/Session.modulevalidation -fmodules-validate-once-per-build-session -Wnon-modular-include-in-framework-module -Werror\=non-modular-include-in-framework-module -Wno-trigraphs -Wno-missing-field-initializers -Wno-missing-prototypes -Wno-return-type -Wno-missing-braces -Wparentheses -Wswitch -Wno-unused-function -Wno-unused-label -Wno-unused-parameter -Wno-unused-variable -Wunused-value -Wno-empty-body -Wno-uninitialized -Wno-unknown-pragmas -w -Wno-shadow -Wno-four-char-constants -Wno-conversion -Wno-constant-conversion -Wno-int-conversion -Wno-bool-conversion -Wno-enum-conversion -Wno-float-conversion -Wno-non-literal-null-conversion -Wno-objc-literal-conversion -Wshorten-64-to-32 -Wpointer-sign -Wno-newline-eof -Wno-implicit-fallthrough -isysroot /Applications/Xcode.app/Contents/Developer/Platforms/MacOSX.platform/Developer/SDKs/MacOSX26.4.sdk -fstrict-aliasing -Wdeprecated-declarations -Wno-sign-conversion -Wno-infinite-recursion -Wno-comma -Wno-block-capture-autoreleasing -Wno-strict-prototypes -Wno-semicolon-before-method-body @/Users/jasonlee/Library/Developer/Xcode/DerivedData/Notch-ddzsfiyxyoauidejndllmosklbkq/Build/Intermediates.noindex/PLCrashReporter.build/Release/CrashReporter.build/Objects-normal/x86_64/7187679823f38a2a940e0043cdf9d637-common-args.resp -MMD -MT dependencies -MF /Users/jasonlee/Library/Developer/Xcode/DerivedData/Notch-ddzsfiyxyoauidejndllmosklbkq/Build/Intermediates.noindex/PLCrashReporter.build/Release/CrashReporter.build/Objects-normal/x86_64/PLCrashReport.pb-c.d --serialize-diagnostics /Users/jasonlee/Library/Developer/Xcode/DerivedData/Notch-ddzsfiyxyoauidejndllmosklbkq/Build/Intermediates.noindex/PLCrashReporter.build/Release/CrashReporter.build/Objects-normal/x86_64/PLCrashReport.pb-c.dia -c /Users/jasonlee/Library/Developer/Xcode/DerivedData/Notch-ddzsfiyxyoauidejndllmosklbkq/SourcePackages/checkouts/plcrashreporter/Source/PLCrashReport.pb-c.c -o /Users/jasonlee/Library/Developer/Xcode/DerivedData/Notch-ddzsfiyxyoauidejndllmosklbkq/Build/Intermediates.noindex/PLCrashReporter.build/Release/CrashReporter.build/Objects-normal/x86_64/PLCrashReport.pb-c.o

PrecompileModule /Users/jasonlee/Library/Developer/Xcode/DerivedData/Notch-ddzsfiyxyoauidejndllmosklbkq/Build/Intermediates.noindex/ExplicitPrecompiledModules/_DarwinFoundation2-D6BWSSEKI13W9IOCRE33RPGQ1.scan
    cd /
    builtin-precompileModule /Users/jasonlee/Library/Developer/Xcode/DerivedData/Notch-ddzsfiyxyoauidejndllmosklbkq/Build/Intermediates.noindex/ExplicitPrecompiledModules/_DarwinFoundation2-D6BWSSEKI13W9IOCRE33RPGQ1.scan

PrecompileModule /Users/jasonlee/Library/Developer/Xcode/DerivedData/Notch-ddzsfiyxyoauidejndllmosklbkq/Build/Intermediates.noindex/ExplicitPrecompiledModules/_Builtin_limits-ANUEWLCY1DIP38KWM85AH8OME.scan
    cd /
    builtin-precompileModule /Users/jasonlee/Library/Developer/Xcode/DerivedData/Notch-ddzsfiyxyoauidejndllmosklbkq/Build/Intermediates.noindex/ExplicitPrecompiledModules/_Builtin_limits-ANUEWLCY1DIP38KWM85AH8OME.scan

ScanDependencies /Users/jasonlee/Library/Developer/Xcode/DerivedData/Notch-ddzsfiyxyoauidejndllmosklbkq/Build/Intermediates.noindex/PLCrashReporter.build/Release/CrashReporter.build/Objects-normal/x86_64/PLCrashReport.o /Users/jasonlee/Library/Developer/Xcode/DerivedData/Notch-ddzsfiyxyoauidejndllmosklbkq/SourcePackages/checkouts/plcrashreporter/Source/PLCrashReport.m normal x86_64 objective-c com.apple.compilers.llvm.clang.1_0.compiler (in target 'CrashReporter' from project 'PLCrashReporter')
    cd /Users/jasonlee/Coding/App/Notch/Notch.xcodeproj
    
    Using response file: /Users/jasonlee/Library/Developer/Xcode/DerivedData/Notch-ddzsfiyxyoauidejndllmosklbkq/Build/Intermediates.noindex/PLCrashReporter.build/Release/CrashReporter.build/Objects-normal/x86_64/e6072d4f65d7061329687fe24e3d63a7-common-args.resp
    
    builtin-ScanDependencies -o /Users/jasonlee/Library/Developer/Xcode/DerivedData/Notch-ddzsfiyxyoauidejndllmosklbkq/Build/Intermediates.noindex/PLCrashReporter.build/Release/CrashReporter.build/Objects-normal/x86_64/PLCrashReport.o.scan -- /Applications/Xcode.app/Contents/Developer/Toolchains/XcodeDefault.xctoolchain/usr/bin/clang -x objective-c -ivfsstatcache /Users/jasonlee/Library/Developer/Xcode/DerivedData/SDKStatCaches.noindex/macosx26.4-25E251-30f9ca8789b706f8bd3fc906a70d770f.sdkstatcache -target x86_64-apple-macos10.13 -fmessage-length\=0 -fdiagnostics-show-note-include-stack -fmacro-backtrace-limit\=0 -fno-color-diagnostics -fmodules-prune-interval\=86400 -fmodules-prune-after\=345600 -fbuild-session-file\=/Users/jasonlee/Library/Developer/Xcode/DerivedData/ModuleCache.noindex/Session.modulevalidation -fmodules-validate-once-per-build-session -Wnon-modular-include-in-framework-module -Werror\=non-modular-include-in-framework-module -Wno-trigraphs -Wno-missing-field-initializers -Wno-missing-prototypes -Wno-return-type -Wno-implicit-atomic-properties -Wno-objc-interface-ivars -Wno-arc-repeated-use-of-weak -Wno-missing-braces -Wparentheses -Wswitch -Wno-unused-function -Wno-unused-label -Wno-unused-parameter -Wno-unused-variable -Wunused-value -Wno-empty-body -Wno-uninitialized -Wno-unknown-pragmas -w -Wno-shadow -Wno-four-char-constants -Wno-conversion -Wno-constant-conversion -Wno-int-conversion -Wno-bool-conversion -Wno-enum-conversion -Wno-float-conversion -Wno-non-literal-null-conversion -Wno-objc-literal-conversion -Wshorten-64-to-32 -Wpointer-sign -Wno-newline-eof -Wno-selector -Wno-strict-selector-match -Wno-undeclared-selector -Wno-deprecated-implementations -Wno-implicit-fallthrough -isysroot /Applications/Xcode.app/Contents/Developer/Platforms/MacOSX.platform/Developer/SDKs/MacOSX26.4.sdk -fstrict-aliasing -Wprotocol -Wdeprecated-declarations -Wno-sign-conversion -Wno-infinite-recursion -Wno-comma -Wno-block-capture-autoreleasing -Wno-strict-prototypes -Wno-semicolon-before-method-body @/Users/jasonlee/Library/Developer/Xcode/DerivedData/Notch-ddzsfiyxyoauidejndllmosklbkq/Build/Intermediates.noindex/PLCrashReporter.build/Release/CrashReporter.build/Objects-normal/x86_64/e6072d4f65d7061329687fe24e3d63a7-common-args.resp -include /Users/jasonlee/Library/Developer/Xcode/DerivedData/Notch-ddzsfiyxyoauidejndllmosklbkq/Build/Intermediates.noindex/PLCrashReporter.build/Release/CrashReporter.build/DerivedSources/resource_bundle_accessor.h -MMD -MT dependencies -MF /Users/jasonlee/Library/Developer/Xcode/DerivedData/Notch-ddzsfiyxyoauidejndllmosklbkq/Build/Intermediates.noindex/PLCrashReporter.build/Release/CrashReporter.build/Objects-normal/x86_64/PLCrashReport.d --serialize-diagnostics /Users/jasonlee/Library/Developer/Xcode/DerivedData/Notch-ddzsfiyxyoauidejndllmosklbkq/Build/Intermediates.noindex/PLCrashReporter.build/Release/CrashReporter.build/Objects-normal/x86_64/PLCrashReport.dia -c /Users/jasonlee/Library/Developer/Xcode/DerivedData/Notch-ddzsfiyxyoauidejndllmosklbkq/SourcePackages/checkouts/plcrashreporter/Source/PLCrashReport.m -o /Users/jasonlee/Library/Developer/Xcode/DerivedData/Notch-ddzsfiyxyoauidejndllmosklbkq/Build/Intermediates.noindex/PLCrashReporter.build/Release/CrashReporter.build/Objects-normal/x86_64/PLCrashReport.o

ScanDependencies /Users/jasonlee/Library/Developer/Xcode/DerivedData/Notch-ddzsfiyxyoauidejndllmosklbkq/Build/Intermediates.noindex/PLCrashReporter.build/Release/CrashReporter.build/Objects-normal/x86_64/PLCrashProcessInfo.o /Users/jasonlee/Library/Developer/Xcode/DerivedData/Notch-ddzsfiyxyoauidejndllmosklbkq/SourcePackages/checkouts/plcrashreporter/Source/PLCrashProcessInfo.m normal x86_64 objective-c com.apple.compilers.llvm.clang.1_0.compiler (in target 'CrashReporter' from project 'PLCrashReporter')
    cd /Users/jasonlee/Coding/App/Notch/Notch.xcodeproj
    
    Using response file: /Users/jasonlee/Library/Developer/Xcode/DerivedData/Notch-ddzsfiyxyoauidejndllmosklbkq/Build/Intermediates.noindex/PLCrashReporter.build/Release/CrashReporter.build/Objects-normal/x86_64/e6072d4f65d7061329687fe24e3d63a7-common-args.resp
    
    builtin-ScanDependencies -o /Users/jasonlee/Library/Developer/Xcode/DerivedData/Notch-ddzsfiyxyoauidejndllmosklbkq/Build/Intermediates.noindex/PLCrashReporter.build/Release/CrashReporter.build/Objects-normal/x86_64/PLCrashProcessInfo.o.scan -- /Applications/Xcode.app/Contents/Developer/Toolchains/XcodeDefault.xctoolchain/usr/bin/clang -x objective-c -ivfsstatcache /Users/jasonlee/Library/Developer/Xcode/DerivedData/SDKStatCaches.noindex/macosx26.4-25E251-30f9ca8789b706f8bd3fc906a70d770f.sdkstatcache -target x86_64-apple-macos10.13 -fmessage-length\=0 -fdiagnostics-show-note-include-stack -fmacro-backtrace-limit\=0 -fno-color-diagnostics -fmodules-prune-interval\=86400 -fmodules-prune-after\=345600 -fbuild-session-file\=/Users/jasonlee/Library/Developer/Xcode/DerivedData/ModuleCache.noindex/Session.modulevalidation -fmodules-validate-once-per-build-session -Wnon-modular-include-in-framework-module -Werror\=non-modular-include-in-framework-module -Wno-trigraphs -Wno-missing-field-initializers -Wno-missing-prototypes -Wno-return-type -Wno-implicit-atomic-properties -Wno-objc-interface-ivars -Wno-arc-repeated-use-of-weak -Wno-missing-braces -Wparentheses -Wswitch -Wno-unused-function -Wno-unused-label -Wno-unused-parameter -Wno-unused-variable -Wunused-value -Wno-empty-body -Wno-uninitialized -Wno-unknown-pragmas -w -Wno-shadow -Wno-four-char-constants -Wno-conversion -Wno-constant-conversion -Wno-int-conversion -Wno-bool-conversion -Wno-enum-conversion -Wno-float-conversion -Wno-non-literal-null-conversion -Wno-objc-literal-conversion -Wshorten-64-to-32 -Wpointer-sign -Wno-newline-eof -Wno-selector -Wno-strict-selector-match -Wno-undeclared-selector -Wno-deprecated-implementations -Wno-implicit-fallthrough -isysroot /Applications/Xcode.app/Contents/Developer/Platforms/MacOSX.platform/Developer/SDKs/MacOSX26.4.sdk -fstrict-aliasing -Wprotocol -Wdeprecated-declarations -Wno-sign-conversion -Wno-infinite-recursion -Wno-comma -Wno-block-capture-autoreleasing -Wno-strict-prototypes -Wno-semicolon-before-method-body @/Users/jasonlee/Library/Developer/Xcode/DerivedData/Notch-ddzsfiyxyoauidejndllmosklbkq/Build/Intermediates.noindex/PLCrashReporter.build/Release/CrashReporter.build/Objects-normal/x86_64/e6072d4f65d7061329687fe24e3d63a7-common-args.resp -include /Users/jasonlee/Library/Developer/Xcode/DerivedData/Notch-ddzsfiyxyoauidejndllmosklbkq/Build/Intermediates.noindex/PLCrashReporter.build/Release/CrashReporter.build/DerivedSources/resource_bundle_accessor.h -MMD -MT dependencies -MF /Users/jasonlee/Library/Developer/Xcode/DerivedData/Notch-ddzsfiyxyoauidejndllmosklbkq/Build/Intermediates.noindex/PLCrashReporter.build/Release/CrashReporter.build/Objects-normal/x86_64/PLCrashProcessInfo.d --serialize-diagnostics /Users/jasonlee/Library/Developer/Xcode/DerivedData/Notch-ddzsfiyxyoauidejndllmosklbkq/Build/Intermediates.noindex/PLCrashReporter.build/Release/CrashReporter.build/Objects-normal/x86_64/PLCrashProcessInfo.dia -c /Users/jasonlee/Library/Developer/Xcode/DerivedData/Notch-ddzsfiyxyoauidejndllmosklbkq/SourcePackages/checkouts/plcrashreporter/Source/PLCrashProcessInfo.m -o /Users/jasonlee/Library/Developer/Xcode/DerivedData/Notch-ddzsfiyxyoauidejndllmosklbkq/Build/Intermediates.noindex/PLCrashReporter.build/Release/CrashReporter.build/Objects-normal/x86_64/PLCrashProcessInfo.o

ScanDependencies /Users/jasonlee/Library/Developer/Xcode/DerivedData/Notch-ddzsfiyxyoauidejndllmosklbkq/Build/Intermediates.noindex/PLCrashReporter.build/Release/CrashReporter.build/Objects-normal/x86_64/PLCrashMachExceptionServer.o /Users/jasonlee/Library/Developer/Xcode/DerivedData/Notch-ddzsfiyxyoauidejndllmosklbkq/SourcePackages/checkouts/plcrashreporter/Source/PLCrashMachExceptionServer.m normal x86_64 objective-c com.apple.compilers.llvm.clang.1_0.compiler (in target 'CrashReporter' from project 'PLCrashReporter')
    cd /Users/jasonlee/Coding/App/Notch/Notch.xcodeproj
    
    Using response file: /Users/jasonlee/Library/Developer/Xcode/DerivedData/Notch-ddzsfiyxyoauidejndllmosklbkq/Build/Intermediates.noindex/PLCrashReporter.build/Release/CrashReporter.build/Objects-normal/x86_64/e6072d4f65d7061329687fe24e3d63a7-common-args.resp
    
    builtin-ScanDependencies -o /Users/jasonlee/Library/Developer/Xcode/DerivedData/Notch-ddzsfiyxyoauidejndllmosklbkq/Build/Intermediates.noindex/PLCrashReporter.build/Release/CrashReporter.build/Objects-normal/x86_64/PLCrashMachExceptionServer.o.scan -- /Applications/Xcode.app/Contents/Developer/Toolchains/XcodeDefault.xctoolchain/usr/bin/clang -x objective-c -ivfsstatcache /Users/jasonlee/Library/Developer/Xcode/DerivedData/SDKStatCaches.noindex/macosx26.4-25E251-30f9ca8789b706f8bd3fc906a70d770f.sdkstatcache -target x86_64-apple-macos10.13 -fmessage-length\=0 -fdiagnostics-show-note-include-stack -fmacro-backtrace-limit\=0 -fno-color-diagnostics -fmodules-prune-interval\=86400 -fmodules-prune-after\=345600 -fbuild-session-file\=/Users/jasonlee/Library/Developer/Xcode/DerivedData/ModuleCache.noindex/Session.modulevalidation -fmodules-validate-once-per-build-session -Wnon-modular-include-in-framework-module -Werror\=non-modular-include-in-framework-module -Wno-trigraphs -Wno-missing-field-initializers -Wno-missing-prototypes -Wno-return-type -Wno-implicit-atomic-properties -Wno-objc-interface-ivars -Wno-arc-repeated-use-of-weak -Wno-missing-braces -Wparentheses -Wswitch -Wno-unused-function -Wno-unused-label -Wno-unused-parameter -Wno-unused-variable -Wunused-value -Wno-empty-body -Wno-uninitialized -Wno-unknown-pragmas -w -Wno-shadow -Wno-four-char-constants -Wno-conversion -Wno-constant-conversion -Wno-int-conversion -Wno-bool-conversion -Wno-enum-conversion -Wno-float-conversion -Wno-non-literal-null-conversion -Wno-objc-literal-conversion -Wshorten-64-to-32 -Wpointer-sign -Wno-newline-eof -Wno-selector -Wno-strict-selector-match -Wno-undeclared-selector -Wno-deprecated-implementations -Wno-implicit-fallthrough -isysroot /Applications/Xcode.app/Contents/Developer/Platforms/MacOSX.platform/Developer/SDKs/MacOSX26.4.sdk -fstrict-aliasing -Wprotocol -Wdeprecated-declarations -Wno-sign-conversion -Wno-infinite-recursion -Wno-comma -Wno-block-capture-autoreleasing -Wno-strict-prototypes -Wno-semicolon-before-method-body @/Users/jasonlee/Library/Developer/Xcode/DerivedData/Notch-ddzsfiyxyoauidejndllmosklbkq/Build/Intermediates.noindex/PLCrashReporter.build/Release/CrashReporter.build/Objects-normal/x86_64/e6072d4f65d7061329687fe24e3d63a7-common-args.resp -include /Users/jasonlee/Library/Developer/Xcode/DerivedData/Notch-ddzsfiyxyoauidejndllmosklbkq/Build/Intermediates.noindex/PLCrashReporter.build/Release/CrashReporter.build/DerivedSources/resource_bundle_accessor.h -MMD -MT dependencies -MF /Users/jasonlee/Library/Developer/Xcode/DerivedData/Notch-ddzsfiyxyoauidejndllmosklbkq/Build/Intermediates.noindex/PLCrashReporter.build/Release/CrashReporter.build/Objects-normal/x86_64/PLCrashMachExceptionServer.d --serialize-diagnostics /Users/jasonlee/Library/Developer/Xcode/DerivedData/Notch-ddzsfiyxyoauidejndllmosklbkq/Build/Intermediates.noindex/PLCrashReporter.build/Release/CrashReporter.build/Objects-normal/x86_64/PLCrashMachExceptionServer.dia -c /Users/jasonlee/Library/Developer/Xcode/DerivedData/Notch-ddzsfiyxyoauidejndllmosklbkq/SourcePackages/checkouts/plcrashreporter/Source/PLCrashMachExceptionServer.m -o /Users/jasonlee/Library/Developer/Xcode/DerivedData/Notch-ddzsfiyxyoauidejndllmosklbkq/Build/Intermediates.noindex/PLCrashReporter.build/Release/CrashReporter.build/Objects-normal/x86_64/PLCrashMachExceptionServer.o

ScanDependencies /Users/jasonlee/Library/Developer/Xcode/DerivedData/Notch-ddzsfiyxyoauidejndllmosklbkq/Build/Intermediates.noindex/PLCrashReporter.build/Release/CrashReporter.build/Objects-normal/x86_64/PLCrashMachExceptionPortSet.o /Users/jasonlee/Library/Developer/Xcode/DerivedData/Notch-ddzsfiyxyoauidejndllmosklbkq/SourcePackages/checkouts/plcrashreporter/Source/PLCrashMachExceptionPortSet.m normal x86_64 objective-c com.apple.compilers.llvm.clang.1_0.compiler (in target 'CrashReporter' from project 'PLCrashReporter')
    cd /Users/jasonlee/Coding/App/Notch/Notch.xcodeproj
    
    Using response file: /Users/jasonlee/Library/Developer/Xcode/DerivedData/Notch-ddzsfiyxyoauidejndllmosklbkq/Build/Intermediates.noindex/PLCrashReporter.build/Release/CrashReporter.build/Objects-normal/x86_64/e6072d4f65d7061329687fe24e3d63a7-common-args.resp
    
    builtin-ScanDependencies -o /Users/jasonlee/Library/Developer/Xcode/DerivedData/Notch-ddzsfiyxyoauidejndllmosklbkq/Build/Intermediates.noindex/PLCrashReporter.build/Release/CrashReporter.build/Objects-normal/x86_64/PLCrashMachExceptionPortSet.o.scan -- /Applications/Xcode.app/Contents/Developer/Toolchains/XcodeDefault.xctoolchain/usr/bin/clang -x objective-c -ivfsstatcache /Users/jasonlee/Library/Developer/Xcode/DerivedData/SDKStatCaches.noindex/macosx26.4-25E251-30f9ca8789b706f8bd3fc906a70d770f.sdkstatcache -target x86_64-apple-macos10.13 -fmessage-length\=0 -fdiagnostics-show-note-include-stack -fmacro-backtrace-limit\=0 -fno-color-diagnostics -fmodules-prune-interval\=86400 -fmodules-prune-after\=345600 -fbuild-session-file\=/Users/jasonlee/Library/Developer/Xcode/DerivedData/ModuleCache.noindex/Session.modulevalidation -fmodules-validate-once-per-build-session -Wnon-modular-include-in-framework-module -Werror\=non-modular-include-in-framework-module -Wno-trigraphs -Wno-missing-field-initializers -Wno-missing-prototypes -Wno-return-type -Wno-implicit-atomic-properties -Wno-objc-interface-ivars -Wno-arc-repeated-use-of-weak -Wno-missing-braces -Wparentheses -Wswitch -Wno-unused-function -Wno-unused-label -Wno-unused-parameter -Wno-unused-variable -Wunused-value -Wno-empty-body -Wno-uninitialized -Wno-unknown-pragmas -w -Wno-shadow -Wno-four-char-constants -Wno-conversion -Wno-constant-conversion -Wno-int-conversion -Wno-bool-conversion -Wno-enum-conversion -Wno-float-conversion -Wno-non-literal-null-conversion -Wno-objc-literal-conversion -Wshorten-64-to-32 -Wpointer-sign -Wno-newline-eof -Wno-selector -Wno-strict-selector-match -Wno-undeclared-selector -Wno-deprecated-implementations -Wno-implicit-fallthrough -isysroot /Applications/Xcode.app/Contents/Developer/Platforms/MacOSX.platform/Developer/SDKs/MacOSX26.4.sdk -fstrict-aliasing -Wprotocol -Wdeprecated-declarations -Wno-sign-conversion -Wno-infinite-recursion -Wno-comma -Wno-block-capture-autoreleasing -Wno-strict-prototypes -Wno-semicolon-before-method-body @/Users/jasonlee/Library/Developer/Xcode/DerivedData/Notch-ddzsfiyxyoauidejndllmosklbkq/Build/Intermediates.noindex/PLCrashReporter.build/Release/CrashReporter.build/Objects-normal/x86_64/e6072d4f65d7061329687fe24e3d63a7-common-args.resp -include /Users/jasonlee/Library/Developer/Xcode/DerivedData/Notch-ddzsfiyxyoauidejndllmosklbkq/Build/Intermediates.noindex/PLCrashReporter.build/Release/CrashReporter.build/DerivedSources/resource_bundle_accessor.h -MMD -MT dependencies -MF /Users/jasonlee/Library/Developer/Xcode/DerivedData/Notch-ddzsfiyxyoauidejndllmosklbkq/Build/Intermediates.noindex/PLCrashReporter.build/Release/CrashReporter.build/Objects-normal/x86_64/PLCrashMachExceptionPortSet.d --serialize-diagnostics /Users/jasonlee/Library/Developer/Xcode/DerivedData/Notch-ddzsfiyxyoauidejndllmosklbkq/Build/Intermediates.noindex/PLCrashReporter.build/Release/CrashReporter.build/Objects-normal/x86_64/PLCrashMachExceptionPortSet.dia -c /Users/jasonlee/Library/Developer/Xcode/DerivedData/Notch-ddzsfiyxyoauidejndllmosklbkq/SourcePackages/checkouts/plcrashreporter/Source/PLCrashMachExceptionPortSet.m -o /Users/jasonlee/Library/Developer/Xcode/DerivedData/Notch-ddzsfiyxyoauidejndllmosklbkq/Build/Intermediates.noindex/PLCrashReporter.build/Release/CrashReporter.build/Objects-normal/x86_64/PLCrashMachExceptionPortSet.o

ScanDependencies /Users/jasonlee/Library/Developer/Xcode/DerivedData/Notch-ddzsfiyxyoauidejndllmosklbkq/Build/Intermediates.noindex/PLCrashReporter.build/Release/CrashReporter.build/Objects-normal/x86_64/PLCrashMachExceptionPort.o /Users/jasonlee/Library/Developer/Xcode/DerivedData/Notch-ddzsfiyxyoauidejndllmosklbkq/SourcePackages/checkouts/plcrashreporter/Source/PLCrashMachExceptionPort.m normal x86_64 objective-c com.apple.compilers.llvm.clang.1_0.compiler (in target 'CrashReporter' from project 'PLCrashReporter')
    cd /Users/jasonlee/Coding/App/Notch/Notch.xcodeproj
    
    Using response file: /Users/jasonlee/Library/Developer/Xcode/DerivedData/Notch-ddzsfiyxyoauidejndllmosklbkq/Build/Intermediates.noindex/PLCrashReporter.build/Release/CrashReporter.build/Objects-normal/x86_64/e6072d4f65d7061329687fe24e3d63a7-common-args.resp
    
    builtin-ScanDependencies -o /Users/jasonlee/Library/Developer/Xcode/DerivedData/Notch-ddzsfiyxyoauidejndllmosklbkq/Build/Intermediates.noindex/PLCrashReporter.build/Release/CrashReporter.build/Objects-normal/x86_64/PLCrashMachExceptionPort.o.scan -- /Applications/Xcode.app/Contents/Developer/Toolchains/XcodeDefault.xctoolchain/usr/bin/clang -x objective-c -ivfsstatcache /Users/jasonlee/Library/Developer/Xcode/DerivedData/SDKStatCaches.noindex/macosx26.4-25E251-30f9ca8789b706f8bd3fc906a70d770f.sdkstatcache -target x86_64-apple-macos10.13 -fmessage-length\=0 -fdiagnostics-show-note-include-stack -fmacro-backtrace-limit\=0 -fno-color-diagnostics -fmodules-prune-interval\=86400 -fmodules-prune-after\=345600 -fbuild-session-file\=/Users/jasonlee/Library/Developer/Xcode/DerivedData/ModuleCache.noindex/Session.modulevalidation -fmodules-validate-once-per-build-session -Wnon-modular-include-in-framework-module -Werror\=non-modular-include-in-framework-module -Wno-trigraphs -Wno-missing-field-initializers -Wno-missing-prototypes -Wno-return-type -Wno-implicit-atomic-properties -Wno-objc-interface-ivars -Wno-arc-repeated-use-of-weak -Wno-missing-braces -Wparentheses -Wswitch -Wno-unused-function -Wno-unused-label -Wno-unused-parameter -Wno-unused-variable -Wunused-value -Wno-empty-body -Wno-uninitialized -Wno-unknown-pragmas -w -Wno-shadow -Wno-four-char-constants -Wno-conversion -Wno-constant-conversion -Wno-int-conversion -Wno-bool-conversion -Wno-enum-conversion -Wno-float-conversion -Wno-non-literal-null-conversion -Wno-objc-literal-conversion -Wshorten-64-to-32 -Wpointer-sign -Wno-newline-eof -Wno-selector -Wno-strict-selector-match -Wno-undeclared-selector -Wno-deprecated-implementations -Wno-implicit-fallthrough -isysroot /Applications/Xcode.app/Contents/Developer/Platforms/MacOSX.platform/Developer/SDKs/MacOSX26.4.sdk -fstrict-aliasing -Wprotocol -Wdeprecated-declarations -Wno-sign-conversion -Wno-infinite-recursion -Wno-comma -Wno-block-capture-autoreleasing -Wno-strict-prototypes -Wno-semicolon-before-method-body @/Users/jasonlee/Library/Developer/Xcode/DerivedData/Notch-ddzsfiyxyoauidejndllmosklbkq/Build/Intermediates.noindex/PLCrashReporter.build/Release/CrashReporter.build/Objects-normal/x86_64/e6072d4f65d7061329687fe24e3d63a7-common-args.resp -include /Users/jasonlee/Library/Developer/Xcode/DerivedData/Notch-ddzsfiyxyoauidejndllmosklbkq/Build/Intermediates.noindex/PLCrashReporter.build/Release/CrashReporter.build/DerivedSources/resource_bundle_accessor.h -MMD -MT dependencies -MF /Users/jasonlee/Library/Developer/Xcode/DerivedData/Notch-ddzsfiyxyoauidejndllmosklbkq/Build/Intermediates.noindex/PLCrashReporter.build/Release/CrashReporter.build/Objects-normal/x86_64/PLCrashMachExceptionPort.d --serialize-diagnostics /Users/jasonlee/Library/Developer/Xcode/DerivedData/Notch-ddzsfiyxyoauidejndllmosklbkq/Build/Intermediates.noindex/PLCrashReporter.build/Release/CrashReporter.build/Objects-normal/x86_64/PLCrashMachExceptionPort.dia -c /Users/jasonlee/Library/Developer/Xcode/DerivedData/Notch-ddzsfiyxyoauidejndllmosklbkq/SourcePackages/checkouts/plcrashreporter/Source/PLCrashMachExceptionPort.m -o /Users/jasonlee/Library/Developer/Xcode/DerivedData/Notch-ddzsfiyxyoauidejndllmosklbkq/Build/Intermediates.noindex/PLCrashReporter.build/Release/CrashReporter.build/Objects-normal/x86_64/PLCrashMachExceptionPort.o

ScanDependencies /Users/jasonlee/Library/Developer/Xcode/DerivedData/Notch-ddzsfiyxyoauidejndllmosklbkq/Build/Intermediates.noindex/PLCrashReporter.build/Release/CrashReporter.build/Objects-normal/x86_64/PLCrashLogWriterEncoding.o /Users/jasonlee/Library/Developer/Xcode/DerivedData/Notch-ddzsfiyxyoauidejndllmosklbkq/SourcePackages/checkouts/plcrashreporter/Source/PLCrashLogWriterEncoding.c normal x86_64 c com.apple.compilers.llvm.clang.1_0.compiler (in target 'CrashReporter' from project 'PLCrashReporter')
    cd /Users/jasonlee/Coding/App/Notch/Notch.xcodeproj
    
    Using response file: /Users/jasonlee/Library/Developer/Xcode/DerivedData/Notch-ddzsfiyxyoauidejndllmosklbkq/Build/Intermediates.noindex/PLCrashReporter.build/Release/CrashReporter.build/Objects-normal/x86_64/7187679823f38a2a940e0043cdf9d637-common-args.resp
    
    builtin-ScanDependencies -o /Users/jasonlee/Library/Developer/Xcode/DerivedData/Notch-ddzsfiyxyoauidejndllmosklbkq/Build/Intermediates.noindex/PLCrashReporter.build/Release/CrashReporter.build/Objects-normal/x86_64/PLCrashLogWriterEncoding.o.scan -- /Applications/Xcode.app/Contents/Developer/Toolchains/XcodeDefault.xctoolchain/usr/bin/clang -x c -ivfsstatcache /Users/jasonlee/Library/Developer/Xcode/DerivedData/SDKStatCaches.noindex/macosx26.4-25E251-30f9ca8789b706f8bd3fc906a70d770f.sdkstatcache -target x86_64-apple-macos10.13 -fmessage-length\=0 -fdiagnostics-show-note-include-stack -fmacro-backtrace-limit\=0 -fno-color-diagnostics -fmodules-prune-interval\=86400 -fmodules-prune-after\=345600 -fbuild-session-file\=/Users/jasonlee/Library/Developer/Xcode/DerivedData/ModuleCache.noindex/Session.modulevalidation -fmodules-validate-once-per-build-session -Wnon-modular-include-in-framework-module -Werror\=non-modular-include-in-framework-module -Wno-trigraphs -Wno-missing-field-initializers -Wno-missing-prototypes -Wno-return-type -Wno-missing-braces -Wparentheses -Wswitch -Wno-unused-function -Wno-unused-label -Wno-unused-parameter -Wno-unused-variable -Wunused-value -Wno-empty-body -Wno-uninitialized -Wno-unknown-pragmas -w -Wno-shadow -Wno-four-char-constants -Wno-conversion -Wno-constant-conversion -Wno-int-conversion -Wno-bool-conversion -Wno-enum-conversion -Wno-float-conversion -Wno-non-literal-null-conversion -Wno-objc-literal-conversion -Wshorten-64-to-32 -Wpointer-sign -Wno-newline-eof -Wno-implicit-fallthrough -isysroot /Applications/Xcode.app/Contents/Developer/Platforms/MacOSX.platform/Developer/SDKs/MacOSX26.4.sdk -fstrict-aliasing -Wdeprecated-declarations -Wno-sign-conversion -Wno-infinite-recursion -Wno-comma -Wno-block-capture-autoreleasing -Wno-strict-prototypes -Wno-semicolon-before-method-body @/Users/jasonlee/Library/Developer/Xcode/DerivedData/Notch-ddzsfiyxyoauidejndllmosklbkq/Build/Intermediates.noindex/PLCrashReporter.build/Release/CrashReporter.build/Objects-normal/x86_64/7187679823f38a2a940e0043cdf9d637-common-args.resp -MMD -MT dependencies -MF /Users/jasonlee/Library/Developer/Xcode/DerivedData/Notch-ddzsfiyxyoauidejndllmosklbkq/Build/Intermediates.noindex/PLCrashReporter.build/Release/CrashReporter.build/Objects-normal/x86_64/PLCrashLogWriterEncoding.d --serialize-diagnostics /Users/jasonlee/Library/Developer/Xcode/DerivedData/Notch-ddzsfiyxyoauidejndllmosklbkq/Build/Intermediates.noindex/PLCrashReporter.build/Release/CrashReporter.build/Objects-normal/x86_64/PLCrashLogWriterEncoding.dia -c /Users/jasonlee/Library/Developer/Xcode/DerivedData/Notch-ddzsfiyxyoauidejndllmosklbkq/SourcePackages/checkouts/plcrashreporter/Source/PLCrashLogWriterEncoding.c -o /Users/jasonlee/Library/Developer/Xcode/DerivedData/Notch-ddzsfiyxyoauidejndllmosklbkq/Build/Intermediates.noindex/PLCrashReporter.build/Release/CrashReporter.build/Objects-normal/x86_64/PLCrashLogWriterEncoding.o

ScanDependencies /Users/jasonlee/Library/Developer/Xcode/DerivedData/Notch-ddzsfiyxyoauidejndllmosklbkq/Build/Intermediates.noindex/PLCrashReporter.build/Release/CrashReporter.build/Objects-normal/x86_64/PLCrashLogWriter.o /Users/jasonlee/Library/Developer/Xcode/DerivedData/Notch-ddzsfiyxyoauidejndllmosklbkq/SourcePackages/checkouts/plcrashreporter/Source/PLCrashLogWriter.m normal x86_64 objective-c com.apple.compilers.llvm.clang.1_0.compiler (in target 'CrashReporter' from project 'PLCrashReporter')
    cd /Users/jasonlee/Coding/App/Notch/Notch.xcodeproj
    
    Using response file: /Users/jasonlee/Library/Developer/Xcode/DerivedData/Notch-ddzsfiyxyoauidejndllmosklbkq/Build/Intermediates.noindex/PLCrashReporter.build/Release/CrashReporter.build/Objects-normal/x86_64/e6072d4f65d7061329687fe24e3d63a7-common-args.resp
    
    builtin-ScanDependencies -o /Users/jasonlee/Library/Developer/Xcode/DerivedData/Notch-ddzsfiyxyoauidejndllmosklbkq/Build/Intermediates.noindex/PLCrashReporter.build/Release/CrashReporter.build/Objects-normal/x86_64/PLCrashLogWriter.o.scan -- /Applications/Xcode.app/Contents/Developer/Toolchains/XcodeDefault.xctoolchain/usr/bin/clang -x objective-c -ivfsstatcache /Users/jasonlee/Library/Developer/Xcode/DerivedData/SDKStatCaches.noindex/macosx26.4-25E251-30f9ca8789b706f8bd3fc906a70d770f.sdkstatcache -target x86_64-apple-macos10.13 -fmessage-length\=0 -fdiagnostics-show-note-include-stack -fmacro-backtrace-limit\=0 -fno-color-diagnostics -fmodules-prune-interval\=86400 -fmodules-prune-after\=345600 -fbuild-session-file\=/Users/jasonlee/Library/Developer/Xcode/DerivedData/ModuleCache.noindex/Session.modulevalidation -fmodules-validate-once-per-build-session -Wnon-modular-include-in-framework-module -Werror\=non-modular-include-in-framework-module -Wno-trigraphs -Wno-missing-field-initializers -Wno-missing-prototypes -Wno-return-type -Wno-implicit-atomic-properties -Wno-objc-interface-ivars -Wno-arc-repeated-use-of-weak -Wno-missing-braces -Wparentheses -Wswitch -Wno-unused-function -Wno-unused-label -Wno-unused-parameter -Wno-unused-variable -Wunused-value -Wno-empty-body -Wno-uninitialized -Wno-unknown-pragmas -w -Wno-shadow -Wno-four-char-constants -Wno-conversion -Wno-constant-conversion -Wno-int-conversion -Wno-bool-conversion -Wno-enum-conversion -Wno-float-conversion -Wno-non-literal-null-conversion -Wno-objc-literal-conversion -Wshorten-64-to-32 -Wpointer-sign -Wno-newline-eof -Wno-selector -Wno-strict-selector-match -Wno-undeclared-selector -Wno-deprecated-implementations -Wno-implicit-fallthrough -isysroot /Applications/Xcode.app/Contents/Developer/Platforms/MacOSX.platform/Developer/SDKs/MacOSX26.4.sdk -fstrict-aliasing -Wprotocol -Wdeprecated-declarations -Wno-sign-conversion -Wno-infinite-recursion -Wno-comma -Wno-block-capture-autoreleasing -Wno-strict-prototypes -Wno-semicolon-before-method-body @/Users/jasonlee/Library/Developer/Xcode/DerivedData/Notch-ddzsfiyxyoauidejndllmosklbkq/Build/Intermediates.noindex/PLCrashReporter.build/Release/CrashReporter.build/Objects-normal/x86_64/e6072d4f65d7061329687fe24e3d63a7-common-args.resp -include /Users/jasonlee/Library/Developer/Xcode/DerivedData/Notch-ddzsfiyxyoauidejndllmosklbkq/Build/Intermediates.noindex/PLCrashReporter.build/Release/CrashReporter.build/DerivedSources/resource_bundle_accessor.h -MMD -MT dependencies -MF /Users/jasonlee/Library/Developer/Xcode/DerivedData/Notch-ddzsfiyxyoauidejndllmosklbkq/Build/Intermediates.noindex/PLCrashReporter.build/Release/CrashReporter.build/Objects-normal/x86_64/PLCrashLogWriter.d --serialize-diagnostics /Users/jasonlee/Library/Developer/Xcode/DerivedData/Notch-ddzsfiyxyoauidejndllmosklbkq/Build/Intermediates.noindex/PLCrashReporter.build/Release/CrashReporter.build/Objects-normal/x86_64/PLCrashLogWriter.dia -c /Users/jasonlee/Library/Developer/Xcode/DerivedData/Notch-ddzsfiyxyoauidejndllmosklbkq/SourcePackages/checkouts/plcrashreporter/Source/PLCrashLogWriter.m -o /Users/jasonlee/Library/Developer/Xcode/DerivedData/Notch-ddzsfiyxyoauidejndllmosklbkq/Build/Intermediates.noindex/PLCrashReporter.build/Release/CrashReporter.build/Objects-normal/x86_64/PLCrashLogWriter.o

ScanDependencies /Users/jasonlee/Library/Developer/Xcode/DerivedData/Notch-ddzsfiyxyoauidejndllmosklbkq/Build/Intermediates.noindex/PLCrashReporter.build/Release/CrashReporter.build/Objects-normal/x86_64/PLCrashHostInfo.o /Users/jasonlee/Library/Developer/Xcode/DerivedData/Notch-ddzsfiyxyoauidejndllmosklbkq/SourcePackages/checkouts/plcrashreporter/Source/PLCrashHostInfo.m normal x86_64 objective-c com.apple.compilers.llvm.clang.1_0.compiler (in target 'CrashReporter' from project 'PLCrashReporter')
    cd /Users/jasonlee/Coding/App/Notch/Notch.xcodeproj
    
    Using response file: /Users/jasonlee/Library/Developer/Xcode/DerivedData/Notch-ddzsfiyxyoauidejndllmosklbkq/Build/Intermediates.noindex/PLCrashReporter.build/Release/CrashReporter.build/Objects-normal/x86_64/e6072d4f65d7061329687fe24e3d63a7-common-args.resp
    
    builtin-ScanDependencies -o /Users/jasonlee/Library/Developer/Xcode/DerivedData/Notch-ddzsfiyxyoauidejndllmosklbkq/Build/Intermediates.noindex/PLCrashReporter.build/Release/CrashReporter.build/Objects-normal/x86_64/PLCrashHostInfo.o.scan -- /Applications/Xcode.app/Contents/Developer/Toolchains/XcodeDefault.xctoolchain/usr/bin/clang -x objective-c -ivfsstatcache /Users/jasonlee/Library/Developer/Xcode/DerivedData/SDKStatCaches.noindex/macosx26.4-25E251-30f9ca8789b706f8bd3fc906a70d770f.sdkstatcache -target x86_64-apple-macos10.13 -fmessage-length\=0 -fdiagnostics-show-note-include-stack -fmacro-backtrace-limit\=0 -fno-color-diagnostics -fmodules-prune-interval\=86400 -fmodules-prune-after\=345600 -fbuild-session-file\=/Users/jasonlee/Library/Developer/Xcode/DerivedData/ModuleCache.noindex/Session.modulevalidation -fmodules-validate-once-per-build-session -Wnon-modular-include-in-framework-module -Werror\=non-modular-include-in-framework-module -Wno-trigraphs -Wno-missing-field-initializers -Wno-missing-prototypes -Wno-return-type -Wno-implicit-atomic-properties -Wno-objc-interface-ivars -Wno-arc-repeated-use-of-weak -Wno-missing-braces -Wparentheses -Wswitch -Wno-unused-function -Wno-unused-label -Wno-unused-parameter -Wno-unused-variable -Wunused-value -Wno-empty-body -Wno-uninitialized -Wno-unknown-pragmas -w -Wno-shadow -Wno-four-char-constants -Wno-conversion -Wno-constant-conversion -Wno-int-conversion -Wno-bool-conversion -Wno-enum-conversion -Wno-float-conversion -Wno-non-literal-null-conversion -Wno-objc-literal-conversion -Wshorten-64-to-32 -Wpointer-sign -Wno-newline-eof -Wno-selector -Wno-strict-selector-match -Wno-undeclared-selector -Wno-deprecated-implementations -Wno-implicit-fallthrough -isysroot /Applications/Xcode.app/Contents/Developer/Platforms/MacOSX.platform/Developer/SDKs/MacOSX26.4.sdk -fstrict-aliasing -Wprotocol -Wdeprecated-declarations -Wno-sign-conversion -Wno-infinite-recursion -Wno-comma -Wno-block-capture-autoreleasing -Wno-strict-prototypes -Wno-semicolon-before-method-body @/Users/jasonlee/Library/Developer/Xcode/DerivedData/Notch-ddzsfiyxyoauidejndllmosklbkq/Build/Intermediates.noindex/PLCrashReporter.build/Release/CrashReporter.build/Objects-normal/x86_64/e6072d4f65d7061329687fe24e3d63a7-common-args.resp -include /Users/jasonlee/Library/Developer/Xcode/DerivedData/Notch-ddzsfiyxyoauidejndllmosklbkq/Build/Intermediates.noindex/PLCrashReporter.build/Release/CrashReporter.build/DerivedSources/resource_bundle_accessor.h -MMD -MT dependencies -MF /Users/jasonlee/Library/Developer/Xcode/DerivedData/Notch-ddzsfiyxyoauidejndllmosklbkq/Build/Intermediates.noindex/PLCrashReporter.build/Release/CrashReporter.build/Objects-normal/x86_64/PLCrashHostInfo.d --serialize-diagnostics /Users/jasonlee/Library/Developer/Xcode/DerivedData/Notch-ddzsfiyxyoauidejndllmosklbkq/Build/Intermediates.noindex/PLCrashReporter.build/Release/CrashReporter.build/Objects-normal/x86_64/PLCrashHostInfo.dia -c /Users/jasonlee/Library/Developer/Xcode/DerivedData/Notch-ddzsfiyxyoauidejndllmosklbkq/SourcePackages/checkouts/plcrashreporter/Source/PLCrashHostInfo.m -o /Users/jasonlee/Library/Developer/Xcode/DerivedData/Notch-ddzsfiyxyoauidejndllmosklbkq/Build/Intermediates.noindex/PLCrashReporter.build/Release/CrashReporter.build/Objects-normal/x86_64/PLCrashHostInfo.o

ScanDependencies /Users/jasonlee/Library/Developer/Xcode/DerivedData/Notch-ddzsfiyxyoauidejndllmosklbkq/Build/Intermediates.noindex/PLCrashReporter.build/Release/CrashReporter.build/Objects-normal/x86_64/PLCrashFrameWalker.o /Users/jasonlee/Library/Developer/Xcode/DerivedData/Notch-ddzsfiyxyoauidejndllmosklbkq/SourcePackages/checkouts/plcrashreporter/Source/PLCrashFrameWalker.c normal x86_64 c com.apple.compilers.llvm.clang.1_0.compiler (in target 'CrashReporter' from project 'PLCrashReporter')
    cd /Users/jasonlee/Coding/App/Notch/Notch.xcodeproj
    
    Using response file: /Users/jasonlee/Library/Developer/Xcode/DerivedData/Notch-ddzsfiyxyoauidejndllmosklbkq/Build/Intermediates.noindex/PLCrashReporter.build/Release/CrashReporter.build/Objects-normal/x86_64/7187679823f38a2a940e0043cdf9d637-common-args.resp
    
    builtin-ScanDependencies -o /Users/jasonlee/Library/Developer/Xcode/DerivedData/Notch-ddzsfiyxyoauidejndllmosklbkq/Build/Intermediates.noindex/PLCrashReporter.build/Release/CrashReporter.build/Objects-normal/x86_64/PLCrashFrameWalker.o.scan -- /Applications/Xcode.app/Contents/Developer/Toolchains/XcodeDefault.xctoolchain/usr/bin/clang -x c -ivfsstatcache /Users/jasonlee/Library/Developer/Xcode/DerivedData/SDKStatCaches.noindex/macosx26.4-25E251-30f9ca8789b706f8bd3fc906a70d770f.sdkstatcache -target x86_64-apple-macos10.13 -fmessage-length\=0 -fdiagnostics-show-note-include-stack -fmacro-backtrace-limit\=0 -fno-color-diagnostics -fmodules-prune-interval\=86400 -fmodules-prune-after\=345600 -fbuild-session-file\=/Users/jasonlee/Library/Developer/Xcode/DerivedData/ModuleCache.noindex/Session.modulevalidation -fmodules-validate-once-per-build-session -Wnon-modular-include-in-framework-module -Werror\=non-modular-include-in-framework-module -Wno-trigraphs -Wno-missing-field-initializers -Wno-missing-prototypes -Wno-return-type -Wno-missing-braces -Wparentheses -Wswitch -Wno-unused-function -Wno-unused-label -Wno-unused-parameter -Wno-unused-variable -Wunused-value -Wno-empty-body -Wno-uninitialized -Wno-unknown-pragmas -w -Wno-shadow -Wno-four-char-constants -Wno-conversion -Wno-constant-conversion -Wno-int-conversion -Wno-bool-conversion -Wno-enum-conversion -Wno-float-conversion -Wno-non-literal-null-conversion -Wno-objc-literal-conversion -Wshorten-64-to-32 -Wpointer-sign -Wno-newline-eof -Wno-implicit-fallthrough -isysroot /Applications/Xcode.app/Contents/Developer/Platforms/MacOSX.platform/Developer/SDKs/MacOSX26.4.sdk -fstrict-aliasing -Wdeprecated-declarations -Wno-sign-conversion -Wno-infinite-recursion -Wno-comma -Wno-block-capture-autoreleasing -Wno-strict-prototypes -Wno-semicolon-before-method-body @/Users/jasonlee/Library/Developer/Xcode/DerivedData/Notch-ddzsfiyxyoauidejndllmosklbkq/Build/Intermediates.noindex/PLCrashReporter.build/Release/CrashReporter.build/Objects-normal/x86_64/7187679823f38a2a940e0043cdf9d637-common-args.resp -MMD -MT dependencies -MF /Users/jasonlee/Library/Developer/Xcode/DerivedData/Notch-ddzsfiyxyoauidejndllmosklbkq/Build/Intermediates.noindex/PLCrashReporter.build/Release/CrashReporter.build/Objects-normal/x86_64/PLCrashFrameWalker.d --serialize-diagnostics /Users/jasonlee/Library/Developer/Xcode/DerivedData/Notch-ddzsfiyxyoauidejndllmosklbkq/Build/Intermediates.noindex/PLCrashReporter.build/Release/CrashReporter.build/Objects-normal/x86_64/PLCrashFrameWalker.dia -c /Users/jasonlee/Library/Developer/Xcode/DerivedData/Notch-ddzsfiyxyoauidejndllmosklbkq/SourcePackages/checkouts/plcrashreporter/Source/PLCrashFrameWalker.c -o /Users/jasonlee/Library/Developer/Xcode/DerivedData/Notch-ddzsfiyxyoauidejndllmosklbkq/Build/Intermediates.noindex/PLCrashReporter.build/Release/CrashReporter.build/Objects-normal/x86_64/PLCrashFrameWalker.o

PrecompileModule /Users/jasonlee/Library/Developer/Xcode/DerivedData/Notch-ddzsfiyxyoauidejndllmosklbkq/Build/Intermediates.noindex/ExplicitPrecompiledModules/_Builtin_stdint-7QF5IFABDJFPFI3T908EH0HZR.scan
    cd /
    builtin-precompileModule /Users/jasonlee/Library/Developer/Xcode/DerivedData/Notch-ddzsfiyxyoauidejndllmosklbkq/Build/Intermediates.noindex/ExplicitPrecompiledModules/_Builtin_stdint-7QF5IFABDJFPFI3T908EH0HZR.scan

PrecompileModule /Users/jasonlee/Library/Developer/Xcode/DerivedData/Notch-ddzsfiyxyoauidejndllmosklbkq/Build/Intermediates.noindex/ExplicitPrecompiledModules/_Builtin_stdint-70AZQPZ8EWKI0WGY4L18QF9TH.scan
    cd /
    builtin-precompileModule /Users/jasonlee/Library/Developer/Xcode/DerivedData/Notch-ddzsfiyxyoauidejndllmosklbkq/Build/Intermediates.noindex/ExplicitPrecompiledModules/_Builtin_stdint-70AZQPZ8EWKI0WGY4L18QF9TH.scan

ScanDependencies /Users/jasonlee/Library/Developer/Xcode/DerivedData/Notch-ddzsfiyxyoauidejndllmosklbkq/Build/Intermediates.noindex/PLCrashReporter.build/Release/CrashReporter.build/Objects-normal/x86_64/PLCrashFrameStackUnwind.o /Users/jasonlee/Library/Developer/Xcode/DerivedData/Notch-ddzsfiyxyoauidejndllmosklbkq/SourcePackages/checkouts/plcrashreporter/Source/PLCrashFrameStackUnwind.c normal x86_64 c com.apple.compilers.llvm.clang.1_0.compiler (in target 'CrashReporter' from project 'PLCrashReporter')
    cd /Users/jasonlee/Coding/App/Notch/Notch.xcodeproj
    
    Using response file: /Users/jasonlee/Library/Developer/Xcode/DerivedData/Notch-ddzsfiyxyoauidejndllmosklbkq/Build/Intermediates.noindex/PLCrashReporter.build/Release/CrashReporter.build/Objects-normal/x86_64/7187679823f38a2a940e0043cdf9d637-common-args.resp
    
    builtin-ScanDependencies -o /Users/jasonlee/Library/Developer/Xcode/DerivedData/Notch-ddzsfiyxyoauidejndllmosklbkq/Build/Intermediates.noindex/PLCrashReporter.build/Release/CrashReporter.build/Objects-normal/x86_64/PLCrashFrameStackUnwind.o.scan -- /Applications/Xcode.app/Contents/Developer/Toolchains/XcodeDefault.xctoolchain/usr/bin/clang -x c -ivfsstatcache /Users/jasonlee/Library/Developer/Xcode/DerivedData/SDKStatCaches.noindex/macosx26.4-25E251-30f9ca8789b706f8bd3fc906a70d770f.sdkstatcache -target x86_64-apple-macos10.13 -fmessage-length\=0 -fdiagnostics-show-note-include-stack -fmacro-backtrace-limit\=0 -fno-color-diagnostics -fmodules-prune-interval\=86400 -fmodules-prune-after\=345600 -fbuild-session-file\=/Users/jasonlee/Library/Developer/Xcode/DerivedData/ModuleCache.noindex/Session.modulevalidation -fmodules-validate-once-per-build-session -Wnon-modular-include-in-framework-module -Werror\=non-modular-include-in-framework-module -Wno-trigraphs -Wno-missing-field-initializers -Wno-missing-prototypes -Wno-return-type -Wno-missing-braces -Wparentheses -Wswitch -Wno-unused-function -Wno-unused-label -Wno-unused-parameter -Wno-unused-variable -Wunused-value -Wno-empty-body -Wno-uninitialized -Wno-unknown-pragmas -w -Wno-shadow -Wno-four-char-constants -Wno-conversion -Wno-constant-conversion -Wno-int-conversion -Wno-bool-conversion -Wno-enum-conversion -Wno-float-conversion -Wno-non-literal-null-conversion -Wno-objc-literal-conversion -Wshorten-64-to-32 -Wpointer-sign -Wno-newline-eof -Wno-implicit-fallthrough -isysroot /Applications/Xcode.app/Contents/Developer/Platforms/MacOSX.platform/Developer/SDKs/MacOSX26.4.sdk -fstrict-aliasing -Wdeprecated-declarations -Wno-sign-conversion -Wno-infinite-recursion -Wno-comma -Wno-block-capture-autoreleasing -Wno-strict-prototypes -Wno-semicolon-before-method-body @/Users/jasonlee/Library/Developer/Xcode/DerivedData/Notch-ddzsfiyxyoauidejndllmosklbkq/Build/Intermediates.noindex/PLCrashReporter.build/Release/CrashReporter.build/Objects-normal/x86_64/7187679823f38a2a940e0043cdf9d637-common-args.resp -MMD -MT dependencies -MF /Users/jasonlee/Library/Developer/Xcode/DerivedData/Notch-ddzsfiyxyoauidejndllmosklbkq/Build/Intermediates.noindex/PLCrashReporter.build/Release/CrashReporter.build/Objects-normal/x86_64/PLCrashFrameStackUnwind.d --serialize-diagnostics /Users/jasonlee/Library/Developer/Xcode/DerivedData/Notch-ddzsfiyxyoauidejndllmosklbkq/Build/Intermediates.noindex/PLCrashReporter.build/Release/CrashReporter.build/Objects-normal/x86_64/PLCrashFrameStackUnwind.dia -c /Users/jasonlee/Library/Developer/Xcode/DerivedData/Notch-ddzsfiyxyoauidejndllmosklbkq/SourcePackages/checkouts/plcrashreporter/Source/PLCrashFrameStackUnwind.c -o /Users/jasonlee/Library/Developer/Xcode/DerivedData/Notch-ddzsfiyxyoauidejndllmosklbkq/Build/Intermediates.noindex/PLCrashReporter.build/Release/CrashReporter.build/Objects-normal/x86_64/PLCrashFrameStackUnwind.o

ScanDependencies /Users/jasonlee/Library/Developer/Xcode/DerivedData/Notch-ddzsfiyxyoauidejndllmosklbkq/Build/Intermediates.noindex/PLCrashReporter.build/Release/CrashReporter.build/Objects-normal/x86_64/PLCrashFrameCompactUnwind.o /Users/jasonlee/Library/Developer/Xcode/DerivedData/Notch-ddzsfiyxyoauidejndllmosklbkq/SourcePackages/checkouts/plcrashreporter/Source/PLCrashFrameCompactUnwind.c normal x86_64 c com.apple.compilers.llvm.clang.1_0.compiler (in target 'CrashReporter' from project 'PLCrashReporter')
    cd /Users/jasonlee/Coding/App/Notch/Notch.xcodeproj
    
    Using response file: /Users/jasonlee/Library/Developer/Xcode/DerivedData/Notch-ddzsfiyxyoauidejndllmosklbkq/Build/Intermediates.noindex/PLCrashReporter.build/Release/CrashReporter.build/Objects-normal/x86_64/7187679823f38a2a940e0043cdf9d637-common-args.resp
    
    builtin-ScanDependencies -o /Users/jasonlee/Library/Developer/Xcode/DerivedData/Notch-ddzsfiyxyoauidejndllmosklbkq/Build/Intermediates.noindex/PLCrashReporter.build/Release/CrashReporter.build/Objects-normal/x86_64/PLCrashFrameCompactUnwind.o.scan -- /Applications/Xcode.app/Contents/Developer/Toolchains/XcodeDefault.xctoolchain/usr/bin/clang -x c -ivfsstatcache /Users/jasonlee/Library/Developer/Xcode/DerivedData/SDKStatCaches.noindex/macosx26.4-25E251-30f9ca8789b706f8bd3fc906a70d770f.sdkstatcache -target x86_64-apple-macos10.13 -fmessage-length\=0 -fdiagnostics-show-note-include-stack -fmacro-backtrace-limit\=0 -fno-color-diagnostics -fmodules-prune-interval\=86400 -fmodules-prune-after\=345600 -fbuild-session-file\=/Users/jasonlee/Library/Developer/Xcode/DerivedData/ModuleCache.noindex/Session.modulevalidation -fmodules-validate-once-per-build-session -Wnon-modular-include-in-framework-module -Werror\=non-modular-include-in-framework-module -Wno-trigraphs -Wno-missing-field-initializers -Wno-missing-prototypes -Wno-return-type -Wno-missing-braces -Wparentheses -Wswitch -Wno-unused-function -Wno-unused-label -Wno-unused-parameter -Wno-unused-variable -Wunused-value -Wno-empty-body -Wno-uninitialized -Wno-unknown-pragmas -w -Wno-shadow -Wno-four-char-constants -Wno-conversion -Wno-constant-conversion -Wno-int-conversion -Wno-bool-conversion -Wno-enum-conversion -Wno-float-conversion -Wno-non-literal-null-conversion -Wno-objc-literal-conversion -Wshorten-64-to-32 -Wpointer-sign -Wno-newline-eof -Wno-implicit-fallthrough -isysroot /Applications/Xcode.app/Contents/Developer/Platforms/MacOSX.platform/Developer/SDKs/MacOSX26.4.sdk -fstrict-aliasing -Wdeprecated-declarations -Wno-sign-conversion -Wno-infinite-recursion -Wno-comma -Wno-block-capture-autoreleasing -Wno-strict-prototypes -Wno-semicolon-before-method-body @/Users/jasonlee/Library/Developer/Xcode/DerivedData/Notch-ddzsfiyxyoauidejndllmosklbkq/Build/Intermediates.noindex/PLCrashReporter.build/Release/CrashReporter.build/Objects-normal/x86_64/7187679823f38a2a940e0043cdf9d637-common-args.resp -MMD -MT dependencies -MF /Users/jasonlee/Library/Developer/Xcode/DerivedData/Notch-ddzsfiyxyoauidejndllmosklbkq/Build/Intermediates.noindex/PLCrashReporter.build/Release/CrashReporter.build/Objects-normal/x86_64/PLCrashFrameCompactUnwind.d --serialize-diagnostics /Users/jasonlee/Library/Developer/Xcode/DerivedData/Notch-ddzsfiyxyoauidejndllmosklbkq/Build/Intermediates.noindex/PLCrashReporter.build/Release/CrashReporter.build/Objects-normal/x86_64/PLCrashFrameCompactUnwind.dia -c /Users/jasonlee/Library/Developer/Xcode/DerivedData/Notch-ddzsfiyxyoauidejndllmosklbkq/SourcePackages/checkouts/plcrashreporter/Source/PLCrashFrameCompactUnwind.c -o /Users/jasonlee/Library/Developer/Xcode/DerivedData/Notch-ddzsfiyxyoauidejndllmosklbkq/Build/Intermediates.noindex/PLCrashReporter.build/Release/CrashReporter.build/Objects-normal/x86_64/PLCrashFrameCompactUnwind.o

ScanDependencies /Users/jasonlee/Library/Developer/Xcode/DerivedData/Notch-ddzsfiyxyoauidejndllmosklbkq/Build/Intermediates.noindex/PLCrashReporter.build/Release/CrashReporter.build/Objects-normal/x86_64/PLCrashAsyncThread_x86.o /Users/jasonlee/Library/Developer/Xcode/DerivedData/Notch-ddzsfiyxyoauidejndllmosklbkq/SourcePackages/checkouts/plcrashreporter/Source/PLCrashAsyncThread_x86.c normal x86_64 c com.apple.compilers.llvm.clang.1_0.compiler (in target 'CrashReporter' from project 'PLCrashReporter')
    cd /Users/jasonlee/Coding/App/Notch/Notch.xcodeproj
    
    Using response file: /Users/jasonlee/Library/Developer/Xcode/DerivedData/Notch-ddzsfiyxyoauidejndllmosklbkq/Build/Intermediates.noindex/PLCrashReporter.build/Release/CrashReporter.build/Objects-normal/x86_64/7187679823f38a2a940e0043cdf9d637-common-args.resp
    
    builtin-ScanDependencies -o /Users/jasonlee/Library/Developer/Xcode/DerivedData/Notch-ddzsfiyxyoauidejndllmosklbkq/Build/Intermediates.noindex/PLCrashReporter.build/Release/CrashReporter.build/Objects-normal/x86_64/PLCrashAsyncThread_x86.o.scan -- /Applications/Xcode.app/Contents/Developer/Toolchains/XcodeDefault.xctoolchain/usr/bin/clang -x c -ivfsstatcache /Users/jasonlee/Library/Developer/Xcode/DerivedData/SDKStatCaches.noindex/macosx26.4-25E251-30f9ca8789b706f8bd3fc906a70d770f.sdkstatcache -target x86_64-apple-macos10.13 -fmessage-length\=0 -fdiagnostics-show-note-include-stack -fmacro-backtrace-limit\=0 -fno-color-diagnostics -fmodules-prune-interval\=86400 -fmodules-prune-after\=345600 -fbuild-session-file\=/Users/jasonlee/Library/Developer/Xcode/DerivedData/ModuleCache.noindex/Session.modulevalidation -fmodules-validate-once-per-build-session -Wnon-modular-include-in-framework-module -Werror\=non-modular-include-in-framework-module -Wno-trigraphs -Wno-missing-field-initializers -Wno-missing-prototypes -Wno-return-type -Wno-missing-braces -Wparentheses -Wswitch -Wno-unused-function -Wno-unused-label -Wno-unused-parameter -Wno-unused-variable -Wunused-value -Wno-empty-body -Wno-uninitialized -Wno-unknown-pragmas -w -Wno-shadow -Wno-four-char-constants -Wno-conversion -Wno-constant-conversion -Wno-int-conversion -Wno-bool-conversion -Wno-enum-conversion -Wno-float-conversion -Wno-non-literal-null-conversion -Wno-objc-literal-conversion -Wshorten-64-to-32 -Wpointer-sign -Wno-newline-eof -Wno-implicit-fallthrough -isysroot /Applications/Xcode.app/Contents/Developer/Platforms/MacOSX.platform/Developer/SDKs/MacOSX26.4.sdk -fstrict-aliasing -Wdeprecated-declarations -Wno-sign-conversion -Wno-infinite-recursion -Wno-comma -Wno-block-capture-autoreleasing -Wno-strict-prototypes -Wno-semicolon-before-method-body @/Users/jasonlee/Library/Developer/Xcode/DerivedData/Notch-ddzsfiyxyoauidejndllmosklbkq/Build/Intermediates.noindex/PLCrashReporter.build/Release/CrashReporter.build/Objects-normal/x86_64/7187679823f38a2a940e0043cdf9d637-common-args.resp -MMD -MT dependencies -MF /Users/jasonlee/Library/Developer/Xcode/DerivedData/Notch-ddzsfiyxyoauidejndllmosklbkq/Build/Intermediates.noindex/PLCrashReporter.build/Release/CrashReporter.build/Objects-normal/x86_64/PLCrashAsyncThread_x86.d --serialize-diagnostics /Users/jasonlee/Library/Developer/Xcode/DerivedData/Notch-ddzsfiyxyoauidejndllmosklbkq/Build/Intermediates.noindex/PLCrashReporter.build/Release/CrashReporter.build/Objects-normal/x86_64/PLCrashAsyncThread_x86.dia -c /Users/jasonlee/Library/Developer/Xcode/DerivedData/Notch-ddzsfiyxyoauidejndllmosklbkq/SourcePackages/checkouts/plcrashreporter/Source/PLCrashAsyncThread_x86.c -o /Users/jasonlee/Library/Developer/Xcode/DerivedData/Notch-ddzsfiyxyoauidejndllmosklbkq/Build/Intermediates.noindex/PLCrashReporter.build/Release/CrashReporter.build/Objects-normal/x86_64/PLCrashAsyncThread_x86.o

ScanDependencies /Users/jasonlee/Library/Developer/Xcode/DerivedData/Notch-ddzsfiyxyoauidejndllmosklbkq/Build/Intermediates.noindex/PLCrashReporter.build/Release/CrashReporter.build/Objects-normal/x86_64/PLCrashAsyncThread_current-6de2779a113c59b5dec74d502b7bbc2d.o /Users/jasonlee/Library/Developer/Xcode/DerivedData/Notch-ddzsfiyxyoauidejndllmosklbkq/SourcePackages/checkouts/plcrashreporter/Source/PLCrashAsyncThread_current.c normal x86_64 c com.apple.compilers.llvm.clang.1_0.compiler (in target 'CrashReporter' from project 'PLCrashReporter')
    cd /Users/jasonlee/Coding/App/Notch/Notch.xcodeproj
    
    Using response file: /Users/jasonlee/Library/Developer/Xcode/DerivedData/Notch-ddzsfiyxyoauidejndllmosklbkq/Build/Intermediates.noindex/PLCrashReporter.build/Release/CrashReporter.build/Objects-normal/x86_64/7187679823f38a2a940e0043cdf9d637-common-args.resp
    
    builtin-ScanDependencies -o /Users/jasonlee/Library/Developer/Xcode/DerivedData/Notch-ddzsfiyxyoauidejndllmosklbkq/Build/Intermediates.noindex/PLCrashReporter.build/Release/CrashReporter.build/Objects-normal/x86_64/PLCrashAsyncThread_current-6de2779a113c59b5dec74d502b7bbc2d.o.scan -- /Applications/Xcode.app/Contents/Developer/Toolchains/XcodeDefault.xctoolchain/usr/bin/clang -x c -ivfsstatcache /Users/jasonlee/Library/Developer/Xcode/DerivedData/SDKStatCaches.noindex/macosx26.4-25E251-30f9ca8789b706f8bd3fc906a70d770f.sdkstatcache -target x86_64-apple-macos10.13 -fmessage-length\=0 -fdiagnostics-show-note-include-stack -fmacro-backtrace-limit\=0 -fno-color-diagnostics -fmodules-prune-interval\=86400 -fmodules-prune-after\=345600 -fbuild-session-file\=/Users/jasonlee/Library/Developer/Xcode/DerivedData/ModuleCache.noindex/Session.modulevalidation -fmodules-validate-once-per-build-session -Wnon-modular-include-in-framework-module -Werror\=non-modular-include-in-framework-module -Wno-trigraphs -Wno-missing-field-initializers -Wno-missing-prototypes -Wno-return-type -Wno-missing-braces -Wparentheses -Wswitch -Wno-unused-function -Wno-unused-label -Wno-unused-parameter -Wno-unused-variable -Wunused-value -Wno-empty-body -Wno-uninitialized -Wno-unknown-pragmas -w -Wno-shadow -Wno-four-char-constants -Wno-conversion -Wno-constant-conversion -Wno-int-conversion -Wno-bool-conversion -Wno-enum-conversion -Wno-float-conversion -Wno-non-literal-null-conversion -Wno-objc-literal-conversion -Wshorten-64-to-32 -Wpointer-sign -Wno-newline-eof -Wno-implicit-fallthrough -isysroot /Applications/Xcode.app/Contents/Developer/Platforms/MacOSX.platform/Developer/SDKs/MacOSX26.4.sdk -fstrict-aliasing -Wdeprecated-declarations -Wno-sign-conversion -Wno-infinite-recursion -Wno-comma -Wno-block-capture-autoreleasing -Wno-strict-prototypes -Wno-semicolon-before-method-body @/Users/jasonlee/Library/Developer/Xcode/DerivedData/Notch-ddzsfiyxyoauidejndllmosklbkq/Build/Intermediates.noindex/PLCrashReporter.build/Release/CrashReporter.build/Objects-normal/x86_64/7187679823f38a2a940e0043cdf9d637-common-args.resp -MMD -MT dependencies -MF /Users/jasonlee/Library/Developer/Xcode/DerivedData/Notch-ddzsfiyxyoauidejndllmosklbkq/Build/Intermediates.noindex/PLCrashReporter.build/Release/CrashReporter.build/Objects-normal/x86_64/PLCrashAsyncThread_current-6de2779a113c59b5dec74d502b7bbc2d.d --serialize-diagnostics /Users/jasonlee/Library/Developer/Xcode/DerivedData/Notch-ddzsfiyxyoauidejndllmosklbkq/Build/Intermediates.noindex/PLCrashReporter.build/Release/CrashReporter.build/Objects-normal/x86_64/PLCrashAsyncThread_current-6de2779a113c59b5dec74d502b7bbc2d.dia -c /Users/jasonlee/Library/Developer/Xcode/DerivedData/Notch-ddzsfiyxyoauidejndllmosklbkq/SourcePackages/checkouts/plcrashreporter/Source/PLCrashAsyncThread_current.c -o /Users/jasonlee/Library/Developer/Xcode/DerivedData/Notch-ddzsfiyxyoauidejndllmosklbkq/Build/Intermediates.noindex/PLCrashReporter.build/Release/CrashReporter.build/Objects-normal/x86_64/PLCrashAsyncThread_current-6de2779a113c59b5dec74d502b7bbc2d.o

CompileC /Users/jasonlee/Library/Developer/Xcode/DerivedData/Notch-ddzsfiyxyoauidejndllmosklbkq/Build/Intermediates.noindex/PLCrashReporter.build/Release/CrashReporter.build/Objects-normal/x86_64/PLCrashReport.pb-c.o /Users/jasonlee/Library/Developer/Xcode/DerivedData/Notch-ddzsfiyxyoauidejndllmosklbkq/SourcePackages/checkouts/plcrashreporter/Source/PLCrashReport.pb-c.c normal x86_64 c com.apple.compilers.llvm.clang.1_0.compiler (in target 'CrashReporter' from project 'PLCrashReporter')
    cd /Users/jasonlee/Coding/App/Notch/Notch.xcodeproj
    
    Using response file: /Users/jasonlee/Library/Developer/Xcode/DerivedData/Notch-ddzsfiyxyoauidejndllmosklbkq/Build/Intermediates.noindex/PLCrashReporter.build/Release/CrashReporter.build/Objects-normal/x86_64/7187679823f38a2a940e0043cdf9d637-common-args.resp
    
    /Applications/Xcode.app/Contents/Developer/Toolchains/XcodeDefault.xctoolchain/usr/bin/clang -x c -ivfsstatcache /Users/jasonlee/Library/Developer/Xcode/DerivedData/SDKStatCaches.noindex/macosx26.4-25E251-30f9ca8789b706f8bd3fc906a70d770f.sdkstatcache -target x86_64-apple-macos10.13 -fmessage-length\=0 -fdiagnostics-show-note-include-stack -fmacro-backtrace-limit\=0 -fno-color-diagnostics -fmodules-prune-interval\=86400 -fmodules-prune-after\=345600 -fbuild-session-file\=/Users/jasonlee/Library/Developer/Xcode/DerivedData/ModuleCache.noindex/Session.modulevalidation -fmodules-validate-once-per-build-session -Wnon-modular-include-in-framework-module -Werror\=non-modular-include-in-framework-module -Wno-trigraphs -Wno-missing-field-initializers -Wno-missing-prototypes -Wno-return-type -Wno-missing-braces -Wparentheses -Wswitch -Wno-unused-function -Wno-unused-label -Wno-unused-parameter -Wno-unused-variable -Wunused-value -Wno-empty-body -Wno-uninitialized -Wno-unknown-pragmas -w -Wno-shadow -Wno-four-char-constants -Wno-conversion -Wno-constant-conversion -Wno-int-conversion -Wno-bool-conversion -Wno-enum-conversion -Wno-float-conversion -Wno-non-literal-null-conversion -Wno-objc-literal-conversion -Wshorten-64-to-32 -Wpointer-sign -Wno-newline-eof -Wno-implicit-fallthrough -isysroot /Applications/Xcode.app/Contents/Developer/Platforms/MacOSX.platform/Developer/SDKs/MacOSX26.4.sdk -fstrict-aliasing -Wdeprecated-declarations -Wno-sign-conversion -Wno-infinite-recursion -Wno-comma -Wno-block-capture-autoreleasing -Wno-strict-prototypes -Wno-semicolon-before-method-body @/Users/jasonlee/Library/Developer/Xcode/DerivedData/Notch-ddzsfiyxyoauidejndllmosklbkq/Build/Intermediates.noindex/PLCrashReporter.build/Release/CrashReporter.build/Objects-normal/x86_64/7187679823f38a2a940e0043cdf9d637-common-args.resp -MMD -MT dependencies -MF /Users/jasonlee/Library/Developer/Xcode/DerivedData/Notch-ddzsfiyxyoauidejndllmosklbkq/Build/Intermediates.noindex/PLCrashReporter.build/Release/CrashReporter.build/Objects-normal/x86_64/PLCrashReport.pb-c.d --serialize-diagnostics /Users/jasonlee/Library/Developer/Xcode/DerivedData/Notch-ddzsfiyxyoauidejndllmosklbkq/Build/Intermediates.noindex/PLCrashReporter.build/Release/CrashReporter.build/Objects-normal/x86_64/PLCrashReport.pb-c.dia -c /Users/jasonlee/Library/Developer/Xcode/DerivedData/Notch-ddzsfiyxyoauidejndllmosklbkq/SourcePackages/checkouts/plcrashreporter/Source/PLCrashReport.pb-c.c -o /Users/jasonlee/Library/Developer/Xcode/DerivedData/Notch-ddzsfiyxyoauidejndllmosklbkq/Build/Intermediates.noindex/PLCrashReporter.build/Release/CrashReporter.build/Objects-normal/x86_64/PLCrashReport.pb-c.o

PrecompileModule /Users/jasonlee/Library/Developer/Xcode/DerivedData/Notch-ddzsfiyxyoauidejndllmosklbkq/Build/Intermediates.noindex/ExplicitPrecompiledModules/_DarwinFoundation3-4DL030Q8JFSUCNVBX49244NKE.scan
    cd /
    builtin-precompileModule /Users/jasonlee/Library/Developer/Xcode/DerivedData/Notch-ddzsfiyxyoauidejndllmosklbkq/Build/Intermediates.noindex/ExplicitPrecompiledModules/_DarwinFoundation3-4DL030Q8JFSUCNVBX49244NKE.scan

ScanDependencies /Users/jasonlee/Library/Developer/Xcode/DerivedData/Notch-ddzsfiyxyoauidejndllmosklbkq/Build/Intermediates.noindex/PLCrashReporter.build/Release/CrashReporter.build/Objects-normal/x86_64/PLCrashAsyncThread_arm.o /Users/jasonlee/Library/Developer/Xcode/DerivedData/Notch-ddzsfiyxyoauidejndllmosklbkq/SourcePackages/checkouts/plcrashreporter/Source/PLCrashAsyncThread_arm.c normal x86_64 c com.apple.compilers.llvm.clang.1_0.compiler (in target 'CrashReporter' from project 'PLCrashReporter')
    cd /Users/jasonlee/Coding/App/Notch/Notch.xcodeproj
    
    Using response file: /Users/jasonlee/Library/Developer/Xcode/DerivedData/Notch-ddzsfiyxyoauidejndllmosklbkq/Build/Intermediates.noindex/PLCrashReporter.build/Release/CrashReporter.build/Objects-normal/x86_64/7187679823f38a2a940e0043cdf9d637-common-args.resp
    
    builtin-ScanDependencies -o /Users/jasonlee/Library/Developer/Xcode/DerivedData/Notch-ddzsfiyxyoauidejndllmosklbkq/Build/Intermediates.noindex/PLCrashReporter.build/Release/CrashReporter.build/Objects-normal/x86_64/PLCrashAsyncThread_arm.o.scan -- /Applications/Xcode.app/Contents/Developer/Toolchains/XcodeDefault.xctoolchain/usr/bin/clang -x c -ivfsstatcache /Users/jasonlee/Library/Developer/Xcode/DerivedData/SDKStatCaches.noindex/macosx26.4-25E251-30f9ca8789b706f8bd3fc906a70d770f.sdkstatcache -target x86_64-apple-macos10.13 -fmessage-length\=0 -fdiagnostics-show-note-include-stack -fmacro-backtrace-limit\=0 -fno-color-diagnostics -fmodules-prune-interval\=86400 -fmodules-prune-after\=345600 -fbuild-session-file\=/Users/jasonlee/Library/Developer/Xcode/DerivedData/ModuleCache.noindex/Session.modulevalidation -fmodules-validate-once-per-build-session -Wnon-modular-include-in-framework-module -Werror\=non-modular-include-in-framework-module -Wno-trigraphs -Wno-missing-field-initializers -Wno-missing-prototypes -Wno-return-type -Wno-missing-braces -Wparentheses -Wswitch -Wno-unused-function -Wno-unused-label -Wno-unused-parameter -Wno-unused-variable -Wunused-value -Wno-empty-body -Wno-uninitialized -Wno-unknown-pragmas -w -Wno-shadow -Wno-four-char-constants -Wno-conversion -Wno-constant-conversion -Wno-int-conversion -Wno-bool-conversion -Wno-enum-conversion -Wno-float-conversion -Wno-non-literal-null-conversion -Wno-objc-literal-conversion -Wshorten-64-to-32 -Wpointer-sign -Wno-newline-eof -Wno-implicit-fallthrough -isysroot /Applications/Xcode.app/Contents/Developer/Platforms/MacOSX.platform/Developer/SDKs/MacOSX26.4.sdk -fstrict-aliasing -Wdeprecated-declarations -Wno-sign-conversion -Wno-infinite-recursion -Wno-comma -Wno-block-capture-autoreleasing -Wno-strict-prototypes -Wno-semicolon-before-method-body @/Users/jasonlee/Library/Developer/Xcode/DerivedData/Notch-ddzsfiyxyoauidejndllmosklbkq/Build/Intermediates.noindex/PLCrashReporter.build/Release/CrashReporter.build/Objects-normal/x86_64/7187679823f38a2a940e0043cdf9d637-common-args.resp -MMD -MT dependencies -MF /Users/jasonlee/Library/Developer/Xcode/DerivedData/Notch-ddzsfiyxyoauidejndllmosklbkq/Build/Intermediates.noindex/PLCrashReporter.build/Release/CrashReporter.build/Objects-normal/x86_64/PLCrashAsyncThread_arm.d --serialize-diagnostics /Users/jasonlee/Library/Developer/Xcode/DerivedData/Notch-ddzsfiyxyoauidejndllmosklbkq/Build/Intermediates.noindex/PLCrashReporter.build/Release/CrashReporter.build/Objects-normal/x86_64/PLCrashAsyncThread_arm.dia -c /Users/jasonlee/Library/Developer/Xcode/DerivedData/Notch-ddzsfiyxyoauidejndllmosklbkq/SourcePackages/checkouts/plcrashreporter/Source/PLCrashAsyncThread_arm.c -o /Users/jasonlee/Library/Developer/Xcode/DerivedData/Notch-ddzsfiyxyoauidejndllmosklbkq/Build/Intermediates.noindex/PLCrashReporter.build/Release/CrashReporter.build/Objects-normal/x86_64/PLCrashAsyncThread_arm.o

PrecompileModule /Users/jasonlee/Library/Developer/Xcode/DerivedData/Notch-ddzsfiyxyoauidejndllmosklbkq/Build/Intermediates.noindex/ExplicitPrecompiledModules/_DarwinFoundation3-AHYRP8WIL8OUXG2CM6S7TWYFI.scan
    cd /
    builtin-precompileModule /Users/jasonlee/Library/Developer/Xcode/DerivedData/Notch-ddzsfiyxyoauidejndllmosklbkq/Build/Intermediates.noindex/ExplicitPrecompiledModules/_DarwinFoundation3-AHYRP8WIL8OUXG2CM6S7TWYFI.scan

PrecompileModule /Users/jasonlee/Library/Developer/Xcode/DerivedData/Notch-ddzsfiyxyoauidejndllmosklbkq/Build/Intermediates.noindex/ExplicitPrecompiledModules/_Builtin_stdatomic-3UYNEGT5I49HO14EQ48UGZZVV.scan
    cd /
    builtin-precompileModule /Users/jasonlee/Library/Developer/Xcode/DerivedData/Notch-ddzsfiyxyoauidejndllmosklbkq/Build/Intermediates.noindex/ExplicitPrecompiledModules/_Builtin_stdatomic-3UYNEGT5I49HO14EQ48UGZZVV.scan

Ld /Users/jasonlee/Library/Developer/Xcode/DerivedData/Notch-ddzsfiyxyoauidejndllmosklbkq/Build/Intermediates.noindex/PostHog.build/Release/phlibwebp.build/Objects-normal/arm64/Binary/phlibwebp.o normal arm64 (in target 'phlibwebp' from project 'PostHog')
    cd /Users/jasonlee/Library/Developer/Xcode/DerivedData/Notch-ddzsfiyxyoauidejndllmosklbkq/SourcePackages/checkouts/posthog-ios
    /Applications/Xcode.app/Contents/Developer/Toolchains/XcodeDefault.xctoolchain/usr/bin/clang -Xlinker -reproducible -target arm64-apple-macos10.15 -r -isysroot /Applications/Xcode.app/Contents/Developer/Platforms/MacOSX.platform/Developer/SDKs/MacOSX26.4.sdk -Os -w -F/Users/jasonlee/Library/Developer/Xcode/DerivedData/Notch-ddzsfiyxyoauidejndllmosklbkq/Build/Intermediates.noindex/EagerLinkingTBDs/Release -F/Users/jasonlee/Library/Developer/Xcode/DerivedData/Notch-ddzsfiyxyoauidejndllmosklbkq/Build/Products/Release -iframework /Applications/Xcode.app/Contents/Developer/Platforms/MacOSX.platform/Developer/Library/Frameworks -filelist /Users/jasonlee/Library/Developer/Xcode/DerivedData/Notch-ddzsfiyxyoauidejndllmosklbkq/Build/Intermediates.noindex/PostHog.build/Release/phlibwebp.build/Objects-normal/arm64/phlibwebp.LinkFileList -nostdlib -Xlinker -object_path_lto -Xlinker /Users/jasonlee/Library/Developer/Xcode/DerivedData/Notch-ddzsfiyxyoauidejndllmosklbkq/Build/Intermediates.noindex/PostHog.build/Release/phlibwebp.build/Objects-normal/arm64/phlibwebp_lto.o -Xlinker -debug_variant -Xlinker -dependency_info -Xlinker /Users/jasonlee/Library/Developer/Xcode/DerivedData/Notch-ddzsfiyxyoauidejndllmosklbkq/Build/Intermediates.noindex/PostHog.build/Release/phlibwebp.build/Objects-normal/arm64/phlibwebp_dependency_info.dat -o /Users/jasonlee/Library/Developer/Xcode/DerivedData/Notch-ddzsfiyxyoauidejndllmosklbkq/Build/Intermediates.noindex/PostHog.build/Release/phlibwebp.build/Objects-normal/arm64/Binary/phlibwebp.o

PrecompileModule /Users/jasonlee/Library/Developer/Xcode/DerivedData/Notch-ddzsfiyxyoauidejndllmosklbkq/Build/Intermediates.noindex/ExplicitPrecompiledModules/libDER-8FSU9UFR5H24AJ6PMO50MGHH.scan
    cd /
    builtin-precompileModule /Users/jasonlee/Library/Developer/Xcode/DerivedData/Notch-ddzsfiyxyoauidejndllmosklbkq/Build/Intermediates.noindex/ExplicitPrecompiledModules/libDER-8FSU9UFR5H24AJ6PMO50MGHH.scan

ScanDependencies /Users/jasonlee/Library/Developer/Xcode/DerivedData/Notch-ddzsfiyxyoauidejndllmosklbkq/Build/Intermediates.noindex/PLCrashReporter.build/Release/CrashReporter.build/Objects-normal/x86_64/PLCrashAsyncThread.o /Users/jasonlee/Library/Developer/Xcode/DerivedData/Notch-ddzsfiyxyoauidejndllmosklbkq/SourcePackages/checkouts/plcrashreporter/Source/PLCrashAsyncThread.c normal x86_64 c com.apple.compilers.llvm.clang.1_0.compiler (in target 'CrashReporter' from project 'PLCrashReporter')
    cd /Users/jasonlee/Coding/App/Notch/Notch.xcodeproj
    
    Using response file: /Users/jasonlee/Library/Developer/Xcode/DerivedData/Notch-ddzsfiyxyoauidejndllmosklbkq/Build/Intermediates.noindex/PLCrashReporter.build/Release/CrashReporter.build/Objects-normal/x86_64/7187679823f38a2a940e0043cdf9d637-common-args.resp
    
    builtin-ScanDependencies -o /Users/jasonlee/Library/Developer/Xcode/DerivedData/Notch-ddzsfiyxyoauidejndllmosklbkq/Build/Intermediates.noindex/PLCrashReporter.build/Release/CrashReporter.build/Objects-normal/x86_64/PLCrashAsyncThread.o.scan -- /Applications/Xcode.app/Contents/Developer/Toolchains/XcodeDefault.xctoolchain/usr/bin/clang -x c -ivfsstatcache /Users/jasonlee/Library/Developer/Xcode/DerivedData/SDKStatCaches.noindex/macosx26.4-25E251-30f9ca8789b706f8bd3fc906a70d770f.sdkstatcache -target x86_64-apple-macos10.13 -fmessage-length\=0 -fdiagnostics-show-note-include-stack -fmacro-backtrace-limit\=0 -fno-color-diagnostics -fmodules-prune-interval\=86400 -fmodules-prune-after\=345600 -fbuild-session-file\=/Users/jasonlee/Library/Developer/Xcode/DerivedData/ModuleCache.noindex/Session.modulevalidation -fmodules-validate-once-per-build-session -Wnon-modular-include-in-framework-module -Werror\=non-modular-include-in-framework-module -Wno-trigraphs -Wno-missing-field-initializers -Wno-missing-prototypes -Wno-return-type -Wno-missing-braces -Wparentheses -Wswitch -Wno-unused-function -Wno-unused-label -Wno-unused-parameter -Wno-unused-variable -Wunused-value -Wno-empty-body -Wno-uninitialized -Wno-unknown-pragmas -w -Wno-shadow -Wno-four-char-constants -Wno-conversion -Wno-constant-conversion -Wno-int-conversion -Wno-bool-conversion -Wno-enum-conversion -Wno-float-conversion -Wno-non-literal-null-conversion -Wno-objc-literal-conversion -Wshorten-64-to-32 -Wpointer-sign -Wno-newline-eof -Wno-implicit-fallthrough -isysroot /Applications/Xcode.app/Contents/Developer/Platforms/MacOSX.platform/Developer/SDKs/MacOSX26.4.sdk -fstrict-aliasing -Wdeprecated-declarations -Wno-sign-conversion -Wno-infinite-recursion -Wno-comma -Wno-block-capture-autoreleasing -Wno-strict-prototypes -Wno-semicolon-before-method-body @/Users/jasonlee/Library/Developer/Xcode/DerivedData/Notch-ddzsfiyxyoauidejndllmosklbkq/Build/Intermediates.noindex/PLCrashReporter.build/Release/CrashReporter.build/Objects-normal/x86_64/7187679823f38a2a940e0043cdf9d637-common-args.resp -MMD -MT dependencies -MF /Users/jasonlee/Library/Developer/Xcode/DerivedData/Notch-ddzsfiyxyoauidejndllmosklbkq/Build/Intermediates.noindex/PLCrashReporter.build/Release/CrashReporter.build/Objects-normal/x86_64/PLCrashAsyncThread.d --serialize-diagnostics /Users/jasonlee/Library/Developer/Xcode/DerivedData/Notch-ddzsfiyxyoauidejndllmosklbkq/Build/Intermediates.noindex/PLCrashReporter.build/Release/CrashReporter.build/Objects-normal/x86_64/PLCrashAsyncThread.dia -c /Users/jasonlee/Library/Developer/Xcode/DerivedData/Notch-ddzsfiyxyoauidejndllmosklbkq/SourcePackages/checkouts/plcrashreporter/Source/PLCrashAsyncThread.c -o /Users/jasonlee/Library/Developer/Xcode/DerivedData/Notch-ddzsfiyxyoauidejndllmosklbkq/Build/Intermediates.noindex/PLCrashReporter.build/Release/CrashReporter.build/Objects-normal/x86_64/PLCrashAsyncThread.o

ScanDependencies /Users/jasonlee/Library/Developer/Xcode/DerivedData/Notch-ddzsfiyxyoauidejndllmosklbkq/Build/Intermediates.noindex/PLCrashReporter.build/Release/CrashReporter.build/Objects-normal/x86_64/PLCrashAsyncSymbolication.o /Users/jasonlee/Library/Developer/Xcode/DerivedData/Notch-ddzsfiyxyoauidejndllmosklbkq/SourcePackages/checkouts/plcrashreporter/Source/PLCrashAsyncSymbolication.c normal x86_64 c com.apple.compilers.llvm.clang.1_0.compiler (in target 'CrashReporter' from project 'PLCrashReporter')
    cd /Users/jasonlee/Coding/App/Notch/Notch.xcodeproj
    
    Using response file: /Users/jasonlee/Library/Developer/Xcode/DerivedData/Notch-ddzsfiyxyoauidejndllmosklbkq/Build/Intermediates.noindex/PLCrashReporter.build/Release/CrashReporter.build/Objects-normal/x86_64/7187679823f38a2a940e0043cdf9d637-common-args.resp
    
    builtin-ScanDependencies -o /Users/jasonlee/Library/Developer/Xcode/DerivedData/Notch-ddzsfiyxyoauidejndllmosklbkq/Build/Intermediates.noindex/PLCrashReporter.build/Release/CrashReporter.build/Objects-normal/x86_64/PLCrashAsyncSymbolication.o.scan -- /Applications/Xcode.app/Contents/Developer/Toolchains/XcodeDefault.xctoolchain/usr/bin/clang -x c -ivfsstatcache /Users/jasonlee/Library/Developer/Xcode/DerivedData/SDKStatCaches.noindex/macosx26.4-25E251-30f9ca8789b706f8bd3fc906a70d770f.sdkstatcache -target x86_64-apple-macos10.13 -fmessage-length\=0 -fdiagnostics-show-note-include-stack -fmacro-backtrace-limit\=0 -fno-color-diagnostics -fmodules-prune-interval\=86400 -fmodules-prune-after\=345600 -fbuild-session-file\=/Users/jasonlee/Library/Developer/Xcode/DerivedData/ModuleCache.noindex/Session.modulevalidation -fmodules-validate-once-per-build-session -Wnon-modular-include-in-framework-module -Werror\=non-modular-include-in-framework-module -Wno-trigraphs -Wno-missing-field-initializers -Wno-missing-prototypes -Wno-return-type -Wno-missing-braces -Wparentheses -Wswitch -Wno-unused-function -Wno-unused-label -Wno-unused-parameter -Wno-unused-variable -Wunused-value -Wno-empty-body -Wno-uninitialized -Wno-unknown-pragmas -w -Wno-shadow -Wno-four-char-constants -Wno-conversion -Wno-constant-conversion -Wno-int-conversion -Wno-bool-conversion -Wno-enum-conversion -Wno-float-conversion -Wno-non-literal-null-conversion -Wno-objc-literal-conversion -Wshorten-64-to-32 -Wpointer-sign -Wno-newline-eof -Wno-implicit-fallthrough -isysroot /Applications/Xcode.app/Contents/Developer/Platforms/MacOSX.platform/Developer/SDKs/MacOSX26.4.sdk -fstrict-aliasing -Wdeprecated-declarations -Wno-sign-conversion -Wno-infinite-recursion -Wno-comma -Wno-block-capture-autoreleasing -Wno-strict-prototypes -Wno-semicolon-before-method-body @/Users/jasonlee/Library/Developer/Xcode/DerivedData/Notch-ddzsfiyxyoauidejndllmosklbkq/Build/Intermediates.noindex/PLCrashReporter.build/Release/CrashReporter.build/Objects-normal/x86_64/7187679823f38a2a940e0043cdf9d637-common-args.resp -MMD -MT dependencies -MF /Users/jasonlee/Library/Developer/Xcode/DerivedData/Notch-ddzsfiyxyoauidejndllmosklbkq/Build/Intermediates.noindex/PLCrashReporter.build/Release/CrashReporter.build/Objects-normal/x86_64/PLCrashAsyncSymbolication.d --serialize-diagnostics /Users/jasonlee/Library/Developer/Xcode/DerivedData/Notch-ddzsfiyxyoauidejndllmosklbkq/Build/Intermediates.noindex/PLCrashReporter.build/Release/CrashReporter.build/Objects-normal/x86_64/PLCrashAsyncSymbolication.dia -c /Users/jasonlee/Library/Developer/Xcode/DerivedData/Notch-ddzsfiyxyoauidejndllmosklbkq/SourcePackages/checkouts/plcrashreporter/Source/PLCrashAsyncSymbolication.c -o /Users/jasonlee/Library/Developer/Xcode/DerivedData/Notch-ddzsfiyxyoauidejndllmosklbkq/Build/Intermediates.noindex/PLCrashReporter.build/Release/CrashReporter.build/Objects-normal/x86_64/PLCrashAsyncSymbolication.o

ScanDependencies /Users/jasonlee/Library/Developer/Xcode/DerivedData/Notch-ddzsfiyxyoauidejndllmosklbkq/Build/Intermediates.noindex/PLCrashReporter.build/Release/CrashReporter.build/Objects-normal/x86_64/PLCrashAsyncSignalInfo.o /Users/jasonlee/Library/Developer/Xcode/DerivedData/Notch-ddzsfiyxyoauidejndllmosklbkq/SourcePackages/checkouts/plcrashreporter/Source/PLCrashAsyncSignalInfo.c normal x86_64 c com.apple.compilers.llvm.clang.1_0.compiler (in target 'CrashReporter' from project 'PLCrashReporter')
    cd /Users/jasonlee/Coding/App/Notch/Notch.xcodeproj
    
    Using response file: /Users/jasonlee/Library/Developer/Xcode/DerivedData/Notch-ddzsfiyxyoauidejndllmosklbkq/Build/Intermediates.noindex/PLCrashReporter.build/Release/CrashReporter.build/Objects-normal/x86_64/7187679823f38a2a940e0043cdf9d637-common-args.resp
    
    builtin-ScanDependencies -o /Users/jasonlee/Library/Developer/Xcode/DerivedData/Notch-ddzsfiyxyoauidejndllmosklbkq/Build/Intermediates.noindex/PLCrashReporter.build/Release/CrashReporter.build/Objects-normal/x86_64/PLCrashAsyncSignalInfo.o.scan -- /Applications/Xcode.app/Contents/Developer/Toolchains/XcodeDefault.xctoolchain/usr/bin/clang -x c -ivfsstatcache /Users/jasonlee/Library/Developer/Xcode/DerivedData/SDKStatCaches.noindex/macosx26.4-25E251-30f9ca8789b706f8bd3fc906a70d770f.sdkstatcache -target x86_64-apple-macos10.13 -fmessage-length\=0 -fdiagnostics-show-note-include-stack -fmacro-backtrace-limit\=0 -fno-color-diagnostics -fmodules-prune-interval\=86400 -fmodules-prune-after\=345600 -fbuild-session-file\=/Users/jasonlee/Library/Developer/Xcode/DerivedData/ModuleCache.noindex/Session.modulevalidation -fmodules-validate-once-per-build-session -Wnon-modular-include-in-framework-module -Werror\=non-modular-include-in-framework-module -Wno-trigraphs -Wno-missing-field-initializers -Wno-missing-prototypes -Wno-return-type -Wno-missing-braces -Wparentheses -Wswitch -Wno-unused-function -Wno-unused-label -Wno-unused-parameter -Wno-unused-variable -Wunused-value -Wno-empty-body -Wno-uninitialized -Wno-unknown-pragmas -w -Wno-shadow -Wno-four-char-constants -Wno-conversion -Wno-constant-conversion -Wno-int-conversion -Wno-bool-conversion -Wno-enum-conversion -Wno-float-conversion -Wno-non-literal-null-conversion -Wno-objc-literal-conversion -Wshorten-64-to-32 -Wpointer-sign -Wno-newline-eof -Wno-implicit-fallthrough -isysroot /Applications/Xcode.app/Contents/Developer/Platforms/MacOSX.platform/Developer/SDKs/MacOSX26.4.sdk -fstrict-aliasing -Wdeprecated-declarations -Wno-sign-conversion -Wno-infinite-recursion -Wno-comma -Wno-block-capture-autoreleasing -Wno-strict-prototypes -Wno-semicolon-before-method-body @/Users/jasonlee/Library/Developer/Xcode/DerivedData/Notch-ddzsfiyxyoauidejndllmosklbkq/Build/Intermediates.noindex/PLCrashReporter.build/Release/CrashReporter.build/Objects-normal/x86_64/7187679823f38a2a940e0043cdf9d637-common-args.resp -MMD -MT dependencies -MF /Users/jasonlee/Library/Developer/Xcode/DerivedData/Notch-ddzsfiyxyoauidejndllmosklbkq/Build/Intermediates.noindex/PLCrashReporter.build/Release/CrashReporter.build/Objects-normal/x86_64/PLCrashAsyncSignalInfo.d --serialize-diagnostics /Users/jasonlee/Library/Developer/Xcode/DerivedData/Notch-ddzsfiyxyoauidejndllmosklbkq/Build/Intermediates.noindex/PLCrashReporter.build/Release/CrashReporter.build/Objects-normal/x86_64/PLCrashAsyncSignalInfo.dia -c /Users/jasonlee/Library/Developer/Xcode/DerivedData/Notch-ddzsfiyxyoauidejndllmosklbkq/SourcePackages/checkouts/plcrashreporter/Source/PLCrashAsyncSignalInfo.c -o /Users/jasonlee/Library/Developer/Xcode/DerivedData/Notch-ddzsfiyxyoauidejndllmosklbkq/Build/Intermediates.noindex/PLCrashReporter.build/Release/CrashReporter.build/Objects-normal/x86_64/PLCrashAsyncSignalInfo.o

ScanDependencies /Users/jasonlee/Library/Developer/Xcode/DerivedData/Notch-ddzsfiyxyoauidejndllmosklbkq/Build/Intermediates.noindex/PLCrashReporter.build/Release/CrashReporter.build/Objects-normal/x86_64/PLCrashAsyncMachOString.o /Users/jasonlee/Library/Developer/Xcode/DerivedData/Notch-ddzsfiyxyoauidejndllmosklbkq/SourcePackages/checkouts/plcrashreporter/Source/PLCrashAsyncMachOString.c normal x86_64 c com.apple.compilers.llvm.clang.1_0.compiler (in target 'CrashReporter' from project 'PLCrashReporter')
    cd /Users/jasonlee/Coding/App/Notch/Notch.xcodeproj
    
    Using response file: /Users/jasonlee/Library/Developer/Xcode/DerivedData/Notch-ddzsfiyxyoauidejndllmosklbkq/Build/Intermediates.noindex/PLCrashReporter.build/Release/CrashReporter.build/Objects-normal/x86_64/7187679823f38a2a940e0043cdf9d637-common-args.resp
    
    builtin-ScanDependencies -o /Users/jasonlee/Library/Developer/Xcode/DerivedData/Notch-ddzsfiyxyoauidejndllmosklbkq/Build/Intermediates.noindex/PLCrashReporter.build/Release/CrashReporter.build/Objects-normal/x86_64/PLCrashAsyncMachOString.o.scan -- /Applications/Xcode.app/Contents/Developer/Toolchains/XcodeDefault.xctoolchain/usr/bin/clang -x c -ivfsstatcache /Users/jasonlee/Library/Developer/Xcode/DerivedData/SDKStatCaches.noindex/macosx26.4-25E251-30f9ca8789b706f8bd3fc906a70d770f.sdkstatcache -target x86_64-apple-macos10.13 -fmessage-length\=0 -fdiagnostics-show-note-include-stack -fmacro-backtrace-limit\=0 -fno-color-diagnostics -fmodules-prune-interval\=86400 -fmodules-prune-after\=345600 -fbuild-session-file\=/Users/jasonlee/Library/Developer/Xcode/DerivedData/ModuleCache.noindex/Session.modulevalidation -fmodules-validate-once-per-build-session -Wnon-modular-include-in-framework-module -Werror\=non-modular-include-in-framework-module -Wno-trigraphs -Wno-missing-field-initializers -Wno-missing-prototypes -Wno-return-type -Wno-missing-braces -Wparentheses -Wswitch -Wno-unused-function -Wno-unused-label -Wno-unused-parameter -Wno-unused-variable -Wunused-value -Wno-empty-body -Wno-uninitialized -Wno-unknown-pragmas -w -Wno-shadow -Wno-four-char-constants -Wno-conversion -Wno-constant-conversion -Wno-int-conversion -Wno-bool-conversion -Wno-enum-conversion -Wno-float-conversion -Wno-non-literal-null-conversion -Wno-objc-literal-conversion -Wshorten-64-to-32 -Wpointer-sign -Wno-newline-eof -Wno-implicit-fallthrough -isysroot /Applications/Xcode.app/Contents/Developer/Platforms/MacOSX.platform/Developer/SDKs/MacOSX26.4.sdk -fstrict-aliasing -Wdeprecated-declarations -Wno-sign-conversion -Wno-infinite-recursion -Wno-comma -Wno-block-capture-autoreleasing -Wno-strict-prototypes -Wno-semicolon-before-method-body @/Users/jasonlee/Library/Developer/Xcode/DerivedData/Notch-ddzsfiyxyoauidejndllmosklbkq/Build/Intermediates.noindex/PLCrashReporter.build/Release/CrashReporter.build/Objects-normal/x86_64/7187679823f38a2a940e0043cdf9d637-common-args.resp -MMD -MT dependencies -MF /Users/jasonlee/Library/Developer/Xcode/DerivedData/Notch-ddzsfiyxyoauidejndllmosklbkq/Build/Intermediates.noindex/PLCrashReporter.build/Release/CrashReporter.build/Objects-normal/x86_64/PLCrashAsyncMachOString.d --serialize-diagnostics /Users/jasonlee/Library/Developer/Xcode/DerivedData/Notch-ddzsfiyxyoauidejndllmosklbkq/Build/Intermediates.noindex/PLCrashReporter.build/Release/CrashReporter.build/Objects-normal/x86_64/PLCrashAsyncMachOString.dia -c /Users/jasonlee/Library/Developer/Xcode/DerivedData/Notch-ddzsfiyxyoauidejndllmosklbkq/SourcePackages/checkouts/plcrashreporter/Source/PLCrashAsyncMachOString.c -o /Users/jasonlee/Library/Developer/Xcode/DerivedData/Notch-ddzsfiyxyoauidejndllmosklbkq/Build/Intermediates.noindex/PLCrashReporter.build/Release/CrashReporter.build/Objects-normal/x86_64/PLCrashAsyncMachOString.o

ScanDependencies /Users/jasonlee/Library/Developer/Xcode/DerivedData/Notch-ddzsfiyxyoauidejndllmosklbkq/Build/Intermediates.noindex/PLCrashReporter.build/Release/CrashReporter.build/Objects-normal/x86_64/PLCrashAsyncMachOImage.o /Users/jasonlee/Library/Developer/Xcode/DerivedData/Notch-ddzsfiyxyoauidejndllmosklbkq/SourcePackages/checkouts/plcrashreporter/Source/PLCrashAsyncMachOImage.c normal x86_64 c com.apple.compilers.llvm.clang.1_0.compiler (in target 'CrashReporter' from project 'PLCrashReporter')
    cd /Users/jasonlee/Coding/App/Notch/Notch.xcodeproj
    
    Using response file: /Users/jasonlee/Library/Developer/Xcode/DerivedData/Notch-ddzsfiyxyoauidejndllmosklbkq/Build/Intermediates.noindex/PLCrashReporter.build/Release/CrashReporter.build/Objects-normal/x86_64/7187679823f38a2a940e0043cdf9d637-common-args.resp
    
    builtin-ScanDependencies -o /Users/jasonlee/Library/Developer/Xcode/DerivedData/Notch-ddzsfiyxyoauidejndllmosklbkq/Build/Intermediates.noindex/PLCrashReporter.build/Release/CrashReporter.build/Objects-normal/x86_64/PLCrashAsyncMachOImage.o.scan -- /Applications/Xcode.app/Contents/Developer/Toolchains/XcodeDefault.xctoolchain/usr/bin/clang -x c -ivfsstatcache /Users/jasonlee/Library/Developer/Xcode/DerivedData/SDKStatCaches.noindex/macosx26.4-25E251-30f9ca8789b706f8bd3fc906a70d770f.sdkstatcache -target x86_64-apple-macos10.13 -fmessage-length\=0 -fdiagnostics-show-note-include-stack -fmacro-backtrace-limit\=0 -fno-color-diagnostics -fmodules-prune-interval\=86400 -fmodules-prune-after\=345600 -fbuild-session-file\=/Users/jasonlee/Library/Developer/Xcode/DerivedData/ModuleCache.noindex/Session.modulevalidation -fmodules-validate-once-per-build-session -Wnon-modular-include-in-framework-module -Werror\=non-modular-include-in-framework-module -Wno-trigraphs -Wno-missing-field-initializers -Wno-missing-prototypes -Wno-return-type -Wno-missing-braces -Wparentheses -Wswitch -Wno-unused-function -Wno-unused-label -Wno-unused-parameter -Wno-unused-variable -Wunused-value -Wno-empty-body -Wno-uninitialized -Wno-unknown-pragmas -w -Wno-shadow -Wno-four-char-constants -Wno-conversion -Wno-constant-conversion -Wno-int-conversion -Wno-bool-conversion -Wno-enum-conversion -Wno-float-conversion -Wno-non-literal-null-conversion -Wno-objc-literal-conversion -Wshorten-64-to-32 -Wpointer-sign -Wno-newline-eof -Wno-implicit-fallthrough -isysroot /Applications/Xcode.app/Contents/Developer/Platforms/MacOSX.platform/Developer/SDKs/MacOSX26.4.sdk -fstrict-aliasing -Wdeprecated-declarations -Wno-sign-conversion -Wno-infinite-recursion -Wno-comma -Wno-block-capture-autoreleasing -Wno-strict-prototypes -Wno-semicolon-before-method-body @/Users/jasonlee/Library/Developer/Xcode/DerivedData/Notch-ddzsfiyxyoauidejndllmosklbkq/Build/Intermediates.noindex/PLCrashReporter.build/Release/CrashReporter.build/Objects-normal/x86_64/7187679823f38a2a940e0043cdf9d637-common-args.resp -MMD -MT dependencies -MF /Users/jasonlee/Library/Developer/Xcode/DerivedData/Notch-ddzsfiyxyoauidejndllmosklbkq/Build/Intermediates.noindex/PLCrashReporter.build/Release/CrashReporter.build/Objects-normal/x86_64/PLCrashAsyncMachOImage.d --serialize-diagnostics /Users/jasonlee/Library/Developer/Xcode/DerivedData/Notch-ddzsfiyxyoauidejndllmosklbkq/Build/Intermediates.noindex/PLCrashReporter.build/Release/CrashReporter.build/Objects-normal/x86_64/PLCrashAsyncMachOImage.dia -c /Users/jasonlee/Library/Developer/Xcode/DerivedData/Notch-ddzsfiyxyoauidejndllmosklbkq/SourcePackages/checkouts/plcrashreporter/Source/PLCrashAsyncMachOImage.c -o /Users/jasonlee/Library/Developer/Xcode/DerivedData/Notch-ddzsfiyxyoauidejndllmosklbkq/Build/Intermediates.noindex/PLCrashReporter.build/Release/CrashReporter.build/Objects-normal/x86_64/PLCrashAsyncMachOImage.o

ScanDependencies /Users/jasonlee/Library/Developer/Xcode/DerivedData/Notch-ddzsfiyxyoauidejndllmosklbkq/Build/Intermediates.noindex/PLCrashReporter.build/Release/CrashReporter.build/Objects-normal/x86_64/PLCrashAsyncMachExceptionInfo.o /Users/jasonlee/Library/Developer/Xcode/DerivedData/Notch-ddzsfiyxyoauidejndllmosklbkq/SourcePackages/checkouts/plcrashreporter/Source/PLCrashAsyncMachExceptionInfo.c normal x86_64 c com.apple.compilers.llvm.clang.1_0.compiler (in target 'CrashReporter' from project 'PLCrashReporter')
    cd /Users/jasonlee/Coding/App/Notch/Notch.xcodeproj
    
    Using response file: /Users/jasonlee/Library/Developer/Xcode/DerivedData/Notch-ddzsfiyxyoauidejndllmosklbkq/Build/Intermediates.noindex/PLCrashReporter.build/Release/CrashReporter.build/Objects-normal/x86_64/7187679823f38a2a940e0043cdf9d637-common-args.resp
    
    builtin-ScanDependencies -o /Users/jasonlee/Library/Developer/Xcode/DerivedData/Notch-ddzsfiyxyoauidejndllmosklbkq/Build/Intermediates.noindex/PLCrashReporter.build/Release/CrashReporter.build/Objects-normal/x86_64/PLCrashAsyncMachExceptionInfo.o.scan -- /Applications/Xcode.app/Contents/Developer/Toolchains/XcodeDefault.xctoolchain/usr/bin/clang -x c -ivfsstatcache /Users/jasonlee/Library/Developer/Xcode/DerivedData/SDKStatCaches.noindex/macosx26.4-25E251-30f9ca8789b706f8bd3fc906a70d770f.sdkstatcache -target x86_64-apple-macos10.13 -fmessage-length\=0 -fdiagnostics-show-note-include-stack -fmacro-backtrace-limit\=0 -fno-color-diagnostics -fmodules-prune-interval\=86400 -fmodules-prune-after\=345600 -fbuild-session-file\=/Users/jasonlee/Library/Developer/Xcode/DerivedData/ModuleCache.noindex/Session.modulevalidation -fmodules-validate-once-per-build-session -Wnon-modular-include-in-framework-module -Werror\=non-modular-include-in-framework-module -Wno-trigraphs -Wno-missing-field-initializers -Wno-missing-prototypes -Wno-return-type -Wno-missing-braces -Wparentheses -Wswitch -Wno-unused-function -Wno-unused-label -Wno-unused-parameter -Wno-unused-variable -Wunused-value -Wno-empty-body -Wno-uninitialized -Wno-unknown-pragmas -w -Wno-shadow -Wno-four-char-constants -Wno-conversion -Wno-constant-conversion -Wno-int-conversion -Wno-bool-conversion -Wno-enum-conversion -Wno-float-conversion -Wno-non-literal-null-conversion -Wno-objc-literal-conversion -Wshorten-64-to-32 -Wpointer-sign -Wno-newline-eof -Wno-implicit-fallthrough -isysroot /Applications/Xcode.app/Contents/Developer/Platforms/MacOSX.platform/Developer/SDKs/MacOSX26.4.sdk -fstrict-aliasing -Wdeprecated-declarations -Wno-sign-conversion -Wno-infinite-recursion -Wno-comma -Wno-block-capture-autoreleasing -Wno-strict-prototypes -Wno-semicolon-before-method-body @/Users/jasonlee/Library/Developer/Xcode/DerivedData/Notch-ddzsfiyxyoauidejndllmosklbkq/Build/Intermediates.noindex/PLCrashReporter.build/Release/CrashReporter.build/Objects-normal/x86_64/7187679823f38a2a940e0043cdf9d637-common-args.resp -MMD -MT dependencies -MF /Users/jasonlee/Library/Developer/Xcode/DerivedData/Notch-ddzsfiyxyoauidejndllmosklbkq/Build/Intermediates.noindex/PLCrashReporter.build/Release/CrashReporter.build/Objects-normal/x86_64/PLCrashAsyncMachExceptionInfo.d --serialize-diagnostics /Users/jasonlee/Library/Developer/Xcode/DerivedData/Notch-ddzsfiyxyoauidejndllmosklbkq/Build/Intermediates.noindex/PLCrashReporter.build/Release/CrashReporter.build/Objects-normal/x86_64/PLCrashAsyncMachExceptionInfo.dia -c /Users/jasonlee/Library/Developer/Xcode/DerivedData/Notch-ddzsfiyxyoauidejndllmosklbkq/SourcePackages/checkouts/plcrashreporter/Source/PLCrashAsyncMachExceptionInfo.c -o /Users/jasonlee/Library/Developer/Xcode/DerivedData/Notch-ddzsfiyxyoauidejndllmosklbkq/Build/Intermediates.noindex/PLCrashReporter.build/Release/CrashReporter.build/Objects-normal/x86_64/PLCrashAsyncMachExceptionInfo.o

ScanDependencies /Users/jasonlee/Library/Developer/Xcode/DerivedData/Notch-ddzsfiyxyoauidejndllmosklbkq/Build/Intermediates.noindex/PLCrashReporter.build/Release/CrashReporter.build/Objects-normal/x86_64/PLCrashAsyncMObject.o /Users/jasonlee/Library/Developer/Xcode/DerivedData/Notch-ddzsfiyxyoauidejndllmosklbkq/SourcePackages/checkouts/plcrashreporter/Source/PLCrashAsyncMObject.c normal x86_64 c com.apple.compilers.llvm.clang.1_0.compiler (in target 'CrashReporter' from project 'PLCrashReporter')
    cd /Users/jasonlee/Coding/App/Notch/Notch.xcodeproj
    
    Using response file: /Users/jasonlee/Library/Developer/Xcode/DerivedData/Notch-ddzsfiyxyoauidejndllmosklbkq/Build/Intermediates.noindex/PLCrashReporter.build/Release/CrashReporter.build/Objects-normal/x86_64/7187679823f38a2a940e0043cdf9d637-common-args.resp
    
    builtin-ScanDependencies -o /Users/jasonlee/Library/Developer/Xcode/DerivedData/Notch-ddzsfiyxyoauidejndllmosklbkq/Build/Intermediates.noindex/PLCrashReporter.build/Release/CrashReporter.build/Objects-normal/x86_64/PLCrashAsyncMObject.o.scan -- /Applications/Xcode.app/Contents/Developer/Toolchains/XcodeDefault.xctoolchain/usr/bin/clang -x c -ivfsstatcache /Users/jasonlee/Library/Developer/Xcode/DerivedData/SDKStatCaches.noindex/macosx26.4-25E251-30f9ca8789b706f8bd3fc906a70d770f.sdkstatcache -target x86_64-apple-macos10.13 -fmessage-length\=0 -fdiagnostics-show-note-include-stack -fmacro-backtrace-limit\=0 -fno-color-diagnostics -fmodules-prune-interval\=86400 -fmodules-prune-after\=345600 -fbuild-session-file\=/Users/jasonlee/Library/Developer/Xcode/DerivedData/ModuleCache.noindex/Session.modulevalidation -fmodules-validate-once-per-build-session -Wnon-modular-include-in-framework-module -Werror\=non-modular-include-in-framework-module -Wno-trigraphs -Wno-missing-field-initializers -Wno-missing-prototypes -Wno-return-type -Wno-missing-braces -Wparentheses -Wswitch -Wno-unused-function -Wno-unused-label -Wno-unused-parameter -Wno-unused-variable -Wunused-value -Wno-empty-body -Wno-uninitialized -Wno-unknown-pragmas -w -Wno-shadow -Wno-four-char-constants -Wno-conversion -Wno-constant-conversion -Wno-int-conversion -Wno-bool-conversion -Wno-enum-conversion -Wno-float-conversion -Wno-non-literal-null-conversion -Wno-objc-literal-conversion -Wshorten-64-to-32 -Wpointer-sign -Wno-newline-eof -Wno-implicit-fallthrough -isysroot /Applications/Xcode.app/Contents/Developer/Platforms/MacOSX.platform/Developer/SDKs/MacOSX26.4.sdk -fstrict-aliasing -Wdeprecated-declarations -Wno-sign-conversion -Wno-infinite-recursion -Wno-comma -Wno-block-capture-autoreleasing -Wno-strict-prototypes -Wno-semicolon-before-method-body @/Users/jasonlee/Library/Developer/Xcode/DerivedData/Notch-ddzsfiyxyoauidejndllmosklbkq/Build/Intermediates.noindex/PLCrashReporter.build/Release/CrashReporter.build/Objects-normal/x86_64/7187679823f38a2a940e0043cdf9d637-common-args.resp -MMD -MT dependencies -MF /Users/jasonlee/Library/Developer/Xcode/DerivedData/Notch-ddzsfiyxyoauidejndllmosklbkq/Build/Intermediates.noindex/PLCrashReporter.build/Release/CrashReporter.build/Objects-normal/x86_64/PLCrashAsyncMObject.d --serialize-diagnostics /Users/jasonlee/Library/Developer/Xcode/DerivedData/Notch-ddzsfiyxyoauidejndllmosklbkq/Build/Intermediates.noindex/PLCrashReporter.build/Release/CrashReporter.build/Objects-normal/x86_64/PLCrashAsyncMObject.dia -c /Users/jasonlee/Library/Developer/Xcode/DerivedData/Notch-ddzsfiyxyoauidejndllmosklbkq/SourcePackages/checkouts/plcrashreporter/Source/PLCrashAsyncMObject.c -o /Users/jasonlee/Library/Developer/Xcode/DerivedData/Notch-ddzsfiyxyoauidejndllmosklbkq/Build/Intermediates.noindex/PLCrashReporter.build/Release/CrashReporter.build/Objects-normal/x86_64/PLCrashAsyncMObject.o

ScanDependencies /Users/jasonlee/Library/Developer/Xcode/DerivedData/Notch-ddzsfiyxyoauidejndllmosklbkq/Build/Intermediates.noindex/PLCrashReporter.build/Release/CrashReporter.build/Objects-normal/x86_64/PLCrashAsyncCompactUnwindEncoding.o /Users/jasonlee/Library/Developer/Xcode/DerivedData/Notch-ddzsfiyxyoauidejndllmosklbkq/SourcePackages/checkouts/plcrashreporter/Source/PLCrashAsyncCompactUnwindEncoding.c normal x86_64 c com.apple.compilers.llvm.clang.1_0.compiler (in target 'CrashReporter' from project 'PLCrashReporter')
    cd /Users/jasonlee/Coding/App/Notch/Notch.xcodeproj
    
    Using response file: /Users/jasonlee/Library/Developer/Xcode/DerivedData/Notch-ddzsfiyxyoauidejndllmosklbkq/Build/Intermediates.noindex/PLCrashReporter.build/Release/CrashReporter.build/Objects-normal/x86_64/7187679823f38a2a940e0043cdf9d637-common-args.resp
    
    builtin-ScanDependencies -o /Users/jasonlee/Library/Developer/Xcode/DerivedData/Notch-ddzsfiyxyoauidejndllmosklbkq/Build/Intermediates.noindex/PLCrashReporter.build/Release/CrashReporter.build/Objects-normal/x86_64/PLCrashAsyncCompactUnwindEncoding.o.scan -- /Applications/Xcode.app/Contents/Developer/Toolchains/XcodeDefault.xctoolchain/usr/bin/clang -x c -ivfsstatcache /Users/jasonlee/Library/Developer/Xcode/DerivedData/SDKStatCaches.noindex/macosx26.4-25E251-30f9ca8789b706f8bd3fc906a70d770f.sdkstatcache -target x86_64-apple-macos10.13 -fmessage-length\=0 -fdiagnostics-show-note-include-stack -fmacro-backtrace-limit\=0 -fno-color-diagnostics -fmodules-prune-interval\=86400 -fmodules-prune-after\=345600 -fbuild-session-file\=/Users/jasonlee/Library/Developer/Xcode/DerivedData/ModuleCache.noindex/Session.modulevalidation -fmodules-validate-once-per-build-session -Wnon-modular-include-in-framework-module -Werror\=non-modular-include-in-framework-module -Wno-trigraphs -Wno-missing-field-initializers -Wno-missing-prototypes -Wno-return-type -Wno-missing-braces -Wparentheses -Wswitch -Wno-unused-function -Wno-unused-label -Wno-unused-parameter -Wno-unused-variable -Wunused-value -Wno-empty-body -Wno-uninitialized -Wno-unknown-pragmas -w -Wno-shadow -Wno-four-char-constants -Wno-conversion -Wno-constant-conversion -Wno-int-conversion -Wno-bool-conversion -Wno-enum-conversion -Wno-float-conversion -Wno-non-literal-null-conversion -Wno-objc-literal-conversion -Wshorten-64-to-32 -Wpointer-sign -Wno-newline-eof -Wno-implicit-fallthrough -isysroot /Applications/Xcode.app/Contents/Developer/Platforms/MacOSX.platform/Developer/SDKs/MacOSX26.4.sdk -fstrict-aliasing -Wdeprecated-declarations -Wno-sign-conversion -Wno-infinite-recursion -Wno-comma -Wno-block-capture-autoreleasing -Wno-strict-prototypes -Wno-semicolon-before-method-body @/Users/jasonlee/Library/Developer/Xcode/DerivedData/Notch-ddzsfiyxyoauidejndllmosklbkq/Build/Intermediates.noindex/PLCrashReporter.build/Release/CrashReporter.build/Objects-normal/x86_64/7187679823f38a2a940e0043cdf9d637-common-args.resp -MMD -MT dependencies -MF /Users/jasonlee/Library/Developer/Xcode/DerivedData/Notch-ddzsfiyxyoauidejndllmosklbkq/Build/Intermediates.noindex/PLCrashReporter.build/Release/CrashReporter.build/Objects-normal/x86_64/PLCrashAsyncCompactUnwindEncoding.d --serialize-diagnostics /Users/jasonlee/Library/Developer/Xcode/DerivedData/Notch-ddzsfiyxyoauidejndllmosklbkq/Build/Intermediates.noindex/PLCrashReporter.build/Release/CrashReporter.build/Objects-normal/x86_64/PLCrashAsyncCompactUnwindEncoding.dia -c /Users/jasonlee/Library/Developer/Xcode/DerivedData/Notch-ddzsfiyxyoauidejndllmosklbkq/SourcePackages/checkouts/plcrashreporter/Source/PLCrashAsyncCompactUnwindEncoding.c -o /Users/jasonlee/Library/Developer/Xcode/DerivedData/Notch-ddzsfiyxyoauidejndllmosklbkq/Build/Intermediates.noindex/PLCrashReporter.build/Release/CrashReporter.build/Objects-normal/x86_64/PLCrashAsyncCompactUnwindEncoding.o

ScanDependencies /Users/jasonlee/Library/Developer/Xcode/DerivedData/Notch-ddzsfiyxyoauidejndllmosklbkq/Build/Intermediates.noindex/PLCrashReporter.build/Release/CrashReporter.build/Objects-normal/x86_64/PLCrashAsync.o /Users/jasonlee/Library/Developer/Xcode/DerivedData/Notch-ddzsfiyxyoauidejndllmosklbkq/SourcePackages/checkouts/plcrashreporter/Source/PLCrashAsync.c normal x86_64 c com.apple.compilers.llvm.clang.1_0.compiler (in target 'CrashReporter' from project 'PLCrashReporter')
    cd /Users/jasonlee/Coding/App/Notch/Notch.xcodeproj
    
    Using response file: /Users/jasonlee/Library/Developer/Xcode/DerivedData/Notch-ddzsfiyxyoauidejndllmosklbkq/Build/Intermediates.noindex/PLCrashReporter.build/Release/CrashReporter.build/Objects-normal/x86_64/7187679823f38a2a940e0043cdf9d637-common-args.resp
    
    builtin-ScanDependencies -o /Users/jasonlee/Library/Developer/Xcode/DerivedData/Notch-ddzsfiyxyoauidejndllmosklbkq/Build/Intermediates.noindex/PLCrashReporter.build/Release/CrashReporter.build/Objects-normal/x86_64/PLCrashAsync.o.scan -- /Applications/Xcode.app/Contents/Developer/Toolchains/XcodeDefault.xctoolchain/usr/bin/clang -x c -ivfsstatcache /Users/jasonlee/Library/Developer/Xcode/DerivedData/SDKStatCaches.noindex/macosx26.4-25E251-30f9ca8789b706f8bd3fc906a70d770f.sdkstatcache -target x86_64-apple-macos10.13 -fmessage-length\=0 -fdiagnostics-show-note-include-stack -fmacro-backtrace-limit\=0 -fno-color-diagnostics -fmodules-prune-interval\=86400 -fmodules-prune-after\=345600 -fbuild-session-file\=/Users/jasonlee/Library/Developer/Xcode/DerivedData/ModuleCache.noindex/Session.modulevalidation -fmodules-validate-once-per-build-session -Wnon-modular-include-in-framework-module -Werror\=non-modular-include-in-framework-module -Wno-trigraphs -Wno-missing-field-initializers -Wno-missing-prototypes -Wno-return-type -Wno-missing-braces -Wparentheses -Wswitch -Wno-unused-function -Wno-unused-label -Wno-unused-parameter -Wno-unused-variable -Wunused-value -Wno-empty-body -Wno-uninitialized -Wno-unknown-pragmas -w -Wno-shadow -Wno-four-char-constants -Wno-conversion -Wno-constant-conversion -Wno-int-conversion -Wno-bool-conversion -Wno-enum-conversion -Wno-float-conversion -Wno-non-literal-null-conversion -Wno-objc-literal-conversion -Wshorten-64-to-32 -Wpointer-sign -Wno-newline-eof -Wno-implicit-fallthrough -isysroot /Applications/Xcode.app/Contents/Developer/Platforms/MacOSX.platform/Developer/SDKs/MacOSX26.4.sdk -fstrict-aliasing -Wdeprecated-declarations -Wno-sign-conversion -Wno-infinite-recursion -Wno-comma -Wno-block-capture-autoreleasing -Wno-strict-prototypes -Wno-semicolon-before-method-body @/Users/jasonlee/Library/Developer/Xcode/DerivedData/Notch-ddzsfiyxyoauidejndllmosklbkq/Build/Intermediates.noindex/PLCrashReporter.build/Release/CrashReporter.build/Objects-normal/x86_64/7187679823f38a2a940e0043cdf9d637-common-args.resp -MMD -MT dependencies -MF /Users/jasonlee/Library/Developer/Xcode/DerivedData/Notch-ddzsfiyxyoauidejndllmosklbkq/Build/Intermediates.noindex/PLCrashReporter.build/Release/CrashReporter.build/Objects-normal/x86_64/PLCrashAsync.d --serialize-diagnostics /Users/jasonlee/Library/Developer/Xcode/DerivedData/Notch-ddzsfiyxyoauidejndllmosklbkq/Build/Intermediates.noindex/PLCrashReporter.build/Release/CrashReporter.build/Objects-normal/x86_64/PLCrashAsync.dia -c /Users/jasonlee/Library/Developer/Xcode/DerivedData/Notch-ddzsfiyxyoauidejndllmosklbkq/SourcePackages/checkouts/plcrashreporter/Source/PLCrashAsync.c -o /Users/jasonlee/Library/Developer/Xcode/DerivedData/Notch-ddzsfiyxyoauidejndllmosklbkq/Build/Intermediates.noindex/PLCrashReporter.build/Release/CrashReporter.build/Objects-normal/x86_64/PLCrashAsync.o

ScanDependencies /Users/jasonlee/Library/Developer/Xcode/DerivedData/Notch-ddzsfiyxyoauidejndllmosklbkq/Build/Intermediates.noindex/PLCrashReporter.build/Release/CrashReporter.build/Objects-normal/x86_64/CrashReporterFramework.o /Users/jasonlee/Library/Developer/Xcode/DerivedData/Notch-ddzsfiyxyoauidejndllmosklbkq/SourcePackages/checkouts/plcrashreporter/Source/CrashReporterFramework.m normal x86_64 objective-c com.apple.compilers.llvm.clang.1_0.compiler (in target 'CrashReporter' from project 'PLCrashReporter')
    cd /Users/jasonlee/Coding/App/Notch/Notch.xcodeproj
    
    Using response file: /Users/jasonlee/Library/Developer/Xcode/DerivedData/Notch-ddzsfiyxyoauidejndllmosklbkq/Build/Intermediates.noindex/PLCrashReporter.build/Release/CrashReporter.build/Objects-normal/x86_64/e6072d4f65d7061329687fe24e3d63a7-common-args.resp
    
    builtin-ScanDependencies -o /Users/jasonlee/Library/Developer/Xcode/DerivedData/Notch-ddzsfiyxyoauidejndllmosklbkq/Build/Intermediates.noindex/PLCrashReporter.build/Release/CrashReporter.build/Objects-normal/x86_64/CrashReporterFramework.o.scan -- /Applications/Xcode.app/Contents/Developer/Toolchains/XcodeDefault.xctoolchain/usr/bin/clang -x objective-c -ivfsstatcache /Users/jasonlee/Library/Developer/Xcode/DerivedData/SDKStatCaches.noindex/macosx26.4-25E251-30f9ca8789b706f8bd3fc906a70d770f.sdkstatcache -target x86_64-apple-macos10.13 -fmessage-length\=0 -fdiagnostics-show-note-include-stack -fmacro-backtrace-limit\=0 -fno-color-diagnostics -fmodules-prune-interval\=86400 -fmodules-prune-after\=345600 -fbuild-session-file\=/Users/jasonlee/Library/Developer/Xcode/DerivedData/ModuleCache.noindex/Session.modulevalidation -fmodules-validate-once-per-build-session -Wnon-modular-include-in-framework-module -Werror\=non-modular-include-in-framework-module -Wno-trigraphs -Wno-missing-field-initializers -Wno-missing-prototypes -Wno-return-type -Wno-implicit-atomic-properties -Wno-objc-interface-ivars -Wno-arc-repeated-use-of-weak -Wno-missing-braces -Wparentheses -Wswitch -Wno-unused-function -Wno-unused-label -Wno-unused-parameter -Wno-unused-variable -Wunused-value -Wno-empty-body -Wno-uninitialized -Wno-unknown-pragmas -w -Wno-shadow -Wno-four-char-constants -Wno-conversion -Wno-constant-conversion -Wno-int-conversion -Wno-bool-conversion -Wno-enum-conversion -Wno-float-conversion -Wno-non-literal-null-conversion -Wno-objc-literal-conversion -Wshorten-64-to-32 -Wpointer-sign -Wno-newline-eof -Wno-selector -Wno-strict-selector-match -Wno-undeclared-selector -Wno-deprecated-implementations -Wno-implicit-fallthrough -isysroot /Applications/Xcode.app/Contents/Developer/Platforms/MacOSX.platform/Developer/SDKs/MacOSX26.4.sdk -fstrict-aliasing -Wprotocol -Wdeprecated-declarations -Wno-sign-conversion -Wno-infinite-recursion -Wno-comma -Wno-block-capture-autoreleasing -Wno-strict-prototypes -Wno-semicolon-before-method-body @/Users/jasonlee/Library/Developer/Xcode/DerivedData/Notch-ddzsfiyxyoauidejndllmosklbkq/Build/Intermediates.noindex/PLCrashReporter.build/Release/CrashReporter.build/Objects-normal/x86_64/e6072d4f65d7061329687fe24e3d63a7-common-args.resp -include /Users/jasonlee/Library/Developer/Xcode/DerivedData/Notch-ddzsfiyxyoauidejndllmosklbkq/Build/Intermediates.noindex/PLCrashReporter.build/Release/CrashReporter.build/DerivedSources/resource_bundle_accessor.h -MMD -MT dependencies -MF /Users/jasonlee/Library/Developer/Xcode/DerivedData/Notch-ddzsfiyxyoauidejndllmosklbkq/Build/Intermediates.noindex/PLCrashReporter.build/Release/CrashReporter.build/Objects-normal/x86_64/CrashReporterFramework.d --serialize-diagnostics /Users/jasonlee/Library/Developer/Xcode/DerivedData/Notch-ddzsfiyxyoauidejndllmosklbkq/Build/Intermediates.noindex/PLCrashReporter.build/Release/CrashReporter.build/Objects-normal/x86_64/CrashReporterFramework.dia -c /Users/jasonlee/Library/Developer/Xcode/DerivedData/Notch-ddzsfiyxyoauidejndllmosklbkq/SourcePackages/checkouts/plcrashreporter/Source/CrashReporterFramework.m -o /Users/jasonlee/Library/Developer/Xcode/DerivedData/Notch-ddzsfiyxyoauidejndllmosklbkq/Build/Intermediates.noindex/PLCrashReporter.build/Release/CrashReporter.build/Objects-normal/x86_64/CrashReporterFramework.o

ScanDependencies /Users/jasonlee/Library/Developer/Xcode/DerivedData/Notch-ddzsfiyxyoauidejndllmosklbkq/Build/Intermediates.noindex/PLCrashReporter.build/Release/CrashReporter.build/Objects-normal/x86_64/CrashReporter.o /Users/jasonlee/Library/Developer/Xcode/DerivedData/Notch-ddzsfiyxyoauidejndllmosklbkq/SourcePackages/checkouts/plcrashreporter/Source/CrashReporter.m normal x86_64 objective-c com.apple.compilers.llvm.clang.1_0.compiler (in target 'CrashReporter' from project 'PLCrashReporter')
    cd /Users/jasonlee/Coding/App/Notch/Notch.xcodeproj
    
    Using response file: /Users/jasonlee/Library/Developer/Xcode/DerivedData/Notch-ddzsfiyxyoauidejndllmosklbkq/Build/Intermediates.noindex/PLCrashReporter.build/Release/CrashReporter.build/Objects-normal/x86_64/e6072d4f65d7061329687fe24e3d63a7-common-args.resp
    
    builtin-ScanDependencies -o /Users/jasonlee/Library/Developer/Xcode/DerivedData/Notch-ddzsfiyxyoauidejndllmosklbkq/Build/Intermediates.noindex/PLCrashReporter.build/Release/CrashReporter.build/Objects-normal/x86_64/CrashReporter.o.scan -- /Applications/Xcode.app/Contents/Developer/Toolchains/XcodeDefault.xctoolchain/usr/bin/clang -x objective-c -ivfsstatcache /Users/jasonlee/Library/Developer/Xcode/DerivedData/SDKStatCaches.noindex/macosx26.4-25E251-30f9ca8789b706f8bd3fc906a70d770f.sdkstatcache -target x86_64-apple-macos10.13 -fmessage-length\=0 -fdiagnostics-show-note-include-stack -fmacro-backtrace-limit\=0 -fno-color-diagnostics -fmodules-prune-interval\=86400 -fmodules-prune-after\=345600 -fbuild-session-file\=/Users/jasonlee/Library/Developer/Xcode/DerivedData/ModuleCache.noindex/Session.modulevalidation -fmodules-validate-once-per-build-session -Wnon-modular-include-in-framework-module -Werror\=non-modular-include-in-framework-module -Wno-trigraphs -Wno-missing-field-initializers -Wno-missing-prototypes -Wno-return-type -Wno-implicit-atomic-properties -Wno-objc-interface-ivars -Wno-arc-repeated-use-of-weak -Wno-missing-braces -Wparentheses -Wswitch -Wno-unused-function -Wno-unused-label -Wno-unused-parameter -Wno-unused-variable -Wunused-value -Wno-empty-body -Wno-uninitialized -Wno-unknown-pragmas -w -Wno-shadow -Wno-four-char-constants -Wno-conversion -Wno-constant-conversion -Wno-int-conversion -Wno-bool-conversion -Wno-enum-conversion -Wno-float-conversion -Wno-non-literal-null-conversion -Wno-objc-literal-conversion -Wshorten-64-to-32 -Wpointer-sign -Wno-newline-eof -Wno-selector -Wno-strict-selector-match -Wno-undeclared-selector -Wno-deprecated-implementations -Wno-implicit-fallthrough -isysroot /Applications/Xcode.app/Contents/Developer/Platforms/MacOSX.platform/Developer/SDKs/MacOSX26.4.sdk -fstrict-aliasing -Wprotocol -Wdeprecated-declarations -Wno-sign-conversion -Wno-infinite-recursion -Wno-comma -Wno-block-capture-autoreleasing -Wno-strict-prototypes -Wno-semicolon-before-method-body @/Users/jasonlee/Library/Developer/Xcode/DerivedData/Notch-ddzsfiyxyoauidejndllmosklbkq/Build/Intermediates.noindex/PLCrashReporter.build/Release/CrashReporter.build/Objects-normal/x86_64/e6072d4f65d7061329687fe24e3d63a7-common-args.resp -include /Users/jasonlee/Library/Developer/Xcode/DerivedData/Notch-ddzsfiyxyoauidejndllmosklbkq/Build/Intermediates.noindex/PLCrashReporter.build/Release/CrashReporter.build/DerivedSources/resource_bundle_accessor.h -MMD -MT dependencies -MF /Users/jasonlee/Library/Developer/Xcode/DerivedData/Notch-ddzsfiyxyoauidejndllmosklbkq/Build/Intermediates.noindex/PLCrashReporter.build/Release/CrashReporter.build/Objects-normal/x86_64/CrashReporter.d --serialize-diagnostics /Users/jasonlee/Library/Developer/Xcode/DerivedData/Notch-ddzsfiyxyoauidejndllmosklbkq/Build/Intermediates.noindex/PLCrashReporter.build/Release/CrashReporter.build/Objects-normal/x86_64/CrashReporter.dia -c /Users/jasonlee/Library/Developer/Xcode/DerivedData/Notch-ddzsfiyxyoauidejndllmosklbkq/SourcePackages/checkouts/plcrashreporter/Source/CrashReporter.m -o /Users/jasonlee/Library/Developer/Xcode/DerivedData/Notch-ddzsfiyxyoauidejndllmosklbkq/Build/Intermediates.noindex/PLCrashReporter.build/Release/CrashReporter.build/Objects-normal/x86_64/CrashReporter.o

ScanDependencies /Users/jasonlee/Library/Developer/Xcode/DerivedData/Notch-ddzsfiyxyoauidejndllmosklbkq/Build/Intermediates.noindex/PLCrashReporter.build/Release/CrashReporter.build/Objects-normal/arm64/resource_bundle_accessor.o /Users/jasonlee/Library/Developer/Xcode/DerivedData/Notch-ddzsfiyxyoauidejndllmosklbkq/Build/Intermediates.noindex/PLCrashReporter.build/Release/CrashReporter.build/DerivedSources/resource_bundle_accessor.m normal arm64 objective-c com.apple.compilers.llvm.clang.1_0.compiler (in target 'CrashReporter' from project 'PLCrashReporter')
    cd /Users/jasonlee/Coding/App/Notch/Notch.xcodeproj
    
    Using response file: /Users/jasonlee/Library/Developer/Xcode/DerivedData/Notch-ddzsfiyxyoauidejndllmosklbkq/Build/Intermediates.noindex/PLCrashReporter.build/Release/CrashReporter.build/Objects-normal/arm64/e6072d4f65d7061329687fe24e3d63a7-common-args.resp
    
    builtin-ScanDependencies -o /Users/jasonlee/Library/Developer/Xcode/DerivedData/Notch-ddzsfiyxyoauidejndllmosklbkq/Build/Intermediates.noindex/PLCrashReporter.build/Release/CrashReporter.build/Objects-normal/arm64/resource_bundle_accessor.o.scan -- /Applications/Xcode.app/Contents/Developer/Toolchains/XcodeDefault.xctoolchain/usr/bin/clang -x objective-c -ivfsstatcache /Users/jasonlee/Library/Developer/Xcode/DerivedData/SDKStatCaches.noindex/macosx26.4-25E251-30f9ca8789b706f8bd3fc906a70d770f.sdkstatcache -target arm64-apple-macos10.13 -fmessage-length\=0 -fdiagnostics-show-note-include-stack -fmacro-backtrace-limit\=0 -fno-color-diagnostics -fmodules-prune-interval\=86400 -fmodules-prune-after\=345600 -fbuild-session-file\=/Users/jasonlee/Library/Developer/Xcode/DerivedData/ModuleCache.noindex/Session.modulevalidation -fmodules-validate-once-per-build-session -Wnon-modular-include-in-framework-module -Werror\=non-modular-include-in-framework-module -Wno-trigraphs -Wno-missing-field-initializers -Wno-missing-prototypes -Wno-return-type -Wno-implicit-atomic-properties -Wno-objc-interface-ivars -Wno-arc-repeated-use-of-weak -Wno-missing-braces -Wparentheses -Wswitch -Wno-unused-function -Wno-unused-label -Wno-unused-parameter -Wno-unused-variable -Wunused-value -Wno-empty-body -Wno-uninitialized -Wno-unknown-pragmas -w -Wno-shadow -Wno-four-char-constants -Wno-conversion -Wno-constant-conversion -Wno-int-conversion -Wno-bool-conversion -Wno-enum-conversion -Wno-float-conversion -Wno-non-literal-null-conversion -Wno-objc-literal-conversion -Wshorten-64-to-32 -Wpointer-sign -Wno-newline-eof -Wno-selector -Wno-strict-selector-match -Wno-undeclared-selector -Wno-deprecated-implementations -Wno-implicit-fallthrough -isysroot /Applications/Xcode.app/Contents/Developer/Platforms/MacOSX.platform/Developer/SDKs/MacOSX26.4.sdk -fstrict-aliasing -Wprotocol -Wdeprecated-declarations -Wno-sign-conversion -Wno-infinite-recursion -Wno-comma -Wno-block-capture-autoreleasing -Wno-strict-prototypes -Wno-semicolon-before-method-body @/Users/jasonlee/Library/Developer/Xcode/DerivedData/Notch-ddzsfiyxyoauidejndllmosklbkq/Build/Intermediates.noindex/PLCrashReporter.build/Release/CrashReporter.build/Objects-normal/arm64/e6072d4f65d7061329687fe24e3d63a7-common-args.resp -include /Users/jasonlee/Library/Developer/Xcode/DerivedData/Notch-ddzsfiyxyoauidejndllmosklbkq/Build/Intermediates.noindex/PLCrashReporter.build/Release/CrashReporter.build/DerivedSources/resource_bundle_accessor.h -MMD -MT dependencies -MF /Users/jasonlee/Library/Developer/Xcode/DerivedData/Notch-ddzsfiyxyoauidejndllmosklbkq/Build/Intermediates.noindex/PLCrashReporter.build/Release/CrashReporter.build/Objects-normal/arm64/resource_bundle_accessor.d --serialize-diagnostics /Users/jasonlee/Library/Developer/Xcode/DerivedData/Notch-ddzsfiyxyoauidejndllmosklbkq/Build/Intermediates.noindex/PLCrashReporter.build/Release/CrashReporter.build/Objects-normal/arm64/resource_bundle_accessor.dia -c /Users/jasonlee/Library/Developer/Xcode/DerivedData/Notch-ddzsfiyxyoauidejndllmosklbkq/Build/Intermediates.noindex/PLCrashReporter.build/Release/CrashReporter.build/DerivedSources/resource_bundle_accessor.m -o /Users/jasonlee/Library/Developer/Xcode/DerivedData/Notch-ddzsfiyxyoauidejndllmosklbkq/Build/Intermediates.noindex/PLCrashReporter.build/Release/CrashReporter.build/Objects-normal/arm64/resource_bundle_accessor.o

PrecompileModule /Users/jasonlee/Library/Developer/Xcode/DerivedData/Notch-ddzsfiyxyoauidejndllmosklbkq/Build/Intermediates.noindex/ExplicitPrecompiledModules/_Builtin_intrinsics-77BOENLT1MSDPR1OAV9G44KVU.scan
    cd /
    builtin-precompileModule /Users/jasonlee/Library/Developer/Xcode/DerivedData/Notch-ddzsfiyxyoauidejndllmosklbkq/Build/Intermediates.noindex/ExplicitPrecompiledModules/_Builtin_intrinsics-77BOENLT1MSDPR1OAV9G44KVU.scan

PrecompileModule /Users/jasonlee/Library/Developer/Xcode/DerivedData/Notch-ddzsfiyxyoauidejndllmosklbkq/Build/Intermediates.noindex/ExplicitPrecompiledModules/_Builtin_inttypes-AXXRPE7SBEPELKKKF31JXZT20.scan
    cd /
    builtin-precompileModule /Users/jasonlee/Library/Developer/Xcode/DerivedData/Notch-ddzsfiyxyoauidejndllmosklbkq/Build/Intermediates.noindex/ExplicitPrecompiledModules/_Builtin_inttypes-AXXRPE7SBEPELKKKF31JXZT20.scan

ScanDependencies /Users/jasonlee/Library/Developer/Xcode/DerivedData/Notch-ddzsfiyxyoauidejndllmosklbkq/Build/Intermediates.noindex/PLCrashReporter.build/Release/CrashReporter.build/Objects-normal/arm64/protobuf-c.o /Users/jasonlee/Library/Developer/Xcode/DerivedData/Notch-ddzsfiyxyoauidejndllmosklbkq/SourcePackages/checkouts/plcrashreporter/Dependencies/protobuf-c/protobuf-c/protobuf-c.c normal arm64 c com.apple.compilers.llvm.clang.1_0.compiler (in target 'CrashReporter' from project 'PLCrashReporter')
    cd /Users/jasonlee/Coding/App/Notch/Notch.xcodeproj
    
    Using response file: /Users/jasonlee/Library/Developer/Xcode/DerivedData/Notch-ddzsfiyxyoauidejndllmosklbkq/Build/Intermediates.noindex/PLCrashReporter.build/Release/CrashReporter.build/Objects-normal/arm64/7187679823f38a2a940e0043cdf9d637-common-args.resp
    
    builtin-ScanDependencies -o /Users/jasonlee/Library/Developer/Xcode/DerivedData/Notch-ddzsfiyxyoauidejndllmosklbkq/Build/Intermediates.noindex/PLCrashReporter.build/Release/CrashReporter.build/Objects-normal/arm64/protobuf-c.o.scan -- /Applications/Xcode.app/Contents/Developer/Toolchains/XcodeDefault.xctoolchain/usr/bin/clang -x c -ivfsstatcache /Users/jasonlee/Library/Developer/Xcode/DerivedData/SDKStatCaches.noindex/macosx26.4-25E251-30f9ca8789b706f8bd3fc906a70d770f.sdkstatcache -target arm64-apple-macos10.13 -fmessage-length\=0 -fdiagnostics-show-note-include-stack -fmacro-backtrace-limit\=0 -fno-color-diagnostics -fmodules-prune-interval\=86400 -fmodules-prune-after\=345600 -fbuild-session-file\=/Users/jasonlee/Library/Developer/Xcode/DerivedData/ModuleCache.noindex/Session.modulevalidation -fmodules-validate-once-per-build-session -Wnon-modular-include-in-framework-module -Werror\=non-modular-include-in-framework-module -Wno-trigraphs -Wno-missing-field-initializers -Wno-missing-prototypes -Wno-return-type -Wno-missing-braces -Wparentheses -Wswitch -Wno-unused-function -Wno-unused-label -Wno-unused-parameter -Wno-unused-variable -Wunused-value -Wno-empty-body -Wno-uninitialized -Wno-unknown-pragmas -w -Wno-shadow -Wno-four-char-constants -Wno-conversion -Wno-constant-conversion -Wno-int-conversion -Wno-bool-conversion -Wno-enum-conversion -Wno-float-conversion -Wno-non-literal-null-conversion -Wno-objc-literal-conversion -Wshorten-64-to-32 -Wpointer-sign -Wno-newline-eof -Wno-implicit-fallthrough -isysroot /Applications/Xcode.app/Contents/Developer/Platforms/MacOSX.platform/Developer/SDKs/MacOSX26.4.sdk -fstrict-aliasing -Wdeprecated-declarations -Wno-sign-conversion -Wno-infinite-recursion -Wno-comma -Wno-block-capture-autoreleasing -Wno-strict-prototypes -Wno-semicolon-before-method-body @/Users/jasonlee/Library/Developer/Xcode/DerivedData/Notch-ddzsfiyxyoauidejndllmosklbkq/Build/Intermediates.noindex/PLCrashReporter.build/Release/CrashReporter.build/Objects-normal/arm64/7187679823f38a2a940e0043cdf9d637-common-args.resp -MMD -MT dependencies -MF /Users/jasonlee/Library/Developer/Xcode/DerivedData/Notch-ddzsfiyxyoauidejndllmosklbkq/Build/Intermediates.noindex/PLCrashReporter.build/Release/CrashReporter.build/Objects-normal/arm64/protobuf-c.d --serialize-diagnostics /Users/jasonlee/Library/Developer/Xcode/DerivedData/Notch-ddzsfiyxyoauidejndllmosklbkq/Build/Intermediates.noindex/PLCrashReporter.build/Release/CrashReporter.build/Objects-normal/arm64/protobuf-c.dia -c /Users/jasonlee/Library/Developer/Xcode/DerivedData/Notch-ddzsfiyxyoauidejndllmosklbkq/SourcePackages/checkouts/plcrashreporter/Dependencies/protobuf-c/protobuf-c/protobuf-c.c -o /Users/jasonlee/Library/Developer/Xcode/DerivedData/Notch-ddzsfiyxyoauidejndllmosklbkq/Build/Intermediates.noindex/PLCrashReporter.build/Release/CrashReporter.build/Objects-normal/arm64/protobuf-c.o

CompileC /Users/jasonlee/Library/Developer/Xcode/DerivedData/Notch-ddzsfiyxyoauidejndllmosklbkq/Build/Intermediates.noindex/PLCrashReporter.build/Release/CrashReporter.build/Objects-normal/x86_64/protobuf-c.o /Users/jasonlee/Library/Developer/Xcode/DerivedData/Notch-ddzsfiyxyoauidejndllmosklbkq/SourcePackages/checkouts/plcrashreporter/Dependencies/protobuf-c/protobuf-c/protobuf-c.c normal x86_64 c com.apple.compilers.llvm.clang.1_0.compiler (in target 'CrashReporter' from project 'PLCrashReporter')
    cd /Users/jasonlee/Coding/App/Notch/Notch.xcodeproj
    
    Using response file: /Users/jasonlee/Library/Developer/Xcode/DerivedData/Notch-ddzsfiyxyoauidejndllmosklbkq/Build/Intermediates.noindex/PLCrashReporter.build/Release/CrashReporter.build/Objects-normal/x86_64/7187679823f38a2a940e0043cdf9d637-common-args.resp
    
    /Applications/Xcode.app/Contents/Developer/Toolchains/XcodeDefault.xctoolchain/usr/bin/clang -x c -ivfsstatcache /Users/jasonlee/Library/Developer/Xcode/DerivedData/SDKStatCaches.noindex/macosx26.4-25E251-30f9ca8789b706f8bd3fc906a70d770f.sdkstatcache -target x86_64-apple-macos10.13 -fmessage-length\=0 -fdiagnostics-show-note-include-stack -fmacro-backtrace-limit\=0 -fno-color-diagnostics -fmodules-prune-interval\=86400 -fmodules-prune-after\=345600 -fbuild-session-file\=/Users/jasonlee/Library/Developer/Xcode/DerivedData/ModuleCache.noindex/Session.modulevalidation -fmodules-validate-once-per-build-session -Wnon-modular-include-in-framework-module -Werror\=non-modular-include-in-framework-module -Wno-trigraphs -Wno-missing-field-initializers -Wno-missing-prototypes -Wno-return-type -Wno-missing-braces -Wparentheses -Wswitch -Wno-unused-function -Wno-unused-label -Wno-unused-parameter -Wno-unused-variable -Wunused-value -Wno-empty-body -Wno-uninitialized -Wno-unknown-pragmas -w -Wno-shadow -Wno-four-char-constants -Wno-conversion -Wno-constant-conversion -Wno-int-conversion -Wno-bool-conversion -Wno-enum-conversion -Wno-float-conversion -Wno-non-literal-null-conversion -Wno-objc-literal-conversion -Wshorten-64-to-32 -Wpointer-sign -Wno-newline-eof -Wno-implicit-fallthrough -isysroot /Applications/Xcode.app/Contents/Developer/Platforms/MacOSX.platform/Developer/SDKs/MacOSX26.4.sdk -fstrict-aliasing -Wdeprecated-declarations -Wno-sign-conversion -Wno-infinite-recursion -Wno-comma -Wno-block-capture-autoreleasing -Wno-strict-prototypes -Wno-semicolon-before-method-body @/Users/jasonlee/Library/Developer/Xcode/DerivedData/Notch-ddzsfiyxyoauidejndllmosklbkq/Build/Intermediates.noindex/PLCrashReporter.build/Release/CrashReporter.build/Objects-normal/x86_64/7187679823f38a2a940e0043cdf9d637-common-args.resp -MMD -MT dependencies -MF /Users/jasonlee/Library/Developer/Xcode/DerivedData/Notch-ddzsfiyxyoauidejndllmosklbkq/Build/Intermediates.noindex/PLCrashReporter.build/Release/CrashReporter.build/Objects-normal/x86_64/protobuf-c.d --serialize-diagnostics /Users/jasonlee/Library/Developer/Xcode/DerivedData/Notch-ddzsfiyxyoauidejndllmosklbkq/Build/Intermediates.noindex/PLCrashReporter.build/Release/CrashReporter.build/Objects-normal/x86_64/protobuf-c.dia -c /Users/jasonlee/Library/Developer/Xcode/DerivedData/Notch-ddzsfiyxyoauidejndllmosklbkq/SourcePackages/checkouts/plcrashreporter/Dependencies/protobuf-c/protobuf-c/protobuf-c.c -o /Users/jasonlee/Library/Developer/Xcode/DerivedData/Notch-ddzsfiyxyoauidejndllmosklbkq/Build/Intermediates.noindex/PLCrashReporter.build/Release/CrashReporter.build/Objects-normal/x86_64/protobuf-c.o

CompileC /Users/jasonlee/Library/Developer/Xcode/DerivedData/Notch-ddzsfiyxyoauidejndllmosklbkq/Build/Intermediates.noindex/PLCrashReporter.build/Release/CrashReporter.build/Objects-normal/x86_64/PLCrashAsyncSignalInfo.o /Users/jasonlee/Library/Developer/Xcode/DerivedData/Notch-ddzsfiyxyoauidejndllmosklbkq/SourcePackages/checkouts/plcrashreporter/Source/PLCrashAsyncSignalInfo.c normal x86_64 c com.apple.compilers.llvm.clang.1_0.compiler (in target 'CrashReporter' from project 'PLCrashReporter')
    cd /Users/jasonlee/Coding/App/Notch/Notch.xcodeproj
    
    Using response file: /Users/jasonlee/Library/Developer/Xcode/DerivedData/Notch-ddzsfiyxyoauidejndllmosklbkq/Build/Intermediates.noindex/PLCrashReporter.build/Release/CrashReporter.build/Objects-normal/x86_64/7187679823f38a2a940e0043cdf9d637-common-args.resp
    
    /Applications/Xcode.app/Contents/Developer/Toolchains/XcodeDefault.xctoolchain/usr/bin/clang -x c -ivfsstatcache /Users/jasonlee/Library/Developer/Xcode/DerivedData/SDKStatCaches.noindex/macosx26.4-25E251-30f9ca8789b706f8bd3fc906a70d770f.sdkstatcache -target x86_64-apple-macos10.13 -fmessage-length\=0 -fdiagnostics-show-note-include-stack -fmacro-backtrace-limit\=0 -fno-color-diagnostics -fmodules-prune-interval\=86400 -fmodules-prune-after\=345600 -fbuild-session-file\=/Users/jasonlee/Library/Developer/Xcode/DerivedData/ModuleCache.noindex/Session.modulevalidation -fmodules-validate-once-per-build-session -Wnon-modular-include-in-framework-module -Werror\=non-modular-include-in-framework-module -Wno-trigraphs -Wno-missing-field-initializers -Wno-missing-prototypes -Wno-return-type -Wno-missing-braces -Wparentheses -Wswitch -Wno-unused-function -Wno-unused-label -Wno-unused-parameter -Wno-unused-variable -Wunused-value -Wno-empty-body -Wno-uninitialized -Wno-unknown-pragmas -w -Wno-shadow -Wno-four-char-constants -Wno-conversion -Wno-constant-conversion -Wno-int-conversion -Wno-bool-conversion -Wno-enum-conversion -Wno-float-conversion -Wno-non-literal-null-conversion -Wno-objc-literal-conversion -Wshorten-64-to-32 -Wpointer-sign -Wno-newline-eof -Wno-implicit-fallthrough -isysroot /Applications/Xcode.app/Contents/Developer/Platforms/MacOSX.platform/Developer/SDKs/MacOSX26.4.sdk -fstrict-aliasing -Wdeprecated-declarations -Wno-sign-conversion -Wno-infinite-recursion -Wno-comma -Wno-block-capture-autoreleasing -Wno-strict-prototypes -Wno-semicolon-before-method-body @/Users/jasonlee/Library/Developer/Xcode/DerivedData/Notch-ddzsfiyxyoauidejndllmosklbkq/Build/Intermediates.noindex/PLCrashReporter.build/Release/CrashReporter.build/Objects-normal/x86_64/7187679823f38a2a940e0043cdf9d637-common-args.resp -MMD -MT dependencies -MF /Users/jasonlee/Library/Developer/Xcode/DerivedData/Notch-ddzsfiyxyoauidejndllmosklbkq/Build/Intermediates.noindex/PLCrashReporter.build/Release/CrashReporter.build/Objects-normal/x86_64/PLCrashAsyncSignalInfo.d --serialize-diagnostics /Users/jasonlee/Library/Developer/Xcode/DerivedData/Notch-ddzsfiyxyoauidejndllmosklbkq/Build/Intermediates.noindex/PLCrashReporter.build/Release/CrashReporter.build/Objects-normal/x86_64/PLCrashAsyncSignalInfo.dia -c /Users/jasonlee/Library/Developer/Xcode/DerivedData/Notch-ddzsfiyxyoauidejndllmosklbkq/SourcePackages/checkouts/plcrashreporter/Source/PLCrashAsyncSignalInfo.c -o /Users/jasonlee/Library/Developer/Xcode/DerivedData/Notch-ddzsfiyxyoauidejndllmosklbkq/Build/Intermediates.noindex/PLCrashReporter.build/Release/CrashReporter.build/Objects-normal/x86_64/PLCrashAsyncSignalInfo.o

CreateUniversalBinary /Users/jasonlee/Library/Developer/Xcode/DerivedData/Notch-ddzsfiyxyoauidejndllmosklbkq/Build/Products/Release/phlibwebp.o normal arm64\ x86_64 (in target 'phlibwebp' from project 'PostHog')
    cd /Users/jasonlee/Library/Developer/Xcode/DerivedData/Notch-ddzsfiyxyoauidejndllmosklbkq/SourcePackages/checkouts/posthog-ios
    /Applications/Xcode.app/Contents/Developer/Toolchains/XcodeDefault.xctoolchain/usr/bin/lipo -create /Users/jasonlee/Library/Developer/Xcode/DerivedData/Notch-ddzsfiyxyoauidejndllmosklbkq/Build/Intermediates.noindex/PostHog.build/Release/phlibwebp.build/Objects-normal/arm64/Binary/phlibwebp.o /Users/jasonlee/Library/Developer/Xcode/DerivedData/Notch-ddzsfiyxyoauidejndllmosklbkq/Build/Intermediates.noindex/PostHog.build/Release/phlibwebp.build/Objects-normal/x86_64/Binary/phlibwebp.o -output /Users/jasonlee/Library/Developer/Xcode/DerivedData/Notch-ddzsfiyxyoauidejndllmosklbkq/Build/Products/Release/phlibwebp.o

PrecompileModule /Users/jasonlee/Library/Developer/Xcode/DerivedData/Notch-ddzsfiyxyoauidejndllmosklbkq/Build/Intermediates.noindex/ExplicitPrecompiledModules/_Builtin_inttypes-AZUUO7E3FNTF6R9W076884ZV2.scan
    cd /
    builtin-precompileModule /Users/jasonlee/Library/Developer/Xcode/DerivedData/Notch-ddzsfiyxyoauidejndllmosklbkq/Build/Intermediates.noindex/ExplicitPrecompiledModules/_Builtin_inttypes-AZUUO7E3FNTF6R9W076884ZV2.scan

PrecompileModule /Users/jasonlee/Library/Developer/Xcode/DerivedData/Notch-ddzsfiyxyoauidejndllmosklbkq/Build/Intermediates.noindex/ExplicitPrecompiledModules/_Builtin_stdatomic-7QG7OF1K87KATEJVC7GUCO1G4.scan
    cd /
    builtin-precompileModule /Users/jasonlee/Library/Developer/Xcode/DerivedData/Notch-ddzsfiyxyoauidejndllmosklbkq/Build/Intermediates.noindex/ExplicitPrecompiledModules/_Builtin_stdatomic-7QG7OF1K87KATEJVC7GUCO1G4.scan

ScanDependencies /Users/jasonlee/Library/Developer/Xcode/DerivedData/Notch-ddzsfiyxyoauidejndllmosklbkq/Build/Intermediates.noindex/PLCrashReporter.build/Release/CrashReporter.build/Objects-normal/arm64/PLCrashUncaughtExceptionHandler.o /Users/jasonlee/Library/Developer/Xcode/DerivedData/Notch-ddzsfiyxyoauidejndllmosklbkq/SourcePackages/checkouts/plcrashreporter/Source/PLCrashUncaughtExceptionHandler.m normal arm64 objective-c com.apple.compilers.llvm.clang.1_0.compiler (in target 'CrashReporter' from project 'PLCrashReporter')
    cd /Users/jasonlee/Coding/App/Notch/Notch.xcodeproj
    
    Using response file: /Users/jasonlee/Library/Developer/Xcode/DerivedData/Notch-ddzsfiyxyoauidejndllmosklbkq/Build/Intermediates.noindex/PLCrashReporter.build/Release/CrashReporter.build/Objects-normal/arm64/e6072d4f65d7061329687fe24e3d63a7-common-args.resp
    
    builtin-ScanDependencies -o /Users/jasonlee/Library/Developer/Xcode/DerivedData/Notch-ddzsfiyxyoauidejndllmosklbkq/Build/Intermediates.noindex/PLCrashReporter.build/Release/CrashReporter.build/Objects-normal/arm64/PLCrashUncaughtExceptionHandler.o.scan -- /Applications/Xcode.app/Contents/Developer/Toolchains/XcodeDefault.xctoolchain/usr/bin/clang -x objective-c -ivfsstatcache /Users/jasonlee/Library/Developer/Xcode/DerivedData/SDKStatCaches.noindex/macosx26.4-25E251-30f9ca8789b706f8bd3fc906a70d770f.sdkstatcache -target arm64-apple-macos10.13 -fmessage-length\=0 -fdiagnostics-show-note-include-stack -fmacro-backtrace-limit\=0 -fno-color-diagnostics -fmodules-prune-interval\=86400 -fmodules-prune-after\=345600 -fbuild-session-file\=/Users/jasonlee/Library/Developer/Xcode/DerivedData/ModuleCache.noindex/Session.modulevalidation -fmodules-validate-once-per-build-session -Wnon-modular-include-in-framework-module -Werror\=non-modular-include-in-framework-module -Wno-trigraphs -Wno-missing-field-initializers -Wno-missing-prototypes -Wno-return-type -Wno-implicit-atomic-properties -Wno-objc-interface-ivars -Wno-arc-repeated-use-of-weak -Wno-missing-braces -Wparentheses -Wswitch -Wno-unused-function -Wno-unused-label -Wno-unused-parameter -Wno-unused-variable -Wunused-value -Wno-empty-body -Wno-uninitialized -Wno-unknown-pragmas -w -Wno-shadow -Wno-four-char-constants -Wno-conversion -Wno-constant-conversion -Wno-int-conversion -Wno-bool-conversion -Wno-enum-conversion -Wno-float-conversion -Wno-non-literal-null-conversion -Wno-objc-literal-conversion -Wshorten-64-to-32 -Wpointer-sign -Wno-newline-eof -Wno-selector -Wno-strict-selector-match -Wno-undeclared-selector -Wno-deprecated-implementations -Wno-implicit-fallthrough -isysroot /Applications/Xcode.app/Contents/Developer/Platforms/MacOSX.platform/Developer/SDKs/MacOSX26.4.sdk -fstrict-aliasing -Wprotocol -Wdeprecated-declarations -Wno-sign-conversion -Wno-infinite-recursion -Wno-comma -Wno-block-capture-autoreleasing -Wno-strict-prototypes -Wno-semicolon-before-method-body @/Users/jasonlee/Library/Developer/Xcode/DerivedData/Notch-ddzsfiyxyoauidejndllmosklbkq/Build/Intermediates.noindex/PLCrashReporter.build/Release/CrashReporter.build/Objects-normal/arm64/e6072d4f65d7061329687fe24e3d63a7-common-args.resp -include /Users/jasonlee/Library/Developer/Xcode/DerivedData/Notch-ddzsfiyxyoauidejndllmosklbkq/Build/Intermediates.noindex/PLCrashReporter.build/Release/CrashReporter.build/DerivedSources/resource_bundle_accessor.h -MMD -MT dependencies -MF /Users/jasonlee/Library/Developer/Xcode/DerivedData/Notch-ddzsfiyxyoauidejndllmosklbkq/Build/Intermediates.noindex/PLCrashReporter.build/Release/CrashReporter.build/Objects-normal/arm64/PLCrashUncaughtExceptionHandler.d --serialize-diagnostics /Users/jasonlee/Library/Developer/Xcode/DerivedData/Notch-ddzsfiyxyoauidejndllmosklbkq/Build/Intermediates.noindex/PLCrashReporter.build/Release/CrashReporter.build/Objects-normal/arm64/PLCrashUncaughtExceptionHandler.dia -c /Users/jasonlee/Library/Developer/Xcode/DerivedData/Notch-ddzsfiyxyoauidejndllmosklbkq/SourcePackages/checkouts/plcrashreporter/Source/PLCrashUncaughtExceptionHandler.m -o /Users/jasonlee/Library/Developer/Xcode/DerivedData/Notch-ddzsfiyxyoauidejndllmosklbkq/Build/Intermediates.noindex/PLCrashReporter.build/Release/CrashReporter.build/Objects-normal/arm64/PLCrashUncaughtExceptionHandler.o

PrecompileModule /Users/jasonlee/Library/Developer/Xcode/DerivedData/Notch-ddzsfiyxyoauidejndllmosklbkq/Build/Intermediates.noindex/ExplicitPrecompiledModules/_Builtin_stdarg-5RUU8Y42N054TCDO372OMORS2.scan
    cd /
    builtin-precompileModule /Users/jasonlee/Library/Developer/Xcode/DerivedData/Notch-ddzsfiyxyoauidejndllmosklbkq/Build/Intermediates.noindex/ExplicitPrecompiledModules/_Builtin_stdarg-5RUU8Y42N054TCDO372OMORS2.scan

PrecompileModule /Users/jasonlee/Library/Developer/Xcode/DerivedData/Notch-ddzsfiyxyoauidejndllmosklbkq/Build/Intermediates.noindex/ExplicitPrecompiledModules/_Builtin_stddef-53Q5W3ON9W91EC1XEZV99OKGR.scan
    cd /
    builtin-precompileModule /Users/jasonlee/Library/Developer/Xcode/DerivedData/Notch-ddzsfiyxyoauidejndllmosklbkq/Build/Intermediates.noindex/ExplicitPrecompiledModules/_Builtin_stddef-53Q5W3ON9W91EC1XEZV99OKGR.scan

PrecompileModule /Users/jasonlee/Library/Developer/Xcode/DerivedData/Notch-ddzsfiyxyoauidejndllmosklbkq/Build/Intermediates.noindex/ExplicitPrecompiledModules/Darwin-49JRW2DLLD7R4Q386CO1NR9U4.scan
    cd /
    builtin-precompileModule /Users/jasonlee/Library/Developer/Xcode/DerivedData/Notch-ddzsfiyxyoauidejndllmosklbkq/Build/Intermediates.noindex/ExplicitPrecompiledModules/Darwin-49JRW2DLLD7R4Q386CO1NR9U4.scan

PrecompileModule /Users/jasonlee/Library/Developer/Xcode/DerivedData/Notch-ddzsfiyxyoauidejndllmosklbkq/Build/Intermediates.noindex/ExplicitPrecompiledModules/Darwin-8CDI8OSV6EMELUHML5PEXWA9W.scan
    cd /
    builtin-precompileModule /Users/jasonlee/Library/Developer/Xcode/DerivedData/Notch-ddzsfiyxyoauidejndllmosklbkq/Build/Intermediates.noindex/ExplicitPrecompiledModules/Darwin-8CDI8OSV6EMELUHML5PEXWA9W.scan

PrecompileModule /Users/jasonlee/Library/Developer/Xcode/DerivedData/Notch-ddzsfiyxyoauidejndllmosklbkq/Build/Intermediates.noindex/ExplicitPrecompiledModules/ptrcheck-8EP530XIEM7YO9PBH7PX57S7F.scan
    cd /
    builtin-precompileModule /Users/jasonlee/Library/Developer/Xcode/DerivedData/Notch-ddzsfiyxyoauidejndllmosklbkq/Build/Intermediates.noindex/ExplicitPrecompiledModules/ptrcheck-8EP530XIEM7YO9PBH7PX57S7F.scan

PrecompileModule /Users/jasonlee/Library/Developer/Xcode/DerivedData/Notch-ddzsfiyxyoauidejndllmosklbkq/Build/Intermediates.noindex/ExplicitPrecompiledModules/_AvailabilityInternal-6O9BNJJNZPO0ZMXXAL02TK59C.scan
    cd /
    builtin-precompileModule /Users/jasonlee/Library/Developer/Xcode/DerivedData/Notch-ddzsfiyxyoauidejndllmosklbkq/Build/Intermediates.noindex/ExplicitPrecompiledModules/_AvailabilityInternal-6O9BNJJNZPO0ZMXXAL02TK59C.scan

PrecompileModule /Users/jasonlee/Library/Developer/Xcode/DerivedData/Notch-ddzsfiyxyoauidejndllmosklbkq/Build/Intermediates.noindex/ExplicitPrecompiledModules/_Builtin_float-ALY2VAW4KOTWTHIK3MBASHELF.scan
    cd /
    builtin-precompileModule /Users/jasonlee/Library/Developer/Xcode/DerivedData/Notch-ddzsfiyxyoauidejndllmosklbkq/Build/Intermediates.noindex/ExplicitPrecompiledModules/_Builtin_float-ALY2VAW4KOTWTHIK3MBASHELF.scan

PrecompileModule /Users/jasonlee/Library/Developer/Xcode/DerivedData/Notch-ddzsfiyxyoauidejndllmosklbkq/Build/Intermediates.noindex/ExplicitPrecompiledModules/_Builtin_stddef-4VGHXIYH2PRCUEQG54NCQEUKG.scan
    cd /
    builtin-precompileModule /Users/jasonlee/Library/Developer/Xcode/DerivedData/Notch-ddzsfiyxyoauidejndllmosklbkq/Build/Intermediates.noindex/ExplicitPrecompiledModules/_Builtin_stddef-4VGHXIYH2PRCUEQG54NCQEUKG.scan

PrecompileModule /Users/jasonlee/Library/Developer/Xcode/DerivedData/Notch-ddzsfiyxyoauidejndllmosklbkq/Build/Intermediates.noindex/ExplicitPrecompiledModules/ptrauth-21WQA6VM2RKR7LUJB3NY1I36N.scan
    cd /
    builtin-precompileModule /Users/jasonlee/Library/Developer/Xcode/DerivedData/Notch-ddzsfiyxyoauidejndllmosklbkq/Build/Intermediates.noindex/ExplicitPrecompiledModules/ptrauth-21WQA6VM2RKR7LUJB3NY1I36N.scan

PrecompileModule /Users/jasonlee/Library/Developer/Xcode/DerivedData/Notch-ddzsfiyxyoauidejndllmosklbkq/Build/Intermediates.noindex/ExplicitPrecompiledModules/ptrcheck-91Q06CVQVXZXZWXE9AQZ7LS1V.scan
    cd /
    builtin-precompileModule /Users/jasonlee/Library/Developer/Xcode/DerivedData/Notch-ddzsfiyxyoauidejndllmosklbkq/Build/Intermediates.noindex/ExplicitPrecompiledModules/ptrcheck-91Q06CVQVXZXZWXE9AQZ7LS1V.scan

PrecompileModule /Users/jasonlee/Library/Developer/Xcode/DerivedData/Notch-ddzsfiyxyoauidejndllmosklbkq/Build/Intermediates.noindex/ExplicitPrecompiledModules/_Builtin_stdbool-F4G010YOKAVPSTRCWIBL5G8UI.scan
    cd /
    builtin-precompileModule /Users/jasonlee/Library/Developer/Xcode/DerivedData/Notch-ddzsfiyxyoauidejndllmosklbkq/Build/Intermediates.noindex/ExplicitPrecompiledModules/_Builtin_stdbool-F4G010YOKAVPSTRCWIBL5G8UI.scan

PrecompileModule /Users/jasonlee/Library/Developer/Xcode/DerivedData/Notch-ddzsfiyxyoauidejndllmosklbkq/Build/Intermediates.noindex/ExplicitPrecompiledModules/_AvailabilityInternal-2BJEP9I7V5X3UJ2CQ21E3E3JZ.scan
    cd /
    builtin-precompileModule /Users/jasonlee/Library/Developer/Xcode/DerivedData/Notch-ddzsfiyxyoauidejndllmosklbkq/Build/Intermediates.noindex/ExplicitPrecompiledModules/_AvailabilityInternal-2BJEP9I7V5X3UJ2CQ21E3E3JZ.scan

PrecompileModule /Users/jasonlee/Library/Developer/Xcode/DerivedData/Notch-ddzsfiyxyoauidejndllmosklbkq/Build/Intermediates.noindex/ExplicitPrecompiledModules/_DarwinFoundation1-DI57NYDAA4CDFVCTKJ9SRWI2K.scan
    cd /
    builtin-precompileModule /Users/jasonlee/Library/Developer/Xcode/DerivedData/Notch-ddzsfiyxyoauidejndllmosklbkq/Build/Intermediates.noindex/ExplicitPrecompiledModules/_DarwinFoundation1-DI57NYDAA4CDFVCTKJ9SRWI2K.scan

PrecompileModule /Users/jasonlee/Library/Developer/Xcode/DerivedData/Notch-ddzsfiyxyoauidejndllmosklbkq/Build/Intermediates.noindex/ExplicitPrecompiledModules/_Builtin_stdarg-41221ZNZRH1HG99N8JZAW3F9Z.scan
    cd /
    builtin-precompileModule /Users/jasonlee/Library/Developer/Xcode/DerivedData/Notch-ddzsfiyxyoauidejndllmosklbkq/Build/Intermediates.noindex/ExplicitPrecompiledModules/_Builtin_stdarg-41221ZNZRH1HG99N8JZAW3F9Z.scan

ScanDependencies /Users/jasonlee/Library/Developer/Xcode/DerivedData/Notch-ddzsfiyxyoauidejndllmosklbkq/Build/Intermediates.noindex/PLCrashReporter.build/Release/CrashReporter.build/Objects-normal/arm64/PLCrashSysctl.o /Users/jasonlee/Library/Developer/Xcode/DerivedData/Notch-ddzsfiyxyoauidejndllmosklbkq/SourcePackages/checkouts/plcrashreporter/Source/PLCrashSysctl.c normal arm64 c com.apple.compilers.llvm.clang.1_0.compiler (in target 'CrashReporter' from project 'PLCrashReporter')
    cd /Users/jasonlee/Coding/App/Notch/Notch.xcodeproj
    
    Using response file: /Users/jasonlee/Library/Developer/Xcode/DerivedData/Notch-ddzsfiyxyoauidejndllmosklbkq/Build/Intermediates.noindex/PLCrashReporter.build/Release/CrashReporter.build/Objects-normal/arm64/7187679823f38a2a940e0043cdf9d637-common-args.resp
    
    builtin-ScanDependencies -o /Users/jasonlee/Library/Developer/Xcode/DerivedData/Notch-ddzsfiyxyoauidejndllmosklbkq/Build/Intermediates.noindex/PLCrashReporter.build/Release/CrashReporter.build/Objects-normal/arm64/PLCrashSysctl.o.scan -- /Applications/Xcode.app/Contents/Developer/Toolchains/XcodeDefault.xctoolchain/usr/bin/clang -x c -ivfsstatcache /Users/jasonlee/Library/Developer/Xcode/DerivedData/SDKStatCaches.noindex/macosx26.4-25E251-30f9ca8789b706f8bd3fc906a70d770f.sdkstatcache -target arm64-apple-macos10.13 -fmessage-length\=0 -fdiagnostics-show-note-include-stack -fmacro-backtrace-limit\=0 -fno-color-diagnostics -fmodules-prune-interval\=86400 -fmodules-prune-after\=345600 -fbuild-session-file\=/Users/jasonlee/Library/Developer/Xcode/DerivedData/ModuleCache.noindex/Session.modulevalidation -fmodules-validate-once-per-build-session -Wnon-modular-include-in-framework-module -Werror\=non-modular-include-in-framework-module -Wno-trigraphs -Wno-missing-field-initializers -Wno-missing-prototypes -Wno-return-type -Wno-missing-braces -Wparentheses -Wswitch -Wno-unused-function -Wno-unused-label -Wno-unused-parameter -Wno-unused-variable -Wunused-value -Wno-empty-body -Wno-uninitialized -Wno-unknown-pragmas -w -Wno-shadow -Wno-four-char-constants -Wno-conversion -Wno-constant-conversion -Wno-int-conversion -Wno-bool-conversion -Wno-enum-conversion -Wno-float-conversion -Wno-non-literal-null-conversion -Wno-objc-literal-conversion -Wshorten-64-to-32 -Wpointer-sign -Wno-newline-eof -Wno-implicit-fallthrough -isysroot /Applications/Xcode.app/Contents/Developer/Platforms/MacOSX.platform/Developer/SDKs/MacOSX26.4.sdk -fstrict-aliasing -Wdeprecated-declarations -Wno-sign-conversion -Wno-infinite-recursion -Wno-comma -Wno-block-capture-autoreleasing -Wno-strict-prototypes -Wno-semicolon-before-method-body @/Users/jasonlee/Library/Developer/Xcode/DerivedData/Notch-ddzsfiyxyoauidejndllmosklbkq/Build/Intermediates.noindex/PLCrashReporter.build/Release/CrashReporter.build/Objects-normal/arm64/7187679823f38a2a940e0043cdf9d637-common-args.resp -MMD -MT dependencies -MF /Users/jasonlee/Library/Developer/Xcode/DerivedData/Notch-ddzsfiyxyoauidejndllmosklbkq/Build/Intermediates.noindex/PLCrashReporter.build/Release/CrashReporter.build/Objects-normal/arm64/PLCrashSysctl.d --serialize-diagnostics /Users/jasonlee/Library/Developer/Xcode/DerivedData/Notch-ddzsfiyxyoauidejndllmosklbkq/Build/Intermediates.noindex/PLCrashReporter.build/Release/CrashReporter.build/Objects-normal/arm64/PLCrashSysctl.dia -c /Users/jasonlee/Library/Developer/Xcode/DerivedData/Notch-ddzsfiyxyoauidejndllmosklbkq/SourcePackages/checkouts/plcrashreporter/Source/PLCrashSysctl.c -o /Users/jasonlee/Library/Developer/Xcode/DerivedData/Notch-ddzsfiyxyoauidejndllmosklbkq/Build/Intermediates.noindex/PLCrashReporter.build/Release/CrashReporter.build/Objects-normal/arm64/PLCrashSysctl.o

ScanDependencies /Users/jasonlee/Library/Developer/Xcode/DerivedData/Notch-ddzsfiyxyoauidejndllmosklbkq/Build/Intermediates.noindex/PLCrashReporter.build/Release/CrashReporter.build/Objects-normal/arm64/PLCrashReporterNSError.o /Users/jasonlee/Library/Developer/Xcode/DerivedData/Notch-ddzsfiyxyoauidejndllmosklbkq/SourcePackages/checkouts/plcrashreporter/Source/PLCrashReporterNSError.m normal arm64 objective-c com.apple.compilers.llvm.clang.1_0.compiler (in target 'CrashReporter' from project 'PLCrashReporter')
    cd /Users/jasonlee/Coding/App/Notch/Notch.xcodeproj
    
    Using response file: /Users/jasonlee/Library/Developer/Xcode/DerivedData/Notch-ddzsfiyxyoauidejndllmosklbkq/Build/Intermediates.noindex/PLCrashReporter.build/Release/CrashReporter.build/Objects-normal/arm64/e6072d4f65d7061329687fe24e3d63a7-common-args.resp
    
    builtin-ScanDependencies -o /Users/jasonlee/Library/Developer/Xcode/DerivedData/Notch-ddzsfiyxyoauidejndllmosklbkq/Build/Intermediates.noindex/PLCrashReporter.build/Release/CrashReporter.build/Objects-normal/arm64/PLCrashReporterNSError.o.scan -- /Applications/Xcode.app/Contents/Developer/Toolchains/XcodeDefault.xctoolchain/usr/bin/clang -x objective-c -ivfsstatcache /Users/jasonlee/Library/Developer/Xcode/DerivedData/SDKStatCaches.noindex/macosx26.4-25E251-30f9ca8789b706f8bd3fc906a70d770f.sdkstatcache -target arm64-apple-macos10.13 -fmessage-length\=0 -fdiagnostics-show-note-include-stack -fmacro-backtrace-limit\=0 -fno-color-diagnostics -fmodules-prune-interval\=86400 -fmodules-prune-after\=345600 -fbuild-session-file\=/Users/jasonlee/Library/Developer/Xcode/DerivedData/ModuleCache.noindex/Session.modulevalidation -fmodules-validate-once-per-build-session -Wnon-modular-include-in-framework-module -Werror\=non-modular-include-in-framework-module -Wno-trigraphs -Wno-missing-field-initializers -Wno-missing-prototypes -Wno-return-type -Wno-implicit-atomic-properties -Wno-objc-interface-ivars -Wno-arc-repeated-use-of-weak -Wno-missing-braces -Wparentheses -Wswitch -Wno-unused-function -Wno-unused-label -Wno-unused-parameter -Wno-unused-variable -Wunused-value -Wno-empty-body -Wno-uninitialized -Wno-unknown-pragmas -w -Wno-shadow -Wno-four-char-constants -Wno-conversion -Wno-constant-conversion -Wno-int-conversion -Wno-bool-conversion -Wno-enum-conversion -Wno-float-conversion -Wno-non-literal-null-conversion -Wno-objc-literal-conversion -Wshorten-64-to-32 -Wpointer-sign -Wno-newline-eof -Wno-selector -Wno-strict-selector-match -Wno-undeclared-selector -Wno-deprecated-implementations -Wno-implicit-fallthrough -isysroot /Applications/Xcode.app/Contents/Developer/Platforms/MacOSX.platform/Developer/SDKs/MacOSX26.4.sdk -fstrict-aliasing -Wprotocol -Wdeprecated-declarations -Wno-sign-conversion -Wno-infinite-recursion -Wno-comma -Wno-block-capture-autoreleasing -Wno-strict-prototypes -Wno-semicolon-before-method-body @/Users/jasonlee/Library/Developer/Xcode/DerivedData/Notch-ddzsfiyxyoauidejndllmosklbkq/Build/Intermediates.noindex/PLCrashReporter.build/Release/CrashReporter.build/Objects-normal/arm64/e6072d4f65d7061329687fe24e3d63a7-common-args.resp -include /Users/jasonlee/Library/Developer/Xcode/DerivedData/Notch-ddzsfiyxyoauidejndllmosklbkq/Build/Intermediates.noindex/PLCrashReporter.build/Release/CrashReporter.build/DerivedSources/resource_bundle_accessor.h -MMD -MT dependencies -MF /Users/jasonlee/Library/Developer/Xcode/DerivedData/Notch-ddzsfiyxyoauidejndllmosklbkq/Build/Intermediates.noindex/PLCrashReporter.build/Release/CrashReporter.build/Objects-normal/arm64/PLCrashReporterNSError.d --serialize-diagnostics /Users/jasonlee/Library/Developer/Xcode/DerivedData/Notch-ddzsfiyxyoauidejndllmosklbkq/Build/Intermediates.noindex/PLCrashReporter.build/Release/CrashReporter.build/Objects-normal/arm64/PLCrashReporterNSError.dia -c /Users/jasonlee/Library/Developer/Xcode/DerivedData/Notch-ddzsfiyxyoauidejndllmosklbkq/SourcePackages/checkouts/plcrashreporter/Source/PLCrashReporterNSError.m -o /Users/jasonlee/Library/Developer/Xcode/DerivedData/Notch-ddzsfiyxyoauidejndllmosklbkq/Build/Intermediates.noindex/PLCrashReporter.build/Release/CrashReporter.build/Objects-normal/arm64/PLCrashReporterNSError.o

PrecompileModule /Users/jasonlee/Library/Developer/Xcode/DerivedData/Notch-ddzsfiyxyoauidejndllmosklbkq/Build/Intermediates.noindex/ExplicitPrecompiledModules/_DarwinFoundation1-CJOJDVNKVXPKCJ67UFTIAJOL1.scan
    cd /
    builtin-precompileModule /Users/jasonlee/Library/Developer/Xcode/DerivedData/Notch-ddzsfiyxyoauidejndllmosklbkq/Build/Intermediates.noindex/ExplicitPrecompiledModules/_DarwinFoundation1-CJOJDVNKVXPKCJ67UFTIAJOL1.scan

ScanDependencies /Users/jasonlee/Library/Developer/Xcode/DerivedData/Notch-ddzsfiyxyoauidejndllmosklbkq/Build/Intermediates.noindex/PLCrashReporter.build/Release/CrashReporter.build/Objects-normal/arm64/PLCrashReporterConfig.o /Users/jasonlee/Library/Developer/Xcode/DerivedData/Notch-ddzsfiyxyoauidejndllmosklbkq/SourcePackages/checkouts/plcrashreporter/Source/PLCrashReporterConfig.m normal arm64 objective-c com.apple.compilers.llvm.clang.1_0.compiler (in target 'CrashReporter' from project 'PLCrashReporter')
    cd /Users/jasonlee/Coding/App/Notch/Notch.xcodeproj
    
    Using response file: /Users/jasonlee/Library/Developer/Xcode/DerivedData/Notch-ddzsfiyxyoauidejndllmosklbkq/Build/Intermediates.noindex/PLCrashReporter.build/Release/CrashReporter.build/Objects-normal/arm64/e6072d4f65d7061329687fe24e3d63a7-common-args.resp
    
    builtin-ScanDependencies -o /Users/jasonlee/Library/Developer/Xcode/DerivedData/Notch-ddzsfiyxyoauidejndllmosklbkq/Build/Intermediates.noindex/PLCrashReporter.build/Release/CrashReporter.build/Objects-normal/arm64/PLCrashReporterConfig.o.scan -- /Applications/Xcode.app/Contents/Developer/Toolchains/XcodeDefault.xctoolchain/usr/bin/clang -x objective-c -ivfsstatcache /Users/jasonlee/Library/Developer/Xcode/DerivedData/SDKStatCaches.noindex/macosx26.4-25E251-30f9ca8789b706f8bd3fc906a70d770f.sdkstatcache -target arm64-apple-macos10.13 -fmessage-length\=0 -fdiagnostics-show-note-include-stack -fmacro-backtrace-limit\=0 -fno-color-diagnostics -fmodules-prune-interval\=86400 -fmodules-prune-after\=345600 -fbuild-session-file\=/Users/jasonlee/Library/Developer/Xcode/DerivedData/ModuleCache.noindex/Session.modulevalidation -fmodules-validate-once-per-build-session -Wnon-modular-include-in-framework-module -Werror\=non-modular-include-in-framework-module -Wno-trigraphs -Wno-missing-field-initializers -Wno-missing-prototypes -Wno-return-type -Wno-implicit-atomic-properties -Wno-objc-interface-ivars -Wno-arc-repeated-use-of-weak -Wno-missing-braces -Wparentheses -Wswitch -Wno-unused-function -Wno-unused-label -Wno-unused-parameter -Wno-unused-variable -Wunused-value -Wno-empty-body -Wno-uninitialized -Wno-unknown-pragmas -w -Wno-shadow -Wno-four-char-constants -Wno-conversion -Wno-constant-conversion -Wno-int-conversion -Wno-bool-conversion -Wno-enum-conversion -Wno-float-conversion -Wno-non-literal-null-conversion -Wno-objc-literal-conversion -Wshorten-64-to-32 -Wpointer-sign -Wno-newline-eof -Wno-selector -Wno-strict-selector-match -Wno-undeclared-selector -Wno-deprecated-implementations -Wno-implicit-fallthrough -isysroot /Applications/Xcode.app/Contents/Developer/Platforms/MacOSX.platform/Developer/SDKs/MacOSX26.4.sdk -fstrict-aliasing -Wprotocol -Wdeprecated-declarations -Wno-sign-conversion -Wno-infinite-recursion -Wno-comma -Wno-block-capture-autoreleasing -Wno-strict-prototypes -Wno-semicolon-before-method-body @/Users/jasonlee/Library/Developer/Xcode/DerivedData/Notch-ddzsfiyxyoauidejndllmosklbkq/Build/Intermediates.noindex/PLCrashReporter.build/Release/CrashReporter.build/Objects-normal/arm64/e6072d4f65d7061329687fe24e3d63a7-common-args.resp -include /Users/jasonlee/Library/Developer/Xcode/DerivedData/Notch-ddzsfiyxyoauidejndllmosklbkq/Build/Intermediates.noindex/PLCrashReporter.build/Release/CrashReporter.build/DerivedSources/resource_bundle_accessor.h -MMD -MT dependencies -MF /Users/jasonlee/Library/Developer/Xcode/DerivedData/Notch-ddzsfiyxyoauidejndllmosklbkq/Build/Intermediates.noindex/PLCrashReporter.build/Release/CrashReporter.build/Objects-normal/arm64/PLCrashReporterConfig.d --serialize-diagnostics /Users/jasonlee/Library/Developer/Xcode/DerivedData/Notch-ddzsfiyxyoauidejndllmosklbkq/Build/Intermediates.noindex/PLCrashReporter.build/Release/CrashReporter.build/Objects-normal/arm64/PLCrashReporterConfig.dia -c /Users/jasonlee/Library/Developer/Xcode/DerivedData/Notch-ddzsfiyxyoauidejndllmosklbkq/SourcePackages/checkouts/plcrashreporter/Source/PLCrashReporterConfig.m -o /Users/jasonlee/Library/Developer/Xcode/DerivedData/Notch-ddzsfiyxyoauidejndllmosklbkq/Build/Intermediates.noindex/PLCrashReporter.build/Release/CrashReporter.build/Objects-normal/arm64/PLCrashReporterConfig.o

PrecompileModule /Users/jasonlee/Library/Developer/Xcode/DerivedData/Notch-ddzsfiyxyoauidejndllmosklbkq/Build/Intermediates.noindex/ExplicitPrecompiledModules/_Builtin_limits-8KQ8T8FK2IR2HZ2GIYTNNBGGF.scan
    cd /
    builtin-precompileModule /Users/jasonlee/Library/Developer/Xcode/DerivedData/Notch-ddzsfiyxyoauidejndllmosklbkq/Build/Intermediates.noindex/ExplicitPrecompiledModules/_Builtin_limits-8KQ8T8FK2IR2HZ2GIYTNNBGGF.scan

PrecompileModule /Users/jasonlee/Library/Developer/Xcode/DerivedData/Notch-ddzsfiyxyoauidejndllmosklbkq/Build/Intermediates.noindex/ExplicitPrecompiledModules/_DarwinFoundation2-281V63MINT83ZQO6G7V2I963Z.scan
    cd /
    builtin-precompileModule /Users/jasonlee/Library/Developer/Xcode/DerivedData/Notch-ddzsfiyxyoauidejndllmosklbkq/Build/Intermediates.noindex/ExplicitPrecompiledModules/_DarwinFoundation2-281V63MINT83ZQO6G7V2I963Z.scan

PrecompileModule /Users/jasonlee/Library/Developer/Xcode/DerivedData/Notch-ddzsfiyxyoauidejndllmosklbkq/Build/Intermediates.noindex/ExplicitPrecompiledModules/_Builtin_stdbool-EZ8YERMNO916PUJ91RPGVLI4N.scan
    cd /
    builtin-precompileModule /Users/jasonlee/Library/Developer/Xcode/DerivedData/Notch-ddzsfiyxyoauidejndllmosklbkq/Build/Intermediates.noindex/ExplicitPrecompiledModules/_Builtin_stdbool-EZ8YERMNO916PUJ91RPGVLI4N.scan

ScanDependencies /Users/jasonlee/Library/Developer/Xcode/DerivedData/Notch-ddzsfiyxyoauidejndllmosklbkq/Build/Intermediates.noindex/PLCrashReporter.build/Release/CrashReporter.build/Objects-normal/arm64/PLCrashReporter.o /Users/jasonlee/Library/Developer/Xcode/DerivedData/Notch-ddzsfiyxyoauidejndllmosklbkq/SourcePackages/checkouts/plcrashreporter/Source/PLCrashReporter.m normal arm64 objective-c com.apple.compilers.llvm.clang.1_0.compiler (in target 'CrashReporter' from project 'PLCrashReporter')
    cd /Users/jasonlee/Coding/App/Notch/Notch.xcodeproj
    
    Using response file: /Users/jasonlee/Library/Developer/Xcode/DerivedData/Notch-ddzsfiyxyoauidejndllmosklbkq/Build/Intermediates.noindex/PLCrashReporter.build/Release/CrashReporter.build/Objects-normal/arm64/e6072d4f65d7061329687fe24e3d63a7-common-args.resp
    
    builtin-ScanDependencies -o /Users/jasonlee/Library/Developer/Xcode/DerivedData/Notch-ddzsfiyxyoauidejndllmosklbkq/Build/Intermediates.noindex/PLCrashReporter.build/Release/CrashReporter.build/Objects-normal/arm64/PLCrashReporter.o.scan -- /Applications/Xcode.app/Contents/Developer/Toolchains/XcodeDefault.xctoolchain/usr/bin/clang -x objective-c -ivfsstatcache /Users/jasonlee/Library/Developer/Xcode/DerivedData/SDKStatCaches.noindex/macosx26.4-25E251-30f9ca8789b706f8bd3fc906a70d770f.sdkstatcache -target arm64-apple-macos10.13 -fmessage-length\=0 -fdiagnostics-show-note-include-stack -fmacro-backtrace-limit\=0 -fno-color-diagnostics -fmodules-prune-interval\=86400 -fmodules-prune-after\=345600 -fbuild-session-file\=/Users/jasonlee/Library/Developer/Xcode/DerivedData/ModuleCache.noindex/Session.modulevalidation -fmodules-validate-once-per-build-session -Wnon-modular-include-in-framework-module -Werror\=non-modular-include-in-framework-module -Wno-trigraphs -Wno-missing-field-initializers -Wno-missing-prototypes -Wno-return-type -Wno-implicit-atomic-properties -Wno-objc-interface-ivars -Wno-arc-repeated-use-of-weak -Wno-missing-braces -Wparentheses -Wswitch -Wno-unused-function -Wno-unused-label -Wno-unused-parameter -Wno-unused-variable -Wunused-value -Wno-empty-body -Wno-uninitialized -Wno-unknown-pragmas -w -Wno-shadow -Wno-four-char-constants -Wno-conversion -Wno-constant-conversion -Wno-int-conversion -Wno-bool-conversion -Wno-enum-conversion -Wno-float-conversion -Wno-non-literal-null-conversion -Wno-objc-literal-conversion -Wshorten-64-to-32 -Wpointer-sign -Wno-newline-eof -Wno-selector -Wno-strict-selector-match -Wno-undeclared-selector -Wno-deprecated-implementations -Wno-implicit-fallthrough -isysroot /Applications/Xcode.app/Contents/Developer/Platforms/MacOSX.platform/Developer/SDKs/MacOSX26.4.sdk -fstrict-aliasing -Wprotocol -Wdeprecated-declarations -Wno-sign-conversion -Wno-infinite-recursion -Wno-comma -Wno-block-capture-autoreleasing -Wno-strict-prototypes -Wno-semicolon-before-method-body @/Users/jasonlee/Library/Developer/Xcode/DerivedData/Notch-ddzsfiyxyoauidejndllmosklbkq/Build/Intermediates.noindex/PLCrashReporter.build/Release/CrashReporter.build/Objects-normal/arm64/e6072d4f65d7061329687fe24e3d63a7-common-args.resp -include /Users/jasonlee/Library/Developer/Xcode/DerivedData/Notch-ddzsfiyxyoauidejndllmosklbkq/Build/Intermediates.noindex/PLCrashReporter.build/Release/CrashReporter.build/DerivedSources/resource_bundle_accessor.h -MMD -MT dependencies -MF /Users/jasonlee/Library/Developer/Xcode/DerivedData/Notch-ddzsfiyxyoauidejndllmosklbkq/Build/Intermediates.noindex/PLCrashReporter.build/Release/CrashReporter.build/Objects-normal/arm64/PLCrashReporter.d --serialize-diagnostics /Users/jasonlee/Library/Developer/Xcode/DerivedData/Notch-ddzsfiyxyoauidejndllmosklbkq/Build/Intermediates.noindex/PLCrashReporter.build/Release/CrashReporter.build/Objects-normal/arm64/PLCrashReporter.dia -c /Users/jasonlee/Library/Developer/Xcode/DerivedData/Notch-ddzsfiyxyoauidejndllmosklbkq/SourcePackages/checkouts/plcrashreporter/Source/PLCrashReporter.m -o /Users/jasonlee/Library/Developer/Xcode/DerivedData/Notch-ddzsfiyxyoauidejndllmosklbkq/Build/Intermediates.noindex/PLCrashReporter.build/Release/CrashReporter.build/Objects-normal/arm64/PLCrashReporter.o

PrecompileModule /Users/jasonlee/Library/Developer/Xcode/DerivedData/Notch-ddzsfiyxyoauidejndllmosklbkq/Build/Intermediates.noindex/ExplicitPrecompiledModules/_DarwinFoundation2-79Y3MP4BI52D0EETONUITXHED.scan
    cd /
    builtin-precompileModule /Users/jasonlee/Library/Developer/Xcode/DerivedData/Notch-ddzsfiyxyoauidejndllmosklbkq/Build/Intermediates.noindex/ExplicitPrecompiledModules/_DarwinFoundation2-79Y3MP4BI52D0EETONUITXHED.scan

PrecompileModule /Users/jasonlee/Library/Developer/Xcode/DerivedData/Notch-ddzsfiyxyoauidejndllmosklbkq/Build/Intermediates.noindex/ExplicitPrecompiledModules/_Builtin_limits-AJE16VGLGBA0IABXBMP26PTQM.scan
    cd /
    builtin-precompileModule /Users/jasonlee/Library/Developer/Xcode/DerivedData/Notch-ddzsfiyxyoauidejndllmosklbkq/Build/Intermediates.noindex/ExplicitPrecompiledModules/_Builtin_limits-AJE16VGLGBA0IABXBMP26PTQM.scan

ScanDependencies /Users/jasonlee/Library/Developer/Xcode/DerivedData/Notch-ddzsfiyxyoauidejndllmosklbkq/Build/Intermediates.noindex/PLCrashReporter.build/Release/CrashReporter.build/Objects-normal/arm64/PLCrashReportThreadInfo.o /Users/jasonlee/Library/Developer/Xcode/DerivedData/Notch-ddzsfiyxyoauidejndllmosklbkq/SourcePackages/checkouts/plcrashreporter/Source/PLCrashReportThreadInfo.m normal arm64 objective-c com.apple.compilers.llvm.clang.1_0.compiler (in target 'CrashReporter' from project 'PLCrashReporter')
    cd /Users/jasonlee/Coding/App/Notch/Notch.xcodeproj
    
    Using response file: /Users/jasonlee/Library/Developer/Xcode/DerivedData/Notch-ddzsfiyxyoauidejndllmosklbkq/Build/Intermediates.noindex/PLCrashReporter.build/Release/CrashReporter.build/Objects-normal/arm64/e6072d4f65d7061329687fe24e3d63a7-common-args.resp
    
    builtin-ScanDependencies -o /Users/jasonlee/Library/Developer/Xcode/DerivedData/Notch-ddzsfiyxyoauidejndllmosklbkq/Build/Intermediates.noindex/PLCrashReporter.build/Release/CrashReporter.build/Objects-normal/arm64/PLCrashReportThreadInfo.o.scan -- /Applications/Xcode.app/Contents/Developer/Toolchains/XcodeDefault.xctoolchain/usr/bin/clang -x objective-c -ivfsstatcache /Users/jasonlee/Library/Developer/Xcode/DerivedData/SDKStatCaches.noindex/macosx26.4-25E251-30f9ca8789b706f8bd3fc906a70d770f.sdkstatcache -target arm64-apple-macos10.13 -fmessage-length\=0 -fdiagnostics-show-note-include-stack -fmacro-backtrace-limit\=0 -fno-color-diagnostics -fmodules-prune-interval\=86400 -fmodules-prune-after\=345600 -fbuild-session-file\=/Users/jasonlee/Library/Developer/Xcode/DerivedData/ModuleCache.noindex/Session.modulevalidation -fmodules-validate-once-per-build-session -Wnon-modular-include-in-framework-module -Werror\=non-modular-include-in-framework-module -Wno-trigraphs -Wno-missing-field-initializers -Wno-missing-prototypes -Wno-return-type -Wno-implicit-atomic-properties -Wno-objc-interface-ivars -Wno-arc-repeated-use-of-weak -Wno-missing-braces -Wparentheses -Wswitch -Wno-unused-function -Wno-unused-label -Wno-unused-parameter -Wno-unused-variable -Wunused-value -Wno-empty-body -Wno-uninitialized -Wno-unknown-pragmas -w -Wno-shadow -Wno-four-char-constants -Wno-conversion -Wno-constant-conversion -Wno-int-conversion -Wno-bool-conversion -Wno-enum-conversion -Wno-float-conversion -Wno-non-literal-null-conversion -Wno-objc-literal-conversion -Wshorten-64-to-32 -Wpointer-sign -Wno-newline-eof -Wno-selector -Wno-strict-selector-match -Wno-undeclared-selector -Wno-deprecated-implementations -Wno-implicit-fallthrough -isysroot /Applications/Xcode.app/Contents/Developer/Platforms/MacOSX.platform/Developer/SDKs/MacOSX26.4.sdk -fstrict-aliasing -Wprotocol -Wdeprecated-declarations -Wno-sign-conversion -Wno-infinite-recursion -Wno-comma -Wno-block-capture-autoreleasing -Wno-strict-prototypes -Wno-semicolon-before-method-body @/Users/jasonlee/Library/Developer/Xcode/DerivedData/Notch-ddzsfiyxyoauidejndllmosklbkq/Build/Intermediates.noindex/PLCrashReporter.build/Release/CrashReporter.build/Objects-normal/arm64/e6072d4f65d7061329687fe24e3d63a7-common-args.resp -include /Users/jasonlee/Library/Developer/Xcode/DerivedData/Notch-ddzsfiyxyoauidejndllmosklbkq/Build/Intermediates.noindex/PLCrashReporter.build/Release/CrashReporter.build/DerivedSources/resource_bundle_accessor.h -MMD -MT dependencies -MF /Users/jasonlee/Library/Developer/Xcode/DerivedData/Notch-ddzsfiyxyoauidejndllmosklbkq/Build/Intermediates.noindex/PLCrashReporter.build/Release/CrashReporter.build/Objects-normal/arm64/PLCrashReportThreadInfo.d --serialize-diagnostics /Users/jasonlee/Library/Developer/Xcode/DerivedData/Notch-ddzsfiyxyoauidejndllmosklbkq/Build/Intermediates.noindex/PLCrashReporter.build/Release/CrashReporter.build/Objects-normal/arm64/PLCrashReportThreadInfo.dia -c /Users/jasonlee/Library/Developer/Xcode/DerivedData/Notch-ddzsfiyxyoauidejndllmosklbkq/SourcePackages/checkouts/plcrashreporter/Source/PLCrashReportThreadInfo.m -o /Users/jasonlee/Library/Developer/Xcode/DerivedData/Notch-ddzsfiyxyoauidejndllmosklbkq/Build/Intermediates.noindex/PLCrashReporter.build/Release/CrashReporter.build/Objects-normal/arm64/PLCrashReportThreadInfo.o

ScanDependencies /Users/jasonlee/Library/Developer/Xcode/DerivedData/Notch-ddzsfiyxyoauidejndllmosklbkq/Build/Intermediates.noindex/PLCrashReporter.build/Release/CrashReporter.build/Objects-normal/arm64/PLCrashReportTextFormatter.o /Users/jasonlee/Library/Developer/Xcode/DerivedData/Notch-ddzsfiyxyoauidejndllmosklbkq/SourcePackages/checkouts/plcrashreporter/Source/PLCrashReportTextFormatter.m normal arm64 objective-c com.apple.compilers.llvm.clang.1_0.compiler (in target 'CrashReporter' from project 'PLCrashReporter')
    cd /Users/jasonlee/Coding/App/Notch/Notch.xcodeproj
    
    Using response file: /Users/jasonlee/Library/Developer/Xcode/DerivedData/Notch-ddzsfiyxyoauidejndllmosklbkq/Build/Intermediates.noindex/PLCrashReporter.build/Release/CrashReporter.build/Objects-normal/arm64/e6072d4f65d7061329687fe24e3d63a7-common-args.resp
    
    builtin-ScanDependencies -o /Users/jasonlee/Library/Developer/Xcode/DerivedData/Notch-ddzsfiyxyoauidejndllmosklbkq/Build/Intermediates.noindex/PLCrashReporter.build/Release/CrashReporter.build/Objects-normal/arm64/PLCrashReportTextFormatter.o.scan -- /Applications/Xcode.app/Contents/Developer/Toolchains/XcodeDefault.xctoolchain/usr/bin/clang -x objective-c -ivfsstatcache /Users/jasonlee/Library/Developer/Xcode/DerivedData/SDKStatCaches.noindex/macosx26.4-25E251-30f9ca8789b706f8bd3fc906a70d770f.sdkstatcache -target arm64-apple-macos10.13 -fmessage-length\=0 -fdiagnostics-show-note-include-stack -fmacro-backtrace-limit\=0 -fno-color-diagnostics -fmodules-prune-interval\=86400 -fmodules-prune-after\=345600 -fbuild-session-file\=/Users/jasonlee/Library/Developer/Xcode/DerivedData/ModuleCache.noindex/Session.modulevalidation -fmodules-validate-once-per-build-session -Wnon-modular-include-in-framework-module -Werror\=non-modular-include-in-framework-module -Wno-trigraphs -Wno-missing-field-initializers -Wno-missing-prototypes -Wno-return-type -Wno-implicit-atomic-properties -Wno-objc-interface-ivars -Wno-arc-repeated-use-of-weak -Wno-missing-braces -Wparentheses -Wswitch -Wno-unused-function -Wno-unused-label -Wno-unused-parameter -Wno-unused-variable -Wunused-value -Wno-empty-body -Wno-uninitialized -Wno-unknown-pragmas -w -Wno-shadow -Wno-four-char-constants -Wno-conversion -Wno-constant-conversion -Wno-int-conversion -Wno-bool-conversion -Wno-enum-conversion -Wno-float-conversion -Wno-non-literal-null-conversion -Wno-objc-literal-conversion -Wshorten-64-to-32 -Wpointer-sign -Wno-newline-eof -Wno-selector -Wno-strict-selector-match -Wno-undeclared-selector -Wno-deprecated-implementations -Wno-implicit-fallthrough -isysroot /Applications/Xcode.app/Contents/Developer/Platforms/MacOSX.platform/Developer/SDKs/MacOSX26.4.sdk -fstrict-aliasing -Wprotocol -Wdeprecated-declarations -Wno-sign-conversion -Wno-infinite-recursion -Wno-comma -Wno-block-capture-autoreleasing -Wno-strict-prototypes -Wno-semicolon-before-method-body @/Users/jasonlee/Library/Developer/Xcode/DerivedData/Notch-ddzsfiyxyoauidejndllmosklbkq/Build/Intermediates.noindex/PLCrashReporter.build/Release/CrashReporter.build/Objects-normal/arm64/e6072d4f65d7061329687fe24e3d63a7-common-args.resp -include /Users/jasonlee/Library/Developer/Xcode/DerivedData/Notch-ddzsfiyxyoauidejndllmosklbkq/Build/Intermediates.noindex/PLCrashReporter.build/Release/CrashReporter.build/DerivedSources/resource_bundle_accessor.h -MMD -MT dependencies -MF /Users/jasonlee/Library/Developer/Xcode/DerivedData/Notch-ddzsfiyxyoauidejndllmosklbkq/Build/Intermediates.noindex/PLCrashReporter.build/Release/CrashReporter.build/Objects-normal/arm64/PLCrashReportTextFormatter.d --serialize-diagnostics /Users/jasonlee/Library/Developer/Xcode/DerivedData/Notch-ddzsfiyxyoauidejndllmosklbkq/Build/Intermediates.noindex/PLCrashReporter.build/Release/CrashReporter.build/Objects-normal/arm64/PLCrashReportTextFormatter.dia -c /Users/jasonlee/Library/Developer/Xcode/DerivedData/Notch-ddzsfiyxyoauidejndllmosklbkq/SourcePackages/checkouts/plcrashreporter/Source/PLCrashReportTextFormatter.m -o /Users/jasonlee/Library/Developer/Xcode/DerivedData/Notch-ddzsfiyxyoauidejndllmosklbkq/Build/Intermediates.noindex/PLCrashReporter.build/Release/CrashReporter.build/Objects-normal/arm64/PLCrashReportTextFormatter.o

ScanDependencies /Users/jasonlee/Library/Developer/Xcode/DerivedData/Notch-ddzsfiyxyoauidejndllmosklbkq/Build/Intermediates.noindex/PLCrashReporter.build/Release/CrashReporter.build/Objects-normal/arm64/PLCrashReportSystemInfo.o /Users/jasonlee/Library/Developer/Xcode/DerivedData/Notch-ddzsfiyxyoauidejndllmosklbkq/SourcePackages/checkouts/plcrashreporter/Source/PLCrashReportSystemInfo.m normal arm64 objective-c com.apple.compilers.llvm.clang.1_0.compiler (in target 'CrashReporter' from project 'PLCrashReporter')
    cd /Users/jasonlee/Coding/App/Notch/Notch.xcodeproj
    
    Using response file: /Users/jasonlee/Library/Developer/Xcode/DerivedData/Notch-ddzsfiyxyoauidejndllmosklbkq/Build/Intermediates.noindex/PLCrashReporter.build/Release/CrashReporter.build/Objects-normal/arm64/e6072d4f65d7061329687fe24e3d63a7-common-args.resp
    
    builtin-ScanDependencies -o /Users/jasonlee/Library/Developer/Xcode/DerivedData/Notch-ddzsfiyxyoauidejndllmosklbkq/Build/Intermediates.noindex/PLCrashReporter.build/Release/CrashReporter.build/Objects-normal/arm64/PLCrashReportSystemInfo.o.scan -- /Applications/Xcode.app/Contents/Developer/Toolchains/XcodeDefault.xctoolchain/usr/bin/clang -x objective-c -ivfsstatcache /Users/jasonlee/Library/Developer/Xcode/DerivedData/SDKStatCaches.noindex/macosx26.4-25E251-30f9ca8789b706f8bd3fc906a70d770f.sdkstatcache -target arm64-apple-macos10.13 -fmessage-length\=0 -fdiagnostics-show-note-include-stack -fmacro-backtrace-limit\=0 -fno-color-diagnostics -fmodules-prune-interval\=86400 -fmodules-prune-after\=345600 -fbuild-session-file\=/Users/jasonlee/Library/Developer/Xcode/DerivedData/ModuleCache.noindex/Session.modulevalidation -fmodules-validate-once-per-build-session -Wnon-modular-include-in-framework-module -Werror\=non-modular-include-in-framework-module -Wno-trigraphs -Wno-missing-field-initializers -Wno-missing-prototypes -Wno-return-type -Wno-implicit-atomic-properties -Wno-objc-interface-ivars -Wno-arc-repeated-use-of-weak -Wno-missing-braces -Wparentheses -Wswitch -Wno-unused-function -Wno-unused-label -Wno-unused-parameter -Wno-unused-variable -Wunused-value -Wno-empty-body -Wno-uninitialized -Wno-unknown-pragmas -w -Wno-shadow -Wno-four-char-constants -Wno-conversion -Wno-constant-conversion -Wno-int-conversion -Wno-bool-conversion -Wno-enum-conversion -Wno-float-conversion -Wno-non-literal-null-conversion -Wno-objc-literal-conversion -Wshorten-64-to-32 -Wpointer-sign -Wno-newline-eof -Wno-selector -Wno-strict-selector-match -Wno-undeclared-selector -Wno-deprecated-implementations -Wno-implicit-fallthrough -isysroot /Applications/Xcode.app/Contents/Developer/Platforms/MacOSX.platform/Developer/SDKs/MacOSX26.4.sdk -fstrict-aliasing -Wprotocol -Wdeprecated-declarations -Wno-sign-conversion -Wno-infinite-recursion -Wno-comma -Wno-block-capture-autoreleasing -Wno-strict-prototypes -Wno-semicolon-before-method-body @/Users/jasonlee/Library/Developer/Xcode/DerivedData/Notch-ddzsfiyxyoauidejndllmosklbkq/Build/Intermediates.noindex/PLCrashReporter.build/Release/CrashReporter.build/Objects-normal/arm64/e6072d4f65d7061329687fe24e3d63a7-common-args.resp -include /Users/jasonlee/Library/Developer/Xcode/DerivedData/Notch-ddzsfiyxyoauidejndllmosklbkq/Build/Intermediates.noindex/PLCrashReporter.build/Release/CrashReporter.build/DerivedSources/resource_bundle_accessor.h -MMD -MT dependencies -MF /Users/jasonlee/Library/Developer/Xcode/DerivedData/Notch-ddzsfiyxyoauidejndllmosklbkq/Build/Intermediates.noindex/PLCrashReporter.build/Release/CrashReporter.build/Objects-normal/arm64/PLCrashReportSystemInfo.d --serialize-diagnostics /Users/jasonlee/Library/Developer/Xcode/DerivedData/Notch-ddzsfiyxyoauidejndllmosklbkq/Build/Intermediates.noindex/PLCrashReporter.build/Release/CrashReporter.build/Objects-normal/arm64/PLCrashReportSystemInfo.dia -c /Users/jasonlee/Library/Developer/Xcode/DerivedData/Notch-ddzsfiyxyoauidejndllmosklbkq/SourcePackages/checkouts/plcrashreporter/Source/PLCrashReportSystemInfo.m -o /Users/jasonlee/Library/Developer/Xcode/DerivedData/Notch-ddzsfiyxyoauidejndllmosklbkq/Build/Intermediates.noindex/PLCrashReporter.build/Release/CrashReporter.build/Objects-normal/arm64/PLCrashReportSystemInfo.o

PrecompileModule /Users/jasonlee/Library/Developer/Xcode/DerivedData/Notch-ddzsfiyxyoauidejndllmosklbkq/Build/Intermediates.noindex/ExplicitPrecompiledModules/_Builtin_stdint-DLTIUN2V3S8HLN09BHLDOZ1B9.scan
    cd /
    builtin-precompileModule /Users/jasonlee/Library/Developer/Xcode/DerivedData/Notch-ddzsfiyxyoauidejndllmosklbkq/Build/Intermediates.noindex/ExplicitPrecompiledModules/_Builtin_stdint-DLTIUN2V3S8HLN09BHLDOZ1B9.scan

ScanDependencies /Users/jasonlee/Library/Developer/Xcode/DerivedData/Notch-ddzsfiyxyoauidejndllmosklbkq/Build/Intermediates.noindex/PLCrashReporter.build/Release/CrashReporter.build/Objects-normal/arm64/PLCrashReportSymbolInfo.o /Users/jasonlee/Library/Developer/Xcode/DerivedData/Notch-ddzsfiyxyoauidejndllmosklbkq/SourcePackages/checkouts/plcrashreporter/Source/PLCrashReportSymbolInfo.m normal arm64 objective-c com.apple.compilers.llvm.clang.1_0.compiler (in target 'CrashReporter' from project 'PLCrashReporter')
    cd /Users/jasonlee/Coding/App/Notch/Notch.xcodeproj
    
    Using response file: /Users/jasonlee/Library/Developer/Xcode/DerivedData/Notch-ddzsfiyxyoauidejndllmosklbkq/Build/Intermediates.noindex/PLCrashReporter.build/Release/CrashReporter.build/Objects-normal/arm64/e6072d4f65d7061329687fe24e3d63a7-common-args.resp
    
    builtin-ScanDependencies -o /Users/jasonlee/Library/Developer/Xcode/DerivedData/Notch-ddzsfiyxyoauidejndllmosklbkq/Build/Intermediates.noindex/PLCrashReporter.build/Release/CrashReporter.build/Objects-normal/arm64/PLCrashReportSymbolInfo.o.scan -- /Applications/Xcode.app/Contents/Developer/Toolchains/XcodeDefault.xctoolchain/usr/bin/clang -x objective-c -ivfsstatcache /Users/jasonlee/Library/Developer/Xcode/DerivedData/SDKStatCaches.noindex/macosx26.4-25E251-30f9ca8789b706f8bd3fc906a70d770f.sdkstatcache -target arm64-apple-macos10.13 -fmessage-length\=0 -fdiagnostics-show-note-include-stack -fmacro-backtrace-limit\=0 -fno-color-diagnostics -fmodules-prune-interval\=86400 -fmodules-prune-after\=345600 -fbuild-session-file\=/Users/jasonlee/Library/Developer/Xcode/DerivedData/ModuleCache.noindex/Session.modulevalidation -fmodules-validate-once-per-build-session -Wnon-modular-include-in-framework-module -Werror\=non-modular-include-in-framework-module -Wno-trigraphs -Wno-missing-field-initializers -Wno-missing-prototypes -Wno-return-type -Wno-implicit-atomic-properties -Wno-objc-interface-ivars -Wno-arc-repeated-use-of-weak -Wno-missing-braces -Wparentheses -Wswitch -Wno-unused-function -Wno-unused-label -Wno-unused-parameter -Wno-unused-variable -Wunused-value -Wno-empty-body -Wno-uninitialized -Wno-unknown-pragmas -w -Wno-shadow -Wno-four-char-constants -Wno-conversion -Wno-constant-conversion -Wno-int-conversion -Wno-bool-conversion -Wno-enum-conversion -Wno-float-conversion -Wno-non-literal-null-conversion -Wno-objc-literal-conversion -Wshorten-64-to-32 -Wpointer-sign -Wno-newline-eof -Wno-selector -Wno-strict-selector-match -Wno-undeclared-selector -Wno-deprecated-implementations -Wno-implicit-fallthrough -isysroot /Applications/Xcode.app/Contents/Developer/Platforms/MacOSX.platform/Developer/SDKs/MacOSX26.4.sdk -fstrict-aliasing -Wprotocol -Wdeprecated-declarations -Wno-sign-conversion -Wno-infinite-recursion -Wno-comma -Wno-block-capture-autoreleasing -Wno-strict-prototypes -Wno-semicolon-before-method-body @/Users/jasonlee/Library/Developer/Xcode/DerivedData/Notch-ddzsfiyxyoauidejndllmosklbkq/Build/Intermediates.noindex/PLCrashReporter.build/Release/CrashReporter.build/Objects-normal/arm64/e6072d4f65d7061329687fe24e3d63a7-common-args.resp -include /Users/jasonlee/Library/Developer/Xcode/DerivedData/Notch-ddzsfiyxyoauidejndllmosklbkq/Build/Intermediates.noindex/PLCrashReporter.build/Release/CrashReporter.build/DerivedSources/resource_bundle_accessor.h -MMD -MT dependencies -MF /Users/jasonlee/Library/Developer/Xcode/DerivedData/Notch-ddzsfiyxyoauidejndllmosklbkq/Build/Intermediates.noindex/PLCrashReporter.build/Release/CrashReporter.build/Objects-normal/arm64/PLCrashReportSymbolInfo.d --serialize-diagnostics /Users/jasonlee/Library/Developer/Xcode/DerivedData/Notch-ddzsfiyxyoauidejndllmosklbkq/Build/Intermediates.noindex/PLCrashReporter.build/Release/CrashReporter.build/Objects-normal/arm64/PLCrashReportSymbolInfo.dia -c /Users/jasonlee/Library/Developer/Xcode/DerivedData/Notch-ddzsfiyxyoauidejndllmosklbkq/SourcePackages/checkouts/plcrashreporter/Source/PLCrashReportSymbolInfo.m -o /Users/jasonlee/Library/Developer/Xcode/DerivedData/Notch-ddzsfiyxyoauidejndllmosklbkq/Build/Intermediates.noindex/PLCrashReporter.build/Release/CrashReporter.build/Objects-normal/arm64/PLCrashReportSymbolInfo.o

ScanDependencies /Users/jasonlee/Library/Developer/Xcode/DerivedData/Notch-ddzsfiyxyoauidejndllmosklbkq/Build/Intermediates.noindex/PLCrashReporter.build/Release/CrashReporter.build/Objects-normal/arm64/PLCrashReportStackFrameInfo.o /Users/jasonlee/Library/Developer/Xcode/DerivedData/Notch-ddzsfiyxyoauidejndllmosklbkq/SourcePackages/checkouts/plcrashreporter/Source/PLCrashReportStackFrameInfo.m normal arm64 objective-c com.apple.compilers.llvm.clang.1_0.compiler (in target 'CrashReporter' from project 'PLCrashReporter')
    cd /Users/jasonlee/Coding/App/Notch/Notch.xcodeproj
    
    Using response file: /Users/jasonlee/Library/Developer/Xcode/DerivedData/Notch-ddzsfiyxyoauidejndllmosklbkq/Build/Intermediates.noindex/PLCrashReporter.build/Release/CrashReporter.build/Objects-normal/arm64/e6072d4f65d7061329687fe24e3d63a7-common-args.resp
    
    builtin-ScanDependencies -o /Users/jasonlee/Library/Developer/Xcode/DerivedData/Notch-ddzsfiyxyoauidejndllmosklbkq/Build/Intermediates.noindex/PLCrashReporter.build/Release/CrashReporter.build/Objects-normal/arm64/PLCrashReportStackFrameInfo.o.scan -- /Applications/Xcode.app/Contents/Developer/Toolchains/XcodeDefault.xctoolchain/usr/bin/clang -x objective-c -ivfsstatcache /Users/jasonlee/Library/Developer/Xcode/DerivedData/SDKStatCaches.noindex/macosx26.4-25E251-30f9ca8789b706f8bd3fc906a70d770f.sdkstatcache -target arm64-apple-macos10.13 -fmessage-length\=0 -fdiagnostics-show-note-include-stack -fmacro-backtrace-limit\=0 -fno-color-diagnostics -fmodules-prune-interval\=86400 -fmodules-prune-after\=345600 -fbuild-session-file\=/Users/jasonlee/Library/Developer/Xcode/DerivedData/ModuleCache.noindex/Session.modulevalidation -fmodules-validate-once-per-build-session -Wnon-modular-include-in-framework-module -Werror\=non-modular-include-in-framework-module -Wno-trigraphs -Wno-missing-field-initializers -Wno-missing-prototypes -Wno-return-type -Wno-implicit-atomic-properties -Wno-objc-interface-ivars -Wno-arc-repeated-use-of-weak -Wno-missing-braces -Wparentheses -Wswitch -Wno-unused-function -Wno-unused-label -Wno-unused-parameter -Wno-unused-variable -Wunused-value -Wno-empty-body -Wno-uninitialized -Wno-unknown-pragmas -w -Wno-shadow -Wno-four-char-constants -Wno-conversion -Wno-constant-conversion -Wno-int-conversion -Wno-bool-conversion -Wno-enum-conversion -Wno-float-conversion -Wno-non-literal-null-conversion -Wno-objc-literal-conversion -Wshorten-64-to-32 -Wpointer-sign -Wno-newline-eof -Wno-selector -Wno-strict-selector-match -Wno-undeclared-selector -Wno-deprecated-implementations -Wno-implicit-fallthrough -isysroot /Applications/Xcode.app/Contents/Developer/Platforms/MacOSX.platform/Developer/SDKs/MacOSX26.4.sdk -fstrict-aliasing -Wprotocol -Wdeprecated-declarations -Wno-sign-conversion -Wno-infinite-recursion -Wno-comma -Wno-block-capture-autoreleasing -Wno-strict-prototypes -Wno-semicolon-before-method-body @/Users/jasonlee/Library/Developer/Xcode/DerivedData/Notch-ddzsfiyxyoauidejndllmosklbkq/Build/Intermediates.noindex/PLCrashReporter.build/Release/CrashReporter.build/Objects-normal/arm64/e6072d4f65d7061329687fe24e3d63a7-common-args.resp -include /Users/jasonlee/Library/Developer/Xcode/DerivedData/Notch-ddzsfiyxyoauidejndllmosklbkq/Build/Intermediates.noindex/PLCrashReporter.build/Release/CrashReporter.build/DerivedSources/resource_bundle_accessor.h -MMD -MT dependencies -MF /Users/jasonlee/Library/Developer/Xcode/DerivedData/Notch-ddzsfiyxyoauidejndllmosklbkq/Build/Intermediates.noindex/PLCrashReporter.build/Release/CrashReporter.build/Objects-normal/arm64/PLCrashReportStackFrameInfo.d --serialize-diagnostics /Users/jasonlee/Library/Developer/Xcode/DerivedData/Notch-ddzsfiyxyoauidejndllmosklbkq/Build/Intermediates.noindex/PLCrashReporter.build/Release/CrashReporter.build/Objects-normal/arm64/PLCrashReportStackFrameInfo.dia -c /Users/jasonlee/Library/Developer/Xcode/DerivedData/Notch-ddzsfiyxyoauidejndllmosklbkq/SourcePackages/checkouts/plcrashreporter/Source/PLCrashReportStackFrameInfo.m -o /Users/jasonlee/Library/Developer/Xcode/DerivedData/Notch-ddzsfiyxyoauidejndllmosklbkq/Build/Intermediates.noindex/PLCrashReporter.build/Release/CrashReporter.build/Objects-normal/arm64/PLCrashReportStackFrameInfo.o

PrecompileModule /Users/jasonlee/Library/Developer/Xcode/DerivedData/Notch-ddzsfiyxyoauidejndllmosklbkq/Build/Intermediates.noindex/ExplicitPrecompiledModules/_Builtin_stdint-70D13OQQPQMW5D213GABOMCBO.scan
    cd /
    builtin-precompileModule /Users/jasonlee/Library/Developer/Xcode/DerivedData/Notch-ddzsfiyxyoauidejndllmosklbkq/Build/Intermediates.noindex/ExplicitPrecompiledModules/_Builtin_stdint-70D13OQQPQMW5D213GABOMCBO.scan

ScanDependencies /Users/jasonlee/Library/Developer/Xcode/DerivedData/Notch-ddzsfiyxyoauidejndllmosklbkq/Build/Intermediates.noindex/PLCrashReporter.build/Release/CrashReporter.build/Objects-normal/arm64/PLCrashReportSignalInfo.o /Users/jasonlee/Library/Developer/Xcode/DerivedData/Notch-ddzsfiyxyoauidejndllmosklbkq/SourcePackages/checkouts/plcrashreporter/Source/PLCrashReportSignalInfo.m normal arm64 objective-c com.apple.compilers.llvm.clang.1_0.compiler (in target 'CrashReporter' from project 'PLCrashReporter')
    cd /Users/jasonlee/Coding/App/Notch/Notch.xcodeproj
    
    Using response file: /Users/jasonlee/Library/Developer/Xcode/DerivedData/Notch-ddzsfiyxyoauidejndllmosklbkq/Build/Intermediates.noindex/PLCrashReporter.build/Release/CrashReporter.build/Objects-normal/arm64/e6072d4f65d7061329687fe24e3d63a7-common-args.resp
    
    builtin-ScanDependencies -o /Users/jasonlee/Library/Developer/Xcode/DerivedData/Notch-ddzsfiyxyoauidejndllmosklbkq/Build/Intermediates.noindex/PLCrashReporter.build/Release/CrashReporter.build/Objects-normal/arm64/PLCrashReportSignalInfo.o.scan -- /Applications/Xcode.app/Contents/Developer/Toolchains/XcodeDefault.xctoolchain/usr/bin/clang -x objective-c -ivfsstatcache /Users/jasonlee/Library/Developer/Xcode/DerivedData/SDKStatCaches.noindex/macosx26.4-25E251-30f9ca8789b706f8bd3fc906a70d770f.sdkstatcache -target arm64-apple-macos10.13 -fmessage-length\=0 -fdiagnostics-show-note-include-stack -fmacro-backtrace-limit\=0 -fno-color-diagnostics -fmodules-prune-interval\=86400 -fmodules-prune-after\=345600 -fbuild-session-file\=/Users/jasonlee/Library/Developer/Xcode/DerivedData/ModuleCache.noindex/Session.modulevalidation -fmodules-validate-once-per-build-session -Wnon-modular-include-in-framework-module -Werror\=non-modular-include-in-framework-module -Wno-trigraphs -Wno-missing-field-initializers -Wno-missing-prototypes -Wno-return-type -Wno-implicit-atomic-properties -Wno-objc-interface-ivars -Wno-arc-repeated-use-of-weak -Wno-missing-braces -Wparentheses -Wswitch -Wno-unused-function -Wno-unused-label -Wno-unused-parameter -Wno-unused-variable -Wunused-value -Wno-empty-body -Wno-uninitialized -Wno-unknown-pragmas -w -Wno-shadow -Wno-four-char-constants -Wno-conversion -Wno-constant-conversion -Wno-int-conversion -Wno-bool-conversion -Wno-enum-conversion -Wno-float-conversion -Wno-non-literal-null-conversion -Wno-objc-literal-conversion -Wshorten-64-to-32 -Wpointer-sign -Wno-newline-eof -Wno-selector -Wno-strict-selector-match -Wno-undeclared-selector -Wno-deprecated-implementations -Wno-implicit-fallthrough -isysroot /Applications/Xcode.app/Contents/Developer/Platforms/MacOSX.platform/Developer/SDKs/MacOSX26.4.sdk -fstrict-aliasing -Wprotocol -Wdeprecated-declarations -Wno-sign-conversion -Wno-infinite-recursion -Wno-comma -Wno-block-capture-autoreleasing -Wno-strict-prototypes -Wno-semicolon-before-method-body @/Users/jasonlee/Library/Developer/Xcode/DerivedData/Notch-ddzsfiyxyoauidejndllmosklbkq/Build/Intermediates.noindex/PLCrashReporter.build/Release/CrashReporter.build/Objects-normal/arm64/e6072d4f65d7061329687fe24e3d63a7-common-args.resp -include /Users/jasonlee/Library/Developer/Xcode/DerivedData/Notch-ddzsfiyxyoauidejndllmosklbkq/Build/Intermediates.noindex/PLCrashReporter.build/Release/CrashReporter.build/DerivedSources/resource_bundle_accessor.h -MMD -MT dependencies -MF /Users/jasonlee/Library/Developer/Xcode/DerivedData/Notch-ddzsfiyxyoauidejndllmosklbkq/Build/Intermediates.noindex/PLCrashReporter.build/Release/CrashReporter.build/Objects-normal/arm64/PLCrashReportSignalInfo.d --serialize-diagnostics /Users/jasonlee/Library/Developer/Xcode/DerivedData/Notch-ddzsfiyxyoauidejndllmosklbkq/Build/Intermediates.noindex/PLCrashReporter.build/Release/CrashReporter.build/Objects-normal/arm64/PLCrashReportSignalInfo.dia -c /Users/jasonlee/Library/Developer/Xcode/DerivedData/Notch-ddzsfiyxyoauidejndllmosklbkq/SourcePackages/checkouts/plcrashreporter/Source/PLCrashReportSignalInfo.m -o /Users/jasonlee/Library/Developer/Xcode/DerivedData/Notch-ddzsfiyxyoauidejndllmosklbkq/Build/Intermediates.noindex/PLCrashReporter.build/Release/CrashReporter.build/Objects-normal/arm64/PLCrashReportSignalInfo.o

ScanDependencies /Users/jasonlee/Library/Developer/Xcode/DerivedData/Notch-ddzsfiyxyoauidejndllmosklbkq/Build/Intermediates.noindex/PLCrashReporter.build/Release/CrashReporter.build/Objects-normal/arm64/PLCrashReportRegisterInfo.o /Users/jasonlee/Library/Developer/Xcode/DerivedData/Notch-ddzsfiyxyoauidejndllmosklbkq/SourcePackages/checkouts/plcrashreporter/Source/PLCrashReportRegisterInfo.m normal arm64 objective-c com.apple.compilers.llvm.clang.1_0.compiler (in target 'CrashReporter' from project 'PLCrashReporter')
    cd /Users/jasonlee/Coding/App/Notch/Notch.xcodeproj
    
    Using response file: /Users/jasonlee/Library/Developer/Xcode/DerivedData/Notch-ddzsfiyxyoauidejndllmosklbkq/Build/Intermediates.noindex/PLCrashReporter.build/Release/CrashReporter.build/Objects-normal/arm64/e6072d4f65d7061329687fe24e3d63a7-common-args.resp
    
    builtin-ScanDependencies -o /Users/jasonlee/Library/Developer/Xcode/DerivedData/Notch-ddzsfiyxyoauidejndllmosklbkq/Build/Intermediates.noindex/PLCrashReporter.build/Release/CrashReporter.build/Objects-normal/arm64/PLCrashReportRegisterInfo.o.scan -- /Applications/Xcode.app/Contents/Developer/Toolchains/XcodeDefault.xctoolchain/usr/bin/clang -x objective-c -ivfsstatcache /Users/jasonlee/Library/Developer/Xcode/DerivedData/SDKStatCaches.noindex/macosx26.4-25E251-30f9ca8789b706f8bd3fc906a70d770f.sdkstatcache -target arm64-apple-macos10.13 -fmessage-length\=0 -fdiagnostics-show-note-include-stack -fmacro-backtrace-limit\=0 -fno-color-diagnostics -fmodules-prune-interval\=86400 -fmodules-prune-after\=345600 -fbuild-session-file\=/Users/jasonlee/Library/Developer/Xcode/DerivedData/ModuleCache.noindex/Session.modulevalidation -fmodules-validate-once-per-build-session -Wnon-modular-include-in-framework-module -Werror\=non-modular-include-in-framework-module -Wno-trigraphs -Wno-missing-field-initializers -Wno-missing-prototypes -Wno-return-type -Wno-implicit-atomic-properties -Wno-objc-interface-ivars -Wno-arc-repeated-use-of-weak -Wno-missing-braces -Wparentheses -Wswitch -Wno-unused-function -Wno-unused-label -Wno-unused-parameter -Wno-unused-variable -Wunused-value -Wno-empty-body -Wno-uninitialized -Wno-unknown-pragmas -w -Wno-shadow -Wno-four-char-constants -Wno-conversion -Wno-constant-conversion -Wno-int-conversion -Wno-bool-conversion -Wno-enum-conversion -Wno-float-conversion -Wno-non-literal-null-conversion -Wno-objc-literal-conversion -Wshorten-64-to-32 -Wpointer-sign -Wno-newline-eof -Wno-selector -Wno-strict-selector-match -Wno-undeclared-selector -Wno-deprecated-implementations -Wno-implicit-fallthrough -isysroot /Applications/Xcode.app/Contents/Developer/Platforms/MacOSX.platform/Developer/SDKs/MacOSX26.4.sdk -fstrict-aliasing -Wprotocol -Wdeprecated-declarations -Wno-sign-conversion -Wno-infinite-recursion -Wno-comma -Wno-block-capture-autoreleasing -Wno-strict-prototypes -Wno-semicolon-before-method-body @/Users/jasonlee/Library/Developer/Xcode/DerivedData/Notch-ddzsfiyxyoauidejndllmosklbkq/Build/Intermediates.noindex/PLCrashReporter.build/Release/CrashReporter.build/Objects-normal/arm64/e6072d4f65d7061329687fe24e3d63a7-common-args.resp -include /Users/jasonlee/Library/Developer/Xcode/DerivedData/Notch-ddzsfiyxyoauidejndllmosklbkq/Build/Intermediates.noindex/PLCrashReporter.build/Release/CrashReporter.build/DerivedSources/resource_bundle_accessor.h -MMD -MT dependencies -MF /Users/jasonlee/Library/Developer/Xcode/DerivedData/Notch-ddzsfiyxyoauidejndllmosklbkq/Build/Intermediates.noindex/PLCrashReporter.build/Release/CrashReporter.build/Objects-normal/arm64/PLCrashReportRegisterInfo.d --serialize-diagnostics /Users/jasonlee/Library/Developer/Xcode/DerivedData/Notch-ddzsfiyxyoauidejndllmosklbkq/Build/Intermediates.noindex/PLCrashReporter.build/Release/CrashReporter.build/Objects-normal/arm64/PLCrashReportRegisterInfo.dia -c /Users/jasonlee/Library/Developer/Xcode/DerivedData/Notch-ddzsfiyxyoauidejndllmosklbkq/SourcePackages/checkouts/plcrashreporter/Source/PLCrashReportRegisterInfo.m -o /Users/jasonlee/Library/Developer/Xcode/DerivedData/Notch-ddzsfiyxyoauidejndllmosklbkq/Build/Intermediates.noindex/PLCrashReporter.build/Release/CrashReporter.build/Objects-normal/arm64/PLCrashReportRegisterInfo.o

PrecompileModule /Users/jasonlee/Library/Developer/Xcode/DerivedData/Notch-ddzsfiyxyoauidejndllmosklbkq/Build/Intermediates.noindex/ExplicitPrecompiledModules/_DarwinFoundation3-69ABZFAN6F7WNIBYRQZXBAZ2B.scan
    cd /
    builtin-precompileModule /Users/jasonlee/Library/Developer/Xcode/DerivedData/Notch-ddzsfiyxyoauidejndllmosklbkq/Build/Intermediates.noindex/ExplicitPrecompiledModules/_DarwinFoundation3-69ABZFAN6F7WNIBYRQZXBAZ2B.scan

ScanDependencies /Users/jasonlee/Library/Developer/Xcode/DerivedData/Notch-ddzsfiyxyoauidejndllmosklbkq/Build/Intermediates.noindex/PLCrashReporter.build/Release/CrashReporter.build/Objects-normal/arm64/PLCrashReportProcessorInfo.o /Users/jasonlee/Library/Developer/Xcode/DerivedData/Notch-ddzsfiyxyoauidejndllmosklbkq/SourcePackages/checkouts/plcrashreporter/Source/PLCrashReportProcessorInfo.m normal arm64 objective-c com.apple.compilers.llvm.clang.1_0.compiler (in target 'CrashReporter' from project 'PLCrashReporter')
    cd /Users/jasonlee/Coding/App/Notch/Notch.xcodeproj
    
    Using response file: /Users/jasonlee/Library/Developer/Xcode/DerivedData/Notch-ddzsfiyxyoauidejndllmosklbkq/Build/Intermediates.noindex/PLCrashReporter.build/Release/CrashReporter.build/Objects-normal/arm64/e6072d4f65d7061329687fe24e3d63a7-common-args.resp
    
    builtin-ScanDependencies -o /Users/jasonlee/Library/Developer/Xcode/DerivedData/Notch-ddzsfiyxyoauidejndllmosklbkq/Build/Intermediates.noindex/PLCrashReporter.build/Release/CrashReporter.build/Objects-normal/arm64/PLCrashReportProcessorInfo.o.scan -- /Applications/Xcode.app/Contents/Developer/Toolchains/XcodeDefault.xctoolchain/usr/bin/clang -x objective-c -ivfsstatcache /Users/jasonlee/Library/Developer/Xcode/DerivedData/SDKStatCaches.noindex/macosx26.4-25E251-30f9ca8789b706f8bd3fc906a70d770f.sdkstatcache -target arm64-apple-macos10.13 -fmessage-length\=0 -fdiagnostics-show-note-include-stack -fmacro-backtrace-limit\=0 -fno-color-diagnostics -fmodules-prune-interval\=86400 -fmodules-prune-after\=345600 -fbuild-session-file\=/Users/jasonlee/Library/Developer/Xcode/DerivedData/ModuleCache.noindex/Session.modulevalidation -fmodules-validate-once-per-build-session -Wnon-modular-include-in-framework-module -Werror\=non-modular-include-in-framework-module -Wno-trigraphs -Wno-missing-field-initializers -Wno-missing-prototypes -Wno-return-type -Wno-implicit-atomic-properties -Wno-objc-interface-ivars -Wno-arc-repeated-use-of-weak -Wno-missing-braces -Wparentheses -Wswitch -Wno-unused-function -Wno-unused-label -Wno-unused-parameter -Wno-unused-variable -Wunused-value -Wno-empty-body -Wno-uninitialized -Wno-unknown-pragmas -w -Wno-shadow -Wno-four-char-constants -Wno-conversion -Wno-constant-conversion -Wno-int-conversion -Wno-bool-conversion -Wno-enum-conversion -Wno-float-conversion -Wno-non-literal-null-conversion -Wno-objc-literal-conversion -Wshorten-64-to-32 -Wpointer-sign -Wno-newline-eof -Wno-selector -Wno-strict-selector-match -Wno-undeclared-selector -Wno-deprecated-implementations -Wno-implicit-fallthrough -isysroot /Applications/Xcode.app/Contents/Developer/Platforms/MacOSX.platform/Developer/SDKs/MacOSX26.4.sdk -fstrict-aliasing -Wprotocol -Wdeprecated-declarations -Wno-sign-conversion -Wno-infinite-recursion -Wno-comma -Wno-block-capture-autoreleasing -Wno-strict-prototypes -Wno-semicolon-before-method-body @/Users/jasonlee/Library/Developer/Xcode/DerivedData/Notch-ddzsfiyxyoauidejndllmosklbkq/Build/Intermediates.noindex/PLCrashReporter.build/Release/CrashReporter.build/Objects-normal/arm64/e6072d4f65d7061329687fe24e3d63a7-common-args.resp -include /Users/jasonlee/Library/Developer/Xcode/DerivedData/Notch-ddzsfiyxyoauidejndllmosklbkq/Build/Intermediates.noindex/PLCrashReporter.build/Release/CrashReporter.build/DerivedSources/resource_bundle_accessor.h -MMD -MT dependencies -MF /Users/jasonlee/Library/Developer/Xcode/DerivedData/Notch-ddzsfiyxyoauidejndllmosklbkq/Build/Intermediates.noindex/PLCrashReporter.build/Release/CrashReporter.build/Objects-normal/arm64/PLCrashReportProcessorInfo.d --serialize-diagnostics /Users/jasonlee/Library/Developer/Xcode/DerivedData/Notch-ddzsfiyxyoauidejndllmosklbkq/Build/Intermediates.noindex/PLCrashReporter.build/Release/CrashReporter.build/Objects-normal/arm64/PLCrashReportProcessorInfo.dia -c /Users/jasonlee/Library/Developer/Xcode/DerivedData/Notch-ddzsfiyxyoauidejndllmosklbkq/SourcePackages/checkouts/plcrashreporter/Source/PLCrashReportProcessorInfo.m -o /Users/jasonlee/Library/Developer/Xcode/DerivedData/Notch-ddzsfiyxyoauidejndllmosklbkq/Build/Intermediates.noindex/PLCrashReporter.build/Release/CrashReporter.build/Objects-normal/arm64/PLCrashReportProcessorInfo.o

ScanDependencies /Users/jasonlee/Library/Developer/Xcode/DerivedData/Notch-ddzsfiyxyoauidejndllmosklbkq/Build/Intermediates.noindex/PLCrashReporter.build/Release/CrashReporter.build/Objects-normal/arm64/PLCrashReportProcessInfo.o /Users/jasonlee/Library/Developer/Xcode/DerivedData/Notch-ddzsfiyxyoauidejndllmosklbkq/SourcePackages/checkouts/plcrashreporter/Source/PLCrashReportProcessInfo.m normal arm64 objective-c com.apple.compilers.llvm.clang.1_0.compiler (in target 'CrashReporter' from project 'PLCrashReporter')
    cd /Users/jasonlee/Coding/App/Notch/Notch.xcodeproj
    
    Using response file: /Users/jasonlee/Library/Developer/Xcode/DerivedData/Notch-ddzsfiyxyoauidejndllmosklbkq/Build/Intermediates.noindex/PLCrashReporter.build/Release/CrashReporter.build/Objects-normal/arm64/e6072d4f65d7061329687fe24e3d63a7-common-args.resp
    
    builtin-ScanDependencies -o /Users/jasonlee/Library/Developer/Xcode/DerivedData/Notch-ddzsfiyxyoauidejndllmosklbkq/Build/Intermediates.noindex/PLCrashReporter.build/Release/CrashReporter.build/Objects-normal/arm64/PLCrashReportProcessInfo.o.scan -- /Applications/Xcode.app/Contents/Developer/Toolchains/XcodeDefault.xctoolchain/usr/bin/clang -x objective-c -ivfsstatcache /Users/jasonlee/Library/Developer/Xcode/DerivedData/SDKStatCaches.noindex/macosx26.4-25E251-30f9ca8789b706f8bd3fc906a70d770f.sdkstatcache -target arm64-apple-macos10.13 -fmessage-length\=0 -fdiagnostics-show-note-include-stack -fmacro-backtrace-limit\=0 -fno-color-diagnostics -fmodules-prune-interval\=86400 -fmodules-prune-after\=345600 -fbuild-session-file\=/Users/jasonlee/Library/Developer/Xcode/DerivedData/ModuleCache.noindex/Session.modulevalidation -fmodules-validate-once-per-build-session -Wnon-modular-include-in-framework-module -Werror\=non-modular-include-in-framework-module -Wno-trigraphs -Wno-missing-field-initializers -Wno-missing-prototypes -Wno-return-type -Wno-implicit-atomic-properties -Wno-objc-interface-ivars -Wno-arc-repeated-use-of-weak -Wno-missing-braces -Wparentheses -Wswitch -Wno-unused-function -Wno-unused-label -Wno-unused-parameter -Wno-unused-variable -Wunused-value -Wno-empty-body -Wno-uninitialized -Wno-unknown-pragmas -w -Wno-shadow -Wno-four-char-constants -Wno-conversion -Wno-constant-conversion -Wno-int-conversion -Wno-bool-conversion -Wno-enum-conversion -Wno-float-conversion -Wno-non-literal-null-conversion -Wno-objc-literal-conversion -Wshorten-64-to-32 -Wpointer-sign -Wno-newline-eof -Wno-selector -Wno-strict-selector-match -Wno-undeclared-selector -Wno-deprecated-implementations -Wno-implicit-fallthrough -isysroot /Applications/Xcode.app/Contents/Developer/Platforms/MacOSX.platform/Developer/SDKs/MacOSX26.4.sdk -fstrict-aliasing -Wprotocol -Wdeprecated-declarations -Wno-sign-conversion -Wno-infinite-recursion -Wno-comma -Wno-block-capture-autoreleasing -Wno-strict-prototypes -Wno-semicolon-before-method-body @/Users/jasonlee/Library/Developer/Xcode/DerivedData/Notch-ddzsfiyxyoauidejndllmosklbkq/Build/Intermediates.noindex/PLCrashReporter.build/Release/CrashReporter.build/Objects-normal/arm64/e6072d4f65d7061329687fe24e3d63a7-common-args.resp -include /Users/jasonlee/Library/Developer/Xcode/DerivedData/Notch-ddzsfiyxyoauidejndllmosklbkq/Build/Intermediates.noindex/PLCrashReporter.build/Release/CrashReporter.build/DerivedSources/resource_bundle_accessor.h -MMD -MT dependencies -MF /Users/jasonlee/Library/Developer/Xcode/DerivedData/Notch-ddzsfiyxyoauidejndllmosklbkq/Build/Intermediates.noindex/PLCrashReporter.build/Release/CrashReporter.build/Objects-normal/arm64/PLCrashReportProcessInfo.d --serialize-diagnostics /Users/jasonlee/Library/Developer/Xcode/DerivedData/Notch-ddzsfiyxyoauidejndllmosklbkq/Build/Intermediates.noindex/PLCrashReporter.build/Release/CrashReporter.build/Objects-normal/arm64/PLCrashReportProcessInfo.dia -c /Users/jasonlee/Library/Developer/Xcode/DerivedData/Notch-ddzsfiyxyoauidejndllmosklbkq/SourcePackages/checkouts/plcrashreporter/Source/PLCrashReportProcessInfo.m -o /Users/jasonlee/Library/Developer/Xcode/DerivedData/Notch-ddzsfiyxyoauidejndllmosklbkq/Build/Intermediates.noindex/PLCrashReporter.build/Release/CrashReporter.build/Objects-normal/arm64/PLCrashReportProcessInfo.o

PrecompileModule /Users/jasonlee/Library/Developer/Xcode/DerivedData/Notch-ddzsfiyxyoauidejndllmosklbkq/Build/Intermediates.noindex/ExplicitPrecompiledModules/libDER-B2ULZLHM8QMHKAX9HEC648X5A.scan
    cd /
    builtin-precompileModule /Users/jasonlee/Library/Developer/Xcode/DerivedData/Notch-ddzsfiyxyoauidejndllmosklbkq/Build/Intermediates.noindex/ExplicitPrecompiledModules/libDER-B2ULZLHM8QMHKAX9HEC648X5A.scan

PrecompileModule /Users/jasonlee/Library/Developer/Xcode/DerivedData/Notch-ddzsfiyxyoauidejndllmosklbkq/Build/Intermediates.noindex/ExplicitPrecompiledModules/_Builtin_stdatomic-33QPHUG5YK8QU28PEUU99K2SL.scan
    cd /
    builtin-precompileModule /Users/jasonlee/Library/Developer/Xcode/DerivedData/Notch-ddzsfiyxyoauidejndllmosklbkq/Build/Intermediates.noindex/ExplicitPrecompiledModules/_Builtin_stdatomic-33QPHUG5YK8QU28PEUU99K2SL.scan

PrecompileModule /Users/jasonlee/Library/Developer/Xcode/DerivedData/Notch-ddzsfiyxyoauidejndllmosklbkq/Build/Intermediates.noindex/ExplicitPrecompiledModules/_DarwinFoundation3-282PWQK5Q8JLLO974WF4MOXLF.scan
    cd /
    builtin-precompileModule /Users/jasonlee/Library/Developer/Xcode/DerivedData/Notch-ddzsfiyxyoauidejndllmosklbkq/Build/Intermediates.noindex/ExplicitPrecompiledModules/_DarwinFoundation3-282PWQK5Q8JLLO974WF4MOXLF.scan

PrecompileModule /Users/jasonlee/Library/Developer/Xcode/DerivedData/Notch-ddzsfiyxyoauidejndllmosklbkq/Build/Intermediates.noindex/ExplicitPrecompiledModules/launch-7MVTWYIDYS7JL9O3TFYAQ3Y8A.scan
    cd /
    builtin-precompileModule /Users/jasonlee/Library/Developer/Xcode/DerivedData/Notch-ddzsfiyxyoauidejndllmosklbkq/Build/Intermediates.noindex/ExplicitPrecompiledModules/launch-7MVTWYIDYS7JL9O3TFYAQ3Y8A.scan

PrecompileModule /Users/jasonlee/Library/Developer/Xcode/DerivedData/Notch-ddzsfiyxyoauidejndllmosklbkq/Build/Intermediates.noindex/ExplicitPrecompiledModules/MachO-3KVPSJMM3Y7PVPX65647MKKTM.scan
    cd /
    builtin-precompileModule /Users/jasonlee/Library/Developer/Xcode/DerivedData/Notch-ddzsfiyxyoauidejndllmosklbkq/Build/Intermediates.noindex/ExplicitPrecompiledModules/MachO-3KVPSJMM3Y7PVPX65647MKKTM.scan

PrecompileModule /Users/jasonlee/Library/Developer/Xcode/DerivedData/Notch-ddzsfiyxyoauidejndllmosklbkq/Build/Intermediates.noindex/ExplicitPrecompiledModules/libkern-2TY4KYTFJ3T5IWEOQHI60MQBY.scan
    cd /
    builtin-precompileModule /Users/jasonlee/Library/Developer/Xcode/DerivedData/Notch-ddzsfiyxyoauidejndllmosklbkq/Build/Intermediates.noindex/ExplicitPrecompiledModules/libkern-2TY4KYTFJ3T5IWEOQHI60MQBY.scan

ScanDependencies /Users/jasonlee/Library/Developer/Xcode/DerivedData/Notch-ddzsfiyxyoauidejndllmosklbkq/Build/Intermediates.noindex/PLCrashReporter.build/Release/CrashReporter.build/Objects-normal/arm64/PLCrashReportMachineInfo.o /Users/jasonlee/Library/Developer/Xcode/DerivedData/Notch-ddzsfiyxyoauidejndllmosklbkq/SourcePackages/checkouts/plcrashreporter/Source/PLCrashReportMachineInfo.m normal arm64 objective-c com.apple.compilers.llvm.clang.1_0.compiler (in target 'CrashReporter' from project 'PLCrashReporter')
    cd /Users/jasonlee/Coding/App/Notch/Notch.xcodeproj
    
    Using response file: /Users/jasonlee/Library/Developer/Xcode/DerivedData/Notch-ddzsfiyxyoauidejndllmosklbkq/Build/Intermediates.noindex/PLCrashReporter.build/Release/CrashReporter.build/Objects-normal/arm64/e6072d4f65d7061329687fe24e3d63a7-common-args.resp
    
    builtin-ScanDependencies -o /Users/jasonlee/Library/Developer/Xcode/DerivedData/Notch-ddzsfiyxyoauidejndllmosklbkq/Build/Intermediates.noindex/PLCrashReporter.build/Release/CrashReporter.build/Objects-normal/arm64/PLCrashReportMachineInfo.o.scan -- /Applications/Xcode.app/Contents/Developer/Toolchains/XcodeDefault.xctoolchain/usr/bin/clang -x objective-c -ivfsstatcache /Users/jasonlee/Library/Developer/Xcode/DerivedData/SDKStatCaches.noindex/macosx26.4-25E251-30f9ca8789b706f8bd3fc906a70d770f.sdkstatcache -target arm64-apple-macos10.13 -fmessage-length\=0 -fdiagnostics-show-note-include-stack -fmacro-backtrace-limit\=0 -fno-color-diagnostics -fmodules-prune-interval\=86400 -fmodules-prune-after\=345600 -fbuild-session-file\=/Users/jasonlee/Library/Developer/Xcode/DerivedData/ModuleCache.noindex/Session.modulevalidation -fmodules-validate-once-per-build-session -Wnon-modular-include-in-framework-module -Werror\=non-modular-include-in-framework-module -Wno-trigraphs -Wno-missing-field-initializers -Wno-missing-prototypes -Wno-return-type -Wno-implicit-atomic-properties -Wno-objc-interface-ivars -Wno-arc-repeated-use-of-weak -Wno-missing-braces -Wparentheses -Wswitch -Wno-unused-function -Wno-unused-label -Wno-unused-parameter -Wno-unused-variable -Wunused-value -Wno-empty-body -Wno-uninitialized -Wno-unknown-pragmas -w -Wno-shadow -Wno-four-char-constants -Wno-conversion -Wno-constant-conversion -Wno-int-conversion -Wno-bool-conversion -Wno-enum-conversion -Wno-float-conversion -Wno-non-literal-null-conversion -Wno-objc-literal-conversion -Wshorten-64-to-32 -Wpointer-sign -Wno-newline-eof -Wno-selector -Wno-strict-selector-match -Wno-undeclared-selector -Wno-deprecated-implementations -Wno-implicit-fallthrough -isysroot /Applications/Xcode.app/Contents/Developer/Platforms/MacOSX.platform/Developer/SDKs/MacOSX26.4.sdk -fstrict-aliasing -Wprotocol -Wdeprecated-declarations -Wno-sign-conversion -Wno-infinite-recursion -Wno-comma -Wno-block-capture-autoreleasing -Wno-strict-prototypes -Wno-semicolon-before-method-body @/Users/jasonlee/Library/Developer/Xcode/DerivedData/Notch-ddzsfiyxyoauidejndllmosklbkq/Build/Intermediates.noindex/PLCrashReporter.build/Release/CrashReporter.build/Objects-normal/arm64/e6072d4f65d7061329687fe24e3d63a7-common-args.resp -include /Users/jasonlee/Library/Developer/Xcode/DerivedData/Notch-ddzsfiyxyoauidejndllmosklbkq/Build/Intermediates.noindex/PLCrashReporter.build/Release/CrashReporter.build/DerivedSources/resource_bundle_accessor.h -MMD -MT dependencies -MF /Users/jasonlee/Library/Developer/Xcode/DerivedData/Notch-ddzsfiyxyoauidejndllmosklbkq/Build/Intermediates.noindex/PLCrashReporter.build/Release/CrashReporter.build/Objects-normal/arm64/PLCrashReportMachineInfo.d --serialize-diagnostics /Users/jasonlee/Library/Developer/Xcode/DerivedData/Notch-ddzsfiyxyoauidejndllmosklbkq/Build/Intermediates.noindex/PLCrashReporter.build/Release/CrashReporter.build/Objects-normal/arm64/PLCrashReportMachineInfo.dia -c /Users/jasonlee/Library/Developer/Xcode/DerivedData/Notch-ddzsfiyxyoauidejndllmosklbkq/SourcePackages/checkouts/plcrashreporter/Source/PLCrashReportMachineInfo.m -o /Users/jasonlee/Library/Developer/Xcode/DerivedData/Notch-ddzsfiyxyoauidejndllmosklbkq/Build/Intermediates.noindex/PLCrashReporter.build/Release/CrashReporter.build/Objects-normal/arm64/PLCrashReportMachineInfo.o

ScanDependencies /Users/jasonlee/Library/Developer/Xcode/DerivedData/Notch-ddzsfiyxyoauidejndllmosklbkq/Build/Intermediates.noindex/PLCrashReporter.build/Release/CrashReporter.build/Objects-normal/arm64/PLCrashReportMachExceptionInfo.o /Users/jasonlee/Library/Developer/Xcode/DerivedData/Notch-ddzsfiyxyoauidejndllmosklbkq/SourcePackages/checkouts/plcrashreporter/Source/PLCrashReportMachExceptionInfo.m normal arm64 objective-c com.apple.compilers.llvm.clang.1_0.compiler (in target 'CrashReporter' from project 'PLCrashReporter')
    cd /Users/jasonlee/Coding/App/Notch/Notch.xcodeproj
    
    Using response file: /Users/jasonlee/Library/Developer/Xcode/DerivedData/Notch-ddzsfiyxyoauidejndllmosklbkq/Build/Intermediates.noindex/PLCrashReporter.build/Release/CrashReporter.build/Objects-normal/arm64/e6072d4f65d7061329687fe24e3d63a7-common-args.resp
    
    builtin-ScanDependencies -o /Users/jasonlee/Library/Developer/Xcode/DerivedData/Notch-ddzsfiyxyoauidejndllmosklbkq/Build/Intermediates.noindex/PLCrashReporter.build/Release/CrashReporter.build/Objects-normal/arm64/PLCrashReportMachExceptionInfo.o.scan -- /Applications/Xcode.app/Contents/Developer/Toolchains/XcodeDefault.xctoolchain/usr/bin/clang -x objective-c -ivfsstatcache /Users/jasonlee/Library/Developer/Xcode/DerivedData/SDKStatCaches.noindex/macosx26.4-25E251-30f9ca8789b706f8bd3fc906a70d770f.sdkstatcache -target arm64-apple-macos10.13 -fmessage-length\=0 -fdiagnostics-show-note-include-stack -fmacro-backtrace-limit\=0 -fno-color-diagnostics -fmodules-prune-interval\=86400 -fmodules-prune-after\=345600 -fbuild-session-file\=/Users/jasonlee/Library/Developer/Xcode/DerivedData/ModuleCache.noindex/Session.modulevalidation -fmodules-validate-once-per-build-session -Wnon-modular-include-in-framework-module -Werror\=non-modular-include-in-framework-module -Wno-trigraphs -Wno-missing-field-initializers -Wno-missing-prototypes -Wno-return-type -Wno-implicit-atomic-properties -Wno-objc-interface-ivars -Wno-arc-repeated-use-of-weak -Wno-missing-braces -Wparentheses -Wswitch -Wno-unused-function -Wno-unused-label -Wno-unused-parameter -Wno-unused-variable -Wunused-value -Wno-empty-body -Wno-uninitialized -Wno-unknown-pragmas -w -Wno-shadow -Wno-four-char-constants -Wno-conversion -Wno-constant-conversion -Wno-int-conversion -Wno-bool-conversion -Wno-enum-conversion -Wno-float-conversion -Wno-non-literal-null-conversion -Wno-objc-literal-conversion -Wshorten-64-to-32 -Wpointer-sign -Wno-newline-eof -Wno-selector -Wno-strict-selector-match -Wno-undeclared-selector -Wno-deprecated-implementations -Wno-implicit-fallthrough -isysroot /Applications/Xcode.app/Contents/Developer/Platforms/MacOSX.platform/Developer/SDKs/MacOSX26.4.sdk -fstrict-aliasing -Wprotocol -Wdeprecated-declarations -Wno-sign-conversion -Wno-infinite-recursion -Wno-comma -Wno-block-capture-autoreleasing -Wno-strict-prototypes -Wno-semicolon-before-method-body @/Users/jasonlee/Library/Developer/Xcode/DerivedData/Notch-ddzsfiyxyoauidejndllmosklbkq/Build/Intermediates.noindex/PLCrashReporter.build/Release/CrashReporter.build/Objects-normal/arm64/e6072d4f65d7061329687fe24e3d63a7-common-args.resp -include /Users/jasonlee/Library/Developer/Xcode/DerivedData/Notch-ddzsfiyxyoauidejndllmosklbkq/Build/Intermediates.noindex/PLCrashReporter.build/Release/CrashReporter.build/DerivedSources/resource_bundle_accessor.h -MMD -MT dependencies -MF /Users/jasonlee/Library/Developer/Xcode/DerivedData/Notch-ddzsfiyxyoauidejndllmosklbkq/Build/Intermediates.noindex/PLCrashReporter.build/Release/CrashReporter.build/Objects-normal/arm64/PLCrashReportMachExceptionInfo.d --serialize-diagnostics /Users/jasonlee/Library/Developer/Xcode/DerivedData/Notch-ddzsfiyxyoauidejndllmosklbkq/Build/Intermediates.noindex/PLCrashReporter.build/Release/CrashReporter.build/Objects-normal/arm64/PLCrashReportMachExceptionInfo.dia -c /Users/jasonlee/Library/Developer/Xcode/DerivedData/Notch-ddzsfiyxyoauidejndllmosklbkq/SourcePackages/checkouts/plcrashreporter/Source/PLCrashReportMachExceptionInfo.m -o /Users/jasonlee/Library/Developer/Xcode/DerivedData/Notch-ddzsfiyxyoauidejndllmosklbkq/Build/Intermediates.noindex/PLCrashReporter.build/Release/CrashReporter.build/Objects-normal/arm64/PLCrashReportMachExceptionInfo.o

CompileC /Users/jasonlee/Library/Developer/Xcode/DerivedData/Notch-ddzsfiyxyoauidejndllmosklbkq/Build/Intermediates.noindex/PLCrashReporter.build/Release/CrashReporter.build/Objects-normal/arm64/protobuf-c.o /Users/jasonlee/Library/Developer/Xcode/DerivedData/Notch-ddzsfiyxyoauidejndllmosklbkq/SourcePackages/checkouts/plcrashreporter/Dependencies/protobuf-c/protobuf-c/protobuf-c.c normal arm64 c com.apple.compilers.llvm.clang.1_0.compiler (in target 'CrashReporter' from project 'PLCrashReporter')
    cd /Users/jasonlee/Coding/App/Notch/Notch.xcodeproj
    
    Using response file: /Users/jasonlee/Library/Developer/Xcode/DerivedData/Notch-ddzsfiyxyoauidejndllmosklbkq/Build/Intermediates.noindex/PLCrashReporter.build/Release/CrashReporter.build/Objects-normal/arm64/7187679823f38a2a940e0043cdf9d637-common-args.resp
    
    /Applications/Xcode.app/Contents/Developer/Toolchains/XcodeDefault.xctoolchain/usr/bin/clang -x c -ivfsstatcache /Users/jasonlee/Library/Developer/Xcode/DerivedData/SDKStatCaches.noindex/macosx26.4-25E251-30f9ca8789b706f8bd3fc906a70d770f.sdkstatcache -target arm64-apple-macos10.13 -fmessage-length\=0 -fdiagnostics-show-note-include-stack -fmacro-backtrace-limit\=0 -fno-color-diagnostics -fmodules-prune-interval\=86400 -fmodules-prune-after\=345600 -fbuild-session-file\=/Users/jasonlee/Library/Developer/Xcode/DerivedData/ModuleCache.noindex/Session.modulevalidation -fmodules-validate-once-per-build-session -Wnon-modular-include-in-framework-module -Werror\=non-modular-include-in-framework-module -Wno-trigraphs -Wno-missing-field-initializers -Wno-missing-prototypes -Wno-return-type -Wno-missing-braces -Wparentheses -Wswitch -Wno-unused-function -Wno-unused-label -Wno-unused-parameter -Wno-unused-variable -Wunused-value -Wno-empty-body -Wno-uninitialized -Wno-unknown-pragmas -w -Wno-shadow -Wno-four-char-constants -Wno-conversion -Wno-constant-conversion -Wno-int-conversion -Wno-bool-conversion -Wno-enum-conversion -Wno-float-conversion -Wno-non-literal-null-conversion -Wno-objc-literal-conversion -Wshorten-64-to-32 -Wpointer-sign -Wno-newline-eof -Wno-implicit-fallthrough -isysroot /Applications/Xcode.app/Contents/Developer/Platforms/MacOSX.platform/Developer/SDKs/MacOSX26.4.sdk -fstrict-aliasing -Wdeprecated-declarations -Wno-sign-conversion -Wno-infinite-recursion -Wno-comma -Wno-block-capture-autoreleasing -Wno-strict-prototypes -Wno-semicolon-before-method-body @/Users/jasonlee/Library/Developer/Xcode/DerivedData/Notch-ddzsfiyxyoauidejndllmosklbkq/Build/Intermediates.noindex/PLCrashReporter.build/Release/CrashReporter.build/Objects-normal/arm64/7187679823f38a2a940e0043cdf9d637-common-args.resp -MMD -MT dependencies -MF /Users/jasonlee/Library/Developer/Xcode/DerivedData/Notch-ddzsfiyxyoauidejndllmosklbkq/Build/Intermediates.noindex/PLCrashReporter.build/Release/CrashReporter.build/Objects-normal/arm64/protobuf-c.d --serialize-diagnostics /Users/jasonlee/Library/Developer/Xcode/DerivedData/Notch-ddzsfiyxyoauidejndllmosklbkq/Build/Intermediates.noindex/PLCrashReporter.build/Release/CrashReporter.build/Objects-normal/arm64/protobuf-c.dia -c /Users/jasonlee/Library/Developer/Xcode/DerivedData/Notch-ddzsfiyxyoauidejndllmosklbkq/SourcePackages/checkouts/plcrashreporter/Dependencies/protobuf-c/protobuf-c/protobuf-c.c -o /Users/jasonlee/Library/Developer/Xcode/DerivedData/Notch-ddzsfiyxyoauidejndllmosklbkq/Build/Intermediates.noindex/PLCrashReporter.build/Release/CrashReporter.build/Objects-normal/arm64/protobuf-c.o

PrecompileModule /Users/jasonlee/Library/Developer/Xcode/DerivedData/Notch-ddzsfiyxyoauidejndllmosklbkq/Build/Intermediates.noindex/ExplicitPrecompiledModules/_Builtin_inttypes-EKYY7KJ3C4LHF3Z116V8GN06Y.scan
    cd /
    builtin-precompileModule /Users/jasonlee/Library/Developer/Xcode/DerivedData/Notch-ddzsfiyxyoauidejndllmosklbkq/Build/Intermediates.noindex/ExplicitPrecompiledModules/_Builtin_inttypes-EKYY7KJ3C4LHF3Z116V8GN06Y.scan

CompileC /Users/jasonlee/Library/Developer/Xcode/DerivedData/Notch-ddzsfiyxyoauidejndllmosklbkq/Build/Intermediates.noindex/PLCrashReporter.build/Release/CrashReporter.build/Objects-normal/x86_64/PLCrashSysctl.o /Users/jasonlee/Library/Developer/Xcode/DerivedData/Notch-ddzsfiyxyoauidejndllmosklbkq/SourcePackages/checkouts/plcrashreporter/Source/PLCrashSysctl.c normal x86_64 c com.apple.compilers.llvm.clang.1_0.compiler (in target 'CrashReporter' from project 'PLCrashReporter')
    cd /Users/jasonlee/Coding/App/Notch/Notch.xcodeproj
    
    Using response file: /Users/jasonlee/Library/Developer/Xcode/DerivedData/Notch-ddzsfiyxyoauidejndllmosklbkq/Build/Intermediates.noindex/PLCrashReporter.build/Release/CrashReporter.build/Objects-normal/x86_64/7187679823f38a2a940e0043cdf9d637-common-args.resp
    
    /Applications/Xcode.app/Contents/Developer/Toolchains/XcodeDefault.xctoolchain/usr/bin/clang -x c -ivfsstatcache /Users/jasonlee/Library/Developer/Xcode/DerivedData/SDKStatCaches.noindex/macosx26.4-25E251-30f9ca8789b706f8bd3fc906a70d770f.sdkstatcache -target x86_64-apple-macos10.13 -fmessage-length\=0 -fdiagnostics-show-note-include-stack -fmacro-backtrace-limit\=0 -fno-color-diagnostics -fmodules-prune-interval\=86400 -fmodules-prune-after\=345600 -fbuild-session-file\=/Users/jasonlee/Library/Developer/Xcode/DerivedData/ModuleCache.noindex/Session.modulevalidation -fmodules-validate-once-per-build-session -Wnon-modular-include-in-framework-module -Werror\=non-modular-include-in-framework-module -Wno-trigraphs -Wno-missing-field-initializers -Wno-missing-prototypes -Wno-return-type -Wno-missing-braces -Wparentheses -Wswitch -Wno-unused-function -Wno-unused-label -Wno-unused-parameter -Wno-unused-variable -Wunused-value -Wno-empty-body -Wno-uninitialized -Wno-unknown-pragmas -w -Wno-shadow -Wno-four-char-constants -Wno-conversion -Wno-constant-conversion -Wno-int-conversion -Wno-bool-conversion -Wno-enum-conversion -Wno-float-conversion -Wno-non-literal-null-conversion -Wno-objc-literal-conversion -Wshorten-64-to-32 -Wpointer-sign -Wno-newline-eof -Wno-implicit-fallthrough -isysroot /Applications/Xcode.app/Contents/Developer/Platforms/MacOSX.platform/Developer/SDKs/MacOSX26.4.sdk -fstrict-aliasing -Wdeprecated-declarations -Wno-sign-conversion -Wno-infinite-recursion -Wno-comma -Wno-block-capture-autoreleasing -Wno-strict-prototypes -Wno-semicolon-before-method-body @/Users/jasonlee/Library/Developer/Xcode/DerivedData/Notch-ddzsfiyxyoauidejndllmosklbkq/Build/Intermediates.noindex/PLCrashReporter.build/Release/CrashReporter.build/Objects-normal/x86_64/7187679823f38a2a940e0043cdf9d637-common-args.resp -MMD -MT dependencies -MF /Users/jasonlee/Library/Developer/Xcode/DerivedData/Notch-ddzsfiyxyoauidejndllmosklbkq/Build/Intermediates.noindex/PLCrashReporter.build/Release/CrashReporter.build/Objects-normal/x86_64/PLCrashSysctl.d --serialize-diagnostics /Users/jasonlee/Library/Developer/Xcode/DerivedData/Notch-ddzsfiyxyoauidejndllmosklbkq/Build/Intermediates.noindex/PLCrashReporter.build/Release/CrashReporter.build/Objects-normal/x86_64/PLCrashSysctl.dia -c /Users/jasonlee/Library/Developer/Xcode/DerivedData/Notch-ddzsfiyxyoauidejndllmosklbkq/SourcePackages/checkouts/plcrashreporter/Source/PLCrashSysctl.c -o /Users/jasonlee/Library/Developer/Xcode/DerivedData/Notch-ddzsfiyxyoauidejndllmosklbkq/Build/Intermediates.noindex/PLCrashReporter.build/Release/CrashReporter.build/Objects-normal/x86_64/PLCrashSysctl.o

CompileC /Users/jasonlee/Library/Developer/Xcode/DerivedData/Notch-ddzsfiyxyoauidejndllmosklbkq/Build/Intermediates.noindex/PLCrashReporter.build/Release/CrashReporter.build/Objects-normal/x86_64/PLCrashLogWriterEncoding.o /Users/jasonlee/Library/Developer/Xcode/DerivedData/Notch-ddzsfiyxyoauidejndllmosklbkq/SourcePackages/checkouts/plcrashreporter/Source/PLCrashLogWriterEncoding.c normal x86_64 c com.apple.compilers.llvm.clang.1_0.compiler (in target 'CrashReporter' from project 'PLCrashReporter')
    cd /Users/jasonlee/Coding/App/Notch/Notch.xcodeproj
    
    Using response file: /Users/jasonlee/Library/Developer/Xcode/DerivedData/Notch-ddzsfiyxyoauidejndllmosklbkq/Build/Intermediates.noindex/PLCrashReporter.build/Release/CrashReporter.build/Objects-normal/x86_64/7187679823f38a2a940e0043cdf9d637-common-args.resp
    
    /Applications/Xcode.app/Contents/Developer/Toolchains/XcodeDefault.xctoolchain/usr/bin/clang -x c -ivfsstatcache /Users/jasonlee/Library/Developer/Xcode/DerivedData/SDKStatCaches.noindex/macosx26.4-25E251-30f9ca8789b706f8bd3fc906a70d770f.sdkstatcache -target x86_64-apple-macos10.13 -fmessage-length\=0 -fdiagnostics-show-note-include-stack -fmacro-backtrace-limit\=0 -fno-color-diagnostics -fmodules-prune-interval\=86400 -fmodules-prune-after\=345600 -fbuild-session-file\=/Users/jasonlee/Library/Developer/Xcode/DerivedData/ModuleCache.noindex/Session.modulevalidation -fmodules-validate-once-per-build-session -Wnon-modular-include-in-framework-module -Werror\=non-modular-include-in-framework-module -Wno-trigraphs -Wno-missing-field-initializers -Wno-missing-prototypes -Wno-return-type -Wno-missing-braces -Wparentheses -Wswitch -Wno-unused-function -Wno-unused-label -Wno-unused-parameter -Wno-unused-variable -Wunused-value -Wno-empty-body -Wno-uninitialized -Wno-unknown-pragmas -w -Wno-shadow -Wno-four-char-constants -Wno-conversion -Wno-constant-conversion -Wno-int-conversion -Wno-bool-conversion -Wno-enum-conversion -Wno-float-conversion -Wno-non-literal-null-conversion -Wno-objc-literal-conversion -Wshorten-64-to-32 -Wpointer-sign -Wno-newline-eof -Wno-implicit-fallthrough -isysroot /Applications/Xcode.app/Contents/Developer/Platforms/MacOSX.platform/Developer/SDKs/MacOSX26.4.sdk -fstrict-aliasing -Wdeprecated-declarations -Wno-sign-conversion -Wno-infinite-recursion -Wno-comma -Wno-block-capture-autoreleasing -Wno-strict-prototypes -Wno-semicolon-before-method-body @/Users/jasonlee/Library/Developer/Xcode/DerivedData/Notch-ddzsfiyxyoauidejndllmosklbkq/Build/Intermediates.noindex/PLCrashReporter.build/Release/CrashReporter.build/Objects-normal/x86_64/7187679823f38a2a940e0043cdf9d637-common-args.resp -MMD -MT dependencies -MF /Users/jasonlee/Library/Developer/Xcode/DerivedData/Notch-ddzsfiyxyoauidejndllmosklbkq/Build/Intermediates.noindex/PLCrashReporter.build/Release/CrashReporter.build/Objects-normal/x86_64/PLCrashLogWriterEncoding.d --serialize-diagnostics /Users/jasonlee/Library/Developer/Xcode/DerivedData/Notch-ddzsfiyxyoauidejndllmosklbkq/Build/Intermediates.noindex/PLCrashReporter.build/Release/CrashReporter.build/Objects-normal/x86_64/PLCrashLogWriterEncoding.dia -c /Users/jasonlee/Library/Developer/Xcode/DerivedData/Notch-ddzsfiyxyoauidejndllmosklbkq/SourcePackages/checkouts/plcrashreporter/Source/PLCrashLogWriterEncoding.c -o /Users/jasonlee/Library/Developer/Xcode/DerivedData/Notch-ddzsfiyxyoauidejndllmosklbkq/Build/Intermediates.noindex/PLCrashReporter.build/Release/CrashReporter.build/Objects-normal/x86_64/PLCrashLogWriterEncoding.o

CompileC /Users/jasonlee/Library/Developer/Xcode/DerivedData/Notch-ddzsfiyxyoauidejndllmosklbkq/Build/Intermediates.noindex/PLCrashReporter.build/Release/CrashReporter.build/Objects-normal/x86_64/PLCrashAsyncThread_x86.o /Users/jasonlee/Library/Developer/Xcode/DerivedData/Notch-ddzsfiyxyoauidejndllmosklbkq/SourcePackages/checkouts/plcrashreporter/Source/PLCrashAsyncThread_x86.c normal x86_64 c com.apple.compilers.llvm.clang.1_0.compiler (in target 'CrashReporter' from project 'PLCrashReporter')
    cd /Users/jasonlee/Coding/App/Notch/Notch.xcodeproj
    
    Using response file: /Users/jasonlee/Library/Developer/Xcode/DerivedData/Notch-ddzsfiyxyoauidejndllmosklbkq/Build/Intermediates.noindex/PLCrashReporter.build/Release/CrashReporter.build/Objects-normal/x86_64/7187679823f38a2a940e0043cdf9d637-common-args.resp
    
    /Applications/Xcode.app/Contents/Developer/Toolchains/XcodeDefault.xctoolchain/usr/bin/clang -x c -ivfsstatcache /Users/jasonlee/Library/Developer/Xcode/DerivedData/SDKStatCaches.noindex/macosx26.4-25E251-30f9ca8789b706f8bd3fc906a70d770f.sdkstatcache -target x86_64-apple-macos10.13 -fmessage-length\=0 -fdiagnostics-show-note-include-stack -fmacro-backtrace-limit\=0 -fno-color-diagnostics -fmodules-prune-interval\=86400 -fmodules-prune-after\=345600 -fbuild-session-file\=/Users/jasonlee/Library/Developer/Xcode/DerivedData/ModuleCache.noindex/Session.modulevalidation -fmodules-validate-once-per-build-session -Wnon-modular-include-in-framework-module -Werror\=non-modular-include-in-framework-module -Wno-trigraphs -Wno-missing-field-initializers -Wno-missing-prototypes -Wno-return-type -Wno-missing-braces -Wparentheses -Wswitch -Wno-unused-function -Wno-unused-label -Wno-unused-parameter -Wno-unused-variable -Wunused-value -Wno-empty-body -Wno-uninitialized -Wno-unknown-pragmas -w -Wno-shadow -Wno-four-char-constants -Wno-conversion -Wno-constant-conversion -Wno-int-conversion -Wno-bool-conversion -Wno-enum-conversion -Wno-float-conversion -Wno-non-literal-null-conversion -Wno-objc-literal-conversion -Wshorten-64-to-32 -Wpointer-sign -Wno-newline-eof -Wno-implicit-fallthrough -isysroot /Applications/Xcode.app/Contents/Developer/Platforms/MacOSX.platform/Developer/SDKs/MacOSX26.4.sdk -fstrict-aliasing -Wdeprecated-declarations -Wno-sign-conversion -Wno-infinite-recursion -Wno-comma -Wno-block-capture-autoreleasing -Wno-strict-prototypes -Wno-semicolon-before-method-body @/Users/jasonlee/Library/Developer/Xcode/DerivedData/Notch-ddzsfiyxyoauidejndllmosklbkq/Build/Intermediates.noindex/PLCrashReporter.build/Release/CrashReporter.build/Objects-normal/x86_64/7187679823f38a2a940e0043cdf9d637-common-args.resp -MMD -MT dependencies -MF /Users/jasonlee/Library/Developer/Xcode/DerivedData/Notch-ddzsfiyxyoauidejndllmosklbkq/Build/Intermediates.noindex/PLCrashReporter.build/Release/CrashReporter.build/Objects-normal/x86_64/PLCrashAsyncThread_x86.d --serialize-diagnostics /Users/jasonlee/Library/Developer/Xcode/DerivedData/Notch-ddzsfiyxyoauidejndllmosklbkq/Build/Intermediates.noindex/PLCrashReporter.build/Release/CrashReporter.build/Objects-normal/x86_64/PLCrashAsyncThread_x86.dia -c /Users/jasonlee/Library/Developer/Xcode/DerivedData/Notch-ddzsfiyxyoauidejndllmosklbkq/SourcePackages/checkouts/plcrashreporter/Source/PLCrashAsyncThread_x86.c -o /Users/jasonlee/Library/Developer/Xcode/DerivedData/Notch-ddzsfiyxyoauidejndllmosklbkq/Build/Intermediates.noindex/PLCrashReporter.build/Release/CrashReporter.build/Objects-normal/x86_64/PLCrashAsyncThread_x86.o

CompileC /Users/jasonlee/Library/Developer/Xcode/DerivedData/Notch-ddzsfiyxyoauidejndllmosklbkq/Build/Intermediates.noindex/PLCrashReporter.build/Release/CrashReporter.build/Objects-normal/x86_64/PLCrashAsyncThread_current-6de2779a113c59b5dec74d502b7bbc2d.o /Users/jasonlee/Library/Developer/Xcode/DerivedData/Notch-ddzsfiyxyoauidejndllmosklbkq/SourcePackages/checkouts/plcrashreporter/Source/PLCrashAsyncThread_current.c normal x86_64 c com.apple.compilers.llvm.clang.1_0.compiler (in target 'CrashReporter' from project 'PLCrashReporter')
    cd /Users/jasonlee/Coding/App/Notch/Notch.xcodeproj
    
    Using response file: /Users/jasonlee/Library/Developer/Xcode/DerivedData/Notch-ddzsfiyxyoauidejndllmosklbkq/Build/Intermediates.noindex/PLCrashReporter.build/Release/CrashReporter.build/Objects-normal/x86_64/7187679823f38a2a940e0043cdf9d637-common-args.resp
    
    /Applications/Xcode.app/Contents/Developer/Toolchains/XcodeDefault.xctoolchain/usr/bin/clang -x c -ivfsstatcache /Users/jasonlee/Library/Developer/Xcode/DerivedData/SDKStatCaches.noindex/macosx26.4-25E251-30f9ca8789b706f8bd3fc906a70d770f.sdkstatcache -target x86_64-apple-macos10.13 -fmessage-length\=0 -fdiagnostics-show-note-include-stack -fmacro-backtrace-limit\=0 -fno-color-diagnostics -fmodules-prune-interval\=86400 -fmodules-prune-after\=345600 -fbuild-session-file\=/Users/jasonlee/Library/Developer/Xcode/DerivedData/ModuleCache.noindex/Session.modulevalidation -fmodules-validate-once-per-build-session -Wnon-modular-include-in-framework-module -Werror\=non-modular-include-in-framework-module -Wno-trigraphs -Wno-missing-field-initializers -Wno-missing-prototypes -Wno-return-type -Wno-missing-braces -Wparentheses -Wswitch -Wno-unused-function -Wno-unused-label -Wno-unused-parameter -Wno-unused-variable -Wunused-value -Wno-empty-body -Wno-uninitialized -Wno-unknown-pragmas -w -Wno-shadow -Wno-four-char-constants -Wno-conversion -Wno-constant-conversion -Wno-int-conversion -Wno-bool-conversion -Wno-enum-conversion -Wno-float-conversion -Wno-non-literal-null-conversion -Wno-objc-literal-conversion -Wshorten-64-to-32 -Wpointer-sign -Wno-newline-eof -Wno-implicit-fallthrough -isysroot /Applications/Xcode.app/Contents/Developer/Platforms/MacOSX.platform/Developer/SDKs/MacOSX26.4.sdk -fstrict-aliasing -Wdeprecated-declarations -Wno-sign-conversion -Wno-infinite-recursion -Wno-comma -Wno-block-capture-autoreleasing -Wno-strict-prototypes -Wno-semicolon-before-method-body @/Users/jasonlee/Library/Developer/Xcode/DerivedData/Notch-ddzsfiyxyoauidejndllmosklbkq/Build/Intermediates.noindex/PLCrashReporter.build/Release/CrashReporter.build/Objects-normal/x86_64/7187679823f38a2a940e0043cdf9d637-common-args.resp -MMD -MT dependencies -MF /Users/jasonlee/Library/Developer/Xcode/DerivedData/Notch-ddzsfiyxyoauidejndllmosklbkq/Build/Intermediates.noindex/PLCrashReporter.build/Release/CrashReporter.build/Objects-normal/x86_64/PLCrashAsyncThread_current-6de2779a113c59b5dec74d502b7bbc2d.d --serialize-diagnostics /Users/jasonlee/Library/Developer/Xcode/DerivedData/Notch-ddzsfiyxyoauidejndllmosklbkq/Build/Intermediates.noindex/PLCrashReporter.build/Release/CrashReporter.build/Objects-normal/x86_64/PLCrashAsyncThread_current-6de2779a113c59b5dec74d502b7bbc2d.dia -c /Users/jasonlee/Library/Developer/Xcode/DerivedData/Notch-ddzsfiyxyoauidejndllmosklbkq/SourcePackages/checkouts/plcrashreporter/Source/PLCrashAsyncThread_current.c -o /Users/jasonlee/Library/Developer/Xcode/DerivedData/Notch-ddzsfiyxyoauidejndllmosklbkq/Build/Intermediates.noindex/PLCrashReporter.build/Release/CrashReporter.build/Objects-normal/x86_64/PLCrashAsyncThread_current-6de2779a113c59b5dec74d502b7bbc2d.o

CompileC /Users/jasonlee/Library/Developer/Xcode/DerivedData/Notch-ddzsfiyxyoauidejndllmosklbkq/Build/Intermediates.noindex/PLCrashReporter.build/Release/CrashReporter.build/Objects-normal/x86_64/PLCrashAsyncThread_arm.o /Users/jasonlee/Library/Developer/Xcode/DerivedData/Notch-ddzsfiyxyoauidejndllmosklbkq/SourcePackages/checkouts/plcrashreporter/Source/PLCrashAsyncThread_arm.c normal x86_64 c com.apple.compilers.llvm.clang.1_0.compiler (in target 'CrashReporter' from project 'PLCrashReporter')
    cd /Users/jasonlee/Coding/App/Notch/Notch.xcodeproj
    
    Using response file: /Users/jasonlee/Library/Developer/Xcode/DerivedData/Notch-ddzsfiyxyoauidejndllmosklbkq/Build/Intermediates.noindex/PLCrashReporter.build/Release/CrashReporter.build/Objects-normal/x86_64/7187679823f38a2a940e0043cdf9d637-common-args.resp
    
    /Applications/Xcode.app/Contents/Developer/Toolchains/XcodeDefault.xctoolchain/usr/bin/clang -x c -ivfsstatcache /Users/jasonlee/Library/Developer/Xcode/DerivedData/SDKStatCaches.noindex/macosx26.4-25E251-30f9ca8789b706f8bd3fc906a70d770f.sdkstatcache -target x86_64-apple-macos10.13 -fmessage-length\=0 -fdiagnostics-show-note-include-stack -fmacro-backtrace-limit\=0 -fno-color-diagnostics -fmodules-prune-interval\=86400 -fmodules-prune-after\=345600 -fbuild-session-file\=/Users/jasonlee/Library/Developer/Xcode/DerivedData/ModuleCache.noindex/Session.modulevalidation -fmodules-validate-once-per-build-session -Wnon-modular-include-in-framework-module -Werror\=non-modular-include-in-framework-module -Wno-trigraphs -Wno-missing-field-initializers -Wno-missing-prototypes -Wno-return-type -Wno-missing-braces -Wparentheses -Wswitch -Wno-unused-function -Wno-unused-label -Wno-unused-parameter -Wno-unused-variable -Wunused-value -Wno-empty-body -Wno-uninitialized -Wno-unknown-pragmas -w -Wno-shadow -Wno-four-char-constants -Wno-conversion -Wno-constant-conversion -Wno-int-conversion -Wno-bool-conversion -Wno-enum-conversion -Wno-float-conversion -Wno-non-literal-null-conversion -Wno-objc-literal-conversion -Wshorten-64-to-32 -Wpointer-sign -Wno-newline-eof -Wno-implicit-fallthrough -isysroot /Applications/Xcode.app/Contents/Developer/Platforms/MacOSX.platform/Developer/SDKs/MacOSX26.4.sdk -fstrict-aliasing -Wdeprecated-declarations -Wno-sign-conversion -Wno-infinite-recursion -Wno-comma -Wno-block-capture-autoreleasing -Wno-strict-prototypes -Wno-semicolon-before-method-body @/Users/jasonlee/Library/Developer/Xcode/DerivedData/Notch-ddzsfiyxyoauidejndllmosklbkq/Build/Intermediates.noindex/PLCrashReporter.build/Release/CrashReporter.build/Objects-normal/x86_64/7187679823f38a2a940e0043cdf9d637-common-args.resp -MMD -MT dependencies -MF /Users/jasonlee/Library/Developer/Xcode/DerivedData/Notch-ddzsfiyxyoauidejndllmosklbkq/Build/Intermediates.noindex/PLCrashReporter.build/Release/CrashReporter.build/Objects-normal/x86_64/PLCrashAsyncThread_arm.d --serialize-diagnostics /Users/jasonlee/Library/Developer/Xcode/DerivedData/Notch-ddzsfiyxyoauidejndllmosklbkq/Build/Intermediates.noindex/PLCrashReporter.build/Release/CrashReporter.build/Objects-normal/x86_64/PLCrashAsyncThread_arm.dia -c /Users/jasonlee/Library/Developer/Xcode/DerivedData/Notch-ddzsfiyxyoauidejndllmosklbkq/SourcePackages/checkouts/plcrashreporter/Source/PLCrashAsyncThread_arm.c -o /Users/jasonlee/Library/Developer/Xcode/DerivedData/Notch-ddzsfiyxyoauidejndllmosklbkq/Build/Intermediates.noindex/PLCrashReporter.build/Release/CrashReporter.build/Objects-normal/x86_64/PLCrashAsyncThread_arm.o

CompileC /Users/jasonlee/Library/Developer/Xcode/DerivedData/Notch-ddzsfiyxyoauidejndllmosklbkq/Build/Intermediates.noindex/PLCrashReporter.build/Release/CrashReporter.build/Objects-normal/x86_64/PLCrashAsyncThread.o /Users/jasonlee/Library/Developer/Xcode/DerivedData/Notch-ddzsfiyxyoauidejndllmosklbkq/SourcePackages/checkouts/plcrashreporter/Source/PLCrashAsyncThread.c normal x86_64 c com.apple.compilers.llvm.clang.1_0.compiler (in target 'CrashReporter' from project 'PLCrashReporter')
    cd /Users/jasonlee/Coding/App/Notch/Notch.xcodeproj
    
    Using response file: /Users/jasonlee/Library/Developer/Xcode/DerivedData/Notch-ddzsfiyxyoauidejndllmosklbkq/Build/Intermediates.noindex/PLCrashReporter.build/Release/CrashReporter.build/Objects-normal/x86_64/7187679823f38a2a940e0043cdf9d637-common-args.resp
    
    /Applications/Xcode.app/Contents/Developer/Toolchains/XcodeDefault.xctoolchain/usr/bin/clang -x c -ivfsstatcache /Users/jasonlee/Library/Developer/Xcode/DerivedData/SDKStatCaches.noindex/macosx26.4-25E251-30f9ca8789b706f8bd3fc906a70d770f.sdkstatcache -target x86_64-apple-macos10.13 -fmessage-length\=0 -fdiagnostics-show-note-include-stack -fmacro-backtrace-limit\=0 -fno-color-diagnostics -fmodules-prune-interval\=86400 -fmodules-prune-after\=345600 -fbuild-session-file\=/Users/jasonlee/Library/Developer/Xcode/DerivedData/ModuleCache.noindex/Session.modulevalidation -fmodules-validate-once-per-build-session -Wnon-modular-include-in-framework-module -Werror\=non-modular-include-in-framework-module -Wno-trigraphs -Wno-missing-field-initializers -Wno-missing-prototypes -Wno-return-type -Wno-missing-braces -Wparentheses -Wswitch -Wno-unused-function -Wno-unused-label -Wno-unused-parameter -Wno-unused-variable -Wunused-value -Wno-empty-body -Wno-uninitialized -Wno-unknown-pragmas -w -Wno-shadow -Wno-four-char-constants -Wno-conversion -Wno-constant-conversion -Wno-int-conversion -Wno-bool-conversion -Wno-enum-conversion -Wno-float-conversion -Wno-non-literal-null-conversion -Wno-objc-literal-conversion -Wshorten-64-to-32 -Wpointer-sign -Wno-newline-eof -Wno-implicit-fallthrough -isysroot /Applications/Xcode.app/Contents/Developer/Platforms/MacOSX.platform/Developer/SDKs/MacOSX26.4.sdk -fstrict-aliasing -Wdeprecated-declarations -Wno-sign-conversion -Wno-infinite-recursion -Wno-comma -Wno-block-capture-autoreleasing -Wno-strict-prototypes -Wno-semicolon-before-method-body @/Users/jasonlee/Library/Developer/Xcode/DerivedData/Notch-ddzsfiyxyoauidejndllmosklbkq/Build/Intermediates.noindex/PLCrashReporter.build/Release/CrashReporter.build/Objects-normal/x86_64/7187679823f38a2a940e0043cdf9d637-common-args.resp -MMD -MT dependencies -MF /Users/jasonlee/Library/Developer/Xcode/DerivedData/Notch-ddzsfiyxyoauidejndllmosklbkq/Build/Intermediates.noindex/PLCrashReporter.build/Release/CrashReporter.build/Objects-normal/x86_64/PLCrashAsyncThread.d --serialize-diagnostics /Users/jasonlee/Library/Developer/Xcode/DerivedData/Notch-ddzsfiyxyoauidejndllmosklbkq/Build/Intermediates.noindex/PLCrashReporter.build/Release/CrashReporter.build/Objects-normal/x86_64/PLCrashAsyncThread.dia -c /Users/jasonlee/Library/Developer/Xcode/DerivedData/Notch-ddzsfiyxyoauidejndllmosklbkq/SourcePackages/checkouts/plcrashreporter/Source/PLCrashAsyncThread.c -o /Users/jasonlee/Library/Developer/Xcode/DerivedData/Notch-ddzsfiyxyoauidejndllmosklbkq/Build/Intermediates.noindex/PLCrashReporter.build/Release/CrashReporter.build/Objects-normal/x86_64/PLCrashAsyncThread.o

CompileC /Users/jasonlee/Library/Developer/Xcode/DerivedData/Notch-ddzsfiyxyoauidejndllmosklbkq/Build/Intermediates.noindex/PLCrashReporter.build/Release/CrashReporter.build/Objects-normal/x86_64/PLCrashAsyncMachExceptionInfo.o /Users/jasonlee/Library/Developer/Xcode/DerivedData/Notch-ddzsfiyxyoauidejndllmosklbkq/SourcePackages/checkouts/plcrashreporter/Source/PLCrashAsyncMachExceptionInfo.c normal x86_64 c com.apple.compilers.llvm.clang.1_0.compiler (in target 'CrashReporter' from project 'PLCrashReporter')
    cd /Users/jasonlee/Coding/App/Notch/Notch.xcodeproj
    
    Using response file: /Users/jasonlee/Library/Developer/Xcode/DerivedData/Notch-ddzsfiyxyoauidejndllmosklbkq/Build/Intermediates.noindex/PLCrashReporter.build/Release/CrashReporter.build/Objects-normal/x86_64/7187679823f38a2a940e0043cdf9d637-common-args.resp
    
    /Applications/Xcode.app/Contents/Developer/Toolchains/XcodeDefault.xctoolchain/usr/bin/clang -x c -ivfsstatcache /Users/jasonlee/Library/Developer/Xcode/DerivedData/SDKStatCaches.noindex/macosx26.4-25E251-30f9ca8789b706f8bd3fc906a70d770f.sdkstatcache -target x86_64-apple-macos10.13 -fmessage-length\=0 -fdiagnostics-show-note-include-stack -fmacro-backtrace-limit\=0 -fno-color-diagnostics -fmodules-prune-interval\=86400 -fmodules-prune-after\=345600 -fbuild-session-file\=/Users/jasonlee/Library/Developer/Xcode/DerivedData/ModuleCache.noindex/Session.modulevalidation -fmodules-validate-once-per-build-session -Wnon-modular-include-in-framework-module -Werror\=non-modular-include-in-framework-module -Wno-trigraphs -Wno-missing-field-initializers -Wno-missing-prototypes -Wno-return-type -Wno-missing-braces -Wparentheses -Wswitch -Wno-unused-function -Wno-unused-label -Wno-unused-parameter -Wno-unused-variable -Wunused-value -Wno-empty-body -Wno-uninitialized -Wno-unknown-pragmas -w -Wno-shadow -Wno-four-char-constants -Wno-conversion -Wno-constant-conversion -Wno-int-conversion -Wno-bool-conversion -Wno-enum-conversion -Wno-float-conversion -Wno-non-literal-null-conversion -Wno-objc-literal-conversion -Wshorten-64-to-32 -Wpointer-sign -Wno-newline-eof -Wno-implicit-fallthrough -isysroot /Applications/Xcode.app/Contents/Developer/Platforms/MacOSX.platform/Developer/SDKs/MacOSX26.4.sdk -fstrict-aliasing -Wdeprecated-declarations -Wno-sign-conversion -Wno-infinite-recursion -Wno-comma -Wno-block-capture-autoreleasing -Wno-strict-prototypes -Wno-semicolon-before-method-body @/Users/jasonlee/Library/Developer/Xcode/DerivedData/Notch-ddzsfiyxyoauidejndllmosklbkq/Build/Intermediates.noindex/PLCrashReporter.build/Release/CrashReporter.build/Objects-normal/x86_64/7187679823f38a2a940e0043cdf9d637-common-args.resp -MMD -MT dependencies -MF /Users/jasonlee/Library/Developer/Xcode/DerivedData/Notch-ddzsfiyxyoauidejndllmosklbkq/Build/Intermediates.noindex/PLCrashReporter.build/Release/CrashReporter.build/Objects-normal/x86_64/PLCrashAsyncMachExceptionInfo.d --serialize-diagnostics /Users/jasonlee/Library/Developer/Xcode/DerivedData/Notch-ddzsfiyxyoauidejndllmosklbkq/Build/Intermediates.noindex/PLCrashReporter.build/Release/CrashReporter.build/Objects-normal/x86_64/PLCrashAsyncMachExceptionInfo.dia -c /Users/jasonlee/Library/Developer/Xcode/DerivedData/Notch-ddzsfiyxyoauidejndllmosklbkq/SourcePackages/checkouts/plcrashreporter/Source/PLCrashAsyncMachExceptionInfo.c -o /Users/jasonlee/Library/Developer/Xcode/DerivedData/Notch-ddzsfiyxyoauidejndllmosklbkq/Build/Intermediates.noindex/PLCrashReporter.build/Release/CrashReporter.build/Objects-normal/x86_64/PLCrashAsyncMachExceptionInfo.o

CompileC /Users/jasonlee/Library/Developer/Xcode/DerivedData/Notch-ddzsfiyxyoauidejndllmosklbkq/Build/Intermediates.noindex/PLCrashReporter.build/Release/CrashReporter.build/Objects-normal/x86_64/PLCrashAsyncMObject.o /Users/jasonlee/Library/Developer/Xcode/DerivedData/Notch-ddzsfiyxyoauidejndllmosklbkq/SourcePackages/checkouts/plcrashreporter/Source/PLCrashAsyncMObject.c normal x86_64 c com.apple.compilers.llvm.clang.1_0.compiler (in target 'CrashReporter' from project 'PLCrashReporter')
    cd /Users/jasonlee/Coding/App/Notch/Notch.xcodeproj
    
    Using response file: /Users/jasonlee/Library/Developer/Xcode/DerivedData/Notch-ddzsfiyxyoauidejndllmosklbkq/Build/Intermediates.noindex/PLCrashReporter.build/Release/CrashReporter.build/Objects-normal/x86_64/7187679823f38a2a940e0043cdf9d637-common-args.resp
    
    /Applications/Xcode.app/Contents/Developer/Toolchains/XcodeDefault.xctoolchain/usr/bin/clang -x c -ivfsstatcache /Users/jasonlee/Library/Developer/Xcode/DerivedData/SDKStatCaches.noindex/macosx26.4-25E251-30f9ca8789b706f8bd3fc906a70d770f.sdkstatcache -target x86_64-apple-macos10.13 -fmessage-length\=0 -fdiagnostics-show-note-include-stack -fmacro-backtrace-limit\=0 -fno-color-diagnostics -fmodules-prune-interval\=86400 -fmodules-prune-after\=345600 -fbuild-session-file\=/Users/jasonlee/Library/Developer/Xcode/DerivedData/ModuleCache.noindex/Session.modulevalidation -fmodules-validate-once-per-build-session -Wnon-modular-include-in-framework-module -Werror\=non-modular-include-in-framework-module -Wno-trigraphs -Wno-missing-field-initializers -Wno-missing-prototypes -Wno-return-type -Wno-missing-braces -Wparentheses -Wswitch -Wno-unused-function -Wno-unused-label -Wno-unused-parameter -Wno-unused-variable -Wunused-value -Wno-empty-body -Wno-uninitialized -Wno-unknown-pragmas -w -Wno-shadow -Wno-four-char-constants -Wno-conversion -Wno-constant-conversion -Wno-int-conversion -Wno-bool-conversion -Wno-enum-conversion -Wno-float-conversion -Wno-non-literal-null-conversion -Wno-objc-literal-conversion -Wshorten-64-to-32 -Wpointer-sign -Wno-newline-eof -Wno-implicit-fallthrough -isysroot /Applications/Xcode.app/Contents/Developer/Platforms/MacOSX.platform/Developer/SDKs/MacOSX26.4.sdk -fstrict-aliasing -Wdeprecated-declarations -Wno-sign-conversion -Wno-infinite-recursion -Wno-comma -Wno-block-capture-autoreleasing -Wno-strict-prototypes -Wno-semicolon-before-method-body @/Users/jasonlee/Library/Developer/Xcode/DerivedData/Notch-ddzsfiyxyoauidejndllmosklbkq/Build/Intermediates.noindex/PLCrashReporter.build/Release/CrashReporter.build/Objects-normal/x86_64/7187679823f38a2a940e0043cdf9d637-common-args.resp -MMD -MT dependencies -MF /Users/jasonlee/Library/Developer/Xcode/DerivedData/Notch-ddzsfiyxyoauidejndllmosklbkq/Build/Intermediates.noindex/PLCrashReporter.build/Release/CrashReporter.build/Objects-normal/x86_64/PLCrashAsyncMObject.d --serialize-diagnostics /Users/jasonlee/Library/Developer/Xcode/DerivedData/Notch-ddzsfiyxyoauidejndllmosklbkq/Build/Intermediates.noindex/PLCrashReporter.build/Release/CrashReporter.build/Objects-normal/x86_64/PLCrashAsyncMObject.dia -c /Users/jasonlee/Library/Developer/Xcode/DerivedData/Notch-ddzsfiyxyoauidejndllmosklbkq/SourcePackages/checkouts/plcrashreporter/Source/PLCrashAsyncMObject.c -o /Users/jasonlee/Library/Developer/Xcode/DerivedData/Notch-ddzsfiyxyoauidejndllmosklbkq/Build/Intermediates.noindex/PLCrashReporter.build/Release/CrashReporter.build/Objects-normal/x86_64/PLCrashAsyncMObject.o

CompileC /Users/jasonlee/Library/Developer/Xcode/DerivedData/Notch-ddzsfiyxyoauidejndllmosklbkq/Build/Intermediates.noindex/PLCrashReporter.build/Release/CrashReporter.build/Objects-normal/x86_64/PLCrashAsync.o /Users/jasonlee/Library/Developer/Xcode/DerivedData/Notch-ddzsfiyxyoauidejndllmosklbkq/SourcePackages/checkouts/plcrashreporter/Source/PLCrashAsync.c normal x86_64 c com.apple.compilers.llvm.clang.1_0.compiler (in target 'CrashReporter' from project 'PLCrashReporter')
    cd /Users/jasonlee/Coding/App/Notch/Notch.xcodeproj
    
    Using response file: /Users/jasonlee/Library/Developer/Xcode/DerivedData/Notch-ddzsfiyxyoauidejndllmosklbkq/Build/Intermediates.noindex/PLCrashReporter.build/Release/CrashReporter.build/Objects-normal/x86_64/7187679823f38a2a940e0043cdf9d637-common-args.resp
    
    /Applications/Xcode.app/Contents/Developer/Toolchains/XcodeDefault.xctoolchain/usr/bin/clang -x c -ivfsstatcache /Users/jasonlee/Library/Developer/Xcode/DerivedData/SDKStatCaches.noindex/macosx26.4-25E251-30f9ca8789b706f8bd3fc906a70d770f.sdkstatcache -target x86_64-apple-macos10.13 -fmessage-length\=0 -fdiagnostics-show-note-include-stack -fmacro-backtrace-limit\=0 -fno-color-diagnostics -fmodules-prune-interval\=86400 -fmodules-prune-after\=345600 -fbuild-session-file\=/Users/jasonlee/Library/Developer/Xcode/DerivedData/ModuleCache.noindex/Session.modulevalidation -fmodules-validate-once-per-build-session -Wnon-modular-include-in-framework-module -Werror\=non-modular-include-in-framework-module -Wno-trigraphs -Wno-missing-field-initializers -Wno-missing-prototypes -Wno-return-type -Wno-missing-braces -Wparentheses -Wswitch -Wno-unused-function -Wno-unused-label -Wno-unused-parameter -Wno-unused-variable -Wunused-value -Wno-empty-body -Wno-uninitialized -Wno-unknown-pragmas -w -Wno-shadow -Wno-four-char-constants -Wno-conversion -Wno-constant-conversion -Wno-int-conversion -Wno-bool-conversion -Wno-enum-conversion -Wno-float-conversion -Wno-non-literal-null-conversion -Wno-objc-literal-conversion -Wshorten-64-to-32 -Wpointer-sign -Wno-newline-eof -Wno-implicit-fallthrough -isysroot /Applications/Xcode.app/Contents/Developer/Platforms/MacOSX.platform/Developer/SDKs/MacOSX26.4.sdk -fstrict-aliasing -Wdeprecated-declarations -Wno-sign-conversion -Wno-infinite-recursion -Wno-comma -Wno-block-capture-autoreleasing -Wno-strict-prototypes -Wno-semicolon-before-method-body @/Users/jasonlee/Library/Developer/Xcode/DerivedData/Notch-ddzsfiyxyoauidejndllmosklbkq/Build/Intermediates.noindex/PLCrashReporter.build/Release/CrashReporter.build/Objects-normal/x86_64/7187679823f38a2a940e0043cdf9d637-common-args.resp -MMD -MT dependencies -MF /Users/jasonlee/Library/Developer/Xcode/DerivedData/Notch-ddzsfiyxyoauidejndllmosklbkq/Build/Intermediates.noindex/PLCrashReporter.build/Release/CrashReporter.build/Objects-normal/x86_64/PLCrashAsync.d --serialize-diagnostics /Users/jasonlee/Library/Developer/Xcode/DerivedData/Notch-ddzsfiyxyoauidejndllmosklbkq/Build/Intermediates.noindex/PLCrashReporter.build/Release/CrashReporter.build/Objects-normal/x86_64/PLCrashAsync.dia -c /Users/jasonlee/Library/Developer/Xcode/DerivedData/Notch-ddzsfiyxyoauidejndllmosklbkq/SourcePackages/checkouts/plcrashreporter/Source/PLCrashAsync.c -o /Users/jasonlee/Library/Developer/Xcode/DerivedData/Notch-ddzsfiyxyoauidejndllmosklbkq/Build/Intermediates.noindex/PLCrashReporter.build/Release/CrashReporter.build/Objects-normal/x86_64/PLCrashAsync.o

PrecompileModule /Users/jasonlee/Library/Developer/Xcode/DerivedData/Notch-ddzsfiyxyoauidejndllmosklbkq/Build/Intermediates.noindex/ExplicitPrecompiledModules/Darwin-DL4S737FAENM1I29DKNXZ12F4.scan
    cd /
    builtin-precompileModule /Users/jasonlee/Library/Developer/Xcode/DerivedData/Notch-ddzsfiyxyoauidejndllmosklbkq/Build/Intermediates.noindex/ExplicitPrecompiledModules/Darwin-DL4S737FAENM1I29DKNXZ12F4.scan

PrecompileModule /Users/jasonlee/Library/Developer/Xcode/DerivedData/Notch-ddzsfiyxyoauidejndllmosklbkq/Build/Intermediates.noindex/ExplicitPrecompiledModules/MachO-30AILTB1ZS98FFBNO36NAENQF.scan
    cd /
    builtin-precompileModule /Users/jasonlee/Library/Developer/Xcode/DerivedData/Notch-ddzsfiyxyoauidejndllmosklbkq/Build/Intermediates.noindex/ExplicitPrecompiledModules/MachO-30AILTB1ZS98FFBNO36NAENQF.scan

PrecompileModule /Users/jasonlee/Library/Developer/Xcode/DerivedData/Notch-ddzsfiyxyoauidejndllmosklbkq/Build/Intermediates.noindex/ExplicitPrecompiledModules/_Builtin_inttypes-DXF0GWNBE69LHCG5FDVKD1QXQ.scan
    cd /
    builtin-precompileModule /Users/jasonlee/Library/Developer/Xcode/DerivedData/Notch-ddzsfiyxyoauidejndllmosklbkq/Build/Intermediates.noindex/ExplicitPrecompiledModules/_Builtin_inttypes-DXF0GWNBE69LHCG5FDVKD1QXQ.scan

PrecompileModule /Users/jasonlee/Library/Developer/Xcode/DerivedData/Notch-ddzsfiyxyoauidejndllmosklbkq/Build/Intermediates.noindex/ExplicitPrecompiledModules/launch-69KURCURKG145OS1M65JDXZ5H.scan
    cd /
    builtin-precompileModule /Users/jasonlee/Library/Developer/Xcode/DerivedData/Notch-ddzsfiyxyoauidejndllmosklbkq/Build/Intermediates.noindex/ExplicitPrecompiledModules/launch-69KURCURKG145OS1M65JDXZ5H.scan

PrecompileModule /Users/jasonlee/Library/Developer/Xcode/DerivedData/Notch-ddzsfiyxyoauidejndllmosklbkq/Build/Intermediates.noindex/ExplicitPrecompiledModules/Darwin-ERX2J4KXCJKCZR7S3C5N4WHOS.scan
    cd /
    builtin-precompileModule /Users/jasonlee/Library/Developer/Xcode/DerivedData/Notch-ddzsfiyxyoauidejndllmosklbkq/Build/Intermediates.noindex/ExplicitPrecompiledModules/Darwin-ERX2J4KXCJKCZR7S3C5N4WHOS.scan

PrecompileModule /Users/jasonlee/Library/Developer/Xcode/DerivedData/Notch-ddzsfiyxyoauidejndllmosklbkq/Build/Intermediates.noindex/ExplicitPrecompiledModules/ObjectiveC-A1JEWNCYW5CV7TSRU308ZP8J7.scan
    cd /
    builtin-precompileModule /Users/jasonlee/Library/Developer/Xcode/DerivedData/Notch-ddzsfiyxyoauidejndllmosklbkq/Build/Intermediates.noindex/ExplicitPrecompiledModules/ObjectiveC-A1JEWNCYW5CV7TSRU308ZP8J7.scan

PrecompileModule /Users/jasonlee/Library/Developer/Xcode/DerivedData/Notch-ddzsfiyxyoauidejndllmosklbkq/Build/Intermediates.noindex/ExplicitPrecompiledModules/os_object-4U2XI1RC4OBS9TU4GESUIA5XJ.scan
    cd /
    builtin-precompileModule /Users/jasonlee/Library/Developer/Xcode/DerivedData/Notch-ddzsfiyxyoauidejndllmosklbkq/Build/Intermediates.noindex/ExplicitPrecompiledModules/os_object-4U2XI1RC4OBS9TU4GESUIA5XJ.scan

ScanDependencies /Users/jasonlee/Library/Developer/Xcode/DerivedData/Notch-ddzsfiyxyoauidejndllmosklbkq/Build/Intermediates.noindex/PLCrashReporter.build/Release/CrashReporter.build/Objects-normal/arm64/PLCrashReportExceptionInfo.o /Users/jasonlee/Library/Developer/Xcode/DerivedData/Notch-ddzsfiyxyoauidejndllmosklbkq/SourcePackages/checkouts/plcrashreporter/Source/PLCrashReportExceptionInfo.m normal arm64 objective-c com.apple.compilers.llvm.clang.1_0.compiler (in target 'CrashReporter' from project 'PLCrashReporter')
    cd /Users/jasonlee/Coding/App/Notch/Notch.xcodeproj
    
    Using response file: /Users/jasonlee/Library/Developer/Xcode/DerivedData/Notch-ddzsfiyxyoauidejndllmosklbkq/Build/Intermediates.noindex/PLCrashReporter.build/Release/CrashReporter.build/Objects-normal/arm64/e6072d4f65d7061329687fe24e3d63a7-common-args.resp
    
    builtin-ScanDependencies -o /Users/jasonlee/Library/Developer/Xcode/DerivedData/Notch-ddzsfiyxyoauidejndllmosklbkq/Build/Intermediates.noindex/PLCrashReporter.build/Release/CrashReporter.build/Objects-normal/arm64/PLCrashReportExceptionInfo.o.scan -- /Applications/Xcode.app/Contents/Developer/Toolchains/XcodeDefault.xctoolchain/usr/bin/clang -x objective-c -ivfsstatcache /Users/jasonlee/Library/Developer/Xcode/DerivedData/SDKStatCaches.noindex/macosx26.4-25E251-30f9ca8789b706f8bd3fc906a70d770f.sdkstatcache -target arm64-apple-macos10.13 -fmessage-length\=0 -fdiagnostics-show-note-include-stack -fmacro-backtrace-limit\=0 -fno-color-diagnostics -fmodules-prune-interval\=86400 -fmodules-prune-after\=345600 -fbuild-session-file\=/Users/jasonlee/Library/Developer/Xcode/DerivedData/ModuleCache.noindex/Session.modulevalidation -fmodules-validate-once-per-build-session -Wnon-modular-include-in-framework-module -Werror\=non-modular-include-in-framework-module -Wno-trigraphs -Wno-missing-field-initializers -Wno-missing-prototypes -Wno-return-type -Wno-implicit-atomic-properties -Wno-objc-interface-ivars -Wno-arc-repeated-use-of-weak -Wno-missing-braces -Wparentheses -Wswitch -Wno-unused-function -Wno-unused-label -Wno-unused-parameter -Wno-unused-variable -Wunused-value -Wno-empty-body -Wno-uninitialized -Wno-unknown-pragmas -w -Wno-shadow -Wno-four-char-constants -Wno-conversion -Wno-constant-conversion -Wno-int-conversion -Wno-bool-conversion -Wno-enum-conversion -Wno-float-conversion -Wno-non-literal-null-conversion -Wno-objc-literal-conversion -Wshorten-64-to-32 -Wpointer-sign -Wno-newline-eof -Wno-selector -Wno-strict-selector-match -Wno-undeclared-selector -Wno-deprecated-implementations -Wno-implicit-fallthrough -isysroot /Applications/Xcode.app/Contents/Developer/Platforms/MacOSX.platform/Developer/SDKs/MacOSX26.4.sdk -fstrict-aliasing -Wprotocol -Wdeprecated-declarations -Wno-sign-conversion -Wno-infinite-recursion -Wno-comma -Wno-block-capture-autoreleasing -Wno-strict-prototypes -Wno-semicolon-before-method-body @/Users/jasonlee/Library/Developer/Xcode/DerivedData/Notch-ddzsfiyxyoauidejndllmosklbkq/Build/Intermediates.noindex/PLCrashReporter.build/Release/CrashReporter.build/Objects-normal/arm64/e6072d4f65d7061329687fe24e3d63a7-common-args.resp -include /Users/jasonlee/Library/Developer/Xcode/DerivedData/Notch-ddzsfiyxyoauidejndllmosklbkq/Build/Intermediates.noindex/PLCrashReporter.build/Release/CrashReporter.build/DerivedSources/resource_bundle_accessor.h -MMD -MT dependencies -MF /Users/jasonlee/Library/Developer/Xcode/DerivedData/Notch-ddzsfiyxyoauidejndllmosklbkq/Build/Intermediates.noindex/PLCrashReporter.build/Release/CrashReporter.build/Objects-normal/arm64/PLCrashReportExceptionInfo.d --serialize-diagnostics /Users/jasonlee/Library/Developer/Xcode/DerivedData/Notch-ddzsfiyxyoauidejndllmosklbkq/Build/Intermediates.noindex/PLCrashReporter.build/Release/CrashReporter.build/Objects-normal/arm64/PLCrashReportExceptionInfo.dia -c /Users/jasonlee/Library/Developer/Xcode/DerivedData/Notch-ddzsfiyxyoauidejndllmosklbkq/SourcePackages/checkouts/plcrashreporter/Source/PLCrashReportExceptionInfo.m -o /Users/jasonlee/Library/Developer/Xcode/DerivedData/Notch-ddzsfiyxyoauidejndllmosklbkq/Build/Intermediates.noindex/PLCrashReporter.build/Release/CrashReporter.build/Objects-normal/arm64/PLCrashReportExceptionInfo.o

CompileC /Users/jasonlee/Library/Developer/Xcode/DerivedData/Notch-ddzsfiyxyoauidejndllmosklbkq/Build/Intermediates.noindex/PLCrashReporter.build/Release/CrashReporter.build/Objects-normal/x86_64/PLCrashFrameWalker.o /Users/jasonlee/Library/Developer/Xcode/DerivedData/Notch-ddzsfiyxyoauidejndllmosklbkq/SourcePackages/checkouts/plcrashreporter/Source/PLCrashFrameWalker.c normal x86_64 c com.apple.compilers.llvm.clang.1_0.compiler (in target 'CrashReporter' from project 'PLCrashReporter')
    cd /Users/jasonlee/Coding/App/Notch/Notch.xcodeproj
    
    Using response file: /Users/jasonlee/Library/Developer/Xcode/DerivedData/Notch-ddzsfiyxyoauidejndllmosklbkq/Build/Intermediates.noindex/PLCrashReporter.build/Release/CrashReporter.build/Objects-normal/x86_64/7187679823f38a2a940e0043cdf9d637-common-args.resp
    
    /Applications/Xcode.app/Contents/Developer/Toolchains/XcodeDefault.xctoolchain/usr/bin/clang -x c -ivfsstatcache /Users/jasonlee/Library/Developer/Xcode/DerivedData/SDKStatCaches.noindex/macosx26.4-25E251-30f9ca8789b706f8bd3fc906a70d770f.sdkstatcache -target x86_64-apple-macos10.13 -fmessage-length\=0 -fdiagnostics-show-note-include-stack -fmacro-backtrace-limit\=0 -fno-color-diagnostics -fmodules-prune-interval\=86400 -fmodules-prune-after\=345600 -fbuild-session-file\=/Users/jasonlee/Library/Developer/Xcode/DerivedData/ModuleCache.noindex/Session.modulevalidation -fmodules-validate-once-per-build-session -Wnon-modular-include-in-framework-module -Werror\=non-modular-include-in-framework-module -Wno-trigraphs -Wno-missing-field-initializers -Wno-missing-prototypes -Wno-return-type -Wno-missing-braces -Wparentheses -Wswitch -Wno-unused-function -Wno-unused-label -Wno-unused-parameter -Wno-unused-variable -Wunused-value -Wno-empty-body -Wno-uninitialized -Wno-unknown-pragmas -w -Wno-shadow -Wno-four-char-constants -Wno-conversion -Wno-constant-conversion -Wno-int-conversion -Wno-bool-conversion -Wno-enum-conversion -Wno-float-conversion -Wno-non-literal-null-conversion -Wno-objc-literal-conversion -Wshorten-64-to-32 -Wpointer-sign -Wno-newline-eof -Wno-implicit-fallthrough -isysroot /Applications/Xcode.app/Contents/Developer/Platforms/MacOSX.platform/Developer/SDKs/MacOSX26.4.sdk -fstrict-aliasing -Wdeprecated-declarations -Wno-sign-conversion -Wno-infinite-recursion -Wno-comma -Wno-block-capture-autoreleasing -Wno-strict-prototypes -Wno-semicolon-before-method-body @/Users/jasonlee/Library/Developer/Xcode/DerivedData/Notch-ddzsfiyxyoauidejndllmosklbkq/Build/Intermediates.noindex/PLCrashReporter.build/Release/CrashReporter.build/Objects-normal/x86_64/7187679823f38a2a940e0043cdf9d637-common-args.resp -MMD -MT dependencies -MF /Users/jasonlee/Library/Developer/Xcode/DerivedData/Notch-ddzsfiyxyoauidejndllmosklbkq/Build/Intermediates.noindex/PLCrashReporter.build/Release/CrashReporter.build/Objects-normal/x86_64/PLCrashFrameWalker.d --serialize-diagnostics /Users/jasonlee/Library/Developer/Xcode/DerivedData/Notch-ddzsfiyxyoauidejndllmosklbkq/Build/Intermediates.noindex/PLCrashReporter.build/Release/CrashReporter.build/Objects-normal/x86_64/PLCrashFrameWalker.dia -c /Users/jasonlee/Library/Developer/Xcode/DerivedData/Notch-ddzsfiyxyoauidejndllmosklbkq/SourcePackages/checkouts/plcrashreporter/Source/PLCrashFrameWalker.c -o /Users/jasonlee/Library/Developer/Xcode/DerivedData/Notch-ddzsfiyxyoauidejndllmosklbkq/Build/Intermediates.noindex/PLCrashReporter.build/Release/CrashReporter.build/Objects-normal/x86_64/PLCrashFrameWalker.o

CompileC /Users/jasonlee/Library/Developer/Xcode/DerivedData/Notch-ddzsfiyxyoauidejndllmosklbkq/Build/Intermediates.noindex/PLCrashReporter.build/Release/CrashReporter.build/Objects-normal/x86_64/PLCrashFrameStackUnwind.o /Users/jasonlee/Library/Developer/Xcode/DerivedData/Notch-ddzsfiyxyoauidejndllmosklbkq/SourcePackages/checkouts/plcrashreporter/Source/PLCrashFrameStackUnwind.c normal x86_64 c com.apple.compilers.llvm.clang.1_0.compiler (in target 'CrashReporter' from project 'PLCrashReporter')
    cd /Users/jasonlee/Coding/App/Notch/Notch.xcodeproj
    
    Using response file: /Users/jasonlee/Library/Developer/Xcode/DerivedData/Notch-ddzsfiyxyoauidejndllmosklbkq/Build/Intermediates.noindex/PLCrashReporter.build/Release/CrashReporter.build/Objects-normal/x86_64/7187679823f38a2a940e0043cdf9d637-common-args.resp
    
    /Applications/Xcode.app/Contents/Developer/Toolchains/XcodeDefault.xctoolchain/usr/bin/clang -x c -ivfsstatcache /Users/jasonlee/Library/Developer/Xcode/DerivedData/SDKStatCaches.noindex/macosx26.4-25E251-30f9ca8789b706f8bd3fc906a70d770f.sdkstatcache -target x86_64-apple-macos10.13 -fmessage-length\=0 -fdiagnostics-show-note-include-stack -fmacro-backtrace-limit\=0 -fno-color-diagnostics -fmodules-prune-interval\=86400 -fmodules-prune-after\=345600 -fbuild-session-file\=/Users/jasonlee/Library/Developer/Xcode/DerivedData/ModuleCache.noindex/Session.modulevalidation -fmodules-validate-once-per-build-session -Wnon-modular-include-in-framework-module -Werror\=non-modular-include-in-framework-module -Wno-trigraphs -Wno-missing-field-initializers -Wno-missing-prototypes -Wno-return-type -Wno-missing-braces -Wparentheses -Wswitch -Wno-unused-function -Wno-unused-label -Wno-unused-parameter -Wno-unused-variable -Wunused-value -Wno-empty-body -Wno-uninitialized -Wno-unknown-pragmas -w -Wno-shadow -Wno-four-char-constants -Wno-conversion -Wno-constant-conversion -Wno-int-conversion -Wno-bool-conversion -Wno-enum-conversion -Wno-float-conversion -Wno-non-literal-null-conversion -Wno-objc-literal-conversion -Wshorten-64-to-32 -Wpointer-sign -Wno-newline-eof -Wno-implicit-fallthrough -isysroot /Applications/Xcode.app/Contents/Developer/Platforms/MacOSX.platform/Developer/SDKs/MacOSX26.4.sdk -fstrict-aliasing -Wdeprecated-declarations -Wno-sign-conversion -Wno-infinite-recursion -Wno-comma -Wno-block-capture-autoreleasing -Wno-strict-prototypes -Wno-semicolon-before-method-body @/Users/jasonlee/Library/Developer/Xcode/DerivedData/Notch-ddzsfiyxyoauidejndllmosklbkq/Build/Intermediates.noindex/PLCrashReporter.build/Release/CrashReporter.build/Objects-normal/x86_64/7187679823f38a2a940e0043cdf9d637-common-args.resp -MMD -MT dependencies -MF /Users/jasonlee/Library/Developer/Xcode/DerivedData/Notch-ddzsfiyxyoauidejndllmosklbkq/Build/Intermediates.noindex/PLCrashReporter.build/Release/CrashReporter.build/Objects-normal/x86_64/PLCrashFrameStackUnwind.d --serialize-diagnostics /Users/jasonlee/Library/Developer/Xcode/DerivedData/Notch-ddzsfiyxyoauidejndllmosklbkq/Build/Intermediates.noindex/PLCrashReporter.build/Release/CrashReporter.build/Objects-normal/x86_64/PLCrashFrameStackUnwind.dia -c /Users/jasonlee/Library/Developer/Xcode/DerivedData/Notch-ddzsfiyxyoauidejndllmosklbkq/SourcePackages/checkouts/plcrashreporter/Source/PLCrashFrameStackUnwind.c -o /Users/jasonlee/Library/Developer/Xcode/DerivedData/Notch-ddzsfiyxyoauidejndllmosklbkq/Build/Intermediates.noindex/PLCrashReporter.build/Release/CrashReporter.build/Objects-normal/x86_64/PLCrashFrameStackUnwind.o

CompileC /Users/jasonlee/Library/Developer/Xcode/DerivedData/Notch-ddzsfiyxyoauidejndllmosklbkq/Build/Intermediates.noindex/PLCrashReporter.build/Release/CrashReporter.build/Objects-normal/x86_64/PLCrashFrameCompactUnwind.o /Users/jasonlee/Library/Developer/Xcode/DerivedData/Notch-ddzsfiyxyoauidejndllmosklbkq/SourcePackages/checkouts/plcrashreporter/Source/PLCrashFrameCompactUnwind.c normal x86_64 c com.apple.compilers.llvm.clang.1_0.compiler (in target 'CrashReporter' from project 'PLCrashReporter')
    cd /Users/jasonlee/Coding/App/Notch/Notch.xcodeproj
    
    Using response file: /Users/jasonlee/Library/Developer/Xcode/DerivedData/Notch-ddzsfiyxyoauidejndllmosklbkq/Build/Intermediates.noindex/PLCrashReporter.build/Release/CrashReporter.build/Objects-normal/x86_64/7187679823f38a2a940e0043cdf9d637-common-args.resp
    
    /Applications/Xcode.app/Contents/Developer/Toolchains/XcodeDefault.xctoolchain/usr/bin/clang -x c -ivfsstatcache /Users/jasonlee/Library/Developer/Xcode/DerivedData/SDKStatCaches.noindex/macosx26.4-25E251-30f9ca8789b706f8bd3fc906a70d770f.sdkstatcache -target x86_64-apple-macos10.13 -fmessage-length\=0 -fdiagnostics-show-note-include-stack -fmacro-backtrace-limit\=0 -fno-color-diagnostics -fmodules-prune-interval\=86400 -fmodules-prune-after\=345600 -fbuild-session-file\=/Users/jasonlee/Library/Developer/Xcode/DerivedData/ModuleCache.noindex/Session.modulevalidation -fmodules-validate-once-per-build-session -Wnon-modular-include-in-framework-module -Werror\=non-modular-include-in-framework-module -Wno-trigraphs -Wno-missing-field-initializers -Wno-missing-prototypes -Wno-return-type -Wno-missing-braces -Wparentheses -Wswitch -Wno-unused-function -Wno-unused-label -Wno-unused-parameter -Wno-unused-variable -Wunused-value -Wno-empty-body -Wno-uninitialized -Wno-unknown-pragmas -w -Wno-shadow -Wno-four-char-constants -Wno-conversion -Wno-constant-conversion -Wno-int-conversion -Wno-bool-conversion -Wno-enum-conversion -Wno-float-conversion -Wno-non-literal-null-conversion -Wno-objc-literal-conversion -Wshorten-64-to-32 -Wpointer-sign -Wno-newline-eof -Wno-implicit-fallthrough -isysroot /Applications/Xcode.app/Contents/Developer/Platforms/MacOSX.platform/Developer/SDKs/MacOSX26.4.sdk -fstrict-aliasing -Wdeprecated-declarations -Wno-sign-conversion -Wno-infinite-recursion -Wno-comma -Wno-block-capture-autoreleasing -Wno-strict-prototypes -Wno-semicolon-before-method-body @/Users/jasonlee/Library/Developer/Xcode/DerivedData/Notch-ddzsfiyxyoauidejndllmosklbkq/Build/Intermediates.noindex/PLCrashReporter.build/Release/CrashReporter.build/Objects-normal/x86_64/7187679823f38a2a940e0043cdf9d637-common-args.resp -MMD -MT dependencies -MF /Users/jasonlee/Library/Developer/Xcode/DerivedData/Notch-ddzsfiyxyoauidejndllmosklbkq/Build/Intermediates.noindex/PLCrashReporter.build/Release/CrashReporter.build/Objects-normal/x86_64/PLCrashFrameCompactUnwind.d --serialize-diagnostics /Users/jasonlee/Library/Developer/Xcode/DerivedData/Notch-ddzsfiyxyoauidejndllmosklbkq/Build/Intermediates.noindex/PLCrashReporter.build/Release/CrashReporter.build/Objects-normal/x86_64/PLCrashFrameCompactUnwind.dia -c /Users/jasonlee/Library/Developer/Xcode/DerivedData/Notch-ddzsfiyxyoauidejndllmosklbkq/SourcePackages/checkouts/plcrashreporter/Source/PLCrashFrameCompactUnwind.c -o /Users/jasonlee/Library/Developer/Xcode/DerivedData/Notch-ddzsfiyxyoauidejndllmosklbkq/Build/Intermediates.noindex/PLCrashReporter.build/Release/CrashReporter.build/Objects-normal/x86_64/PLCrashFrameCompactUnwind.o

CompileC /Users/jasonlee/Library/Developer/Xcode/DerivedData/Notch-ddzsfiyxyoauidejndllmosklbkq/Build/Intermediates.noindex/PLCrashReporter.build/Release/CrashReporter.build/Objects-normal/x86_64/PLCrashAsyncSymbolication.o /Users/jasonlee/Library/Developer/Xcode/DerivedData/Notch-ddzsfiyxyoauidejndllmosklbkq/SourcePackages/checkouts/plcrashreporter/Source/PLCrashAsyncSymbolication.c normal x86_64 c com.apple.compilers.llvm.clang.1_0.compiler (in target 'CrashReporter' from project 'PLCrashReporter')
    cd /Users/jasonlee/Coding/App/Notch/Notch.xcodeproj
    
    Using response file: /Users/jasonlee/Library/Developer/Xcode/DerivedData/Notch-ddzsfiyxyoauidejndllmosklbkq/Build/Intermediates.noindex/PLCrashReporter.build/Release/CrashReporter.build/Objects-normal/x86_64/7187679823f38a2a940e0043cdf9d637-common-args.resp
    
    /Applications/Xcode.app/Contents/Developer/Toolchains/XcodeDefault.xctoolchain/usr/bin/clang -x c -ivfsstatcache /Users/jasonlee/Library/Developer/Xcode/DerivedData/SDKStatCaches.noindex/macosx26.4-25E251-30f9ca8789b706f8bd3fc906a70d770f.sdkstatcache -target x86_64-apple-macos10.13 -fmessage-length\=0 -fdiagnostics-show-note-include-stack -fmacro-backtrace-limit\=0 -fno-color-diagnostics -fmodules-prune-interval\=86400 -fmodules-prune-after\=345600 -fbuild-session-file\=/Users/jasonlee/Library/Developer/Xcode/DerivedData/ModuleCache.noindex/Session.modulevalidation -fmodules-validate-once-per-build-session -Wnon-modular-include-in-framework-module -Werror\=non-modular-include-in-framework-module -Wno-trigraphs -Wno-missing-field-initializers -Wno-missing-prototypes -Wno-return-type -Wno-missing-braces -Wparentheses -Wswitch -Wno-unused-function -Wno-unused-label -Wno-unused-parameter -Wno-unused-variable -Wunused-value -Wno-empty-body -Wno-uninitialized -Wno-unknown-pragmas -w -Wno-shadow -Wno-four-char-constants -Wno-conversion -Wno-constant-conversion -Wno-int-conversion -Wno-bool-conversion -Wno-enum-conversion -Wno-float-conversion -Wno-non-literal-null-conversion -Wno-objc-literal-conversion -Wshorten-64-to-32 -Wpointer-sign -Wno-newline-eof -Wno-implicit-fallthrough -isysroot /Applications/Xcode.app/Contents/Developer/Platforms/MacOSX.platform/Developer/SDKs/MacOSX26.4.sdk -fstrict-aliasing -Wdeprecated-declarations -Wno-sign-conversion -Wno-infinite-recursion -Wno-comma -Wno-block-capture-autoreleasing -Wno-strict-prototypes -Wno-semicolon-before-method-body @/Users/jasonlee/Library/Developer/Xcode/DerivedData/Notch-ddzsfiyxyoauidejndllmosklbkq/Build/Intermediates.noindex/PLCrashReporter.build/Release/CrashReporter.build/Objects-normal/x86_64/7187679823f38a2a940e0043cdf9d637-common-args.resp -MMD -MT dependencies -MF /Users/jasonlee/Library/Developer/Xcode/DerivedData/Notch-ddzsfiyxyoauidejndllmosklbkq/Build/Intermediates.noindex/PLCrashReporter.build/Release/CrashReporter.build/Objects-normal/x86_64/PLCrashAsyncSymbolication.d --serialize-diagnostics /Users/jasonlee/Library/Developer/Xcode/DerivedData/Notch-ddzsfiyxyoauidejndllmosklbkq/Build/Intermediates.noindex/PLCrashReporter.build/Release/CrashReporter.build/Objects-normal/x86_64/PLCrashAsyncSymbolication.dia -c /Users/jasonlee/Library/Developer/Xcode/DerivedData/Notch-ddzsfiyxyoauidejndllmosklbkq/SourcePackages/checkouts/plcrashreporter/Source/PLCrashAsyncSymbolication.c -o /Users/jasonlee/Library/Developer/Xcode/DerivedData/Notch-ddzsfiyxyoauidejndllmosklbkq/Build/Intermediates.noindex/PLCrashReporter.build/Release/CrashReporter.build/Objects-normal/x86_64/PLCrashAsyncSymbolication.o

CompileC /Users/jasonlee/Library/Developer/Xcode/DerivedData/Notch-ddzsfiyxyoauidejndllmosklbkq/Build/Intermediates.noindex/PLCrashReporter.build/Release/CrashReporter.build/Objects-normal/x86_64/PLCrashAsyncMachOString.o /Users/jasonlee/Library/Developer/Xcode/DerivedData/Notch-ddzsfiyxyoauidejndllmosklbkq/SourcePackages/checkouts/plcrashreporter/Source/PLCrashAsyncMachOString.c normal x86_64 c com.apple.compilers.llvm.clang.1_0.compiler (in target 'CrashReporter' from project 'PLCrashReporter')
    cd /Users/jasonlee/Coding/App/Notch/Notch.xcodeproj
    
    Using response file: /Users/jasonlee/Library/Developer/Xcode/DerivedData/Notch-ddzsfiyxyoauidejndllmosklbkq/Build/Intermediates.noindex/PLCrashReporter.build/Release/CrashReporter.build/Objects-normal/x86_64/7187679823f38a2a940e0043cdf9d637-common-args.resp
    
    /Applications/Xcode.app/Contents/Developer/Toolchains/XcodeDefault.xctoolchain/usr/bin/clang -x c -ivfsstatcache /Users/jasonlee/Library/Developer/Xcode/DerivedData/SDKStatCaches.noindex/macosx26.4-25E251-30f9ca8789b706f8bd3fc906a70d770f.sdkstatcache -target x86_64-apple-macos10.13 -fmessage-length\=0 -fdiagnostics-show-note-include-stack -fmacro-backtrace-limit\=0 -fno-color-diagnostics -fmodules-prune-interval\=86400 -fmodules-prune-after\=345600 -fbuild-session-file\=/Users/jasonlee/Library/Developer/Xcode/DerivedData/ModuleCache.noindex/Session.modulevalidation -fmodules-validate-once-per-build-session -Wnon-modular-include-in-framework-module -Werror\=non-modular-include-in-framework-module -Wno-trigraphs -Wno-missing-field-initializers -Wno-missing-prototypes -Wno-return-type -Wno-missing-braces -Wparentheses -Wswitch -Wno-unused-function -Wno-unused-label -Wno-unused-parameter -Wno-unused-variable -Wunused-value -Wno-empty-body -Wno-uninitialized -Wno-unknown-pragmas -w -Wno-shadow -Wno-four-char-constants -Wno-conversion -Wno-constant-conversion -Wno-int-conversion -Wno-bool-conversion -Wno-enum-conversion -Wno-float-conversion -Wno-non-literal-null-conversion -Wno-objc-literal-conversion -Wshorten-64-to-32 -Wpointer-sign -Wno-newline-eof -Wno-implicit-fallthrough -isysroot /Applications/Xcode.app/Contents/Developer/Platforms/MacOSX.platform/Developer/SDKs/MacOSX26.4.sdk -fstrict-aliasing -Wdeprecated-declarations -Wno-sign-conversion -Wno-infinite-recursion -Wno-comma -Wno-block-capture-autoreleasing -Wno-strict-prototypes -Wno-semicolon-before-method-body @/Users/jasonlee/Library/Developer/Xcode/DerivedData/Notch-ddzsfiyxyoauidejndllmosklbkq/Build/Intermediates.noindex/PLCrashReporter.build/Release/CrashReporter.build/Objects-normal/x86_64/7187679823f38a2a940e0043cdf9d637-common-args.resp -MMD -MT dependencies -MF /Users/jasonlee/Library/Developer/Xcode/DerivedData/Notch-ddzsfiyxyoauidejndllmosklbkq/Build/Intermediates.noindex/PLCrashReporter.build/Release/CrashReporter.build/Objects-normal/x86_64/PLCrashAsyncMachOString.d --serialize-diagnostics /Users/jasonlee/Library/Developer/Xcode/DerivedData/Notch-ddzsfiyxyoauidejndllmosklbkq/Build/Intermediates.noindex/PLCrashReporter.build/Release/CrashReporter.build/Objects-normal/x86_64/PLCrashAsyncMachOString.dia -c /Users/jasonlee/Library/Developer/Xcode/DerivedData/Notch-ddzsfiyxyoauidejndllmosklbkq/SourcePackages/checkouts/plcrashreporter/Source/PLCrashAsyncMachOString.c -o /Users/jasonlee/Library/Developer/Xcode/DerivedData/Notch-ddzsfiyxyoauidejndllmosklbkq/Build/Intermediates.noindex/PLCrashReporter.build/Release/CrashReporter.build/Objects-normal/x86_64/PLCrashAsyncMachOString.o

CompileC /Users/jasonlee/Library/Developer/Xcode/DerivedData/Notch-ddzsfiyxyoauidejndllmosklbkq/Build/Intermediates.noindex/PLCrashReporter.build/Release/CrashReporter.build/Objects-normal/x86_64/PLCrashAsyncMachOImage.o /Users/jasonlee/Library/Developer/Xcode/DerivedData/Notch-ddzsfiyxyoauidejndllmosklbkq/SourcePackages/checkouts/plcrashreporter/Source/PLCrashAsyncMachOImage.c normal x86_64 c com.apple.compilers.llvm.clang.1_0.compiler (in target 'CrashReporter' from project 'PLCrashReporter')
    cd /Users/jasonlee/Coding/App/Notch/Notch.xcodeproj
    
    Using response file: /Users/jasonlee/Library/Developer/Xcode/DerivedData/Notch-ddzsfiyxyoauidejndllmosklbkq/Build/Intermediates.noindex/PLCrashReporter.build/Release/CrashReporter.build/Objects-normal/x86_64/7187679823f38a2a940e0043cdf9d637-common-args.resp
    
    /Applications/Xcode.app/Contents/Developer/Toolchains/XcodeDefault.xctoolchain/usr/bin/clang -x c -ivfsstatcache /Users/jasonlee/Library/Developer/Xcode/DerivedData/SDKStatCaches.noindex/macosx26.4-25E251-30f9ca8789b706f8bd3fc906a70d770f.sdkstatcache -target x86_64-apple-macos10.13 -fmessage-length\=0 -fdiagnostics-show-note-include-stack -fmacro-backtrace-limit\=0 -fno-color-diagnostics -fmodules-prune-interval\=86400 -fmodules-prune-after\=345600 -fbuild-session-file\=/Users/jasonlee/Library/Developer/Xcode/DerivedData/ModuleCache.noindex/Session.modulevalidation -fmodules-validate-once-per-build-session -Wnon-modular-include-in-framework-module -Werror\=non-modular-include-in-framework-module -Wno-trigraphs -Wno-missing-field-initializers -Wno-missing-prototypes -Wno-return-type -Wno-missing-braces -Wparentheses -Wswitch -Wno-unused-function -Wno-unused-label -Wno-unused-parameter -Wno-unused-variable -Wunused-value -Wno-empty-body -Wno-uninitialized -Wno-unknown-pragmas -w -Wno-shadow -Wno-four-char-constants -Wno-conversion -Wno-constant-conversion -Wno-int-conversion -Wno-bool-conversion -Wno-enum-conversion -Wno-float-conversion -Wno-non-literal-null-conversion -Wno-objc-literal-conversion -Wshorten-64-to-32 -Wpointer-sign -Wno-newline-eof -Wno-implicit-fallthrough -isysroot /Applications/Xcode.app/Contents/Developer/Platforms/MacOSX.platform/Developer/SDKs/MacOSX26.4.sdk -fstrict-aliasing -Wdeprecated-declarations -Wno-sign-conversion -Wno-infinite-recursion -Wno-comma -Wno-block-capture-autoreleasing -Wno-strict-prototypes -Wno-semicolon-before-method-body @/Users/jasonlee/Library/Developer/Xcode/DerivedData/Notch-ddzsfiyxyoauidejndllmosklbkq/Build/Intermediates.noindex/PLCrashReporter.build/Release/CrashReporter.build/Objects-normal/x86_64/7187679823f38a2a940e0043cdf9d637-common-args.resp -MMD -MT dependencies -MF /Users/jasonlee/Library/Developer/Xcode/DerivedData/Notch-ddzsfiyxyoauidejndllmosklbkq/Build/Intermediates.noindex/PLCrashReporter.build/Release/CrashReporter.build/Objects-normal/x86_64/PLCrashAsyncMachOImage.d --serialize-diagnostics /Users/jasonlee/Library/Developer/Xcode/DerivedData/Notch-ddzsfiyxyoauidejndllmosklbkq/Build/Intermediates.noindex/PLCrashReporter.build/Release/CrashReporter.build/Objects-normal/x86_64/PLCrashAsyncMachOImage.dia -c /Users/jasonlee/Library/Developer/Xcode/DerivedData/Notch-ddzsfiyxyoauidejndllmosklbkq/SourcePackages/checkouts/plcrashreporter/Source/PLCrashAsyncMachOImage.c -o /Users/jasonlee/Library/Developer/Xcode/DerivedData/Notch-ddzsfiyxyoauidejndllmosklbkq/Build/Intermediates.noindex/PLCrashReporter.build/Release/CrashReporter.build/Objects-normal/x86_64/PLCrashAsyncMachOImage.o

PrecompileModule /Users/jasonlee/Library/Developer/Xcode/DerivedData/Notch-ddzsfiyxyoauidejndllmosklbkq/Build/Intermediates.noindex/ExplicitPrecompiledModules/os_workgroup-3QK0APOM1B5C40QYT63VQY70D.scan
    cd /
    builtin-precompileModule /Users/jasonlee/Library/Developer/Xcode/DerivedData/Notch-ddzsfiyxyoauidejndllmosklbkq/Build/Intermediates.noindex/ExplicitPrecompiledModules/os_workgroup-3QK0APOM1B5C40QYT63VQY70D.scan

PrecompileModule /Users/jasonlee/Library/Developer/Xcode/DerivedData/Notch-ddzsfiyxyoauidejndllmosklbkq/Build/Intermediates.noindex/ExplicitPrecompiledModules/os_object-5G96Y4251S6B9CLKRW85A6ORY.scan
    cd /
    builtin-precompileModule /Users/jasonlee/Library/Developer/Xcode/DerivedData/Notch-ddzsfiyxyoauidejndllmosklbkq/Build/Intermediates.noindex/ExplicitPrecompiledModules/os_object-5G96Y4251S6B9CLKRW85A6ORY.scan

ScanDependencies /Users/jasonlee/Library/Developer/Xcode/DerivedData/Notch-ddzsfiyxyoauidejndllmosklbkq/Build/Intermediates.noindex/PLCrashReporter.build/Release/CrashReporter.build/Objects-normal/arm64/PLCrashReportBinaryImageInfo.o /Users/jasonlee/Library/Developer/Xcode/DerivedData/Notch-ddzsfiyxyoauidejndllmosklbkq/SourcePackages/checkouts/plcrashreporter/Source/PLCrashReportBinaryImageInfo.m normal arm64 objective-c com.apple.compilers.llvm.clang.1_0.compiler (in target 'CrashReporter' from project 'PLCrashReporter')
    cd /Users/jasonlee/Coding/App/Notch/Notch.xcodeproj
    
    Using response file: /Users/jasonlee/Library/Developer/Xcode/DerivedData/Notch-ddzsfiyxyoauidejndllmosklbkq/Build/Intermediates.noindex/PLCrashReporter.build/Release/CrashReporter.build/Objects-normal/arm64/e6072d4f65d7061329687fe24e3d63a7-common-args.resp
    
    builtin-ScanDependencies -o /Users/jasonlee/Library/Developer/Xcode/DerivedData/Notch-ddzsfiyxyoauidejndllmosklbkq/Build/Intermediates.noindex/PLCrashReporter.build/Release/CrashReporter.build/Objects-normal/arm64/PLCrashReportBinaryImageInfo.o.scan -- /Applications/Xcode.app/Contents/Developer/Toolchains/XcodeDefault.xctoolchain/usr/bin/clang -x objective-c -ivfsstatcache /Users/jasonlee/Library/Developer/Xcode/DerivedData/SDKStatCaches.noindex/macosx26.4-25E251-30f9ca8789b706f8bd3fc906a70d770f.sdkstatcache -target arm64-apple-macos10.13 -fmessage-length\=0 -fdiagnostics-show-note-include-stack -fmacro-backtrace-limit\=0 -fno-color-diagnostics -fmodules-prune-interval\=86400 -fmodules-prune-after\=345600 -fbuild-session-file\=/Users/jasonlee/Library/Developer/Xcode/DerivedData/ModuleCache.noindex/Session.modulevalidation -fmodules-validate-once-per-build-session -Wnon-modular-include-in-framework-module -Werror\=non-modular-include-in-framework-module -Wno-trigraphs -Wno-missing-field-initializers -Wno-missing-prototypes -Wno-return-type -Wno-implicit-atomic-properties -Wno-objc-interface-ivars -Wno-arc-repeated-use-of-weak -Wno-missing-braces -Wparentheses -Wswitch -Wno-unused-function -Wno-unused-label -Wno-unused-parameter -Wno-unused-variable -Wunused-value -Wno-empty-body -Wno-uninitialized -Wno-unknown-pragmas -w -Wno-shadow -Wno-four-char-constants -Wno-conversion -Wno-constant-conversion -Wno-int-conversion -Wno-bool-conversion -Wno-enum-conversion -Wno-float-conversion -Wno-non-literal-null-conversion -Wno-objc-literal-conversion -Wshorten-64-to-32 -Wpointer-sign -Wno-newline-eof -Wno-selector -Wno-strict-selector-match -Wno-undeclared-selector -Wno-deprecated-implementations -Wno-implicit-fallthrough -isysroot /Applications/Xcode.app/Contents/Developer/Platforms/MacOSX.platform/Developer/SDKs/MacOSX26.4.sdk -fstrict-aliasing -Wprotocol -Wdeprecated-declarations -Wno-sign-conversion -Wno-infinite-recursion -Wno-comma -Wno-block-capture-autoreleasing -Wno-strict-prototypes -Wno-semicolon-before-method-body @/Users/jasonlee/Library/Developer/Xcode/DerivedData/Notch-ddzsfiyxyoauidejndllmosklbkq/Build/Intermediates.noindex/PLCrashReporter.build/Release/CrashReporter.build/Objects-normal/arm64/e6072d4f65d7061329687fe24e3d63a7-common-args.resp -include /Users/jasonlee/Library/Developer/Xcode/DerivedData/Notch-ddzsfiyxyoauidejndllmosklbkq/Build/Intermediates.noindex/PLCrashReporter.build/Release/CrashReporter.build/DerivedSources/resource_bundle_accessor.h -MMD -MT dependencies -MF /Users/jasonlee/Library/Developer/Xcode/DerivedData/Notch-ddzsfiyxyoauidejndllmosklbkq/Build/Intermediates.noindex/PLCrashReporter.build/Release/CrashReporter.build/Objects-normal/arm64/PLCrashReportBinaryImageInfo.d --serialize-diagnostics /Users/jasonlee/Library/Developer/Xcode/DerivedData/Notch-ddzsfiyxyoauidejndllmosklbkq/Build/Intermediates.noindex/PLCrashReporter.build/Release/CrashReporter.build/Objects-normal/arm64/PLCrashReportBinaryImageInfo.dia -c /Users/jasonlee/Library/Developer/Xcode/DerivedData/Notch-ddzsfiyxyoauidejndllmosklbkq/SourcePackages/checkouts/plcrashreporter/Source/PLCrashReportBinaryImageInfo.m -o /Users/jasonlee/Library/Developer/Xcode/DerivedData/Notch-ddzsfiyxyoauidejndllmosklbkq/Build/Intermediates.noindex/PLCrashReporter.build/Release/CrashReporter.build/Objects-normal/arm64/PLCrashReportBinaryImageInfo.o

ScanDependencies /Users/jasonlee/Library/Developer/Xcode/DerivedData/Notch-ddzsfiyxyoauidejndllmosklbkq/Build/Intermediates.noindex/PLCrashReporter.build/Release/CrashReporter.build/Objects-normal/arm64/PLCrashReportApplicationInfo.o /Users/jasonlee/Library/Developer/Xcode/DerivedData/Notch-ddzsfiyxyoauidejndllmosklbkq/SourcePackages/checkouts/plcrashreporter/Source/PLCrashReportApplicationInfo.m normal arm64 objective-c com.apple.compilers.llvm.clang.1_0.compiler (in target 'CrashReporter' from project 'PLCrashReporter')
    cd /Users/jasonlee/Coding/App/Notch/Notch.xcodeproj
    
    Using response file: /Users/jasonlee/Library/Developer/Xcode/DerivedData/Notch-ddzsfiyxyoauidejndllmosklbkq/Build/Intermediates.noindex/PLCrashReporter.build/Release/CrashReporter.build/Objects-normal/arm64/e6072d4f65d7061329687fe24e3d63a7-common-args.resp
    
    builtin-ScanDependencies -o /Users/jasonlee/Library/Developer/Xcode/DerivedData/Notch-ddzsfiyxyoauidejndllmosklbkq/Build/Intermediates.noindex/PLCrashReporter.build/Release/CrashReporter.build/Objects-normal/arm64/PLCrashReportApplicationInfo.o.scan -- /Applications/Xcode.app/Contents/Developer/Toolchains/XcodeDefault.xctoolchain/usr/bin/clang -x objective-c -ivfsstatcache /Users/jasonlee/Library/Developer/Xcode/DerivedData/SDKStatCaches.noindex/macosx26.4-25E251-30f9ca8789b706f8bd3fc906a70d770f.sdkstatcache -target arm64-apple-macos10.13 -fmessage-length\=0 -fdiagnostics-show-note-include-stack -fmacro-backtrace-limit\=0 -fno-color-diagnostics -fmodules-prune-interval\=86400 -fmodules-prune-after\=345600 -fbuild-session-file\=/Users/jasonlee/Library/Developer/Xcode/DerivedData/ModuleCache.noindex/Session.modulevalidation -fmodules-validate-once-per-build-session -Wnon-modular-include-in-framework-module -Werror\=non-modular-include-in-framework-module -Wno-trigraphs -Wno-missing-field-initializers -Wno-missing-prototypes -Wno-return-type -Wno-implicit-atomic-properties -Wno-objc-interface-ivars -Wno-arc-repeated-use-of-weak -Wno-missing-braces -Wparentheses -Wswitch -Wno-unused-function -Wno-unused-label -Wno-unused-parameter -Wno-unused-variable -Wunused-value -Wno-empty-body -Wno-uninitialized -Wno-unknown-pragmas -w -Wno-shadow -Wno-four-char-constants -Wno-conversion -Wno-constant-conversion -Wno-int-conversion -Wno-bool-conversion -Wno-enum-conversion -Wno-float-conversion -Wno-non-literal-null-conversion -Wno-objc-literal-conversion -Wshorten-64-to-32 -Wpointer-sign -Wno-newline-eof -Wno-selector -Wno-strict-selector-match -Wno-undeclared-selector -Wno-deprecated-implementations -Wno-implicit-fallthrough -isysroot /Applications/Xcode.app/Contents/Developer/Platforms/MacOSX.platform/Developer/SDKs/MacOSX26.4.sdk -fstrict-aliasing -Wprotocol -Wdeprecated-declarations -Wno-sign-conversion -Wno-infinite-recursion -Wno-comma -Wno-block-capture-autoreleasing -Wno-strict-prototypes -Wno-semicolon-before-method-body @/Users/jasonlee/Library/Developer/Xcode/DerivedData/Notch-ddzsfiyxyoauidejndllmosklbkq/Build/Intermediates.noindex/PLCrashReporter.build/Release/CrashReporter.build/Objects-normal/arm64/e6072d4f65d7061329687fe24e3d63a7-common-args.resp -include /Users/jasonlee/Library/Developer/Xcode/DerivedData/Notch-ddzsfiyxyoauidejndllmosklbkq/Build/Intermediates.noindex/PLCrashReporter.build/Release/CrashReporter.build/DerivedSources/resource_bundle_accessor.h -MMD -MT dependencies -MF /Users/jasonlee/Library/Developer/Xcode/DerivedData/Notch-ddzsfiyxyoauidejndllmosklbkq/Build/Intermediates.noindex/PLCrashReporter.build/Release/CrashReporter.build/Objects-normal/arm64/PLCrashReportApplicationInfo.d --serialize-diagnostics /Users/jasonlee/Library/Developer/Xcode/DerivedData/Notch-ddzsfiyxyoauidejndllmosklbkq/Build/Intermediates.noindex/PLCrashReporter.build/Release/CrashReporter.build/Objects-normal/arm64/PLCrashReportApplicationInfo.dia -c /Users/jasonlee/Library/Developer/Xcode/DerivedData/Notch-ddzsfiyxyoauidejndllmosklbkq/SourcePackages/checkouts/plcrashreporter/Source/PLCrashReportApplicationInfo.m -o /Users/jasonlee/Library/Developer/Xcode/DerivedData/Notch-ddzsfiyxyoauidejndllmosklbkq/Build/Intermediates.noindex/PLCrashReporter.build/Release/CrashReporter.build/Objects-normal/arm64/PLCrashReportApplicationInfo.o

ScanDependencies /Users/jasonlee/Library/Developer/Xcode/DerivedData/Notch-ddzsfiyxyoauidejndllmosklbkq/Build/Intermediates.noindex/PLCrashReporter.build/Release/CrashReporter.build/Objects-normal/arm64/PLCrashReport.pb-c.o /Users/jasonlee/Library/Developer/Xcode/DerivedData/Notch-ddzsfiyxyoauidejndllmosklbkq/SourcePackages/checkouts/plcrashreporter/Source/PLCrashReport.pb-c.c normal arm64 c com.apple.compilers.llvm.clang.1_0.compiler (in target 'CrashReporter' from project 'PLCrashReporter')
    cd /Users/jasonlee/Coding/App/Notch/Notch.xcodeproj
    
    Using response file: /Users/jasonlee/Library/Developer/Xcode/DerivedData/Notch-ddzsfiyxyoauidejndllmosklbkq/Build/Intermediates.noindex/PLCrashReporter.build/Release/CrashReporter.build/Objects-normal/arm64/7187679823f38a2a940e0043cdf9d637-common-args.resp
    
    builtin-ScanDependencies -o /Users/jasonlee/Library/Developer/Xcode/DerivedData/Notch-ddzsfiyxyoauidejndllmosklbkq/Build/Intermediates.noindex/PLCrashReporter.build/Release/CrashReporter.build/Objects-normal/arm64/PLCrashReport.pb-c.o.scan -- /Applications/Xcode.app/Contents/Developer/Toolchains/XcodeDefault.xctoolchain/usr/bin/clang -x c -ivfsstatcache /Users/jasonlee/Library/Developer/Xcode/DerivedData/SDKStatCaches.noindex/macosx26.4-25E251-30f9ca8789b706f8bd3fc906a70d770f.sdkstatcache -target arm64-apple-macos10.13 -fmessage-length\=0 -fdiagnostics-show-note-include-stack -fmacro-backtrace-limit\=0 -fno-color-diagnostics -fmodules-prune-interval\=86400 -fmodules-prune-after\=345600 -fbuild-session-file\=/Users/jasonlee/Library/Developer/Xcode/DerivedData/ModuleCache.noindex/Session.modulevalidation -fmodules-validate-once-per-build-session -Wnon-modular-include-in-framework-module -Werror\=non-modular-include-in-framework-module -Wno-trigraphs -Wno-missing-field-initializers -Wno-missing-prototypes -Wno-return-type -Wno-missing-braces -Wparentheses -Wswitch -Wno-unused-function -Wno-unused-label -Wno-unused-parameter -Wno-unused-variable -Wunused-value -Wno-empty-body -Wno-uninitialized -Wno-unknown-pragmas -w -Wno-shadow -Wno-four-char-constants -Wno-conversion -Wno-constant-conversion -Wno-int-conversion -Wno-bool-conversion -Wno-enum-conversion -Wno-float-conversion -Wno-non-literal-null-conversion -Wno-objc-literal-conversion -Wshorten-64-to-32 -Wpointer-sign -Wno-newline-eof -Wno-implicit-fallthrough -isysroot /Applications/Xcode.app/Contents/Developer/Platforms/MacOSX.platform/Developer/SDKs/MacOSX26.4.sdk -fstrict-aliasing -Wdeprecated-declarations -Wno-sign-conversion -Wno-infinite-recursion -Wno-comma -Wno-block-capture-autoreleasing -Wno-strict-prototypes -Wno-semicolon-before-method-body @/Users/jasonlee/Library/Developer/Xcode/DerivedData/Notch-ddzsfiyxyoauidejndllmosklbkq/Build/Intermediates.noindex/PLCrashReporter.build/Release/CrashReporter.build/Objects-normal/arm64/7187679823f38a2a940e0043cdf9d637-common-args.resp -MMD -MT dependencies -MF /Users/jasonlee/Library/Developer/Xcode/DerivedData/Notch-ddzsfiyxyoauidejndllmosklbkq/Build/Intermediates.noindex/PLCrashReporter.build/Release/CrashReporter.build/Objects-normal/arm64/PLCrashReport.pb-c.d --serialize-diagnostics /Users/jasonlee/Library/Developer/Xcode/DerivedData/Notch-ddzsfiyxyoauidejndllmosklbkq/Build/Intermediates.noindex/PLCrashReporter.build/Release/CrashReporter.build/Objects-normal/arm64/PLCrashReport.pb-c.dia -c /Users/jasonlee/Library/Developer/Xcode/DerivedData/Notch-ddzsfiyxyoauidejndllmosklbkq/SourcePackages/checkouts/plcrashreporter/Source/PLCrashReport.pb-c.c -o /Users/jasonlee/Library/Developer/Xcode/DerivedData/Notch-ddzsfiyxyoauidejndllmosklbkq/Build/Intermediates.noindex/PLCrashReporter.build/Release/CrashReporter.build/Objects-normal/arm64/PLCrashReport.pb-c.o

PrecompileModule /Users/jasonlee/Library/Developer/Xcode/DerivedData/Notch-ddzsfiyxyoauidejndllmosklbkq/Build/Intermediates.noindex/ExplicitPrecompiledModules/os_workgroup-4JA5Y6PD0PD03WXLPDVVPH5T6.scan
    cd /
    builtin-precompileModule /Users/jasonlee/Library/Developer/Xcode/DerivedData/Notch-ddzsfiyxyoauidejndllmosklbkq/Build/Intermediates.noindex/ExplicitPrecompiledModules/os_workgroup-4JA5Y6PD0PD03WXLPDVVPH5T6.scan

PrecompileModule /Users/jasonlee/Library/Developer/Xcode/DerivedData/Notch-ddzsfiyxyoauidejndllmosklbkq/Build/Intermediates.noindex/ExplicitPrecompiledModules/Dispatch-C3M758IXMW0A4WVNP0E5HS3Y7.scan
    cd /
    builtin-precompileModule /Users/jasonlee/Library/Developer/Xcode/DerivedData/Notch-ddzsfiyxyoauidejndllmosklbkq/Build/Intermediates.noindex/ExplicitPrecompiledModules/Dispatch-C3M758IXMW0A4WVNP0E5HS3Y7.scan

ScanDependencies /Users/jasonlee/Library/Developer/Xcode/DerivedData/Notch-ddzsfiyxyoauidejndllmosklbkq/Build/Intermediates.noindex/PLCrashReporter.build/Release/CrashReporter.build/Objects-normal/arm64/PLCrashReport.o /Users/jasonlee/Library/Developer/Xcode/DerivedData/Notch-ddzsfiyxyoauidejndllmosklbkq/SourcePackages/checkouts/plcrashreporter/Source/PLCrashReport.m normal arm64 objective-c com.apple.compilers.llvm.clang.1_0.compiler (in target 'CrashReporter' from project 'PLCrashReporter')
    cd /Users/jasonlee/Coding/App/Notch/Notch.xcodeproj
    
    Using response file: /Users/jasonlee/Library/Developer/Xcode/DerivedData/Notch-ddzsfiyxyoauidejndllmosklbkq/Build/Intermediates.noindex/PLCrashReporter.build/Release/CrashReporter.build/Objects-normal/arm64/e6072d4f65d7061329687fe24e3d63a7-common-args.resp
    
    builtin-ScanDependencies -o /Users/jasonlee/Library/Developer/Xcode/DerivedData/Notch-ddzsfiyxyoauidejndllmosklbkq/Build/Intermediates.noindex/PLCrashReporter.build/Release/CrashReporter.build/Objects-normal/arm64/PLCrashReport.o.scan -- /Applications/Xcode.app/Contents/Developer/Toolchains/XcodeDefault.xctoolchain/usr/bin/clang -x objective-c -ivfsstatcache /Users/jasonlee/Library/Developer/Xcode/DerivedData/SDKStatCaches.noindex/macosx26.4-25E251-30f9ca8789b706f8bd3fc906a70d770f.sdkstatcache -target arm64-apple-macos10.13 -fmessage-length\=0 -fdiagnostics-show-note-include-stack -fmacro-backtrace-limit\=0 -fno-color-diagnostics -fmodules-prune-interval\=86400 -fmodules-prune-after\=345600 -fbuild-session-file\=/Users/jasonlee/Library/Developer/Xcode/DerivedData/ModuleCache.noindex/Session.modulevalidation -fmodules-validate-once-per-build-session -Wnon-modular-include-in-framework-module -Werror\=non-modular-include-in-framework-module -Wno-trigraphs -Wno-missing-field-initializers -Wno-missing-prototypes -Wno-return-type -Wno-implicit-atomic-properties -Wno-objc-interface-ivars -Wno-arc-repeated-use-of-weak -Wno-missing-braces -Wparentheses -Wswitch -Wno-unused-function -Wno-unused-label -Wno-unused-parameter -Wno-unused-variable -Wunused-value -Wno-empty-body -Wno-uninitialized -Wno-unknown-pragmas -w -Wno-shadow -Wno-four-char-constants -Wno-conversion -Wno-constant-conversion -Wno-int-conversion -Wno-bool-conversion -Wno-enum-conversion -Wno-float-conversion -Wno-non-literal-null-conversion -Wno-objc-literal-conversion -Wshorten-64-to-32 -Wpointer-sign -Wno-newline-eof -Wno-selector -Wno-strict-selector-match -Wno-undeclared-selector -Wno-deprecated-implementations -Wno-implicit-fallthrough -isysroot /Applications/Xcode.app/Contents/Developer/Platforms/MacOSX.platform/Developer/SDKs/MacOSX26.4.sdk -fstrict-aliasing -Wprotocol -Wdeprecated-declarations -Wno-sign-conversion -Wno-infinite-recursion -Wno-comma -Wno-block-capture-autoreleasing -Wno-strict-prototypes -Wno-semicolon-before-method-body @/Users/jasonlee/Library/Developer/Xcode/DerivedData/Notch-ddzsfiyxyoauidejndllmosklbkq/Build/Intermediates.noindex/PLCrashReporter.build/Release/CrashReporter.build/Objects-normal/arm64/e6072d4f65d7061329687fe24e3d63a7-common-args.resp -include /Users/jasonlee/Library/Developer/Xcode/DerivedData/Notch-ddzsfiyxyoauidejndllmosklbkq/Build/Intermediates.noindex/PLCrashReporter.build/Release/CrashReporter.build/DerivedSources/resource_bundle_accessor.h -MMD -MT dependencies -MF /Users/jasonlee/Library/Developer/Xcode/DerivedData/Notch-ddzsfiyxyoauidejndllmosklbkq/Build/Intermediates.noindex/PLCrashReporter.build/Release/CrashReporter.build/Objects-normal/arm64/PLCrashReport.d --serialize-diagnostics /Users/jasonlee/Library/Developer/Xcode/DerivedData/Notch-ddzsfiyxyoauidejndllmosklbkq/Build/Intermediates.noindex/PLCrashReporter.build/Release/CrashReporter.build/Objects-normal/arm64/PLCrashReport.dia -c /Users/jasonlee/Library/Developer/Xcode/DerivedData/Notch-ddzsfiyxyoauidejndllmosklbkq/SourcePackages/checkouts/plcrashreporter/Source/PLCrashReport.m -o /Users/jasonlee/Library/Developer/Xcode/DerivedData/Notch-ddzsfiyxyoauidejndllmosklbkq/Build/Intermediates.noindex/PLCrashReporter.build/Release/CrashReporter.build/Objects-normal/arm64/PLCrashReport.o

ScanDependencies /Users/jasonlee/Library/Developer/Xcode/DerivedData/Notch-ddzsfiyxyoauidejndllmosklbkq/Build/Intermediates.noindex/PLCrashReporter.build/Release/CrashReporter.build/Objects-normal/arm64/PLCrashProcessInfo.o /Users/jasonlee/Library/Developer/Xcode/DerivedData/Notch-ddzsfiyxyoauidejndllmosklbkq/SourcePackages/checkouts/plcrashreporter/Source/PLCrashProcessInfo.m normal arm64 objective-c com.apple.compilers.llvm.clang.1_0.compiler (in target 'CrashReporter' from project 'PLCrashReporter')
    cd /Users/jasonlee/Coding/App/Notch/Notch.xcodeproj
    
    Using response file: /Users/jasonlee/Library/Developer/Xcode/DerivedData/Notch-ddzsfiyxyoauidejndllmosklbkq/Build/Intermediates.noindex/PLCrashReporter.build/Release/CrashReporter.build/Objects-normal/arm64/e6072d4f65d7061329687fe24e3d63a7-common-args.resp
    
    builtin-ScanDependencies -o /Users/jasonlee/Library/Developer/Xcode/DerivedData/Notch-ddzsfiyxyoauidejndllmosklbkq/Build/Intermediates.noindex/PLCrashReporter.build/Release/CrashReporter.build/Objects-normal/arm64/PLCrashProcessInfo.o.scan -- /Applications/Xcode.app/Contents/Developer/Toolchains/XcodeDefault.xctoolchain/usr/bin/clang -x objective-c -ivfsstatcache /Users/jasonlee/Library/Developer/Xcode/DerivedData/SDKStatCaches.noindex/macosx26.4-25E251-30f9ca8789b706f8bd3fc906a70d770f.sdkstatcache -target arm64-apple-macos10.13 -fmessage-length\=0 -fdiagnostics-show-note-include-stack -fmacro-backtrace-limit\=0 -fno-color-diagnostics -fmodules-prune-interval\=86400 -fmodules-prune-after\=345600 -fbuild-session-file\=/Users/jasonlee/Library/Developer/Xcode/DerivedData/ModuleCache.noindex/Session.modulevalidation -fmodules-validate-once-per-build-session -Wnon-modular-include-in-framework-module -Werror\=non-modular-include-in-framework-module -Wno-trigraphs -Wno-missing-field-initializers -Wno-missing-prototypes -Wno-return-type -Wno-implicit-atomic-properties -Wno-objc-interface-ivars -Wno-arc-repeated-use-of-weak -Wno-missing-braces -Wparentheses -Wswitch -Wno-unused-function -Wno-unused-label -Wno-unused-parameter -Wno-unused-variable -Wunused-value -Wno-empty-body -Wno-uninitialized -Wno-unknown-pragmas -w -Wno-shadow -Wno-four-char-constants -Wno-conversion -Wno-constant-conversion -Wno-int-conversion -Wno-bool-conversion -Wno-enum-conversion -Wno-float-conversion -Wno-non-literal-null-conversion -Wno-objc-literal-conversion -Wshorten-64-to-32 -Wpointer-sign -Wno-newline-eof -Wno-selector -Wno-strict-selector-match -Wno-undeclared-selector -Wno-deprecated-implementations -Wno-implicit-fallthrough -isysroot /Applications/Xcode.app/Contents/Developer/Platforms/MacOSX.platform/Developer/SDKs/MacOSX26.4.sdk -fstrict-aliasing -Wprotocol -Wdeprecated-declarations -Wno-sign-conversion -Wno-infinite-recursion -Wno-comma -Wno-block-capture-autoreleasing -Wno-strict-prototypes -Wno-semicolon-before-method-body @/Users/jasonlee/Library/Developer/Xcode/DerivedData/Notch-ddzsfiyxyoauidejndllmosklbkq/Build/Intermediates.noindex/PLCrashReporter.build/Release/CrashReporter.build/Objects-normal/arm64/e6072d4f65d7061329687fe24e3d63a7-common-args.resp -include /Users/jasonlee/Library/Developer/Xcode/DerivedData/Notch-ddzsfiyxyoauidejndllmosklbkq/Build/Intermediates.noindex/PLCrashReporter.build/Release/CrashReporter.build/DerivedSources/resource_bundle_accessor.h -MMD -MT dependencies -MF /Users/jasonlee/Library/Developer/Xcode/DerivedData/Notch-ddzsfiyxyoauidejndllmosklbkq/Build/Intermediates.noindex/PLCrashReporter.build/Release/CrashReporter.build/Objects-normal/arm64/PLCrashProcessInfo.d --serialize-diagnostics /Users/jasonlee/Library/Developer/Xcode/DerivedData/Notch-ddzsfiyxyoauidejndllmosklbkq/Build/Intermediates.noindex/PLCrashReporter.build/Release/CrashReporter.build/Objects-normal/arm64/PLCrashProcessInfo.dia -c /Users/jasonlee/Library/Developer/Xcode/DerivedData/Notch-ddzsfiyxyoauidejndllmosklbkq/SourcePackages/checkouts/plcrashreporter/Source/PLCrashProcessInfo.m -o /Users/jasonlee/Library/Developer/Xcode/DerivedData/Notch-ddzsfiyxyoauidejndllmosklbkq/Build/Intermediates.noindex/PLCrashReporter.build/Release/CrashReporter.build/Objects-normal/arm64/PLCrashProcessInfo.o

CompileC /Users/jasonlee/Library/Developer/Xcode/DerivedData/Notch-ddzsfiyxyoauidejndllmosklbkq/Build/Intermediates.noindex/PLCrashReporter.build/Release/CrashReporter.build/Objects-normal/arm64/PLCrashReport.pb-c.o /Users/jasonlee/Library/Developer/Xcode/DerivedData/Notch-ddzsfiyxyoauidejndllmosklbkq/SourcePackages/checkouts/plcrashreporter/Source/PLCrashReport.pb-c.c normal arm64 c com.apple.compilers.llvm.clang.1_0.compiler (in target 'CrashReporter' from project 'PLCrashReporter')
    cd /Users/jasonlee/Coding/App/Notch/Notch.xcodeproj
    
    Using response file: /Users/jasonlee/Library/Developer/Xcode/DerivedData/Notch-ddzsfiyxyoauidejndllmosklbkq/Build/Intermediates.noindex/PLCrashReporter.build/Release/CrashReporter.build/Objects-normal/arm64/7187679823f38a2a940e0043cdf9d637-common-args.resp
    
    /Applications/Xcode.app/Contents/Developer/Toolchains/XcodeDefault.xctoolchain/usr/bin/clang -x c -ivfsstatcache /Users/jasonlee/Library/Developer/Xcode/DerivedData/SDKStatCaches.noindex/macosx26.4-25E251-30f9ca8789b706f8bd3fc906a70d770f.sdkstatcache -target arm64-apple-macos10.13 -fmessage-length\=0 -fdiagnostics-show-note-include-stack -fmacro-backtrace-limit\=0 -fno-color-diagnostics -fmodules-prune-interval\=86400 -fmodules-prune-after\=345600 -fbuild-session-file\=/Users/jasonlee/Library/Developer/Xcode/DerivedData/ModuleCache.noindex/Session.modulevalidation -fmodules-validate-once-per-build-session -Wnon-modular-include-in-framework-module -Werror\=non-modular-include-in-framework-module -Wno-trigraphs -Wno-missing-field-initializers -Wno-missing-prototypes -Wno-return-type -Wno-missing-braces -Wparentheses -Wswitch -Wno-unused-function -Wno-unused-label -Wno-unused-parameter -Wno-unused-variable -Wunused-value -Wno-empty-body -Wno-uninitialized -Wno-unknown-pragmas -w -Wno-shadow -Wno-four-char-constants -Wno-conversion -Wno-constant-conversion -Wno-int-conversion -Wno-bool-conversion -Wno-enum-conversion -Wno-float-conversion -Wno-non-literal-null-conversion -Wno-objc-literal-conversion -Wshorten-64-to-32 -Wpointer-sign -Wno-newline-eof -Wno-implicit-fallthrough -isysroot /Applications/Xcode.app/Contents/Developer/Platforms/MacOSX.platform/Developer/SDKs/MacOSX26.4.sdk -fstrict-aliasing -Wdeprecated-declarations -Wno-sign-conversion -Wno-infinite-recursion -Wno-comma -Wno-block-capture-autoreleasing -Wno-strict-prototypes -Wno-semicolon-before-method-body @/Users/jasonlee/Library/Developer/Xcode/DerivedData/Notch-ddzsfiyxyoauidejndllmosklbkq/Build/Intermediates.noindex/PLCrashReporter.build/Release/CrashReporter.build/Objects-normal/arm64/7187679823f38a2a940e0043cdf9d637-common-args.resp -MMD -MT dependencies -MF /Users/jasonlee/Library/Developer/Xcode/DerivedData/Notch-ddzsfiyxyoauidejndllmosklbkq/Build/Intermediates.noindex/PLCrashReporter.build/Release/CrashReporter.build/Objects-normal/arm64/PLCrashReport.pb-c.d --serialize-diagnostics /Users/jasonlee/Library/Developer/Xcode/DerivedData/Notch-ddzsfiyxyoauidejndllmosklbkq/Build/Intermediates.noindex/PLCrashReporter.build/Release/CrashReporter.build/Objects-normal/arm64/PLCrashReport.pb-c.dia -c /Users/jasonlee/Library/Developer/Xcode/DerivedData/Notch-ddzsfiyxyoauidejndllmosklbkq/SourcePackages/checkouts/plcrashreporter/Source/PLCrashReport.pb-c.c -o /Users/jasonlee/Library/Developer/Xcode/DerivedData/Notch-ddzsfiyxyoauidejndllmosklbkq/Build/Intermediates.noindex/PLCrashReporter.build/Release/CrashReporter.build/Objects-normal/arm64/PLCrashReport.pb-c.o

PrecompileModule /Users/jasonlee/Library/Developer/Xcode/DerivedData/Notch-ddzsfiyxyoauidejndllmosklbkq/Build/Intermediates.noindex/ExplicitPrecompiledModules/Dispatch-1ZH53762WB4AX3XA8EBU9RPD6.scan
    cd /
    builtin-precompileModule /Users/jasonlee/Library/Developer/Xcode/DerivedData/Notch-ddzsfiyxyoauidejndllmosklbkq/Build/Intermediates.noindex/ExplicitPrecompiledModules/Dispatch-1ZH53762WB4AX3XA8EBU9RPD6.scan

PrecompileModule /Users/jasonlee/Library/Developer/Xcode/DerivedData/Notch-ddzsfiyxyoauidejndllmosklbkq/Build/Intermediates.noindex/ExplicitPrecompiledModules/XPC-4IDZDE7YL7RCUA3XZT0Q0W5TP.scan
    cd /
    builtin-precompileModule /Users/jasonlee/Library/Developer/Xcode/DerivedData/Notch-ddzsfiyxyoauidejndllmosklbkq/Build/Intermediates.noindex/ExplicitPrecompiledModules/XPC-4IDZDE7YL7RCUA3XZT0Q0W5TP.scan

ScanDependencies /Users/jasonlee/Library/Developer/Xcode/DerivedData/Notch-ddzsfiyxyoauidejndllmosklbkq/Build/Intermediates.noindex/PLCrashReporter.build/Release/CrashReporter.build/Objects-normal/arm64/PLCrashMachExceptionServer.o /Users/jasonlee/Library/Developer/Xcode/DerivedData/Notch-ddzsfiyxyoauidejndllmosklbkq/SourcePackages/checkouts/plcrashreporter/Source/PLCrashMachExceptionServer.m normal arm64 objective-c com.apple.compilers.llvm.clang.1_0.compiler (in target 'CrashReporter' from project 'PLCrashReporter')
    cd /Users/jasonlee/Coding/App/Notch/Notch.xcodeproj
    
    Using response file: /Users/jasonlee/Library/Developer/Xcode/DerivedData/Notch-ddzsfiyxyoauidejndllmosklbkq/Build/Intermediates.noindex/PLCrashReporter.build/Release/CrashReporter.build/Objects-normal/arm64/e6072d4f65d7061329687fe24e3d63a7-common-args.resp
    
    builtin-ScanDependencies -o /Users/jasonlee/Library/Developer/Xcode/DerivedData/Notch-ddzsfiyxyoauidejndllmosklbkq/Build/Intermediates.noindex/PLCrashReporter.build/Release/CrashReporter.build/Objects-normal/arm64/PLCrashMachExceptionServer.o.scan -- /Applications/Xcode.app/Contents/Developer/Toolchains/XcodeDefault.xctoolchain/usr/bin/clang -x objective-c -ivfsstatcache /Users/jasonlee/Library/Developer/Xcode/DerivedData/SDKStatCaches.noindex/macosx26.4-25E251-30f9ca8789b706f8bd3fc906a70d770f.sdkstatcache -target arm64-apple-macos10.13 -fmessage-length\=0 -fdiagnostics-show-note-include-stack -fmacro-backtrace-limit\=0 -fno-color-diagnostics -fmodules-prune-interval\=86400 -fmodules-prune-after\=345600 -fbuild-session-file\=/Users/jasonlee/Library/Developer/Xcode/DerivedData/ModuleCache.noindex/Session.modulevalidation -fmodules-validate-once-per-build-session -Wnon-modular-include-in-framework-module -Werror\=non-modular-include-in-framework-module -Wno-trigraphs -Wno-missing-field-initializers -Wno-missing-prototypes -Wno-return-type -Wno-implicit-atomic-properties -Wno-objc-interface-ivars -Wno-arc-repeated-use-of-weak -Wno-missing-braces -Wparentheses -Wswitch -Wno-unused-function -Wno-unused-label -Wno-unused-parameter -Wno-unused-variable -Wunused-value -Wno-empty-body -Wno-uninitialized -Wno-unknown-pragmas -w -Wno-shadow -Wno-four-char-constants -Wno-conversion -Wno-constant-conversion -Wno-int-conversion -Wno-bool-conversion -Wno-enum-conversion -Wno-float-conversion -Wno-non-literal-null-conversion -Wno-objc-literal-conversion -Wshorten-64-to-32 -Wpointer-sign -Wno-newline-eof -Wno-selector -Wno-strict-selector-match -Wno-undeclared-selector -Wno-deprecated-implementations -Wno-implicit-fallthrough -isysroot /Applications/Xcode.app/Contents/Developer/Platforms/MacOSX.platform/Developer/SDKs/MacOSX26.4.sdk -fstrict-aliasing -Wprotocol -Wdeprecated-declarations -Wno-sign-conversion -Wno-infinite-recursion -Wno-comma -Wno-block-capture-autoreleasing -Wno-strict-prototypes -Wno-semicolon-before-method-body @/Users/jasonlee/Library/Developer/Xcode/DerivedData/Notch-ddzsfiyxyoauidejndllmosklbkq/Build/Intermediates.noindex/PLCrashReporter.build/Release/CrashReporter.build/Objects-normal/arm64/e6072d4f65d7061329687fe24e3d63a7-common-args.resp -include /Users/jasonlee/Library/Developer/Xcode/DerivedData/Notch-ddzsfiyxyoauidejndllmosklbkq/Build/Intermediates.noindex/PLCrashReporter.build/Release/CrashReporter.build/DerivedSources/resource_bundle_accessor.h -MMD -MT dependencies -MF /Users/jasonlee/Library/Developer/Xcode/DerivedData/Notch-ddzsfiyxyoauidejndllmosklbkq/Build/Intermediates.noindex/PLCrashReporter.build/Release/CrashReporter.build/Objects-normal/arm64/PLCrashMachExceptionServer.d --serialize-diagnostics /Users/jasonlee/Library/Developer/Xcode/DerivedData/Notch-ddzsfiyxyoauidejndllmosklbkq/Build/Intermediates.noindex/PLCrashReporter.build/Release/CrashReporter.build/Objects-normal/arm64/PLCrashMachExceptionServer.dia -c /Users/jasonlee/Library/Developer/Xcode/DerivedData/Notch-ddzsfiyxyoauidejndllmosklbkq/SourcePackages/checkouts/plcrashreporter/Source/PLCrashMachExceptionServer.m -o /Users/jasonlee/Library/Developer/Xcode/DerivedData/Notch-ddzsfiyxyoauidejndllmosklbkq/Build/Intermediates.noindex/PLCrashReporter.build/Release/CrashReporter.build/Objects-normal/arm64/PLCrashMachExceptionServer.o

ScanDependencies /Users/jasonlee/Library/Developer/Xcode/DerivedData/Notch-ddzsfiyxyoauidejndllmosklbkq/Build/Intermediates.noindex/PLCrashReporter.build/Release/CrashReporter.build/Objects-normal/arm64/PLCrashMachExceptionPortSet.o /Users/jasonlee/Library/Developer/Xcode/DerivedData/Notch-ddzsfiyxyoauidejndllmosklbkq/SourcePackages/checkouts/plcrashreporter/Source/PLCrashMachExceptionPortSet.m normal arm64 objective-c com.apple.compilers.llvm.clang.1_0.compiler (in target 'CrashReporter' from project 'PLCrashReporter')
    cd /Users/jasonlee/Coding/App/Notch/Notch.xcodeproj
    
    Using response file: /Users/jasonlee/Library/Developer/Xcode/DerivedData/Notch-ddzsfiyxyoauidejndllmosklbkq/Build/Intermediates.noindex/PLCrashReporter.build/Release/CrashReporter.build/Objects-normal/arm64/e6072d4f65d7061329687fe24e3d63a7-common-args.resp
    
    builtin-ScanDependencies -o /Users/jasonlee/Library/Developer/Xcode/DerivedData/Notch-ddzsfiyxyoauidejndllmosklbkq/Build/Intermediates.noindex/PLCrashReporter.build/Release/CrashReporter.build/Objects-normal/arm64/PLCrashMachExceptionPortSet.o.scan -- /Applications/Xcode.app/Contents/Developer/Toolchains/XcodeDefault.xctoolchain/usr/bin/clang -x objective-c -ivfsstatcache /Users/jasonlee/Library/Developer/Xcode/DerivedData/SDKStatCaches.noindex/macosx26.4-25E251-30f9ca8789b706f8bd3fc906a70d770f.sdkstatcache -target arm64-apple-macos10.13 -fmessage-length\=0 -fdiagnostics-show-note-include-stack -fmacro-backtrace-limit\=0 -fno-color-diagnostics -fmodules-prune-interval\=86400 -fmodules-prune-after\=345600 -fbuild-session-file\=/Users/jasonlee/Library/Developer/Xcode/DerivedData/ModuleCache.noindex/Session.modulevalidation -fmodules-validate-once-per-build-session -Wnon-modular-include-in-framework-module -Werror\=non-modular-include-in-framework-module -Wno-trigraphs -Wno-missing-field-initializers -Wno-missing-prototypes -Wno-return-type -Wno-implicit-atomic-properties -Wno-objc-interface-ivars -Wno-arc-repeated-use-of-weak -Wno-missing-braces -Wparentheses -Wswitch -Wno-unused-function -Wno-unused-label -Wno-unused-parameter -Wno-unused-variable -Wunused-value -Wno-empty-body -Wno-uninitialized -Wno-unknown-pragmas -w -Wno-shadow -Wno-four-char-constants -Wno-conversion -Wno-constant-conversion -Wno-int-conversion -Wno-bool-conversion -Wno-enum-conversion -Wno-float-conversion -Wno-non-literal-null-conversion -Wno-objc-literal-conversion -Wshorten-64-to-32 -Wpointer-sign -Wno-newline-eof -Wno-selector -Wno-strict-selector-match -Wno-undeclared-selector -Wno-deprecated-implementations -Wno-implicit-fallthrough -isysroot /Applications/Xcode.app/Contents/Developer/Platforms/MacOSX.platform/Developer/SDKs/MacOSX26.4.sdk -fstrict-aliasing -Wprotocol -Wdeprecated-declarations -Wno-sign-conversion -Wno-infinite-recursion -Wno-comma -Wno-block-capture-autoreleasing -Wno-strict-prototypes -Wno-semicolon-before-method-body @/Users/jasonlee/Library/Developer/Xcode/DerivedData/Notch-ddzsfiyxyoauidejndllmosklbkq/Build/Intermediates.noindex/PLCrashReporter.build/Release/CrashReporter.build/Objects-normal/arm64/e6072d4f65d7061329687fe24e3d63a7-common-args.resp -include /Users/jasonlee/Library/Developer/Xcode/DerivedData/Notch-ddzsfiyxyoauidejndllmosklbkq/Build/Intermediates.noindex/PLCrashReporter.build/Release/CrashReporter.build/DerivedSources/resource_bundle_accessor.h -MMD -MT dependencies -MF /Users/jasonlee/Library/Developer/Xcode/DerivedData/Notch-ddzsfiyxyoauidejndllmosklbkq/Build/Intermediates.noindex/PLCrashReporter.build/Release/CrashReporter.build/Objects-normal/arm64/PLCrashMachExceptionPortSet.d --serialize-diagnostics /Users/jasonlee/Library/Developer/Xcode/DerivedData/Notch-ddzsfiyxyoauidejndllmosklbkq/Build/Intermediates.noindex/PLCrashReporter.build/Release/CrashReporter.build/Objects-normal/arm64/PLCrashMachExceptionPortSet.dia -c /Users/jasonlee/Library/Developer/Xcode/DerivedData/Notch-ddzsfiyxyoauidejndllmosklbkq/SourcePackages/checkouts/plcrashreporter/Source/PLCrashMachExceptionPortSet.m -o /Users/jasonlee/Library/Developer/Xcode/DerivedData/Notch-ddzsfiyxyoauidejndllmosklbkq/Build/Intermediates.noindex/PLCrashReporter.build/Release/CrashReporter.build/Objects-normal/arm64/PLCrashMachExceptionPortSet.o

ScanDependencies /Users/jasonlee/Library/Developer/Xcode/DerivedData/Notch-ddzsfiyxyoauidejndllmosklbkq/Build/Intermediates.noindex/PLCrashReporter.build/Release/CrashReporter.build/Objects-normal/arm64/PLCrashMachExceptionPort.o /Users/jasonlee/Library/Developer/Xcode/DerivedData/Notch-ddzsfiyxyoauidejndllmosklbkq/SourcePackages/checkouts/plcrashreporter/Source/PLCrashMachExceptionPort.m normal arm64 objective-c com.apple.compilers.llvm.clang.1_0.compiler (in target 'CrashReporter' from project 'PLCrashReporter')
    cd /Users/jasonlee/Coding/App/Notch/Notch.xcodeproj
    
    Using response file: /Users/jasonlee/Library/Developer/Xcode/DerivedData/Notch-ddzsfiyxyoauidejndllmosklbkq/Build/Intermediates.noindex/PLCrashReporter.build/Release/CrashReporter.build/Objects-normal/arm64/e6072d4f65d7061329687fe24e3d63a7-common-args.resp
    
    builtin-ScanDependencies -o /Users/jasonlee/Library/Developer/Xcode/DerivedData/Notch-ddzsfiyxyoauidejndllmosklbkq/Build/Intermediates.noindex/PLCrashReporter.build/Release/CrashReporter.build/Objects-normal/arm64/PLCrashMachExceptionPort.o.scan -- /Applications/Xcode.app/Contents/Developer/Toolchains/XcodeDefault.xctoolchain/usr/bin/clang -x objective-c -ivfsstatcache /Users/jasonlee/Library/Developer/Xcode/DerivedData/SDKStatCaches.noindex/macosx26.4-25E251-30f9ca8789b706f8bd3fc906a70d770f.sdkstatcache -target arm64-apple-macos10.13 -fmessage-length\=0 -fdiagnostics-show-note-include-stack -fmacro-backtrace-limit\=0 -fno-color-diagnostics -fmodules-prune-interval\=86400 -fmodules-prune-after\=345600 -fbuild-session-file\=/Users/jasonlee/Library/Developer/Xcode/DerivedData/ModuleCache.noindex/Session.modulevalidation -fmodules-validate-once-per-build-session -Wnon-modular-include-in-framework-module -Werror\=non-modular-include-in-framework-module -Wno-trigraphs -Wno-missing-field-initializers -Wno-missing-prototypes -Wno-return-type -Wno-implicit-atomic-properties -Wno-objc-interface-ivars -Wno-arc-repeated-use-of-weak -Wno-missing-braces -Wparentheses -Wswitch -Wno-unused-function -Wno-unused-label -Wno-unused-parameter -Wno-unused-variable -Wunused-value -Wno-empty-body -Wno-uninitialized -Wno-unknown-pragmas -w -Wno-shadow -Wno-four-char-constants -Wno-conversion -Wno-constant-conversion -Wno-int-conversion -Wno-bool-conversion -Wno-enum-conversion -Wno-float-conversion -Wno-non-literal-null-conversion -Wno-objc-literal-conversion -Wshorten-64-to-32 -Wpointer-sign -Wno-newline-eof -Wno-selector -Wno-strict-selector-match -Wno-undeclared-selector -Wno-deprecated-implementations -Wno-implicit-fallthrough -isysroot /Applications/Xcode.app/Contents/Developer/Platforms/MacOSX.platform/Developer/SDKs/MacOSX26.4.sdk -fstrict-aliasing -Wprotocol -Wdeprecated-declarations -Wno-sign-conversion -Wno-infinite-recursion -Wno-comma -Wno-block-capture-autoreleasing -Wno-strict-prototypes -Wno-semicolon-before-method-body @/Users/jasonlee/Library/Developer/Xcode/DerivedData/Notch-ddzsfiyxyoauidejndllmosklbkq/Build/Intermediates.noindex/PLCrashReporter.build/Release/CrashReporter.build/Objects-normal/arm64/e6072d4f65d7061329687fe24e3d63a7-common-args.resp -include /Users/jasonlee/Library/Developer/Xcode/DerivedData/Notch-ddzsfiyxyoauidejndllmosklbkq/Build/Intermediates.noindex/PLCrashReporter.build/Release/CrashReporter.build/DerivedSources/resource_bundle_accessor.h -MMD -MT dependencies -MF /Users/jasonlee/Library/Developer/Xcode/DerivedData/Notch-ddzsfiyxyoauidejndllmosklbkq/Build/Intermediates.noindex/PLCrashReporter.build/Release/CrashReporter.build/Objects-normal/arm64/PLCrashMachExceptionPort.d --serialize-diagnostics /Users/jasonlee/Library/Developer/Xcode/DerivedData/Notch-ddzsfiyxyoauidejndllmosklbkq/Build/Intermediates.noindex/PLCrashReporter.build/Release/CrashReporter.build/Objects-normal/arm64/PLCrashMachExceptionPort.dia -c /Users/jasonlee/Library/Developer/Xcode/DerivedData/Notch-ddzsfiyxyoauidejndllmosklbkq/SourcePackages/checkouts/plcrashreporter/Source/PLCrashMachExceptionPort.m -o /Users/jasonlee/Library/Developer/Xcode/DerivedData/Notch-ddzsfiyxyoauidejndllmosklbkq/Build/Intermediates.noindex/PLCrashReporter.build/Release/CrashReporter.build/Objects-normal/arm64/PLCrashMachExceptionPort.o

ScanDependencies /Users/jasonlee/Library/Developer/Xcode/DerivedData/Notch-ddzsfiyxyoauidejndllmosklbkq/Build/Intermediates.noindex/PLCrashReporter.build/Release/CrashReporter.build/Objects-normal/arm64/PLCrashLogWriterEncoding.o /Users/jasonlee/Library/Developer/Xcode/DerivedData/Notch-ddzsfiyxyoauidejndllmosklbkq/SourcePackages/checkouts/plcrashreporter/Source/PLCrashLogWriterEncoding.c normal arm64 c com.apple.compilers.llvm.clang.1_0.compiler (in target 'CrashReporter' from project 'PLCrashReporter')
    cd /Users/jasonlee/Coding/App/Notch/Notch.xcodeproj
    
    Using response file: /Users/jasonlee/Library/Developer/Xcode/DerivedData/Notch-ddzsfiyxyoauidejndllmosklbkq/Build/Intermediates.noindex/PLCrashReporter.build/Release/CrashReporter.build/Objects-normal/arm64/7187679823f38a2a940e0043cdf9d637-common-args.resp
    
    builtin-ScanDependencies -o /Users/jasonlee/Library/Developer/Xcode/DerivedData/Notch-ddzsfiyxyoauidejndllmosklbkq/Build/Intermediates.noindex/PLCrashReporter.build/Release/CrashReporter.build/Objects-normal/arm64/PLCrashLogWriterEncoding.o.scan -- /Applications/Xcode.app/Contents/Developer/Toolchains/XcodeDefault.xctoolchain/usr/bin/clang -x c -ivfsstatcache /Users/jasonlee/Library/Developer/Xcode/DerivedData/SDKStatCaches.noindex/macosx26.4-25E251-30f9ca8789b706f8bd3fc906a70d770f.sdkstatcache -target arm64-apple-macos10.13 -fmessage-length\=0 -fdiagnostics-show-note-include-stack -fmacro-backtrace-limit\=0 -fno-color-diagnostics -fmodules-prune-interval\=86400 -fmodules-prune-after\=345600 -fbuild-session-file\=/Users/jasonlee/Library/Developer/Xcode/DerivedData/ModuleCache.noindex/Session.modulevalidation -fmodules-validate-once-per-build-session -Wnon-modular-include-in-framework-module -Werror\=non-modular-include-in-framework-module -Wno-trigraphs -Wno-missing-field-initializers -Wno-missing-prototypes -Wno-return-type -Wno-missing-braces -Wparentheses -Wswitch -Wno-unused-function -Wno-unused-label -Wno-unused-parameter -Wno-unused-variable -Wunused-value -Wno-empty-body -Wno-uninitialized -Wno-unknown-pragmas -w -Wno-shadow -Wno-four-char-constants -Wno-conversion -Wno-constant-conversion -Wno-int-conversion -Wno-bool-conversion -Wno-enum-conversion -Wno-float-conversion -Wno-non-literal-null-conversion -Wno-objc-literal-conversion -Wshorten-64-to-32 -Wpointer-sign -Wno-newline-eof -Wno-implicit-fallthrough -isysroot /Applications/Xcode.app/Contents/Developer/Platforms/MacOSX.platform/Developer/SDKs/MacOSX26.4.sdk -fstrict-aliasing -Wdeprecated-declarations -Wno-sign-conversion -Wno-infinite-recursion -Wno-comma -Wno-block-capture-autoreleasing -Wno-strict-prototypes -Wno-semicolon-before-method-body @/Users/jasonlee/Library/Developer/Xcode/DerivedData/Notch-ddzsfiyxyoauidejndllmosklbkq/Build/Intermediates.noindex/PLCrashReporter.build/Release/CrashReporter.build/Objects-normal/arm64/7187679823f38a2a940e0043cdf9d637-common-args.resp -MMD -MT dependencies -MF /Users/jasonlee/Library/Developer/Xcode/DerivedData/Notch-ddzsfiyxyoauidejndllmosklbkq/Build/Intermediates.noindex/PLCrashReporter.build/Release/CrashReporter.build/Objects-normal/arm64/PLCrashLogWriterEncoding.d --serialize-diagnostics /Users/jasonlee/Library/Developer/Xcode/DerivedData/Notch-ddzsfiyxyoauidejndllmosklbkq/Build/Intermediates.noindex/PLCrashReporter.build/Release/CrashReporter.build/Objects-normal/arm64/PLCrashLogWriterEncoding.dia -c /Users/jasonlee/Library/Developer/Xcode/DerivedData/Notch-ddzsfiyxyoauidejndllmosklbkq/SourcePackages/checkouts/plcrashreporter/Source/PLCrashLogWriterEncoding.c -o /Users/jasonlee/Library/Developer/Xcode/DerivedData/Notch-ddzsfiyxyoauidejndllmosklbkq/Build/Intermediates.noindex/PLCrashReporter.build/Release/CrashReporter.build/Objects-normal/arm64/PLCrashLogWriterEncoding.o

PrecompileModule /Users/jasonlee/Library/Developer/Xcode/DerivedData/Notch-ddzsfiyxyoauidejndllmosklbkq/Build/Intermediates.noindex/ExplicitPrecompiledModules/CoreFoundation-BKI93U5UF2L87MIT7AI53ARME.scan
    cd /
    builtin-precompileModule /Users/jasonlee/Library/Developer/Xcode/DerivedData/Notch-ddzsfiyxyoauidejndllmosklbkq/Build/Intermediates.noindex/ExplicitPrecompiledModules/CoreFoundation-BKI93U5UF2L87MIT7AI53ARME.scan

PrecompileModule /Users/jasonlee/Library/Developer/Xcode/DerivedData/Notch-ddzsfiyxyoauidejndllmosklbkq/Build/Intermediates.noindex/ExplicitPrecompiledModules/XPC-22QJ55NS0J25PJXEU1IOGHMX1.scan
    cd /
    builtin-precompileModule /Users/jasonlee/Library/Developer/Xcode/DerivedData/Notch-ddzsfiyxyoauidejndllmosklbkq/Build/Intermediates.noindex/ExplicitPrecompiledModules/XPC-22QJ55NS0J25PJXEU1IOGHMX1.scan

CompileC /Users/jasonlee/Library/Developer/Xcode/DerivedData/Notch-ddzsfiyxyoauidejndllmosklbkq/Build/Intermediates.noindex/PLCrashReporter.build/Release/CrashReporter.build/Objects-normal/arm64/PLCrashSysctl.o /Users/jasonlee/Library/Developer/Xcode/DerivedData/Notch-ddzsfiyxyoauidejndllmosklbkq/SourcePackages/checkouts/plcrashreporter/Source/PLCrashSysctl.c normal arm64 c com.apple.compilers.llvm.clang.1_0.compiler (in target 'CrashReporter' from project 'PLCrashReporter')
    cd /Users/jasonlee/Coding/App/Notch/Notch.xcodeproj
    
    Using response file: /Users/jasonlee/Library/Developer/Xcode/DerivedData/Notch-ddzsfiyxyoauidejndllmosklbkq/Build/Intermediates.noindex/PLCrashReporter.build/Release/CrashReporter.build/Objects-normal/arm64/7187679823f38a2a940e0043cdf9d637-common-args.resp
    
    /Applications/Xcode.app/Contents/Developer/Toolchains/XcodeDefault.xctoolchain/usr/bin/clang -x c -ivfsstatcache /Users/jasonlee/Library/Developer/Xcode/DerivedData/SDKStatCaches.noindex/macosx26.4-25E251-30f9ca8789b706f8bd3fc906a70d770f.sdkstatcache -target arm64-apple-macos10.13 -fmessage-length\=0 -fdiagnostics-show-note-include-stack -fmacro-backtrace-limit\=0 -fno-color-diagnostics -fmodules-prune-interval\=86400 -fmodules-prune-after\=345600 -fbuild-session-file\=/Users/jasonlee/Library/Developer/Xcode/DerivedData/ModuleCache.noindex/Session.modulevalidation -fmodules-validate-once-per-build-session -Wnon-modular-include-in-framework-module -Werror\=non-modular-include-in-framework-module -Wno-trigraphs -Wno-missing-field-initializers -Wno-missing-prototypes -Wno-return-type -Wno-missing-braces -Wparentheses -Wswitch -Wno-unused-function -Wno-unused-label -Wno-unused-parameter -Wno-unused-variable -Wunused-value -Wno-empty-body -Wno-uninitialized -Wno-unknown-pragmas -w -Wno-shadow -Wno-four-char-constants -Wno-conversion -Wno-constant-conversion -Wno-int-conversion -Wno-bool-conversion -Wno-enum-conversion -Wno-float-conversion -Wno-non-literal-null-conversion -Wno-objc-literal-conversion -Wshorten-64-to-32 -Wpointer-sign -Wno-newline-eof -Wno-implicit-fallthrough -isysroot /Applications/Xcode.app/Contents/Developer/Platforms/MacOSX.platform/Developer/SDKs/MacOSX26.4.sdk -fstrict-aliasing -Wdeprecated-declarations -Wno-sign-conversion -Wno-infinite-recursion -Wno-comma -Wno-block-capture-autoreleasing -Wno-strict-prototypes -Wno-semicolon-before-method-body @/Users/jasonlee/Library/Developer/Xcode/DerivedData/Notch-ddzsfiyxyoauidejndllmosklbkq/Build/Intermediates.noindex/PLCrashReporter.build/Release/CrashReporter.build/Objects-normal/arm64/7187679823f38a2a940e0043cdf9d637-common-args.resp -MMD -MT dependencies -MF /Users/jasonlee/Library/Developer/Xcode/DerivedData/Notch-ddzsfiyxyoauidejndllmosklbkq/Build/Intermediates.noindex/PLCrashReporter.build/Release/CrashReporter.build/Objects-normal/arm64/PLCrashSysctl.d --serialize-diagnostics /Users/jasonlee/Library/Developer/Xcode/DerivedData/Notch-ddzsfiyxyoauidejndllmosklbkq/Build/Intermediates.noindex/PLCrashReporter.build/Release/CrashReporter.build/Objects-normal/arm64/PLCrashSysctl.dia -c /Users/jasonlee/Library/Developer/Xcode/DerivedData/Notch-ddzsfiyxyoauidejndllmosklbkq/SourcePackages/checkouts/plcrashreporter/Source/PLCrashSysctl.c -o /Users/jasonlee/Library/Developer/Xcode/DerivedData/Notch-ddzsfiyxyoauidejndllmosklbkq/Build/Intermediates.noindex/PLCrashReporter.build/Release/CrashReporter.build/Objects-normal/arm64/PLCrashSysctl.o

PrecompileModule /Users/jasonlee/Library/Developer/Xcode/DerivedData/Notch-ddzsfiyxyoauidejndllmosklbkq/Build/Intermediates.noindex/ExplicitPrecompiledModules/os-1ZJPNXO83KBHAMO7TUI9WO970.scan
    cd /
    builtin-precompileModule /Users/jasonlee/Library/Developer/Xcode/DerivedData/Notch-ddzsfiyxyoauidejndllmosklbkq/Build/Intermediates.noindex/ExplicitPrecompiledModules/os-1ZJPNXO83KBHAMO7TUI9WO970.scan

ScanDependencies /Users/jasonlee/Library/Developer/Xcode/DerivedData/Notch-ddzsfiyxyoauidejndllmosklbkq/Build/Intermediates.noindex/PLCrashReporter.build/Release/CrashReporter.build/Objects-normal/arm64/PLCrashLogWriter.o /Users/jasonlee/Library/Developer/Xcode/DerivedData/Notch-ddzsfiyxyoauidejndllmosklbkq/SourcePackages/checkouts/plcrashreporter/Source/PLCrashLogWriter.m normal arm64 objective-c com.apple.compilers.llvm.clang.1_0.compiler (in target 'CrashReporter' from project 'PLCrashReporter')
    cd /Users/jasonlee/Coding/App/Notch/Notch.xcodeproj
    
    Using response file: /Users/jasonlee/Library/Developer/Xcode/DerivedData/Notch-ddzsfiyxyoauidejndllmosklbkq/Build/Intermediates.noindex/PLCrashReporter.build/Release/CrashReporter.build/Objects-normal/arm64/e6072d4f65d7061329687fe24e3d63a7-common-args.resp
    
    builtin-ScanDependencies -o /Users/jasonlee/Library/Developer/Xcode/DerivedData/Notch-ddzsfiyxyoauidejndllmosklbkq/Build/Intermediates.noindex/PLCrashReporter.build/Release/CrashReporter.build/Objects-normal/arm64/PLCrashLogWriter.o.scan -- /Applications/Xcode.app/Contents/Developer/Toolchains/XcodeDefault.xctoolchain/usr/bin/clang -x objective-c -ivfsstatcache /Users/jasonlee/Library/Developer/Xcode/DerivedData/SDKStatCaches.noindex/macosx26.4-25E251-30f9ca8789b706f8bd3fc906a70d770f.sdkstatcache -target arm64-apple-macos10.13 -fmessage-length\=0 -fdiagnostics-show-note-include-stack -fmacro-backtrace-limit\=0 -fno-color-diagnostics -fmodules-prune-interval\=86400 -fmodules-prune-after\=345600 -fbuild-session-file\=/Users/jasonlee/Library/Developer/Xcode/DerivedData/ModuleCache.noindex/Session.modulevalidation -fmodules-validate-once-per-build-session -Wnon-modular-include-in-framework-module -Werror\=non-modular-include-in-framework-module -Wno-trigraphs -Wno-missing-field-initializers -Wno-missing-prototypes -Wno-return-type -Wno-implicit-atomic-properties -Wno-objc-interface-ivars -Wno-arc-repeated-use-of-weak -Wno-missing-braces -Wparentheses -Wswitch -Wno-unused-function -Wno-unused-label -Wno-unused-parameter -Wno-unused-variable -Wunused-value -Wno-empty-body -Wno-uninitialized -Wno-unknown-pragmas -w -Wno-shadow -Wno-four-char-constants -Wno-conversion -Wno-constant-conversion -Wno-int-conversion -Wno-bool-conversion -Wno-enum-conversion -Wno-float-conversion -Wno-non-literal-null-conversion -Wno-objc-literal-conversion -Wshorten-64-to-32 -Wpointer-sign -Wno-newline-eof -Wno-selector -Wno-strict-selector-match -Wno-undeclared-selector -Wno-deprecated-implementations -Wno-implicit-fallthrough -isysroot /Applications/Xcode.app/Contents/Developer/Platforms/MacOSX.platform/Developer/SDKs/MacOSX26.4.sdk -fstrict-aliasing -Wprotocol -Wdeprecated-declarations -Wno-sign-conversion -Wno-infinite-recursion -Wno-comma -Wno-block-capture-autoreleasing -Wno-strict-prototypes -Wno-semicolon-before-method-body @/Users/jasonlee/Library/Developer/Xcode/DerivedData/Notch-ddzsfiyxyoauidejndllmosklbkq/Build/Intermediates.noindex/PLCrashReporter.build/Release/CrashReporter.build/Objects-normal/arm64/e6072d4f65d7061329687fe24e3d63a7-common-args.resp -include /Users/jasonlee/Library/Developer/Xcode/DerivedData/Notch-ddzsfiyxyoauidejndllmosklbkq/Build/Intermediates.noindex/PLCrashReporter.build/Release/CrashReporter.build/DerivedSources/resource_bundle_accessor.h -MMD -MT dependencies -MF /Users/jasonlee/Library/Developer/Xcode/DerivedData/Notch-ddzsfiyxyoauidejndllmosklbkq/Build/Intermediates.noindex/PLCrashReporter.build/Release/CrashReporter.build/Objects-normal/arm64/PLCrashLogWriter.d --serialize-diagnostics /Users/jasonlee/Library/Developer/Xcode/DerivedData/Notch-ddzsfiyxyoauidejndllmosklbkq/Build/Intermediates.noindex/PLCrashReporter.build/Release/CrashReporter.build/Objects-normal/arm64/PLCrashLogWriter.dia -c /Users/jasonlee/Library/Developer/Xcode/DerivedData/Notch-ddzsfiyxyoauidejndllmosklbkq/SourcePackages/checkouts/plcrashreporter/Source/PLCrashLogWriter.m -o /Users/jasonlee/Library/Developer/Xcode/DerivedData/Notch-ddzsfiyxyoauidejndllmosklbkq/Build/Intermediates.noindex/PLCrashReporter.build/Release/CrashReporter.build/Objects-normal/arm64/PLCrashLogWriter.o

CompileC /Users/jasonlee/Library/Developer/Xcode/DerivedData/Notch-ddzsfiyxyoauidejndllmosklbkq/Build/Intermediates.noindex/PLCrashReporter.build/Release/CrashReporter.build/Objects-normal/arm64/PLCrashLogWriterEncoding.o /Users/jasonlee/Library/Developer/Xcode/DerivedData/Notch-ddzsfiyxyoauidejndllmosklbkq/SourcePackages/checkouts/plcrashreporter/Source/PLCrashLogWriterEncoding.c normal arm64 c com.apple.compilers.llvm.clang.1_0.compiler (in target 'CrashReporter' from project 'PLCrashReporter')
    cd /Users/jasonlee/Coding/App/Notch/Notch.xcodeproj
    
    Using response file: /Users/jasonlee/Library/Developer/Xcode/DerivedData/Notch-ddzsfiyxyoauidejndllmosklbkq/Build/Intermediates.noindex/PLCrashReporter.build/Release/CrashReporter.build/Objects-normal/arm64/7187679823f38a2a940e0043cdf9d637-common-args.resp
    
    /Applications/Xcode.app/Contents/Developer/Toolchains/XcodeDefault.xctoolchain/usr/bin/clang -x c -ivfsstatcache /Users/jasonlee/Library/Developer/Xcode/DerivedData/SDKStatCaches.noindex/macosx26.4-25E251-30f9ca8789b706f8bd3fc906a70d770f.sdkstatcache -target arm64-apple-macos10.13 -fmessage-length\=0 -fdiagnostics-show-note-include-stack -fmacro-backtrace-limit\=0 -fno-color-diagnostics -fmodules-prune-interval\=86400 -fmodules-prune-after\=345600 -fbuild-session-file\=/Users/jasonlee/Library/Developer/Xcode/DerivedData/ModuleCache.noindex/Session.modulevalidation -fmodules-validate-once-per-build-session -Wnon-modular-include-in-framework-module -Werror\=non-modular-include-in-framework-module -Wno-trigraphs -Wno-missing-field-initializers -Wno-missing-prototypes -Wno-return-type -Wno-missing-braces -Wparentheses -Wswitch -Wno-unused-function -Wno-unused-label -Wno-unused-parameter -Wno-unused-variable -Wunused-value -Wno-empty-body -Wno-uninitialized -Wno-unknown-pragmas -w -Wno-shadow -Wno-four-char-constants -Wno-conversion -Wno-constant-conversion -Wno-int-conversion -Wno-bool-conversion -Wno-enum-conversion -Wno-float-conversion -Wno-non-literal-null-conversion -Wno-objc-literal-conversion -Wshorten-64-to-32 -Wpointer-sign -Wno-newline-eof -Wno-implicit-fallthrough -isysroot /Applications/Xcode.app/Contents/Developer/Platforms/MacOSX.platform/Developer/SDKs/MacOSX26.4.sdk -fstrict-aliasing -Wdeprecated-declarations -Wno-sign-conversion -Wno-infinite-recursion -Wno-comma -Wno-block-capture-autoreleasing -Wno-strict-prototypes -Wno-semicolon-before-method-body @/Users/jasonlee/Library/Developer/Xcode/DerivedData/Notch-ddzsfiyxyoauidejndllmosklbkq/Build/Intermediates.noindex/PLCrashReporter.build/Release/CrashReporter.build/Objects-normal/arm64/7187679823f38a2a940e0043cdf9d637-common-args.resp -MMD -MT dependencies -MF /Users/jasonlee/Library/Developer/Xcode/DerivedData/Notch-ddzsfiyxyoauidejndllmosklbkq/Build/Intermediates.noindex/PLCrashReporter.build/Release/CrashReporter.build/Objects-normal/arm64/PLCrashLogWriterEncoding.d --serialize-diagnostics /Users/jasonlee/Library/Developer/Xcode/DerivedData/Notch-ddzsfiyxyoauidejndllmosklbkq/Build/Intermediates.noindex/PLCrashReporter.build/Release/CrashReporter.build/Objects-normal/arm64/PLCrashLogWriterEncoding.dia -c /Users/jasonlee/Library/Developer/Xcode/DerivedData/Notch-ddzsfiyxyoauidejndllmosklbkq/SourcePackages/checkouts/plcrashreporter/Source/PLCrashLogWriterEncoding.c -o /Users/jasonlee/Library/Developer/Xcode/DerivedData/Notch-ddzsfiyxyoauidejndllmosklbkq/Build/Intermediates.noindex/PLCrashReporter.build/Release/CrashReporter.build/Objects-normal/arm64/PLCrashLogWriterEncoding.o

PrecompileModule /Users/jasonlee/Library/Developer/Xcode/DerivedData/Notch-ddzsfiyxyoauidejndllmosklbkq/Build/Intermediates.noindex/ExplicitPrecompiledModules/launch-702JKMF7HD6N30R7XYREU7C0K.scan
    cd /
    builtin-precompileModule /Users/jasonlee/Library/Developer/Xcode/DerivedData/Notch-ddzsfiyxyoauidejndllmosklbkq/Build/Intermediates.noindex/ExplicitPrecompiledModules/launch-702JKMF7HD6N30R7XYREU7C0K.scan

PrecompileModule /Users/jasonlee/Library/Developer/Xcode/DerivedData/Notch-ddzsfiyxyoauidejndllmosklbkq/Build/Intermediates.noindex/ExplicitPrecompiledModules/MachO-86MGNHQWEDHMZRBLFIIM81M9U.scan
    cd /
    builtin-precompileModule /Users/jasonlee/Library/Developer/Xcode/DerivedData/Notch-ddzsfiyxyoauidejndllmosklbkq/Build/Intermediates.noindex/ExplicitPrecompiledModules/MachO-86MGNHQWEDHMZRBLFIIM81M9U.scan

PrecompileModule /Users/jasonlee/Library/Developer/Xcode/DerivedData/Notch-ddzsfiyxyoauidejndllmosklbkq/Build/Intermediates.noindex/ExplicitPrecompiledModules/libkern-EBJ1RG2FMFEPL4PBUAON1RJMN.scan
    cd /
    builtin-precompileModule /Users/jasonlee/Library/Developer/Xcode/DerivedData/Notch-ddzsfiyxyoauidejndllmosklbkq/Build/Intermediates.noindex/ExplicitPrecompiledModules/libkern-EBJ1RG2FMFEPL4PBUAON1RJMN.scan

PrecompileModule /Users/jasonlee/Library/Developer/Xcode/DerivedData/Notch-ddzsfiyxyoauidejndllmosklbkq/Build/Intermediates.noindex/ExplicitPrecompiledModules/os-1IZBLPIJQMZUNOM77A8051LPA.scan
    cd /
    builtin-precompileModule /Users/jasonlee/Library/Developer/Xcode/DerivedData/Notch-ddzsfiyxyoauidejndllmosklbkq/Build/Intermediates.noindex/ExplicitPrecompiledModules/os-1IZBLPIJQMZUNOM77A8051LPA.scan

CompileC /Users/jasonlee/Library/Developer/Xcode/DerivedData/Notch-ddzsfiyxyoauidejndllmosklbkq/Build/Intermediates.noindex/PLCrashReporter.build/Release/CrashReporter.build/Objects-normal/x86_64/PLCrashAsyncCompactUnwindEncoding.o /Users/jasonlee/Library/Developer/Xcode/DerivedData/Notch-ddzsfiyxyoauidejndllmosklbkq/SourcePackages/checkouts/plcrashreporter/Source/PLCrashAsyncCompactUnwindEncoding.c normal x86_64 c com.apple.compilers.llvm.clang.1_0.compiler (in target 'CrashReporter' from project 'PLCrashReporter')
    cd /Users/jasonlee/Coding/App/Notch/Notch.xcodeproj
    
    Using response file: /Users/jasonlee/Library/Developer/Xcode/DerivedData/Notch-ddzsfiyxyoauidejndllmosklbkq/Build/Intermediates.noindex/PLCrashReporter.build/Release/CrashReporter.build/Objects-normal/x86_64/7187679823f38a2a940e0043cdf9d637-common-args.resp
    
    /Applications/Xcode.app/Contents/Developer/Toolchains/XcodeDefault.xctoolchain/usr/bin/clang -x c -ivfsstatcache /Users/jasonlee/Library/Developer/Xcode/DerivedData/SDKStatCaches.noindex/macosx26.4-25E251-30f9ca8789b706f8bd3fc906a70d770f.sdkstatcache -target x86_64-apple-macos10.13 -fmessage-length\=0 -fdiagnostics-show-note-include-stack -fmacro-backtrace-limit\=0 -fno-color-diagnostics -fmodules-prune-interval\=86400 -fmodules-prune-after\=345600 -fbuild-session-file\=/Users/jasonlee/Library/Developer/Xcode/DerivedData/ModuleCache.noindex/Session.modulevalidation -fmodules-validate-once-per-build-session -Wnon-modular-include-in-framework-module -Werror\=non-modular-include-in-framework-module -Wno-trigraphs -Wno-missing-field-initializers -Wno-missing-prototypes -Wno-return-type -Wno-missing-braces -Wparentheses -Wswitch -Wno-unused-function -Wno-unused-label -Wno-unused-parameter -Wno-unused-variable -Wunused-value -Wno-empty-body -Wno-uninitialized -Wno-unknown-pragmas -w -Wno-shadow -Wno-four-char-constants -Wno-conversion -Wno-constant-conversion -Wno-int-conversion -Wno-bool-conversion -Wno-enum-conversion -Wno-float-conversion -Wno-non-literal-null-conversion -Wno-objc-literal-conversion -Wshorten-64-to-32 -Wpointer-sign -Wno-newline-eof -Wno-implicit-fallthrough -isysroot /Applications/Xcode.app/Contents/Developer/Platforms/MacOSX.platform/Developer/SDKs/MacOSX26.4.sdk -fstrict-aliasing -Wdeprecated-declarations -Wno-sign-conversion -Wno-infinite-recursion -Wno-comma -Wno-block-capture-autoreleasing -Wno-strict-prototypes -Wno-semicolon-before-method-body @/Users/jasonlee/Library/Developer/Xcode/DerivedData/Notch-ddzsfiyxyoauidejndllmosklbkq/Build/Intermediates.noindex/PLCrashReporter.build/Release/CrashReporter.build/Objects-normal/x86_64/7187679823f38a2a940e0043cdf9d637-common-args.resp -MMD -MT dependencies -MF /Users/jasonlee/Library/Developer/Xcode/DerivedData/Notch-ddzsfiyxyoauidejndllmosklbkq/Build/Intermediates.noindex/PLCrashReporter.build/Release/CrashReporter.build/Objects-normal/x86_64/PLCrashAsyncCompactUnwindEncoding.d --serialize-diagnostics /Users/jasonlee/Library/Developer/Xcode/DerivedData/Notch-ddzsfiyxyoauidejndllmosklbkq/Build/Intermediates.noindex/PLCrashReporter.build/Release/CrashReporter.build/Objects-normal/x86_64/PLCrashAsyncCompactUnwindEncoding.dia -c /Users/jasonlee/Library/Developer/Xcode/DerivedData/Notch-ddzsfiyxyoauidejndllmosklbkq/SourcePackages/checkouts/plcrashreporter/Source/PLCrashAsyncCompactUnwindEncoding.c -o /Users/jasonlee/Library/Developer/Xcode/DerivedData/Notch-ddzsfiyxyoauidejndllmosklbkq/Build/Intermediates.noindex/PLCrashReporter.build/Release/CrashReporter.build/Objects-normal/x86_64/PLCrashAsyncCompactUnwindEncoding.o

ScanDependencies /Users/jasonlee/Library/Developer/Xcode/DerivedData/Notch-ddzsfiyxyoauidejndllmosklbkq/Build/Intermediates.noindex/PLCrashReporter.build/Release/CrashReporter.build/Objects-normal/arm64/PLCrashHostInfo.o /Users/jasonlee/Library/Developer/Xcode/DerivedData/Notch-ddzsfiyxyoauidejndllmosklbkq/SourcePackages/checkouts/plcrashreporter/Source/PLCrashHostInfo.m normal arm64 objective-c com.apple.compilers.llvm.clang.1_0.compiler (in target 'CrashReporter' from project 'PLCrashReporter')
    cd /Users/jasonlee/Coding/App/Notch/Notch.xcodeproj
    
    Using response file: /Users/jasonlee/Library/Developer/Xcode/DerivedData/Notch-ddzsfiyxyoauidejndllmosklbkq/Build/Intermediates.noindex/PLCrashReporter.build/Release/CrashReporter.build/Objects-normal/arm64/e6072d4f65d7061329687fe24e3d63a7-common-args.resp
    
    builtin-ScanDependencies -o /Users/jasonlee/Library/Developer/Xcode/DerivedData/Notch-ddzsfiyxyoauidejndllmosklbkq/Build/Intermediates.noindex/PLCrashReporter.build/Release/CrashReporter.build/Objects-normal/arm64/PLCrashHostInfo.o.scan -- /Applications/Xcode.app/Contents/Developer/Toolchains/XcodeDefault.xctoolchain/usr/bin/clang -x objective-c -ivfsstatcache /Users/jasonlee/Library/Developer/Xcode/DerivedData/SDKStatCaches.noindex/macosx26.4-25E251-30f9ca8789b706f8bd3fc906a70d770f.sdkstatcache -target arm64-apple-macos10.13 -fmessage-length\=0 -fdiagnostics-show-note-include-stack -fmacro-backtrace-limit\=0 -fno-color-diagnostics -fmodules-prune-interval\=86400 -fmodules-prune-after\=345600 -fbuild-session-file\=/Users/jasonlee/Library/Developer/Xcode/DerivedData/ModuleCache.noindex/Session.modulevalidation -fmodules-validate-once-per-build-session -Wnon-modular-include-in-framework-module -Werror\=non-modular-include-in-framework-module -Wno-trigraphs -Wno-missing-field-initializers -Wno-missing-prototypes -Wno-return-type -Wno-implicit-atomic-properties -Wno-objc-interface-ivars -Wno-arc-repeated-use-of-weak -Wno-missing-braces -Wparentheses -Wswitch -Wno-unused-function -Wno-unused-label -Wno-unused-parameter -Wno-unused-variable -Wunused-value -Wno-empty-body -Wno-uninitialized -Wno-unknown-pragmas -w -Wno-shadow -Wno-four-char-constants -Wno-conversion -Wno-constant-conversion -Wno-int-conversion -Wno-bool-conversion -Wno-enum-conversion -Wno-float-conversion -Wno-non-literal-null-conversion -Wno-objc-literal-conversion -Wshorten-64-to-32 -Wpointer-sign -Wno-newline-eof -Wno-selector -Wno-strict-selector-match -Wno-undeclared-selector -Wno-deprecated-implementations -Wno-implicit-fallthrough -isysroot /Applications/Xcode.app/Contents/Developer/Platforms/MacOSX.platform/Developer/SDKs/MacOSX26.4.sdk -fstrict-aliasing -Wprotocol -Wdeprecated-declarations -Wno-sign-conversion -Wno-infinite-recursion -Wno-comma -Wno-block-capture-autoreleasing -Wno-strict-prototypes -Wno-semicolon-before-method-body @/Users/jasonlee/Library/Developer/Xcode/DerivedData/Notch-ddzsfiyxyoauidejndllmosklbkq/Build/Intermediates.noindex/PLCrashReporter.build/Release/CrashReporter.build/Objects-normal/arm64/e6072d4f65d7061329687fe24e3d63a7-common-args.resp -include /Users/jasonlee/Library/Developer/Xcode/DerivedData/Notch-ddzsfiyxyoauidejndllmosklbkq/Build/Intermediates.noindex/PLCrashReporter.build/Release/CrashReporter.build/DerivedSources/resource_bundle_accessor.h -MMD -MT dependencies -MF /Users/jasonlee/Library/Developer/Xcode/DerivedData/Notch-ddzsfiyxyoauidejndllmosklbkq/Build/Intermediates.noindex/PLCrashReporter.build/Release/CrashReporter.build/Objects-normal/arm64/PLCrashHostInfo.d --serialize-diagnostics /Users/jasonlee/Library/Developer/Xcode/DerivedData/Notch-ddzsfiyxyoauidejndllmosklbkq/Build/Intermediates.noindex/PLCrashReporter.build/Release/CrashReporter.build/Objects-normal/arm64/PLCrashHostInfo.dia -c /Users/jasonlee/Library/Developer/Xcode/DerivedData/Notch-ddzsfiyxyoauidejndllmosklbkq/SourcePackages/checkouts/plcrashreporter/Source/PLCrashHostInfo.m -o /Users/jasonlee/Library/Developer/Xcode/DerivedData/Notch-ddzsfiyxyoauidejndllmosklbkq/Build/Intermediates.noindex/PLCrashReporter.build/Release/CrashReporter.build/Objects-normal/arm64/PLCrashHostInfo.o

ScanDependencies /Users/jasonlee/Library/Developer/Xcode/DerivedData/Notch-ddzsfiyxyoauidejndllmosklbkq/Build/Intermediates.noindex/PLCrashReporter.build/Release/CrashReporter.build/Objects-normal/arm64/PLCrashFrameWalker.o /Users/jasonlee/Library/Developer/Xcode/DerivedData/Notch-ddzsfiyxyoauidejndllmosklbkq/SourcePackages/checkouts/plcrashreporter/Source/PLCrashFrameWalker.c normal arm64 c com.apple.compilers.llvm.clang.1_0.compiler (in target 'CrashReporter' from project 'PLCrashReporter')
    cd /Users/jasonlee/Coding/App/Notch/Notch.xcodeproj
    
    Using response file: /Users/jasonlee/Library/Developer/Xcode/DerivedData/Notch-ddzsfiyxyoauidejndllmosklbkq/Build/Intermediates.noindex/PLCrashReporter.build/Release/CrashReporter.build/Objects-normal/arm64/7187679823f38a2a940e0043cdf9d637-common-args.resp
    
    builtin-ScanDependencies -o /Users/jasonlee/Library/Developer/Xcode/DerivedData/Notch-ddzsfiyxyoauidejndllmosklbkq/Build/Intermediates.noindex/PLCrashReporter.build/Release/CrashReporter.build/Objects-normal/arm64/PLCrashFrameWalker.o.scan -- /Applications/Xcode.app/Contents/Developer/Toolchains/XcodeDefault.xctoolchain/usr/bin/clang -x c -ivfsstatcache /Users/jasonlee/Library/Developer/Xcode/DerivedData/SDKStatCaches.noindex/macosx26.4-25E251-30f9ca8789b706f8bd3fc906a70d770f.sdkstatcache -target arm64-apple-macos10.13 -fmessage-length\=0 -fdiagnostics-show-note-include-stack -fmacro-backtrace-limit\=0 -fno-color-diagnostics -fmodules-prune-interval\=86400 -fmodules-prune-after\=345600 -fbuild-session-file\=/Users/jasonlee/Library/Developer/Xcode/DerivedData/ModuleCache.noindex/Session.modulevalidation -fmodules-validate-once-per-build-session -Wnon-modular-include-in-framework-module -Werror\=non-modular-include-in-framework-module -Wno-trigraphs -Wno-missing-field-initializers -Wno-missing-prototypes -Wno-return-type -Wno-missing-braces -Wparentheses -Wswitch -Wno-unused-function -Wno-unused-label -Wno-unused-parameter -Wno-unused-variable -Wunused-value -Wno-empty-body -Wno-uninitialized -Wno-unknown-pragmas -w -Wno-shadow -Wno-four-char-constants -Wno-conversion -Wno-constant-conversion -Wno-int-conversion -Wno-bool-conversion -Wno-enum-conversion -Wno-float-conversion -Wno-non-literal-null-conversion -Wno-objc-literal-conversion -Wshorten-64-to-32 -Wpointer-sign -Wno-newline-eof -Wno-implicit-fallthrough -isysroot /Applications/Xcode.app/Contents/Developer/Platforms/MacOSX.platform/Developer/SDKs/MacOSX26.4.sdk -fstrict-aliasing -Wdeprecated-declarations -Wno-sign-conversion -Wno-infinite-recursion -Wno-comma -Wno-block-capture-autoreleasing -Wno-strict-prototypes -Wno-semicolon-before-method-body @/Users/jasonlee/Library/Developer/Xcode/DerivedData/Notch-ddzsfiyxyoauidejndllmosklbkq/Build/Intermediates.noindex/PLCrashReporter.build/Release/CrashReporter.build/Objects-normal/arm64/7187679823f38a2a940e0043cdf9d637-common-args.resp -MMD -MT dependencies -MF /Users/jasonlee/Library/Developer/Xcode/DerivedData/Notch-ddzsfiyxyoauidejndllmosklbkq/Build/Intermediates.noindex/PLCrashReporter.build/Release/CrashReporter.build/Objects-normal/arm64/PLCrashFrameWalker.d --serialize-diagnostics /Users/jasonlee/Library/Developer/Xcode/DerivedData/Notch-ddzsfiyxyoauidejndllmosklbkq/Build/Intermediates.noindex/PLCrashReporter.build/Release/CrashReporter.build/Objects-normal/arm64/PLCrashFrameWalker.dia -c /Users/jasonlee/Library/Developer/Xcode/DerivedData/Notch-ddzsfiyxyoauidejndllmosklbkq/SourcePackages/checkouts/plcrashreporter/Source/PLCrashFrameWalker.c -o /Users/jasonlee/Library/Developer/Xcode/DerivedData/Notch-ddzsfiyxyoauidejndllmosklbkq/Build/Intermediates.noindex/PLCrashReporter.build/Release/CrashReporter.build/Objects-normal/arm64/PLCrashFrameWalker.o

ScanDependencies /Users/jasonlee/Library/Developer/Xcode/DerivedData/Notch-ddzsfiyxyoauidejndllmosklbkq/Build/Intermediates.noindex/PLCrashReporter.build/Release/CrashReporter.build/Objects-normal/arm64/PLCrashFrameStackUnwind.o /Users/jasonlee/Library/Developer/Xcode/DerivedData/Notch-ddzsfiyxyoauidejndllmosklbkq/SourcePackages/checkouts/plcrashreporter/Source/PLCrashFrameStackUnwind.c normal arm64 c com.apple.compilers.llvm.clang.1_0.compiler (in target 'CrashReporter' from project 'PLCrashReporter')
    cd /Users/jasonlee/Coding/App/Notch/Notch.xcodeproj
    
    Using response file: /Users/jasonlee/Library/Developer/Xcode/DerivedData/Notch-ddzsfiyxyoauidejndllmosklbkq/Build/Intermediates.noindex/PLCrashReporter.build/Release/CrashReporter.build/Objects-normal/arm64/7187679823f38a2a940e0043cdf9d637-common-args.resp
    
    builtin-ScanDependencies -o /Users/jasonlee/Library/Developer/Xcode/DerivedData/Notch-ddzsfiyxyoauidejndllmosklbkq/Build/Intermediates.noindex/PLCrashReporter.build/Release/CrashReporter.build/Objects-normal/arm64/PLCrashFrameStackUnwind.o.scan -- /Applications/Xcode.app/Contents/Developer/Toolchains/XcodeDefault.xctoolchain/usr/bin/clang -x c -ivfsstatcache /Users/jasonlee/Library/Developer/Xcode/DerivedData/SDKStatCaches.noindex/macosx26.4-25E251-30f9ca8789b706f8bd3fc906a70d770f.sdkstatcache -target arm64-apple-macos10.13 -fmessage-length\=0 -fdiagnostics-show-note-include-stack -fmacro-backtrace-limit\=0 -fno-color-diagnostics -fmodules-prune-interval\=86400 -fmodules-prune-after\=345600 -fbuild-session-file\=/Users/jasonlee/Library/Developer/Xcode/DerivedData/ModuleCache.noindex/Session.modulevalidation -fmodules-validate-once-per-build-session -Wnon-modular-include-in-framework-module -Werror\=non-modular-include-in-framework-module -Wno-trigraphs -Wno-missing-field-initializers -Wno-missing-prototypes -Wno-return-type -Wno-missing-braces -Wparentheses -Wswitch -Wno-unused-function -Wno-unused-label -Wno-unused-parameter -Wno-unused-variable -Wunused-value -Wno-empty-body -Wno-uninitialized -Wno-unknown-pragmas -w -Wno-shadow -Wno-four-char-constants -Wno-conversion -Wno-constant-conversion -Wno-int-conversion -Wno-bool-conversion -Wno-enum-conversion -Wno-float-conversion -Wno-non-literal-null-conversion -Wno-objc-literal-conversion -Wshorten-64-to-32 -Wpointer-sign -Wno-newline-eof -Wno-implicit-fallthrough -isysroot /Applications/Xcode.app/Contents/Developer/Platforms/MacOSX.platform/Developer/SDKs/MacOSX26.4.sdk -fstrict-aliasing -Wdeprecated-declarations -Wno-sign-conversion -Wno-infinite-recursion -Wno-comma -Wno-block-capture-autoreleasing -Wno-strict-prototypes -Wno-semicolon-before-method-body @/Users/jasonlee/Library/Developer/Xcode/DerivedData/Notch-ddzsfiyxyoauidejndllmosklbkq/Build/Intermediates.noindex/PLCrashReporter.build/Release/CrashReporter.build/Objects-normal/arm64/7187679823f38a2a940e0043cdf9d637-common-args.resp -MMD -MT dependencies -MF /Users/jasonlee/Library/Developer/Xcode/DerivedData/Notch-ddzsfiyxyoauidejndllmosklbkq/Build/Intermediates.noindex/PLCrashReporter.build/Release/CrashReporter.build/Objects-normal/arm64/PLCrashFrameStackUnwind.d --serialize-diagnostics /Users/jasonlee/Library/Developer/Xcode/DerivedData/Notch-ddzsfiyxyoauidejndllmosklbkq/Build/Intermediates.noindex/PLCrashReporter.build/Release/CrashReporter.build/Objects-normal/arm64/PLCrashFrameStackUnwind.dia -c /Users/jasonlee/Library/Developer/Xcode/DerivedData/Notch-ddzsfiyxyoauidejndllmosklbkq/SourcePackages/checkouts/plcrashreporter/Source/PLCrashFrameStackUnwind.c -o /Users/jasonlee/Library/Developer/Xcode/DerivedData/Notch-ddzsfiyxyoauidejndllmosklbkq/Build/Intermediates.noindex/PLCrashReporter.build/Release/CrashReporter.build/Objects-normal/arm64/PLCrashFrameStackUnwind.o

ScanDependencies /Users/jasonlee/Library/Developer/Xcode/DerivedData/Notch-ddzsfiyxyoauidejndllmosklbkq/Build/Intermediates.noindex/PLCrashReporter.build/Release/CrashReporter.build/Objects-normal/arm64/PLCrashFrameCompactUnwind.o /Users/jasonlee/Library/Developer/Xcode/DerivedData/Notch-ddzsfiyxyoauidejndllmosklbkq/SourcePackages/checkouts/plcrashreporter/Source/PLCrashFrameCompactUnwind.c normal arm64 c com.apple.compilers.llvm.clang.1_0.compiler (in target 'CrashReporter' from project 'PLCrashReporter')
    cd /Users/jasonlee/Coding/App/Notch/Notch.xcodeproj
    
    Using response file: /Users/jasonlee/Library/Developer/Xcode/DerivedData/Notch-ddzsfiyxyoauidejndllmosklbkq/Build/Intermediates.noindex/PLCrashReporter.build/Release/CrashReporter.build/Objects-normal/arm64/7187679823f38a2a940e0043cdf9d637-common-args.resp
    
    builtin-ScanDependencies -o /Users/jasonlee/Library/Developer/Xcode/DerivedData/Notch-ddzsfiyxyoauidejndllmosklbkq/Build/Intermediates.noindex/PLCrashReporter.build/Release/CrashReporter.build/Objects-normal/arm64/PLCrashFrameCompactUnwind.o.scan -- /Applications/Xcode.app/Contents/Developer/Toolchains/XcodeDefault.xctoolchain/usr/bin/clang -x c -ivfsstatcache /Users/jasonlee/Library/Developer/Xcode/DerivedData/SDKStatCaches.noindex/macosx26.4-25E251-30f9ca8789b706f8bd3fc906a70d770f.sdkstatcache -target arm64-apple-macos10.13 -fmessage-length\=0 -fdiagnostics-show-note-include-stack -fmacro-backtrace-limit\=0 -fno-color-diagnostics -fmodules-prune-interval\=86400 -fmodules-prune-after\=345600 -fbuild-session-file\=/Users/jasonlee/Library/Developer/Xcode/DerivedData/ModuleCache.noindex/Session.modulevalidation -fmodules-validate-once-per-build-session -Wnon-modular-include-in-framework-module -Werror\=non-modular-include-in-framework-module -Wno-trigraphs -Wno-missing-field-initializers -Wno-missing-prototypes -Wno-return-type -Wno-missing-braces -Wparentheses -Wswitch -Wno-unused-function -Wno-unused-label -Wno-unused-parameter -Wno-unused-variable -Wunused-value -Wno-empty-body -Wno-uninitialized -Wno-unknown-pragmas -w -Wno-shadow -Wno-four-char-constants -Wno-conversion -Wno-constant-conversion -Wno-int-conversion -Wno-bool-conversion -Wno-enum-conversion -Wno-float-conversion -Wno-non-literal-null-conversion -Wno-objc-literal-conversion -Wshorten-64-to-32 -Wpointer-sign -Wno-newline-eof -Wno-implicit-fallthrough -isysroot /Applications/Xcode.app/Contents/Developer/Platforms/MacOSX.platform/Developer/SDKs/MacOSX26.4.sdk -fstrict-aliasing -Wdeprecated-declarations -Wno-sign-conversion -Wno-infinite-recursion -Wno-comma -Wno-block-capture-autoreleasing -Wno-strict-prototypes -Wno-semicolon-before-method-body @/Users/jasonlee/Library/Developer/Xcode/DerivedData/Notch-ddzsfiyxyoauidejndllmosklbkq/Build/Intermediates.noindex/PLCrashReporter.build/Release/CrashReporter.build/Objects-normal/arm64/7187679823f38a2a940e0043cdf9d637-common-args.resp -MMD -MT dependencies -MF /Users/jasonlee/Library/Developer/Xcode/DerivedData/Notch-ddzsfiyxyoauidejndllmosklbkq/Build/Intermediates.noindex/PLCrashReporter.build/Release/CrashReporter.build/Objects-normal/arm64/PLCrashFrameCompactUnwind.d --serialize-diagnostics /Users/jasonlee/Library/Developer/Xcode/DerivedData/Notch-ddzsfiyxyoauidejndllmosklbkq/Build/Intermediates.noindex/PLCrashReporter.build/Release/CrashReporter.build/Objects-normal/arm64/PLCrashFrameCompactUnwind.dia -c /Users/jasonlee/Library/Developer/Xcode/DerivedData/Notch-ddzsfiyxyoauidejndllmosklbkq/SourcePackages/checkouts/plcrashreporter/Source/PLCrashFrameCompactUnwind.c -o /Users/jasonlee/Library/Developer/Xcode/DerivedData/Notch-ddzsfiyxyoauidejndllmosklbkq/Build/Intermediates.noindex/PLCrashReporter.build/Release/CrashReporter.build/Objects-normal/arm64/PLCrashFrameCompactUnwind.o

ScanDependencies /Users/jasonlee/Library/Developer/Xcode/DerivedData/Notch-ddzsfiyxyoauidejndllmosklbkq/Build/Intermediates.noindex/PLCrashReporter.build/Release/CrashReporter.build/Objects-normal/arm64/PLCrashAsyncThread_x86.o /Users/jasonlee/Library/Developer/Xcode/DerivedData/Notch-ddzsfiyxyoauidejndllmosklbkq/SourcePackages/checkouts/plcrashreporter/Source/PLCrashAsyncThread_x86.c normal arm64 c com.apple.compilers.llvm.clang.1_0.compiler (in target 'CrashReporter' from project 'PLCrashReporter')
    cd /Users/jasonlee/Coding/App/Notch/Notch.xcodeproj
    
    Using response file: /Users/jasonlee/Library/Developer/Xcode/DerivedData/Notch-ddzsfiyxyoauidejndllmosklbkq/Build/Intermediates.noindex/PLCrashReporter.build/Release/CrashReporter.build/Objects-normal/arm64/7187679823f38a2a940e0043cdf9d637-common-args.resp
    
    builtin-ScanDependencies -o /Users/jasonlee/Library/Developer/Xcode/DerivedData/Notch-ddzsfiyxyoauidejndllmosklbkq/Build/Intermediates.noindex/PLCrashReporter.build/Release/CrashReporter.build/Objects-normal/arm64/PLCrashAsyncThread_x86.o.scan -- /Applications/Xcode.app/Contents/Developer/Toolchains/XcodeDefault.xctoolchain/usr/bin/clang -x c -ivfsstatcache /Users/jasonlee/Library/Developer/Xcode/DerivedData/SDKStatCaches.noindex/macosx26.4-25E251-30f9ca8789b706f8bd3fc906a70d770f.sdkstatcache -target arm64-apple-macos10.13 -fmessage-length\=0 -fdiagnostics-show-note-include-stack -fmacro-backtrace-limit\=0 -fno-color-diagnostics -fmodules-prune-interval\=86400 -fmodules-prune-after\=345600 -fbuild-session-file\=/Users/jasonlee/Library/Developer/Xcode/DerivedData/ModuleCache.noindex/Session.modulevalidation -fmodules-validate-once-per-build-session -Wnon-modular-include-in-framework-module -Werror\=non-modular-include-in-framework-module -Wno-trigraphs -Wno-missing-field-initializers -Wno-missing-prototypes -Wno-return-type -Wno-missing-braces -Wparentheses -Wswitch -Wno-unused-function -Wno-unused-label -Wno-unused-parameter -Wno-unused-variable -Wunused-value -Wno-empty-body -Wno-uninitialized -Wno-unknown-pragmas -w -Wno-shadow -Wno-four-char-constants -Wno-conversion -Wno-constant-conversion -Wno-int-conversion -Wno-bool-conversion -Wno-enum-conversion -Wno-float-conversion -Wno-non-literal-null-conversion -Wno-objc-literal-conversion -Wshorten-64-to-32 -Wpointer-sign -Wno-newline-eof -Wno-implicit-fallthrough -isysroot /Applications/Xcode.app/Contents/Developer/Platforms/MacOSX.platform/Developer/SDKs/MacOSX26.4.sdk -fstrict-aliasing -Wdeprecated-declarations -Wno-sign-conversion -Wno-infinite-recursion -Wno-comma -Wno-block-capture-autoreleasing -Wno-strict-prototypes -Wno-semicolon-before-method-body @/Users/jasonlee/Library/Developer/Xcode/DerivedData/Notch-ddzsfiyxyoauidejndllmosklbkq/Build/Intermediates.noindex/PLCrashReporter.build/Release/CrashReporter.build/Objects-normal/arm64/7187679823f38a2a940e0043cdf9d637-common-args.resp -MMD -MT dependencies -MF /Users/jasonlee/Library/Developer/Xcode/DerivedData/Notch-ddzsfiyxyoauidejndllmosklbkq/Build/Intermediates.noindex/PLCrashReporter.build/Release/CrashReporter.build/Objects-normal/arm64/PLCrashAsyncThread_x86.d --serialize-diagnostics /Users/jasonlee/Library/Developer/Xcode/DerivedData/Notch-ddzsfiyxyoauidejndllmosklbkq/Build/Intermediates.noindex/PLCrashReporter.build/Release/CrashReporter.build/Objects-normal/arm64/PLCrashAsyncThread_x86.dia -c /Users/jasonlee/Library/Developer/Xcode/DerivedData/Notch-ddzsfiyxyoauidejndllmosklbkq/SourcePackages/checkouts/plcrashreporter/Source/PLCrashAsyncThread_x86.c -o /Users/jasonlee/Library/Developer/Xcode/DerivedData/Notch-ddzsfiyxyoauidejndllmosklbkq/Build/Intermediates.noindex/PLCrashReporter.build/Release/CrashReporter.build/Objects-normal/arm64/PLCrashAsyncThread_x86.o

PrecompileModule /Users/jasonlee/Library/Developer/Xcode/DerivedData/Notch-ddzsfiyxyoauidejndllmosklbkq/Build/Intermediates.noindex/ExplicitPrecompiledModules/ObjectiveC-2X1LLC7UFHW972WDEA7511K3E.scan
    cd /
    builtin-precompileModule /Users/jasonlee/Library/Developer/Xcode/DerivedData/Notch-ddzsfiyxyoauidejndllmosklbkq/Build/Intermediates.noindex/ExplicitPrecompiledModules/ObjectiveC-2X1LLC7UFHW972WDEA7511K3E.scan

PrecompileModule /Users/jasonlee/Library/Developer/Xcode/DerivedData/Notch-ddzsfiyxyoauidejndllmosklbkq/Build/Intermediates.noindex/ExplicitPrecompiledModules/IOKit-7RK52HW4TVQP1NQ5IA7SVTBMV.scan
    cd /
    builtin-precompileModule /Users/jasonlee/Library/Developer/Xcode/DerivedData/Notch-ddzsfiyxyoauidejndllmosklbkq/Build/Intermediates.noindex/ExplicitPrecompiledModules/IOKit-7RK52HW4TVQP1NQ5IA7SVTBMV.scan

PrecompileModule /Users/jasonlee/Library/Developer/Xcode/DerivedData/Notch-ddzsfiyxyoauidejndllmosklbkq/Build/Intermediates.noindex/ExplicitPrecompiledModules/Security-E45QURSKK6CUY9ODEFV96NBQ2.scan
    cd /
    builtin-precompileModule /Users/jasonlee/Library/Developer/Xcode/DerivedData/Notch-ddzsfiyxyoauidejndllmosklbkq/Build/Intermediates.noindex/ExplicitPrecompiledModules/Security-E45QURSKK6CUY9ODEFV96NBQ2.scan

PrecompileModule /Users/jasonlee/Library/Developer/Xcode/DerivedData/Notch-ddzsfiyxyoauidejndllmosklbkq/Build/Intermediates.noindex/ExplicitPrecompiledModules/CFNetwork-1Q3YHCOUDTT8F1T4W8IR3P3JI.scan
    cd /
    builtin-precompileModule /Users/jasonlee/Library/Developer/Xcode/DerivedData/Notch-ddzsfiyxyoauidejndllmosklbkq/Build/Intermediates.noindex/ExplicitPrecompiledModules/CFNetwork-1Q3YHCOUDTT8F1T4W8IR3P3JI.scan

PrecompileModule /Users/jasonlee/Library/Developer/Xcode/DerivedData/Notch-ddzsfiyxyoauidejndllmosklbkq/Build/Intermediates.noindex/ExplicitPrecompiledModules/MachO-CNLXCBYBZSIP152MCNT9Y920U.scan
    cd /
    builtin-precompileModule /Users/jasonlee/Library/Developer/Xcode/DerivedData/Notch-ddzsfiyxyoauidejndllmosklbkq/Build/Intermediates.noindex/ExplicitPrecompiledModules/MachO-CNLXCBYBZSIP152MCNT9Y920U.scan

ScanDependencies /Users/jasonlee/Library/Developer/Xcode/DerivedData/Notch-ddzsfiyxyoauidejndllmosklbkq/Build/Intermediates.noindex/PLCrashReporter.build/Release/CrashReporter.build/Objects-normal/arm64/PLCrashAsyncThread_current-6de2779a113c59b5dec74d502b7bbc2d.o /Users/jasonlee/Library/Developer/Xcode/DerivedData/Notch-ddzsfiyxyoauidejndllmosklbkq/SourcePackages/checkouts/plcrashreporter/Source/PLCrashAsyncThread_current.c normal arm64 c com.apple.compilers.llvm.clang.1_0.compiler (in target 'CrashReporter' from project 'PLCrashReporter')
    cd /Users/jasonlee/Coding/App/Notch/Notch.xcodeproj
    
    Using response file: /Users/jasonlee/Library/Developer/Xcode/DerivedData/Notch-ddzsfiyxyoauidejndllmosklbkq/Build/Intermediates.noindex/PLCrashReporter.build/Release/CrashReporter.build/Objects-normal/arm64/7187679823f38a2a940e0043cdf9d637-common-args.resp
    
    builtin-ScanDependencies -o /Users/jasonlee/Library/Developer/Xcode/DerivedData/Notch-ddzsfiyxyoauidejndllmosklbkq/Build/Intermediates.noindex/PLCrashReporter.build/Release/CrashReporter.build/Objects-normal/arm64/PLCrashAsyncThread_current-6de2779a113c59b5dec74d502b7bbc2d.o.scan -- /Applications/Xcode.app/Contents/Developer/Toolchains/XcodeDefault.xctoolchain/usr/bin/clang -x c -ivfsstatcache /Users/jasonlee/Library/Developer/Xcode/DerivedData/SDKStatCaches.noindex/macosx26.4-25E251-30f9ca8789b706f8bd3fc906a70d770f.sdkstatcache -target arm64-apple-macos10.13 -fmessage-length\=0 -fdiagnostics-show-note-include-stack -fmacro-backtrace-limit\=0 -fno-color-diagnostics -fmodules-prune-interval\=86400 -fmodules-prune-after\=345600 -fbuild-session-file\=/Users/jasonlee/Library/Developer/Xcode/DerivedData/ModuleCache.noindex/Session.modulevalidation -fmodules-validate-once-per-build-session -Wnon-modular-include-in-framework-module -Werror\=non-modular-include-in-framework-module -Wno-trigraphs -Wno-missing-field-initializers -Wno-missing-prototypes -Wno-return-type -Wno-missing-braces -Wparentheses -Wswitch -Wno-unused-function -Wno-unused-label -Wno-unused-parameter -Wno-unused-variable -Wunused-value -Wno-empty-body -Wno-uninitialized -Wno-unknown-pragmas -w -Wno-shadow -Wno-four-char-constants -Wno-conversion -Wno-constant-conversion -Wno-int-conversion -Wno-bool-conversion -Wno-enum-conversion -Wno-float-conversion -Wno-non-literal-null-conversion -Wno-objc-literal-conversion -Wshorten-64-to-32 -Wpointer-sign -Wno-newline-eof -Wno-implicit-fallthrough -isysroot /Applications/Xcode.app/Contents/Developer/Platforms/MacOSX.platform/Developer/SDKs/MacOSX26.4.sdk -fstrict-aliasing -Wdeprecated-declarations -Wno-sign-conversion -Wno-infinite-recursion -Wno-comma -Wno-block-capture-autoreleasing -Wno-strict-prototypes -Wno-semicolon-before-method-body @/Users/jasonlee/Library/Developer/Xcode/DerivedData/Notch-ddzsfiyxyoauidejndllmosklbkq/Build/Intermediates.noindex/PLCrashReporter.build/Release/CrashReporter.build/Objects-normal/arm64/7187679823f38a2a940e0043cdf9d637-common-args.resp -MMD -MT dependencies -MF /Users/jasonlee/Library/Developer/Xcode/DerivedData/Notch-ddzsfiyxyoauidejndllmosklbkq/Build/Intermediates.noindex/PLCrashReporter.build/Release/CrashReporter.build/Objects-normal/arm64/PLCrashAsyncThread_current-6de2779a113c59b5dec74d502b7bbc2d.d --serialize-diagnostics /Users/jasonlee/Library/Developer/Xcode/DerivedData/Notch-ddzsfiyxyoauidejndllmosklbkq/Build/Intermediates.noindex/PLCrashReporter.build/Release/CrashReporter.build/Objects-normal/arm64/PLCrashAsyncThread_current-6de2779a113c59b5dec74d502b7bbc2d.dia -c /Users/jasonlee/Library/Developer/Xcode/DerivedData/Notch-ddzsfiyxyoauidejndllmosklbkq/SourcePackages/checkouts/plcrashreporter/Source/PLCrashAsyncThread_current.c -o /Users/jasonlee/Library/Developer/Xcode/DerivedData/Notch-ddzsfiyxyoauidejndllmosklbkq/Build/Intermediates.noindex/PLCrashReporter.build/Release/CrashReporter.build/Objects-normal/arm64/PLCrashAsyncThread_current-6de2779a113c59b5dec74d502b7bbc2d.o

CompileC /Users/jasonlee/Library/Developer/Xcode/DerivedData/Notch-ddzsfiyxyoauidejndllmosklbkq/Build/Intermediates.noindex/PLCrashReporter.build/Release/CrashReporter.build/Objects-normal/arm64/PLCrashAsyncThread_x86.o /Users/jasonlee/Library/Developer/Xcode/DerivedData/Notch-ddzsfiyxyoauidejndllmosklbkq/SourcePackages/checkouts/plcrashreporter/Source/PLCrashAsyncThread_x86.c normal arm64 c com.apple.compilers.llvm.clang.1_0.compiler (in target 'CrashReporter' from project 'PLCrashReporter')
    cd /Users/jasonlee/Coding/App/Notch/Notch.xcodeproj
    
    Using response file: /Users/jasonlee/Library/Developer/Xcode/DerivedData/Notch-ddzsfiyxyoauidejndllmosklbkq/Build/Intermediates.noindex/PLCrashReporter.build/Release/CrashReporter.build/Objects-normal/arm64/7187679823f38a2a940e0043cdf9d637-common-args.resp
    
    /Applications/Xcode.app/Contents/Developer/Toolchains/XcodeDefault.xctoolchain/usr/bin/clang -x c -ivfsstatcache /Users/jasonlee/Library/Developer/Xcode/DerivedData/SDKStatCaches.noindex/macosx26.4-25E251-30f9ca8789b706f8bd3fc906a70d770f.sdkstatcache -target arm64-apple-macos10.13 -fmessage-length\=0 -fdiagnostics-show-note-include-stack -fmacro-backtrace-limit\=0 -fno-color-diagnostics -fmodules-prune-interval\=86400 -fmodules-prune-after\=345600 -fbuild-session-file\=/Users/jasonlee/Library/Developer/Xcode/DerivedData/ModuleCache.noindex/Session.modulevalidation -fmodules-validate-once-per-build-session -Wnon-modular-include-in-framework-module -Werror\=non-modular-include-in-framework-module -Wno-trigraphs -Wno-missing-field-initializers -Wno-missing-prototypes -Wno-return-type -Wno-missing-braces -Wparentheses -Wswitch -Wno-unused-function -Wno-unused-label -Wno-unused-parameter -Wno-unused-variable -Wunused-value -Wno-empty-body -Wno-uninitialized -Wno-unknown-pragmas -w -Wno-shadow -Wno-four-char-constants -Wno-conversion -Wno-constant-conversion -Wno-int-conversion -Wno-bool-conversion -Wno-enum-conversion -Wno-float-conversion -Wno-non-literal-null-conversion -Wno-objc-literal-conversion -Wshorten-64-to-32 -Wpointer-sign -Wno-newline-eof -Wno-implicit-fallthrough -isysroot /Applications/Xcode.app/Contents/Developer/Platforms/MacOSX.platform/Developer/SDKs/MacOSX26.4.sdk -fstrict-aliasing -Wdeprecated-declarations -Wno-sign-conversion -Wno-infinite-recursion -Wno-comma -Wno-block-capture-autoreleasing -Wno-strict-prototypes -Wno-semicolon-before-method-body @/Users/jasonlee/Library/Developer/Xcode/DerivedData/Notch-ddzsfiyxyoauidejndllmosklbkq/Build/Intermediates.noindex/PLCrashReporter.build/Release/CrashReporter.build/Objects-normal/arm64/7187679823f38a2a940e0043cdf9d637-common-args.resp -MMD -MT dependencies -MF /Users/jasonlee/Library/Developer/Xcode/DerivedData/Notch-ddzsfiyxyoauidejndllmosklbkq/Build/Intermediates.noindex/PLCrashReporter.build/Release/CrashReporter.build/Objects-normal/arm64/PLCrashAsyncThread_x86.d --serialize-diagnostics /Users/jasonlee/Library/Developer/Xcode/DerivedData/Notch-ddzsfiyxyoauidejndllmosklbkq/Build/Intermediates.noindex/PLCrashReporter.build/Release/CrashReporter.build/Objects-normal/arm64/PLCrashAsyncThread_x86.dia -c /Users/jasonlee/Library/Developer/Xcode/DerivedData/Notch-ddzsfiyxyoauidejndllmosklbkq/SourcePackages/checkouts/plcrashreporter/Source/PLCrashAsyncThread_x86.c -o /Users/jasonlee/Library/Developer/Xcode/DerivedData/Notch-ddzsfiyxyoauidejndllmosklbkq/Build/Intermediates.noindex/PLCrashReporter.build/Release/CrashReporter.build/Objects-normal/arm64/PLCrashAsyncThread_x86.o

CompileC /Users/jasonlee/Library/Developer/Xcode/DerivedData/Notch-ddzsfiyxyoauidejndllmosklbkq/Build/Intermediates.noindex/PLCrashReporter.build/Release/CrashReporter.build/Objects-normal/arm64/PLCrashAsyncThread_current-6de2779a113c59b5dec74d502b7bbc2d.o /Users/jasonlee/Library/Developer/Xcode/DerivedData/Notch-ddzsfiyxyoauidejndllmosklbkq/SourcePackages/checkouts/plcrashreporter/Source/PLCrashAsyncThread_current.c normal arm64 c com.apple.compilers.llvm.clang.1_0.compiler (in target 'CrashReporter' from project 'PLCrashReporter')
    cd /Users/jasonlee/Coding/App/Notch/Notch.xcodeproj
    
    Using response file: /Users/jasonlee/Library/Developer/Xcode/DerivedData/Notch-ddzsfiyxyoauidejndllmosklbkq/Build/Intermediates.noindex/PLCrashReporter.build/Release/CrashReporter.build/Objects-normal/arm64/7187679823f38a2a940e0043cdf9d637-common-args.resp
    
    /Applications/Xcode.app/Contents/Developer/Toolchains/XcodeDefault.xctoolchain/usr/bin/clang -x c -ivfsstatcache /Users/jasonlee/Library/Developer/Xcode/DerivedData/SDKStatCaches.noindex/macosx26.4-25E251-30f9ca8789b706f8bd3fc906a70d770f.sdkstatcache -target arm64-apple-macos10.13 -fmessage-length\=0 -fdiagnostics-show-note-include-stack -fmacro-backtrace-limit\=0 -fno-color-diagnostics -fmodules-prune-interval\=86400 -fmodules-prune-after\=345600 -fbuild-session-file\=/Users/jasonlee/Library/Developer/Xcode/DerivedData/ModuleCache.noindex/Session.modulevalidation -fmodules-validate-once-per-build-session -Wnon-modular-include-in-framework-module -Werror\=non-modular-include-in-framework-module -Wno-trigraphs -Wno-missing-field-initializers -Wno-missing-prototypes -Wno-return-type -Wno-missing-braces -Wparentheses -Wswitch -Wno-unused-function -Wno-unused-label -Wno-unused-parameter -Wno-unused-variable -Wunused-value -Wno-empty-body -Wno-uninitialized -Wno-unknown-pragmas -w -Wno-shadow -Wno-four-char-constants -Wno-conversion -Wno-constant-conversion -Wno-int-conversion -Wno-bool-conversion -Wno-enum-conversion -Wno-float-conversion -Wno-non-literal-null-conversion -Wno-objc-literal-conversion -Wshorten-64-to-32 -Wpointer-sign -Wno-newline-eof -Wno-implicit-fallthrough -isysroot /Applications/Xcode.app/Contents/Developer/Platforms/MacOSX.platform/Developer/SDKs/MacOSX26.4.sdk -fstrict-aliasing -Wdeprecated-declarations -Wno-sign-conversion -Wno-infinite-recursion -Wno-comma -Wno-block-capture-autoreleasing -Wno-strict-prototypes -Wno-semicolon-before-method-body @/Users/jasonlee/Library/Developer/Xcode/DerivedData/Notch-ddzsfiyxyoauidejndllmosklbkq/Build/Intermediates.noindex/PLCrashReporter.build/Release/CrashReporter.build/Objects-normal/arm64/7187679823f38a2a940e0043cdf9d637-common-args.resp -MMD -MT dependencies -MF /Users/jasonlee/Library/Developer/Xcode/DerivedData/Notch-ddzsfiyxyoauidejndllmosklbkq/Build/Intermediates.noindex/PLCrashReporter.build/Release/CrashReporter.build/Objects-normal/arm64/PLCrashAsyncThread_current-6de2779a113c59b5dec74d502b7bbc2d.d --serialize-diagnostics /Users/jasonlee/Library/Developer/Xcode/DerivedData/Notch-ddzsfiyxyoauidejndllmosklbkq/Build/Intermediates.noindex/PLCrashReporter.build/Release/CrashReporter.build/Objects-normal/arm64/PLCrashAsyncThread_current-6de2779a113c59b5dec74d502b7bbc2d.dia -c /Users/jasonlee/Library/Developer/Xcode/DerivedData/Notch-ddzsfiyxyoauidejndllmosklbkq/SourcePackages/checkouts/plcrashreporter/Source/PLCrashAsyncThread_current.c -o /Users/jasonlee/Library/Developer/Xcode/DerivedData/Notch-ddzsfiyxyoauidejndllmosklbkq/Build/Intermediates.noindex/PLCrashReporter.build/Release/CrashReporter.build/Objects-normal/arm64/PLCrashAsyncThread_current-6de2779a113c59b5dec74d502b7bbc2d.o

ScanDependencies /Users/jasonlee/Library/Developer/Xcode/DerivedData/Notch-ddzsfiyxyoauidejndllmosklbkq/Build/Intermediates.noindex/PLCrashReporter.build/Release/CrashReporter.build/Objects-normal/arm64/PLCrashAsyncThread_arm.o /Users/jasonlee/Library/Developer/Xcode/DerivedData/Notch-ddzsfiyxyoauidejndllmosklbkq/SourcePackages/checkouts/plcrashreporter/Source/PLCrashAsyncThread_arm.c normal arm64 c com.apple.compilers.llvm.clang.1_0.compiler (in target 'CrashReporter' from project 'PLCrashReporter')
    cd /Users/jasonlee/Coding/App/Notch/Notch.xcodeproj
    
    Using response file: /Users/jasonlee/Library/Developer/Xcode/DerivedData/Notch-ddzsfiyxyoauidejndllmosklbkq/Build/Intermediates.noindex/PLCrashReporter.build/Release/CrashReporter.build/Objects-normal/arm64/7187679823f38a2a940e0043cdf9d637-common-args.resp
    
    builtin-ScanDependencies -o /Users/jasonlee/Library/Developer/Xcode/DerivedData/Notch-ddzsfiyxyoauidejndllmosklbkq/Build/Intermediates.noindex/PLCrashReporter.build/Release/CrashReporter.build/Objects-normal/arm64/PLCrashAsyncThread_arm.o.scan -- /Applications/Xcode.app/Contents/Developer/Toolchains/XcodeDefault.xctoolchain/usr/bin/clang -x c -ivfsstatcache /Users/jasonlee/Library/Developer/Xcode/DerivedData/SDKStatCaches.noindex/macosx26.4-25E251-30f9ca8789b706f8bd3fc906a70d770f.sdkstatcache -target arm64-apple-macos10.13 -fmessage-length\=0 -fdiagnostics-show-note-include-stack -fmacro-backtrace-limit\=0 -fno-color-diagnostics -fmodules-prune-interval\=86400 -fmodules-prune-after\=345600 -fbuild-session-file\=/Users/jasonlee/Library/Developer/Xcode/DerivedData/ModuleCache.noindex/Session.modulevalidation -fmodules-validate-once-per-build-session -Wnon-modular-include-in-framework-module -Werror\=non-modular-include-in-framework-module -Wno-trigraphs -Wno-missing-field-initializers -Wno-missing-prototypes -Wno-return-type -Wno-missing-braces -Wparentheses -Wswitch -Wno-unused-function -Wno-unused-label -Wno-unused-parameter -Wno-unused-variable -Wunused-value -Wno-empty-body -Wno-uninitialized -Wno-unknown-pragmas -w -Wno-shadow -Wno-four-char-constants -Wno-conversion -Wno-constant-conversion -Wno-int-conversion -Wno-bool-conversion -Wno-enum-conversion -Wno-float-conversion -Wno-non-literal-null-conversion -Wno-objc-literal-conversion -Wshorten-64-to-32 -Wpointer-sign -Wno-newline-eof -Wno-implicit-fallthrough -isysroot /Applications/Xcode.app/Contents/Developer/Platforms/MacOSX.platform/Developer/SDKs/MacOSX26.4.sdk -fstrict-aliasing -Wdeprecated-declarations -Wno-sign-conversion -Wno-infinite-recursion -Wno-comma -Wno-block-capture-autoreleasing -Wno-strict-prototypes -Wno-semicolon-before-method-body @/Users/jasonlee/Library/Developer/Xcode/DerivedData/Notch-ddzsfiyxyoauidejndllmosklbkq/Build/Intermediates.noindex/PLCrashReporter.build/Release/CrashReporter.build/Objects-normal/arm64/7187679823f38a2a940e0043cdf9d637-common-args.resp -MMD -MT dependencies -MF /Users/jasonlee/Library/Developer/Xcode/DerivedData/Notch-ddzsfiyxyoauidejndllmosklbkq/Build/Intermediates.noindex/PLCrashReporter.build/Release/CrashReporter.build/Objects-normal/arm64/PLCrashAsyncThread_arm.d --serialize-diagnostics /Users/jasonlee/Library/Developer/Xcode/DerivedData/Notch-ddzsfiyxyoauidejndllmosklbkq/Build/Intermediates.noindex/PLCrashReporter.build/Release/CrashReporter.build/Objects-normal/arm64/PLCrashAsyncThread_arm.dia -c /Users/jasonlee/Library/Developer/Xcode/DerivedData/Notch-ddzsfiyxyoauidejndllmosklbkq/SourcePackages/checkouts/plcrashreporter/Source/PLCrashAsyncThread_arm.c -o /Users/jasonlee/Library/Developer/Xcode/DerivedData/Notch-ddzsfiyxyoauidejndllmosklbkq/Build/Intermediates.noindex/PLCrashReporter.build/Release/CrashReporter.build/Objects-normal/arm64/PLCrashAsyncThread_arm.o

PrecompileModule /Users/jasonlee/Library/Developer/Xcode/DerivedData/Notch-ddzsfiyxyoauidejndllmosklbkq/Build/Intermediates.noindex/ExplicitPrecompiledModules/os_object-CYOW4URP3P5X5MSQHF98RY153.scan
    cd /
    builtin-precompileModule /Users/jasonlee/Library/Developer/Xcode/DerivedData/Notch-ddzsfiyxyoauidejndllmosklbkq/Build/Intermediates.noindex/ExplicitPrecompiledModules/os_object-CYOW4URP3P5X5MSQHF98RY153.scan

ScanDependencies /Users/jasonlee/Library/Developer/Xcode/DerivedData/Notch-ddzsfiyxyoauidejndllmosklbkq/Build/Intermediates.noindex/PLCrashReporter.build/Release/CrashReporter.build/Objects-normal/arm64/PLCrashAsyncThread.o /Users/jasonlee/Library/Developer/Xcode/DerivedData/Notch-ddzsfiyxyoauidejndllmosklbkq/SourcePackages/checkouts/plcrashreporter/Source/PLCrashAsyncThread.c normal arm64 c com.apple.compilers.llvm.clang.1_0.compiler (in target 'CrashReporter' from project 'PLCrashReporter')
    cd /Users/jasonlee/Coding/App/Notch/Notch.xcodeproj
    
    Using response file: /Users/jasonlee/Library/Developer/Xcode/DerivedData/Notch-ddzsfiyxyoauidejndllmosklbkq/Build/Intermediates.noindex/PLCrashReporter.build/Release/CrashReporter.build/Objects-normal/arm64/7187679823f38a2a940e0043cdf9d637-common-args.resp
    
    builtin-ScanDependencies -o /Users/jasonlee/Library/Developer/Xcode/DerivedData/Notch-ddzsfiyxyoauidejndllmosklbkq/Build/Intermediates.noindex/PLCrashReporter.build/Release/CrashReporter.build/Objects-normal/arm64/PLCrashAsyncThread.o.scan -- /Applications/Xcode.app/Contents/Developer/Toolchains/XcodeDefault.xctoolchain/usr/bin/clang -x c -ivfsstatcache /Users/jasonlee/Library/Developer/Xcode/DerivedData/SDKStatCaches.noindex/macosx26.4-25E251-30f9ca8789b706f8bd3fc906a70d770f.sdkstatcache -target arm64-apple-macos10.13 -fmessage-length\=0 -fdiagnostics-show-note-include-stack -fmacro-backtrace-limit\=0 -fno-color-diagnostics -fmodules-prune-interval\=86400 -fmodules-prune-after\=345600 -fbuild-session-file\=/Users/jasonlee/Library/Developer/Xcode/DerivedData/ModuleCache.noindex/Session.modulevalidation -fmodules-validate-once-per-build-session -Wnon-modular-include-in-framework-module -Werror\=non-modular-include-in-framework-module -Wno-trigraphs -Wno-missing-field-initializers -Wno-missing-prototypes -Wno-return-type -Wno-missing-braces -Wparentheses -Wswitch -Wno-unused-function -Wno-unused-label -Wno-unused-parameter -Wno-unused-variable -Wunused-value -Wno-empty-body -Wno-uninitialized -Wno-unknown-pragmas -w -Wno-shadow -Wno-four-char-constants -Wno-conversion -Wno-constant-conversion -Wno-int-conversion -Wno-bool-conversion -Wno-enum-conversion -Wno-float-conversion -Wno-non-literal-null-conversion -Wno-objc-literal-conversion -Wshorten-64-to-32 -Wpointer-sign -Wno-newline-eof -Wno-implicit-fallthrough -isysroot /Applications/Xcode.app/Contents/Developer/Platforms/MacOSX.platform/Developer/SDKs/MacOSX26.4.sdk -fstrict-aliasing -Wdeprecated-declarations -Wno-sign-conversion -Wno-infinite-recursion -Wno-comma -Wno-block-capture-autoreleasing -Wno-strict-prototypes -Wno-semicolon-before-method-body @/Users/jasonlee/Library/Developer/Xcode/DerivedData/Notch-ddzsfiyxyoauidejndllmosklbkq/Build/Intermediates.noindex/PLCrashReporter.build/Release/CrashReporter.build/Objects-normal/arm64/7187679823f38a2a940e0043cdf9d637-common-args.resp -MMD -MT dependencies -MF /Users/jasonlee/Library/Developer/Xcode/DerivedData/Notch-ddzsfiyxyoauidejndllmosklbkq/Build/Intermediates.noindex/PLCrashReporter.build/Release/CrashReporter.build/Objects-normal/arm64/PLCrashAsyncThread.d --serialize-diagnostics /Users/jasonlee/Library/Developer/Xcode/DerivedData/Notch-ddzsfiyxyoauidejndllmosklbkq/Build/Intermediates.noindex/PLCrashReporter.build/Release/CrashReporter.build/Objects-normal/arm64/PLCrashAsyncThread.dia -c /Users/jasonlee/Library/Developer/Xcode/DerivedData/Notch-ddzsfiyxyoauidejndllmosklbkq/SourcePackages/checkouts/plcrashreporter/Source/PLCrashAsyncThread.c -o /Users/jasonlee/Library/Developer/Xcode/DerivedData/Notch-ddzsfiyxyoauidejndllmosklbkq/Build/Intermediates.noindex/PLCrashReporter.build/Release/CrashReporter.build/Objects-normal/arm64/PLCrashAsyncThread.o

CompileC /Users/jasonlee/Library/Developer/Xcode/DerivedData/Notch-ddzsfiyxyoauidejndllmosklbkq/Build/Intermediates.noindex/PLCrashReporter.build/Release/CrashReporter.build/Objects-normal/arm64/PLCrashFrameWalker.o /Users/jasonlee/Library/Developer/Xcode/DerivedData/Notch-ddzsfiyxyoauidejndllmosklbkq/SourcePackages/checkouts/plcrashreporter/Source/PLCrashFrameWalker.c normal arm64 c com.apple.compilers.llvm.clang.1_0.compiler (in target 'CrashReporter' from project 'PLCrashReporter')
    cd /Users/jasonlee/Coding/App/Notch/Notch.xcodeproj
    
    Using response file: /Users/jasonlee/Library/Developer/Xcode/DerivedData/Notch-ddzsfiyxyoauidejndllmosklbkq/Build/Intermediates.noindex/PLCrashReporter.build/Release/CrashReporter.build/Objects-normal/arm64/7187679823f38a2a940e0043cdf9d637-common-args.resp
    
    /Applications/Xcode.app/Contents/Developer/Toolchains/XcodeDefault.xctoolchain/usr/bin/clang -x c -ivfsstatcache /Users/jasonlee/Library/Developer/Xcode/DerivedData/SDKStatCaches.noindex/macosx26.4-25E251-30f9ca8789b706f8bd3fc906a70d770f.sdkstatcache -target arm64-apple-macos10.13 -fmessage-length\=0 -fdiagnostics-show-note-include-stack -fmacro-backtrace-limit\=0 -fno-color-diagnostics -fmodules-prune-interval\=86400 -fmodules-prune-after\=345600 -fbuild-session-file\=/Users/jasonlee/Library/Developer/Xcode/DerivedData/ModuleCache.noindex/Session.modulevalidation -fmodules-validate-once-per-build-session -Wnon-modular-include-in-framework-module -Werror\=non-modular-include-in-framework-module -Wno-trigraphs -Wno-missing-field-initializers -Wno-missing-prototypes -Wno-return-type -Wno-missing-braces -Wparentheses -Wswitch -Wno-unused-function -Wno-unused-label -Wno-unused-parameter -Wno-unused-variable -Wunused-value -Wno-empty-body -Wno-uninitialized -Wno-unknown-pragmas -w -Wno-shadow -Wno-four-char-constants -Wno-conversion -Wno-constant-conversion -Wno-int-conversion -Wno-bool-conversion -Wno-enum-conversion -Wno-float-conversion -Wno-non-literal-null-conversion -Wno-objc-literal-conversion -Wshorten-64-to-32 -Wpointer-sign -Wno-newline-eof -Wno-implicit-fallthrough -isysroot /Applications/Xcode.app/Contents/Developer/Platforms/MacOSX.platform/Developer/SDKs/MacOSX26.4.sdk -fstrict-aliasing -Wdeprecated-declarations -Wno-sign-conversion -Wno-infinite-recursion -Wno-comma -Wno-block-capture-autoreleasing -Wno-strict-prototypes -Wno-semicolon-before-method-body @/Users/jasonlee/Library/Developer/Xcode/DerivedData/Notch-ddzsfiyxyoauidejndllmosklbkq/Build/Intermediates.noindex/PLCrashReporter.build/Release/CrashReporter.build/Objects-normal/arm64/7187679823f38a2a940e0043cdf9d637-common-args.resp -MMD -MT dependencies -MF /Users/jasonlee/Library/Developer/Xcode/DerivedData/Notch-ddzsfiyxyoauidejndllmosklbkq/Build/Intermediates.noindex/PLCrashReporter.build/Release/CrashReporter.build/Objects-normal/arm64/PLCrashFrameWalker.d --serialize-diagnostics /Users/jasonlee/Library/Developer/Xcode/DerivedData/Notch-ddzsfiyxyoauidejndllmosklbkq/Build/Intermediates.noindex/PLCrashReporter.build/Release/CrashReporter.build/Objects-normal/arm64/PLCrashFrameWalker.dia -c /Users/jasonlee/Library/Developer/Xcode/DerivedData/Notch-ddzsfiyxyoauidejndllmosklbkq/SourcePackages/checkouts/plcrashreporter/Source/PLCrashFrameWalker.c -o /Users/jasonlee/Library/Developer/Xcode/DerivedData/Notch-ddzsfiyxyoauidejndllmosklbkq/Build/Intermediates.noindex/PLCrashReporter.build/Release/CrashReporter.build/Objects-normal/arm64/PLCrashFrameWalker.o

CompileC /Users/jasonlee/Library/Developer/Xcode/DerivedData/Notch-ddzsfiyxyoauidejndllmosklbkq/Build/Intermediates.noindex/PLCrashReporter.build/Release/CrashReporter.build/Objects-normal/arm64/PLCrashFrameStackUnwind.o /Users/jasonlee/Library/Developer/Xcode/DerivedData/Notch-ddzsfiyxyoauidejndllmosklbkq/SourcePackages/checkouts/plcrashreporter/Source/PLCrashFrameStackUnwind.c normal arm64 c com.apple.compilers.llvm.clang.1_0.compiler (in target 'CrashReporter' from project 'PLCrashReporter')
    cd /Users/jasonlee/Coding/App/Notch/Notch.xcodeproj
    
    Using response file: /Users/jasonlee/Library/Developer/Xcode/DerivedData/Notch-ddzsfiyxyoauidejndllmosklbkq/Build/Intermediates.noindex/PLCrashReporter.build/Release/CrashReporter.build/Objects-normal/arm64/7187679823f38a2a940e0043cdf9d637-common-args.resp
    
    /Applications/Xcode.app/Contents/Developer/Toolchains/XcodeDefault.xctoolchain/usr/bin/clang -x c -ivfsstatcache /Users/jasonlee/Library/Developer/Xcode/DerivedData/SDKStatCaches.noindex/macosx26.4-25E251-30f9ca8789b706f8bd3fc906a70d770f.sdkstatcache -target arm64-apple-macos10.13 -fmessage-length\=0 -fdiagnostics-show-note-include-stack -fmacro-backtrace-limit\=0 -fno-color-diagnostics -fmodules-prune-interval\=86400 -fmodules-prune-after\=345600 -fbuild-session-file\=/Users/jasonlee/Library/Developer/Xcode/DerivedData/ModuleCache.noindex/Session.modulevalidation -fmodules-validate-once-per-build-session -Wnon-modular-include-in-framework-module -Werror\=non-modular-include-in-framework-module -Wno-trigraphs -Wno-missing-field-initializers -Wno-missing-prototypes -Wno-return-type -Wno-missing-braces -Wparentheses -Wswitch -Wno-unused-function -Wno-unused-label -Wno-unused-parameter -Wno-unused-variable -Wunused-value -Wno-empty-body -Wno-uninitialized -Wno-unknown-pragmas -w -Wno-shadow -Wno-four-char-constants -Wno-conversion -Wno-constant-conversion -Wno-int-conversion -Wno-bool-conversion -Wno-enum-conversion -Wno-float-conversion -Wno-non-literal-null-conversion -Wno-objc-literal-conversion -Wshorten-64-to-32 -Wpointer-sign -Wno-newline-eof -Wno-implicit-fallthrough -isysroot /Applications/Xcode.app/Contents/Developer/Platforms/MacOSX.platform/Developer/SDKs/MacOSX26.4.sdk -fstrict-aliasing -Wdeprecated-declarations -Wno-sign-conversion -Wno-infinite-recursion -Wno-comma -Wno-block-capture-autoreleasing -Wno-strict-prototypes -Wno-semicolon-before-method-body @/Users/jasonlee/Library/Developer/Xcode/DerivedData/Notch-ddzsfiyxyoauidejndllmosklbkq/Build/Intermediates.noindex/PLCrashReporter.build/Release/CrashReporter.build/Objects-normal/arm64/7187679823f38a2a940e0043cdf9d637-common-args.resp -MMD -MT dependencies -MF /Users/jasonlee/Library/Developer/Xcode/DerivedData/Notch-ddzsfiyxyoauidejndllmosklbkq/Build/Intermediates.noindex/PLCrashReporter.build/Release/CrashReporter.build/Objects-normal/arm64/PLCrashFrameStackUnwind.d --serialize-diagnostics /Users/jasonlee/Library/Developer/Xcode/DerivedData/Notch-ddzsfiyxyoauidejndllmosklbkq/Build/Intermediates.noindex/PLCrashReporter.build/Release/CrashReporter.build/Objects-normal/arm64/PLCrashFrameStackUnwind.dia -c /Users/jasonlee/Library/Developer/Xcode/DerivedData/Notch-ddzsfiyxyoauidejndllmosklbkq/SourcePackages/checkouts/plcrashreporter/Source/PLCrashFrameStackUnwind.c -o /Users/jasonlee/Library/Developer/Xcode/DerivedData/Notch-ddzsfiyxyoauidejndllmosklbkq/Build/Intermediates.noindex/PLCrashReporter.build/Release/CrashReporter.build/Objects-normal/arm64/PLCrashFrameStackUnwind.o

CompileC /Users/jasonlee/Library/Developer/Xcode/DerivedData/Notch-ddzsfiyxyoauidejndllmosklbkq/Build/Intermediates.noindex/PLCrashReporter.build/Release/CrashReporter.build/Objects-normal/arm64/PLCrashFrameCompactUnwind.o /Users/jasonlee/Library/Developer/Xcode/DerivedData/Notch-ddzsfiyxyoauidejndllmosklbkq/SourcePackages/checkouts/plcrashreporter/Source/PLCrashFrameCompactUnwind.c normal arm64 c com.apple.compilers.llvm.clang.1_0.compiler (in target 'CrashReporter' from project 'PLCrashReporter')
    cd /Users/jasonlee/Coding/App/Notch/Notch.xcodeproj
    
    Using response file: /Users/jasonlee/Library/Developer/Xcode/DerivedData/Notch-ddzsfiyxyoauidejndllmosklbkq/Build/Intermediates.noindex/PLCrashReporter.build/Release/CrashReporter.build/Objects-normal/arm64/7187679823f38a2a940e0043cdf9d637-common-args.resp
    
    /Applications/Xcode.app/Contents/Developer/Toolchains/XcodeDefault.xctoolchain/usr/bin/clang -x c -ivfsstatcache /Users/jasonlee/Library/Developer/Xcode/DerivedData/SDKStatCaches.noindex/macosx26.4-25E251-30f9ca8789b706f8bd3fc906a70d770f.sdkstatcache -target arm64-apple-macos10.13 -fmessage-length\=0 -fdiagnostics-show-note-include-stack -fmacro-backtrace-limit\=0 -fno-color-diagnostics -fmodules-prune-interval\=86400 -fmodules-prune-after\=345600 -fbuild-session-file\=/Users/jasonlee/Library/Developer/Xcode/DerivedData/ModuleCache.noindex/Session.modulevalidation -fmodules-validate-once-per-build-session -Wnon-modular-include-in-framework-module -Werror\=non-modular-include-in-framework-module -Wno-trigraphs -Wno-missing-field-initializers -Wno-missing-prototypes -Wno-return-type -Wno-missing-braces -Wparentheses -Wswitch -Wno-unused-function -Wno-unused-label -Wno-unused-parameter -Wno-unused-variable -Wunused-value -Wno-empty-body -Wno-uninitialized -Wno-unknown-pragmas -w -Wno-shadow -Wno-four-char-constants -Wno-conversion -Wno-constant-conversion -Wno-int-conversion -Wno-bool-conversion -Wno-enum-conversion -Wno-float-conversion -Wno-non-literal-null-conversion -Wno-objc-literal-conversion -Wshorten-64-to-32 -Wpointer-sign -Wno-newline-eof -Wno-implicit-fallthrough -isysroot /Applications/Xcode.app/Contents/Developer/Platforms/MacOSX.platform/Developer/SDKs/MacOSX26.4.sdk -fstrict-aliasing -Wdeprecated-declarations -Wno-sign-conversion -Wno-infinite-recursion -Wno-comma -Wno-block-capture-autoreleasing -Wno-strict-prototypes -Wno-semicolon-before-method-body @/Users/jasonlee/Library/Developer/Xcode/DerivedData/Notch-ddzsfiyxyoauidejndllmosklbkq/Build/Intermediates.noindex/PLCrashReporter.build/Release/CrashReporter.build/Objects-normal/arm64/7187679823f38a2a940e0043cdf9d637-common-args.resp -MMD -MT dependencies -MF /Users/jasonlee/Library/Developer/Xcode/DerivedData/Notch-ddzsfiyxyoauidejndllmosklbkq/Build/Intermediates.noindex/PLCrashReporter.build/Release/CrashReporter.build/Objects-normal/arm64/PLCrashFrameCompactUnwind.d --serialize-diagnostics /Users/jasonlee/Library/Developer/Xcode/DerivedData/Notch-ddzsfiyxyoauidejndllmosklbkq/Build/Intermediates.noindex/PLCrashReporter.build/Release/CrashReporter.build/Objects-normal/arm64/PLCrashFrameCompactUnwind.dia -c /Users/jasonlee/Library/Developer/Xcode/DerivedData/Notch-ddzsfiyxyoauidejndllmosklbkq/SourcePackages/checkouts/plcrashreporter/Source/PLCrashFrameCompactUnwind.c -o /Users/jasonlee/Library/Developer/Xcode/DerivedData/Notch-ddzsfiyxyoauidejndllmosklbkq/Build/Intermediates.noindex/PLCrashReporter.build/Release/CrashReporter.build/Objects-normal/arm64/PLCrashFrameCompactUnwind.o

CompileC /Users/jasonlee/Library/Developer/Xcode/DerivedData/Notch-ddzsfiyxyoauidejndllmosklbkq/Build/Intermediates.noindex/PLCrashReporter.build/Release/CrashReporter.build/Objects-normal/arm64/PLCrashAsyncThread_arm.o /Users/jasonlee/Library/Developer/Xcode/DerivedData/Notch-ddzsfiyxyoauidejndllmosklbkq/SourcePackages/checkouts/plcrashreporter/Source/PLCrashAsyncThread_arm.c normal arm64 c com.apple.compilers.llvm.clang.1_0.compiler (in target 'CrashReporter' from project 'PLCrashReporter')
    cd /Users/jasonlee/Coding/App/Notch/Notch.xcodeproj
    
    Using response file: /Users/jasonlee/Library/Developer/Xcode/DerivedData/Notch-ddzsfiyxyoauidejndllmosklbkq/Build/Intermediates.noindex/PLCrashReporter.build/Release/CrashReporter.build/Objects-normal/arm64/7187679823f38a2a940e0043cdf9d637-common-args.resp
    
    /Applications/Xcode.app/Contents/Developer/Toolchains/XcodeDefault.xctoolchain/usr/bin/clang -x c -ivfsstatcache /Users/jasonlee/Library/Developer/Xcode/DerivedData/SDKStatCaches.noindex/macosx26.4-25E251-30f9ca8789b706f8bd3fc906a70d770f.sdkstatcache -target arm64-apple-macos10.13 -fmessage-length\=0 -fdiagnostics-show-note-include-stack -fmacro-backtrace-limit\=0 -fno-color-diagnostics -fmodules-prune-interval\=86400 -fmodules-prune-after\=345600 -fbuild-session-file\=/Users/jasonlee/Library/Developer/Xcode/DerivedData/ModuleCache.noindex/Session.modulevalidation -fmodules-validate-once-per-build-session -Wnon-modular-include-in-framework-module -Werror\=non-modular-include-in-framework-module -Wno-trigraphs -Wno-missing-field-initializers -Wno-missing-prototypes -Wno-return-type -Wno-missing-braces -Wparentheses -Wswitch -Wno-unused-function -Wno-unused-label -Wno-unused-parameter -Wno-unused-variable -Wunused-value -Wno-empty-body -Wno-uninitialized -Wno-unknown-pragmas -w -Wno-shadow -Wno-four-char-constants -Wno-conversion -Wno-constant-conversion -Wno-int-conversion -Wno-bool-conversion -Wno-enum-conversion -Wno-float-conversion -Wno-non-literal-null-conversion -Wno-objc-literal-conversion -Wshorten-64-to-32 -Wpointer-sign -Wno-newline-eof -Wno-implicit-fallthrough -isysroot /Applications/Xcode.app/Contents/Developer/Platforms/MacOSX.platform/Developer/SDKs/MacOSX26.4.sdk -fstrict-aliasing -Wdeprecated-declarations -Wno-sign-conversion -Wno-infinite-recursion -Wno-comma -Wno-block-capture-autoreleasing -Wno-strict-prototypes -Wno-semicolon-before-method-body @/Users/jasonlee/Library/Developer/Xcode/DerivedData/Notch-ddzsfiyxyoauidejndllmosklbkq/Build/Intermediates.noindex/PLCrashReporter.build/Release/CrashReporter.build/Objects-normal/arm64/7187679823f38a2a940e0043cdf9d637-common-args.resp -MMD -MT dependencies -MF /Users/jasonlee/Library/Developer/Xcode/DerivedData/Notch-ddzsfiyxyoauidejndllmosklbkq/Build/Intermediates.noindex/PLCrashReporter.build/Release/CrashReporter.build/Objects-normal/arm64/PLCrashAsyncThread_arm.d --serialize-diagnostics /Users/jasonlee/Library/Developer/Xcode/DerivedData/Notch-ddzsfiyxyoauidejndllmosklbkq/Build/Intermediates.noindex/PLCrashReporter.build/Release/CrashReporter.build/Objects-normal/arm64/PLCrashAsyncThread_arm.dia -c /Users/jasonlee/Library/Developer/Xcode/DerivedData/Notch-ddzsfiyxyoauidejndllmosklbkq/SourcePackages/checkouts/plcrashreporter/Source/PLCrashAsyncThread_arm.c -o /Users/jasonlee/Library/Developer/Xcode/DerivedData/Notch-ddzsfiyxyoauidejndllmosklbkq/Build/Intermediates.noindex/PLCrashReporter.build/Release/CrashReporter.build/Objects-normal/arm64/PLCrashAsyncThread_arm.o

PrecompileModule /Users/jasonlee/Library/Developer/Xcode/DerivedData/Notch-ddzsfiyxyoauidejndllmosklbkq/Build/Intermediates.noindex/ExplicitPrecompiledModules/os_workgroup-8RDURHPJ0S0UPE0N6V5YAKWZ6.scan
    cd /
    builtin-precompileModule /Users/jasonlee/Library/Developer/Xcode/DerivedData/Notch-ddzsfiyxyoauidejndllmosklbkq/Build/Intermediates.noindex/ExplicitPrecompiledModules/os_workgroup-8RDURHPJ0S0UPE0N6V5YAKWZ6.scan

CompileC /Users/jasonlee/Library/Developer/Xcode/DerivedData/Notch-ddzsfiyxyoauidejndllmosklbkq/Build/Intermediates.noindex/PLCrashReporter.build/Release/CrashReporter.build/Objects-normal/arm64/PLCrashAsyncThread.o /Users/jasonlee/Library/Developer/Xcode/DerivedData/Notch-ddzsfiyxyoauidejndllmosklbkq/SourcePackages/checkouts/plcrashreporter/Source/PLCrashAsyncThread.c normal arm64 c com.apple.compilers.llvm.clang.1_0.compiler (in target 'CrashReporter' from project 'PLCrashReporter')
    cd /Users/jasonlee/Coding/App/Notch/Notch.xcodeproj
    
    Using response file: /Users/jasonlee/Library/Developer/Xcode/DerivedData/Notch-ddzsfiyxyoauidejndllmosklbkq/Build/Intermediates.noindex/PLCrashReporter.build/Release/CrashReporter.build/Objects-normal/arm64/7187679823f38a2a940e0043cdf9d637-common-args.resp
    
    /Applications/Xcode.app/Contents/Developer/Toolchains/XcodeDefault.xctoolchain/usr/bin/clang -x c -ivfsstatcache /Users/jasonlee/Library/Developer/Xcode/DerivedData/SDKStatCaches.noindex/macosx26.4-25E251-30f9ca8789b706f8bd3fc906a70d770f.sdkstatcache -target arm64-apple-macos10.13 -fmessage-length\=0 -fdiagnostics-show-note-include-stack -fmacro-backtrace-limit\=0 -fno-color-diagnostics -fmodules-prune-interval\=86400 -fmodules-prune-after\=345600 -fbuild-session-file\=/Users/jasonlee/Library/Developer/Xcode/DerivedData/ModuleCache.noindex/Session.modulevalidation -fmodules-validate-once-per-build-session -Wnon-modular-include-in-framework-module -Werror\=non-modular-include-in-framework-module -Wno-trigraphs -Wno-missing-field-initializers -Wno-missing-prototypes -Wno-return-type -Wno-missing-braces -Wparentheses -Wswitch -Wno-unused-function -Wno-unused-label -Wno-unused-parameter -Wno-unused-variable -Wunused-value -Wno-empty-body -Wno-uninitialized -Wno-unknown-pragmas -w -Wno-shadow -Wno-four-char-constants -Wno-conversion -Wno-constant-conversion -Wno-int-conversion -Wno-bool-conversion -Wno-enum-conversion -Wno-float-conversion -Wno-non-literal-null-conversion -Wno-objc-literal-conversion -Wshorten-64-to-32 -Wpointer-sign -Wno-newline-eof -Wno-implicit-fallthrough -isysroot /Applications/Xcode.app/Contents/Developer/Platforms/MacOSX.platform/Developer/SDKs/MacOSX26.4.sdk -fstrict-aliasing -Wdeprecated-declarations -Wno-sign-conversion -Wno-infinite-recursion -Wno-comma -Wno-block-capture-autoreleasing -Wno-strict-prototypes -Wno-semicolon-before-method-body @/Users/jasonlee/Library/Developer/Xcode/DerivedData/Notch-ddzsfiyxyoauidejndllmosklbkq/Build/Intermediates.noindex/PLCrashReporter.build/Release/CrashReporter.build/Objects-normal/arm64/7187679823f38a2a940e0043cdf9d637-common-args.resp -MMD -MT dependencies -MF /Users/jasonlee/Library/Developer/Xcode/DerivedData/Notch-ddzsfiyxyoauidejndllmosklbkq/Build/Intermediates.noindex/PLCrashReporter.build/Release/CrashReporter.build/Objects-normal/arm64/PLCrashAsyncThread.d --serialize-diagnostics /Users/jasonlee/Library/Developer/Xcode/DerivedData/Notch-ddzsfiyxyoauidejndllmosklbkq/Build/Intermediates.noindex/PLCrashReporter.build/Release/CrashReporter.build/Objects-normal/arm64/PLCrashAsyncThread.dia -c /Users/jasonlee/Library/Developer/Xcode/DerivedData/Notch-ddzsfiyxyoauidejndllmosklbkq/SourcePackages/checkouts/plcrashreporter/Source/PLCrashAsyncThread.c -o /Users/jasonlee/Library/Developer/Xcode/DerivedData/Notch-ddzsfiyxyoauidejndllmosklbkq/Build/Intermediates.noindex/PLCrashReporter.build/Release/CrashReporter.build/Objects-normal/arm64/PLCrashAsyncThread.o

ScanDependencies /Users/jasonlee/Library/Developer/Xcode/DerivedData/Notch-ddzsfiyxyoauidejndllmosklbkq/Build/Intermediates.noindex/PLCrashReporter.build/Release/CrashReporter.build/Objects-normal/arm64/PLCrashAsyncSymbolication.o /Users/jasonlee/Library/Developer/Xcode/DerivedData/Notch-ddzsfiyxyoauidejndllmosklbkq/SourcePackages/checkouts/plcrashreporter/Source/PLCrashAsyncSymbolication.c normal arm64 c com.apple.compilers.llvm.clang.1_0.compiler (in target 'CrashReporter' from project 'PLCrashReporter')
    cd /Users/jasonlee/Coding/App/Notch/Notch.xcodeproj
    
    Using response file: /Users/jasonlee/Library/Developer/Xcode/DerivedData/Notch-ddzsfiyxyoauidejndllmosklbkq/Build/Intermediates.noindex/PLCrashReporter.build/Release/CrashReporter.build/Objects-normal/arm64/7187679823f38a2a940e0043cdf9d637-common-args.resp
    
    builtin-ScanDependencies -o /Users/jasonlee/Library/Developer/Xcode/DerivedData/Notch-ddzsfiyxyoauidejndllmosklbkq/Build/Intermediates.noindex/PLCrashReporter.build/Release/CrashReporter.build/Objects-normal/arm64/PLCrashAsyncSymbolication.o.scan -- /Applications/Xcode.app/Contents/Developer/Toolchains/XcodeDefault.xctoolchain/usr/bin/clang -x c -ivfsstatcache /Users/jasonlee/Library/Developer/Xcode/DerivedData/SDKStatCaches.noindex/macosx26.4-25E251-30f9ca8789b706f8bd3fc906a70d770f.sdkstatcache -target arm64-apple-macos10.13 -fmessage-length\=0 -fdiagnostics-show-note-include-stack -fmacro-backtrace-limit\=0 -fno-color-diagnostics -fmodules-prune-interval\=86400 -fmodules-prune-after\=345600 -fbuild-session-file\=/Users/jasonlee/Library/Developer/Xcode/DerivedData/ModuleCache.noindex/Session.modulevalidation -fmodules-validate-once-per-build-session -Wnon-modular-include-in-framework-module -Werror\=non-modular-include-in-framework-module -Wno-trigraphs -Wno-missing-field-initializers -Wno-missing-prototypes -Wno-return-type -Wno-missing-braces -Wparentheses -Wswitch -Wno-unused-function -Wno-unused-label -Wno-unused-parameter -Wno-unused-variable -Wunused-value -Wno-empty-body -Wno-uninitialized -Wno-unknown-pragmas -w -Wno-shadow -Wno-four-char-constants -Wno-conversion -Wno-constant-conversion -Wno-int-conversion -Wno-bool-conversion -Wno-enum-conversion -Wno-float-conversion -Wno-non-literal-null-conversion -Wno-objc-literal-conversion -Wshorten-64-to-32 -Wpointer-sign -Wno-newline-eof -Wno-implicit-fallthrough -isysroot /Applications/Xcode.app/Contents/Developer/Platforms/MacOSX.platform/Developer/SDKs/MacOSX26.4.sdk -fstrict-aliasing -Wdeprecated-declarations -Wno-sign-conversion -Wno-infinite-recursion -Wno-comma -Wno-block-capture-autoreleasing -Wno-strict-prototypes -Wno-semicolon-before-method-body @/Users/jasonlee/Library/Developer/Xcode/DerivedData/Notch-ddzsfiyxyoauidejndllmosklbkq/Build/Intermediates.noindex/PLCrashReporter.build/Release/CrashReporter.build/Objects-normal/arm64/7187679823f38a2a940e0043cdf9d637-common-args.resp -MMD -MT dependencies -MF /Users/jasonlee/Library/Developer/Xcode/DerivedData/Notch-ddzsfiyxyoauidejndllmosklbkq/Build/Intermediates.noindex/PLCrashReporter.build/Release/CrashReporter.build/Objects-normal/arm64/PLCrashAsyncSymbolication.d --serialize-diagnostics /Users/jasonlee/Library/Developer/Xcode/DerivedData/Notch-ddzsfiyxyoauidejndllmosklbkq/Build/Intermediates.noindex/PLCrashReporter.build/Release/CrashReporter.build/Objects-normal/arm64/PLCrashAsyncSymbolication.dia -c /Users/jasonlee/Library/Developer/Xcode/DerivedData/Notch-ddzsfiyxyoauidejndllmosklbkq/SourcePackages/checkouts/plcrashreporter/Source/PLCrashAsyncSymbolication.c -o /Users/jasonlee/Library/Developer/Xcode/DerivedData/Notch-ddzsfiyxyoauidejndllmosklbkq/Build/Intermediates.noindex/PLCrashReporter.build/Release/CrashReporter.build/Objects-normal/arm64/PLCrashAsyncSymbolication.o

ScanDependencies /Users/jasonlee/Library/Developer/Xcode/DerivedData/Notch-ddzsfiyxyoauidejndllmosklbkq/Build/Intermediates.noindex/PLCrashReporter.build/Release/CrashReporter.build/Objects-normal/arm64/PLCrashAsyncSignalInfo.o /Users/jasonlee/Library/Developer/Xcode/DerivedData/Notch-ddzsfiyxyoauidejndllmosklbkq/SourcePackages/checkouts/plcrashreporter/Source/PLCrashAsyncSignalInfo.c normal arm64 c com.apple.compilers.llvm.clang.1_0.compiler (in target 'CrashReporter' from project 'PLCrashReporter')
    cd /Users/jasonlee/Coding/App/Notch/Notch.xcodeproj
    
    Using response file: /Users/jasonlee/Library/Developer/Xcode/DerivedData/Notch-ddzsfiyxyoauidejndllmosklbkq/Build/Intermediates.noindex/PLCrashReporter.build/Release/CrashReporter.build/Objects-normal/arm64/7187679823f38a2a940e0043cdf9d637-common-args.resp
    
    builtin-ScanDependencies -o /Users/jasonlee/Library/Developer/Xcode/DerivedData/Notch-ddzsfiyxyoauidejndllmosklbkq/Build/Intermediates.noindex/PLCrashReporter.build/Release/CrashReporter.build/Objects-normal/arm64/PLCrashAsyncSignalInfo.o.scan -- /Applications/Xcode.app/Contents/Developer/Toolchains/XcodeDefault.xctoolchain/usr/bin/clang -x c -ivfsstatcache /Users/jasonlee/Library/Developer/Xcode/DerivedData/SDKStatCaches.noindex/macosx26.4-25E251-30f9ca8789b706f8bd3fc906a70d770f.sdkstatcache -target arm64-apple-macos10.13 -fmessage-length\=0 -fdiagnostics-show-note-include-stack -fmacro-backtrace-limit\=0 -fno-color-diagnostics -fmodules-prune-interval\=86400 -fmodules-prune-after\=345600 -fbuild-session-file\=/Users/jasonlee/Library/Developer/Xcode/DerivedData/ModuleCache.noindex/Session.modulevalidation -fmodules-validate-once-per-build-session -Wnon-modular-include-in-framework-module -Werror\=non-modular-include-in-framework-module -Wno-trigraphs -Wno-missing-field-initializers -Wno-missing-prototypes -Wno-return-type -Wno-missing-braces -Wparentheses -Wswitch -Wno-unused-function -Wno-unused-label -Wno-unused-parameter -Wno-unused-variable -Wunused-value -Wno-empty-body -Wno-uninitialized -Wno-unknown-pragmas -w -Wno-shadow -Wno-four-char-constants -Wno-conversion -Wno-constant-conversion -Wno-int-conversion -Wno-bool-conversion -Wno-enum-conversion -Wno-float-conversion -Wno-non-literal-null-conversion -Wno-objc-literal-conversion -Wshorten-64-to-32 -Wpointer-sign -Wno-newline-eof -Wno-implicit-fallthrough -isysroot /Applications/Xcode.app/Contents/Developer/Platforms/MacOSX.platform/Developer/SDKs/MacOSX26.4.sdk -fstrict-aliasing -Wdeprecated-declarations -Wno-sign-conversion -Wno-infinite-recursion -Wno-comma -Wno-block-capture-autoreleasing -Wno-strict-prototypes -Wno-semicolon-before-method-body @/Users/jasonlee/Library/Developer/Xcode/DerivedData/Notch-ddzsfiyxyoauidejndllmosklbkq/Build/Intermediates.noindex/PLCrashReporter.build/Release/CrashReporter.build/Objects-normal/arm64/7187679823f38a2a940e0043cdf9d637-common-args.resp -MMD -MT dependencies -MF /Users/jasonlee/Library/Developer/Xcode/DerivedData/Notch-ddzsfiyxyoauidejndllmosklbkq/Build/Intermediates.noindex/PLCrashReporter.build/Release/CrashReporter.build/Objects-normal/arm64/PLCrashAsyncSignalInfo.d --serialize-diagnostics /Users/jasonlee/Library/Developer/Xcode/DerivedData/Notch-ddzsfiyxyoauidejndllmosklbkq/Build/Intermediates.noindex/PLCrashReporter.build/Release/CrashReporter.build/Objects-normal/arm64/PLCrashAsyncSignalInfo.dia -c /Users/jasonlee/Library/Developer/Xcode/DerivedData/Notch-ddzsfiyxyoauidejndllmosklbkq/SourcePackages/checkouts/plcrashreporter/Source/PLCrashAsyncSignalInfo.c -o /Users/jasonlee/Library/Developer/Xcode/DerivedData/Notch-ddzsfiyxyoauidejndllmosklbkq/Build/Intermediates.noindex/PLCrashReporter.build/Release/CrashReporter.build/Objects-normal/arm64/PLCrashAsyncSignalInfo.o

PrecompileModule /Users/jasonlee/Library/Developer/Xcode/DerivedData/Notch-ddzsfiyxyoauidejndllmosklbkq/Build/Intermediates.noindex/ExplicitPrecompiledModules/Dispatch-C9R4DR0WN2CQGOJM4NAKV3FF.scan
    cd /
    builtin-precompileModule /Users/jasonlee/Library/Developer/Xcode/DerivedData/Notch-ddzsfiyxyoauidejndllmosklbkq/Build/Intermediates.noindex/ExplicitPrecompiledModules/Dispatch-C9R4DR0WN2CQGOJM4NAKV3FF.scan

ScanDependencies /Users/jasonlee/Library/Developer/Xcode/DerivedData/Notch-ddzsfiyxyoauidejndllmosklbkq/Build/Intermediates.noindex/PLCrashReporter.build/Release/CrashReporter.build/Objects-normal/arm64/PLCrashAsyncMachOString.o /Users/jasonlee/Library/Developer/Xcode/DerivedData/Notch-ddzsfiyxyoauidejndllmosklbkq/SourcePackages/checkouts/plcrashreporter/Source/PLCrashAsyncMachOString.c normal arm64 c com.apple.compilers.llvm.clang.1_0.compiler (in target 'CrashReporter' from project 'PLCrashReporter')
    cd /Users/jasonlee/Coding/App/Notch/Notch.xcodeproj
    
    Using response file: /Users/jasonlee/Library/Developer/Xcode/DerivedData/Notch-ddzsfiyxyoauidejndllmosklbkq/Build/Intermediates.noindex/PLCrashReporter.build/Release/CrashReporter.build/Objects-normal/arm64/7187679823f38a2a940e0043cdf9d637-common-args.resp
    
    builtin-ScanDependencies -o /Users/jasonlee/Library/Developer/Xcode/DerivedData/Notch-ddzsfiyxyoauidejndllmosklbkq/Build/Intermediates.noindex/PLCrashReporter.build/Release/CrashReporter.build/Objects-normal/arm64/PLCrashAsyncMachOString.o.scan -- /Applications/Xcode.app/Contents/Developer/Toolchains/XcodeDefault.xctoolchain/usr/bin/clang -x c -ivfsstatcache /Users/jasonlee/Library/Developer/Xcode/DerivedData/SDKStatCaches.noindex/macosx26.4-25E251-30f9ca8789b706f8bd3fc906a70d770f.sdkstatcache -target arm64-apple-macos10.13 -fmessage-length\=0 -fdiagnostics-show-note-include-stack -fmacro-backtrace-limit\=0 -fno-color-diagnostics -fmodules-prune-interval\=86400 -fmodules-prune-after\=345600 -fbuild-session-file\=/Users/jasonlee/Library/Developer/Xcode/DerivedData/ModuleCache.noindex/Session.modulevalidation -fmodules-validate-once-per-build-session -Wnon-modular-include-in-framework-module -Werror\=non-modular-include-in-framework-module -Wno-trigraphs -Wno-missing-field-initializers -Wno-missing-prototypes -Wno-return-type -Wno-missing-braces -Wparentheses -Wswitch -Wno-unused-function -Wno-unused-label -Wno-unused-parameter -Wno-unused-variable -Wunused-value -Wno-empty-body -Wno-uninitialized -Wno-unknown-pragmas -w -Wno-shadow -Wno-four-char-constants -Wno-conversion -Wno-constant-conversion -Wno-int-conversion -Wno-bool-conversion -Wno-enum-conversion -Wno-float-conversion -Wno-non-literal-null-conversion -Wno-objc-literal-conversion -Wshorten-64-to-32 -Wpointer-sign -Wno-newline-eof -Wno-implicit-fallthrough -isysroot /Applications/Xcode.app/Contents/Developer/Platforms/MacOSX.platform/Developer/SDKs/MacOSX26.4.sdk -fstrict-aliasing -Wdeprecated-declarations -Wno-sign-conversion -Wno-infinite-recursion -Wno-comma -Wno-block-capture-autoreleasing -Wno-strict-prototypes -Wno-semicolon-before-method-body @/Users/jasonlee/Library/Developer/Xcode/DerivedData/Notch-ddzsfiyxyoauidejndllmosklbkq/Build/Intermediates.noindex/PLCrashReporter.build/Release/CrashReporter.build/Objects-normal/arm64/7187679823f38a2a940e0043cdf9d637-common-args.resp -MMD -MT dependencies -MF /Users/jasonlee/Library/Developer/Xcode/DerivedData/Notch-ddzsfiyxyoauidejndllmosklbkq/Build/Intermediates.noindex/PLCrashReporter.build/Release/CrashReporter.build/Objects-normal/arm64/PLCrashAsyncMachOString.d --serialize-diagnostics /Users/jasonlee/Library/Developer/Xcode/DerivedData/Notch-ddzsfiyxyoauidejndllmosklbkq/Build/Intermediates.noindex/PLCrashReporter.build/Release/CrashReporter.build/Objects-normal/arm64/PLCrashAsyncMachOString.dia -c /Users/jasonlee/Library/Developer/Xcode/DerivedData/Notch-ddzsfiyxyoauidejndllmosklbkq/SourcePackages/checkouts/plcrashreporter/Source/PLCrashAsyncMachOString.c -o /Users/jasonlee/Library/Developer/Xcode/DerivedData/Notch-ddzsfiyxyoauidejndllmosklbkq/Build/Intermediates.noindex/PLCrashReporter.build/Release/CrashReporter.build/Objects-normal/arm64/PLCrashAsyncMachOString.o

ScanDependencies /Users/jasonlee/Library/Developer/Xcode/DerivedData/Notch-ddzsfiyxyoauidejndllmosklbkq/Build/Intermediates.noindex/PLCrashReporter.build/Release/CrashReporter.build/Objects-normal/arm64/PLCrashAsyncMachOImage.o /Users/jasonlee/Library/Developer/Xcode/DerivedData/Notch-ddzsfiyxyoauidejndllmosklbkq/SourcePackages/checkouts/plcrashreporter/Source/PLCrashAsyncMachOImage.c normal arm64 c com.apple.compilers.llvm.clang.1_0.compiler (in target 'CrashReporter' from project 'PLCrashReporter')
    cd /Users/jasonlee/Coding/App/Notch/Notch.xcodeproj
    
    Using response file: /Users/jasonlee/Library/Developer/Xcode/DerivedData/Notch-ddzsfiyxyoauidejndllmosklbkq/Build/Intermediates.noindex/PLCrashReporter.build/Release/CrashReporter.build/Objects-normal/arm64/7187679823f38a2a940e0043cdf9d637-common-args.resp
    
    builtin-ScanDependencies -o /Users/jasonlee/Library/Developer/Xcode/DerivedData/Notch-ddzsfiyxyoauidejndllmosklbkq/Build/Intermediates.noindex/PLCrashReporter.build/Release/CrashReporter.build/Objects-normal/arm64/PLCrashAsyncMachOImage.o.scan -- /Applications/Xcode.app/Contents/Developer/Toolchains/XcodeDefault.xctoolchain/usr/bin/clang -x c -ivfsstatcache /Users/jasonlee/Library/Developer/Xcode/DerivedData/SDKStatCaches.noindex/macosx26.4-25E251-30f9ca8789b706f8bd3fc906a70d770f.sdkstatcache -target arm64-apple-macos10.13 -fmessage-length\=0 -fdiagnostics-show-note-include-stack -fmacro-backtrace-limit\=0 -fno-color-diagnostics -fmodules-prune-interval\=86400 -fmodules-prune-after\=345600 -fbuild-session-file\=/Users/jasonlee/Library/Developer/Xcode/DerivedData/ModuleCache.noindex/Session.modulevalidation -fmodules-validate-once-per-build-session -Wnon-modular-include-in-framework-module -Werror\=non-modular-include-in-framework-module -Wno-trigraphs -Wno-missing-field-initializers -Wno-missing-prototypes -Wno-return-type -Wno-missing-braces -Wparentheses -Wswitch -Wno-unused-function -Wno-unused-label -Wno-unused-parameter -Wno-unused-variable -Wunused-value -Wno-empty-body -Wno-uninitialized -Wno-unknown-pragmas -w -Wno-shadow -Wno-four-char-constants -Wno-conversion -Wno-constant-conversion -Wno-int-conversion -Wno-bool-conversion -Wno-enum-conversion -Wno-float-conversion -Wno-non-literal-null-conversion -Wno-objc-literal-conversion -Wshorten-64-to-32 -Wpointer-sign -Wno-newline-eof -Wno-implicit-fallthrough -isysroot /Applications/Xcode.app/Contents/Developer/Platforms/MacOSX.platform/Developer/SDKs/MacOSX26.4.sdk -fstrict-aliasing -Wdeprecated-declarations -Wno-sign-conversion -Wno-infinite-recursion -Wno-comma -Wno-block-capture-autoreleasing -Wno-strict-prototypes -Wno-semicolon-before-method-body @/Users/jasonlee/Library/Developer/Xcode/DerivedData/Notch-ddzsfiyxyoauidejndllmosklbkq/Build/Intermediates.noindex/PLCrashReporter.build/Release/CrashReporter.build/Objects-normal/arm64/7187679823f38a2a940e0043cdf9d637-common-args.resp -MMD -MT dependencies -MF /Users/jasonlee/Library/Developer/Xcode/DerivedData/Notch-ddzsfiyxyoauidejndllmosklbkq/Build/Intermediates.noindex/PLCrashReporter.build/Release/CrashReporter.build/Objects-normal/arm64/PLCrashAsyncMachOImage.d --serialize-diagnostics /Users/jasonlee/Library/Developer/Xcode/DerivedData/Notch-ddzsfiyxyoauidejndllmosklbkq/Build/Intermediates.noindex/PLCrashReporter.build/Release/CrashReporter.build/Objects-normal/arm64/PLCrashAsyncMachOImage.dia -c /Users/jasonlee/Library/Developer/Xcode/DerivedData/Notch-ddzsfiyxyoauidejndllmosklbkq/SourcePackages/checkouts/plcrashreporter/Source/PLCrashAsyncMachOImage.c -o /Users/jasonlee/Library/Developer/Xcode/DerivedData/Notch-ddzsfiyxyoauidejndllmosklbkq/Build/Intermediates.noindex/PLCrashReporter.build/Release/CrashReporter.build/Objects-normal/arm64/PLCrashAsyncMachOImage.o

CompileC /Users/jasonlee/Library/Developer/Xcode/DerivedData/Notch-ddzsfiyxyoauidejndllmosklbkq/Build/Intermediates.noindex/PLCrashReporter.build/Release/CrashReporter.build/Objects-normal/arm64/PLCrashAsyncSymbolication.o /Users/jasonlee/Library/Developer/Xcode/DerivedData/Notch-ddzsfiyxyoauidejndllmosklbkq/SourcePackages/checkouts/plcrashreporter/Source/PLCrashAsyncSymbolication.c normal arm64 c com.apple.compilers.llvm.clang.1_0.compiler (in target 'CrashReporter' from project 'PLCrashReporter')
    cd /Users/jasonlee/Coding/App/Notch/Notch.xcodeproj
    
    Using response file: /Users/jasonlee/Library/Developer/Xcode/DerivedData/Notch-ddzsfiyxyoauidejndllmosklbkq/Build/Intermediates.noindex/PLCrashReporter.build/Release/CrashReporter.build/Objects-normal/arm64/7187679823f38a2a940e0043cdf9d637-common-args.resp
    
    /Applications/Xcode.app/Contents/Developer/Toolchains/XcodeDefault.xctoolchain/usr/bin/clang -x c -ivfsstatcache /Users/jasonlee/Library/Developer/Xcode/DerivedData/SDKStatCaches.noindex/macosx26.4-25E251-30f9ca8789b706f8bd3fc906a70d770f.sdkstatcache -target arm64-apple-macos10.13 -fmessage-length\=0 -fdiagnostics-show-note-include-stack -fmacro-backtrace-limit\=0 -fno-color-diagnostics -fmodules-prune-interval\=86400 -fmodules-prune-after\=345600 -fbuild-session-file\=/Users/jasonlee/Library/Developer/Xcode/DerivedData/ModuleCache.noindex/Session.modulevalidation -fmodules-validate-once-per-build-session -Wnon-modular-include-in-framework-module -Werror\=non-modular-include-in-framework-module -Wno-trigraphs -Wno-missing-field-initializers -Wno-missing-prototypes -Wno-return-type -Wno-missing-braces -Wparentheses -Wswitch -Wno-unused-function -Wno-unused-label -Wno-unused-parameter -Wno-unused-variable -Wunused-value -Wno-empty-body -Wno-uninitialized -Wno-unknown-pragmas -w -Wno-shadow -Wno-four-char-constants -Wno-conversion -Wno-constant-conversion -Wno-int-conversion -Wno-bool-conversion -Wno-enum-conversion -Wno-float-conversion -Wno-non-literal-null-conversion -Wno-objc-literal-conversion -Wshorten-64-to-32 -Wpointer-sign -Wno-newline-eof -Wno-implicit-fallthrough -isysroot /Applications/Xcode.app/Contents/Developer/Platforms/MacOSX.platform/Developer/SDKs/MacOSX26.4.sdk -fstrict-aliasing -Wdeprecated-declarations -Wno-sign-conversion -Wno-infinite-recursion -Wno-comma -Wno-block-capture-autoreleasing -Wno-strict-prototypes -Wno-semicolon-before-method-body @/Users/jasonlee/Library/Developer/Xcode/DerivedData/Notch-ddzsfiyxyoauidejndllmosklbkq/Build/Intermediates.noindex/PLCrashReporter.build/Release/CrashReporter.build/Objects-normal/arm64/7187679823f38a2a940e0043cdf9d637-common-args.resp -MMD -MT dependencies -MF /Users/jasonlee/Library/Developer/Xcode/DerivedData/Notch-ddzsfiyxyoauidejndllmosklbkq/Build/Intermediates.noindex/PLCrashReporter.build/Release/CrashReporter.build/Objects-normal/arm64/PLCrashAsyncSymbolication.d --serialize-diagnostics /Users/jasonlee/Library/Developer/Xcode/DerivedData/Notch-ddzsfiyxyoauidejndllmosklbkq/Build/Intermediates.noindex/PLCrashReporter.build/Release/CrashReporter.build/Objects-normal/arm64/PLCrashAsyncSymbolication.dia -c /Users/jasonlee/Library/Developer/Xcode/DerivedData/Notch-ddzsfiyxyoauidejndllmosklbkq/SourcePackages/checkouts/plcrashreporter/Source/PLCrashAsyncSymbolication.c -o /Users/jasonlee/Library/Developer/Xcode/DerivedData/Notch-ddzsfiyxyoauidejndllmosklbkq/Build/Intermediates.noindex/PLCrashReporter.build/Release/CrashReporter.build/Objects-normal/arm64/PLCrashAsyncSymbolication.o

ScanDependencies /Users/jasonlee/Library/Developer/Xcode/DerivedData/Notch-ddzsfiyxyoauidejndllmosklbkq/Build/Intermediates.noindex/PLCrashReporter.build/Release/CrashReporter.build/Objects-normal/arm64/PLCrashAsyncMachExceptionInfo.o /Users/jasonlee/Library/Developer/Xcode/DerivedData/Notch-ddzsfiyxyoauidejndllmosklbkq/SourcePackages/checkouts/plcrashreporter/Source/PLCrashAsyncMachExceptionInfo.c normal arm64 c com.apple.compilers.llvm.clang.1_0.compiler (in target 'CrashReporter' from project 'PLCrashReporter')
    cd /Users/jasonlee/Coding/App/Notch/Notch.xcodeproj
    
    Using response file: /Users/jasonlee/Library/Developer/Xcode/DerivedData/Notch-ddzsfiyxyoauidejndllmosklbkq/Build/Intermediates.noindex/PLCrashReporter.build/Release/CrashReporter.build/Objects-normal/arm64/7187679823f38a2a940e0043cdf9d637-common-args.resp
    
    builtin-ScanDependencies -o /Users/jasonlee/Library/Developer/Xcode/DerivedData/Notch-ddzsfiyxyoauidejndllmosklbkq/Build/Intermediates.noindex/PLCrashReporter.build/Release/CrashReporter.build/Objects-normal/arm64/PLCrashAsyncMachExceptionInfo.o.scan -- /Applications/Xcode.app/Contents/Developer/Toolchains/XcodeDefault.xctoolchain/usr/bin/clang -x c -ivfsstatcache /Users/jasonlee/Library/Developer/Xcode/DerivedData/SDKStatCaches.noindex/macosx26.4-25E251-30f9ca8789b706f8bd3fc906a70d770f.sdkstatcache -target arm64-apple-macos10.13 -fmessage-length\=0 -fdiagnostics-show-note-include-stack -fmacro-backtrace-limit\=0 -fno-color-diagnostics -fmodules-prune-interval\=86400 -fmodules-prune-after\=345600 -fbuild-session-file\=/Users/jasonlee/Library/Developer/Xcode/DerivedData/ModuleCache.noindex/Session.modulevalidation -fmodules-validate-once-per-build-session -Wnon-modular-include-in-framework-module -Werror\=non-modular-include-in-framework-module -Wno-trigraphs -Wno-missing-field-initializers -Wno-missing-prototypes -Wno-return-type -Wno-missing-braces -Wparentheses -Wswitch -Wno-unused-function -Wno-unused-label -Wno-unused-parameter -Wno-unused-variable -Wunused-value -Wno-empty-body -Wno-uninitialized -Wno-unknown-pragmas -w -Wno-shadow -Wno-four-char-constants -Wno-conversion -Wno-constant-conversion -Wno-int-conversion -Wno-bool-conversion -Wno-enum-conversion -Wno-float-conversion -Wno-non-literal-null-conversion -Wno-objc-literal-conversion -Wshorten-64-to-32 -Wpointer-sign -Wno-newline-eof -Wno-implicit-fallthrough -isysroot /Applications/Xcode.app/Contents/Developer/Platforms/MacOSX.platform/Developer/SDKs/MacOSX26.4.sdk -fstrict-aliasing -Wdeprecated-declarations -Wno-sign-conversion -Wno-infinite-recursion -Wno-comma -Wno-block-capture-autoreleasing -Wno-strict-prototypes -Wno-semicolon-before-method-body @/Users/jasonlee/Library/Developer/Xcode/DerivedData/Notch-ddzsfiyxyoauidejndllmosklbkq/Build/Intermediates.noindex/PLCrashReporter.build/Release/CrashReporter.build/Objects-normal/arm64/7187679823f38a2a940e0043cdf9d637-common-args.resp -MMD -MT dependencies -MF /Users/jasonlee/Library/Developer/Xcode/DerivedData/Notch-ddzsfiyxyoauidejndllmosklbkq/Build/Intermediates.noindex/PLCrashReporter.build/Release/CrashReporter.build/Objects-normal/arm64/PLCrashAsyncMachExceptionInfo.d --serialize-diagnostics /Users/jasonlee/Library/Developer/Xcode/DerivedData/Notch-ddzsfiyxyoauidejndllmosklbkq/Build/Intermediates.noindex/PLCrashReporter.build/Release/CrashReporter.build/Objects-normal/arm64/PLCrashAsyncMachExceptionInfo.dia -c /Users/jasonlee/Library/Developer/Xcode/DerivedData/Notch-ddzsfiyxyoauidejndllmosklbkq/SourcePackages/checkouts/plcrashreporter/Source/PLCrashAsyncMachExceptionInfo.c -o /Users/jasonlee/Library/Developer/Xcode/DerivedData/Notch-ddzsfiyxyoauidejndllmosklbkq/Build/Intermediates.noindex/PLCrashReporter.build/Release/CrashReporter.build/Objects-normal/arm64/PLCrashAsyncMachExceptionInfo.o

CompileC /Users/jasonlee/Library/Developer/Xcode/DerivedData/Notch-ddzsfiyxyoauidejndllmosklbkq/Build/Intermediates.noindex/PLCrashReporter.build/Release/CrashReporter.build/Objects-normal/arm64/PLCrashAsyncSignalInfo.o /Users/jasonlee/Library/Developer/Xcode/DerivedData/Notch-ddzsfiyxyoauidejndllmosklbkq/SourcePackages/checkouts/plcrashreporter/Source/PLCrashAsyncSignalInfo.c normal arm64 c com.apple.compilers.llvm.clang.1_0.compiler (in target 'CrashReporter' from project 'PLCrashReporter')
    cd /Users/jasonlee/Coding/App/Notch/Notch.xcodeproj
    
    Using response file: /Users/jasonlee/Library/Developer/Xcode/DerivedData/Notch-ddzsfiyxyoauidejndllmosklbkq/Build/Intermediates.noindex/PLCrashReporter.build/Release/CrashReporter.build/Objects-normal/arm64/7187679823f38a2a940e0043cdf9d637-common-args.resp
    
    /Applications/Xcode.app/Contents/Developer/Toolchains/XcodeDefault.xctoolchain/usr/bin/clang -x c -ivfsstatcache /Users/jasonlee/Library/Developer/Xcode/DerivedData/SDKStatCaches.noindex/macosx26.4-25E251-30f9ca8789b706f8bd3fc906a70d770f.sdkstatcache -target arm64-apple-macos10.13 -fmessage-length\=0 -fdiagnostics-show-note-include-stack -fmacro-backtrace-limit\=0 -fno-color-diagnostics -fmodules-prune-interval\=86400 -fmodules-prune-after\=345600 -fbuild-session-file\=/Users/jasonlee/Library/Developer/Xcode/DerivedData/ModuleCache.noindex/Session.modulevalidation -fmodules-validate-once-per-build-session -Wnon-modular-include-in-framework-module -Werror\=non-modular-include-in-framework-module -Wno-trigraphs -Wno-missing-field-initializers -Wno-missing-prototypes -Wno-return-type -Wno-missing-braces -Wparentheses -Wswitch -Wno-unused-function -Wno-unused-label -Wno-unused-parameter -Wno-unused-variable -Wunused-value -Wno-empty-body -Wno-uninitialized -Wno-unknown-pragmas -w -Wno-shadow -Wno-four-char-constants -Wno-conversion -Wno-constant-conversion -Wno-int-conversion -Wno-bool-conversion -Wno-enum-conversion -Wno-float-conversion -Wno-non-literal-null-conversion -Wno-objc-literal-conversion -Wshorten-64-to-32 -Wpointer-sign -Wno-newline-eof -Wno-implicit-fallthrough -isysroot /Applications/Xcode.app/Contents/Developer/Platforms/MacOSX.platform/Developer/SDKs/MacOSX26.4.sdk -fstrict-aliasing -Wdeprecated-declarations -Wno-sign-conversion -Wno-infinite-recursion -Wno-comma -Wno-block-capture-autoreleasing -Wno-strict-prototypes -Wno-semicolon-before-method-body @/Users/jasonlee/Library/Developer/Xcode/DerivedData/Notch-ddzsfiyxyoauidejndllmosklbkq/Build/Intermediates.noindex/PLCrashReporter.build/Release/CrashReporter.build/Objects-normal/arm64/7187679823f38a2a940e0043cdf9d637-common-args.resp -MMD -MT dependencies -MF /Users/jasonlee/Library/Developer/Xcode/DerivedData/Notch-ddzsfiyxyoauidejndllmosklbkq/Build/Intermediates.noindex/PLCrashReporter.build/Release/CrashReporter.build/Objects-normal/arm64/PLCrashAsyncSignalInfo.d --serialize-diagnostics /Users/jasonlee/Library/Developer/Xcode/DerivedData/Notch-ddzsfiyxyoauidejndllmosklbkq/Build/Intermediates.noindex/PLCrashReporter.build/Release/CrashReporter.build/Objects-normal/arm64/PLCrashAsyncSignalInfo.dia -c /Users/jasonlee/Library/Developer/Xcode/DerivedData/Notch-ddzsfiyxyoauidejndllmosklbkq/SourcePackages/checkouts/plcrashreporter/Source/PLCrashAsyncSignalInfo.c -o /Users/jasonlee/Library/Developer/Xcode/DerivedData/Notch-ddzsfiyxyoauidejndllmosklbkq/Build/Intermediates.noindex/PLCrashReporter.build/Release/CrashReporter.build/Objects-normal/arm64/PLCrashAsyncSignalInfo.o

CompileC /Users/jasonlee/Library/Developer/Xcode/DerivedData/Notch-ddzsfiyxyoauidejndllmosklbkq/Build/Intermediates.noindex/PLCrashReporter.build/Release/CrashReporter.build/Objects-normal/arm64/PLCrashAsyncMachOString.o /Users/jasonlee/Library/Developer/Xcode/DerivedData/Notch-ddzsfiyxyoauidejndllmosklbkq/SourcePackages/checkouts/plcrashreporter/Source/PLCrashAsyncMachOString.c normal arm64 c com.apple.compilers.llvm.clang.1_0.compiler (in target 'CrashReporter' from project 'PLCrashReporter')
    cd /Users/jasonlee/Coding/App/Notch/Notch.xcodeproj
    
    Using response file: /Users/jasonlee/Library/Developer/Xcode/DerivedData/Notch-ddzsfiyxyoauidejndllmosklbkq/Build/Intermediates.noindex/PLCrashReporter.build/Release/CrashReporter.build/Objects-normal/arm64/7187679823f38a2a940e0043cdf9d637-common-args.resp
    
    /Applications/Xcode.app/Contents/Developer/Toolchains/XcodeDefault.xctoolchain/usr/bin/clang -x c -ivfsstatcache /Users/jasonlee/Library/Developer/Xcode/DerivedData/SDKStatCaches.noindex/macosx26.4-25E251-30f9ca8789b706f8bd3fc906a70d770f.sdkstatcache -target arm64-apple-macos10.13 -fmessage-length\=0 -fdiagnostics-show-note-include-stack -fmacro-backtrace-limit\=0 -fno-color-diagnostics -fmodules-prune-interval\=86400 -fmodules-prune-after\=345600 -fbuild-session-file\=/Users/jasonlee/Library/Developer/Xcode/DerivedData/ModuleCache.noindex/Session.modulevalidation -fmodules-validate-once-per-build-session -Wnon-modular-include-in-framework-module -Werror\=non-modular-include-in-framework-module -Wno-trigraphs -Wno-missing-field-initializers -Wno-missing-prototypes -Wno-return-type -Wno-missing-braces -Wparentheses -Wswitch -Wno-unused-function -Wno-unused-label -Wno-unused-parameter -Wno-unused-variable -Wunused-value -Wno-empty-body -Wno-uninitialized -Wno-unknown-pragmas -w -Wno-shadow -Wno-four-char-constants -Wno-conversion -Wno-constant-conversion -Wno-int-conversion -Wno-bool-conversion -Wno-enum-conversion -Wno-float-conversion -Wno-non-literal-null-conversion -Wno-objc-literal-conversion -Wshorten-64-to-32 -Wpointer-sign -Wno-newline-eof -Wno-implicit-fallthrough -isysroot /Applications/Xcode.app/Contents/Developer/Platforms/MacOSX.platform/Developer/SDKs/MacOSX26.4.sdk -fstrict-aliasing -Wdeprecated-declarations -Wno-sign-conversion -Wno-infinite-recursion -Wno-comma -Wno-block-capture-autoreleasing -Wno-strict-prototypes -Wno-semicolon-before-method-body @/Users/jasonlee/Library/Developer/Xcode/DerivedData/Notch-ddzsfiyxyoauidejndllmosklbkq/Build/Intermediates.noindex/PLCrashReporter.build/Release/CrashReporter.build/Objects-normal/arm64/7187679823f38a2a940e0043cdf9d637-common-args.resp -MMD -MT dependencies -MF /Users/jasonlee/Library/Developer/Xcode/DerivedData/Notch-ddzsfiyxyoauidejndllmosklbkq/Build/Intermediates.noindex/PLCrashReporter.build/Release/CrashReporter.build/Objects-normal/arm64/PLCrashAsyncMachOString.d --serialize-diagnostics /Users/jasonlee/Library/Developer/Xcode/DerivedData/Notch-ddzsfiyxyoauidejndllmosklbkq/Build/Intermediates.noindex/PLCrashReporter.build/Release/CrashReporter.build/Objects-normal/arm64/PLCrashAsyncMachOString.dia -c /Users/jasonlee/Library/Developer/Xcode/DerivedData/Notch-ddzsfiyxyoauidejndllmosklbkq/SourcePackages/checkouts/plcrashreporter/Source/PLCrashAsyncMachOString.c -o /Users/jasonlee/Library/Developer/Xcode/DerivedData/Notch-ddzsfiyxyoauidejndllmosklbkq/Build/Intermediates.noindex/PLCrashReporter.build/Release/CrashReporter.build/Objects-normal/arm64/PLCrashAsyncMachOString.o

CompileC /Users/jasonlee/Library/Developer/Xcode/DerivedData/Notch-ddzsfiyxyoauidejndllmosklbkq/Build/Intermediates.noindex/PLCrashReporter.build/Release/CrashReporter.build/Objects-normal/arm64/PLCrashAsyncMachOImage.o /Users/jasonlee/Library/Developer/Xcode/DerivedData/Notch-ddzsfiyxyoauidejndllmosklbkq/SourcePackages/checkouts/plcrashreporter/Source/PLCrashAsyncMachOImage.c normal arm64 c com.apple.compilers.llvm.clang.1_0.compiler (in target 'CrashReporter' from project 'PLCrashReporter')
    cd /Users/jasonlee/Coding/App/Notch/Notch.xcodeproj
    
    Using response file: /Users/jasonlee/Library/Developer/Xcode/DerivedData/Notch-ddzsfiyxyoauidejndllmosklbkq/Build/Intermediates.noindex/PLCrashReporter.build/Release/CrashReporter.build/Objects-normal/arm64/7187679823f38a2a940e0043cdf9d637-common-args.resp
    
    /Applications/Xcode.app/Contents/Developer/Toolchains/XcodeDefault.xctoolchain/usr/bin/clang -x c -ivfsstatcache /Users/jasonlee/Library/Developer/Xcode/DerivedData/SDKStatCaches.noindex/macosx26.4-25E251-30f9ca8789b706f8bd3fc906a70d770f.sdkstatcache -target arm64-apple-macos10.13 -fmessage-length\=0 -fdiagnostics-show-note-include-stack -fmacro-backtrace-limit\=0 -fno-color-diagnostics -fmodules-prune-interval\=86400 -fmodules-prune-after\=345600 -fbuild-session-file\=/Users/jasonlee/Library/Developer/Xcode/DerivedData/ModuleCache.noindex/Session.modulevalidation -fmodules-validate-once-per-build-session -Wnon-modular-include-in-framework-module -Werror\=non-modular-include-in-framework-module -Wno-trigraphs -Wno-missing-field-initializers -Wno-missing-prototypes -Wno-return-type -Wno-missing-braces -Wparentheses -Wswitch -Wno-unused-function -Wno-unused-label -Wno-unused-parameter -Wno-unused-variable -Wunused-value -Wno-empty-body -Wno-uninitialized -Wno-unknown-pragmas -w -Wno-shadow -Wno-four-char-constants -Wno-conversion -Wno-constant-conversion -Wno-int-conversion -Wno-bool-conversion -Wno-enum-conversion -Wno-float-conversion -Wno-non-literal-null-conversion -Wno-objc-literal-conversion -Wshorten-64-to-32 -Wpointer-sign -Wno-newline-eof -Wno-implicit-fallthrough -isysroot /Applications/Xcode.app/Contents/Developer/Platforms/MacOSX.platform/Developer/SDKs/MacOSX26.4.sdk -fstrict-aliasing -Wdeprecated-declarations -Wno-sign-conversion -Wno-infinite-recursion -Wno-comma -Wno-block-capture-autoreleasing -Wno-strict-prototypes -Wno-semicolon-before-method-body @/Users/jasonlee/Library/Developer/Xcode/DerivedData/Notch-ddzsfiyxyoauidejndllmosklbkq/Build/Intermediates.noindex/PLCrashReporter.build/Release/CrashReporter.build/Objects-normal/arm64/7187679823f38a2a940e0043cdf9d637-common-args.resp -MMD -MT dependencies -MF /Users/jasonlee/Library/Developer/Xcode/DerivedData/Notch-ddzsfiyxyoauidejndllmosklbkq/Build/Intermediates.noindex/PLCrashReporter.build/Release/CrashReporter.build/Objects-normal/arm64/PLCrashAsyncMachOImage.d --serialize-diagnostics /Users/jasonlee/Library/Developer/Xcode/DerivedData/Notch-ddzsfiyxyoauidejndllmosklbkq/Build/Intermediates.noindex/PLCrashReporter.build/Release/CrashReporter.build/Objects-normal/arm64/PLCrashAsyncMachOImage.dia -c /Users/jasonlee/Library/Developer/Xcode/DerivedData/Notch-ddzsfiyxyoauidejndllmosklbkq/SourcePackages/checkouts/plcrashreporter/Source/PLCrashAsyncMachOImage.c -o /Users/jasonlee/Library/Developer/Xcode/DerivedData/Notch-ddzsfiyxyoauidejndllmosklbkq/Build/Intermediates.noindex/PLCrashReporter.build/Release/CrashReporter.build/Objects-normal/arm64/PLCrashAsyncMachOImage.o

ScanDependencies /Users/jasonlee/Library/Developer/Xcode/DerivedData/Notch-ddzsfiyxyoauidejndllmosklbkq/Build/Intermediates.noindex/PLCrashReporter.build/Release/CrashReporter.build/Objects-normal/arm64/PLCrashAsyncMObject.o /Users/jasonlee/Library/Developer/Xcode/DerivedData/Notch-ddzsfiyxyoauidejndllmosklbkq/SourcePackages/checkouts/plcrashreporter/Source/PLCrashAsyncMObject.c normal arm64 c com.apple.compilers.llvm.clang.1_0.compiler (in target 'CrashReporter' from project 'PLCrashReporter')
    cd /Users/jasonlee/Coding/App/Notch/Notch.xcodeproj
    
    Using response file: /Users/jasonlee/Library/Developer/Xcode/DerivedData/Notch-ddzsfiyxyoauidejndllmosklbkq/Build/Intermediates.noindex/PLCrashReporter.build/Release/CrashReporter.build/Objects-normal/arm64/7187679823f38a2a940e0043cdf9d637-common-args.resp
    
    builtin-ScanDependencies -o /Users/jasonlee/Library/Developer/Xcode/DerivedData/Notch-ddzsfiyxyoauidejndllmosklbkq/Build/Intermediates.noindex/PLCrashReporter.build/Release/CrashReporter.build/Objects-normal/arm64/PLCrashAsyncMObject.o.scan -- /Applications/Xcode.app/Contents/Developer/Toolchains/XcodeDefault.xctoolchain/usr/bin/clang -x c -ivfsstatcache /Users/jasonlee/Library/Developer/Xcode/DerivedData/SDKStatCaches.noindex/macosx26.4-25E251-30f9ca8789b706f8bd3fc906a70d770f.sdkstatcache -target arm64-apple-macos10.13 -fmessage-length\=0 -fdiagnostics-show-note-include-stack -fmacro-backtrace-limit\=0 -fno-color-diagnostics -fmodules-prune-interval\=86400 -fmodules-prune-after\=345600 -fbuild-session-file\=/Users/jasonlee/Library/Developer/Xcode/DerivedData/ModuleCache.noindex/Session.modulevalidation -fmodules-validate-once-per-build-session -Wnon-modular-include-in-framework-module -Werror\=non-modular-include-in-framework-module -Wno-trigraphs -Wno-missing-field-initializers -Wno-missing-prototypes -Wno-return-type -Wno-missing-braces -Wparentheses -Wswitch -Wno-unused-function -Wno-unused-label -Wno-unused-parameter -Wno-unused-variable -Wunused-value -Wno-empty-body -Wno-uninitialized -Wno-unknown-pragmas -w -Wno-shadow -Wno-four-char-constants -Wno-conversion -Wno-constant-conversion -Wno-int-conversion -Wno-bool-conversion -Wno-enum-conversion -Wno-float-conversion -Wno-non-literal-null-conversion -Wno-objc-literal-conversion -Wshorten-64-to-32 -Wpointer-sign -Wno-newline-eof -Wno-implicit-fallthrough -isysroot /Applications/Xcode.app/Contents/Developer/Platforms/MacOSX.platform/Developer/SDKs/MacOSX26.4.sdk -fstrict-aliasing -Wdeprecated-declarations -Wno-sign-conversion -Wno-infinite-recursion -Wno-comma -Wno-block-capture-autoreleasing -Wno-strict-prototypes -Wno-semicolon-before-method-body @/Users/jasonlee/Library/Developer/Xcode/DerivedData/Notch-ddzsfiyxyoauidejndllmosklbkq/Build/Intermediates.noindex/PLCrashReporter.build/Release/CrashReporter.build/Objects-normal/arm64/7187679823f38a2a940e0043cdf9d637-common-args.resp -MMD -MT dependencies -MF /Users/jasonlee/Library/Developer/Xcode/DerivedData/Notch-ddzsfiyxyoauidejndllmosklbkq/Build/Intermediates.noindex/PLCrashReporter.build/Release/CrashReporter.build/Objects-normal/arm64/PLCrashAsyncMObject.d --serialize-diagnostics /Users/jasonlee/Library/Developer/Xcode/DerivedData/Notch-ddzsfiyxyoauidejndllmosklbkq/Build/Intermediates.noindex/PLCrashReporter.build/Release/CrashReporter.build/Objects-normal/arm64/PLCrashAsyncMObject.dia -c /Users/jasonlee/Library/Developer/Xcode/DerivedData/Notch-ddzsfiyxyoauidejndllmosklbkq/SourcePackages/checkouts/plcrashreporter/Source/PLCrashAsyncMObject.c -o /Users/jasonlee/Library/Developer/Xcode/DerivedData/Notch-ddzsfiyxyoauidejndllmosklbkq/Build/Intermediates.noindex/PLCrashReporter.build/Release/CrashReporter.build/Objects-normal/arm64/PLCrashAsyncMObject.o

CompileC /Users/jasonlee/Library/Developer/Xcode/DerivedData/Notch-ddzsfiyxyoauidejndllmosklbkq/Build/Intermediates.noindex/PLCrashReporter.build/Release/CrashReporter.build/Objects-normal/arm64/PLCrashAsyncMachExceptionInfo.o /Users/jasonlee/Library/Developer/Xcode/DerivedData/Notch-ddzsfiyxyoauidejndllmosklbkq/SourcePackages/checkouts/plcrashreporter/Source/PLCrashAsyncMachExceptionInfo.c normal arm64 c com.apple.compilers.llvm.clang.1_0.compiler (in target 'CrashReporter' from project 'PLCrashReporter')
    cd /Users/jasonlee/Coding/App/Notch/Notch.xcodeproj
    
    Using response file: /Users/jasonlee/Library/Developer/Xcode/DerivedData/Notch-ddzsfiyxyoauidejndllmosklbkq/Build/Intermediates.noindex/PLCrashReporter.build/Release/CrashReporter.build/Objects-normal/arm64/7187679823f38a2a940e0043cdf9d637-common-args.resp
    
    /Applications/Xcode.app/Contents/Developer/Toolchains/XcodeDefault.xctoolchain/usr/bin/clang -x c -ivfsstatcache /Users/jasonlee/Library/Developer/Xcode/DerivedData/SDKStatCaches.noindex/macosx26.4-25E251-30f9ca8789b706f8bd3fc906a70d770f.sdkstatcache -target arm64-apple-macos10.13 -fmessage-length\=0 -fdiagnostics-show-note-include-stack -fmacro-backtrace-limit\=0 -fno-color-diagnostics -fmodules-prune-interval\=86400 -fmodules-prune-after\=345600 -fbuild-session-file\=/Users/jasonlee/Library/Developer/Xcode/DerivedData/ModuleCache.noindex/Session.modulevalidation -fmodules-validate-once-per-build-session -Wnon-modular-include-in-framework-module -Werror\=non-modular-include-in-framework-module -Wno-trigraphs -Wno-missing-field-initializers -Wno-missing-prototypes -Wno-return-type -Wno-missing-braces -Wparentheses -Wswitch -Wno-unused-function -Wno-unused-label -Wno-unused-parameter -Wno-unused-variable -Wunused-value -Wno-empty-body -Wno-uninitialized -Wno-unknown-pragmas -w -Wno-shadow -Wno-four-char-constants -Wno-conversion -Wno-constant-conversion -Wno-int-conversion -Wno-bool-conversion -Wno-enum-conversion -Wno-float-conversion -Wno-non-literal-null-conversion -Wno-objc-literal-conversion -Wshorten-64-to-32 -Wpointer-sign -Wno-newline-eof -Wno-implicit-fallthrough -isysroot /Applications/Xcode.app/Contents/Developer/Platforms/MacOSX.platform/Developer/SDKs/MacOSX26.4.sdk -fstrict-aliasing -Wdeprecated-declarations -Wno-sign-conversion -Wno-infinite-recursion -Wno-comma -Wno-block-capture-autoreleasing -Wno-strict-prototypes -Wno-semicolon-before-method-body @/Users/jasonlee/Library/Developer/Xcode/DerivedData/Notch-ddzsfiyxyoauidejndllmosklbkq/Build/Intermediates.noindex/PLCrashReporter.build/Release/CrashReporter.build/Objects-normal/arm64/7187679823f38a2a940e0043cdf9d637-common-args.resp -MMD -MT dependencies -MF /Users/jasonlee/Library/Developer/Xcode/DerivedData/Notch-ddzsfiyxyoauidejndllmosklbkq/Build/Intermediates.noindex/PLCrashReporter.build/Release/CrashReporter.build/Objects-normal/arm64/PLCrashAsyncMachExceptionInfo.d --serialize-diagnostics /Users/jasonlee/Library/Developer/Xcode/DerivedData/Notch-ddzsfiyxyoauidejndllmosklbkq/Build/Intermediates.noindex/PLCrashReporter.build/Release/CrashReporter.build/Objects-normal/arm64/PLCrashAsyncMachExceptionInfo.dia -c /Users/jasonlee/Library/Developer/Xcode/DerivedData/Notch-ddzsfiyxyoauidejndllmosklbkq/SourcePackages/checkouts/plcrashreporter/Source/PLCrashAsyncMachExceptionInfo.c -o /Users/jasonlee/Library/Developer/Xcode/DerivedData/Notch-ddzsfiyxyoauidejndllmosklbkq/Build/Intermediates.noindex/PLCrashReporter.build/Release/CrashReporter.build/Objects-normal/arm64/PLCrashAsyncMachExceptionInfo.o

PrecompileModule /Users/jasonlee/Library/Developer/Xcode/DerivedData/Notch-ddzsfiyxyoauidejndllmosklbkq/Build/Intermediates.noindex/ExplicitPrecompiledModules/CoreFoundation-EH7UQ31CTZ3XR0SGACZXBYGTL.scan
    cd /
    builtin-precompileModule /Users/jasonlee/Library/Developer/Xcode/DerivedData/Notch-ddzsfiyxyoauidejndllmosklbkq/Build/Intermediates.noindex/ExplicitPrecompiledModules/CoreFoundation-EH7UQ31CTZ3XR0SGACZXBYGTL.scan

PrecompileModule /Users/jasonlee/Library/Developer/Xcode/DerivedData/Notch-ddzsfiyxyoauidejndllmosklbkq/Build/Intermediates.noindex/ExplicitPrecompiledModules/DiskArbitration-6VHW9BBKOVUS3U6FE8UH4MEVB.scan
    cd /
    builtin-precompileModule /Users/jasonlee/Library/Developer/Xcode/DerivedData/Notch-ddzsfiyxyoauidejndllmosklbkq/Build/Intermediates.noindex/ExplicitPrecompiledModules/DiskArbitration-6VHW9BBKOVUS3U6FE8UH4MEVB.scan

CompileC /Users/jasonlee/Library/Developer/Xcode/DerivedData/Notch-ddzsfiyxyoauidejndllmosklbkq/Build/Intermediates.noindex/PLCrashReporter.build/Release/CrashReporter.build/Objects-normal/arm64/PLCrashAsyncMObject.o /Users/jasonlee/Library/Developer/Xcode/DerivedData/Notch-ddzsfiyxyoauidejndllmosklbkq/SourcePackages/checkouts/plcrashreporter/Source/PLCrashAsyncMObject.c normal arm64 c com.apple.compilers.llvm.clang.1_0.compiler (in target 'CrashReporter' from project 'PLCrashReporter')
    cd /Users/jasonlee/Coding/App/Notch/Notch.xcodeproj
    
    Using response file: /Users/jasonlee/Library/Developer/Xcode/DerivedData/Notch-ddzsfiyxyoauidejndllmosklbkq/Build/Intermediates.noindex/PLCrashReporter.build/Release/CrashReporter.build/Objects-normal/arm64/7187679823f38a2a940e0043cdf9d637-common-args.resp
    
    /Applications/Xcode.app/Contents/Developer/Toolchains/XcodeDefault.xctoolchain/usr/bin/clang -x c -ivfsstatcache /Users/jasonlee/Library/Developer/Xcode/DerivedData/SDKStatCaches.noindex/macosx26.4-25E251-30f9ca8789b706f8bd3fc906a70d770f.sdkstatcache -target arm64-apple-macos10.13 -fmessage-length\=0 -fdiagnostics-show-note-include-stack -fmacro-backtrace-limit\=0 -fno-color-diagnostics -fmodules-prune-interval\=86400 -fmodules-prune-after\=345600 -fbuild-session-file\=/Users/jasonlee/Library/Developer/Xcode/DerivedData/ModuleCache.noindex/Session.modulevalidation -fmodules-validate-once-per-build-session -Wnon-modular-include-in-framework-module -Werror\=non-modular-include-in-framework-module -Wno-trigraphs -Wno-missing-field-initializers -Wno-missing-prototypes -Wno-return-type -Wno-missing-braces -Wparentheses -Wswitch -Wno-unused-function -Wno-unused-label -Wno-unused-parameter -Wno-unused-variable -Wunused-value -Wno-empty-body -Wno-uninitialized -Wno-unknown-pragmas -w -Wno-shadow -Wno-four-char-constants -Wno-conversion -Wno-constant-conversion -Wno-int-conversion -Wno-bool-conversion -Wno-enum-conversion -Wno-float-conversion -Wno-non-literal-null-conversion -Wno-objc-literal-conversion -Wshorten-64-to-32 -Wpointer-sign -Wno-newline-eof -Wno-implicit-fallthrough -isysroot /Applications/Xcode.app/Contents/Developer/Platforms/MacOSX.platform/Developer/SDKs/MacOSX26.4.sdk -fstrict-aliasing -Wdeprecated-declarations -Wno-sign-conversion -Wno-infinite-recursion -Wno-comma -Wno-block-capture-autoreleasing -Wno-strict-prototypes -Wno-semicolon-before-method-body @/Users/jasonlee/Library/Developer/Xcode/DerivedData/Notch-ddzsfiyxyoauidejndllmosklbkq/Build/Intermediates.noindex/PLCrashReporter.build/Release/CrashReporter.build/Objects-normal/arm64/7187679823f38a2a940e0043cdf9d637-common-args.resp -MMD -MT dependencies -MF /Users/jasonlee/Library/Developer/Xcode/DerivedData/Notch-ddzsfiyxyoauidejndllmosklbkq/Build/Intermediates.noindex/PLCrashReporter.build/Release/CrashReporter.build/Objects-normal/arm64/PLCrashAsyncMObject.d --serialize-diagnostics /Users/jasonlee/Library/Developer/Xcode/DerivedData/Notch-ddzsfiyxyoauidejndllmosklbkq/Build/Intermediates.noindex/PLCrashReporter.build/Release/CrashReporter.build/Objects-normal/arm64/PLCrashAsyncMObject.dia -c /Users/jasonlee/Library/Developer/Xcode/DerivedData/Notch-ddzsfiyxyoauidejndllmosklbkq/SourcePackages/checkouts/plcrashreporter/Source/PLCrashAsyncMObject.c -o /Users/jasonlee/Library/Developer/Xcode/DerivedData/Notch-ddzsfiyxyoauidejndllmosklbkq/Build/Intermediates.noindex/PLCrashReporter.build/Release/CrashReporter.build/Objects-normal/arm64/PLCrashAsyncMObject.o

PrecompileModule /Users/jasonlee/Library/Developer/Xcode/DerivedData/Notch-ddzsfiyxyoauidejndllmosklbkq/Build/Intermediates.noindex/ExplicitPrecompiledModules/XPC-1DPU74A3Z77CFULVR9B82CD4.scan
    cd /
    builtin-precompileModule /Users/jasonlee/Library/Developer/Xcode/DerivedData/Notch-ddzsfiyxyoauidejndllmosklbkq/Build/Intermediates.noindex/ExplicitPrecompiledModules/XPC-1DPU74A3Z77CFULVR9B82CD4.scan

PrecompileModule /Users/jasonlee/Library/Developer/Xcode/DerivedData/Notch-ddzsfiyxyoauidejndllmosklbkq/Build/Intermediates.noindex/ExplicitPrecompiledModules/CoreGraphics-6LEF83UEHC6OB0WC87WU5FNRV.scan
    cd /
    builtin-precompileModule /Users/jasonlee/Library/Developer/Xcode/DerivedData/Notch-ddzsfiyxyoauidejndllmosklbkq/Build/Intermediates.noindex/ExplicitPrecompiledModules/CoreGraphics-6LEF83UEHC6OB0WC87WU5FNRV.scan

ScanDependencies /Users/jasonlee/Library/Developer/Xcode/DerivedData/Notch-ddzsfiyxyoauidejndllmosklbkq/Build/Intermediates.noindex/PLCrashReporter.build/Release/CrashReporter.build/Objects-normal/arm64/PLCrashAsyncCompactUnwindEncoding.o /Users/jasonlee/Library/Developer/Xcode/DerivedData/Notch-ddzsfiyxyoauidejndllmosklbkq/SourcePackages/checkouts/plcrashreporter/Source/PLCrashAsyncCompactUnwindEncoding.c normal arm64 c com.apple.compilers.llvm.clang.1_0.compiler (in target 'CrashReporter' from project 'PLCrashReporter')
    cd /Users/jasonlee/Coding/App/Notch/Notch.xcodeproj
    
    Using response file: /Users/jasonlee/Library/Developer/Xcode/DerivedData/Notch-ddzsfiyxyoauidejndllmosklbkq/Build/Intermediates.noindex/PLCrashReporter.build/Release/CrashReporter.build/Objects-normal/arm64/7187679823f38a2a940e0043cdf9d637-common-args.resp
    
    builtin-ScanDependencies -o /Users/jasonlee/Library/Developer/Xcode/DerivedData/Notch-ddzsfiyxyoauidejndllmosklbkq/Build/Intermediates.noindex/PLCrashReporter.build/Release/CrashReporter.build/Objects-normal/arm64/PLCrashAsyncCompactUnwindEncoding.o.scan -- /Applications/Xcode.app/Contents/Developer/Toolchains/XcodeDefault.xctoolchain/usr/bin/clang -x c -ivfsstatcache /Users/jasonlee/Library/Developer/Xcode/DerivedData/SDKStatCaches.noindex/macosx26.4-25E251-30f9ca8789b706f8bd3fc906a70d770f.sdkstatcache -target arm64-apple-macos10.13 -fmessage-length\=0 -fdiagnostics-show-note-include-stack -fmacro-backtrace-limit\=0 -fno-color-diagnostics -fmodules-prune-interval\=86400 -fmodules-prune-after\=345600 -fbuild-session-file\=/Users/jasonlee/Library/Developer/Xcode/DerivedData/ModuleCache.noindex/Session.modulevalidation -fmodules-validate-once-per-build-session -Wnon-modular-include-in-framework-module -Werror\=non-modular-include-in-framework-module -Wno-trigraphs -Wno-missing-field-initializers -Wno-missing-prototypes -Wno-return-type -Wno-missing-braces -Wparentheses -Wswitch -Wno-unused-function -Wno-unused-label -Wno-unused-parameter -Wno-unused-variable -Wunused-value -Wno-empty-body -Wno-uninitialized -Wno-unknown-pragmas -w -Wno-shadow -Wno-four-char-constants -Wno-conversion -Wno-constant-conversion -Wno-int-conversion -Wno-bool-conversion -Wno-enum-conversion -Wno-float-conversion -Wno-non-literal-null-conversion -Wno-objc-literal-conversion -Wshorten-64-to-32 -Wpointer-sign -Wno-newline-eof -Wno-implicit-fallthrough -isysroot /Applications/Xcode.app/Contents/Developer/Platforms/MacOSX.platform/Developer/SDKs/MacOSX26.4.sdk -fstrict-aliasing -Wdeprecated-declarations -Wno-sign-conversion -Wno-infinite-recursion -Wno-comma -Wno-block-capture-autoreleasing -Wno-strict-prototypes -Wno-semicolon-before-method-body @/Users/jasonlee/Library/Developer/Xcode/DerivedData/Notch-ddzsfiyxyoauidejndllmosklbkq/Build/Intermediates.noindex/PLCrashReporter.build/Release/CrashReporter.build/Objects-normal/arm64/7187679823f38a2a940e0043cdf9d637-common-args.resp -MMD -MT dependencies -MF /Users/jasonlee/Library/Developer/Xcode/DerivedData/Notch-ddzsfiyxyoauidejndllmosklbkq/Build/Intermediates.noindex/PLCrashReporter.build/Release/CrashReporter.build/Objects-normal/arm64/PLCrashAsyncCompactUnwindEncoding.d --serialize-diagnostics /Users/jasonlee/Library/Developer/Xcode/DerivedData/Notch-ddzsfiyxyoauidejndllmosklbkq/Build/Intermediates.noindex/PLCrashReporter.build/Release/CrashReporter.build/Objects-normal/arm64/PLCrashAsyncCompactUnwindEncoding.dia -c /Users/jasonlee/Library/Developer/Xcode/DerivedData/Notch-ddzsfiyxyoauidejndllmosklbkq/SourcePackages/checkouts/plcrashreporter/Source/PLCrashAsyncCompactUnwindEncoding.c -o /Users/jasonlee/Library/Developer/Xcode/DerivedData/Notch-ddzsfiyxyoauidejndllmosklbkq/Build/Intermediates.noindex/PLCrashReporter.build/Release/CrashReporter.build/Objects-normal/arm64/PLCrashAsyncCompactUnwindEncoding.o

PrecompileModule /Users/jasonlee/Library/Developer/Xcode/DerivedData/Notch-ddzsfiyxyoauidejndllmosklbkq/Build/Intermediates.noindex/ExplicitPrecompiledModules/CoreServices-2RTK6GKKXR20028QNH6ZSNR4P.scan
    cd /
    builtin-precompileModule /Users/jasonlee/Library/Developer/Xcode/DerivedData/Notch-ddzsfiyxyoauidejndllmosklbkq/Build/Intermediates.noindex/ExplicitPrecompiledModules/CoreServices-2RTK6GKKXR20028QNH6ZSNR4P.scan

ScanDependencies /Users/jasonlee/Library/Developer/Xcode/DerivedData/Notch-ddzsfiyxyoauidejndllmosklbkq/Build/Intermediates.noindex/PLCrashReporter.build/Release/CrashReporter.build/Objects-normal/arm64/PLCrashAsync.o /Users/jasonlee/Library/Developer/Xcode/DerivedData/Notch-ddzsfiyxyoauidejndllmosklbkq/SourcePackages/checkouts/plcrashreporter/Source/PLCrashAsync.c normal arm64 c com.apple.compilers.llvm.clang.1_0.compiler (in target 'CrashReporter' from project 'PLCrashReporter')
    cd /Users/jasonlee/Coding/App/Notch/Notch.xcodeproj
    
    Using response file: /Users/jasonlee/Library/Developer/Xcode/DerivedData/Notch-ddzsfiyxyoauidejndllmosklbkq/Build/Intermediates.noindex/PLCrashReporter.build/Release/CrashReporter.build/Objects-normal/arm64/7187679823f38a2a940e0043cdf9d637-common-args.resp
    
    builtin-ScanDependencies -o /Users/jasonlee/Library/Developer/Xcode/DerivedData/Notch-ddzsfiyxyoauidejndllmosklbkq/Build/Intermediates.noindex/PLCrashReporter.build/Release/CrashReporter.build/Objects-normal/arm64/PLCrashAsync.o.scan -- /Applications/Xcode.app/Contents/Developer/Toolchains/XcodeDefault.xctoolchain/usr/bin/clang -x c -ivfsstatcache /Users/jasonlee/Library/Developer/Xcode/DerivedData/SDKStatCaches.noindex/macosx26.4-25E251-30f9ca8789b706f8bd3fc906a70d770f.sdkstatcache -target arm64-apple-macos10.13 -fmessage-length\=0 -fdiagnostics-show-note-include-stack -fmacro-backtrace-limit\=0 -fno-color-diagnostics -fmodules-prune-interval\=86400 -fmodules-prune-after\=345600 -fbuild-session-file\=/Users/jasonlee/Library/Developer/Xcode/DerivedData/ModuleCache.noindex/Session.modulevalidation -fmodules-validate-once-per-build-session -Wnon-modular-include-in-framework-module -Werror\=non-modular-include-in-framework-module -Wno-trigraphs -Wno-missing-field-initializers -Wno-missing-prototypes -Wno-return-type -Wno-missing-braces -Wparentheses -Wswitch -Wno-unused-function -Wno-unused-label -Wno-unused-parameter -Wno-unused-variable -Wunused-value -Wno-empty-body -Wno-uninitialized -Wno-unknown-pragmas -w -Wno-shadow -Wno-four-char-constants -Wno-conversion -Wno-constant-conversion -Wno-int-conversion -Wno-bool-conversion -Wno-enum-conversion -Wno-float-conversion -Wno-non-literal-null-conversion -Wno-objc-literal-conversion -Wshorten-64-to-32 -Wpointer-sign -Wno-newline-eof -Wno-implicit-fallthrough -isysroot /Applications/Xcode.app/Contents/Developer/Platforms/MacOSX.platform/Developer/SDKs/MacOSX26.4.sdk -fstrict-aliasing -Wdeprecated-declarations -Wno-sign-conversion -Wno-infinite-recursion -Wno-comma -Wno-block-capture-autoreleasing -Wno-strict-prototypes -Wno-semicolon-before-method-body @/Users/jasonlee/Library/Developer/Xcode/DerivedData/Notch-ddzsfiyxyoauidejndllmosklbkq/Build/Intermediates.noindex/PLCrashReporter.build/Release/CrashReporter.build/Objects-normal/arm64/7187679823f38a2a940e0043cdf9d637-common-args.resp -MMD -MT dependencies -MF /Users/jasonlee/Library/Developer/Xcode/DerivedData/Notch-ddzsfiyxyoauidejndllmosklbkq/Build/Intermediates.noindex/PLCrashReporter.build/Release/CrashReporter.build/Objects-normal/arm64/PLCrashAsync.d --serialize-diagnostics /Users/jasonlee/Library/Developer/Xcode/DerivedData/Notch-ddzsfiyxyoauidejndllmosklbkq/Build/Intermediates.noindex/PLCrashReporter.build/Release/CrashReporter.build/Objects-normal/arm64/PLCrashAsync.dia -c /Users/jasonlee/Library/Developer/Xcode/DerivedData/Notch-ddzsfiyxyoauidejndllmosklbkq/SourcePackages/checkouts/plcrashreporter/Source/PLCrashAsync.c -o /Users/jasonlee/Library/Developer/Xcode/DerivedData/Notch-ddzsfiyxyoauidejndllmosklbkq/Build/Intermediates.noindex/PLCrashReporter.build/Release/CrashReporter.build/Objects-normal/arm64/PLCrashAsync.o

PrecompileModule /Users/jasonlee/Library/Developer/Xcode/DerivedData/Notch-ddzsfiyxyoauidejndllmosklbkq/Build/Intermediates.noindex/ExplicitPrecompiledModules/CFNetwork-71DURNGK9EW5WMMD5JN8NJXBL.scan
    cd /
    builtin-precompileModule /Users/jasonlee/Library/Developer/Xcode/DerivedData/Notch-ddzsfiyxyoauidejndllmosklbkq/Build/Intermediates.noindex/ExplicitPrecompiledModules/CFNetwork-71DURNGK9EW5WMMD5JN8NJXBL.scan

PrecompileModule /Users/jasonlee/Library/Developer/Xcode/DerivedData/Notch-ddzsfiyxyoauidejndllmosklbkq/Build/Intermediates.noindex/ExplicitPrecompiledModules/IOKit-25XCP3ZD9VK3428Z8S22ICCMB.scan
    cd /
    builtin-precompileModule /Users/jasonlee/Library/Developer/Xcode/DerivedData/Notch-ddzsfiyxyoauidejndllmosklbkq/Build/Intermediates.noindex/ExplicitPrecompiledModules/IOKit-25XCP3ZD9VK3428Z8S22ICCMB.scan

PrecompileModule /Users/jasonlee/Library/Developer/Xcode/DerivedData/Notch-ddzsfiyxyoauidejndllmosklbkq/Build/Intermediates.noindex/ExplicitPrecompiledModules/_Builtin_stdatomic-EKC5H245IHG0QPN3MK43BRRMX.scan
    cd /
    builtin-precompileModule /Users/jasonlee/Library/Developer/Xcode/DerivedData/Notch-ddzsfiyxyoauidejndllmosklbkq/Build/Intermediates.noindex/ExplicitPrecompiledModules/_Builtin_stdatomic-EKC5H245IHG0QPN3MK43BRRMX.scan

PrecompileModule /Users/jasonlee/Library/Developer/Xcode/DerivedData/Notch-ddzsfiyxyoauidejndllmosklbkq/Build/Intermediates.noindex/ExplicitPrecompiledModules/os_object-4FK551JJHLPA8A95NRLX7WR40.scan
    cd /
    builtin-precompileModule /Users/jasonlee/Library/Developer/Xcode/DerivedData/Notch-ddzsfiyxyoauidejndllmosklbkq/Build/Intermediates.noindex/ExplicitPrecompiledModules/os_object-4FK551JJHLPA8A95NRLX7WR40.scan

PrecompileModule /Users/jasonlee/Library/Developer/Xcode/DerivedData/Notch-ddzsfiyxyoauidejndllmosklbkq/Build/Intermediates.noindex/ExplicitPrecompiledModules/launch-98KY3WARCR6DICJFT4EUF69AP.scan
    cd /
    builtin-precompileModule /Users/jasonlee/Library/Developer/Xcode/DerivedData/Notch-ddzsfiyxyoauidejndllmosklbkq/Build/Intermediates.noindex/ExplicitPrecompiledModules/launch-98KY3WARCR6DICJFT4EUF69AP.scan

PrecompileModule /Users/jasonlee/Library/Developer/Xcode/DerivedData/Notch-ddzsfiyxyoauidejndllmosklbkq/Build/Intermediates.noindex/ExplicitPrecompiledModules/Security-L6EFIGKED2H2A1BEV5CHLA9D.scan
    cd /
    builtin-precompileModule /Users/jasonlee/Library/Developer/Xcode/DerivedData/Notch-ddzsfiyxyoauidejndllmosklbkq/Build/Intermediates.noindex/ExplicitPrecompiledModules/Security-L6EFIGKED2H2A1BEV5CHLA9D.scan

CompileC /Users/jasonlee/Library/Developer/Xcode/DerivedData/Notch-ddzsfiyxyoauidejndllmosklbkq/Build/Intermediates.noindex/PLCrashReporter.build/Release/CrashReporter.build/Objects-normal/arm64/PLCrashAsync.o /Users/jasonlee/Library/Developer/Xcode/DerivedData/Notch-ddzsfiyxyoauidejndllmosklbkq/SourcePackages/checkouts/plcrashreporter/Source/PLCrashAsync.c normal arm64 c com.apple.compilers.llvm.clang.1_0.compiler (in target 'CrashReporter' from project 'PLCrashReporter')
    cd /Users/jasonlee/Coding/App/Notch/Notch.xcodeproj
    
    Using response file: /Users/jasonlee/Library/Developer/Xcode/DerivedData/Notch-ddzsfiyxyoauidejndllmosklbkq/Build/Intermediates.noindex/PLCrashReporter.build/Release/CrashReporter.build/Objects-normal/arm64/7187679823f38a2a940e0043cdf9d637-common-args.resp
    
    /Applications/Xcode.app/Contents/Developer/Toolchains/XcodeDefault.xctoolchain/usr/bin/clang -x c -ivfsstatcache /Users/jasonlee/Library/Developer/Xcode/DerivedData/SDKStatCaches.noindex/macosx26.4-25E251-30f9ca8789b706f8bd3fc906a70d770f.sdkstatcache -target arm64-apple-macos10.13 -fmessage-length\=0 -fdiagnostics-show-note-include-stack -fmacro-backtrace-limit\=0 -fno-color-diagnostics -fmodules-prune-interval\=86400 -fmodules-prune-after\=345600 -fbuild-session-file\=/Users/jasonlee/Library/Developer/Xcode/DerivedData/ModuleCache.noindex/Session.modulevalidation -fmodules-validate-once-per-build-session -Wnon-modular-include-in-framework-module -Werror\=non-modular-include-in-framework-module -Wno-trigraphs -Wno-missing-field-initializers -Wno-missing-prototypes -Wno-return-type -Wno-missing-braces -Wparentheses -Wswitch -Wno-unused-function -Wno-unused-label -Wno-unused-parameter -Wno-unused-variable -Wunused-value -Wno-empty-body -Wno-uninitialized -Wno-unknown-pragmas -w -Wno-shadow -Wno-four-char-constants -Wno-conversion -Wno-constant-conversion -Wno-int-conversion -Wno-bool-conversion -Wno-enum-conversion -Wno-float-conversion -Wno-non-literal-null-conversion -Wno-objc-literal-conversion -Wshorten-64-to-32 -Wpointer-sign -Wno-newline-eof -Wno-implicit-fallthrough -isysroot /Applications/Xcode.app/Contents/Developer/Platforms/MacOSX.platform/Developer/SDKs/MacOSX26.4.sdk -fstrict-aliasing -Wdeprecated-declarations -Wno-sign-conversion -Wno-infinite-recursion -Wno-comma -Wno-block-capture-autoreleasing -Wno-strict-prototypes -Wno-semicolon-before-method-body @/Users/jasonlee/Library/Developer/Xcode/DerivedData/Notch-ddzsfiyxyoauidejndllmosklbkq/Build/Intermediates.noindex/PLCrashReporter.build/Release/CrashReporter.build/Objects-normal/arm64/7187679823f38a2a940e0043cdf9d637-common-args.resp -MMD -MT dependencies -MF /Users/jasonlee/Library/Developer/Xcode/DerivedData/Notch-ddzsfiyxyoauidejndllmosklbkq/Build/Intermediates.noindex/PLCrashReporter.build/Release/CrashReporter.build/Objects-normal/arm64/PLCrashAsync.d --serialize-diagnostics /Users/jasonlee/Library/Developer/Xcode/DerivedData/Notch-ddzsfiyxyoauidejndllmosklbkq/Build/Intermediates.noindex/PLCrashReporter.build/Release/CrashReporter.build/Objects-normal/arm64/PLCrashAsync.dia -c /Users/jasonlee/Library/Developer/Xcode/DerivedData/Notch-ddzsfiyxyoauidejndllmosklbkq/SourcePackages/checkouts/plcrashreporter/Source/PLCrashAsync.c -o /Users/jasonlee/Library/Developer/Xcode/DerivedData/Notch-ddzsfiyxyoauidejndllmosklbkq/Build/Intermediates.noindex/PLCrashReporter.build/Release/CrashReporter.build/Objects-normal/arm64/PLCrashAsync.o

PrecompileModule /Users/jasonlee/Library/Developer/Xcode/DerivedData/Notch-ddzsfiyxyoauidejndllmosklbkq/Build/Intermediates.noindex/ExplicitPrecompiledModules/os-CBPCEKLKDTHUMAX9R4WEPTJZY.scan
    cd /
    builtin-precompileModule /Users/jasonlee/Library/Developer/Xcode/DerivedData/Notch-ddzsfiyxyoauidejndllmosklbkq/Build/Intermediates.noindex/ExplicitPrecompiledModules/os-CBPCEKLKDTHUMAX9R4WEPTJZY.scan

ScanDependencies /Users/jasonlee/Library/Developer/Xcode/DerivedData/Notch-ddzsfiyxyoauidejndllmosklbkq/Build/Intermediates.noindex/PLCrashReporter.build/Release/CrashReporter.build/Objects-normal/arm64/CrashReporterFramework.o /Users/jasonlee/Library/Developer/Xcode/DerivedData/Notch-ddzsfiyxyoauidejndllmosklbkq/SourcePackages/checkouts/plcrashreporter/Source/CrashReporterFramework.m normal arm64 objective-c com.apple.compilers.llvm.clang.1_0.compiler (in target 'CrashReporter' from project 'PLCrashReporter')
    cd /Users/jasonlee/Coding/App/Notch/Notch.xcodeproj
    
    Using response file: /Users/jasonlee/Library/Developer/Xcode/DerivedData/Notch-ddzsfiyxyoauidejndllmosklbkq/Build/Intermediates.noindex/PLCrashReporter.build/Release/CrashReporter.build/Objects-normal/arm64/e6072d4f65d7061329687fe24e3d63a7-common-args.resp
    
    builtin-ScanDependencies -o /Users/jasonlee/Library/Developer/Xcode/DerivedData/Notch-ddzsfiyxyoauidejndllmosklbkq/Build/Intermediates.noindex/PLCrashReporter.build/Release/CrashReporter.build/Objects-normal/arm64/CrashReporterFramework.o.scan -- /Applications/Xcode.app/Contents/Developer/Toolchains/XcodeDefault.xctoolchain/usr/bin/clang -x objective-c -ivfsstatcache /Users/jasonlee/Library/Developer/Xcode/DerivedData/SDKStatCaches.noindex/macosx26.4-25E251-30f9ca8789b706f8bd3fc906a70d770f.sdkstatcache -target arm64-apple-macos10.13 -fmessage-length\=0 -fdiagnostics-show-note-include-stack -fmacro-backtrace-limit\=0 -fno-color-diagnostics -fmodules-prune-interval\=86400 -fmodules-prune-after\=345600 -fbuild-session-file\=/Users/jasonlee/Library/Developer/Xcode/DerivedData/ModuleCache.noindex/Session.modulevalidation -fmodules-validate-once-per-build-session -Wnon-modular-include-in-framework-module -Werror\=non-modular-include-in-framework-module -Wno-trigraphs -Wno-missing-field-initializers -Wno-missing-prototypes -Wno-return-type -Wno-implicit-atomic-properties -Wno-objc-interface-ivars -Wno-arc-repeated-use-of-weak -Wno-missing-braces -Wparentheses -Wswitch -Wno-unused-function -Wno-unused-label -Wno-unused-parameter -Wno-unused-variable -Wunused-value -Wno-empty-body -Wno-uninitialized -Wno-unknown-pragmas -w -Wno-shadow -Wno-four-char-constants -Wno-conversion -Wno-constant-conversion -Wno-int-conversion -Wno-bool-conversion -Wno-enum-conversion -Wno-float-conversion -Wno-non-literal-null-conversion -Wno-objc-literal-conversion -Wshorten-64-to-32 -Wpointer-sign -Wno-newline-eof -Wno-selector -Wno-strict-selector-match -Wno-undeclared-selector -Wno-deprecated-implementations -Wno-implicit-fallthrough -isysroot /Applications/Xcode.app/Contents/Developer/Platforms/MacOSX.platform/Developer/SDKs/MacOSX26.4.sdk -fstrict-aliasing -Wprotocol -Wdeprecated-declarations -Wno-sign-conversion -Wno-infinite-recursion -Wno-comma -Wno-block-capture-autoreleasing -Wno-strict-prototypes -Wno-semicolon-before-method-body @/Users/jasonlee/Library/Developer/Xcode/DerivedData/Notch-ddzsfiyxyoauidejndllmosklbkq/Build/Intermediates.noindex/PLCrashReporter.build/Release/CrashReporter.build/Objects-normal/arm64/e6072d4f65d7061329687fe24e3d63a7-common-args.resp -include /Users/jasonlee/Library/Developer/Xcode/DerivedData/Notch-ddzsfiyxyoauidejndllmosklbkq/Build/Intermediates.noindex/PLCrashReporter.build/Release/CrashReporter.build/DerivedSources/resource_bundle_accessor.h -MMD -MT dependencies -MF /Users/jasonlee/Library/Developer/Xcode/DerivedData/Notch-ddzsfiyxyoauidejndllmosklbkq/Build/Intermediates.noindex/PLCrashReporter.build/Release/CrashReporter.build/Objects-normal/arm64/CrashReporterFramework.d --serialize-diagnostics /Users/jasonlee/Library/Developer/Xcode/DerivedData/Notch-ddzsfiyxyoauidejndllmosklbkq/Build/Intermediates.noindex/PLCrashReporter.build/Release/CrashReporter.build/Objects-normal/arm64/CrashReporterFramework.dia -c /Users/jasonlee/Library/Developer/Xcode/DerivedData/Notch-ddzsfiyxyoauidejndllmosklbkq/SourcePackages/checkouts/plcrashreporter/Source/CrashReporterFramework.m -o /Users/jasonlee/Library/Developer/Xcode/DerivedData/Notch-ddzsfiyxyoauidejndllmosklbkq/Build/Intermediates.noindex/PLCrashReporter.build/Release/CrashReporter.build/Objects-normal/arm64/CrashReporterFramework.o

ScanDependencies /Users/jasonlee/Library/Developer/Xcode/DerivedData/Notch-ddzsfiyxyoauidejndllmosklbkq/Build/Intermediates.noindex/PLCrashReporter.build/Release/CrashReporter.build/Objects-normal/arm64/CrashReporter.o /Users/jasonlee/Library/Developer/Xcode/DerivedData/Notch-ddzsfiyxyoauidejndllmosklbkq/SourcePackages/checkouts/plcrashreporter/Source/CrashReporter.m normal arm64 objective-c com.apple.compilers.llvm.clang.1_0.compiler (in target 'CrashReporter' from project 'PLCrashReporter')
    cd /Users/jasonlee/Coding/App/Notch/Notch.xcodeproj
    
    Using response file: /Users/jasonlee/Library/Developer/Xcode/DerivedData/Notch-ddzsfiyxyoauidejndllmosklbkq/Build/Intermediates.noindex/PLCrashReporter.build/Release/CrashReporter.build/Objects-normal/arm64/e6072d4f65d7061329687fe24e3d63a7-common-args.resp
    
    builtin-ScanDependencies -o /Users/jasonlee/Library/Developer/Xcode/DerivedData/Notch-ddzsfiyxyoauidejndllmosklbkq/Build/Intermediates.noindex/PLCrashReporter.build/Release/CrashReporter.build/Objects-normal/arm64/CrashReporter.o.scan -- /Applications/Xcode.app/Contents/Developer/Toolchains/XcodeDefault.xctoolchain/usr/bin/clang -x objective-c -ivfsstatcache /Users/jasonlee/Library/Developer/Xcode/DerivedData/SDKStatCaches.noindex/macosx26.4-25E251-30f9ca8789b706f8bd3fc906a70d770f.sdkstatcache -target arm64-apple-macos10.13 -fmessage-length\=0 -fdiagnostics-show-note-include-stack -fmacro-backtrace-limit\=0 -fno-color-diagnostics -fmodules-prune-interval\=86400 -fmodules-prune-after\=345600 -fbuild-session-file\=/Users/jasonlee/Library/Developer/Xcode/DerivedData/ModuleCache.noindex/Session.modulevalidation -fmodules-validate-once-per-build-session -Wnon-modular-include-in-framework-module -Werror\=non-modular-include-in-framework-module -Wno-trigraphs -Wno-missing-field-initializers -Wno-missing-prototypes -Wno-return-type -Wno-implicit-atomic-properties -Wno-objc-interface-ivars -Wno-arc-repeated-use-of-weak -Wno-missing-braces -Wparentheses -Wswitch -Wno-unused-function -Wno-unused-label -Wno-unused-parameter -Wno-unused-variable -Wunused-value -Wno-empty-body -Wno-uninitialized -Wno-unknown-pragmas -w -Wno-shadow -Wno-four-char-constants -Wno-conversion -Wno-constant-conversion -Wno-int-conversion -Wno-bool-conversion -Wno-enum-conversion -Wno-float-conversion -Wno-non-literal-null-conversion -Wno-objc-literal-conversion -Wshorten-64-to-32 -Wpointer-sign -Wno-newline-eof -Wno-selector -Wno-strict-selector-match -Wno-undeclared-selector -Wno-deprecated-implementations -Wno-implicit-fallthrough -isysroot /Applications/Xcode.app/Contents/Developer/Platforms/MacOSX.platform/Developer/SDKs/MacOSX26.4.sdk -fstrict-aliasing -Wprotocol -Wdeprecated-declarations -Wno-sign-conversion -Wno-infinite-recursion -Wno-comma -Wno-block-capture-autoreleasing -Wno-strict-prototypes -Wno-semicolon-before-method-body @/Users/jasonlee/Library/Developer/Xcode/DerivedData/Notch-ddzsfiyxyoauidejndllmosklbkq/Build/Intermediates.noindex/PLCrashReporter.build/Release/CrashReporter.build/Objects-normal/arm64/e6072d4f65d7061329687fe24e3d63a7-common-args.resp -include /Users/jasonlee/Library/Developer/Xcode/DerivedData/Notch-ddzsfiyxyoauidejndllmosklbkq/Build/Intermediates.noindex/PLCrashReporter.build/Release/CrashReporter.build/DerivedSources/resource_bundle_accessor.h -MMD -MT dependencies -MF /Users/jasonlee/Library/Developer/Xcode/DerivedData/Notch-ddzsfiyxyoauidejndllmosklbkq/Build/Intermediates.noindex/PLCrashReporter.build/Release/CrashReporter.build/Objects-normal/arm64/CrashReporter.d --serialize-diagnostics /Users/jasonlee/Library/Developer/Xcode/DerivedData/Notch-ddzsfiyxyoauidejndllmosklbkq/Build/Intermediates.noindex/PLCrashReporter.build/Release/CrashReporter.build/Objects-normal/arm64/CrashReporter.dia -c /Users/jasonlee/Library/Developer/Xcode/DerivedData/Notch-ddzsfiyxyoauidejndllmosklbkq/SourcePackages/checkouts/plcrashreporter/Source/CrashReporter.m -o /Users/jasonlee/Library/Developer/Xcode/DerivedData/Notch-ddzsfiyxyoauidejndllmosklbkq/Build/Intermediates.noindex/PLCrashReporter.build/Release/CrashReporter.build/Objects-normal/arm64/CrashReporter.o

PrecompileModule /Users/jasonlee/Library/Developer/Xcode/DerivedData/Notch-ddzsfiyxyoauidejndllmosklbkq/Build/Intermediates.noindex/ExplicitPrecompiledModules/os_workgroup-5CA5ZV6DZWXPBZLPTHLFWVXD8.scan
    cd /
    builtin-precompileModule /Users/jasonlee/Library/Developer/Xcode/DerivedData/Notch-ddzsfiyxyoauidejndllmosklbkq/Build/Intermediates.noindex/ExplicitPrecompiledModules/os_workgroup-5CA5ZV6DZWXPBZLPTHLFWVXD8.scan

Ld /Users/jasonlee/Library/Developer/Xcode/DerivedData/Notch-ddzsfiyxyoauidejndllmosklbkq/Build/Intermediates.noindex/SkyLightWindow.build/Release/SkyLightWindow.build/Objects-normal/x86_64/Binary/SkyLightWindow.o normal x86_64 (in target 'SkyLightWindow' from project 'SkyLightWindow')
    cd /Users/jasonlee/Library/Developer/Xcode/DerivedData/Notch-ddzsfiyxyoauidejndllmosklbkq/SourcePackages/checkouts/SkyLightWindow
    /Applications/Xcode.app/Contents/Developer/Toolchains/XcodeDefault.xctoolchain/usr/bin/clang -Xlinker -reproducible -target x86_64-apple-macos11.0 -r -isysroot /Applications/Xcode.app/Contents/Developer/Platforms/MacOSX.platform/Developer/SDKs/MacOSX26.4.sdk -Os -w -F/Users/jasonlee/Library/Developer/Xcode/DerivedData/Notch-ddzsfiyxyoauidejndllmosklbkq/Build/Intermediates.noindex/EagerLinkingTBDs/Release -F/Users/jasonlee/Library/Developer/Xcode/DerivedData/Notch-ddzsfiyxyoauidejndllmosklbkq/Build/Products/Release -iframework /Applications/Xcode.app/Contents/Developer/Platforms/MacOSX.platform/Developer/Library/Frameworks -filelist /Users/jasonlee/Library/Developer/Xcode/DerivedData/Notch-ddzsfiyxyoauidejndllmosklbkq/Build/Intermediates.noindex/SkyLightWindow.build/Release/SkyLightWindow.build/Objects-normal/x86_64/SkyLightWindow.LinkFileList -nostdlib -Xlinker -object_path_lto -Xlinker /Users/jasonlee/Library/Developer/Xcode/DerivedData/Notch-ddzsfiyxyoauidejndllmosklbkq/Build/Intermediates.noindex/SkyLightWindow.build/Release/SkyLightWindow.build/Objects-normal/x86_64/SkyLightWindow_lto.o -Xlinker -debug_variant -Xlinker -dependency_info -Xlinker /Users/jasonlee/Library/Developer/Xcode/DerivedData/Notch-ddzsfiyxyoauidejndllmosklbkq/Build/Intermediates.noindex/SkyLightWindow.build/Release/SkyLightWindow.build/Objects-normal/x86_64/SkyLightWindow_dependency_info.dat -fobjc-link-runtime -L/Applications/Xcode.app/Contents/Developer/Toolchains/XcodeDefault.xctoolchain/usr/lib/swift/macosx -L/usr/lib/swift -Xlinker -add_ast_path -Xlinker /Users/jasonlee/Library/Developer/Xcode/DerivedData/Notch-ddzsfiyxyoauidejndllmosklbkq/Build/Intermediates.noindex/SkyLightWindow.build/Release/SkyLightWindow.build/Objects-normal/x86_64/SkyLightWindow.swiftmodule @/Users/jasonlee/Library/Developer/Xcode/DerivedData/Notch-ddzsfiyxyoauidejndllmosklbkq/Build/Intermediates.noindex/SkyLightWindow.build/Release/SkyLightWindow.build/Objects-normal/x86_64/SkyLightWindow-linker-args.resp -o /Users/jasonlee/Library/Developer/Xcode/DerivedData/Notch-ddzsfiyxyoauidejndllmosklbkq/Build/Intermediates.noindex/SkyLightWindow.build/Release/SkyLightWindow.build/Objects-normal/x86_64/Binary/SkyLightWindow.o

Ld /Users/jasonlee/Library/Developer/Xcode/DerivedData/Notch-ddzsfiyxyoauidejndllmosklbkq/Build/Intermediates.noindex/SkyLightWindow.build/Release/SkyLightWindow.build/Objects-normal/arm64/Binary/SkyLightWindow.o normal arm64 (in target 'SkyLightWindow' from project 'SkyLightWindow')
    cd /Users/jasonlee/Library/Developer/Xcode/DerivedData/Notch-ddzsfiyxyoauidejndllmosklbkq/SourcePackages/checkouts/SkyLightWindow
    /Applications/Xcode.app/Contents/Developer/Toolchains/XcodeDefault.xctoolchain/usr/bin/clang -Xlinker -reproducible -target arm64-apple-macos11.0 -r -isysroot /Applications/Xcode.app/Contents/Developer/Platforms/MacOSX.platform/Developer/SDKs/MacOSX26.4.sdk -Os -w -F/Users/jasonlee/Library/Developer/Xcode/DerivedData/Notch-ddzsfiyxyoauidejndllmosklbkq/Build/Intermediates.noindex/EagerLinkingTBDs/Release -F/Users/jasonlee/Library/Developer/Xcode/DerivedData/Notch-ddzsfiyxyoauidejndllmosklbkq/Build/Products/Release -iframework /Applications/Xcode.app/Contents/Developer/Platforms/MacOSX.platform/Developer/Library/Frameworks -filelist /Users/jasonlee/Library/Developer/Xcode/DerivedData/Notch-ddzsfiyxyoauidejndllmosklbkq/Build/Intermediates.noindex/SkyLightWindow.build/Release/SkyLightWindow.build/Objects-normal/arm64/SkyLightWindow.LinkFileList -nostdlib -Xlinker -object_path_lto -Xlinker /Users/jasonlee/Library/Developer/Xcode/DerivedData/Notch-ddzsfiyxyoauidejndllmosklbkq/Build/Intermediates.noindex/SkyLightWindow.build/Release/SkyLightWindow.build/Objects-normal/arm64/SkyLightWindow_lto.o -Xlinker -debug_variant -Xlinker -dependency_info -Xlinker /Users/jasonlee/Library/Developer/Xcode/DerivedData/Notch-ddzsfiyxyoauidejndllmosklbkq/Build/Intermediates.noindex/SkyLightWindow.build/Release/SkyLightWindow.build/Objects-normal/arm64/SkyLightWindow_dependency_info.dat -fobjc-link-runtime -L/Applications/Xcode.app/Contents/Developer/Toolchains/XcodeDefault.xctoolchain/usr/lib/swift/macosx -L/usr/lib/swift -Xlinker -add_ast_path -Xlinker /Users/jasonlee/Library/Developer/Xcode/DerivedData/Notch-ddzsfiyxyoauidejndllmosklbkq/Build/Intermediates.noindex/SkyLightWindow.build/Release/SkyLightWindow.build/Objects-normal/arm64/SkyLightWindow.swiftmodule @/Users/jasonlee/Library/Developer/Xcode/DerivedData/Notch-ddzsfiyxyoauidejndllmosklbkq/Build/Intermediates.noindex/SkyLightWindow.build/Release/SkyLightWindow.build/Objects-normal/arm64/SkyLightWindow-linker-args.resp -o /Users/jasonlee/Library/Developer/Xcode/DerivedData/Notch-ddzsfiyxyoauidejndllmosklbkq/Build/Intermediates.noindex/SkyLightWindow.build/Release/SkyLightWindow.build/Objects-normal/arm64/Binary/SkyLightWindow.o

RegisterExecutionPolicyException /Users/jasonlee/Library/Developer/Xcode/DerivedData/Notch-ddzsfiyxyoauidejndllmosklbkq/Build/Products/Release/phlibwebp.o (in target 'phlibwebp' from project 'PostHog')
    cd /Users/jasonlee/Library/Developer/Xcode/DerivedData/Notch-ddzsfiyxyoauidejndllmosklbkq/SourcePackages/checkouts/posthog-ios
    builtin-RegisterExecutionPolicyException /Users/jasonlee/Library/Developer/Xcode/DerivedData/Notch-ddzsfiyxyoauidejndllmosklbkq/Build/Products/Release/phlibwebp.o

PrecompileModule /Users/jasonlee/Library/Developer/Xcode/DerivedData/Notch-ddzsfiyxyoauidejndllmosklbkq/Build/Intermediates.noindex/ExplicitPrecompiledModules/Dispatch-O16QE8C3GYH1E4RXLLK5NVB2.scan
    cd /
    builtin-precompileModule /Users/jasonlee/Library/Developer/Xcode/DerivedData/Notch-ddzsfiyxyoauidejndllmosklbkq/Build/Intermediates.noindex/ExplicitPrecompiledModules/Dispatch-O16QE8C3GYH1E4RXLLK5NVB2.scan

CreateUniversalBinary /Users/jasonlee/Library/Developer/Xcode/DerivedData/Notch-ddzsfiyxyoauidejndllmosklbkq/Build/Products/Release/SkyLightWindow.o normal arm64\ x86_64 (in target 'SkyLightWindow' from project 'SkyLightWindow')
    cd /Users/jasonlee/Library/Developer/Xcode/DerivedData/Notch-ddzsfiyxyoauidejndllmosklbkq/SourcePackages/checkouts/SkyLightWindow
    /Applications/Xcode.app/Contents/Developer/Toolchains/XcodeDefault.xctoolchain/usr/bin/lipo -create /Users/jasonlee/Library/Developer/Xcode/DerivedData/Notch-ddzsfiyxyoauidejndllmosklbkq/Build/Intermediates.noindex/SkyLightWindow.build/Release/SkyLightWindow.build/Objects-normal/arm64/Binary/SkyLightWindow.o /Users/jasonlee/Library/Developer/Xcode/DerivedData/Notch-ddzsfiyxyoauidejndllmosklbkq/Build/Intermediates.noindex/SkyLightWindow.build/Release/SkyLightWindow.build/Objects-normal/x86_64/Binary/SkyLightWindow.o -output /Users/jasonlee/Library/Developer/Xcode/DerivedData/Notch-ddzsfiyxyoauidejndllmosklbkq/Build/Products/Release/SkyLightWindow.o

ExtractAppIntentsMetadata (in target 'SkyLightWindow' from project 'SkyLightWindow')
    cd /Users/jasonlee/Library/Developer/Xcode/DerivedData/Notch-ddzsfiyxyoauidejndllmosklbkq/SourcePackages/checkouts/SkyLightWindow
    /Applications/Xcode.app/Contents/Developer/Toolchains/XcodeDefault.xctoolchain/usr/bin/appintentsmetadataprocessor --toolchain-dir /Applications/Xcode.app/Contents/Developer/Toolchains/XcodeDefault.xctoolchain --module-name SkyLightWindow --sdk-root /Applications/Xcode.app/Contents/Developer/Platforms/MacOSX.platform/Developer/SDKs/MacOSX26.4.sdk --xcode-version 17E202 --platform-family macOS --deployment-target 11.0 --bundle-identifier skylightwindow.SkyLightWindow --output /Users/jasonlee/Library/Developer/Xcode/DerivedData/Notch-ddzsfiyxyoauidejndllmosklbkq/Build/Products/Release/SkyLightWindow.appintents --target-triple arm64-apple-macos11.0 --target-triple x86_64-apple-macos11.0 --binary-file /Users/jasonlee/Library/Developer/Xcode/DerivedData/Notch-ddzsfiyxyoauidejndllmosklbkq/Build/Products/Release/SkyLightWindow.o --dependency-file /Users/jasonlee/Library/Developer/Xcode/DerivedData/Notch-ddzsfiyxyoauidejndllmosklbkq/Build/Intermediates.noindex/SkyLightWindow.build/Release/SkyLightWindow.build/Objects-normal/arm64/SkyLightWindow_dependency_info.dat --dependency-file /Users/jasonlee/Library/Developer/Xcode/DerivedData/Notch-ddzsfiyxyoauidejndllmosklbkq/Build/Intermediates.noindex/SkyLightWindow.build/Release/SkyLightWindow.build/Objects-normal/x86_64/SkyLightWindow_dependency_info.dat --stringsdata-file /Users/jasonlee/Library/Developer/Xcode/DerivedData/Notch-ddzsfiyxyoauidejndllmosklbkq/Build/Intermediates.noindex/SkyLightWindow.build/Release/SkyLightWindow.build/Objects-normal/arm64/ExtractedAppShortcutsMetadata.stringsdata --stringsdata-file /Users/jasonlee/Library/Developer/Xcode/DerivedData/Notch-ddzsfiyxyoauidejndllmosklbkq/Build/Intermediates.noindex/SkyLightWindow.build/Release/SkyLightWindow.build/Objects-normal/x86_64/ExtractedAppShortcutsMetadata.stringsdata --source-file-list /Users/jasonlee/Library/Developer/Xcode/DerivedData/Notch-ddzsfiyxyoauidejndllmosklbkq/Build/Intermediates.noindex/SkyLightWindow.build/Release/SkyLightWindow.build/Objects-normal/arm64/SkyLightWindow.SwiftFileList --source-file-list /Users/jasonlee/Library/Developer/Xcode/DerivedData/Notch-ddzsfiyxyoauidejndllmosklbkq/Build/Intermediates.noindex/SkyLightWindow.build/Release/SkyLightWindow.build/Objects-normal/x86_64/SkyLightWindow.SwiftFileList --metadata-file-list /Users/jasonlee/Library/Developer/Xcode/DerivedData/Notch-ddzsfiyxyoauidejndllmosklbkq/Build/Intermediates.noindex/SkyLightWindow.build/Release/SkyLightWindow.build/SkyLightWindow.DependencyMetadataFileList --static-metadata-file-list /Users/jasonlee/Library/Developer/Xcode/DerivedData/Notch-ddzsfiyxyoauidejndllmosklbkq/Build/Intermediates.noindex/SkyLightWindow.build/Release/SkyLightWindow.build/SkyLightWindow.DependencyStaticMetadataFileList --swift-const-vals-list /Users/jasonlee/Library/Developer/Xcode/DerivedData/Notch-ddzsfiyxyoauidejndllmosklbkq/Build/Intermediates.noindex/SkyLightWindow.build/Release/SkyLightWindow.build/Objects-normal/arm64/SkyLightWindow.SwiftConstValuesFileList --swift-const-vals-list /Users/jasonlee/Library/Developer/Xcode/DerivedData/Notch-ddzsfiyxyoauidejndllmosklbkq/Build/Intermediates.noindex/SkyLightWindow.build/Release/SkyLightWindow.build/Objects-normal/x86_64/SkyLightWindow.SwiftConstValuesFileList --force --compile-time-extraction --deployment-aware-processing --validate-assistant-intents --no-app-shortcuts-localization
2026-05-06 05:02:50.500 appintentsmetadataprocessor[46357:15830027] Starting appintentsmetadataprocessor export
2026-05-06 05:02:50.512 appintentsmetadataprocessor[46357:15830027] Extracted no relevant App Intents symbols, skipping writing output

PrecompileModule /Users/jasonlee/Library/Developer/Xcode/DerivedData/Notch-ddzsfiyxyoauidejndllmosklbkq/Build/Intermediates.noindex/ExplicitPrecompiledModules/XPC-DXHD923P3Y5KT0FWKX46KZIPZ.scan
    cd /
    builtin-precompileModule /Users/jasonlee/Library/Developer/Xcode/DerivedData/Notch-ddzsfiyxyoauidejndllmosklbkq/Build/Intermediates.noindex/ExplicitPrecompiledModules/XPC-DXHD923P3Y5KT0FWKX46KZIPZ.scan

PrecompileModule /Users/jasonlee/Library/Developer/Xcode/DerivedData/Notch-ddzsfiyxyoauidejndllmosklbkq/Build/Intermediates.noindex/ExplicitPrecompiledModules/DiskArbitration-6A93CX6VH5DTQZH49KTAKKO3Y.scan
    cd /
    builtin-precompileModule /Users/jasonlee/Library/Developer/Xcode/DerivedData/Notch-ddzsfiyxyoauidejndllmosklbkq/Build/Intermediates.noindex/ExplicitPrecompiledModules/DiskArbitration-6A93CX6VH5DTQZH49KTAKKO3Y.scan

PrecompileModule /Users/jasonlee/Library/Developer/Xcode/DerivedData/Notch-ddzsfiyxyoauidejndllmosklbkq/Build/Intermediates.noindex/ExplicitPrecompiledModules/CoreGraphics-BL1TLW7K3AJ4OQLY7MK2W7K8S.scan
    cd /
    builtin-precompileModule /Users/jasonlee/Library/Developer/Xcode/DerivedData/Notch-ddzsfiyxyoauidejndllmosklbkq/Build/Intermediates.noindex/ExplicitPrecompiledModules/CoreGraphics-BL1TLW7K3AJ4OQLY7MK2W7K8S.scan

RegisterExecutionPolicyException /Users/jasonlee/Library/Developer/Xcode/DerivedData/Notch-ddzsfiyxyoauidejndllmosklbkq/Build/Products/Release/SkyLightWindow.o (in target 'SkyLightWindow' from project 'SkyLightWindow')
    cd /Users/jasonlee/Library/Developer/Xcode/DerivedData/Notch-ddzsfiyxyoauidejndllmosklbkq/SourcePackages/checkouts/SkyLightWindow
    builtin-RegisterExecutionPolicyException /Users/jasonlee/Library/Developer/Xcode/DerivedData/Notch-ddzsfiyxyoauidejndllmosklbkq/Build/Products/Release/SkyLightWindow.o

PrecompileModule /Users/jasonlee/Library/Developer/Xcode/DerivedData/Notch-ddzsfiyxyoauidejndllmosklbkq/Build/Intermediates.noindex/ExplicitPrecompiledModules/os-F4DEF30SYBM97TMAJVZQ2S1IV.scan
    cd /
    builtin-precompileModule /Users/jasonlee/Library/Developer/Xcode/DerivedData/Notch-ddzsfiyxyoauidejndllmosklbkq/Build/Intermediates.noindex/ExplicitPrecompiledModules/os-F4DEF30SYBM97TMAJVZQ2S1IV.scan

PrecompileModule /Users/jasonlee/Library/Developer/Xcode/DerivedData/Notch-ddzsfiyxyoauidejndllmosklbkq/Build/Intermediates.noindex/ExplicitPrecompiledModules/Foundation-1Q2ROX0W82I0253EMKL5UVSFW.scan
    cd /
    builtin-precompileModule /Users/jasonlee/Library/Developer/Xcode/DerivedData/Notch-ddzsfiyxyoauidejndllmosklbkq/Build/Intermediates.noindex/ExplicitPrecompiledModules/Foundation-1Q2ROX0W82I0253EMKL5UVSFW.scan

PrecompileModule /Users/jasonlee/Library/Developer/Xcode/DerivedData/Notch-ddzsfiyxyoauidejndllmosklbkq/Build/Intermediates.noindex/ExplicitPrecompiledModules/CoreServices-7VZ5FLC6ZVX33TLWBU4C52W0.scan
    cd /
    builtin-precompileModule /Users/jasonlee/Library/Developer/Xcode/DerivedData/Notch-ddzsfiyxyoauidejndllmosklbkq/Build/Intermediates.noindex/ExplicitPrecompiledModules/CoreServices-7VZ5FLC6ZVX33TLWBU4C52W0.scan

CompileC /Users/jasonlee/Library/Developer/Xcode/DerivedData/Notch-ddzsfiyxyoauidejndllmosklbkq/Build/Intermediates.noindex/PLCrashReporter.build/Release/CrashReporter.build/Objects-normal/arm64/PLCrashAsyncCompactUnwindEncoding.o /Users/jasonlee/Library/Developer/Xcode/DerivedData/Notch-ddzsfiyxyoauidejndllmosklbkq/SourcePackages/checkouts/plcrashreporter/Source/PLCrashAsyncCompactUnwindEncoding.c normal arm64 c com.apple.compilers.llvm.clang.1_0.compiler (in target 'CrashReporter' from project 'PLCrashReporter')
    cd /Users/jasonlee/Coding/App/Notch/Notch.xcodeproj
    
    Using response file: /Users/jasonlee/Library/Developer/Xcode/DerivedData/Notch-ddzsfiyxyoauidejndllmosklbkq/Build/Intermediates.noindex/PLCrashReporter.build/Release/CrashReporter.build/Objects-normal/arm64/7187679823f38a2a940e0043cdf9d637-common-args.resp
    
    /Applications/Xcode.app/Contents/Developer/Toolchains/XcodeDefault.xctoolchain/usr/bin/clang -x c -ivfsstatcache /Users/jasonlee/Library/Developer/Xcode/DerivedData/SDKStatCaches.noindex/macosx26.4-25E251-30f9ca8789b706f8bd3fc906a70d770f.sdkstatcache -target arm64-apple-macos10.13 -fmessage-length\=0 -fdiagnostics-show-note-include-stack -fmacro-backtrace-limit\=0 -fno-color-diagnostics -fmodules-prune-interval\=86400 -fmodules-prune-after\=345600 -fbuild-session-file\=/Users/jasonlee/Library/Developer/Xcode/DerivedData/ModuleCache.noindex/Session.modulevalidation -fmodules-validate-once-per-build-session -Wnon-modular-include-in-framework-module -Werror\=non-modular-include-in-framework-module -Wno-trigraphs -Wno-missing-field-initializers -Wno-missing-prototypes -Wno-return-type -Wno-missing-braces -Wparentheses -Wswitch -Wno-unused-function -Wno-unused-label -Wno-unused-parameter -Wno-unused-variable -Wunused-value -Wno-empty-body -Wno-uninitialized -Wno-unknown-pragmas -w -Wno-shadow -Wno-four-char-constants -Wno-conversion -Wno-constant-conversion -Wno-int-conversion -Wno-bool-conversion -Wno-enum-conversion -Wno-float-conversion -Wno-non-literal-null-conversion -Wno-objc-literal-conversion -Wshorten-64-to-32 -Wpointer-sign -Wno-newline-eof -Wno-implicit-fallthrough -isysroot /Applications/Xcode.app/Contents/Developer/Platforms/MacOSX.platform/Developer/SDKs/MacOSX26.4.sdk -fstrict-aliasing -Wdeprecated-declarations -Wno-sign-conversion -Wno-infinite-recursion -Wno-comma -Wno-block-capture-autoreleasing -Wno-strict-prototypes -Wno-semicolon-before-method-body @/Users/jasonlee/Library/Developer/Xcode/DerivedData/Notch-ddzsfiyxyoauidejndllmosklbkq/Build/Intermediates.noindex/PLCrashReporter.build/Release/CrashReporter.build/Objects-normal/arm64/7187679823f38a2a940e0043cdf9d637-common-args.resp -MMD -MT dependencies -MF /Users/jasonlee/Library/Developer/Xcode/DerivedData/Notch-ddzsfiyxyoauidejndllmosklbkq/Build/Intermediates.noindex/PLCrashReporter.build/Release/CrashReporter.build/Objects-normal/arm64/PLCrashAsyncCompactUnwindEncoding.d --serialize-diagnostics /Users/jasonlee/Library/Developer/Xcode/DerivedData/Notch-ddzsfiyxyoauidejndllmosklbkq/Build/Intermediates.noindex/PLCrashReporter.build/Release/CrashReporter.build/Objects-normal/arm64/PLCrashAsyncCompactUnwindEncoding.dia -c /Users/jasonlee/Library/Developer/Xcode/DerivedData/Notch-ddzsfiyxyoauidejndllmosklbkq/SourcePackages/checkouts/plcrashreporter/Source/PLCrashAsyncCompactUnwindEncoding.c -o /Users/jasonlee/Library/Developer/Xcode/DerivedData/Notch-ddzsfiyxyoauidejndllmosklbkq/Build/Intermediates.noindex/PLCrashReporter.build/Release/CrashReporter.build/Objects-normal/arm64/PLCrashAsyncCompactUnwindEncoding.o

PrecompileModule /Users/jasonlee/Library/Developer/Xcode/DerivedData/Notch-ddzsfiyxyoauidejndllmosklbkq/Build/Intermediates.noindex/ExplicitPrecompiledModules/Foundation-DAGX1RMPYYT63IHW54JJ8GFR6.scan
    cd /
    builtin-precompileModule /Users/jasonlee/Library/Developer/Xcode/DerivedData/Notch-ddzsfiyxyoauidejndllmosklbkq/Build/Intermediates.noindex/ExplicitPrecompiledModules/Foundation-DAGX1RMPYYT63IHW54JJ8GFR6.scan

CompileC /Users/jasonlee/Library/Developer/Xcode/DerivedData/Notch-ddzsfiyxyoauidejndllmosklbkq/Build/Intermediates.noindex/PLCrashReporter.build/Release/CrashReporter.build/Objects-normal/x86_64/PLCrashLogWriter.o /Users/jasonlee/Library/Developer/Xcode/DerivedData/Notch-ddzsfiyxyoauidejndllmosklbkq/SourcePackages/checkouts/plcrashreporter/Source/PLCrashLogWriter.m normal x86_64 objective-c com.apple.compilers.llvm.clang.1_0.compiler (in target 'CrashReporter' from project 'PLCrashReporter')
    cd /Users/jasonlee/Coding/App/Notch/Notch.xcodeproj
    
    Using response file: /Users/jasonlee/Library/Developer/Xcode/DerivedData/Notch-ddzsfiyxyoauidejndllmosklbkq/Build/Intermediates.noindex/PLCrashReporter.build/Release/CrashReporter.build/Objects-normal/x86_64/e6072d4f65d7061329687fe24e3d63a7-common-args.resp
    
    /Applications/Xcode.app/Contents/Developer/Toolchains/XcodeDefault.xctoolchain/usr/bin/clang -x objective-c -ivfsstatcache /Users/jasonlee/Library/Developer/Xcode/DerivedData/SDKStatCaches.noindex/macosx26.4-25E251-30f9ca8789b706f8bd3fc906a70d770f.sdkstatcache -target x86_64-apple-macos10.13 -fmessage-length\=0 -fdiagnostics-show-note-include-stack -fmacro-backtrace-limit\=0 -fno-color-diagnostics -fmodules-prune-interval\=86400 -fmodules-prune-after\=345600 -fbuild-session-file\=/Users/jasonlee/Library/Developer/Xcode/DerivedData/ModuleCache.noindex/Session.modulevalidation -fmodules-validate-once-per-build-session -Wnon-modular-include-in-framework-module -Werror\=non-modular-include-in-framework-module -Wno-trigraphs -Wno-missing-field-initializers -Wno-missing-prototypes -Wno-return-type -Wno-implicit-atomic-properties -Wno-objc-interface-ivars -Wno-arc-repeated-use-of-weak -Wno-missing-braces -Wparentheses -Wswitch -Wno-unused-function -Wno-unused-label -Wno-unused-parameter -Wno-unused-variable -Wunused-value -Wno-empty-body -Wno-uninitialized -Wno-unknown-pragmas -w -Wno-shadow -Wno-four-char-constants -Wno-conversion -Wno-constant-conversion -Wno-int-conversion -Wno-bool-conversion -Wno-enum-conversion -Wno-float-conversion -Wno-non-literal-null-conversion -Wno-objc-literal-conversion -Wshorten-64-to-32 -Wpointer-sign -Wno-newline-eof -Wno-selector -Wno-strict-selector-match -Wno-undeclared-selector -Wno-deprecated-implementations -Wno-implicit-fallthrough -isysroot /Applications/Xcode.app/Contents/Developer/Platforms/MacOSX.platform/Developer/SDKs/MacOSX26.4.sdk -fstrict-aliasing -Wprotocol -Wdeprecated-declarations -Wno-sign-conversion -Wno-infinite-recursion -Wno-comma -Wno-block-capture-autoreleasing -Wno-strict-prototypes -Wno-semicolon-before-method-body @/Users/jasonlee/Library/Developer/Xcode/DerivedData/Notch-ddzsfiyxyoauidejndllmosklbkq/Build/Intermediates.noindex/PLCrashReporter.build/Release/CrashReporter.build/Objects-normal/x86_64/e6072d4f65d7061329687fe24e3d63a7-common-args.resp -include /Users/jasonlee/Library/Developer/Xcode/DerivedData/Notch-ddzsfiyxyoauidejndllmosklbkq/Build/Intermediates.noindex/PLCrashReporter.build/Release/CrashReporter.build/DerivedSources/resource_bundle_accessor.h -MMD -MT dependencies -MF /Users/jasonlee/Library/Developer/Xcode/DerivedData/Notch-ddzsfiyxyoauidejndllmosklbkq/Build/Intermediates.noindex/PLCrashReporter.build/Release/CrashReporter.build/Objects-normal/x86_64/PLCrashLogWriter.d --serialize-diagnostics /Users/jasonlee/Library/Developer/Xcode/DerivedData/Notch-ddzsfiyxyoauidejndllmosklbkq/Build/Intermediates.noindex/PLCrashReporter.build/Release/CrashReporter.build/Objects-normal/x86_64/PLCrashLogWriter.dia -c /Users/jasonlee/Library/Developer/Xcode/DerivedData/Notch-ddzsfiyxyoauidejndllmosklbkq/SourcePackages/checkouts/plcrashreporter/Source/PLCrashLogWriter.m -o /Users/jasonlee/Library/Developer/Xcode/DerivedData/Notch-ddzsfiyxyoauidejndllmosklbkq/Build/Intermediates.noindex/PLCrashReporter.build/Release/CrashReporter.build/Objects-normal/x86_64/PLCrashLogWriter.o

CompileC /Users/jasonlee/Library/Developer/Xcode/DerivedData/Notch-ddzsfiyxyoauidejndllmosklbkq/Build/Intermediates.noindex/PLCrashReporter.build/Release/CrashReporter.build/Objects-normal/x86_64/resource_bundle_accessor.o /Users/jasonlee/Library/Developer/Xcode/DerivedData/Notch-ddzsfiyxyoauidejndllmosklbkq/Build/Intermediates.noindex/PLCrashReporter.build/Release/CrashReporter.build/DerivedSources/resource_bundle_accessor.m normal x86_64 objective-c com.apple.compilers.llvm.clang.1_0.compiler (in target 'CrashReporter' from project 'PLCrashReporter')
    cd /Users/jasonlee/Coding/App/Notch/Notch.xcodeproj
    
    Using response file: /Users/jasonlee/Library/Developer/Xcode/DerivedData/Notch-ddzsfiyxyoauidejndllmosklbkq/Build/Intermediates.noindex/PLCrashReporter.build/Release/CrashReporter.build/Objects-normal/x86_64/e6072d4f65d7061329687fe24e3d63a7-common-args.resp
    
    /Applications/Xcode.app/Contents/Developer/Toolchains/XcodeDefault.xctoolchain/usr/bin/clang -x objective-c -ivfsstatcache /Users/jasonlee/Library/Developer/Xcode/DerivedData/SDKStatCaches.noindex/macosx26.4-25E251-30f9ca8789b706f8bd3fc906a70d770f.sdkstatcache -target x86_64-apple-macos10.13 -fmessage-length\=0 -fdiagnostics-show-note-include-stack -fmacro-backtrace-limit\=0 -fno-color-diagnostics -fmodules-prune-interval\=86400 -fmodules-prune-after\=345600 -fbuild-session-file\=/Users/jasonlee/Library/Developer/Xcode/DerivedData/ModuleCache.noindex/Session.modulevalidation -fmodules-validate-once-per-build-session -Wnon-modular-include-in-framework-module -Werror\=non-modular-include-in-framework-module -Wno-trigraphs -Wno-missing-field-initializers -Wno-missing-prototypes -Wno-return-type -Wno-implicit-atomic-properties -Wno-objc-interface-ivars -Wno-arc-repeated-use-of-weak -Wno-missing-braces -Wparentheses -Wswitch -Wno-unused-function -Wno-unused-label -Wno-unused-parameter -Wno-unused-variable -Wunused-value -Wno-empty-body -Wno-uninitialized -Wno-unknown-pragmas -w -Wno-shadow -Wno-four-char-constants -Wno-conversion -Wno-constant-conversion -Wno-int-conversion -Wno-bool-conversion -Wno-enum-conversion -Wno-float-conversion -Wno-non-literal-null-conversion -Wno-objc-literal-conversion -Wshorten-64-to-32 -Wpointer-sign -Wno-newline-eof -Wno-selector -Wno-strict-selector-match -Wno-undeclared-selector -Wno-deprecated-implementations -Wno-implicit-fallthrough -isysroot /Applications/Xcode.app/Contents/Developer/Platforms/MacOSX.platform/Developer/SDKs/MacOSX26.4.sdk -fstrict-aliasing -Wprotocol -Wdeprecated-declarations -Wno-sign-conversion -Wno-infinite-recursion -Wno-comma -Wno-block-capture-autoreleasing -Wno-strict-prototypes -Wno-semicolon-before-method-body @/Users/jasonlee/Library/Developer/Xcode/DerivedData/Notch-ddzsfiyxyoauidejndllmosklbkq/Build/Intermediates.noindex/PLCrashReporter.build/Release/CrashReporter.build/Objects-normal/x86_64/e6072d4f65d7061329687fe24e3d63a7-common-args.resp -include /Users/jasonlee/Library/Developer/Xcode/DerivedData/Notch-ddzsfiyxyoauidejndllmosklbkq/Build/Intermediates.noindex/PLCrashReporter.build/Release/CrashReporter.build/DerivedSources/resource_bundle_accessor.h -MMD -MT dependencies -MF /Users/jasonlee/Library/Developer/Xcode/DerivedData/Notch-ddzsfiyxyoauidejndllmosklbkq/Build/Intermediates.noindex/PLCrashReporter.build/Release/CrashReporter.build/Objects-normal/x86_64/resource_bundle_accessor.d --serialize-diagnostics /Users/jasonlee/Library/Developer/Xcode/DerivedData/Notch-ddzsfiyxyoauidejndllmosklbkq/Build/Intermediates.noindex/PLCrashReporter.build/Release/CrashReporter.build/Objects-normal/x86_64/resource_bundle_accessor.dia -c /Users/jasonlee/Library/Developer/Xcode/DerivedData/Notch-ddzsfiyxyoauidejndllmosklbkq/Build/Intermediates.noindex/PLCrashReporter.build/Release/CrashReporter.build/DerivedSources/resource_bundle_accessor.m -o /Users/jasonlee/Library/Developer/Xcode/DerivedData/Notch-ddzsfiyxyoauidejndllmosklbkq/Build/Intermediates.noindex/PLCrashReporter.build/Release/CrashReporter.build/Objects-normal/x86_64/resource_bundle_accessor.o

CompileC /Users/jasonlee/Library/Developer/Xcode/DerivedData/Notch-ddzsfiyxyoauidejndllmosklbkq/Build/Intermediates.noindex/PLCrashReporter.build/Release/CrashReporter.build/Objects-normal/x86_64/PLCrashReporterNSError.o /Users/jasonlee/Library/Developer/Xcode/DerivedData/Notch-ddzsfiyxyoauidejndllmosklbkq/SourcePackages/checkouts/plcrashreporter/Source/PLCrashReporterNSError.m normal x86_64 objective-c com.apple.compilers.llvm.clang.1_0.compiler (in target 'CrashReporter' from project 'PLCrashReporter')
    cd /Users/jasonlee/Coding/App/Notch/Notch.xcodeproj
    
    Using response file: /Users/jasonlee/Library/Developer/Xcode/DerivedData/Notch-ddzsfiyxyoauidejndllmosklbkq/Build/Intermediates.noindex/PLCrashReporter.build/Release/CrashReporter.build/Objects-normal/x86_64/e6072d4f65d7061329687fe24e3d63a7-common-args.resp
    
    /Applications/Xcode.app/Contents/Developer/Toolchains/XcodeDefault.xctoolchain/usr/bin/clang -x objective-c -ivfsstatcache /Users/jasonlee/Library/Developer/Xcode/DerivedData/SDKStatCaches.noindex/macosx26.4-25E251-30f9ca8789b706f8bd3fc906a70d770f.sdkstatcache -target x86_64-apple-macos10.13 -fmessage-length\=0 -fdiagnostics-show-note-include-stack -fmacro-backtrace-limit\=0 -fno-color-diagnostics -fmodules-prune-interval\=86400 -fmodules-prune-after\=345600 -fbuild-session-file\=/Users/jasonlee/Library/Developer/Xcode/DerivedData/ModuleCache.noindex/Session.modulevalidation -fmodules-validate-once-per-build-session -Wnon-modular-include-in-framework-module -Werror\=non-modular-include-in-framework-module -Wno-trigraphs -Wno-missing-field-initializers -Wno-missing-prototypes -Wno-return-type -Wno-implicit-atomic-properties -Wno-objc-interface-ivars -Wno-arc-repeated-use-of-weak -Wno-missing-braces -Wparentheses -Wswitch -Wno-unused-function -Wno-unused-label -Wno-unused-parameter -Wno-unused-variable -Wunused-value -Wno-empty-body -Wno-uninitialized -Wno-unknown-pragmas -w -Wno-shadow -Wno-four-char-constants -Wno-conversion -Wno-constant-conversion -Wno-int-conversion -Wno-bool-conversion -Wno-enum-conversion -Wno-float-conversion -Wno-non-literal-null-conversion -Wno-objc-literal-conversion -Wshorten-64-to-32 -Wpointer-sign -Wno-newline-eof -Wno-selector -Wno-strict-selector-match -Wno-undeclared-selector -Wno-deprecated-implementations -Wno-implicit-fallthrough -isysroot /Applications/Xcode.app/Contents/Developer/Platforms/MacOSX.platform/Developer/SDKs/MacOSX26.4.sdk -fstrict-aliasing -Wprotocol -Wdeprecated-declarations -Wno-sign-conversion -Wno-infinite-recursion -Wno-comma -Wno-block-capture-autoreleasing -Wno-strict-prototypes -Wno-semicolon-before-method-body @/Users/jasonlee/Library/Developer/Xcode/DerivedData/Notch-ddzsfiyxyoauidejndllmosklbkq/Build/Intermediates.noindex/PLCrashReporter.build/Release/CrashReporter.build/Objects-normal/x86_64/e6072d4f65d7061329687fe24e3d63a7-common-args.resp -include /Users/jasonlee/Library/Developer/Xcode/DerivedData/Notch-ddzsfiyxyoauidejndllmosklbkq/Build/Intermediates.noindex/PLCrashReporter.build/Release/CrashReporter.build/DerivedSources/resource_bundle_accessor.h -MMD -MT dependencies -MF /Users/jasonlee/Library/Developer/Xcode/DerivedData/Notch-ddzsfiyxyoauidejndllmosklbkq/Build/Intermediates.noindex/PLCrashReporter.build/Release/CrashReporter.build/Objects-normal/x86_64/PLCrashReporterNSError.d --serialize-diagnostics /Users/jasonlee/Library/Developer/Xcode/DerivedData/Notch-ddzsfiyxyoauidejndllmosklbkq/Build/Intermediates.noindex/PLCrashReporter.build/Release/CrashReporter.build/Objects-normal/x86_64/PLCrashReporterNSError.dia -c /Users/jasonlee/Library/Developer/Xcode/DerivedData/Notch-ddzsfiyxyoauidejndllmosklbkq/SourcePackages/checkouts/plcrashreporter/Source/PLCrashReporterNSError.m -o /Users/jasonlee/Library/Developer/Xcode/DerivedData/Notch-ddzsfiyxyoauidejndllmosklbkq/Build/Intermediates.noindex/PLCrashReporter.build/Release/CrashReporter.build/Objects-normal/x86_64/PLCrashReporterNSError.o

CompileC /Users/jasonlee/Library/Developer/Xcode/DerivedData/Notch-ddzsfiyxyoauidejndllmosklbkq/Build/Intermediates.noindex/PLCrashReporter.build/Release/CrashReporter.build/Objects-normal/x86_64/PLCrashReporter.o /Users/jasonlee/Library/Developer/Xcode/DerivedData/Notch-ddzsfiyxyoauidejndllmosklbkq/SourcePackages/checkouts/plcrashreporter/Source/PLCrashReporter.m normal x86_64 objective-c com.apple.compilers.llvm.clang.1_0.compiler (in target 'CrashReporter' from project 'PLCrashReporter')
    cd /Users/jasonlee/Coding/App/Notch/Notch.xcodeproj
    
    Using response file: /Users/jasonlee/Library/Developer/Xcode/DerivedData/Notch-ddzsfiyxyoauidejndllmosklbkq/Build/Intermediates.noindex/PLCrashReporter.build/Release/CrashReporter.build/Objects-normal/x86_64/e6072d4f65d7061329687fe24e3d63a7-common-args.resp
    
    /Applications/Xcode.app/Contents/Developer/Toolchains/XcodeDefault.xctoolchain/usr/bin/clang -x objective-c -ivfsstatcache /Users/jasonlee/Library/Developer/Xcode/DerivedData/SDKStatCaches.noindex/macosx26.4-25E251-30f9ca8789b706f8bd3fc906a70d770f.sdkstatcache -target x86_64-apple-macos10.13 -fmessage-length\=0 -fdiagnostics-show-note-include-stack -fmacro-backtrace-limit\=0 -fno-color-diagnostics -fmodules-prune-interval\=86400 -fmodules-prune-after\=345600 -fbuild-session-file\=/Users/jasonlee/Library/Developer/Xcode/DerivedData/ModuleCache.noindex/Session.modulevalidation -fmodules-validate-once-per-build-session -Wnon-modular-include-in-framework-module -Werror\=non-modular-include-in-framework-module -Wno-trigraphs -Wno-missing-field-initializers -Wno-missing-prototypes -Wno-return-type -Wno-implicit-atomic-properties -Wno-objc-interface-ivars -Wno-arc-repeated-use-of-weak -Wno-missing-braces -Wparentheses -Wswitch -Wno-unused-function -Wno-unused-label -Wno-unused-parameter -Wno-unused-variable -Wunused-value -Wno-empty-body -Wno-uninitialized -Wno-unknown-pragmas -w -Wno-shadow -Wno-four-char-constants -Wno-conversion -Wno-constant-conversion -Wno-int-conversion -Wno-bool-conversion -Wno-enum-conversion -Wno-float-conversion -Wno-non-literal-null-conversion -Wno-objc-literal-conversion -Wshorten-64-to-32 -Wpointer-sign -Wno-newline-eof -Wno-selector -Wno-strict-selector-match -Wno-undeclared-selector -Wno-deprecated-implementations -Wno-implicit-fallthrough -isysroot /Applications/Xcode.app/Contents/Developer/Platforms/MacOSX.platform/Developer/SDKs/MacOSX26.4.sdk -fstrict-aliasing -Wprotocol -Wdeprecated-declarations -Wno-sign-conversion -Wno-infinite-recursion -Wno-comma -Wno-block-capture-autoreleasing -Wno-strict-prototypes -Wno-semicolon-before-method-body @/Users/jasonlee/Library/Developer/Xcode/DerivedData/Notch-ddzsfiyxyoauidejndllmosklbkq/Build/Intermediates.noindex/PLCrashReporter.build/Release/CrashReporter.build/Objects-normal/x86_64/e6072d4f65d7061329687fe24e3d63a7-common-args.resp -include /Users/jasonlee/Library/Developer/Xcode/DerivedData/Notch-ddzsfiyxyoauidejndllmosklbkq/Build/Intermediates.noindex/PLCrashReporter.build/Release/CrashReporter.build/DerivedSources/resource_bundle_accessor.h -MMD -MT dependencies -MF /Users/jasonlee/Library/Developer/Xcode/DerivedData/Notch-ddzsfiyxyoauidejndllmosklbkq/Build/Intermediates.noindex/PLCrashReporter.build/Release/CrashReporter.build/Objects-normal/x86_64/PLCrashReporter.d --serialize-diagnostics /Users/jasonlee/Library/Developer/Xcode/DerivedData/Notch-ddzsfiyxyoauidejndllmosklbkq/Build/Intermediates.noindex/PLCrashReporter.build/Release/CrashReporter.build/Objects-normal/x86_64/PLCrashReporter.dia -c /Users/jasonlee/Library/Developer/Xcode/DerivedData/Notch-ddzsfiyxyoauidejndllmosklbkq/SourcePackages/checkouts/plcrashreporter/Source/PLCrashReporter.m -o /Users/jasonlee/Library/Developer/Xcode/DerivedData/Notch-ddzsfiyxyoauidejndllmosklbkq/Build/Intermediates.noindex/PLCrashReporter.build/Release/CrashReporter.build/Objects-normal/x86_64/PLCrashReporter.o

CompileC /Users/jasonlee/Library/Developer/Xcode/DerivedData/Notch-ddzsfiyxyoauidejndllmosklbkq/Build/Intermediates.noindex/PLCrashReporter.build/Release/CrashReporter.build/Objects-normal/x86_64/PLCrashReportThreadInfo.o /Users/jasonlee/Library/Developer/Xcode/DerivedData/Notch-ddzsfiyxyoauidejndllmosklbkq/SourcePackages/checkouts/plcrashreporter/Source/PLCrashReportThreadInfo.m normal x86_64 objective-c com.apple.compilers.llvm.clang.1_0.compiler (in target 'CrashReporter' from project 'PLCrashReporter')
    cd /Users/jasonlee/Coding/App/Notch/Notch.xcodeproj
    
    Using response file: /Users/jasonlee/Library/Developer/Xcode/DerivedData/Notch-ddzsfiyxyoauidejndllmosklbkq/Build/Intermediates.noindex/PLCrashReporter.build/Release/CrashReporter.build/Objects-normal/x86_64/e6072d4f65d7061329687fe24e3d63a7-common-args.resp
    
    /Applications/Xcode.app/Contents/Developer/Toolchains/XcodeDefault.xctoolchain/usr/bin/clang -x objective-c -ivfsstatcache /Users/jasonlee/Library/Developer/Xcode/DerivedData/SDKStatCaches.noindex/macosx26.4-25E251-30f9ca8789b706f8bd3fc906a70d770f.sdkstatcache -target x86_64-apple-macos10.13 -fmessage-length\=0 -fdiagnostics-show-note-include-stack -fmacro-backtrace-limit\=0 -fno-color-diagnostics -fmodules-prune-interval\=86400 -fmodules-prune-after\=345600 -fbuild-session-file\=/Users/jasonlee/Library/Developer/Xcode/DerivedData/ModuleCache.noindex/Session.modulevalidation -fmodules-validate-once-per-build-session -Wnon-modular-include-in-framework-module -Werror\=non-modular-include-in-framework-module -Wno-trigraphs -Wno-missing-field-initializers -Wno-missing-prototypes -Wno-return-type -Wno-implicit-atomic-properties -Wno-objc-interface-ivars -Wno-arc-repeated-use-of-weak -Wno-missing-braces -Wparentheses -Wswitch -Wno-unused-function -Wno-unused-label -Wno-unused-parameter -Wno-unused-variable -Wunused-value -Wno-empty-body -Wno-uninitialized -Wno-unknown-pragmas -w -Wno-shadow -Wno-four-char-constants -Wno-conversion -Wno-constant-conversion -Wno-int-conversion -Wno-bool-conversion -Wno-enum-conversion -Wno-float-conversion -Wno-non-literal-null-conversion -Wno-objc-literal-conversion -Wshorten-64-to-32 -Wpointer-sign -Wno-newline-eof -Wno-selector -Wno-strict-selector-match -Wno-undeclared-selector -Wno-deprecated-implementations -Wno-implicit-fallthrough -isysroot /Applications/Xcode.app/Contents/Developer/Platforms/MacOSX.platform/Developer/SDKs/MacOSX26.4.sdk -fstrict-aliasing -Wprotocol -Wdeprecated-declarations -Wno-sign-conversion -Wno-infinite-recursion -Wno-comma -Wno-block-capture-autoreleasing -Wno-strict-prototypes -Wno-semicolon-before-method-body @/Users/jasonlee/Library/Developer/Xcode/DerivedData/Notch-ddzsfiyxyoauidejndllmosklbkq/Build/Intermediates.noindex/PLCrashReporter.build/Release/CrashReporter.build/Objects-normal/x86_64/e6072d4f65d7061329687fe24e3d63a7-common-args.resp -include /Users/jasonlee/Library/Developer/Xcode/DerivedData/Notch-ddzsfiyxyoauidejndllmosklbkq/Build/Intermediates.noindex/PLCrashReporter.build/Release/CrashReporter.build/DerivedSources/resource_bundle_accessor.h -MMD -MT dependencies -MF /Users/jasonlee/Library/Developer/Xcode/DerivedData/Notch-ddzsfiyxyoauidejndllmosklbkq/Build/Intermediates.noindex/PLCrashReporter.build/Release/CrashReporter.build/Objects-normal/x86_64/PLCrashReportThreadInfo.d --serialize-diagnostics /Users/jasonlee/Library/Developer/Xcode/DerivedData/Notch-ddzsfiyxyoauidejndllmosklbkq/Build/Intermediates.noindex/PLCrashReporter.build/Release/CrashReporter.build/Objects-normal/x86_64/PLCrashReportThreadInfo.dia -c /Users/jasonlee/Library/Developer/Xcode/DerivedData/Notch-ddzsfiyxyoauidejndllmosklbkq/SourcePackages/checkouts/plcrashreporter/Source/PLCrashReportThreadInfo.m -o /Users/jasonlee/Library/Developer/Xcode/DerivedData/Notch-ddzsfiyxyoauidejndllmosklbkq/Build/Intermediates.noindex/PLCrashReporter.build/Release/CrashReporter.build/Objects-normal/x86_64/PLCrashReportThreadInfo.o

CompileC /Users/jasonlee/Library/Developer/Xcode/DerivedData/Notch-ddzsfiyxyoauidejndllmosklbkq/Build/Intermediates.noindex/PLCrashReporter.build/Release/CrashReporter.build/Objects-normal/x86_64/PLCrashUncaughtExceptionHandler.o /Users/jasonlee/Library/Developer/Xcode/DerivedData/Notch-ddzsfiyxyoauidejndllmosklbkq/SourcePackages/checkouts/plcrashreporter/Source/PLCrashUncaughtExceptionHandler.m normal x86_64 objective-c com.apple.compilers.llvm.clang.1_0.compiler (in target 'CrashReporter' from project 'PLCrashReporter')
    cd /Users/jasonlee/Coding/App/Notch/Notch.xcodeproj
    
    Using response file: /Users/jasonlee/Library/Developer/Xcode/DerivedData/Notch-ddzsfiyxyoauidejndllmosklbkq/Build/Intermediates.noindex/PLCrashReporter.build/Release/CrashReporter.build/Objects-normal/x86_64/e6072d4f65d7061329687fe24e3d63a7-common-args.resp
    
    /Applications/Xcode.app/Contents/Developer/Toolchains/XcodeDefault.xctoolchain/usr/bin/clang -x objective-c -ivfsstatcache /Users/jasonlee/Library/Developer/Xcode/DerivedData/SDKStatCaches.noindex/macosx26.4-25E251-30f9ca8789b706f8bd3fc906a70d770f.sdkstatcache -target x86_64-apple-macos10.13 -fmessage-length\=0 -fdiagnostics-show-note-include-stack -fmacro-backtrace-limit\=0 -fno-color-diagnostics -fmodules-prune-interval\=86400 -fmodules-prune-after\=345600 -fbuild-session-file\=/Users/jasonlee/Library/Developer/Xcode/DerivedData/ModuleCache.noindex/Session.modulevalidation -fmodules-validate-once-per-build-session -Wnon-modular-include-in-framework-module -Werror\=non-modular-include-in-framework-module -Wno-trigraphs -Wno-missing-field-initializers -Wno-missing-prototypes -Wno-return-type -Wno-implicit-atomic-properties -Wno-objc-interface-ivars -Wno-arc-repeated-use-of-weak -Wno-missing-braces -Wparentheses -Wswitch -Wno-unused-function -Wno-unused-label -Wno-unused-parameter -Wno-unused-variable -Wunused-value -Wno-empty-body -Wno-uninitialized -Wno-unknown-pragmas -w -Wno-shadow -Wno-four-char-constants -Wno-conversion -Wno-constant-conversion -Wno-int-conversion -Wno-bool-conversion -Wno-enum-conversion -Wno-float-conversion -Wno-non-literal-null-conversion -Wno-objc-literal-conversion -Wshorten-64-to-32 -Wpointer-sign -Wno-newline-eof -Wno-selector -Wno-strict-selector-match -Wno-undeclared-selector -Wno-deprecated-implementations -Wno-implicit-fallthrough -isysroot /Applications/Xcode.app/Contents/Developer/Platforms/MacOSX.platform/Developer/SDKs/MacOSX26.4.sdk -fstrict-aliasing -Wprotocol -Wdeprecated-declarations -Wno-sign-conversion -Wno-infinite-recursion -Wno-comma -Wno-block-capture-autoreleasing -Wno-strict-prototypes -Wno-semicolon-before-method-body @/Users/jasonlee/Library/Developer/Xcode/DerivedData/Notch-ddzsfiyxyoauidejndllmosklbkq/Build/Intermediates.noindex/PLCrashReporter.build/Release/CrashReporter.build/Objects-normal/x86_64/e6072d4f65d7061329687fe24e3d63a7-common-args.resp -include /Users/jasonlee/Library/Developer/Xcode/DerivedData/Notch-ddzsfiyxyoauidejndllmosklbkq/Build/Intermediates.noindex/PLCrashReporter.build/Release/CrashReporter.build/DerivedSources/resource_bundle_accessor.h -MMD -MT dependencies -MF /Users/jasonlee/Library/Developer/Xcode/DerivedData/Notch-ddzsfiyxyoauidejndllmosklbkq/Build/Intermediates.noindex/PLCrashReporter.build/Release/CrashReporter.build/Objects-normal/x86_64/PLCrashUncaughtExceptionHandler.d --serialize-diagnostics /Users/jasonlee/Library/Developer/Xcode/DerivedData/Notch-ddzsfiyxyoauidejndllmosklbkq/Build/Intermediates.noindex/PLCrashReporter.build/Release/CrashReporter.build/Objects-normal/x86_64/PLCrashUncaughtExceptionHandler.dia -c /Users/jasonlee/Library/Developer/Xcode/DerivedData/Notch-ddzsfiyxyoauidejndllmosklbkq/SourcePackages/checkouts/plcrashreporter/Source/PLCrashUncaughtExceptionHandler.m -o /Users/jasonlee/Library/Developer/Xcode/DerivedData/Notch-ddzsfiyxyoauidejndllmosklbkq/Build/Intermediates.noindex/PLCrashReporter.build/Release/CrashReporter.build/Objects-normal/x86_64/PLCrashUncaughtExceptionHandler.o

CompileC /Users/jasonlee/Library/Developer/Xcode/DerivedData/Notch-ddzsfiyxyoauidejndllmosklbkq/Build/Intermediates.noindex/PLCrashReporter.build/Release/CrashReporter.build/Objects-normal/x86_64/PLCrashReporterConfig.o /Users/jasonlee/Library/Developer/Xcode/DerivedData/Notch-ddzsfiyxyoauidejndllmosklbkq/SourcePackages/checkouts/plcrashreporter/Source/PLCrashReporterConfig.m normal x86_64 objective-c com.apple.compilers.llvm.clang.1_0.compiler (in target 'CrashReporter' from project 'PLCrashReporter')
    cd /Users/jasonlee/Coding/App/Notch/Notch.xcodeproj
    
    Using response file: /Users/jasonlee/Library/Developer/Xcode/DerivedData/Notch-ddzsfiyxyoauidejndllmosklbkq/Build/Intermediates.noindex/PLCrashReporter.build/Release/CrashReporter.build/Objects-normal/x86_64/e6072d4f65d7061329687fe24e3d63a7-common-args.resp
    
    /Applications/Xcode.app/Contents/Developer/Toolchains/XcodeDefault.xctoolchain/usr/bin/clang -x objective-c -ivfsstatcache /Users/jasonlee/Library/Developer/Xcode/DerivedData/SDKStatCaches.noindex/macosx26.4-25E251-30f9ca8789b706f8bd3fc906a70d770f.sdkstatcache -target x86_64-apple-macos10.13 -fmessage-length\=0 -fdiagnostics-show-note-include-stack -fmacro-backtrace-limit\=0 -fno-color-diagnostics -fmodules-prune-interval\=86400 -fmodules-prune-after\=345600 -fbuild-session-file\=/Users/jasonlee/Library/Developer/Xcode/DerivedData/ModuleCache.noindex/Session.modulevalidation -fmodules-validate-once-per-build-session -Wnon-modular-include-in-framework-module -Werror\=non-modular-include-in-framework-module -Wno-trigraphs -Wno-missing-field-initializers -Wno-missing-prototypes -Wno-return-type -Wno-implicit-atomic-properties -Wno-objc-interface-ivars -Wno-arc-repeated-use-of-weak -Wno-missing-braces -Wparentheses -Wswitch -Wno-unused-function -Wno-unused-label -Wno-unused-parameter -Wno-unused-variable -Wunused-value -Wno-empty-body -Wno-uninitialized -Wno-unknown-pragmas -w -Wno-shadow -Wno-four-char-constants -Wno-conversion -Wno-constant-conversion -Wno-int-conversion -Wno-bool-conversion -Wno-enum-conversion -Wno-float-conversion -Wno-non-literal-null-conversion -Wno-objc-literal-conversion -Wshorten-64-to-32 -Wpointer-sign -Wno-newline-eof -Wno-selector -Wno-strict-selector-match -Wno-undeclared-selector -Wno-deprecated-implementations -Wno-implicit-fallthrough -isysroot /Applications/Xcode.app/Contents/Developer/Platforms/MacOSX.platform/Developer/SDKs/MacOSX26.4.sdk -fstrict-aliasing -Wprotocol -Wdeprecated-declarations -Wno-sign-conversion -Wno-infinite-recursion -Wno-comma -Wno-block-capture-autoreleasing -Wno-strict-prototypes -Wno-semicolon-before-method-body @/Users/jasonlee/Library/Developer/Xcode/DerivedData/Notch-ddzsfiyxyoauidejndllmosklbkq/Build/Intermediates.noindex/PLCrashReporter.build/Release/CrashReporter.build/Objects-normal/x86_64/e6072d4f65d7061329687fe24e3d63a7-common-args.resp -include /Users/jasonlee/Library/Developer/Xcode/DerivedData/Notch-ddzsfiyxyoauidejndllmosklbkq/Build/Intermediates.noindex/PLCrashReporter.build/Release/CrashReporter.build/DerivedSources/resource_bundle_accessor.h -MMD -MT dependencies -MF /Users/jasonlee/Library/Developer/Xcode/DerivedData/Notch-ddzsfiyxyoauidejndllmosklbkq/Build/Intermediates.noindex/PLCrashReporter.build/Release/CrashReporter.build/Objects-normal/x86_64/PLCrashReporterConfig.d --serialize-diagnostics /Users/jasonlee/Library/Developer/Xcode/DerivedData/Notch-ddzsfiyxyoauidejndllmosklbkq/Build/Intermediates.noindex/PLCrashReporter.build/Release/CrashReporter.build/Objects-normal/x86_64/PLCrashReporterConfig.dia -c /Users/jasonlee/Library/Developer/Xcode/DerivedData/Notch-ddzsfiyxyoauidejndllmosklbkq/SourcePackages/checkouts/plcrashreporter/Source/PLCrashReporterConfig.m -o /Users/jasonlee/Library/Developer/Xcode/DerivedData/Notch-ddzsfiyxyoauidejndllmosklbkq/Build/Intermediates.noindex/PLCrashReporter.build/Release/CrashReporter.build/Objects-normal/x86_64/PLCrashReporterConfig.o

CompileC /Users/jasonlee/Library/Developer/Xcode/DerivedData/Notch-ddzsfiyxyoauidejndllmosklbkq/Build/Intermediates.noindex/PLCrashReporter.build/Release/CrashReporter.build/Objects-normal/x86_64/PLCrashReportTextFormatter.o /Users/jasonlee/Library/Developer/Xcode/DerivedData/Notch-ddzsfiyxyoauidejndllmosklbkq/SourcePackages/checkouts/plcrashreporter/Source/PLCrashReportTextFormatter.m normal x86_64 objective-c com.apple.compilers.llvm.clang.1_0.compiler (in target 'CrashReporter' from project 'PLCrashReporter')
    cd /Users/jasonlee/Coding/App/Notch/Notch.xcodeproj
    
    Using response file: /Users/jasonlee/Library/Developer/Xcode/DerivedData/Notch-ddzsfiyxyoauidejndllmosklbkq/Build/Intermediates.noindex/PLCrashReporter.build/Release/CrashReporter.build/Objects-normal/x86_64/e6072d4f65d7061329687fe24e3d63a7-common-args.resp
    
    /Applications/Xcode.app/Contents/Developer/Toolchains/XcodeDefault.xctoolchain/usr/bin/clang -x objective-c -ivfsstatcache /Users/jasonlee/Library/Developer/Xcode/DerivedData/SDKStatCaches.noindex/macosx26.4-25E251-30f9ca8789b706f8bd3fc906a70d770f.sdkstatcache -target x86_64-apple-macos10.13 -fmessage-length\=0 -fdiagnostics-show-note-include-stack -fmacro-backtrace-limit\=0 -fno-color-diagnostics -fmodules-prune-interval\=86400 -fmodules-prune-after\=345600 -fbuild-session-file\=/Users/jasonlee/Library/Developer/Xcode/DerivedData/ModuleCache.noindex/Session.modulevalidation -fmodules-validate-once-per-build-session -Wnon-modular-include-in-framework-module -Werror\=non-modular-include-in-framework-module -Wno-trigraphs -Wno-missing-field-initializers -Wno-missing-prototypes -Wno-return-type -Wno-implicit-atomic-properties -Wno-objc-interface-ivars -Wno-arc-repeated-use-of-weak -Wno-missing-braces -Wparentheses -Wswitch -Wno-unused-function -Wno-unused-label -Wno-unused-parameter -Wno-unused-variable -Wunused-value -Wno-empty-body -Wno-uninitialized -Wno-unknown-pragmas -w -Wno-shadow -Wno-four-char-constants -Wno-conversion -Wno-constant-conversion -Wno-int-conversion -Wno-bool-conversion -Wno-enum-conversion -Wno-float-conversion -Wno-non-literal-null-conversion -Wno-objc-literal-conversion -Wshorten-64-to-32 -Wpointer-sign -Wno-newline-eof -Wno-selector -Wno-strict-selector-match -Wno-undeclared-selector -Wno-deprecated-implementations -Wno-implicit-fallthrough -isysroot /Applications/Xcode.app/Contents/Developer/Platforms/MacOSX.platform/Developer/SDKs/MacOSX26.4.sdk -fstrict-aliasing -Wprotocol -Wdeprecated-declarations -Wno-sign-conversion -Wno-infinite-recursion -Wno-comma -Wno-block-capture-autoreleasing -Wno-strict-prototypes -Wno-semicolon-before-method-body @/Users/jasonlee/Library/Developer/Xcode/DerivedData/Notch-ddzsfiyxyoauidejndllmosklbkq/Build/Intermediates.noindex/PLCrashReporter.build/Release/CrashReporter.build/Objects-normal/x86_64/e6072d4f65d7061329687fe24e3d63a7-common-args.resp -include /Users/jasonlee/Library/Developer/Xcode/DerivedData/Notch-ddzsfiyxyoauidejndllmosklbkq/Build/Intermediates.noindex/PLCrashReporter.build/Release/CrashReporter.build/DerivedSources/resource_bundle_accessor.h -MMD -MT dependencies -MF /Users/jasonlee/Library/Developer/Xcode/DerivedData/Notch-ddzsfiyxyoauidejndllmosklbkq/Build/Intermediates.noindex/PLCrashReporter.build/Release/CrashReporter.build/Objects-normal/x86_64/PLCrashReportTextFormatter.d --serialize-diagnostics /Users/jasonlee/Library/Developer/Xcode/DerivedData/Notch-ddzsfiyxyoauidejndllmosklbkq/Build/Intermediates.noindex/PLCrashReporter.build/Release/CrashReporter.build/Objects-normal/x86_64/PLCrashReportTextFormatter.dia -c /Users/jasonlee/Library/Developer/Xcode/DerivedData/Notch-ddzsfiyxyoauidejndllmosklbkq/SourcePackages/checkouts/plcrashreporter/Source/PLCrashReportTextFormatter.m -o /Users/jasonlee/Library/Developer/Xcode/DerivedData/Notch-ddzsfiyxyoauidejndllmosklbkq/Build/Intermediates.noindex/PLCrashReporter.build/Release/CrashReporter.build/Objects-normal/x86_64/PLCrashReportTextFormatter.o

CompileC /Users/jasonlee/Library/Developer/Xcode/DerivedData/Notch-ddzsfiyxyoauidejndllmosklbkq/Build/Intermediates.noindex/PLCrashReporter.build/Release/CrashReporter.build/Objects-normal/x86_64/PLCrashReportSystemInfo.o /Users/jasonlee/Library/Developer/Xcode/DerivedData/Notch-ddzsfiyxyoauidejndllmosklbkq/SourcePackages/checkouts/plcrashreporter/Source/PLCrashReportSystemInfo.m normal x86_64 objective-c com.apple.compilers.llvm.clang.1_0.compiler (in target 'CrashReporter' from project 'PLCrashReporter')
    cd /Users/jasonlee/Coding/App/Notch/Notch.xcodeproj
    
    Using response file: /Users/jasonlee/Library/Developer/Xcode/DerivedData/Notch-ddzsfiyxyoauidejndllmosklbkq/Build/Intermediates.noindex/PLCrashReporter.build/Release/CrashReporter.build/Objects-normal/x86_64/e6072d4f65d7061329687fe24e3d63a7-common-args.resp
    
    /Applications/Xcode.app/Contents/Developer/Toolchains/XcodeDefault.xctoolchain/usr/bin/clang -x objective-c -ivfsstatcache /Users/jasonlee/Library/Developer/Xcode/DerivedData/SDKStatCaches.noindex/macosx26.4-25E251-30f9ca8789b706f8bd3fc906a70d770f.sdkstatcache -target x86_64-apple-macos10.13 -fmessage-length\=0 -fdiagnostics-show-note-include-stack -fmacro-backtrace-limit\=0 -fno-color-diagnostics -fmodules-prune-interval\=86400 -fmodules-prune-after\=345600 -fbuild-session-file\=/Users/jasonlee/Library/Developer/Xcode/DerivedData/ModuleCache.noindex/Session.modulevalidation -fmodules-validate-once-per-build-session -Wnon-modular-include-in-framework-module -Werror\=non-modular-include-in-framework-module -Wno-trigraphs -Wno-missing-field-initializers -Wno-missing-prototypes -Wno-return-type -Wno-implicit-atomic-properties -Wno-objc-interface-ivars -Wno-arc-repeated-use-of-weak -Wno-missing-braces -Wparentheses -Wswitch -Wno-unused-function -Wno-unused-label -Wno-unused-parameter -Wno-unused-variable -Wunused-value -Wno-empty-body -Wno-uninitialized -Wno-unknown-pragmas -w -Wno-shadow -Wno-four-char-constants -Wno-conversion -Wno-constant-conversion -Wno-int-conversion -Wno-bool-conversion -Wno-enum-conversion -Wno-float-conversion -Wno-non-literal-null-conversion -Wno-objc-literal-conversion -Wshorten-64-to-32 -Wpointer-sign -Wno-newline-eof -Wno-selector -Wno-strict-selector-match -Wno-undeclared-selector -Wno-deprecated-implementations -Wno-implicit-fallthrough -isysroot /Applications/Xcode.app/Contents/Developer/Platforms/MacOSX.platform/Developer/SDKs/MacOSX26.4.sdk -fstrict-aliasing -Wprotocol -Wdeprecated-declarations -Wno-sign-conversion -Wno-infinite-recursion -Wno-comma -Wno-block-capture-autoreleasing -Wno-strict-prototypes -Wno-semicolon-before-method-body @/Users/jasonlee/Library/Developer/Xcode/DerivedData/Notch-ddzsfiyxyoauidejndllmosklbkq/Build/Intermediates.noindex/PLCrashReporter.build/Release/CrashReporter.build/Objects-normal/x86_64/e6072d4f65d7061329687fe24e3d63a7-common-args.resp -include /Users/jasonlee/Library/Developer/Xcode/DerivedData/Notch-ddzsfiyxyoauidejndllmosklbkq/Build/Intermediates.noindex/PLCrashReporter.build/Release/CrashReporter.build/DerivedSources/resource_bundle_accessor.h -MMD -MT dependencies -MF /Users/jasonlee/Library/Developer/Xcode/DerivedData/Notch-ddzsfiyxyoauidejndllmosklbkq/Build/Intermediates.noindex/PLCrashReporter.build/Release/CrashReporter.build/Objects-normal/x86_64/PLCrashReportSystemInfo.d --serialize-diagnostics /Users/jasonlee/Library/Developer/Xcode/DerivedData/Notch-ddzsfiyxyoauidejndllmosklbkq/Build/Intermediates.noindex/PLCrashReporter.build/Release/CrashReporter.build/Objects-normal/x86_64/PLCrashReportSystemInfo.dia -c /Users/jasonlee/Library/Developer/Xcode/DerivedData/Notch-ddzsfiyxyoauidejndllmosklbkq/SourcePackages/checkouts/plcrashreporter/Source/PLCrashReportSystemInfo.m -o /Users/jasonlee/Library/Developer/Xcode/DerivedData/Notch-ddzsfiyxyoauidejndllmosklbkq/Build/Intermediates.noindex/PLCrashReporter.build/Release/CrashReporter.build/Objects-normal/x86_64/PLCrashReportSystemInfo.o

CompileC /Users/jasonlee/Library/Developer/Xcode/DerivedData/Notch-ddzsfiyxyoauidejndllmosklbkq/Build/Intermediates.noindex/PLCrashReporter.build/Release/CrashReporter.build/Objects-normal/x86_64/PLCrashReportSymbolInfo.o /Users/jasonlee/Library/Developer/Xcode/DerivedData/Notch-ddzsfiyxyoauidejndllmosklbkq/SourcePackages/checkouts/plcrashreporter/Source/PLCrashReportSymbolInfo.m normal x86_64 objective-c com.apple.compilers.llvm.clang.1_0.compiler (in target 'CrashReporter' from project 'PLCrashReporter')
    cd /Users/jasonlee/Coding/App/Notch/Notch.xcodeproj
    
    Using response file: /Users/jasonlee/Library/Developer/Xcode/DerivedData/Notch-ddzsfiyxyoauidejndllmosklbkq/Build/Intermediates.noindex/PLCrashReporter.build/Release/CrashReporter.build/Objects-normal/x86_64/e6072d4f65d7061329687fe24e3d63a7-common-args.resp
    
    /Applications/Xcode.app/Contents/Developer/Toolchains/XcodeDefault.xctoolchain/usr/bin/clang -x objective-c -ivfsstatcache /Users/jasonlee/Library/Developer/Xcode/DerivedData/SDKStatCaches.noindex/macosx26.4-25E251-30f9ca8789b706f8bd3fc906a70d770f.sdkstatcache -target x86_64-apple-macos10.13 -fmessage-length\=0 -fdiagnostics-show-note-include-stack -fmacro-backtrace-limit\=0 -fno-color-diagnostics -fmodules-prune-interval\=86400 -fmodules-prune-after\=345600 -fbuild-session-file\=/Users/jasonlee/Library/Developer/Xcode/DerivedData/ModuleCache.noindex/Session.modulevalidation -fmodules-validate-once-per-build-session -Wnon-modular-include-in-framework-module -Werror\=non-modular-include-in-framework-module -Wno-trigraphs -Wno-missing-field-initializers -Wno-missing-prototypes -Wno-return-type -Wno-implicit-atomic-properties -Wno-objc-interface-ivars -Wno-arc-repeated-use-of-weak -Wno-missing-braces -Wparentheses -Wswitch -Wno-unused-function -Wno-unused-label -Wno-unused-parameter -Wno-unused-variable -Wunused-value -Wno-empty-body -Wno-uninitialized -Wno-unknown-pragmas -w -Wno-shadow -Wno-four-char-constants -Wno-conversion -Wno-constant-conversion -Wno-int-conversion -Wno-bool-conversion -Wno-enum-conversion -Wno-float-conversion -Wno-non-literal-null-conversion -Wno-objc-literal-conversion -Wshorten-64-to-32 -Wpointer-sign -Wno-newline-eof -Wno-selector -Wno-strict-selector-match -Wno-undeclared-selector -Wno-deprecated-implementations -Wno-implicit-fallthrough -isysroot /Applications/Xcode.app/Contents/Developer/Platforms/MacOSX.platform/Developer/SDKs/MacOSX26.4.sdk -fstrict-aliasing -Wprotocol -Wdeprecated-declarations -Wno-sign-conversion -Wno-infinite-recursion -Wno-comma -Wno-block-capture-autoreleasing -Wno-strict-prototypes -Wno-semicolon-before-method-body @/Users/jasonlee/Library/Developer/Xcode/DerivedData/Notch-ddzsfiyxyoauidejndllmosklbkq/Build/Intermediates.noindex/PLCrashReporter.build/Release/CrashReporter.build/Objects-normal/x86_64/e6072d4f65d7061329687fe24e3d63a7-common-args.resp -include /Users/jasonlee/Library/Developer/Xcode/DerivedData/Notch-ddzsfiyxyoauidejndllmosklbkq/Build/Intermediates.noindex/PLCrashReporter.build/Release/CrashReporter.build/DerivedSources/resource_bundle_accessor.h -MMD -MT dependencies -MF /Users/jasonlee/Library/Developer/Xcode/DerivedData/Notch-ddzsfiyxyoauidejndllmosklbkq/Build/Intermediates.noindex/PLCrashReporter.build/Release/CrashReporter.build/Objects-normal/x86_64/PLCrashReportSymbolInfo.d --serialize-diagnostics /Users/jasonlee/Library/Developer/Xcode/DerivedData/Notch-ddzsfiyxyoauidejndllmosklbkq/Build/Intermediates.noindex/PLCrashReporter.build/Release/CrashReporter.build/Objects-normal/x86_64/PLCrashReportSymbolInfo.dia -c /Users/jasonlee/Library/Developer/Xcode/DerivedData/Notch-ddzsfiyxyoauidejndllmosklbkq/SourcePackages/checkouts/plcrashreporter/Source/PLCrashReportSymbolInfo.m -o /Users/jasonlee/Library/Developer/Xcode/DerivedData/Notch-ddzsfiyxyoauidejndllmosklbkq/Build/Intermediates.noindex/PLCrashReporter.build/Release/CrashReporter.build/Objects-normal/x86_64/PLCrashReportSymbolInfo.o

CompileC /Users/jasonlee/Library/Developer/Xcode/DerivedData/Notch-ddzsfiyxyoauidejndllmosklbkq/Build/Intermediates.noindex/PLCrashReporter.build/Release/CrashReporter.build/Objects-normal/x86_64/PLCrashReportStackFrameInfo.o /Users/jasonlee/Library/Developer/Xcode/DerivedData/Notch-ddzsfiyxyoauidejndllmosklbkq/SourcePackages/checkouts/plcrashreporter/Source/PLCrashReportStackFrameInfo.m normal x86_64 objective-c com.apple.compilers.llvm.clang.1_0.compiler (in target 'CrashReporter' from project 'PLCrashReporter')
    cd /Users/jasonlee/Coding/App/Notch/Notch.xcodeproj
    
    Using response file: /Users/jasonlee/Library/Developer/Xcode/DerivedData/Notch-ddzsfiyxyoauidejndllmosklbkq/Build/Intermediates.noindex/PLCrashReporter.build/Release/CrashReporter.build/Objects-normal/x86_64/e6072d4f65d7061329687fe24e3d63a7-common-args.resp
    
    /Applications/Xcode.app/Contents/Developer/Toolchains/XcodeDefault.xctoolchain/usr/bin/clang -x objective-c -ivfsstatcache /Users/jasonlee/Library/Developer/Xcode/DerivedData/SDKStatCaches.noindex/macosx26.4-25E251-30f9ca8789b706f8bd3fc906a70d770f.sdkstatcache -target x86_64-apple-macos10.13 -fmessage-length\=0 -fdiagnostics-show-note-include-stack -fmacro-backtrace-limit\=0 -fno-color-diagnostics -fmodules-prune-interval\=86400 -fmodules-prune-after\=345600 -fbuild-session-file\=/Users/jasonlee/Library/Developer/Xcode/DerivedData/ModuleCache.noindex/Session.modulevalidation -fmodules-validate-once-per-build-session -Wnon-modular-include-in-framework-module -Werror\=non-modular-include-in-framework-module -Wno-trigraphs -Wno-missing-field-initializers -Wno-missing-prototypes -Wno-return-type -Wno-implicit-atomic-properties -Wno-objc-interface-ivars -Wno-arc-repeated-use-of-weak -Wno-missing-braces -Wparentheses -Wswitch -Wno-unused-function -Wno-unused-label -Wno-unused-parameter -Wno-unused-variable -Wunused-value -Wno-empty-body -Wno-uninitialized -Wno-unknown-pragmas -w -Wno-shadow -Wno-four-char-constants -Wno-conversion -Wno-constant-conversion -Wno-int-conversion -Wno-bool-conversion -Wno-enum-conversion -Wno-float-conversion -Wno-non-literal-null-conversion -Wno-objc-literal-conversion -Wshorten-64-to-32 -Wpointer-sign -Wno-newline-eof -Wno-selector -Wno-strict-selector-match -Wno-undeclared-selector -Wno-deprecated-implementations -Wno-implicit-fallthrough -isysroot /Applications/Xcode.app/Contents/Developer/Platforms/MacOSX.platform/Developer/SDKs/MacOSX26.4.sdk -fstrict-aliasing -Wprotocol -Wdeprecated-declarations -Wno-sign-conversion -Wno-infinite-recursion -Wno-comma -Wno-block-capture-autoreleasing -Wno-strict-prototypes -Wno-semicolon-before-method-body @/Users/jasonlee/Library/Developer/Xcode/DerivedData/Notch-ddzsfiyxyoauidejndllmosklbkq/Build/Intermediates.noindex/PLCrashReporter.build/Release/CrashReporter.build/Objects-normal/x86_64/e6072d4f65d7061329687fe24e3d63a7-common-args.resp -include /Users/jasonlee/Library/Developer/Xcode/DerivedData/Notch-ddzsfiyxyoauidejndllmosklbkq/Build/Intermediates.noindex/PLCrashReporter.build/Release/CrashReporter.build/DerivedSources/resource_bundle_accessor.h -MMD -MT dependencies -MF /Users/jasonlee/Library/Developer/Xcode/DerivedData/Notch-ddzsfiyxyoauidejndllmosklbkq/Build/Intermediates.noindex/PLCrashReporter.build/Release/CrashReporter.build/Objects-normal/x86_64/PLCrashReportStackFrameInfo.d --serialize-diagnostics /Users/jasonlee/Library/Developer/Xcode/DerivedData/Notch-ddzsfiyxyoauidejndllmosklbkq/Build/Intermediates.noindex/PLCrashReporter.build/Release/CrashReporter.build/Objects-normal/x86_64/PLCrashReportStackFrameInfo.dia -c /Users/jasonlee/Library/Developer/Xcode/DerivedData/Notch-ddzsfiyxyoauidejndllmosklbkq/SourcePackages/checkouts/plcrashreporter/Source/PLCrashReportStackFrameInfo.m -o /Users/jasonlee/Library/Developer/Xcode/DerivedData/Notch-ddzsfiyxyoauidejndllmosklbkq/Build/Intermediates.noindex/PLCrashReporter.build/Release/CrashReporter.build/Objects-normal/x86_64/PLCrashReportStackFrameInfo.o

CompileC /Users/jasonlee/Library/Developer/Xcode/DerivedData/Notch-ddzsfiyxyoauidejndllmosklbkq/Build/Intermediates.noindex/PLCrashReporter.build/Release/CrashReporter.build/Objects-normal/x86_64/PLCrashReportSignalInfo.o /Users/jasonlee/Library/Developer/Xcode/DerivedData/Notch-ddzsfiyxyoauidejndllmosklbkq/SourcePackages/checkouts/plcrashreporter/Source/PLCrashReportSignalInfo.m normal x86_64 objective-c com.apple.compilers.llvm.clang.1_0.compiler (in target 'CrashReporter' from project 'PLCrashReporter')
    cd /Users/jasonlee/Coding/App/Notch/Notch.xcodeproj
    
    Using response file: /Users/jasonlee/Library/Developer/Xcode/DerivedData/Notch-ddzsfiyxyoauidejndllmosklbkq/Build/Intermediates.noindex/PLCrashReporter.build/Release/CrashReporter.build/Objects-normal/x86_64/e6072d4f65d7061329687fe24e3d63a7-common-args.resp
    
    /Applications/Xcode.app/Contents/Developer/Toolchains/XcodeDefault.xctoolchain/usr/bin/clang -x objective-c -ivfsstatcache /Users/jasonlee/Library/Developer/Xcode/DerivedData/SDKStatCaches.noindex/macosx26.4-25E251-30f9ca8789b706f8bd3fc906a70d770f.sdkstatcache -target x86_64-apple-macos10.13 -fmessage-length\=0 -fdiagnostics-show-note-include-stack -fmacro-backtrace-limit\=0 -fno-color-diagnostics -fmodules-prune-interval\=86400 -fmodules-prune-after\=345600 -fbuild-session-file\=/Users/jasonlee/Library/Developer/Xcode/DerivedData/ModuleCache.noindex/Session.modulevalidation -fmodules-validate-once-per-build-session -Wnon-modular-include-in-framework-module -Werror\=non-modular-include-in-framework-module -Wno-trigraphs -Wno-missing-field-initializers -Wno-missing-prototypes -Wno-return-type -Wno-implicit-atomic-properties -Wno-objc-interface-ivars -Wno-arc-repeated-use-of-weak -Wno-missing-braces -Wparentheses -Wswitch -Wno-unused-function -Wno-unused-label -Wno-unused-parameter -Wno-unused-variable -Wunused-value -Wno-empty-body -Wno-uninitialized -Wno-unknown-pragmas -w -Wno-shadow -Wno-four-char-constants -Wno-conversion -Wno-constant-conversion -Wno-int-conversion -Wno-bool-conversion -Wno-enum-conversion -Wno-float-conversion -Wno-non-literal-null-conversion -Wno-objc-literal-conversion -Wshorten-64-to-32 -Wpointer-sign -Wno-newline-eof -Wno-selector -Wno-strict-selector-match -Wno-undeclared-selector -Wno-deprecated-implementations -Wno-implicit-fallthrough -isysroot /Applications/Xcode.app/Contents/Developer/Platforms/MacOSX.platform/Developer/SDKs/MacOSX26.4.sdk -fstrict-aliasing -Wprotocol -Wdeprecated-declarations -Wno-sign-conversion -Wno-infinite-recursion -Wno-comma -Wno-block-capture-autoreleasing -Wno-strict-prototypes -Wno-semicolon-before-method-body @/Users/jasonlee/Library/Developer/Xcode/DerivedData/Notch-ddzsfiyxyoauidejndllmosklbkq/Build/Intermediates.noindex/PLCrashReporter.build/Release/CrashReporter.build/Objects-normal/x86_64/e6072d4f65d7061329687fe24e3d63a7-common-args.resp -include /Users/jasonlee/Library/Developer/Xcode/DerivedData/Notch-ddzsfiyxyoauidejndllmosklbkq/Build/Intermediates.noindex/PLCrashReporter.build/Release/CrashReporter.build/DerivedSources/resource_bundle_accessor.h -MMD -MT dependencies -MF /Users/jasonlee/Library/Developer/Xcode/DerivedData/Notch-ddzsfiyxyoauidejndllmosklbkq/Build/Intermediates.noindex/PLCrashReporter.build/Release/CrashReporter.build/Objects-normal/x86_64/PLCrashReportSignalInfo.d --serialize-diagnostics /Users/jasonlee/Library/Developer/Xcode/DerivedData/Notch-ddzsfiyxyoauidejndllmosklbkq/Build/Intermediates.noindex/PLCrashReporter.build/Release/CrashReporter.build/Objects-normal/x86_64/PLCrashReportSignalInfo.dia -c /Users/jasonlee/Library/Developer/Xcode/DerivedData/Notch-ddzsfiyxyoauidejndllmosklbkq/SourcePackages/checkouts/plcrashreporter/Source/PLCrashReportSignalInfo.m -o /Users/jasonlee/Library/Developer/Xcode/DerivedData/Notch-ddzsfiyxyoauidejndllmosklbkq/Build/Intermediates.noindex/PLCrashReporter.build/Release/CrashReporter.build/Objects-normal/x86_64/PLCrashReportSignalInfo.o

CompileC /Users/jasonlee/Library/Developer/Xcode/DerivedData/Notch-ddzsfiyxyoauidejndllmosklbkq/Build/Intermediates.noindex/PLCrashReporter.build/Release/CrashReporter.build/Objects-normal/x86_64/PLCrashReportRegisterInfo.o /Users/jasonlee/Library/Developer/Xcode/DerivedData/Notch-ddzsfiyxyoauidejndllmosklbkq/SourcePackages/checkouts/plcrashreporter/Source/PLCrashReportRegisterInfo.m normal x86_64 objective-c com.apple.compilers.llvm.clang.1_0.compiler (in target 'CrashReporter' from project 'PLCrashReporter')
    cd /Users/jasonlee/Coding/App/Notch/Notch.xcodeproj
    
    Using response file: /Users/jasonlee/Library/Developer/Xcode/DerivedData/Notch-ddzsfiyxyoauidejndllmosklbkq/Build/Intermediates.noindex/PLCrashReporter.build/Release/CrashReporter.build/Objects-normal/x86_64/e6072d4f65d7061329687fe24e3d63a7-common-args.resp
    
    /Applications/Xcode.app/Contents/Developer/Toolchains/XcodeDefault.xctoolchain/usr/bin/clang -x objective-c -ivfsstatcache /Users/jasonlee/Library/Developer/Xcode/DerivedData/SDKStatCaches.noindex/macosx26.4-25E251-30f9ca8789b706f8bd3fc906a70d770f.sdkstatcache -target x86_64-apple-macos10.13 -fmessage-length\=0 -fdiagnostics-show-note-include-stack -fmacro-backtrace-limit\=0 -fno-color-diagnostics -fmodules-prune-interval\=86400 -fmodules-prune-after\=345600 -fbuild-session-file\=/Users/jasonlee/Library/Developer/Xcode/DerivedData/ModuleCache.noindex/Session.modulevalidation -fmodules-validate-once-per-build-session -Wnon-modular-include-in-framework-module -Werror\=non-modular-include-in-framework-module -Wno-trigraphs -Wno-missing-field-initializers -Wno-missing-prototypes -Wno-return-type -Wno-implicit-atomic-properties -Wno-objc-interface-ivars -Wno-arc-repeated-use-of-weak -Wno-missing-braces -Wparentheses -Wswitch -Wno-unused-function -Wno-unused-label -Wno-unused-parameter -Wno-unused-variable -Wunused-value -Wno-empty-body -Wno-uninitialized -Wno-unknown-pragmas -w -Wno-shadow -Wno-four-char-constants -Wno-conversion -Wno-constant-conversion -Wno-int-conversion -Wno-bool-conversion -Wno-enum-conversion -Wno-float-conversion -Wno-non-literal-null-conversion -Wno-objc-literal-conversion -Wshorten-64-to-32 -Wpointer-sign -Wno-newline-eof -Wno-selector -Wno-strict-selector-match -Wno-undeclared-selector -Wno-deprecated-implementations -Wno-implicit-fallthrough -isysroot /Applications/Xcode.app/Contents/Developer/Platforms/MacOSX.platform/Developer/SDKs/MacOSX26.4.sdk -fstrict-aliasing -Wprotocol -Wdeprecated-declarations -Wno-sign-conversion -Wno-infinite-recursion -Wno-comma -Wno-block-capture-autoreleasing -Wno-strict-prototypes -Wno-semicolon-before-method-body @/Users/jasonlee/Library/Developer/Xcode/DerivedData/Notch-ddzsfiyxyoauidejndllmosklbkq/Build/Intermediates.noindex/PLCrashReporter.build/Release/CrashReporter.build/Objects-normal/x86_64/e6072d4f65d7061329687fe24e3d63a7-common-args.resp -include /Users/jasonlee/Library/Developer/Xcode/DerivedData/Notch-ddzsfiyxyoauidejndllmosklbkq/Build/Intermediates.noindex/PLCrashReporter.build/Release/CrashReporter.build/DerivedSources/resource_bundle_accessor.h -MMD -MT dependencies -MF /Users/jasonlee/Library/Developer/Xcode/DerivedData/Notch-ddzsfiyxyoauidejndllmosklbkq/Build/Intermediates.noindex/PLCrashReporter.build/Release/CrashReporter.build/Objects-normal/x86_64/PLCrashReportRegisterInfo.d --serialize-diagnostics /Users/jasonlee/Library/Developer/Xcode/DerivedData/Notch-ddzsfiyxyoauidejndllmosklbkq/Build/Intermediates.noindex/PLCrashReporter.build/Release/CrashReporter.build/Objects-normal/x86_64/PLCrashReportRegisterInfo.dia -c /Users/jasonlee/Library/Developer/Xcode/DerivedData/Notch-ddzsfiyxyoauidejndllmosklbkq/SourcePackages/checkouts/plcrashreporter/Source/PLCrashReportRegisterInfo.m -o /Users/jasonlee/Library/Developer/Xcode/DerivedData/Notch-ddzsfiyxyoauidejndllmosklbkq/Build/Intermediates.noindex/PLCrashReporter.build/Release/CrashReporter.build/Objects-normal/x86_64/PLCrashReportRegisterInfo.o

SwiftDriverJobDiscovery normal arm64 Compiling resource_bundle_accessor.swift, CarbonKeyboardShortcuts.swift, Key.swift, KeyboardShortcuts.swift, NSMenuItem++.swift, Name.swift, Recorder.swift, RecorderCocoa.swift, Shortcut.swift, Utilities.swift, ViewModifiers.swift (in target 'KeyboardShortcuts' from project 'KeyboardShortcuts')

CompileC /Users/jasonlee/Library/Developer/Xcode/DerivedData/Notch-ddzsfiyxyoauidejndllmosklbkq/Build/Intermediates.noindex/PLCrashReporter.build/Release/CrashReporter.build/Objects-normal/x86_64/PLCrashReportProcessorInfo.o /Users/jasonlee/Library/Developer/Xcode/DerivedData/Notch-ddzsfiyxyoauidejndllmosklbkq/SourcePackages/checkouts/plcrashreporter/Source/PLCrashReportProcessorInfo.m normal x86_64 objective-c com.apple.compilers.llvm.clang.1_0.compiler (in target 'CrashReporter' from project 'PLCrashReporter')
    cd /Users/jasonlee/Coding/App/Notch/Notch.xcodeproj
    
    Using response file: /Users/jasonlee/Library/Developer/Xcode/DerivedData/Notch-ddzsfiyxyoauidejndllmosklbkq/Build/Intermediates.noindex/PLCrashReporter.build/Release/CrashReporter.build/Objects-normal/x86_64/e6072d4f65d7061329687fe24e3d63a7-common-args.resp
    
    /Applications/Xcode.app/Contents/Developer/Toolchains/XcodeDefault.xctoolchain/usr/bin/clang -x objective-c -ivfsstatcache /Users/jasonlee/Library/Developer/Xcode/DerivedData/SDKStatCaches.noindex/macosx26.4-25E251-30f9ca8789b706f8bd3fc906a70d770f.sdkstatcache -target x86_64-apple-macos10.13 -fmessage-length\=0 -fdiagnostics-show-note-include-stack -fmacro-backtrace-limit\=0 -fno-color-diagnostics -fmodules-prune-interval\=86400 -fmodules-prune-after\=345600 -fbuild-session-file\=/Users/jasonlee/Library/Developer/Xcode/DerivedData/ModuleCache.noindex/Session.modulevalidation -fmodules-validate-once-per-build-session -Wnon-modular-include-in-framework-module -Werror\=non-modular-include-in-framework-module -Wno-trigraphs -Wno-missing-field-initializers -Wno-missing-prototypes -Wno-return-type -Wno-implicit-atomic-properties -Wno-objc-interface-ivars -Wno-arc-repeated-use-of-weak -Wno-missing-braces -Wparentheses -Wswitch -Wno-unused-function -Wno-unused-label -Wno-unused-parameter -Wno-unused-variable -Wunused-value -Wno-empty-body -Wno-uninitialized -Wno-unknown-pragmas -w -Wno-shadow -Wno-four-char-constants -Wno-conversion -Wno-constant-conversion -Wno-int-conversion -Wno-bool-conversion -Wno-enum-conversion -Wno-float-conversion -Wno-non-literal-null-conversion -Wno-objc-literal-conversion -Wshorten-64-to-32 -Wpointer-sign -Wno-newline-eof -Wno-selector -Wno-strict-selector-match -Wno-undeclared-selector -Wno-deprecated-implementations -Wno-implicit-fallthrough -isysroot /Applications/Xcode.app/Contents/Developer/Platforms/MacOSX.platform/Developer/SDKs/MacOSX26.4.sdk -fstrict-aliasing -Wprotocol -Wdeprecated-declarations -Wno-sign-conversion -Wno-infinite-recursion -Wno-comma -Wno-block-capture-autoreleasing -Wno-strict-prototypes -Wno-semicolon-before-method-body @/Users/jasonlee/Library/Developer/Xcode/DerivedData/Notch-ddzsfiyxyoauidejndllmosklbkq/Build/Intermediates.noindex/PLCrashReporter.build/Release/CrashReporter.build/Objects-normal/x86_64/e6072d4f65d7061329687fe24e3d63a7-common-args.resp -include /Users/jasonlee/Library/Developer/Xcode/DerivedData/Notch-ddzsfiyxyoauidejndllmosklbkq/Build/Intermediates.noindex/PLCrashReporter.build/Release/CrashReporter.build/DerivedSources/resource_bundle_accessor.h -MMD -MT dependencies -MF /Users/jasonlee/Library/Developer/Xcode/DerivedData/Notch-ddzsfiyxyoauidejndllmosklbkq/Build/Intermediates.noindex/PLCrashReporter.build/Release/CrashReporter.build/Objects-normal/x86_64/PLCrashReportProcessorInfo.d --serialize-diagnostics /Users/jasonlee/Library/Developer/Xcode/DerivedData/Notch-ddzsfiyxyoauidejndllmosklbkq/Build/Intermediates.noindex/PLCrashReporter.build/Release/CrashReporter.build/Objects-normal/x86_64/PLCrashReportProcessorInfo.dia -c /Users/jasonlee/Library/Developer/Xcode/DerivedData/Notch-ddzsfiyxyoauidejndllmosklbkq/SourcePackages/checkouts/plcrashreporter/Source/PLCrashReportProcessorInfo.m -o /Users/jasonlee/Library/Developer/Xcode/DerivedData/Notch-ddzsfiyxyoauidejndllmosklbkq/Build/Intermediates.noindex/PLCrashReporter.build/Release/CrashReporter.build/Objects-normal/x86_64/PLCrashReportProcessorInfo.o

SwiftDriver\ Compilation\ Requirements KeyboardShortcuts normal arm64 com.apple.xcode.tools.swift.compiler (in target 'KeyboardShortcuts' from project 'KeyboardShortcuts')
    cd /Users/jasonlee/Coding/App/Notch/Notch.xcodeproj
    builtin-Swift-Compilation-Requirements -- /Applications/Xcode.app/Contents/Developer/Toolchains/XcodeDefault.xctoolchain/usr/bin/swiftc -module-name KeyboardShortcuts -O -whole-module-optimization @/Users/jasonlee/Library/Developer/Xcode/DerivedData/Notch-ddzsfiyxyoauidejndllmosklbkq/Build/Intermediates.noindex/KeyboardShortcuts.build/Release/KeyboardShortcuts.build/Objects-normal/arm64/KeyboardShortcuts.SwiftFileList -DSWIFT_PACKAGE -DSWIFT_MODULE_RESOURCE_BUNDLE_AVAILABLE -DXcode -plugin-path /Applications/Xcode.app/Contents/Developer/Toolchains/XcodeDefault.xctoolchain/usr/lib/swift/host/plugins/testing -enable-experimental-feature DebugDescriptionMacro -sdk /Applications/Xcode.app/Contents/Developer/Platforms/MacOSX.platform/Developer/SDKs/MacOSX26.4.sdk -target arm64-apple-macos10.15 -g -module-cache-path /Users/jasonlee/Library/Developer/Xcode/DerivedData/ModuleCache.noindex -Xfrontend -serialize-debugging-options -profile-coverage-mapping -profile-generate -suppress-warnings -swift-version 5 -I /Users/jasonlee/Library/Developer/Xcode/DerivedData/Notch-ddzsfiyxyoauidejndllmosklbkq/Build/Products/Release -Isystem /Applications/Xcode.app/Contents/Developer/Platforms/MacOSX.platform/Developer/usr/lib -F /Users/jasonlee/Library/Developer/Xcode/DerivedData/Notch-ddzsfiyxyoauidejndllmosklbkq/Build/Products/Release -F /Applications/Xcode.app/Contents/Developer/Platforms/MacOSX.platform/Developer/Library/Frameworks -emit-localized-strings -emit-localized-strings-path /Users/jasonlee/Library/Developer/Xcode/DerivedData/Notch-ddzsfiyxyoauidejndllmosklbkq/Build/Intermediates.noindex/KeyboardShortcuts.build/Release/KeyboardShortcuts.build/Objects-normal/arm64 -c -num-threads 12 -Xcc -ivfsstatcache -Xcc /Users/jasonlee/Library/Developer/Xcode/DerivedData/SDKStatCaches.noindex/macosx26.4-25E251-30f9ca8789b706f8bd3fc906a70d770f.sdkstatcache -output-file-map /Users/jasonlee/Library/Developer/Xcode/DerivedData/Notch-ddzsfiyxyoauidejndllmosklbkq/Build/Intermediates.noindex/KeyboardShortcuts.build/Release/KeyboardShortcuts.build/Objects-normal/arm64/KeyboardShortcuts-OutputFileMap.json -use-frontend-parseable-output -save-temps -no-color-diagnostics -explicit-module-build -module-cache-path /Users/jasonlee/Library/Developer/Xcode/DerivedData/Notch-ddzsfiyxyoauidejndllmosklbkq/Build/Intermediates.noindex/SwiftExplicitPrecompiledModules -clang-scanner-module-cache-path /Users/jasonlee/Library/Developer/Xcode/DerivedData/ModuleCache.noindex -sdk-module-cache-path /Users/jasonlee/Library/Developer/Xcode/DerivedData/ModuleCache.noindex -serialize-diagnostics -emit-dependencies -emit-module -emit-module-path /Users/jasonlee/Library/Developer/Xcode/DerivedData/Notch-ddzsfiyxyoauidejndllmosklbkq/Build/Intermediates.noindex/KeyboardShortcuts.build/Release/KeyboardShortcuts.build/Objects-normal/arm64/KeyboardShortcuts.swiftmodule -user-module-version 2.4.0 -validate-clang-modules-once -clang-build-session-file /Users/jasonlee/Library/Developer/Xcode/DerivedData/ModuleCache.noindex/Session.modulevalidation -package-name keyboardshortcuts -Xcc -I/Users/jasonlee/Library/Developer/Xcode/DerivedData/Notch-ddzsfiyxyoauidejndllmosklbkq/Build/Intermediates.noindex/KeyboardShortcuts.build/Release/KeyboardShortcuts.build/swift-overrides.hmap -emit-const-values -Xfrontend -const-gather-protocols-file -Xfrontend /Users/jasonlee/Library/Developer/Xcode/DerivedData/Notch-ddzsfiyxyoauidejndllmosklbkq/Build/Intermediates.noindex/KeyboardShortcuts.build/Release/KeyboardShortcuts.build/Objects-normal/arm64/KeyboardShortcuts_const_extract_protocols.json -Xcc -I/Users/jasonlee/Library/Developer/Xcode/DerivedData/Notch-ddzsfiyxyoauidejndllmosklbkq/Build/Products/Release/include -Xcc -I/Users/jasonlee/Library/Developer/Xcode/DerivedData/Notch-ddzsfiyxyoauidejndllmosklbkq/Build/Intermediates.noindex/KeyboardShortcuts.build/Release/KeyboardShortcuts.build/DerivedSources-normal/arm64 -Xcc -I/Users/jasonlee/Library/Developer/Xcode/DerivedData/Notch-ddzsfiyxyoauidejndllmosklbkq/Build/Intermediates.noindex/KeyboardShortcuts.build/Release/KeyboardShortcuts.build/DerivedSources/arm64 -Xcc -I/Users/jasonlee/Library/Developer/Xcode/DerivedData/Notch-ddzsfiyxyoauidejndllmosklbkq/Build/Intermediates.noindex/KeyboardShortcuts.build/Release/KeyboardShortcuts.build/DerivedSources -Xcc -DSWIFT_PACKAGE -emit-objc-header -emit-objc-header-path /Users/jasonlee/Library/Developer/Xcode/DerivedData/Notch-ddzsfiyxyoauidejndllmosklbkq/Build/Intermediates.noindex/KeyboardShortcuts.build/Release/KeyboardShortcuts.build/Objects-normal/arm64/KeyboardShortcuts-Swift.h -working-directory /Users/jasonlee/Coding/App/Notch/Notch.xcodeproj -no-emit-module-separately-wmo

CompileC /Users/jasonlee/Library/Developer/Xcode/DerivedData/Notch-ddzsfiyxyoauidejndllmosklbkq/Build/Intermediates.noindex/PLCrashReporter.build/Release/CrashReporter.build/Objects-normal/x86_64/PLCrashReportProcessInfo.o /Users/jasonlee/Library/Developer/Xcode/DerivedData/Notch-ddzsfiyxyoauidejndllmosklbkq/SourcePackages/checkouts/plcrashreporter/Source/PLCrashReportProcessInfo.m normal x86_64 objective-c com.apple.compilers.llvm.clang.1_0.compiler (in target 'CrashReporter' from project 'PLCrashReporter')
    cd /Users/jasonlee/Coding/App/Notch/Notch.xcodeproj
    
    Using response file: /Users/jasonlee/Library/Developer/Xcode/DerivedData/Notch-ddzsfiyxyoauidejndllmosklbkq/Build/Intermediates.noindex/PLCrashReporter.build/Release/CrashReporter.build/Objects-normal/x86_64/e6072d4f65d7061329687fe24e3d63a7-common-args.resp
    
    /Applications/Xcode.app/Contents/Developer/Toolchains/XcodeDefault.xctoolchain/usr/bin/clang -x objective-c -ivfsstatcache /Users/jasonlee/Library/Developer/Xcode/DerivedData/SDKStatCaches.noindex/macosx26.4-25E251-30f9ca8789b706f8bd3fc906a70d770f.sdkstatcache -target x86_64-apple-macos10.13 -fmessage-length\=0 -fdiagnostics-show-note-include-stack -fmacro-backtrace-limit\=0 -fno-color-diagnostics -fmodules-prune-interval\=86400 -fmodules-prune-after\=345600 -fbuild-session-file\=/Users/jasonlee/Library/Developer/Xcode/DerivedData/ModuleCache.noindex/Session.modulevalidation -fmodules-validate-once-per-build-session -Wnon-modular-include-in-framework-module -Werror\=non-modular-include-in-framework-module -Wno-trigraphs -Wno-missing-field-initializers -Wno-missing-prototypes -Wno-return-type -Wno-implicit-atomic-properties -Wno-objc-interface-ivars -Wno-arc-repeated-use-of-weak -Wno-missing-braces -Wparentheses -Wswitch -Wno-unused-function -Wno-unused-label -Wno-unused-parameter -Wno-unused-variable -Wunused-value -Wno-empty-body -Wno-uninitialized -Wno-unknown-pragmas -w -Wno-shadow -Wno-four-char-constants -Wno-conversion -Wno-constant-conversion -Wno-int-conversion -Wno-bool-conversion -Wno-enum-conversion -Wno-float-conversion -Wno-non-literal-null-conversion -Wno-objc-literal-conversion -Wshorten-64-to-32 -Wpointer-sign -Wno-newline-eof -Wno-selector -Wno-strict-selector-match -Wno-undeclared-selector -Wno-deprecated-implementations -Wno-implicit-fallthrough -isysroot /Applications/Xcode.app/Contents/Developer/Platforms/MacOSX.platform/Developer/SDKs/MacOSX26.4.sdk -fstrict-aliasing -Wprotocol -Wdeprecated-declarations -Wno-sign-conversion -Wno-infinite-recursion -Wno-comma -Wno-block-capture-autoreleasing -Wno-strict-prototypes -Wno-semicolon-before-method-body @/Users/jasonlee/Library/Developer/Xcode/DerivedData/Notch-ddzsfiyxyoauidejndllmosklbkq/Build/Intermediates.noindex/PLCrashReporter.build/Release/CrashReporter.build/Objects-normal/x86_64/e6072d4f65d7061329687fe24e3d63a7-common-args.resp -include /Users/jasonlee/Library/Developer/Xcode/DerivedData/Notch-ddzsfiyxyoauidejndllmosklbkq/Build/Intermediates.noindex/PLCrashReporter.build/Release/CrashReporter.build/DerivedSources/resource_bundle_accessor.h -MMD -MT dependencies -MF /Users/jasonlee/Library/Developer/Xcode/DerivedData/Notch-ddzsfiyxyoauidejndllmosklbkq/Build/Intermediates.noindex/PLCrashReporter.build/Release/CrashReporter.build/Objects-normal/x86_64/PLCrashReportProcessInfo.d --serialize-diagnostics /Users/jasonlee/Library/Developer/Xcode/DerivedData/Notch-ddzsfiyxyoauidejndllmosklbkq/Build/Intermediates.noindex/PLCrashReporter.build/Release/CrashReporter.build/Objects-normal/x86_64/PLCrashReportProcessInfo.dia -c /Users/jasonlee/Library/Developer/Xcode/DerivedData/Notch-ddzsfiyxyoauidejndllmosklbkq/SourcePackages/checkouts/plcrashreporter/Source/PLCrashReportProcessInfo.m -o /Users/jasonlee/Library/Developer/Xcode/DerivedData/Notch-ddzsfiyxyoauidejndllmosklbkq/Build/Intermediates.noindex/PLCrashReporter.build/Release/CrashReporter.build/Objects-normal/x86_64/PLCrashReportProcessInfo.o

CompileC /Users/jasonlee/Library/Developer/Xcode/DerivedData/Notch-ddzsfiyxyoauidejndllmosklbkq/Build/Intermediates.noindex/PLCrashReporter.build/Release/CrashReporter.build/Objects-normal/x86_64/PLCrashReportMachineInfo.o /Users/jasonlee/Library/Developer/Xcode/DerivedData/Notch-ddzsfiyxyoauidejndllmosklbkq/SourcePackages/checkouts/plcrashreporter/Source/PLCrashReportMachineInfo.m normal x86_64 objective-c com.apple.compilers.llvm.clang.1_0.compiler (in target 'CrashReporter' from project 'PLCrashReporter')
    cd /Users/jasonlee/Coding/App/Notch/Notch.xcodeproj
    
    Using response file: /Users/jasonlee/Library/Developer/Xcode/DerivedData/Notch-ddzsfiyxyoauidejndllmosklbkq/Build/Intermediates.noindex/PLCrashReporter.build/Release/CrashReporter.build/Objects-normal/x86_64/e6072d4f65d7061329687fe24e3d63a7-common-args.resp
    
    /Applications/Xcode.app/Contents/Developer/Toolchains/XcodeDefault.xctoolchain/usr/bin/clang -x objective-c -ivfsstatcache /Users/jasonlee/Library/Developer/Xcode/DerivedData/SDKStatCaches.noindex/macosx26.4-25E251-30f9ca8789b706f8bd3fc906a70d770f.sdkstatcache -target x86_64-apple-macos10.13 -fmessage-length\=0 -fdiagnostics-show-note-include-stack -fmacro-backtrace-limit\=0 -fno-color-diagnostics -fmodules-prune-interval\=86400 -fmodules-prune-after\=345600 -fbuild-session-file\=/Users/jasonlee/Library/Developer/Xcode/DerivedData/ModuleCache.noindex/Session.modulevalidation -fmodules-validate-once-per-build-session -Wnon-modular-include-in-framework-module -Werror\=non-modular-include-in-framework-module -Wno-trigraphs -Wno-missing-field-initializers -Wno-missing-prototypes -Wno-return-type -Wno-implicit-atomic-properties -Wno-objc-interface-ivars -Wno-arc-repeated-use-of-weak -Wno-missing-braces -Wparentheses -Wswitch -Wno-unused-function -Wno-unused-label -Wno-unused-parameter -Wno-unused-variable -Wunused-value -Wno-empty-body -Wno-uninitialized -Wno-unknown-pragmas -w -Wno-shadow -Wno-four-char-constants -Wno-conversion -Wno-constant-conversion -Wno-int-conversion -Wno-bool-conversion -Wno-enum-conversion -Wno-float-conversion -Wno-non-literal-null-conversion -Wno-objc-literal-conversion -Wshorten-64-to-32 -Wpointer-sign -Wno-newline-eof -Wno-selector -Wno-strict-selector-match -Wno-undeclared-selector -Wno-deprecated-implementations -Wno-implicit-fallthrough -isysroot /Applications/Xcode.app/Contents/Developer/Platforms/MacOSX.platform/Developer/SDKs/MacOSX26.4.sdk -fstrict-aliasing -Wprotocol -Wdeprecated-declarations -Wno-sign-conversion -Wno-infinite-recursion -Wno-comma -Wno-block-capture-autoreleasing -Wno-strict-prototypes -Wno-semicolon-before-method-body @/Users/jasonlee/Library/Developer/Xcode/DerivedData/Notch-ddzsfiyxyoauidejndllmosklbkq/Build/Intermediates.noindex/PLCrashReporter.build/Release/CrashReporter.build/Objects-normal/x86_64/e6072d4f65d7061329687fe24e3d63a7-common-args.resp -include /Users/jasonlee/Library/Developer/Xcode/DerivedData/Notch-ddzsfiyxyoauidejndllmosklbkq/Build/Intermediates.noindex/PLCrashReporter.build/Release/CrashReporter.build/DerivedSources/resource_bundle_accessor.h -MMD -MT dependencies -MF /Users/jasonlee/Library/Developer/Xcode/DerivedData/Notch-ddzsfiyxyoauidejndllmosklbkq/Build/Intermediates.noindex/PLCrashReporter.build/Release/CrashReporter.build/Objects-normal/x86_64/PLCrashReportMachineInfo.d --serialize-diagnostics /Users/jasonlee/Library/Developer/Xcode/DerivedData/Notch-ddzsfiyxyoauidejndllmosklbkq/Build/Intermediates.noindex/PLCrashReporter.build/Release/CrashReporter.build/Objects-normal/x86_64/PLCrashReportMachineInfo.dia -c /Users/jasonlee/Library/Developer/Xcode/DerivedData/Notch-ddzsfiyxyoauidejndllmosklbkq/SourcePackages/checkouts/plcrashreporter/Source/PLCrashReportMachineInfo.m -o /Users/jasonlee/Library/Developer/Xcode/DerivedData/Notch-ddzsfiyxyoauidejndllmosklbkq/Build/Intermediates.noindex/PLCrashReporter.build/Release/CrashReporter.build/Objects-normal/x86_64/PLCrashReportMachineInfo.o

Copy /Users/jasonlee/Library/Developer/Xcode/DerivedData/Notch-ddzsfiyxyoauidejndllmosklbkq/Build/Products/Release/KeyboardShortcuts.swiftmodule/arm64-apple-macos.swiftmodule /Users/jasonlee/Library/Developer/Xcode/DerivedData/Notch-ddzsfiyxyoauidejndllmosklbkq/Build/Intermediates.noindex/KeyboardShortcuts.build/Release/KeyboardShortcuts.build/Objects-normal/arm64/KeyboardShortcuts.swiftmodule (in target 'KeyboardShortcuts' from project 'KeyboardShortcuts')
    cd /Users/jasonlee/Library/Developer/Xcode/DerivedData/Notch-ddzsfiyxyoauidejndllmosklbkq/SourcePackages/checkouts/KeyboardShortcuts
    builtin-copy -exclude .DS_Store -exclude CVS -exclude .svn -exclude .git -exclude .hg -strip-unsigned-binaries -strip-deterministic -strip-tool /Applications/Xcode.app/Contents/Developer/Toolchains/XcodeDefault.xctoolchain/usr/bin/strip -resolve-src-symlinks -rename /Users/jasonlee/Library/Developer/Xcode/DerivedData/Notch-ddzsfiyxyoauidejndllmosklbkq/Build/Intermediates.noindex/KeyboardShortcuts.build/Release/KeyboardShortcuts.build/Objects-normal/arm64/KeyboardShortcuts.swiftmodule /Users/jasonlee/Library/Developer/Xcode/DerivedData/Notch-ddzsfiyxyoauidejndllmosklbkq/Build/Products/Release/KeyboardShortcuts.swiftmodule/arm64-apple-macos.swiftmodule

Copy /Users/jasonlee/Library/Developer/Xcode/DerivedData/Notch-ddzsfiyxyoauidejndllmosklbkq/Build/Products/Release/KeyboardShortcuts.swiftmodule/arm64-apple-macos.swiftdoc /Users/jasonlee/Library/Developer/Xcode/DerivedData/Notch-ddzsfiyxyoauidejndllmosklbkq/Build/Intermediates.noindex/KeyboardShortcuts.build/Release/KeyboardShortcuts.build/Objects-normal/arm64/KeyboardShortcuts.swiftdoc (in target 'KeyboardShortcuts' from project 'KeyboardShortcuts')
    cd /Users/jasonlee/Library/Developer/Xcode/DerivedData/Notch-ddzsfiyxyoauidejndllmosklbkq/SourcePackages/checkouts/KeyboardShortcuts
    builtin-copy -exclude .DS_Store -exclude CVS -exclude .svn -exclude .git -exclude .hg -strip-unsigned-binaries -strip-deterministic -strip-tool /Applications/Xcode.app/Contents/Developer/Toolchains/XcodeDefault.xctoolchain/usr/bin/strip -resolve-src-symlinks -rename /Users/jasonlee/Library/Developer/Xcode/DerivedData/Notch-ddzsfiyxyoauidejndllmosklbkq/Build/Intermediates.noindex/KeyboardShortcuts.build/Release/KeyboardShortcuts.build/Objects-normal/arm64/KeyboardShortcuts.swiftdoc /Users/jasonlee/Library/Developer/Xcode/DerivedData/Notch-ddzsfiyxyoauidejndllmosklbkq/Build/Products/Release/KeyboardShortcuts.swiftmodule/arm64-apple-macos.swiftdoc

Copy /Users/jasonlee/Library/Developer/Xcode/DerivedData/Notch-ddzsfiyxyoauidejndllmosklbkq/Build/Products/Release/KeyboardShortcuts.swiftmodule/arm64-apple-macos.abi.json /Users/jasonlee/Library/Developer/Xcode/DerivedData/Notch-ddzsfiyxyoauidejndllmosklbkq/Build/Intermediates.noindex/KeyboardShortcuts.build/Release/KeyboardShortcuts.build/Objects-normal/arm64/KeyboardShortcuts.abi.json (in target 'KeyboardShortcuts' from project 'KeyboardShortcuts')
    cd /Users/jasonlee/Library/Developer/Xcode/DerivedData/Notch-ddzsfiyxyoauidejndllmosklbkq/SourcePackages/checkouts/KeyboardShortcuts
    builtin-copy -exclude .DS_Store -exclude CVS -exclude .svn -exclude .git -exclude .hg -strip-unsigned-binaries -strip-deterministic -strip-tool /Applications/Xcode.app/Contents/Developer/Toolchains/XcodeDefault.xctoolchain/usr/bin/strip -resolve-src-symlinks -rename /Users/jasonlee/Library/Developer/Xcode/DerivedData/Notch-ddzsfiyxyoauidejndllmosklbkq/Build/Intermediates.noindex/KeyboardShortcuts.build/Release/KeyboardShortcuts.build/Objects-normal/arm64/KeyboardShortcuts.abi.json /Users/jasonlee/Library/Developer/Xcode/DerivedData/Notch-ddzsfiyxyoauidejndllmosklbkq/Build/Products/Release/KeyboardShortcuts.swiftmodule/arm64-apple-macos.abi.json

Copy /Users/jasonlee/Library/Developer/Xcode/DerivedData/Notch-ddzsfiyxyoauidejndllmosklbkq/Build/Products/Release/KeyboardShortcuts.swiftmodule/Project/arm64-apple-macos.swiftsourceinfo /Users/jasonlee/Library/Developer/Xcode/DerivedData/Notch-ddzsfiyxyoauidejndllmosklbkq/Build/Intermediates.noindex/KeyboardShortcuts.build/Release/KeyboardShortcuts.build/Objects-normal/arm64/KeyboardShortcuts.swiftsourceinfo (in target 'KeyboardShortcuts' from project 'KeyboardShortcuts')
    cd /Users/jasonlee/Library/Developer/Xcode/DerivedData/Notch-ddzsfiyxyoauidejndllmosklbkq/SourcePackages/checkouts/KeyboardShortcuts
    builtin-copy -exclude .DS_Store -exclude CVS -exclude .svn -exclude .git -exclude .hg -strip-unsigned-binaries -strip-deterministic -strip-tool /Applications/Xcode.app/Contents/Developer/Toolchains/XcodeDefault.xctoolchain/usr/bin/strip -resolve-src-symlinks -rename /Users/jasonlee/Library/Developer/Xcode/DerivedData/Notch-ddzsfiyxyoauidejndllmosklbkq/Build/Intermediates.noindex/KeyboardShortcuts.build/Release/KeyboardShortcuts.build/Objects-normal/arm64/KeyboardShortcuts.swiftsourceinfo /Users/jasonlee/Library/Developer/Xcode/DerivedData/Notch-ddzsfiyxyoauidejndllmosklbkq/Build/Products/Release/KeyboardShortcuts.swiftmodule/Project/arm64-apple-macos.swiftsourceinfo

CompileC /Users/jasonlee/Library/Developer/Xcode/DerivedData/Notch-ddzsfiyxyoauidejndllmosklbkq/Build/Intermediates.noindex/PLCrashReporter.build/Release/CrashReporter.build/Objects-normal/x86_64/PLCrashReportMachExceptionInfo.o /Users/jasonlee/Library/Developer/Xcode/DerivedData/Notch-ddzsfiyxyoauidejndllmosklbkq/SourcePackages/checkouts/plcrashreporter/Source/PLCrashReportMachExceptionInfo.m normal x86_64 objective-c com.apple.compilers.llvm.clang.1_0.compiler (in target 'CrashReporter' from project 'PLCrashReporter')
    cd /Users/jasonlee/Coding/App/Notch/Notch.xcodeproj
    
    Using response file: /Users/jasonlee/Library/Developer/Xcode/DerivedData/Notch-ddzsfiyxyoauidejndllmosklbkq/Build/Intermediates.noindex/PLCrashReporter.build/Release/CrashReporter.build/Objects-normal/x86_64/e6072d4f65d7061329687fe24e3d63a7-common-args.resp
    
    /Applications/Xcode.app/Contents/Developer/Toolchains/XcodeDefault.xctoolchain/usr/bin/clang -x objective-c -ivfsstatcache /Users/jasonlee/Library/Developer/Xcode/DerivedData/SDKStatCaches.noindex/macosx26.4-25E251-30f9ca8789b706f8bd3fc906a70d770f.sdkstatcache -target x86_64-apple-macos10.13 -fmessage-length\=0 -fdiagnostics-show-note-include-stack -fmacro-backtrace-limit\=0 -fno-color-diagnostics -fmodules-prune-interval\=86400 -fmodules-prune-after\=345600 -fbuild-session-file\=/Users/jasonlee/Library/Developer/Xcode/DerivedData/ModuleCache.noindex/Session.modulevalidation -fmodules-validate-once-per-build-session -Wnon-modular-include-in-framework-module -Werror\=non-modular-include-in-framework-module -Wno-trigraphs -Wno-missing-field-initializers -Wno-missing-prototypes -Wno-return-type -Wno-implicit-atomic-properties -Wno-objc-interface-ivars -Wno-arc-repeated-use-of-weak -Wno-missing-braces -Wparentheses -Wswitch -Wno-unused-function -Wno-unused-label -Wno-unused-parameter -Wno-unused-variable -Wunused-value -Wno-empty-body -Wno-uninitialized -Wno-unknown-pragmas -w -Wno-shadow -Wno-four-char-constants -Wno-conversion -Wno-constant-conversion -Wno-int-conversion -Wno-bool-conversion -Wno-enum-conversion -Wno-float-conversion -Wno-non-literal-null-conversion -Wno-objc-literal-conversion -Wshorten-64-to-32 -Wpointer-sign -Wno-newline-eof -Wno-selector -Wno-strict-selector-match -Wno-undeclared-selector -Wno-deprecated-implementations -Wno-implicit-fallthrough -isysroot /Applications/Xcode.app/Contents/Developer/Platforms/MacOSX.platform/Developer/SDKs/MacOSX26.4.sdk -fstrict-aliasing -Wprotocol -Wdeprecated-declarations -Wno-sign-conversion -Wno-infinite-recursion -Wno-comma -Wno-block-capture-autoreleasing -Wno-strict-prototypes -Wno-semicolon-before-method-body @/Users/jasonlee/Library/Developer/Xcode/DerivedData/Notch-ddzsfiyxyoauidejndllmosklbkq/Build/Intermediates.noindex/PLCrashReporter.build/Release/CrashReporter.build/Objects-normal/x86_64/e6072d4f65d7061329687fe24e3d63a7-common-args.resp -include /Users/jasonlee/Library/Developer/Xcode/DerivedData/Notch-ddzsfiyxyoauidejndllmosklbkq/Build/Intermediates.noindex/PLCrashReporter.build/Release/CrashReporter.build/DerivedSources/resource_bundle_accessor.h -MMD -MT dependencies -MF /Users/jasonlee/Library/Developer/Xcode/DerivedData/Notch-ddzsfiyxyoauidejndllmosklbkq/Build/Intermediates.noindex/PLCrashReporter.build/Release/CrashReporter.build/Objects-normal/x86_64/PLCrashReportMachExceptionInfo.d --serialize-diagnostics /Users/jasonlee/Library/Developer/Xcode/DerivedData/Notch-ddzsfiyxyoauidejndllmosklbkq/Build/Intermediates.noindex/PLCrashReporter.build/Release/CrashReporter.build/Objects-normal/x86_64/PLCrashReportMachExceptionInfo.dia -c /Users/jasonlee/Library/Developer/Xcode/DerivedData/Notch-ddzsfiyxyoauidejndllmosklbkq/SourcePackages/checkouts/plcrashreporter/Source/PLCrashReportMachExceptionInfo.m -o /Users/jasonlee/Library/Developer/Xcode/DerivedData/Notch-ddzsfiyxyoauidejndllmosklbkq/Build/Intermediates.noindex/PLCrashReporter.build/Release/CrashReporter.build/Objects-normal/x86_64/PLCrashReportMachExceptionInfo.o

CompileC /Users/jasonlee/Library/Developer/Xcode/DerivedData/Notch-ddzsfiyxyoauidejndllmosklbkq/Build/Intermediates.noindex/PLCrashReporter.build/Release/CrashReporter.build/Objects-normal/x86_64/PLCrashReportExceptionInfo.o /Users/jasonlee/Library/Developer/Xcode/DerivedData/Notch-ddzsfiyxyoauidejndllmosklbkq/SourcePackages/checkouts/plcrashreporter/Source/PLCrashReportExceptionInfo.m normal x86_64 objective-c com.apple.compilers.llvm.clang.1_0.compiler (in target 'CrashReporter' from project 'PLCrashReporter')
    cd /Users/jasonlee/Coding/App/Notch/Notch.xcodeproj
    
    Using response file: /Users/jasonlee/Library/Developer/Xcode/DerivedData/Notch-ddzsfiyxyoauidejndllmosklbkq/Build/Intermediates.noindex/PLCrashReporter.build/Release/CrashReporter.build/Objects-normal/x86_64/e6072d4f65d7061329687fe24e3d63a7-common-args.resp
    
    /Applications/Xcode.app/Contents/Developer/Toolchains/XcodeDefault.xctoolchain/usr/bin/clang -x objective-c -ivfsstatcache /Users/jasonlee/Library/Developer/Xcode/DerivedData/SDKStatCaches.noindex/macosx26.4-25E251-30f9ca8789b706f8bd3fc906a70d770f.sdkstatcache -target x86_64-apple-macos10.13 -fmessage-length\=0 -fdiagnostics-show-note-include-stack -fmacro-backtrace-limit\=0 -fno-color-diagnostics -fmodules-prune-interval\=86400 -fmodules-prune-after\=345600 -fbuild-session-file\=/Users/jasonlee/Library/Developer/Xcode/DerivedData/ModuleCache.noindex/Session.modulevalidation -fmodules-validate-once-per-build-session -Wnon-modular-include-in-framework-module -Werror\=non-modular-include-in-framework-module -Wno-trigraphs -Wno-missing-field-initializers -Wno-missing-prototypes -Wno-return-type -Wno-implicit-atomic-properties -Wno-objc-interface-ivars -Wno-arc-repeated-use-of-weak -Wno-missing-braces -Wparentheses -Wswitch -Wno-unused-function -Wno-unused-label -Wno-unused-parameter -Wno-unused-variable -Wunused-value -Wno-empty-body -Wno-uninitialized -Wno-unknown-pragmas -w -Wno-shadow -Wno-four-char-constants -Wno-conversion -Wno-constant-conversion -Wno-int-conversion -Wno-bool-conversion -Wno-enum-conversion -Wno-float-conversion -Wno-non-literal-null-conversion -Wno-objc-literal-conversion -Wshorten-64-to-32 -Wpointer-sign -Wno-newline-eof -Wno-selector -Wno-strict-selector-match -Wno-undeclared-selector -Wno-deprecated-implementations -Wno-implicit-fallthrough -isysroot /Applications/Xcode.app/Contents/Developer/Platforms/MacOSX.platform/Developer/SDKs/MacOSX26.4.sdk -fstrict-aliasing -Wprotocol -Wdeprecated-declarations -Wno-sign-conversion -Wno-infinite-recursion -Wno-comma -Wno-block-capture-autoreleasing -Wno-strict-prototypes -Wno-semicolon-before-method-body @/Users/jasonlee/Library/Developer/Xcode/DerivedData/Notch-ddzsfiyxyoauidejndllmosklbkq/Build/Intermediates.noindex/PLCrashReporter.build/Release/CrashReporter.build/Objects-normal/x86_64/e6072d4f65d7061329687fe24e3d63a7-common-args.resp -include /Users/jasonlee/Library/Developer/Xcode/DerivedData/Notch-ddzsfiyxyoauidejndllmosklbkq/Build/Intermediates.noindex/PLCrashReporter.build/Release/CrashReporter.build/DerivedSources/resource_bundle_accessor.h -MMD -MT dependencies -MF /Users/jasonlee/Library/Developer/Xcode/DerivedData/Notch-ddzsfiyxyoauidejndllmosklbkq/Build/Intermediates.noindex/PLCrashReporter.build/Release/CrashReporter.build/Objects-normal/x86_64/PLCrashReportExceptionInfo.d --serialize-diagnostics /Users/jasonlee/Library/Developer/Xcode/DerivedData/Notch-ddzsfiyxyoauidejndllmosklbkq/Build/Intermediates.noindex/PLCrashReporter.build/Release/CrashReporter.build/Objects-normal/x86_64/PLCrashReportExceptionInfo.dia -c /Users/jasonlee/Library/Developer/Xcode/DerivedData/Notch-ddzsfiyxyoauidejndllmosklbkq/SourcePackages/checkouts/plcrashreporter/Source/PLCrashReportExceptionInfo.m -o /Users/jasonlee/Library/Developer/Xcode/DerivedData/Notch-ddzsfiyxyoauidejndllmosklbkq/Build/Intermediates.noindex/PLCrashReporter.build/Release/CrashReporter.build/Objects-normal/x86_64/PLCrashReportExceptionInfo.o

CompileC /Users/jasonlee/Library/Developer/Xcode/DerivedData/Notch-ddzsfiyxyoauidejndllmosklbkq/Build/Intermediates.noindex/PLCrashReporter.build/Release/CrashReporter.build/Objects-normal/x86_64/PLCrashReportBinaryImageInfo.o /Users/jasonlee/Library/Developer/Xcode/DerivedData/Notch-ddzsfiyxyoauidejndllmosklbkq/SourcePackages/checkouts/plcrashreporter/Source/PLCrashReportBinaryImageInfo.m normal x86_64 objective-c com.apple.compilers.llvm.clang.1_0.compiler (in target 'CrashReporter' from project 'PLCrashReporter')
    cd /Users/jasonlee/Coding/App/Notch/Notch.xcodeproj
    
    Using response file: /Users/jasonlee/Library/Developer/Xcode/DerivedData/Notch-ddzsfiyxyoauidejndllmosklbkq/Build/Intermediates.noindex/PLCrashReporter.build/Release/CrashReporter.build/Objects-normal/x86_64/e6072d4f65d7061329687fe24e3d63a7-common-args.resp
    
    /Applications/Xcode.app/Contents/Developer/Toolchains/XcodeDefault.xctoolchain/usr/bin/clang -x objective-c -ivfsstatcache /Users/jasonlee/Library/Developer/Xcode/DerivedData/SDKStatCaches.noindex/macosx26.4-25E251-30f9ca8789b706f8bd3fc906a70d770f.sdkstatcache -target x86_64-apple-macos10.13 -fmessage-length\=0 -fdiagnostics-show-note-include-stack -fmacro-backtrace-limit\=0 -fno-color-diagnostics -fmodules-prune-interval\=86400 -fmodules-prune-after\=345600 -fbuild-session-file\=/Users/jasonlee/Library/Developer/Xcode/DerivedData/ModuleCache.noindex/Session.modulevalidation -fmodules-validate-once-per-build-session -Wnon-modular-include-in-framework-module -Werror\=non-modular-include-in-framework-module -Wno-trigraphs -Wno-missing-field-initializers -Wno-missing-prototypes -Wno-return-type -Wno-implicit-atomic-properties -Wno-objc-interface-ivars -Wno-arc-repeated-use-of-weak -Wno-missing-braces -Wparentheses -Wswitch -Wno-unused-function -Wno-unused-label -Wno-unused-parameter -Wno-unused-variable -Wunused-value -Wno-empty-body -Wno-uninitialized -Wno-unknown-pragmas -w -Wno-shadow -Wno-four-char-constants -Wno-conversion -Wno-constant-conversion -Wno-int-conversion -Wno-bool-conversion -Wno-enum-conversion -Wno-float-conversion -Wno-non-literal-null-conversion -Wno-objc-literal-conversion -Wshorten-64-to-32 -Wpointer-sign -Wno-newline-eof -Wno-selector -Wno-strict-selector-match -Wno-undeclared-selector -Wno-deprecated-implementations -Wno-implicit-fallthrough -isysroot /Applications/Xcode.app/Contents/Developer/Platforms/MacOSX.platform/Developer/SDKs/MacOSX26.4.sdk -fstrict-aliasing -Wprotocol -Wdeprecated-declarations -Wno-sign-conversion -Wno-infinite-recursion -Wno-comma -Wno-block-capture-autoreleasing -Wno-strict-prototypes -Wno-semicolon-before-method-body @/Users/jasonlee/Library/Developer/Xcode/DerivedData/Notch-ddzsfiyxyoauidejndllmosklbkq/Build/Intermediates.noindex/PLCrashReporter.build/Release/CrashReporter.build/Objects-normal/x86_64/e6072d4f65d7061329687fe24e3d63a7-common-args.resp -include /Users/jasonlee/Library/Developer/Xcode/DerivedData/Notch-ddzsfiyxyoauidejndllmosklbkq/Build/Intermediates.noindex/PLCrashReporter.build/Release/CrashReporter.build/DerivedSources/resource_bundle_accessor.h -MMD -MT dependencies -MF /Users/jasonlee/Library/Developer/Xcode/DerivedData/Notch-ddzsfiyxyoauidejndllmosklbkq/Build/Intermediates.noindex/PLCrashReporter.build/Release/CrashReporter.build/Objects-normal/x86_64/PLCrashReportBinaryImageInfo.d --serialize-diagnostics /Users/jasonlee/Library/Developer/Xcode/DerivedData/Notch-ddzsfiyxyoauidejndllmosklbkq/Build/Intermediates.noindex/PLCrashReporter.build/Release/CrashReporter.build/Objects-normal/x86_64/PLCrashReportBinaryImageInfo.dia -c /Users/jasonlee/Library/Developer/Xcode/DerivedData/Notch-ddzsfiyxyoauidejndllmosklbkq/SourcePackages/checkouts/plcrashreporter/Source/PLCrashReportBinaryImageInfo.m -o /Users/jasonlee/Library/Developer/Xcode/DerivedData/Notch-ddzsfiyxyoauidejndllmosklbkq/Build/Intermediates.noindex/PLCrashReporter.build/Release/CrashReporter.build/Objects-normal/x86_64/PLCrashReportBinaryImageInfo.o

CompileC /Users/jasonlee/Library/Developer/Xcode/DerivedData/Notch-ddzsfiyxyoauidejndllmosklbkq/Build/Intermediates.noindex/PLCrashReporter.build/Release/CrashReporter.build/Objects-normal/x86_64/PLCrashReportApplicationInfo.o /Users/jasonlee/Library/Developer/Xcode/DerivedData/Notch-ddzsfiyxyoauidejndllmosklbkq/SourcePackages/checkouts/plcrashreporter/Source/PLCrashReportApplicationInfo.m normal x86_64 objective-c com.apple.compilers.llvm.clang.1_0.compiler (in target 'CrashReporter' from project 'PLCrashReporter')
    cd /Users/jasonlee/Coding/App/Notch/Notch.xcodeproj
    
    Using response file: /Users/jasonlee/Library/Developer/Xcode/DerivedData/Notch-ddzsfiyxyoauidejndllmosklbkq/Build/Intermediates.noindex/PLCrashReporter.build/Release/CrashReporter.build/Objects-normal/x86_64/e6072d4f65d7061329687fe24e3d63a7-common-args.resp
    
    /Applications/Xcode.app/Contents/Developer/Toolchains/XcodeDefault.xctoolchain/usr/bin/clang -x objective-c -ivfsstatcache /Users/jasonlee/Library/Developer/Xcode/DerivedData/SDKStatCaches.noindex/macosx26.4-25E251-30f9ca8789b706f8bd3fc906a70d770f.sdkstatcache -target x86_64-apple-macos10.13 -fmessage-length\=0 -fdiagnostics-show-note-include-stack -fmacro-backtrace-limit\=0 -fno-color-diagnostics -fmodules-prune-interval\=86400 -fmodules-prune-after\=345600 -fbuild-session-file\=/Users/jasonlee/Library/Developer/Xcode/DerivedData/ModuleCache.noindex/Session.modulevalidation -fmodules-validate-once-per-build-session -Wnon-modular-include-in-framework-module -Werror\=non-modular-include-in-framework-module -Wno-trigraphs -Wno-missing-field-initializers -Wno-missing-prototypes -Wno-return-type -Wno-implicit-atomic-properties -Wno-objc-interface-ivars -Wno-arc-repeated-use-of-weak -Wno-missing-braces -Wparentheses -Wswitch -Wno-unused-function -Wno-unused-label -Wno-unused-parameter -Wno-unused-variable -Wunused-value -Wno-empty-body -Wno-uninitialized -Wno-unknown-pragmas -w -Wno-shadow -Wno-four-char-constants -Wno-conversion -Wno-constant-conversion -Wno-int-conversion -Wno-bool-conversion -Wno-enum-conversion -Wno-float-conversion -Wno-non-literal-null-conversion -Wno-objc-literal-conversion -Wshorten-64-to-32 -Wpointer-sign -Wno-newline-eof -Wno-selector -Wno-strict-selector-match -Wno-undeclared-selector -Wno-deprecated-implementations -Wno-implicit-fallthrough -isysroot /Applications/Xcode.app/Contents/Developer/Platforms/MacOSX.platform/Developer/SDKs/MacOSX26.4.sdk -fstrict-aliasing -Wprotocol -Wdeprecated-declarations -Wno-sign-conversion -Wno-infinite-recursion -Wno-comma -Wno-block-capture-autoreleasing -Wno-strict-prototypes -Wno-semicolon-before-method-body @/Users/jasonlee/Library/Developer/Xcode/DerivedData/Notch-ddzsfiyxyoauidejndllmosklbkq/Build/Intermediates.noindex/PLCrashReporter.build/Release/CrashReporter.build/Objects-normal/x86_64/e6072d4f65d7061329687fe24e3d63a7-common-args.resp -include /Users/jasonlee/Library/Developer/Xcode/DerivedData/Notch-ddzsfiyxyoauidejndllmosklbkq/Build/Intermediates.noindex/PLCrashReporter.build/Release/CrashReporter.build/DerivedSources/resource_bundle_accessor.h -MMD -MT dependencies -MF /Users/jasonlee/Library/Developer/Xcode/DerivedData/Notch-ddzsfiyxyoauidejndllmosklbkq/Build/Intermediates.noindex/PLCrashReporter.build/Release/CrashReporter.build/Objects-normal/x86_64/PLCrashReportApplicationInfo.d --serialize-diagnostics /Users/jasonlee/Library/Developer/Xcode/DerivedData/Notch-ddzsfiyxyoauidejndllmosklbkq/Build/Intermediates.noindex/PLCrashReporter.build/Release/CrashReporter.build/Objects-normal/x86_64/PLCrashReportApplicationInfo.dia -c /Users/jasonlee/Library/Developer/Xcode/DerivedData/Notch-ddzsfiyxyoauidejndllmosklbkq/SourcePackages/checkouts/plcrashreporter/Source/PLCrashReportApplicationInfo.m -o /Users/jasonlee/Library/Developer/Xcode/DerivedData/Notch-ddzsfiyxyoauidejndllmosklbkq/Build/Intermediates.noindex/PLCrashReporter.build/Release/CrashReporter.build/Objects-normal/x86_64/PLCrashReportApplicationInfo.o

CompileC /Users/jasonlee/Library/Developer/Xcode/DerivedData/Notch-ddzsfiyxyoauidejndllmosklbkq/Build/Intermediates.noindex/PLCrashReporter.build/Release/CrashReporter.build/Objects-normal/x86_64/PLCrashReport.o /Users/jasonlee/Library/Developer/Xcode/DerivedData/Notch-ddzsfiyxyoauidejndllmosklbkq/SourcePackages/checkouts/plcrashreporter/Source/PLCrashReport.m normal x86_64 objective-c com.apple.compilers.llvm.clang.1_0.compiler (in target 'CrashReporter' from project 'PLCrashReporter')
    cd /Users/jasonlee/Coding/App/Notch/Notch.xcodeproj
    
    Using response file: /Users/jasonlee/Library/Developer/Xcode/DerivedData/Notch-ddzsfiyxyoauidejndllmosklbkq/Build/Intermediates.noindex/PLCrashReporter.build/Release/CrashReporter.build/Objects-normal/x86_64/e6072d4f65d7061329687fe24e3d63a7-common-args.resp
    
    /Applications/Xcode.app/Contents/Developer/Toolchains/XcodeDefault.xctoolchain/usr/bin/clang -x objective-c -ivfsstatcache /Users/jasonlee/Library/Developer/Xcode/DerivedData/SDKStatCaches.noindex/macosx26.4-25E251-30f9ca8789b706f8bd3fc906a70d770f.sdkstatcache -target x86_64-apple-macos10.13 -fmessage-length\=0 -fdiagnostics-show-note-include-stack -fmacro-backtrace-limit\=0 -fno-color-diagnostics -fmodules-prune-interval\=86400 -fmodules-prune-after\=345600 -fbuild-session-file\=/Users/jasonlee/Library/Developer/Xcode/DerivedData/ModuleCache.noindex/Session.modulevalidation -fmodules-validate-once-per-build-session -Wnon-modular-include-in-framework-module -Werror\=non-modular-include-in-framework-module -Wno-trigraphs -Wno-missing-field-initializers -Wno-missing-prototypes -Wno-return-type -Wno-implicit-atomic-properties -Wno-objc-interface-ivars -Wno-arc-repeated-use-of-weak -Wno-missing-braces -Wparentheses -Wswitch -Wno-unused-function -Wno-unused-label -Wno-unused-parameter -Wno-unused-variable -Wunused-value -Wno-empty-body -Wno-uninitialized -Wno-unknown-pragmas -w -Wno-shadow -Wno-four-char-constants -Wno-conversion -Wno-constant-conversion -Wno-int-conversion -Wno-bool-conversion -Wno-enum-conversion -Wno-float-conversion -Wno-non-literal-null-conversion -Wno-objc-literal-conversion -Wshorten-64-to-32 -Wpointer-sign -Wno-newline-eof -Wno-selector -Wno-strict-selector-match -Wno-undeclared-selector -Wno-deprecated-implementations -Wno-implicit-fallthrough -isysroot /Applications/Xcode.app/Contents/Developer/Platforms/MacOSX.platform/Developer/SDKs/MacOSX26.4.sdk -fstrict-aliasing -Wprotocol -Wdeprecated-declarations -Wno-sign-conversion -Wno-infinite-recursion -Wno-comma -Wno-block-capture-autoreleasing -Wno-strict-prototypes -Wno-semicolon-before-method-body @/Users/jasonlee/Library/Developer/Xcode/DerivedData/Notch-ddzsfiyxyoauidejndllmosklbkq/Build/Intermediates.noindex/PLCrashReporter.build/Release/CrashReporter.build/Objects-normal/x86_64/e6072d4f65d7061329687fe24e3d63a7-common-args.resp -include /Users/jasonlee/Library/Developer/Xcode/DerivedData/Notch-ddzsfiyxyoauidejndllmosklbkq/Build/Intermediates.noindex/PLCrashReporter.build/Release/CrashReporter.build/DerivedSources/resource_bundle_accessor.h -MMD -MT dependencies -MF /Users/jasonlee/Library/Developer/Xcode/DerivedData/Notch-ddzsfiyxyoauidejndllmosklbkq/Build/Intermediates.noindex/PLCrashReporter.build/Release/CrashReporter.build/Objects-normal/x86_64/PLCrashReport.d --serialize-diagnostics /Users/jasonlee/Library/Developer/Xcode/DerivedData/Notch-ddzsfiyxyoauidejndllmosklbkq/Build/Intermediates.noindex/PLCrashReporter.build/Release/CrashReporter.build/Objects-normal/x86_64/PLCrashReport.dia -c /Users/jasonlee/Library/Developer/Xcode/DerivedData/Notch-ddzsfiyxyoauidejndllmosklbkq/SourcePackages/checkouts/plcrashreporter/Source/PLCrashReport.m -o /Users/jasonlee/Library/Developer/Xcode/DerivedData/Notch-ddzsfiyxyoauidejndllmosklbkq/Build/Intermediates.noindex/PLCrashReporter.build/Release/CrashReporter.build/Objects-normal/x86_64/PLCrashReport.o

CompileC /Users/jasonlee/Library/Developer/Xcode/DerivedData/Notch-ddzsfiyxyoauidejndllmosklbkq/Build/Intermediates.noindex/PLCrashReporter.build/Release/CrashReporter.build/Objects-normal/x86_64/PLCrashProcessInfo.o /Users/jasonlee/Library/Developer/Xcode/DerivedData/Notch-ddzsfiyxyoauidejndllmosklbkq/SourcePackages/checkouts/plcrashreporter/Source/PLCrashProcessInfo.m normal x86_64 objective-c com.apple.compilers.llvm.clang.1_0.compiler (in target 'CrashReporter' from project 'PLCrashReporter')
    cd /Users/jasonlee/Coding/App/Notch/Notch.xcodeproj
    
    Using response file: /Users/jasonlee/Library/Developer/Xcode/DerivedData/Notch-ddzsfiyxyoauidejndllmosklbkq/Build/Intermediates.noindex/PLCrashReporter.build/Release/CrashReporter.build/Objects-normal/x86_64/e6072d4f65d7061329687fe24e3d63a7-common-args.resp
    
    /Applications/Xcode.app/Contents/Developer/Toolchains/XcodeDefault.xctoolchain/usr/bin/clang -x objective-c -ivfsstatcache /Users/jasonlee/Library/Developer/Xcode/DerivedData/SDKStatCaches.noindex/macosx26.4-25E251-30f9ca8789b706f8bd3fc906a70d770f.sdkstatcache -target x86_64-apple-macos10.13 -fmessage-length\=0 -fdiagnostics-show-note-include-stack -fmacro-backtrace-limit\=0 -fno-color-diagnostics -fmodules-prune-interval\=86400 -fmodules-prune-after\=345600 -fbuild-session-file\=/Users/jasonlee/Library/Developer/Xcode/DerivedData/ModuleCache.noindex/Session.modulevalidation -fmodules-validate-once-per-build-session -Wnon-modular-include-in-framework-module -Werror\=non-modular-include-in-framework-module -Wno-trigraphs -Wno-missing-field-initializers -Wno-missing-prototypes -Wno-return-type -Wno-implicit-atomic-properties -Wno-objc-interface-ivars -Wno-arc-repeated-use-of-weak -Wno-missing-braces -Wparentheses -Wswitch -Wno-unused-function -Wno-unused-label -Wno-unused-parameter -Wno-unused-variable -Wunused-value -Wno-empty-body -Wno-uninitialized -Wno-unknown-pragmas -w -Wno-shadow -Wno-four-char-constants -Wno-conversion -Wno-constant-conversion -Wno-int-conversion -Wno-bool-conversion -Wno-enum-conversion -Wno-float-conversion -Wno-non-literal-null-conversion -Wno-objc-literal-conversion -Wshorten-64-to-32 -Wpointer-sign -Wno-newline-eof -Wno-selector -Wno-strict-selector-match -Wno-undeclared-selector -Wno-deprecated-implementations -Wno-implicit-fallthrough -isysroot /Applications/Xcode.app/Contents/Developer/Platforms/MacOSX.platform/Developer/SDKs/MacOSX26.4.sdk -fstrict-aliasing -Wprotocol -Wdeprecated-declarations -Wno-sign-conversion -Wno-infinite-recursion -Wno-comma -Wno-block-capture-autoreleasing -Wno-strict-prototypes -Wno-semicolon-before-method-body @/Users/jasonlee/Library/Developer/Xcode/DerivedData/Notch-ddzsfiyxyoauidejndllmosklbkq/Build/Intermediates.noindex/PLCrashReporter.build/Release/CrashReporter.build/Objects-normal/x86_64/e6072d4f65d7061329687fe24e3d63a7-common-args.resp -include /Users/jasonlee/Library/Developer/Xcode/DerivedData/Notch-ddzsfiyxyoauidejndllmosklbkq/Build/Intermediates.noindex/PLCrashReporter.build/Release/CrashReporter.build/DerivedSources/resource_bundle_accessor.h -MMD -MT dependencies -MF /Users/jasonlee/Library/Developer/Xcode/DerivedData/Notch-ddzsfiyxyoauidejndllmosklbkq/Build/Intermediates.noindex/PLCrashReporter.build/Release/CrashReporter.build/Objects-normal/x86_64/PLCrashProcessInfo.d --serialize-diagnostics /Users/jasonlee/Library/Developer/Xcode/DerivedData/Notch-ddzsfiyxyoauidejndllmosklbkq/Build/Intermediates.noindex/PLCrashReporter.build/Release/CrashReporter.build/Objects-normal/x86_64/PLCrashProcessInfo.dia -c /Users/jasonlee/Library/Developer/Xcode/DerivedData/Notch-ddzsfiyxyoauidejndllmosklbkq/SourcePackages/checkouts/plcrashreporter/Source/PLCrashProcessInfo.m -o /Users/jasonlee/Library/Developer/Xcode/DerivedData/Notch-ddzsfiyxyoauidejndllmosklbkq/Build/Intermediates.noindex/PLCrashReporter.build/Release/CrashReporter.build/Objects-normal/x86_64/PLCrashProcessInfo.o

CompileC /Users/jasonlee/Library/Developer/Xcode/DerivedData/Notch-ddzsfiyxyoauidejndllmosklbkq/Build/Intermediates.noindex/PLCrashReporter.build/Release/CrashReporter.build/Objects-normal/x86_64/PLCrashMachExceptionServer.o /Users/jasonlee/Library/Developer/Xcode/DerivedData/Notch-ddzsfiyxyoauidejndllmosklbkq/SourcePackages/checkouts/plcrashreporter/Source/PLCrashMachExceptionServer.m normal x86_64 objective-c com.apple.compilers.llvm.clang.1_0.compiler (in target 'CrashReporter' from project 'PLCrashReporter')
    cd /Users/jasonlee/Coding/App/Notch/Notch.xcodeproj
    
    Using response file: /Users/jasonlee/Library/Developer/Xcode/DerivedData/Notch-ddzsfiyxyoauidejndllmosklbkq/Build/Intermediates.noindex/PLCrashReporter.build/Release/CrashReporter.build/Objects-normal/x86_64/e6072d4f65d7061329687fe24e3d63a7-common-args.resp
    
    /Applications/Xcode.app/Contents/Developer/Toolchains/XcodeDefault.xctoolchain/usr/bin/clang -x objective-c -ivfsstatcache /Users/jasonlee/Library/Developer/Xcode/DerivedData/SDKStatCaches.noindex/macosx26.4-25E251-30f9ca8789b706f8bd3fc906a70d770f.sdkstatcache -target x86_64-apple-macos10.13 -fmessage-length\=0 -fdiagnostics-show-note-include-stack -fmacro-backtrace-limit\=0 -fno-color-diagnostics -fmodules-prune-interval\=86400 -fmodules-prune-after\=345600 -fbuild-session-file\=/Users/jasonlee/Library/Developer/Xcode/DerivedData/ModuleCache.noindex/Session.modulevalidation -fmodules-validate-once-per-build-session -Wnon-modular-include-in-framework-module -Werror\=non-modular-include-in-framework-module -Wno-trigraphs -Wno-missing-field-initializers -Wno-missing-prototypes -Wno-return-type -Wno-implicit-atomic-properties -Wno-objc-interface-ivars -Wno-arc-repeated-use-of-weak -Wno-missing-braces -Wparentheses -Wswitch -Wno-unused-function -Wno-unused-label -Wno-unused-parameter -Wno-unused-variable -Wunused-value -Wno-empty-body -Wno-uninitialized -Wno-unknown-pragmas -w -Wno-shadow -Wno-four-char-constants -Wno-conversion -Wno-constant-conversion -Wno-int-conversion -Wno-bool-conversion -Wno-enum-conversion -Wno-float-conversion -Wno-non-literal-null-conversion -Wno-objc-literal-conversion -Wshorten-64-to-32 -Wpointer-sign -Wno-newline-eof -Wno-selector -Wno-strict-selector-match -Wno-undeclared-selector -Wno-deprecated-implementations -Wno-implicit-fallthrough -isysroot /Applications/Xcode.app/Contents/Developer/Platforms/MacOSX.platform/Developer/SDKs/MacOSX26.4.sdk -fstrict-aliasing -Wprotocol -Wdeprecated-declarations -Wno-sign-conversion -Wno-infinite-recursion -Wno-comma -Wno-block-capture-autoreleasing -Wno-strict-prototypes -Wno-semicolon-before-method-body @/Users/jasonlee/Library/Developer/Xcode/DerivedData/Notch-ddzsfiyxyoauidejndllmosklbkq/Build/Intermediates.noindex/PLCrashReporter.build/Release/CrashReporter.build/Objects-normal/x86_64/e6072d4f65d7061329687fe24e3d63a7-common-args.resp -include /Users/jasonlee/Library/Developer/Xcode/DerivedData/Notch-ddzsfiyxyoauidejndllmosklbkq/Build/Intermediates.noindex/PLCrashReporter.build/Release/CrashReporter.build/DerivedSources/resource_bundle_accessor.h -MMD -MT dependencies -MF /Users/jasonlee/Library/Developer/Xcode/DerivedData/Notch-ddzsfiyxyoauidejndllmosklbkq/Build/Intermediates.noindex/PLCrashReporter.build/Release/CrashReporter.build/Objects-normal/x86_64/PLCrashMachExceptionServer.d --serialize-diagnostics /Users/jasonlee/Library/Developer/Xcode/DerivedData/Notch-ddzsfiyxyoauidejndllmosklbkq/Build/Intermediates.noindex/PLCrashReporter.build/Release/CrashReporter.build/Objects-normal/x86_64/PLCrashMachExceptionServer.dia -c /Users/jasonlee/Library/Developer/Xcode/DerivedData/Notch-ddzsfiyxyoauidejndllmosklbkq/SourcePackages/checkouts/plcrashreporter/Source/PLCrashMachExceptionServer.m -o /Users/jasonlee/Library/Developer/Xcode/DerivedData/Notch-ddzsfiyxyoauidejndllmosklbkq/Build/Intermediates.noindex/PLCrashReporter.build/Release/CrashReporter.build/Objects-normal/x86_64/PLCrashMachExceptionServer.o

CompileC /Users/jasonlee/Library/Developer/Xcode/DerivedData/Notch-ddzsfiyxyoauidejndllmosklbkq/Build/Intermediates.noindex/PLCrashReporter.build/Release/CrashReporter.build/Objects-normal/x86_64/PLCrashMachExceptionPortSet.o /Users/jasonlee/Library/Developer/Xcode/DerivedData/Notch-ddzsfiyxyoauidejndllmosklbkq/SourcePackages/checkouts/plcrashreporter/Source/PLCrashMachExceptionPortSet.m normal x86_64 objective-c com.apple.compilers.llvm.clang.1_0.compiler (in target 'CrashReporter' from project 'PLCrashReporter')
    cd /Users/jasonlee/Coding/App/Notch/Notch.xcodeproj
    
    Using response file: /Users/jasonlee/Library/Developer/Xcode/DerivedData/Notch-ddzsfiyxyoauidejndllmosklbkq/Build/Intermediates.noindex/PLCrashReporter.build/Release/CrashReporter.build/Objects-normal/x86_64/e6072d4f65d7061329687fe24e3d63a7-common-args.resp
    
    /Applications/Xcode.app/Contents/Developer/Toolchains/XcodeDefault.xctoolchain/usr/bin/clang -x objective-c -ivfsstatcache /Users/jasonlee/Library/Developer/Xcode/DerivedData/SDKStatCaches.noindex/macosx26.4-25E251-30f9ca8789b706f8bd3fc906a70d770f.sdkstatcache -target x86_64-apple-macos10.13 -fmessage-length\=0 -fdiagnostics-show-note-include-stack -fmacro-backtrace-limit\=0 -fno-color-diagnostics -fmodules-prune-interval\=86400 -fmodules-prune-after\=345600 -fbuild-session-file\=/Users/jasonlee/Library/Developer/Xcode/DerivedData/ModuleCache.noindex/Session.modulevalidation -fmodules-validate-once-per-build-session -Wnon-modular-include-in-framework-module -Werror\=non-modular-include-in-framework-module -Wno-trigraphs -Wno-missing-field-initializers -Wno-missing-prototypes -Wno-return-type -Wno-implicit-atomic-properties -Wno-objc-interface-ivars -Wno-arc-repeated-use-of-weak -Wno-missing-braces -Wparentheses -Wswitch -Wno-unused-function -Wno-unused-label -Wno-unused-parameter -Wno-unused-variable -Wunused-value -Wno-empty-body -Wno-uninitialized -Wno-unknown-pragmas -w -Wno-shadow -Wno-four-char-constants -Wno-conversion -Wno-constant-conversion -Wno-int-conversion -Wno-bool-conversion -Wno-enum-conversion -Wno-float-conversion -Wno-non-literal-null-conversion -Wno-objc-literal-conversion -Wshorten-64-to-32 -Wpointer-sign -Wno-newline-eof -Wno-selector -Wno-strict-selector-match -Wno-undeclared-selector -Wno-deprecated-implementations -Wno-implicit-fallthrough -isysroot /Applications/Xcode.app/Contents/Developer/Platforms/MacOSX.platform/Developer/SDKs/MacOSX26.4.sdk -fstrict-aliasing -Wprotocol -Wdeprecated-declarations -Wno-sign-conversion -Wno-infinite-recursion -Wno-comma -Wno-block-capture-autoreleasing -Wno-strict-prototypes -Wno-semicolon-before-method-body @/Users/jasonlee/Library/Developer/Xcode/DerivedData/Notch-ddzsfiyxyoauidejndllmosklbkq/Build/Intermediates.noindex/PLCrashReporter.build/Release/CrashReporter.build/Objects-normal/x86_64/e6072d4f65d7061329687fe24e3d63a7-common-args.resp -include /Users/jasonlee/Library/Developer/Xcode/DerivedData/Notch-ddzsfiyxyoauidejndllmosklbkq/Build/Intermediates.noindex/PLCrashReporter.build/Release/CrashReporter.build/DerivedSources/resource_bundle_accessor.h -MMD -MT dependencies -MF /Users/jasonlee/Library/Developer/Xcode/DerivedData/Notch-ddzsfiyxyoauidejndllmosklbkq/Build/Intermediates.noindex/PLCrashReporter.build/Release/CrashReporter.build/Objects-normal/x86_64/PLCrashMachExceptionPortSet.d --serialize-diagnostics /Users/jasonlee/Library/Developer/Xcode/DerivedData/Notch-ddzsfiyxyoauidejndllmosklbkq/Build/Intermediates.noindex/PLCrashReporter.build/Release/CrashReporter.build/Objects-normal/x86_64/PLCrashMachExceptionPortSet.dia -c /Users/jasonlee/Library/Developer/Xcode/DerivedData/Notch-ddzsfiyxyoauidejndllmosklbkq/SourcePackages/checkouts/plcrashreporter/Source/PLCrashMachExceptionPortSet.m -o /Users/jasonlee/Library/Developer/Xcode/DerivedData/Notch-ddzsfiyxyoauidejndllmosklbkq/Build/Intermediates.noindex/PLCrashReporter.build/Release/CrashReporter.build/Objects-normal/x86_64/PLCrashMachExceptionPortSet.o

CompileC /Users/jasonlee/Library/Developer/Xcode/DerivedData/Notch-ddzsfiyxyoauidejndllmosklbkq/Build/Intermediates.noindex/PLCrashReporter.build/Release/CrashReporter.build/Objects-normal/x86_64/PLCrashMachExceptionPort.o /Users/jasonlee/Library/Developer/Xcode/DerivedData/Notch-ddzsfiyxyoauidejndllmosklbkq/SourcePackages/checkouts/plcrashreporter/Source/PLCrashMachExceptionPort.m normal x86_64 objective-c com.apple.compilers.llvm.clang.1_0.compiler (in target 'CrashReporter' from project 'PLCrashReporter')
    cd /Users/jasonlee/Coding/App/Notch/Notch.xcodeproj
    
    Using response file: /Users/jasonlee/Library/Developer/Xcode/DerivedData/Notch-ddzsfiyxyoauidejndllmosklbkq/Build/Intermediates.noindex/PLCrashReporter.build/Release/CrashReporter.build/Objects-normal/x86_64/e6072d4f65d7061329687fe24e3d63a7-common-args.resp
    
    /Applications/Xcode.app/Contents/Developer/Toolchains/XcodeDefault.xctoolchain/usr/bin/clang -x objective-c -ivfsstatcache /Users/jasonlee/Library/Developer/Xcode/DerivedData/SDKStatCaches.noindex/macosx26.4-25E251-30f9ca8789b706f8bd3fc906a70d770f.sdkstatcache -target x86_64-apple-macos10.13 -fmessage-length\=0 -fdiagnostics-show-note-include-stack -fmacro-backtrace-limit\=0 -fno-color-diagnostics -fmodules-prune-interval\=86400 -fmodules-prune-after\=345600 -fbuild-session-file\=/Users/jasonlee/Library/Developer/Xcode/DerivedData/ModuleCache.noindex/Session.modulevalidation -fmodules-validate-once-per-build-session -Wnon-modular-include-in-framework-module -Werror\=non-modular-include-in-framework-module -Wno-trigraphs -Wno-missing-field-initializers -Wno-missing-prototypes -Wno-return-type -Wno-implicit-atomic-properties -Wno-objc-interface-ivars -Wno-arc-repeated-use-of-weak -Wno-missing-braces -Wparentheses -Wswitch -Wno-unused-function -Wno-unused-label -Wno-unused-parameter -Wno-unused-variable -Wunused-value -Wno-empty-body -Wno-uninitialized -Wno-unknown-pragmas -w -Wno-shadow -Wno-four-char-constants -Wno-conversion -Wno-constant-conversion -Wno-int-conversion -Wno-bool-conversion -Wno-enum-conversion -Wno-float-conversion -Wno-non-literal-null-conversion -Wno-objc-literal-conversion -Wshorten-64-to-32 -Wpointer-sign -Wno-newline-eof -Wno-selector -Wno-strict-selector-match -Wno-undeclared-selector -Wno-deprecated-implementations -Wno-implicit-fallthrough -isysroot /Applications/Xcode.app/Contents/Developer/Platforms/MacOSX.platform/Developer/SDKs/MacOSX26.4.sdk -fstrict-aliasing -Wprotocol -Wdeprecated-declarations -Wno-sign-conversion -Wno-infinite-recursion -Wno-comma -Wno-block-capture-autoreleasing -Wno-strict-prototypes -Wno-semicolon-before-method-body @/Users/jasonlee/Library/Developer/Xcode/DerivedData/Notch-ddzsfiyxyoauidejndllmosklbkq/Build/Intermediates.noindex/PLCrashReporter.build/Release/CrashReporter.build/Objects-normal/x86_64/e6072d4f65d7061329687fe24e3d63a7-common-args.resp -include /Users/jasonlee/Library/Developer/Xcode/DerivedData/Notch-ddzsfiyxyoauidejndllmosklbkq/Build/Intermediates.noindex/PLCrashReporter.build/Release/CrashReporter.build/DerivedSources/resource_bundle_accessor.h -MMD -MT dependencies -MF /Users/jasonlee/Library/Developer/Xcode/DerivedData/Notch-ddzsfiyxyoauidejndllmosklbkq/Build/Intermediates.noindex/PLCrashReporter.build/Release/CrashReporter.build/Objects-normal/x86_64/PLCrashMachExceptionPort.d --serialize-diagnostics /Users/jasonlee/Library/Developer/Xcode/DerivedData/Notch-ddzsfiyxyoauidejndllmosklbkq/Build/Intermediates.noindex/PLCrashReporter.build/Release/CrashReporter.build/Objects-normal/x86_64/PLCrashMachExceptionPort.dia -c /Users/jasonlee/Library/Developer/Xcode/DerivedData/Notch-ddzsfiyxyoauidejndllmosklbkq/SourcePackages/checkouts/plcrashreporter/Source/PLCrashMachExceptionPort.m -o /Users/jasonlee/Library/Developer/Xcode/DerivedData/Notch-ddzsfiyxyoauidejndllmosklbkq/Build/Intermediates.noindex/PLCrashReporter.build/Release/CrashReporter.build/Objects-normal/x86_64/PLCrashMachExceptionPort.o

CompileC /Users/jasonlee/Library/Developer/Xcode/DerivedData/Notch-ddzsfiyxyoauidejndllmosklbkq/Build/Intermediates.noindex/PLCrashReporter.build/Release/CrashReporter.build/Objects-normal/x86_64/PLCrashHostInfo.o /Users/jasonlee/Library/Developer/Xcode/DerivedData/Notch-ddzsfiyxyoauidejndllmosklbkq/SourcePackages/checkouts/plcrashreporter/Source/PLCrashHostInfo.m normal x86_64 objective-c com.apple.compilers.llvm.clang.1_0.compiler (in target 'CrashReporter' from project 'PLCrashReporter')
    cd /Users/jasonlee/Coding/App/Notch/Notch.xcodeproj
    
    Using response file: /Users/jasonlee/Library/Developer/Xcode/DerivedData/Notch-ddzsfiyxyoauidejndllmosklbkq/Build/Intermediates.noindex/PLCrashReporter.build/Release/CrashReporter.build/Objects-normal/x86_64/e6072d4f65d7061329687fe24e3d63a7-common-args.resp
    
    /Applications/Xcode.app/Contents/Developer/Toolchains/XcodeDefault.xctoolchain/usr/bin/clang -x objective-c -ivfsstatcache /Users/jasonlee/Library/Developer/Xcode/DerivedData/SDKStatCaches.noindex/macosx26.4-25E251-30f9ca8789b706f8bd3fc906a70d770f.sdkstatcache -target x86_64-apple-macos10.13 -fmessage-length\=0 -fdiagnostics-show-note-include-stack -fmacro-backtrace-limit\=0 -fno-color-diagnostics -fmodules-prune-interval\=86400 -fmodules-prune-after\=345600 -fbuild-session-file\=/Users/jasonlee/Library/Developer/Xcode/DerivedData/ModuleCache.noindex/Session.modulevalidation -fmodules-validate-once-per-build-session -Wnon-modular-include-in-framework-module -Werror\=non-modular-include-in-framework-module -Wno-trigraphs -Wno-missing-field-initializers -Wno-missing-prototypes -Wno-return-type -Wno-implicit-atomic-properties -Wno-objc-interface-ivars -Wno-arc-repeated-use-of-weak -Wno-missing-braces -Wparentheses -Wswitch -Wno-unused-function -Wno-unused-label -Wno-unused-parameter -Wno-unused-variable -Wunused-value -Wno-empty-body -Wno-uninitialized -Wno-unknown-pragmas -w -Wno-shadow -Wno-four-char-constants -Wno-conversion -Wno-constant-conversion -Wno-int-conversion -Wno-bool-conversion -Wno-enum-conversion -Wno-float-conversion -Wno-non-literal-null-conversion -Wno-objc-literal-conversion -Wshorten-64-to-32 -Wpointer-sign -Wno-newline-eof -Wno-selector -Wno-strict-selector-match -Wno-undeclared-selector -Wno-deprecated-implementations -Wno-implicit-fallthrough -isysroot /Applications/Xcode.app/Contents/Developer/Platforms/MacOSX.platform/Developer/SDKs/MacOSX26.4.sdk -fstrict-aliasing -Wprotocol -Wdeprecated-declarations -Wno-sign-conversion -Wno-infinite-recursion -Wno-comma -Wno-block-capture-autoreleasing -Wno-strict-prototypes -Wno-semicolon-before-method-body @/Users/jasonlee/Library/Developer/Xcode/DerivedData/Notch-ddzsfiyxyoauidejndllmosklbkq/Build/Intermediates.noindex/PLCrashReporter.build/Release/CrashReporter.build/Objects-normal/x86_64/e6072d4f65d7061329687fe24e3d63a7-common-args.resp -include /Users/jasonlee/Library/Developer/Xcode/DerivedData/Notch-ddzsfiyxyoauidejndllmosklbkq/Build/Intermediates.noindex/PLCrashReporter.build/Release/CrashReporter.build/DerivedSources/resource_bundle_accessor.h -MMD -MT dependencies -MF /Users/jasonlee/Library/Developer/Xcode/DerivedData/Notch-ddzsfiyxyoauidejndllmosklbkq/Build/Intermediates.noindex/PLCrashReporter.build/Release/CrashReporter.build/Objects-normal/x86_64/PLCrashHostInfo.d --serialize-diagnostics /Users/jasonlee/Library/Developer/Xcode/DerivedData/Notch-ddzsfiyxyoauidejndllmosklbkq/Build/Intermediates.noindex/PLCrashReporter.build/Release/CrashReporter.build/Objects-normal/x86_64/PLCrashHostInfo.dia -c /Users/jasonlee/Library/Developer/Xcode/DerivedData/Notch-ddzsfiyxyoauidejndllmosklbkq/SourcePackages/checkouts/plcrashreporter/Source/PLCrashHostInfo.m -o /Users/jasonlee/Library/Developer/Xcode/DerivedData/Notch-ddzsfiyxyoauidejndllmosklbkq/Build/Intermediates.noindex/PLCrashReporter.build/Release/CrashReporter.build/Objects-normal/x86_64/PLCrashHostInfo.o

CompileC /Users/jasonlee/Library/Developer/Xcode/DerivedData/Notch-ddzsfiyxyoauidejndllmosklbkq/Build/Intermediates.noindex/PLCrashReporter.build/Release/CrashReporter.build/Objects-normal/x86_64/CrashReporterFramework.o /Users/jasonlee/Library/Developer/Xcode/DerivedData/Notch-ddzsfiyxyoauidejndllmosklbkq/SourcePackages/checkouts/plcrashreporter/Source/CrashReporterFramework.m normal x86_64 objective-c com.apple.compilers.llvm.clang.1_0.compiler (in target 'CrashReporter' from project 'PLCrashReporter')
    cd /Users/jasonlee/Coding/App/Notch/Notch.xcodeproj
    
    Using response file: /Users/jasonlee/Library/Developer/Xcode/DerivedData/Notch-ddzsfiyxyoauidejndllmosklbkq/Build/Intermediates.noindex/PLCrashReporter.build/Release/CrashReporter.build/Objects-normal/x86_64/e6072d4f65d7061329687fe24e3d63a7-common-args.resp
    
    /Applications/Xcode.app/Contents/Developer/Toolchains/XcodeDefault.xctoolchain/usr/bin/clang -x objective-c -ivfsstatcache /Users/jasonlee/Library/Developer/Xcode/DerivedData/SDKStatCaches.noindex/macosx26.4-25E251-30f9ca8789b706f8bd3fc906a70d770f.sdkstatcache -target x86_64-apple-macos10.13 -fmessage-length\=0 -fdiagnostics-show-note-include-stack -fmacro-backtrace-limit\=0 -fno-color-diagnostics -fmodules-prune-interval\=86400 -fmodules-prune-after\=345600 -fbuild-session-file\=/Users/jasonlee/Library/Developer/Xcode/DerivedData/ModuleCache.noindex/Session.modulevalidation -fmodules-validate-once-per-build-session -Wnon-modular-include-in-framework-module -Werror\=non-modular-include-in-framework-module -Wno-trigraphs -Wno-missing-field-initializers -Wno-missing-prototypes -Wno-return-type -Wno-implicit-atomic-properties -Wno-objc-interface-ivars -Wno-arc-repeated-use-of-weak -Wno-missing-braces -Wparentheses -Wswitch -Wno-unused-function -Wno-unused-label -Wno-unused-parameter -Wno-unused-variable -Wunused-value -Wno-empty-body -Wno-uninitialized -Wno-unknown-pragmas -w -Wno-shadow -Wno-four-char-constants -Wno-conversion -Wno-constant-conversion -Wno-int-conversion -Wno-bool-conversion -Wno-enum-conversion -Wno-float-conversion -Wno-non-literal-null-conversion -Wno-objc-literal-conversion -Wshorten-64-to-32 -Wpointer-sign -Wno-newline-eof -Wno-selector -Wno-strict-selector-match -Wno-undeclared-selector -Wno-deprecated-implementations -Wno-implicit-fallthrough -isysroot /Applications/Xcode.app/Contents/Developer/Platforms/MacOSX.platform/Developer/SDKs/MacOSX26.4.sdk -fstrict-aliasing -Wprotocol -Wdeprecated-declarations -Wno-sign-conversion -Wno-infinite-recursion -Wno-comma -Wno-block-capture-autoreleasing -Wno-strict-prototypes -Wno-semicolon-before-method-body @/Users/jasonlee/Library/Developer/Xcode/DerivedData/Notch-ddzsfiyxyoauidejndllmosklbkq/Build/Intermediates.noindex/PLCrashReporter.build/Release/CrashReporter.build/Objects-normal/x86_64/e6072d4f65d7061329687fe24e3d63a7-common-args.resp -include /Users/jasonlee/Library/Developer/Xcode/DerivedData/Notch-ddzsfiyxyoauidejndllmosklbkq/Build/Intermediates.noindex/PLCrashReporter.build/Release/CrashReporter.build/DerivedSources/resource_bundle_accessor.h -MMD -MT dependencies -MF /Users/jasonlee/Library/Developer/Xcode/DerivedData/Notch-ddzsfiyxyoauidejndllmosklbkq/Build/Intermediates.noindex/PLCrashReporter.build/Release/CrashReporter.build/Objects-normal/x86_64/CrashReporterFramework.d --serialize-diagnostics /Users/jasonlee/Library/Developer/Xcode/DerivedData/Notch-ddzsfiyxyoauidejndllmosklbkq/Build/Intermediates.noindex/PLCrashReporter.build/Release/CrashReporter.build/Objects-normal/x86_64/CrashReporterFramework.dia -c /Users/jasonlee/Library/Developer/Xcode/DerivedData/Notch-ddzsfiyxyoauidejndllmosklbkq/SourcePackages/checkouts/plcrashreporter/Source/CrashReporterFramework.m -o /Users/jasonlee/Library/Developer/Xcode/DerivedData/Notch-ddzsfiyxyoauidejndllmosklbkq/Build/Intermediates.noindex/PLCrashReporter.build/Release/CrashReporter.build/Objects-normal/x86_64/CrashReporterFramework.o

CompileC /Users/jasonlee/Library/Developer/Xcode/DerivedData/Notch-ddzsfiyxyoauidejndllmosklbkq/Build/Intermediates.noindex/PLCrashReporter.build/Release/CrashReporter.build/Objects-normal/x86_64/CrashReporter.o /Users/jasonlee/Library/Developer/Xcode/DerivedData/Notch-ddzsfiyxyoauidejndllmosklbkq/SourcePackages/checkouts/plcrashreporter/Source/CrashReporter.m normal x86_64 objective-c com.apple.compilers.llvm.clang.1_0.compiler (in target 'CrashReporter' from project 'PLCrashReporter')
    cd /Users/jasonlee/Coding/App/Notch/Notch.xcodeproj
    
    Using response file: /Users/jasonlee/Library/Developer/Xcode/DerivedData/Notch-ddzsfiyxyoauidejndllmosklbkq/Build/Intermediates.noindex/PLCrashReporter.build/Release/CrashReporter.build/Objects-normal/x86_64/e6072d4f65d7061329687fe24e3d63a7-common-args.resp
    
    /Applications/Xcode.app/Contents/Developer/Toolchains/XcodeDefault.xctoolchain/usr/bin/clang -x objective-c -ivfsstatcache /Users/jasonlee/Library/Developer/Xcode/DerivedData/SDKStatCaches.noindex/macosx26.4-25E251-30f9ca8789b706f8bd3fc906a70d770f.sdkstatcache -target x86_64-apple-macos10.13 -fmessage-length\=0 -fdiagnostics-show-note-include-stack -fmacro-backtrace-limit\=0 -fno-color-diagnostics -fmodules-prune-interval\=86400 -fmodules-prune-after\=345600 -fbuild-session-file\=/Users/jasonlee/Library/Developer/Xcode/DerivedData/ModuleCache.noindex/Session.modulevalidation -fmodules-validate-once-per-build-session -Wnon-modular-include-in-framework-module -Werror\=non-modular-include-in-framework-module -Wno-trigraphs -Wno-missing-field-initializers -Wno-missing-prototypes -Wno-return-type -Wno-implicit-atomic-properties -Wno-objc-interface-ivars -Wno-arc-repeated-use-of-weak -Wno-missing-braces -Wparentheses -Wswitch -Wno-unused-function -Wno-unused-label -Wno-unused-parameter -Wno-unused-variable -Wunused-value -Wno-empty-body -Wno-uninitialized -Wno-unknown-pragmas -w -Wno-shadow -Wno-four-char-constants -Wno-conversion -Wno-constant-conversion -Wno-int-conversion -Wno-bool-conversion -Wno-enum-conversion -Wno-float-conversion -Wno-non-literal-null-conversion -Wno-objc-literal-conversion -Wshorten-64-to-32 -Wpointer-sign -Wno-newline-eof -Wno-selector -Wno-strict-selector-match -Wno-undeclared-selector -Wno-deprecated-implementations -Wno-implicit-fallthrough -isysroot /Applications/Xcode.app/Contents/Developer/Platforms/MacOSX.platform/Developer/SDKs/MacOSX26.4.sdk -fstrict-aliasing -Wprotocol -Wdeprecated-declarations -Wno-sign-conversion -Wno-infinite-recursion -Wno-comma -Wno-block-capture-autoreleasing -Wno-strict-prototypes -Wno-semicolon-before-method-body @/Users/jasonlee/Library/Developer/Xcode/DerivedData/Notch-ddzsfiyxyoauidejndllmosklbkq/Build/Intermediates.noindex/PLCrashReporter.build/Release/CrashReporter.build/Objects-normal/x86_64/e6072d4f65d7061329687fe24e3d63a7-common-args.resp -include /Users/jasonlee/Library/Developer/Xcode/DerivedData/Notch-ddzsfiyxyoauidejndllmosklbkq/Build/Intermediates.noindex/PLCrashReporter.build/Release/CrashReporter.build/DerivedSources/resource_bundle_accessor.h -MMD -MT dependencies -MF /Users/jasonlee/Library/Developer/Xcode/DerivedData/Notch-ddzsfiyxyoauidejndllmosklbkq/Build/Intermediates.noindex/PLCrashReporter.build/Release/CrashReporter.build/Objects-normal/x86_64/CrashReporter.d --serialize-diagnostics /Users/jasonlee/Library/Developer/Xcode/DerivedData/Notch-ddzsfiyxyoauidejndllmosklbkq/Build/Intermediates.noindex/PLCrashReporter.build/Release/CrashReporter.build/Objects-normal/x86_64/CrashReporter.dia -c /Users/jasonlee/Library/Developer/Xcode/DerivedData/Notch-ddzsfiyxyoauidejndllmosklbkq/SourcePackages/checkouts/plcrashreporter/Source/CrashReporter.m -o /Users/jasonlee/Library/Developer/Xcode/DerivedData/Notch-ddzsfiyxyoauidejndllmosklbkq/Build/Intermediates.noindex/PLCrashReporter.build/Release/CrashReporter.build/Objects-normal/x86_64/CrashReporter.o

CompileC /Users/jasonlee/Library/Developer/Xcode/DerivedData/Notch-ddzsfiyxyoauidejndllmosklbkq/Build/Intermediates.noindex/PLCrashReporter.build/Release/CrashReporter.build/Objects-normal/arm64/PLCrashReportProcessInfo.o /Users/jasonlee/Library/Developer/Xcode/DerivedData/Notch-ddzsfiyxyoauidejndllmosklbkq/SourcePackages/checkouts/plcrashreporter/Source/PLCrashReportProcessInfo.m normal arm64 objective-c com.apple.compilers.llvm.clang.1_0.compiler (in target 'CrashReporter' from project 'PLCrashReporter')
    cd /Users/jasonlee/Coding/App/Notch/Notch.xcodeproj
    
    Using response file: /Users/jasonlee/Library/Developer/Xcode/DerivedData/Notch-ddzsfiyxyoauidejndllmosklbkq/Build/Intermediates.noindex/PLCrashReporter.build/Release/CrashReporter.build/Objects-normal/arm64/e6072d4f65d7061329687fe24e3d63a7-common-args.resp
    
    /Applications/Xcode.app/Contents/Developer/Toolchains/XcodeDefault.xctoolchain/usr/bin/clang -x objective-c -ivfsstatcache /Users/jasonlee/Library/Developer/Xcode/DerivedData/SDKStatCaches.noindex/macosx26.4-25E251-30f9ca8789b706f8bd3fc906a70d770f.sdkstatcache -target arm64-apple-macos10.13 -fmessage-length\=0 -fdiagnostics-show-note-include-stack -fmacro-backtrace-limit\=0 -fno-color-diagnostics -fmodules-prune-interval\=86400 -fmodules-prune-after\=345600 -fbuild-session-file\=/Users/jasonlee/Library/Developer/Xcode/DerivedData/ModuleCache.noindex/Session.modulevalidation -fmodules-validate-once-per-build-session -Wnon-modular-include-in-framework-module -Werror\=non-modular-include-in-framework-module -Wno-trigraphs -Wno-missing-field-initializers -Wno-missing-prototypes -Wno-return-type -Wno-implicit-atomic-properties -Wno-objc-interface-ivars -Wno-arc-repeated-use-of-weak -Wno-missing-braces -Wparentheses -Wswitch -Wno-unused-function -Wno-unused-label -Wno-unused-parameter -Wno-unused-variable -Wunused-value -Wno-empty-body -Wno-uninitialized -Wno-unknown-pragmas -w -Wno-shadow -Wno-four-char-constants -Wno-conversion -Wno-constant-conversion -Wno-int-conversion -Wno-bool-conversion -Wno-enum-conversion -Wno-float-conversion -Wno-non-literal-null-conversion -Wno-objc-literal-conversion -Wshorten-64-to-32 -Wpointer-sign -Wno-newline-eof -Wno-selector -Wno-strict-selector-match -Wno-undeclared-selector -Wno-deprecated-implementations -Wno-implicit-fallthrough -isysroot /Applications/Xcode.app/Contents/Developer/Platforms/MacOSX.platform/Developer/SDKs/MacOSX26.4.sdk -fstrict-aliasing -Wprotocol -Wdeprecated-declarations -Wno-sign-conversion -Wno-infinite-recursion -Wno-comma -Wno-block-capture-autoreleasing -Wno-strict-prototypes -Wno-semicolon-before-method-body @/Users/jasonlee/Library/Developer/Xcode/DerivedData/Notch-ddzsfiyxyoauidejndllmosklbkq/Build/Intermediates.noindex/PLCrashReporter.build/Release/CrashReporter.build/Objects-normal/arm64/e6072d4f65d7061329687fe24e3d63a7-common-args.resp -include /Users/jasonlee/Library/Developer/Xcode/DerivedData/Notch-ddzsfiyxyoauidejndllmosklbkq/Build/Intermediates.noindex/PLCrashReporter.build/Release/CrashReporter.build/DerivedSources/resource_bundle_accessor.h -MMD -MT dependencies -MF /Users/jasonlee/Library/Developer/Xcode/DerivedData/Notch-ddzsfiyxyoauidejndllmosklbkq/Build/Intermediates.noindex/PLCrashReporter.build/Release/CrashReporter.build/Objects-normal/arm64/PLCrashReportProcessInfo.d --serialize-diagnostics /Users/jasonlee/Library/Developer/Xcode/DerivedData/Notch-ddzsfiyxyoauidejndllmosklbkq/Build/Intermediates.noindex/PLCrashReporter.build/Release/CrashReporter.build/Objects-normal/arm64/PLCrashReportProcessInfo.dia -c /Users/jasonlee/Library/Developer/Xcode/DerivedData/Notch-ddzsfiyxyoauidejndllmosklbkq/SourcePackages/checkouts/plcrashreporter/Source/PLCrashReportProcessInfo.m -o /Users/jasonlee/Library/Developer/Xcode/DerivedData/Notch-ddzsfiyxyoauidejndllmosklbkq/Build/Intermediates.noindex/PLCrashReporter.build/Release/CrashReporter.build/Objects-normal/arm64/PLCrashReportProcessInfo.o

CompileC /Users/jasonlee/Library/Developer/Xcode/DerivedData/Notch-ddzsfiyxyoauidejndllmosklbkq/Build/Intermediates.noindex/PLCrashReporter.build/Release/CrashReporter.build/Objects-normal/arm64/resource_bundle_accessor.o /Users/jasonlee/Library/Developer/Xcode/DerivedData/Notch-ddzsfiyxyoauidejndllmosklbkq/Build/Intermediates.noindex/PLCrashReporter.build/Release/CrashReporter.build/DerivedSources/resource_bundle_accessor.m normal arm64 objective-c com.apple.compilers.llvm.clang.1_0.compiler (in target 'CrashReporter' from project 'PLCrashReporter')
    cd /Users/jasonlee/Coding/App/Notch/Notch.xcodeproj
    
    Using response file: /Users/jasonlee/Library/Developer/Xcode/DerivedData/Notch-ddzsfiyxyoauidejndllmosklbkq/Build/Intermediates.noindex/PLCrashReporter.build/Release/CrashReporter.build/Objects-normal/arm64/e6072d4f65d7061329687fe24e3d63a7-common-args.resp
    
    /Applications/Xcode.app/Contents/Developer/Toolchains/XcodeDefault.xctoolchain/usr/bin/clang -x objective-c -ivfsstatcache /Users/jasonlee/Library/Developer/Xcode/DerivedData/SDKStatCaches.noindex/macosx26.4-25E251-30f9ca8789b706f8bd3fc906a70d770f.sdkstatcache -target arm64-apple-macos10.13 -fmessage-length\=0 -fdiagnostics-show-note-include-stack -fmacro-backtrace-limit\=0 -fno-color-diagnostics -fmodules-prune-interval\=86400 -fmodules-prune-after\=345600 -fbuild-session-file\=/Users/jasonlee/Library/Developer/Xcode/DerivedData/ModuleCache.noindex/Session.modulevalidation -fmodules-validate-once-per-build-session -Wnon-modular-include-in-framework-module -Werror\=non-modular-include-in-framework-module -Wno-trigraphs -Wno-missing-field-initializers -Wno-missing-prototypes -Wno-return-type -Wno-implicit-atomic-properties -Wno-objc-interface-ivars -Wno-arc-repeated-use-of-weak -Wno-missing-braces -Wparentheses -Wswitch -Wno-unused-function -Wno-unused-label -Wno-unused-parameter -Wno-unused-variable -Wunused-value -Wno-empty-body -Wno-uninitialized -Wno-unknown-pragmas -w -Wno-shadow -Wno-four-char-constants -Wno-conversion -Wno-constant-conversion -Wno-int-conversion -Wno-bool-conversion -Wno-enum-conversion -Wno-float-conversion -Wno-non-literal-null-conversion -Wno-objc-literal-conversion -Wshorten-64-to-32 -Wpointer-sign -Wno-newline-eof -Wno-selector -Wno-strict-selector-match -Wno-undeclared-selector -Wno-deprecated-implementations -Wno-implicit-fallthrough -isysroot /Applications/Xcode.app/Contents/Developer/Platforms/MacOSX.platform/Developer/SDKs/MacOSX26.4.sdk -fstrict-aliasing -Wprotocol -Wdeprecated-declarations -Wno-sign-conversion -Wno-infinite-recursion -Wno-comma -Wno-block-capture-autoreleasing -Wno-strict-prototypes -Wno-semicolon-before-method-body @/Users/jasonlee/Library/Developer/Xcode/DerivedData/Notch-ddzsfiyxyoauidejndllmosklbkq/Build/Intermediates.noindex/PLCrashReporter.build/Release/CrashReporter.build/Objects-normal/arm64/e6072d4f65d7061329687fe24e3d63a7-common-args.resp -include /Users/jasonlee/Library/Developer/Xcode/DerivedData/Notch-ddzsfiyxyoauidejndllmosklbkq/Build/Intermediates.noindex/PLCrashReporter.build/Release/CrashReporter.build/DerivedSources/resource_bundle_accessor.h -MMD -MT dependencies -MF /Users/jasonlee/Library/Developer/Xcode/DerivedData/Notch-ddzsfiyxyoauidejndllmosklbkq/Build/Intermediates.noindex/PLCrashReporter.build/Release/CrashReporter.build/Objects-normal/arm64/resource_bundle_accessor.d --serialize-diagnostics /Users/jasonlee/Library/Developer/Xcode/DerivedData/Notch-ddzsfiyxyoauidejndllmosklbkq/Build/Intermediates.noindex/PLCrashReporter.build/Release/CrashReporter.build/Objects-normal/arm64/resource_bundle_accessor.dia -c /Users/jasonlee/Library/Developer/Xcode/DerivedData/Notch-ddzsfiyxyoauidejndllmosklbkq/Build/Intermediates.noindex/PLCrashReporter.build/Release/CrashReporter.build/DerivedSources/resource_bundle_accessor.m -o /Users/jasonlee/Library/Developer/Xcode/DerivedData/Notch-ddzsfiyxyoauidejndllmosklbkq/Build/Intermediates.noindex/PLCrashReporter.build/Release/CrashReporter.build/Objects-normal/arm64/resource_bundle_accessor.o

CompileC /Users/jasonlee/Library/Developer/Xcode/DerivedData/Notch-ddzsfiyxyoauidejndllmosklbkq/Build/Intermediates.noindex/PLCrashReporter.build/Release/CrashReporter.build/Objects-normal/arm64/PLCrashUncaughtExceptionHandler.o /Users/jasonlee/Library/Developer/Xcode/DerivedData/Notch-ddzsfiyxyoauidejndllmosklbkq/SourcePackages/checkouts/plcrashreporter/Source/PLCrashUncaughtExceptionHandler.m normal arm64 objective-c com.apple.compilers.llvm.clang.1_0.compiler (in target 'CrashReporter' from project 'PLCrashReporter')
    cd /Users/jasonlee/Coding/App/Notch/Notch.xcodeproj
    
    Using response file: /Users/jasonlee/Library/Developer/Xcode/DerivedData/Notch-ddzsfiyxyoauidejndllmosklbkq/Build/Intermediates.noindex/PLCrashReporter.build/Release/CrashReporter.build/Objects-normal/arm64/e6072d4f65d7061329687fe24e3d63a7-common-args.resp
    
    /Applications/Xcode.app/Contents/Developer/Toolchains/XcodeDefault.xctoolchain/usr/bin/clang -x objective-c -ivfsstatcache /Users/jasonlee/Library/Developer/Xcode/DerivedData/SDKStatCaches.noindex/macosx26.4-25E251-30f9ca8789b706f8bd3fc906a70d770f.sdkstatcache -target arm64-apple-macos10.13 -fmessage-length\=0 -fdiagnostics-show-note-include-stack -fmacro-backtrace-limit\=0 -fno-color-diagnostics -fmodules-prune-interval\=86400 -fmodules-prune-after\=345600 -fbuild-session-file\=/Users/jasonlee/Library/Developer/Xcode/DerivedData/ModuleCache.noindex/Session.modulevalidation -fmodules-validate-once-per-build-session -Wnon-modular-include-in-framework-module -Werror\=non-modular-include-in-framework-module -Wno-trigraphs -Wno-missing-field-initializers -Wno-missing-prototypes -Wno-return-type -Wno-implicit-atomic-properties -Wno-objc-interface-ivars -Wno-arc-repeated-use-of-weak -Wno-missing-braces -Wparentheses -Wswitch -Wno-unused-function -Wno-unused-label -Wno-unused-parameter -Wno-unused-variable -Wunused-value -Wno-empty-body -Wno-uninitialized -Wno-unknown-pragmas -w -Wno-shadow -Wno-four-char-constants -Wno-conversion -Wno-constant-conversion -Wno-int-conversion -Wno-bool-conversion -Wno-enum-conversion -Wno-float-conversion -Wno-non-literal-null-conversion -Wno-objc-literal-conversion -Wshorten-64-to-32 -Wpointer-sign -Wno-newline-eof -Wno-selector -Wno-strict-selector-match -Wno-undeclared-selector -Wno-deprecated-implementations -Wno-implicit-fallthrough -isysroot /Applications/Xcode.app/Contents/Developer/Platforms/MacOSX.platform/Developer/SDKs/MacOSX26.4.sdk -fstrict-aliasing -Wprotocol -Wdeprecated-declarations -Wno-sign-conversion -Wno-infinite-recursion -Wno-comma -Wno-block-capture-autoreleasing -Wno-strict-prototypes -Wno-semicolon-before-method-body @/Users/jasonlee/Library/Developer/Xcode/DerivedData/Notch-ddzsfiyxyoauidejndllmosklbkq/Build/Intermediates.noindex/PLCrashReporter.build/Release/CrashReporter.build/Objects-normal/arm64/e6072d4f65d7061329687fe24e3d63a7-common-args.resp -include /Users/jasonlee/Library/Developer/Xcode/DerivedData/Notch-ddzsfiyxyoauidejndllmosklbkq/Build/Intermediates.noindex/PLCrashReporter.build/Release/CrashReporter.build/DerivedSources/resource_bundle_accessor.h -MMD -MT dependencies -MF /Users/jasonlee/Library/Developer/Xcode/DerivedData/Notch-ddzsfiyxyoauidejndllmosklbkq/Build/Intermediates.noindex/PLCrashReporter.build/Release/CrashReporter.build/Objects-normal/arm64/PLCrashUncaughtExceptionHandler.d --serialize-diagnostics /Users/jasonlee/Library/Developer/Xcode/DerivedData/Notch-ddzsfiyxyoauidejndllmosklbkq/Build/Intermediates.noindex/PLCrashReporter.build/Release/CrashReporter.build/Objects-normal/arm64/PLCrashUncaughtExceptionHandler.dia -c /Users/jasonlee/Library/Developer/Xcode/DerivedData/Notch-ddzsfiyxyoauidejndllmosklbkq/SourcePackages/checkouts/plcrashreporter/Source/PLCrashUncaughtExceptionHandler.m -o /Users/jasonlee/Library/Developer/Xcode/DerivedData/Notch-ddzsfiyxyoauidejndllmosklbkq/Build/Intermediates.noindex/PLCrashReporter.build/Release/CrashReporter.build/Objects-normal/arm64/PLCrashUncaughtExceptionHandler.o

CompileC /Users/jasonlee/Library/Developer/Xcode/DerivedData/Notch-ddzsfiyxyoauidejndllmosklbkq/Build/Intermediates.noindex/PLCrashReporter.build/Release/CrashReporter.build/Objects-normal/arm64/PLCrashReporterNSError.o /Users/jasonlee/Library/Developer/Xcode/DerivedData/Notch-ddzsfiyxyoauidejndllmosklbkq/SourcePackages/checkouts/plcrashreporter/Source/PLCrashReporterNSError.m normal arm64 objective-c com.apple.compilers.llvm.clang.1_0.compiler (in target 'CrashReporter' from project 'PLCrashReporter')
    cd /Users/jasonlee/Coding/App/Notch/Notch.xcodeproj
    
    Using response file: /Users/jasonlee/Library/Developer/Xcode/DerivedData/Notch-ddzsfiyxyoauidejndllmosklbkq/Build/Intermediates.noindex/PLCrashReporter.build/Release/CrashReporter.build/Objects-normal/arm64/e6072d4f65d7061329687fe24e3d63a7-common-args.resp
    
    /Applications/Xcode.app/Contents/Developer/Toolchains/XcodeDefault.xctoolchain/usr/bin/clang -x objective-c -ivfsstatcache /Users/jasonlee/Library/Developer/Xcode/DerivedData/SDKStatCaches.noindex/macosx26.4-25E251-30f9ca8789b706f8bd3fc906a70d770f.sdkstatcache -target arm64-apple-macos10.13 -fmessage-length\=0 -fdiagnostics-show-note-include-stack -fmacro-backtrace-limit\=0 -fno-color-diagnostics -fmodules-prune-interval\=86400 -fmodules-prune-after\=345600 -fbuild-session-file\=/Users/jasonlee/Library/Developer/Xcode/DerivedData/ModuleCache.noindex/Session.modulevalidation -fmodules-validate-once-per-build-session -Wnon-modular-include-in-framework-module -Werror\=non-modular-include-in-framework-module -Wno-trigraphs -Wno-missing-field-initializers -Wno-missing-prototypes -Wno-return-type -Wno-implicit-atomic-properties -Wno-objc-interface-ivars -Wno-arc-repeated-use-of-weak -Wno-missing-braces -Wparentheses -Wswitch -Wno-unused-function -Wno-unused-label -Wno-unused-parameter -Wno-unused-variable -Wunused-value -Wno-empty-body -Wno-uninitialized -Wno-unknown-pragmas -w -Wno-shadow -Wno-four-char-constants -Wno-conversion -Wno-constant-conversion -Wno-int-conversion -Wno-bool-conversion -Wno-enum-conversion -Wno-float-conversion -Wno-non-literal-null-conversion -Wno-objc-literal-conversion -Wshorten-64-to-32 -Wpointer-sign -Wno-newline-eof -Wno-selector -Wno-strict-selector-match -Wno-undeclared-selector -Wno-deprecated-implementations -Wno-implicit-fallthrough -isysroot /Applications/Xcode.app/Contents/Developer/Platforms/MacOSX.platform/Developer/SDKs/MacOSX26.4.sdk -fstrict-aliasing -Wprotocol -Wdeprecated-declarations -Wno-sign-conversion -Wno-infinite-recursion -Wno-comma -Wno-block-capture-autoreleasing -Wno-strict-prototypes -Wno-semicolon-before-method-body @/Users/jasonlee/Library/Developer/Xcode/DerivedData/Notch-ddzsfiyxyoauidejndllmosklbkq/Build/Intermediates.noindex/PLCrashReporter.build/Release/CrashReporter.build/Objects-normal/arm64/e6072d4f65d7061329687fe24e3d63a7-common-args.resp -include /Users/jasonlee/Library/Developer/Xcode/DerivedData/Notch-ddzsfiyxyoauidejndllmosklbkq/Build/Intermediates.noindex/PLCrashReporter.build/Release/CrashReporter.build/DerivedSources/resource_bundle_accessor.h -MMD -MT dependencies -MF /Users/jasonlee/Library/Developer/Xcode/DerivedData/Notch-ddzsfiyxyoauidejndllmosklbkq/Build/Intermediates.noindex/PLCrashReporter.build/Release/CrashReporter.build/Objects-normal/arm64/PLCrashReporterNSError.d --serialize-diagnostics /Users/jasonlee/Library/Developer/Xcode/DerivedData/Notch-ddzsfiyxyoauidejndllmosklbkq/Build/Intermediates.noindex/PLCrashReporter.build/Release/CrashReporter.build/Objects-normal/arm64/PLCrashReporterNSError.dia -c /Users/jasonlee/Library/Developer/Xcode/DerivedData/Notch-ddzsfiyxyoauidejndllmosklbkq/SourcePackages/checkouts/plcrashreporter/Source/PLCrashReporterNSError.m -o /Users/jasonlee/Library/Developer/Xcode/DerivedData/Notch-ddzsfiyxyoauidejndllmosklbkq/Build/Intermediates.noindex/PLCrashReporter.build/Release/CrashReporter.build/Objects-normal/arm64/PLCrashReporterNSError.o

SwiftDriverJobDiscovery normal x86_64 Compiling resource_bundle_accessor.swift, CarbonKeyboardShortcuts.swift, Key.swift, KeyboardShortcuts.swift, NSMenuItem++.swift, Name.swift, Recorder.swift, RecorderCocoa.swift, Shortcut.swift, Utilities.swift, ViewModifiers.swift (in target 'KeyboardShortcuts' from project 'KeyboardShortcuts')

SwiftDriver\ Compilation\ Requirements KeyboardShortcuts normal x86_64 com.apple.xcode.tools.swift.compiler (in target 'KeyboardShortcuts' from project 'KeyboardShortcuts')
    cd /Users/jasonlee/Coding/App/Notch/Notch.xcodeproj
    builtin-Swift-Compilation-Requirements -- /Applications/Xcode.app/Contents/Developer/Toolchains/XcodeDefault.xctoolchain/usr/bin/swiftc -module-name KeyboardShortcuts -O -whole-module-optimization @/Users/jasonlee/Library/Developer/Xcode/DerivedData/Notch-ddzsfiyxyoauidejndllmosklbkq/Build/Intermediates.noindex/KeyboardShortcuts.build/Release/KeyboardShortcuts.build/Objects-normal/x86_64/KeyboardShortcuts.SwiftFileList -DSWIFT_PACKAGE -DSWIFT_MODULE_RESOURCE_BUNDLE_AVAILABLE -DXcode -plugin-path /Applications/Xcode.app/Contents/Developer/Toolchains/XcodeDefault.xctoolchain/usr/lib/swift/host/plugins/testing -enable-experimental-feature DebugDescriptionMacro -sdk /Applications/Xcode.app/Contents/Developer/Platforms/MacOSX.platform/Developer/SDKs/MacOSX26.4.sdk -target x86_64-apple-macos10.15 -g -module-cache-path /Users/jasonlee/Library/Developer/Xcode/DerivedData/ModuleCache.noindex -Xfrontend -serialize-debugging-options -profile-coverage-mapping -profile-generate -suppress-warnings -swift-version 5 -I /Users/jasonlee/Library/Developer/Xcode/DerivedData/Notch-ddzsfiyxyoauidejndllmosklbkq/Build/Products/Release -Isystem /Applications/Xcode.app/Contents/Developer/Platforms/MacOSX.platform/Developer/usr/lib -F /Users/jasonlee/Library/Developer/Xcode/DerivedData/Notch-ddzsfiyxyoauidejndllmosklbkq/Build/Products/Release -F /Applications/Xcode.app/Contents/Developer/Platforms/MacOSX.platform/Developer/Library/Frameworks -emit-localized-strings -emit-localized-strings-path /Users/jasonlee/Library/Developer/Xcode/DerivedData/Notch-ddzsfiyxyoauidejndllmosklbkq/Build/Intermediates.noindex/KeyboardShortcuts.build/Release/KeyboardShortcuts.build/Objects-normal/x86_64 -c -num-threads 12 -Xcc -ivfsstatcache -Xcc /Users/jasonlee/Library/Developer/Xcode/DerivedData/SDKStatCaches.noindex/macosx26.4-25E251-30f9ca8789b706f8bd3fc906a70d770f.sdkstatcache -output-file-map /Users/jasonlee/Library/Developer/Xcode/DerivedData/Notch-ddzsfiyxyoauidejndllmosklbkq/Build/Intermediates.noindex/KeyboardShortcuts.build/Release/KeyboardShortcuts.build/Objects-normal/x86_64/KeyboardShortcuts-OutputFileMap.json -use-frontend-parseable-output -save-temps -no-color-diagnostics -explicit-module-build -module-cache-path /Users/jasonlee/Library/Developer/Xcode/DerivedData/Notch-ddzsfiyxyoauidejndllmosklbkq/Build/Intermediates.noindex/SwiftExplicitPrecompiledModules -clang-scanner-module-cache-path /Users/jasonlee/Library/Developer/Xcode/DerivedData/ModuleCache.noindex -sdk-module-cache-path /Users/jasonlee/Library/Developer/Xcode/DerivedData/ModuleCache.noindex -serialize-diagnostics -emit-dependencies -emit-module -emit-module-path /Users/jasonlee/Library/Developer/Xcode/DerivedData/Notch-ddzsfiyxyoauidejndllmosklbkq/Build/Intermediates.noindex/KeyboardShortcuts.build/Release/KeyboardShortcuts.build/Objects-normal/x86_64/KeyboardShortcuts.swiftmodule -user-module-version 2.4.0 -validate-clang-modules-once -clang-build-session-file /Users/jasonlee/Library/Developer/Xcode/DerivedData/ModuleCache.noindex/Session.modulevalidation -package-name keyboardshortcuts -Xcc -I/Users/jasonlee/Library/Developer/Xcode/DerivedData/Notch-ddzsfiyxyoauidejndllmosklbkq/Build/Intermediates.noindex/KeyboardShortcuts.build/Release/KeyboardShortcuts.build/swift-overrides.hmap -emit-const-values -Xfrontend -const-gather-protocols-file -Xfrontend /Users/jasonlee/Library/Developer/Xcode/DerivedData/Notch-ddzsfiyxyoauidejndllmosklbkq/Build/Intermediates.noindex/KeyboardShortcuts.build/Release/KeyboardShortcuts.build/Objects-normal/x86_64/KeyboardShortcuts_const_extract_protocols.json -Xcc -I/Users/jasonlee/Library/Developer/Xcode/DerivedData/Notch-ddzsfiyxyoauidejndllmosklbkq/Build/Products/Release/include -Xcc -I/Users/jasonlee/Library/Developer/Xcode/DerivedData/Notch-ddzsfiyxyoauidejndllmosklbkq/Build/Intermediates.noindex/KeyboardShortcuts.build/Release/KeyboardShortcuts.build/DerivedSources-normal/x86_64 -Xcc -I/Users/jasonlee/Library/Developer/Xcode/DerivedData/Notch-ddzsfiyxyoauidejndllmosklbkq/Build/Intermediates.noindex/KeyboardShortcuts.build/Release/KeyboardShortcuts.build/DerivedSources/x86_64 -Xcc -I/Users/jasonlee/Library/Developer/Xcode/DerivedData/Notch-ddzsfiyxyoauidejndllmosklbkq/Build/Intermediates.noindex/KeyboardShortcuts.build/Release/KeyboardShortcuts.build/DerivedSources -Xcc -DSWIFT_PACKAGE -emit-objc-header -emit-objc-header-path /Users/jasonlee/Library/Developer/Xcode/DerivedData/Notch-ddzsfiyxyoauidejndllmosklbkq/Build/Intermediates.noindex/KeyboardShortcuts.build/Release/KeyboardShortcuts.build/Objects-normal/x86_64/KeyboardShortcuts-Swift.h -working-directory /Users/jasonlee/Coding/App/Notch/Notch.xcodeproj -no-emit-module-separately-wmo

CompileC /Users/jasonlee/Library/Developer/Xcode/DerivedData/Notch-ddzsfiyxyoauidejndllmosklbkq/Build/Intermediates.noindex/PLCrashReporter.build/Release/CrashReporter.build/Objects-normal/arm64/PLCrashReporterConfig.o /Users/jasonlee/Library/Developer/Xcode/DerivedData/Notch-ddzsfiyxyoauidejndllmosklbkq/SourcePackages/checkouts/plcrashreporter/Source/PLCrashReporterConfig.m normal arm64 objective-c com.apple.compilers.llvm.clang.1_0.compiler (in target 'CrashReporter' from project 'PLCrashReporter')
    cd /Users/jasonlee/Coding/App/Notch/Notch.xcodeproj
    
    Using response file: /Users/jasonlee/Library/Developer/Xcode/DerivedData/Notch-ddzsfiyxyoauidejndllmosklbkq/Build/Intermediates.noindex/PLCrashReporter.build/Release/CrashReporter.build/Objects-normal/arm64/e6072d4f65d7061329687fe24e3d63a7-common-args.resp
    
    /Applications/Xcode.app/Contents/Developer/Toolchains/XcodeDefault.xctoolchain/usr/bin/clang -x objective-c -ivfsstatcache /Users/jasonlee/Library/Developer/Xcode/DerivedData/SDKStatCaches.noindex/macosx26.4-25E251-30f9ca8789b706f8bd3fc906a70d770f.sdkstatcache -target arm64-apple-macos10.13 -fmessage-length\=0 -fdiagnostics-show-note-include-stack -fmacro-backtrace-limit\=0 -fno-color-diagnostics -fmodules-prune-interval\=86400 -fmodules-prune-after\=345600 -fbuild-session-file\=/Users/jasonlee/Library/Developer/Xcode/DerivedData/ModuleCache.noindex/Session.modulevalidation -fmodules-validate-once-per-build-session -Wnon-modular-include-in-framework-module -Werror\=non-modular-include-in-framework-module -Wno-trigraphs -Wno-missing-field-initializers -Wno-missing-prototypes -Wno-return-type -Wno-implicit-atomic-properties -Wno-objc-interface-ivars -Wno-arc-repeated-use-of-weak -Wno-missing-braces -Wparentheses -Wswitch -Wno-unused-function -Wno-unused-label -Wno-unused-parameter -Wno-unused-variable -Wunused-value -Wno-empty-body -Wno-uninitialized -Wno-unknown-pragmas -w -Wno-shadow -Wno-four-char-constants -Wno-conversion -Wno-constant-conversion -Wno-int-conversion -Wno-bool-conversion -Wno-enum-conversion -Wno-float-conversion -Wno-non-literal-null-conversion -Wno-objc-literal-conversion -Wshorten-64-to-32 -Wpointer-sign -Wno-newline-eof -Wno-selector -Wno-strict-selector-match -Wno-undeclared-selector -Wno-deprecated-implementations -Wno-implicit-fallthrough -isysroot /Applications/Xcode.app/Contents/Developer/Platforms/MacOSX.platform/Developer/SDKs/MacOSX26.4.sdk -fstrict-aliasing -Wprotocol -Wdeprecated-declarations -Wno-sign-conversion -Wno-infinite-recursion -Wno-comma -Wno-block-capture-autoreleasing -Wno-strict-prototypes -Wno-semicolon-before-method-body @/Users/jasonlee/Library/Developer/Xcode/DerivedData/Notch-ddzsfiyxyoauidejndllmosklbkq/Build/Intermediates.noindex/PLCrashReporter.build/Release/CrashReporter.build/Objects-normal/arm64/e6072d4f65d7061329687fe24e3d63a7-common-args.resp -include /Users/jasonlee/Library/Developer/Xcode/DerivedData/Notch-ddzsfiyxyoauidejndllmosklbkq/Build/Intermediates.noindex/PLCrashReporter.build/Release/CrashReporter.build/DerivedSources/resource_bundle_accessor.h -MMD -MT dependencies -MF /Users/jasonlee/Library/Developer/Xcode/DerivedData/Notch-ddzsfiyxyoauidejndllmosklbkq/Build/Intermediates.noindex/PLCrashReporter.build/Release/CrashReporter.build/Objects-normal/arm64/PLCrashReporterConfig.d --serialize-diagnostics /Users/jasonlee/Library/Developer/Xcode/DerivedData/Notch-ddzsfiyxyoauidejndllmosklbkq/Build/Intermediates.noindex/PLCrashReporter.build/Release/CrashReporter.build/Objects-normal/arm64/PLCrashReporterConfig.dia -c /Users/jasonlee/Library/Developer/Xcode/DerivedData/Notch-ddzsfiyxyoauidejndllmosklbkq/SourcePackages/checkouts/plcrashreporter/Source/PLCrashReporterConfig.m -o /Users/jasonlee/Library/Developer/Xcode/DerivedData/Notch-ddzsfiyxyoauidejndllmosklbkq/Build/Intermediates.noindex/PLCrashReporter.build/Release/CrashReporter.build/Objects-normal/arm64/PLCrashReporterConfig.o

SwiftMergeGeneratedHeaders /Users/jasonlee/Library/Developer/Xcode/DerivedData/Notch-ddzsfiyxyoauidejndllmosklbkq/Build/Intermediates.noindex/GeneratedModuleMaps/KeyboardShortcuts-Swift.h /Users/jasonlee/Library/Developer/Xcode/DerivedData/Notch-ddzsfiyxyoauidejndllmosklbkq/Build/Intermediates.noindex/KeyboardShortcuts.build/Release/KeyboardShortcuts.build/Objects-normal/arm64/KeyboardShortcuts-Swift.h /Users/jasonlee/Library/Developer/Xcode/DerivedData/Notch-ddzsfiyxyoauidejndllmosklbkq/Build/Intermediates.noindex/KeyboardShortcuts.build/Release/KeyboardShortcuts.build/Objects-normal/x86_64/KeyboardShortcuts-Swift.h (in target 'KeyboardShortcuts' from project 'KeyboardShortcuts')
    cd /Users/jasonlee/Library/Developer/Xcode/DerivedData/Notch-ddzsfiyxyoauidejndllmosklbkq/SourcePackages/checkouts/KeyboardShortcuts
    builtin-swiftHeaderTool -arch arm64 /Users/jasonlee/Library/Developer/Xcode/DerivedData/Notch-ddzsfiyxyoauidejndllmosklbkq/Build/Intermediates.noindex/KeyboardShortcuts.build/Release/KeyboardShortcuts.build/Objects-normal/arm64/KeyboardShortcuts-Swift.h -arch x86_64 /Users/jasonlee/Library/Developer/Xcode/DerivedData/Notch-ddzsfiyxyoauidejndllmosklbkq/Build/Intermediates.noindex/KeyboardShortcuts.build/Release/KeyboardShortcuts.build/Objects-normal/x86_64/KeyboardShortcuts-Swift.h -o /Users/jasonlee/Library/Developer/Xcode/DerivedData/Notch-ddzsfiyxyoauidejndllmosklbkq/Build/Intermediates.noindex/GeneratedModuleMaps/KeyboardShortcuts-Swift.h

Copy /Users/jasonlee/Library/Developer/Xcode/DerivedData/Notch-ddzsfiyxyoauidejndllmosklbkq/Build/Products/Release/KeyboardShortcuts.swiftmodule/x86_64-apple-macos.swiftmodule /Users/jasonlee/Library/Developer/Xcode/DerivedData/Notch-ddzsfiyxyoauidejndllmosklbkq/Build/Intermediates.noindex/KeyboardShortcuts.build/Release/KeyboardShortcuts.build/Objects-normal/x86_64/KeyboardShortcuts.swiftmodule (in target 'KeyboardShortcuts' from project 'KeyboardShortcuts')
    cd /Users/jasonlee/Library/Developer/Xcode/DerivedData/Notch-ddzsfiyxyoauidejndllmosklbkq/SourcePackages/checkouts/KeyboardShortcuts
    builtin-copy -exclude .DS_Store -exclude CVS -exclude .svn -exclude .git -exclude .hg -strip-unsigned-binaries -strip-deterministic -strip-tool /Applications/Xcode.app/Contents/Developer/Toolchains/XcodeDefault.xctoolchain/usr/bin/strip -resolve-src-symlinks -rename /Users/jasonlee/Library/Developer/Xcode/DerivedData/Notch-ddzsfiyxyoauidejndllmosklbkq/Build/Intermediates.noindex/KeyboardShortcuts.build/Release/KeyboardShortcuts.build/Objects-normal/x86_64/KeyboardShortcuts.swiftmodule /Users/jasonlee/Library/Developer/Xcode/DerivedData/Notch-ddzsfiyxyoauidejndllmosklbkq/Build/Products/Release/KeyboardShortcuts.swiftmodule/x86_64-apple-macos.swiftmodule

Copy /Users/jasonlee/Library/Developer/Xcode/DerivedData/Notch-ddzsfiyxyoauidejndllmosklbkq/Build/Products/Release/KeyboardShortcuts.swiftmodule/x86_64-apple-macos.swiftdoc /Users/jasonlee/Library/Developer/Xcode/DerivedData/Notch-ddzsfiyxyoauidejndllmosklbkq/Build/Intermediates.noindex/KeyboardShortcuts.build/Release/KeyboardShortcuts.build/Objects-normal/x86_64/KeyboardShortcuts.swiftdoc (in target 'KeyboardShortcuts' from project 'KeyboardShortcuts')
    cd /Users/jasonlee/Library/Developer/Xcode/DerivedData/Notch-ddzsfiyxyoauidejndllmosklbkq/SourcePackages/checkouts/KeyboardShortcuts
    builtin-copy -exclude .DS_Store -exclude CVS -exclude .svn -exclude .git -exclude .hg -strip-unsigned-binaries -strip-deterministic -strip-tool /Applications/Xcode.app/Contents/Developer/Toolchains/XcodeDefault.xctoolchain/usr/bin/strip -resolve-src-symlinks -rename /Users/jasonlee/Library/Developer/Xcode/DerivedData/Notch-ddzsfiyxyoauidejndllmosklbkq/Build/Intermediates.noindex/KeyboardShortcuts.build/Release/KeyboardShortcuts.build/Objects-normal/x86_64/KeyboardShortcuts.swiftdoc /Users/jasonlee/Library/Developer/Xcode/DerivedData/Notch-ddzsfiyxyoauidejndllmosklbkq/Build/Products/Release/KeyboardShortcuts.swiftmodule/x86_64-apple-macos.swiftdoc

Copy /Users/jasonlee/Library/Developer/Xcode/DerivedData/Notch-ddzsfiyxyoauidejndllmosklbkq/Build/Products/Release/KeyboardShortcuts.swiftmodule/x86_64-apple-macos.abi.json /Users/jasonlee/Library/Developer/Xcode/DerivedData/Notch-ddzsfiyxyoauidejndllmosklbkq/Build/Intermediates.noindex/KeyboardShortcuts.build/Release/KeyboardShortcuts.build/Objects-normal/x86_64/KeyboardShortcuts.abi.json (in target 'KeyboardShortcuts' from project 'KeyboardShortcuts')
    cd /Users/jasonlee/Library/Developer/Xcode/DerivedData/Notch-ddzsfiyxyoauidejndllmosklbkq/SourcePackages/checkouts/KeyboardShortcuts
    builtin-copy -exclude .DS_Store -exclude CVS -exclude .svn -exclude .git -exclude .hg -strip-unsigned-binaries -strip-deterministic -strip-tool /Applications/Xcode.app/Contents/Developer/Toolchains/XcodeDefault.xctoolchain/usr/bin/strip -resolve-src-symlinks -rename /Users/jasonlee/Library/Developer/Xcode/DerivedData/Notch-ddzsfiyxyoauidejndllmosklbkq/Build/Intermediates.noindex/KeyboardShortcuts.build/Release/KeyboardShortcuts.build/Objects-normal/x86_64/KeyboardShortcuts.abi.json /Users/jasonlee/Library/Developer/Xcode/DerivedData/Notch-ddzsfiyxyoauidejndllmosklbkq/Build/Products/Release/KeyboardShortcuts.swiftmodule/x86_64-apple-macos.abi.json

Copy /Users/jasonlee/Library/Developer/Xcode/DerivedData/Notch-ddzsfiyxyoauidejndllmosklbkq/Build/Products/Release/KeyboardShortcuts.swiftmodule/Project/x86_64-apple-macos.swiftsourceinfo /Users/jasonlee/Library/Developer/Xcode/DerivedData/Notch-ddzsfiyxyoauidejndllmosklbkq/Build/Intermediates.noindex/KeyboardShortcuts.build/Release/KeyboardShortcuts.build/Objects-normal/x86_64/KeyboardShortcuts.swiftsourceinfo (in target 'KeyboardShortcuts' from project 'KeyboardShortcuts')
    cd /Users/jasonlee/Library/Developer/Xcode/DerivedData/Notch-ddzsfiyxyoauidejndllmosklbkq/SourcePackages/checkouts/KeyboardShortcuts
    builtin-copy -exclude .DS_Store -exclude CVS -exclude .svn -exclude .git -exclude .hg -strip-unsigned-binaries -strip-deterministic -strip-tool /Applications/Xcode.app/Contents/Developer/Toolchains/XcodeDefault.xctoolchain/usr/bin/strip -resolve-src-symlinks -rename /Users/jasonlee/Library/Developer/Xcode/DerivedData/Notch-ddzsfiyxyoauidejndllmosklbkq/Build/Intermediates.noindex/KeyboardShortcuts.build/Release/KeyboardShortcuts.build/Objects-normal/x86_64/KeyboardShortcuts.swiftsourceinfo /Users/jasonlee/Library/Developer/Xcode/DerivedData/Notch-ddzsfiyxyoauidejndllmosklbkq/Build/Products/Release/KeyboardShortcuts.swiftmodule/Project/x86_64-apple-macos.swiftsourceinfo

CompileC /Users/jasonlee/Library/Developer/Xcode/DerivedData/Notch-ddzsfiyxyoauidejndllmosklbkq/Build/Intermediates.noindex/PLCrashReporter.build/Release/CrashReporter.build/Objects-normal/arm64/PLCrashReporter.o /Users/jasonlee/Library/Developer/Xcode/DerivedData/Notch-ddzsfiyxyoauidejndllmosklbkq/SourcePackages/checkouts/plcrashreporter/Source/PLCrashReporter.m normal arm64 objective-c com.apple.compilers.llvm.clang.1_0.compiler (in target 'CrashReporter' from project 'PLCrashReporter')
    cd /Users/jasonlee/Coding/App/Notch/Notch.xcodeproj
    
    Using response file: /Users/jasonlee/Library/Developer/Xcode/DerivedData/Notch-ddzsfiyxyoauidejndllmosklbkq/Build/Intermediates.noindex/PLCrashReporter.build/Release/CrashReporter.build/Objects-normal/arm64/e6072d4f65d7061329687fe24e3d63a7-common-args.resp
    
    /Applications/Xcode.app/Contents/Developer/Toolchains/XcodeDefault.xctoolchain/usr/bin/clang -x objective-c -ivfsstatcache /Users/jasonlee/Library/Developer/Xcode/DerivedData/SDKStatCaches.noindex/macosx26.4-25E251-30f9ca8789b706f8bd3fc906a70d770f.sdkstatcache -target arm64-apple-macos10.13 -fmessage-length\=0 -fdiagnostics-show-note-include-stack -fmacro-backtrace-limit\=0 -fno-color-diagnostics -fmodules-prune-interval\=86400 -fmodules-prune-after\=345600 -fbuild-session-file\=/Users/jasonlee/Library/Developer/Xcode/DerivedData/ModuleCache.noindex/Session.modulevalidation -fmodules-validate-once-per-build-session -Wnon-modular-include-in-framework-module -Werror\=non-modular-include-in-framework-module -Wno-trigraphs -Wno-missing-field-initializers -Wno-missing-prototypes -Wno-return-type -Wno-implicit-atomic-properties -Wno-objc-interface-ivars -Wno-arc-repeated-use-of-weak -Wno-missing-braces -Wparentheses -Wswitch -Wno-unused-function -Wno-unused-label -Wno-unused-parameter -Wno-unused-variable -Wunused-value -Wno-empty-body -Wno-uninitialized -Wno-unknown-pragmas -w -Wno-shadow -Wno-four-char-constants -Wno-conversion -Wno-constant-conversion -Wno-int-conversion -Wno-bool-conversion -Wno-enum-conversion -Wno-float-conversion -Wno-non-literal-null-conversion -Wno-objc-literal-conversion -Wshorten-64-to-32 -Wpointer-sign -Wno-newline-eof -Wno-selector -Wno-strict-selector-match -Wno-undeclared-selector -Wno-deprecated-implementations -Wno-implicit-fallthrough -isysroot /Applications/Xcode.app/Contents/Developer/Platforms/MacOSX.platform/Developer/SDKs/MacOSX26.4.sdk -fstrict-aliasing -Wprotocol -Wdeprecated-declarations -Wno-sign-conversion -Wno-infinite-recursion -Wno-comma -Wno-block-capture-autoreleasing -Wno-strict-prototypes -Wno-semicolon-before-method-body @/Users/jasonlee/Library/Developer/Xcode/DerivedData/Notch-ddzsfiyxyoauidejndllmosklbkq/Build/Intermediates.noindex/PLCrashReporter.build/Release/CrashReporter.build/Objects-normal/arm64/e6072d4f65d7061329687fe24e3d63a7-common-args.resp -include /Users/jasonlee/Library/Developer/Xcode/DerivedData/Notch-ddzsfiyxyoauidejndllmosklbkq/Build/Intermediates.noindex/PLCrashReporter.build/Release/CrashReporter.build/DerivedSources/resource_bundle_accessor.h -MMD -MT dependencies -MF /Users/jasonlee/Library/Developer/Xcode/DerivedData/Notch-ddzsfiyxyoauidejndllmosklbkq/Build/Intermediates.noindex/PLCrashReporter.build/Release/CrashReporter.build/Objects-normal/arm64/PLCrashReporter.d --serialize-diagnostics /Users/jasonlee/Library/Developer/Xcode/DerivedData/Notch-ddzsfiyxyoauidejndllmosklbkq/Build/Intermediates.noindex/PLCrashReporter.build/Release/CrashReporter.build/Objects-normal/arm64/PLCrashReporter.dia -c /Users/jasonlee/Library/Developer/Xcode/DerivedData/Notch-ddzsfiyxyoauidejndllmosklbkq/SourcePackages/checkouts/plcrashreporter/Source/PLCrashReporter.m -o /Users/jasonlee/Library/Developer/Xcode/DerivedData/Notch-ddzsfiyxyoauidejndllmosklbkq/Build/Intermediates.noindex/PLCrashReporter.build/Release/CrashReporter.build/Objects-normal/arm64/PLCrashReporter.o

CompileC /Users/jasonlee/Library/Developer/Xcode/DerivedData/Notch-ddzsfiyxyoauidejndllmosklbkq/Build/Intermediates.noindex/PLCrashReporter.build/Release/CrashReporter.build/Objects-normal/arm64/PLCrashReportThreadInfo.o /Users/jasonlee/Library/Developer/Xcode/DerivedData/Notch-ddzsfiyxyoauidejndllmosklbkq/SourcePackages/checkouts/plcrashreporter/Source/PLCrashReportThreadInfo.m normal arm64 objective-c com.apple.compilers.llvm.clang.1_0.compiler (in target 'CrashReporter' from project 'PLCrashReporter')
    cd /Users/jasonlee/Coding/App/Notch/Notch.xcodeproj
    
    Using response file: /Users/jasonlee/Library/Developer/Xcode/DerivedData/Notch-ddzsfiyxyoauidejndllmosklbkq/Build/Intermediates.noindex/PLCrashReporter.build/Release/CrashReporter.build/Objects-normal/arm64/e6072d4f65d7061329687fe24e3d63a7-common-args.resp
    
    /Applications/Xcode.app/Contents/Developer/Toolchains/XcodeDefault.xctoolchain/usr/bin/clang -x objective-c -ivfsstatcache /Users/jasonlee/Library/Developer/Xcode/DerivedData/SDKStatCaches.noindex/macosx26.4-25E251-30f9ca8789b706f8bd3fc906a70d770f.sdkstatcache -target arm64-apple-macos10.13 -fmessage-length\=0 -fdiagnostics-show-note-include-stack -fmacro-backtrace-limit\=0 -fno-color-diagnostics -fmodules-prune-interval\=86400 -fmodules-prune-after\=345600 -fbuild-session-file\=/Users/jasonlee/Library/Developer/Xcode/DerivedData/ModuleCache.noindex/Session.modulevalidation -fmodules-validate-once-per-build-session -Wnon-modular-include-in-framework-module -Werror\=non-modular-include-in-framework-module -Wno-trigraphs -Wno-missing-field-initializers -Wno-missing-prototypes -Wno-return-type -Wno-implicit-atomic-properties -Wno-objc-interface-ivars -Wno-arc-repeated-use-of-weak -Wno-missing-braces -Wparentheses -Wswitch -Wno-unused-function -Wno-unused-label -Wno-unused-parameter -Wno-unused-variable -Wunused-value -Wno-empty-body -Wno-uninitialized -Wno-unknown-pragmas -w -Wno-shadow -Wno-four-char-constants -Wno-conversion -Wno-constant-conversion -Wno-int-conversion -Wno-bool-conversion -Wno-enum-conversion -Wno-float-conversion -Wno-non-literal-null-conversion -Wno-objc-literal-conversion -Wshorten-64-to-32 -Wpointer-sign -Wno-newline-eof -Wno-selector -Wno-strict-selector-match -Wno-undeclared-selector -Wno-deprecated-implementations -Wno-implicit-fallthrough -isysroot /Applications/Xcode.app/Contents/Developer/Platforms/MacOSX.platform/Developer/SDKs/MacOSX26.4.sdk -fstrict-aliasing -Wprotocol -Wdeprecated-declarations -Wno-sign-conversion -Wno-infinite-recursion -Wno-comma -Wno-block-capture-autoreleasing -Wno-strict-prototypes -Wno-semicolon-before-method-body @/Users/jasonlee/Library/Developer/Xcode/DerivedData/Notch-ddzsfiyxyoauidejndllmosklbkq/Build/Intermediates.noindex/PLCrashReporter.build/Release/CrashReporter.build/Objects-normal/arm64/e6072d4f65d7061329687fe24e3d63a7-common-args.resp -include /Users/jasonlee/Library/Developer/Xcode/DerivedData/Notch-ddzsfiyxyoauidejndllmosklbkq/Build/Intermediates.noindex/PLCrashReporter.build/Release/CrashReporter.build/DerivedSources/resource_bundle_accessor.h -MMD -MT dependencies -MF /Users/jasonlee/Library/Developer/Xcode/DerivedData/Notch-ddzsfiyxyoauidejndllmosklbkq/Build/Intermediates.noindex/PLCrashReporter.build/Release/CrashReporter.build/Objects-normal/arm64/PLCrashReportThreadInfo.d --serialize-diagnostics /Users/jasonlee/Library/Developer/Xcode/DerivedData/Notch-ddzsfiyxyoauidejndllmosklbkq/Build/Intermediates.noindex/PLCrashReporter.build/Release/CrashReporter.build/Objects-normal/arm64/PLCrashReportThreadInfo.dia -c /Users/jasonlee/Library/Developer/Xcode/DerivedData/Notch-ddzsfiyxyoauidejndllmosklbkq/SourcePackages/checkouts/plcrashreporter/Source/PLCrashReportThreadInfo.m -o /Users/jasonlee/Library/Developer/Xcode/DerivedData/Notch-ddzsfiyxyoauidejndllmosklbkq/Build/Intermediates.noindex/PLCrashReporter.build/Release/CrashReporter.build/Objects-normal/arm64/PLCrashReportThreadInfo.o

CompileC /Users/jasonlee/Library/Developer/Xcode/DerivedData/Notch-ddzsfiyxyoauidejndllmosklbkq/Build/Intermediates.noindex/PLCrashReporter.build/Release/CrashReporter.build/Objects-normal/arm64/PLCrashReportTextFormatter.o /Users/jasonlee/Library/Developer/Xcode/DerivedData/Notch-ddzsfiyxyoauidejndllmosklbkq/SourcePackages/checkouts/plcrashreporter/Source/PLCrashReportTextFormatter.m normal arm64 objective-c com.apple.compilers.llvm.clang.1_0.compiler (in target 'CrashReporter' from project 'PLCrashReporter')
    cd /Users/jasonlee/Coding/App/Notch/Notch.xcodeproj
    
    Using response file: /Users/jasonlee/Library/Developer/Xcode/DerivedData/Notch-ddzsfiyxyoauidejndllmosklbkq/Build/Intermediates.noindex/PLCrashReporter.build/Release/CrashReporter.build/Objects-normal/arm64/e6072d4f65d7061329687fe24e3d63a7-common-args.resp
    
    /Applications/Xcode.app/Contents/Developer/Toolchains/XcodeDefault.xctoolchain/usr/bin/clang -x objective-c -ivfsstatcache /Users/jasonlee/Library/Developer/Xcode/DerivedData/SDKStatCaches.noindex/macosx26.4-25E251-30f9ca8789b706f8bd3fc906a70d770f.sdkstatcache -target arm64-apple-macos10.13 -fmessage-length\=0 -fdiagnostics-show-note-include-stack -fmacro-backtrace-limit\=0 -fno-color-diagnostics -fmodules-prune-interval\=86400 -fmodules-prune-after\=345600 -fbuild-session-file\=/Users/jasonlee/Library/Developer/Xcode/DerivedData/ModuleCache.noindex/Session.modulevalidation -fmodules-validate-once-per-build-session -Wnon-modular-include-in-framework-module -Werror\=non-modular-include-in-framework-module -Wno-trigraphs -Wno-missing-field-initializers -Wno-missing-prototypes -Wno-return-type -Wno-implicit-atomic-properties -Wno-objc-interface-ivars -Wno-arc-repeated-use-of-weak -Wno-missing-braces -Wparentheses -Wswitch -Wno-unused-function -Wno-unused-label -Wno-unused-parameter -Wno-unused-variable -Wunused-value -Wno-empty-body -Wno-uninitialized -Wno-unknown-pragmas -w -Wno-shadow -Wno-four-char-constants -Wno-conversion -Wno-constant-conversion -Wno-int-conversion -Wno-bool-conversion -Wno-enum-conversion -Wno-float-conversion -Wno-non-literal-null-conversion -Wno-objc-literal-conversion -Wshorten-64-to-32 -Wpointer-sign -Wno-newline-eof -Wno-selector -Wno-strict-selector-match -Wno-undeclared-selector -Wno-deprecated-implementations -Wno-implicit-fallthrough -isysroot /Applications/Xcode.app/Contents/Developer/Platforms/MacOSX.platform/Developer/SDKs/MacOSX26.4.sdk -fstrict-aliasing -Wprotocol -Wdeprecated-declarations -Wno-sign-conversion -Wno-infinite-recursion -Wno-comma -Wno-block-capture-autoreleasing -Wno-strict-prototypes -Wno-semicolon-before-method-body @/Users/jasonlee/Library/Developer/Xcode/DerivedData/Notch-ddzsfiyxyoauidejndllmosklbkq/Build/Intermediates.noindex/PLCrashReporter.build/Release/CrashReporter.build/Objects-normal/arm64/e6072d4f65d7061329687fe24e3d63a7-common-args.resp -include /Users/jasonlee/Library/Developer/Xcode/DerivedData/Notch-ddzsfiyxyoauidejndllmosklbkq/Build/Intermediates.noindex/PLCrashReporter.build/Release/CrashReporter.build/DerivedSources/resource_bundle_accessor.h -MMD -MT dependencies -MF /Users/jasonlee/Library/Developer/Xcode/DerivedData/Notch-ddzsfiyxyoauidejndllmosklbkq/Build/Intermediates.noindex/PLCrashReporter.build/Release/CrashReporter.build/Objects-normal/arm64/PLCrashReportTextFormatter.d --serialize-diagnostics /Users/jasonlee/Library/Developer/Xcode/DerivedData/Notch-ddzsfiyxyoauidejndllmosklbkq/Build/Intermediates.noindex/PLCrashReporter.build/Release/CrashReporter.build/Objects-normal/arm64/PLCrashReportTextFormatter.dia -c /Users/jasonlee/Library/Developer/Xcode/DerivedData/Notch-ddzsfiyxyoauidejndllmosklbkq/SourcePackages/checkouts/plcrashreporter/Source/PLCrashReportTextFormatter.m -o /Users/jasonlee/Library/Developer/Xcode/DerivedData/Notch-ddzsfiyxyoauidejndllmosklbkq/Build/Intermediates.noindex/PLCrashReporter.build/Release/CrashReporter.build/Objects-normal/arm64/PLCrashReportTextFormatter.o

CompileC /Users/jasonlee/Library/Developer/Xcode/DerivedData/Notch-ddzsfiyxyoauidejndllmosklbkq/Build/Intermediates.noindex/PLCrashReporter.build/Release/CrashReporter.build/Objects-normal/arm64/PLCrashReportSystemInfo.o /Users/jasonlee/Library/Developer/Xcode/DerivedData/Notch-ddzsfiyxyoauidejndllmosklbkq/SourcePackages/checkouts/plcrashreporter/Source/PLCrashReportSystemInfo.m normal arm64 objective-c com.apple.compilers.llvm.clang.1_0.compiler (in target 'CrashReporter' from project 'PLCrashReporter')
    cd /Users/jasonlee/Coding/App/Notch/Notch.xcodeproj
    
    Using response file: /Users/jasonlee/Library/Developer/Xcode/DerivedData/Notch-ddzsfiyxyoauidejndllmosklbkq/Build/Intermediates.noindex/PLCrashReporter.build/Release/CrashReporter.build/Objects-normal/arm64/e6072d4f65d7061329687fe24e3d63a7-common-args.resp
    
    /Applications/Xcode.app/Contents/Developer/Toolchains/XcodeDefault.xctoolchain/usr/bin/clang -x objective-c -ivfsstatcache /Users/jasonlee/Library/Developer/Xcode/DerivedData/SDKStatCaches.noindex/macosx26.4-25E251-30f9ca8789b706f8bd3fc906a70d770f.sdkstatcache -target arm64-apple-macos10.13 -fmessage-length\=0 -fdiagnostics-show-note-include-stack -fmacro-backtrace-limit\=0 -fno-color-diagnostics -fmodules-prune-interval\=86400 -fmodules-prune-after\=345600 -fbuild-session-file\=/Users/jasonlee/Library/Developer/Xcode/DerivedData/ModuleCache.noindex/Session.modulevalidation -fmodules-validate-once-per-build-session -Wnon-modular-include-in-framework-module -Werror\=non-modular-include-in-framework-module -Wno-trigraphs -Wno-missing-field-initializers -Wno-missing-prototypes -Wno-return-type -Wno-implicit-atomic-properties -Wno-objc-interface-ivars -Wno-arc-repeated-use-of-weak -Wno-missing-braces -Wparentheses -Wswitch -Wno-unused-function -Wno-unused-label -Wno-unused-parameter -Wno-unused-variable -Wunused-value -Wno-empty-body -Wno-uninitialized -Wno-unknown-pragmas -w -Wno-shadow -Wno-four-char-constants -Wno-conversion -Wno-constant-conversion -Wno-int-conversion -Wno-bool-conversion -Wno-enum-conversion -Wno-float-conversion -Wno-non-literal-null-conversion -Wno-objc-literal-conversion -Wshorten-64-to-32 -Wpointer-sign -Wno-newline-eof -Wno-selector -Wno-strict-selector-match -Wno-undeclared-selector -Wno-deprecated-implementations -Wno-implicit-fallthrough -isysroot /Applications/Xcode.app/Contents/Developer/Platforms/MacOSX.platform/Developer/SDKs/MacOSX26.4.sdk -fstrict-aliasing -Wprotocol -Wdeprecated-declarations -Wno-sign-conversion -Wno-infinite-recursion -Wno-comma -Wno-block-capture-autoreleasing -Wno-strict-prototypes -Wno-semicolon-before-method-body @/Users/jasonlee/Library/Developer/Xcode/DerivedData/Notch-ddzsfiyxyoauidejndllmosklbkq/Build/Intermediates.noindex/PLCrashReporter.build/Release/CrashReporter.build/Objects-normal/arm64/e6072d4f65d7061329687fe24e3d63a7-common-args.resp -include /Users/jasonlee/Library/Developer/Xcode/DerivedData/Notch-ddzsfiyxyoauidejndllmosklbkq/Build/Intermediates.noindex/PLCrashReporter.build/Release/CrashReporter.build/DerivedSources/resource_bundle_accessor.h -MMD -MT dependencies -MF /Users/jasonlee/Library/Developer/Xcode/DerivedData/Notch-ddzsfiyxyoauidejndllmosklbkq/Build/Intermediates.noindex/PLCrashReporter.build/Release/CrashReporter.build/Objects-normal/arm64/PLCrashReportSystemInfo.d --serialize-diagnostics /Users/jasonlee/Library/Developer/Xcode/DerivedData/Notch-ddzsfiyxyoauidejndllmosklbkq/Build/Intermediates.noindex/PLCrashReporter.build/Release/CrashReporter.build/Objects-normal/arm64/PLCrashReportSystemInfo.dia -c /Users/jasonlee/Library/Developer/Xcode/DerivedData/Notch-ddzsfiyxyoauidejndllmosklbkq/SourcePackages/checkouts/plcrashreporter/Source/PLCrashReportSystemInfo.m -o /Users/jasonlee/Library/Developer/Xcode/DerivedData/Notch-ddzsfiyxyoauidejndllmosklbkq/Build/Intermediates.noindex/PLCrashReporter.build/Release/CrashReporter.build/Objects-normal/arm64/PLCrashReportSystemInfo.o

CompileC /Users/jasonlee/Library/Developer/Xcode/DerivedData/Notch-ddzsfiyxyoauidejndllmosklbkq/Build/Intermediates.noindex/PLCrashReporter.build/Release/CrashReporter.build/Objects-normal/arm64/PLCrashReportSymbolInfo.o /Users/jasonlee/Library/Developer/Xcode/DerivedData/Notch-ddzsfiyxyoauidejndllmosklbkq/SourcePackages/checkouts/plcrashreporter/Source/PLCrashReportSymbolInfo.m normal arm64 objective-c com.apple.compilers.llvm.clang.1_0.compiler (in target 'CrashReporter' from project 'PLCrashReporter')
    cd /Users/jasonlee/Coding/App/Notch/Notch.xcodeproj
    
    Using response file: /Users/jasonlee/Library/Developer/Xcode/DerivedData/Notch-ddzsfiyxyoauidejndllmosklbkq/Build/Intermediates.noindex/PLCrashReporter.build/Release/CrashReporter.build/Objects-normal/arm64/e6072d4f65d7061329687fe24e3d63a7-common-args.resp
    
    /Applications/Xcode.app/Contents/Developer/Toolchains/XcodeDefault.xctoolchain/usr/bin/clang -x objective-c -ivfsstatcache /Users/jasonlee/Library/Developer/Xcode/DerivedData/SDKStatCaches.noindex/macosx26.4-25E251-30f9ca8789b706f8bd3fc906a70d770f.sdkstatcache -target arm64-apple-macos10.13 -fmessage-length\=0 -fdiagnostics-show-note-include-stack -fmacro-backtrace-limit\=0 -fno-color-diagnostics -fmodules-prune-interval\=86400 -fmodules-prune-after\=345600 -fbuild-session-file\=/Users/jasonlee/Library/Developer/Xcode/DerivedData/ModuleCache.noindex/Session.modulevalidation -fmodules-validate-once-per-build-session -Wnon-modular-include-in-framework-module -Werror\=non-modular-include-in-framework-module -Wno-trigraphs -Wno-missing-field-initializers -Wno-missing-prototypes -Wno-return-type -Wno-implicit-atomic-properties -Wno-objc-interface-ivars -Wno-arc-repeated-use-of-weak -Wno-missing-braces -Wparentheses -Wswitch -Wno-unused-function -Wno-unused-label -Wno-unused-parameter -Wno-unused-variable -Wunused-value -Wno-empty-body -Wno-uninitialized -Wno-unknown-pragmas -w -Wno-shadow -Wno-four-char-constants -Wno-conversion -Wno-constant-conversion -Wno-int-conversion -Wno-bool-conversion -Wno-enum-conversion -Wno-float-conversion -Wno-non-literal-null-conversion -Wno-objc-literal-conversion -Wshorten-64-to-32 -Wpointer-sign -Wno-newline-eof -Wno-selector -Wno-strict-selector-match -Wno-undeclared-selector -Wno-deprecated-implementations -Wno-implicit-fallthrough -isysroot /Applications/Xcode.app/Contents/Developer/Platforms/MacOSX.platform/Developer/SDKs/MacOSX26.4.sdk -fstrict-aliasing -Wprotocol -Wdeprecated-declarations -Wno-sign-conversion -Wno-infinite-recursion -Wno-comma -Wno-block-capture-autoreleasing -Wno-strict-prototypes -Wno-semicolon-before-method-body @/Users/jasonlee/Library/Developer/Xcode/DerivedData/Notch-ddzsfiyxyoauidejndllmosklbkq/Build/Intermediates.noindex/PLCrashReporter.build/Release/CrashReporter.build/Objects-normal/arm64/e6072d4f65d7061329687fe24e3d63a7-common-args.resp -include /Users/jasonlee/Library/Developer/Xcode/DerivedData/Notch-ddzsfiyxyoauidejndllmosklbkq/Build/Intermediates.noindex/PLCrashReporter.build/Release/CrashReporter.build/DerivedSources/resource_bundle_accessor.h -MMD -MT dependencies -MF /Users/jasonlee/Library/Developer/Xcode/DerivedData/Notch-ddzsfiyxyoauidejndllmosklbkq/Build/Intermediates.noindex/PLCrashReporter.build/Release/CrashReporter.build/Objects-normal/arm64/PLCrashReportSymbolInfo.d --serialize-diagnostics /Users/jasonlee/Library/Developer/Xcode/DerivedData/Notch-ddzsfiyxyoauidejndllmosklbkq/Build/Intermediates.noindex/PLCrashReporter.build/Release/CrashReporter.build/Objects-normal/arm64/PLCrashReportSymbolInfo.dia -c /Users/jasonlee/Library/Developer/Xcode/DerivedData/Notch-ddzsfiyxyoauidejndllmosklbkq/SourcePackages/checkouts/plcrashreporter/Source/PLCrashReportSymbolInfo.m -o /Users/jasonlee/Library/Developer/Xcode/DerivedData/Notch-ddzsfiyxyoauidejndllmosklbkq/Build/Intermediates.noindex/PLCrashReporter.build/Release/CrashReporter.build/Objects-normal/arm64/PLCrashReportSymbolInfo.o

CompileC /Users/jasonlee/Library/Developer/Xcode/DerivedData/Notch-ddzsfiyxyoauidejndllmosklbkq/Build/Intermediates.noindex/PLCrashReporter.build/Release/CrashReporter.build/Objects-normal/arm64/PLCrashReportSignalInfo.o /Users/jasonlee/Library/Developer/Xcode/DerivedData/Notch-ddzsfiyxyoauidejndllmosklbkq/SourcePackages/checkouts/plcrashreporter/Source/PLCrashReportSignalInfo.m normal arm64 objective-c com.apple.compilers.llvm.clang.1_0.compiler (in target 'CrashReporter' from project 'PLCrashReporter')
    cd /Users/jasonlee/Coding/App/Notch/Notch.xcodeproj
    
    Using response file: /Users/jasonlee/Library/Developer/Xcode/DerivedData/Notch-ddzsfiyxyoauidejndllmosklbkq/Build/Intermediates.noindex/PLCrashReporter.build/Release/CrashReporter.build/Objects-normal/arm64/e6072d4f65d7061329687fe24e3d63a7-common-args.resp
    
    /Applications/Xcode.app/Contents/Developer/Toolchains/XcodeDefault.xctoolchain/usr/bin/clang -x objective-c -ivfsstatcache /Users/jasonlee/Library/Developer/Xcode/DerivedData/SDKStatCaches.noindex/macosx26.4-25E251-30f9ca8789b706f8bd3fc906a70d770f.sdkstatcache -target arm64-apple-macos10.13 -fmessage-length\=0 -fdiagnostics-show-note-include-stack -fmacro-backtrace-limit\=0 -fno-color-diagnostics -fmodules-prune-interval\=86400 -fmodules-prune-after\=345600 -fbuild-session-file\=/Users/jasonlee/Library/Developer/Xcode/DerivedData/ModuleCache.noindex/Session.modulevalidation -fmodules-validate-once-per-build-session -Wnon-modular-include-in-framework-module -Werror\=non-modular-include-in-framework-module -Wno-trigraphs -Wno-missing-field-initializers -Wno-missing-prototypes -Wno-return-type -Wno-implicit-atomic-properties -Wno-objc-interface-ivars -Wno-arc-repeated-use-of-weak -Wno-missing-braces -Wparentheses -Wswitch -Wno-unused-function -Wno-unused-label -Wno-unused-parameter -Wno-unused-variable -Wunused-value -Wno-empty-body -Wno-uninitialized -Wno-unknown-pragmas -w -Wno-shadow -Wno-four-char-constants -Wno-conversion -Wno-constant-conversion -Wno-int-conversion -Wno-bool-conversion -Wno-enum-conversion -Wno-float-conversion -Wno-non-literal-null-conversion -Wno-objc-literal-conversion -Wshorten-64-to-32 -Wpointer-sign -Wno-newline-eof -Wno-selector -Wno-strict-selector-match -Wno-undeclared-selector -Wno-deprecated-implementations -Wno-implicit-fallthrough -isysroot /Applications/Xcode.app/Contents/Developer/Platforms/MacOSX.platform/Developer/SDKs/MacOSX26.4.sdk -fstrict-aliasing -Wprotocol -Wdeprecated-declarations -Wno-sign-conversion -Wno-infinite-recursion -Wno-comma -Wno-block-capture-autoreleasing -Wno-strict-prototypes -Wno-semicolon-before-method-body @/Users/jasonlee/Library/Developer/Xcode/DerivedData/Notch-ddzsfiyxyoauidejndllmosklbkq/Build/Intermediates.noindex/PLCrashReporter.build/Release/CrashReporter.build/Objects-normal/arm64/e6072d4f65d7061329687fe24e3d63a7-common-args.resp -include /Users/jasonlee/Library/Developer/Xcode/DerivedData/Notch-ddzsfiyxyoauidejndllmosklbkq/Build/Intermediates.noindex/PLCrashReporter.build/Release/CrashReporter.build/DerivedSources/resource_bundle_accessor.h -MMD -MT dependencies -MF /Users/jasonlee/Library/Developer/Xcode/DerivedData/Notch-ddzsfiyxyoauidejndllmosklbkq/Build/Intermediates.noindex/PLCrashReporter.build/Release/CrashReporter.build/Objects-normal/arm64/PLCrashReportSignalInfo.d --serialize-diagnostics /Users/jasonlee/Library/Developer/Xcode/DerivedData/Notch-ddzsfiyxyoauidejndllmosklbkq/Build/Intermediates.noindex/PLCrashReporter.build/Release/CrashReporter.build/Objects-normal/arm64/PLCrashReportSignalInfo.dia -c /Users/jasonlee/Library/Developer/Xcode/DerivedData/Notch-ddzsfiyxyoauidejndllmosklbkq/SourcePackages/checkouts/plcrashreporter/Source/PLCrashReportSignalInfo.m -o /Users/jasonlee/Library/Developer/Xcode/DerivedData/Notch-ddzsfiyxyoauidejndllmosklbkq/Build/Intermediates.noindex/PLCrashReporter.build/Release/CrashReporter.build/Objects-normal/arm64/PLCrashReportSignalInfo.o

CompileC /Users/jasonlee/Library/Developer/Xcode/DerivedData/Notch-ddzsfiyxyoauidejndllmosklbkq/Build/Intermediates.noindex/PLCrashReporter.build/Release/CrashReporter.build/Objects-normal/arm64/PLCrashReportStackFrameInfo.o /Users/jasonlee/Library/Developer/Xcode/DerivedData/Notch-ddzsfiyxyoauidejndllmosklbkq/SourcePackages/checkouts/plcrashreporter/Source/PLCrashReportStackFrameInfo.m normal arm64 objective-c com.apple.compilers.llvm.clang.1_0.compiler (in target 'CrashReporter' from project 'PLCrashReporter')
    cd /Users/jasonlee/Coding/App/Notch/Notch.xcodeproj
    
    Using response file: /Users/jasonlee/Library/Developer/Xcode/DerivedData/Notch-ddzsfiyxyoauidejndllmosklbkq/Build/Intermediates.noindex/PLCrashReporter.build/Release/CrashReporter.build/Objects-normal/arm64/e6072d4f65d7061329687fe24e3d63a7-common-args.resp
    
    /Applications/Xcode.app/Contents/Developer/Toolchains/XcodeDefault.xctoolchain/usr/bin/clang -x objective-c -ivfsstatcache /Users/jasonlee/Library/Developer/Xcode/DerivedData/SDKStatCaches.noindex/macosx26.4-25E251-30f9ca8789b706f8bd3fc906a70d770f.sdkstatcache -target arm64-apple-macos10.13 -fmessage-length\=0 -fdiagnostics-show-note-include-stack -fmacro-backtrace-limit\=0 -fno-color-diagnostics -fmodules-prune-interval\=86400 -fmodules-prune-after\=345600 -fbuild-session-file\=/Users/jasonlee/Library/Developer/Xcode/DerivedData/ModuleCache.noindex/Session.modulevalidation -fmodules-validate-once-per-build-session -Wnon-modular-include-in-framework-module -Werror\=non-modular-include-in-framework-module -Wno-trigraphs -Wno-missing-field-initializers -Wno-missing-prototypes -Wno-return-type -Wno-implicit-atomic-properties -Wno-objc-interface-ivars -Wno-arc-repeated-use-of-weak -Wno-missing-braces -Wparentheses -Wswitch -Wno-unused-function -Wno-unused-label -Wno-unused-parameter -Wno-unused-variable -Wunused-value -Wno-empty-body -Wno-uninitialized -Wno-unknown-pragmas -w -Wno-shadow -Wno-four-char-constants -Wno-conversion -Wno-constant-conversion -Wno-int-conversion -Wno-bool-conversion -Wno-enum-conversion -Wno-float-conversion -Wno-non-literal-null-conversion -Wno-objc-literal-conversion -Wshorten-64-to-32 -Wpointer-sign -Wno-newline-eof -Wno-selector -Wno-strict-selector-match -Wno-undeclared-selector -Wno-deprecated-implementations -Wno-implicit-fallthrough -isysroot /Applications/Xcode.app/Contents/Developer/Platforms/MacOSX.platform/Developer/SDKs/MacOSX26.4.sdk -fstrict-aliasing -Wprotocol -Wdeprecated-declarations -Wno-sign-conversion -Wno-infinite-recursion -Wno-comma -Wno-block-capture-autoreleasing -Wno-strict-prototypes -Wno-semicolon-before-method-body @/Users/jasonlee/Library/Developer/Xcode/DerivedData/Notch-ddzsfiyxyoauidejndllmosklbkq/Build/Intermediates.noindex/PLCrashReporter.build/Release/CrashReporter.build/Objects-normal/arm64/e6072d4f65d7061329687fe24e3d63a7-common-args.resp -include /Users/jasonlee/Library/Developer/Xcode/DerivedData/Notch-ddzsfiyxyoauidejndllmosklbkq/Build/Intermediates.noindex/PLCrashReporter.build/Release/CrashReporter.build/DerivedSources/resource_bundle_accessor.h -MMD -MT dependencies -MF /Users/jasonlee/Library/Developer/Xcode/DerivedData/Notch-ddzsfiyxyoauidejndllmosklbkq/Build/Intermediates.noindex/PLCrashReporter.build/Release/CrashReporter.build/Objects-normal/arm64/PLCrashReportStackFrameInfo.d --serialize-diagnostics /Users/jasonlee/Library/Developer/Xcode/DerivedData/Notch-ddzsfiyxyoauidejndllmosklbkq/Build/Intermediates.noindex/PLCrashReporter.build/Release/CrashReporter.build/Objects-normal/arm64/PLCrashReportStackFrameInfo.dia -c /Users/jasonlee/Library/Developer/Xcode/DerivedData/Notch-ddzsfiyxyoauidejndllmosklbkq/SourcePackages/checkouts/plcrashreporter/Source/PLCrashReportStackFrameInfo.m -o /Users/jasonlee/Library/Developer/Xcode/DerivedData/Notch-ddzsfiyxyoauidejndllmosklbkq/Build/Intermediates.noindex/PLCrashReporter.build/Release/CrashReporter.build/Objects-normal/arm64/PLCrashReportStackFrameInfo.o

CompileC /Users/jasonlee/Library/Developer/Xcode/DerivedData/Notch-ddzsfiyxyoauidejndllmosklbkq/Build/Intermediates.noindex/PLCrashReporter.build/Release/CrashReporter.build/Objects-normal/arm64/PLCrashReportRegisterInfo.o /Users/jasonlee/Library/Developer/Xcode/DerivedData/Notch-ddzsfiyxyoauidejndllmosklbkq/SourcePackages/checkouts/plcrashreporter/Source/PLCrashReportRegisterInfo.m normal arm64 objective-c com.apple.compilers.llvm.clang.1_0.compiler (in target 'CrashReporter' from project 'PLCrashReporter')
    cd /Users/jasonlee/Coding/App/Notch/Notch.xcodeproj
    
    Using response file: /Users/jasonlee/Library/Developer/Xcode/DerivedData/Notch-ddzsfiyxyoauidejndllmosklbkq/Build/Intermediates.noindex/PLCrashReporter.build/Release/CrashReporter.build/Objects-normal/arm64/e6072d4f65d7061329687fe24e3d63a7-common-args.resp
    
    /Applications/Xcode.app/Contents/Developer/Toolchains/XcodeDefault.xctoolchain/usr/bin/clang -x objective-c -ivfsstatcache /Users/jasonlee/Library/Developer/Xcode/DerivedData/SDKStatCaches.noindex/macosx26.4-25E251-30f9ca8789b706f8bd3fc906a70d770f.sdkstatcache -target arm64-apple-macos10.13 -fmessage-length\=0 -fdiagnostics-show-note-include-stack -fmacro-backtrace-limit\=0 -fno-color-diagnostics -fmodules-prune-interval\=86400 -fmodules-prune-after\=345600 -fbuild-session-file\=/Users/jasonlee/Library/Developer/Xcode/DerivedData/ModuleCache.noindex/Session.modulevalidation -fmodules-validate-once-per-build-session -Wnon-modular-include-in-framework-module -Werror\=non-modular-include-in-framework-module -Wno-trigraphs -Wno-missing-field-initializers -Wno-missing-prototypes -Wno-return-type -Wno-implicit-atomic-properties -Wno-objc-interface-ivars -Wno-arc-repeated-use-of-weak -Wno-missing-braces -Wparentheses -Wswitch -Wno-unused-function -Wno-unused-label -Wno-unused-parameter -Wno-unused-variable -Wunused-value -Wno-empty-body -Wno-uninitialized -Wno-unknown-pragmas -w -Wno-shadow -Wno-four-char-constants -Wno-conversion -Wno-constant-conversion -Wno-int-conversion -Wno-bool-conversion -Wno-enum-conversion -Wno-float-conversion -Wno-non-literal-null-conversion -Wno-objc-literal-conversion -Wshorten-64-to-32 -Wpointer-sign -Wno-newline-eof -Wno-selector -Wno-strict-selector-match -Wno-undeclared-selector -Wno-deprecated-implementations -Wno-implicit-fallthrough -isysroot /Applications/Xcode.app/Contents/Developer/Platforms/MacOSX.platform/Developer/SDKs/MacOSX26.4.sdk -fstrict-aliasing -Wprotocol -Wdeprecated-declarations -Wno-sign-conversion -Wno-infinite-recursion -Wno-comma -Wno-block-capture-autoreleasing -Wno-strict-prototypes -Wno-semicolon-before-method-body @/Users/jasonlee/Library/Developer/Xcode/DerivedData/Notch-ddzsfiyxyoauidejndllmosklbkq/Build/Intermediates.noindex/PLCrashReporter.build/Release/CrashReporter.build/Objects-normal/arm64/e6072d4f65d7061329687fe24e3d63a7-common-args.resp -include /Users/jasonlee/Library/Developer/Xcode/DerivedData/Notch-ddzsfiyxyoauidejndllmosklbkq/Build/Intermediates.noindex/PLCrashReporter.build/Release/CrashReporter.build/DerivedSources/resource_bundle_accessor.h -MMD -MT dependencies -MF /Users/jasonlee/Library/Developer/Xcode/DerivedData/Notch-ddzsfiyxyoauidejndllmosklbkq/Build/Intermediates.noindex/PLCrashReporter.build/Release/CrashReporter.build/Objects-normal/arm64/PLCrashReportRegisterInfo.d --serialize-diagnostics /Users/jasonlee/Library/Developer/Xcode/DerivedData/Notch-ddzsfiyxyoauidejndllmosklbkq/Build/Intermediates.noindex/PLCrashReporter.build/Release/CrashReporter.build/Objects-normal/arm64/PLCrashReportRegisterInfo.dia -c /Users/jasonlee/Library/Developer/Xcode/DerivedData/Notch-ddzsfiyxyoauidejndllmosklbkq/SourcePackages/checkouts/plcrashreporter/Source/PLCrashReportRegisterInfo.m -o /Users/jasonlee/Library/Developer/Xcode/DerivedData/Notch-ddzsfiyxyoauidejndllmosklbkq/Build/Intermediates.noindex/PLCrashReporter.build/Release/CrashReporter.build/Objects-normal/arm64/PLCrashReportRegisterInfo.o

Ld /Users/jasonlee/Library/Developer/Xcode/DerivedData/Notch-ddzsfiyxyoauidejndllmosklbkq/Build/Intermediates.noindex/PLCrashReporter.build/Release/CrashReporter.build/Objects-normal/x86_64/Binary/CrashReporter.o normal x86_64 (in target 'CrashReporter' from project 'PLCrashReporter')
    cd /Users/jasonlee/Library/Developer/Xcode/DerivedData/Notch-ddzsfiyxyoauidejndllmosklbkq/SourcePackages/checkouts/plcrashreporter
    /Applications/Xcode.app/Contents/Developer/Toolchains/XcodeDefault.xctoolchain/usr/bin/clang++ -Xlinker -reproducible -target x86_64-apple-macos10.13 -r -isysroot /Applications/Xcode.app/Contents/Developer/Platforms/MacOSX.platform/Developer/SDKs/MacOSX26.4.sdk -Os -w -F/Users/jasonlee/Library/Developer/Xcode/DerivedData/Notch-ddzsfiyxyoauidejndllmosklbkq/Build/Intermediates.noindex/EagerLinkingTBDs/Release -F/Users/jasonlee/Library/Developer/Xcode/DerivedData/Notch-ddzsfiyxyoauidejndllmosklbkq/Build/Products/Release -iframework /Applications/Xcode.app/Contents/Developer/Platforms/MacOSX.platform/Developer/Library/Frameworks -filelist /Users/jasonlee/Library/Developer/Xcode/DerivedData/Notch-ddzsfiyxyoauidejndllmosklbkq/Build/Intermediates.noindex/PLCrashReporter.build/Release/CrashReporter.build/Objects-normal/x86_64/CrashReporter.LinkFileList -nostdlib -Xlinker -object_path_lto -Xlinker /Users/jasonlee/Library/Developer/Xcode/DerivedData/Notch-ddzsfiyxyoauidejndllmosklbkq/Build/Intermediates.noindex/PLCrashReporter.build/Release/CrashReporter.build/Objects-normal/x86_64/CrashReporter_lto.o -Xlinker -debug_variant -Xlinker -dependency_info -Xlinker /Users/jasonlee/Library/Developer/Xcode/DerivedData/Notch-ddzsfiyxyoauidejndllmosklbkq/Build/Intermediates.noindex/PLCrashReporter.build/Release/CrashReporter.build/Objects-normal/x86_64/CrashReporter_dependency_info.dat -fobjc-arc -fobjc-link-runtime -o /Users/jasonlee/Library/Developer/Xcode/DerivedData/Notch-ddzsfiyxyoauidejndllmosklbkq/Build/Intermediates.noindex/PLCrashReporter.build/Release/CrashReporter.build/Objects-normal/x86_64/Binary/CrashReporter.o

CompileC /Users/jasonlee/Library/Developer/Xcode/DerivedData/Notch-ddzsfiyxyoauidejndllmosklbkq/Build/Intermediates.noindex/PLCrashReporter.build/Release/CrashReporter.build/Objects-normal/arm64/PLCrashReportProcessorInfo.o /Users/jasonlee/Library/Developer/Xcode/DerivedData/Notch-ddzsfiyxyoauidejndllmosklbkq/SourcePackages/checkouts/plcrashreporter/Source/PLCrashReportProcessorInfo.m normal arm64 objective-c com.apple.compilers.llvm.clang.1_0.compiler (in target 'CrashReporter' from project 'PLCrashReporter')
    cd /Users/jasonlee/Coding/App/Notch/Notch.xcodeproj
    
    Using response file: /Users/jasonlee/Library/Developer/Xcode/DerivedData/Notch-ddzsfiyxyoauidejndllmosklbkq/Build/Intermediates.noindex/PLCrashReporter.build/Release/CrashReporter.build/Objects-normal/arm64/e6072d4f65d7061329687fe24e3d63a7-common-args.resp
    
    /Applications/Xcode.app/Contents/Developer/Toolchains/XcodeDefault.xctoolchain/usr/bin/clang -x objective-c -ivfsstatcache /Users/jasonlee/Library/Developer/Xcode/DerivedData/SDKStatCaches.noindex/macosx26.4-25E251-30f9ca8789b706f8bd3fc906a70d770f.sdkstatcache -target arm64-apple-macos10.13 -fmessage-length\=0 -fdiagnostics-show-note-include-stack -fmacro-backtrace-limit\=0 -fno-color-diagnostics -fmodules-prune-interval\=86400 -fmodules-prune-after\=345600 -fbuild-session-file\=/Users/jasonlee/Library/Developer/Xcode/DerivedData/ModuleCache.noindex/Session.modulevalidation -fmodules-validate-once-per-build-session -Wnon-modular-include-in-framework-module -Werror\=non-modular-include-in-framework-module -Wno-trigraphs -Wno-missing-field-initializers -Wno-missing-prototypes -Wno-return-type -Wno-implicit-atomic-properties -Wno-objc-interface-ivars -Wno-arc-repeated-use-of-weak -Wno-missing-braces -Wparentheses -Wswitch -Wno-unused-function -Wno-unused-label -Wno-unused-parameter -Wno-unused-variable -Wunused-value -Wno-empty-body -Wno-uninitialized -Wno-unknown-pragmas -w -Wno-shadow -Wno-four-char-constants -Wno-conversion -Wno-constant-conversion -Wno-int-conversion -Wno-bool-conversion -Wno-enum-conversion -Wno-float-conversion -Wno-non-literal-null-conversion -Wno-objc-literal-conversion -Wshorten-64-to-32 -Wpointer-sign -Wno-newline-eof -Wno-selector -Wno-strict-selector-match -Wno-undeclared-selector -Wno-deprecated-implementations -Wno-implicit-fallthrough -isysroot /Applications/Xcode.app/Contents/Developer/Platforms/MacOSX.platform/Developer/SDKs/MacOSX26.4.sdk -fstrict-aliasing -Wprotocol -Wdeprecated-declarations -Wno-sign-conversion -Wno-infinite-recursion -Wno-comma -Wno-block-capture-autoreleasing -Wno-strict-prototypes -Wno-semicolon-before-method-body @/Users/jasonlee/Library/Developer/Xcode/DerivedData/Notch-ddzsfiyxyoauidejndllmosklbkq/Build/Intermediates.noindex/PLCrashReporter.build/Release/CrashReporter.build/Objects-normal/arm64/e6072d4f65d7061329687fe24e3d63a7-common-args.resp -include /Users/jasonlee/Library/Developer/Xcode/DerivedData/Notch-ddzsfiyxyoauidejndllmosklbkq/Build/Intermediates.noindex/PLCrashReporter.build/Release/CrashReporter.build/DerivedSources/resource_bundle_accessor.h -MMD -MT dependencies -MF /Users/jasonlee/Library/Developer/Xcode/DerivedData/Notch-ddzsfiyxyoauidejndllmosklbkq/Build/Intermediates.noindex/PLCrashReporter.build/Release/CrashReporter.build/Objects-normal/arm64/PLCrashReportProcessorInfo.d --serialize-diagnostics /Users/jasonlee/Library/Developer/Xcode/DerivedData/Notch-ddzsfiyxyoauidejndllmosklbkq/Build/Intermediates.noindex/PLCrashReporter.build/Release/CrashReporter.build/Objects-normal/arm64/PLCrashReportProcessorInfo.dia -c /Users/jasonlee/Library/Developer/Xcode/DerivedData/Notch-ddzsfiyxyoauidejndllmosklbkq/SourcePackages/checkouts/plcrashreporter/Source/PLCrashReportProcessorInfo.m -o /Users/jasonlee/Library/Developer/Xcode/DerivedData/Notch-ddzsfiyxyoauidejndllmosklbkq/Build/Intermediates.noindex/PLCrashReporter.build/Release/CrashReporter.build/Objects-normal/arm64/PLCrashReportProcessorInfo.o

CompileC /Users/jasonlee/Library/Developer/Xcode/DerivedData/Notch-ddzsfiyxyoauidejndllmosklbkq/Build/Intermediates.noindex/PLCrashReporter.build/Release/CrashReporter.build/Objects-normal/arm64/PLCrashReportMachineInfo.o /Users/jasonlee/Library/Developer/Xcode/DerivedData/Notch-ddzsfiyxyoauidejndllmosklbkq/SourcePackages/checkouts/plcrashreporter/Source/PLCrashReportMachineInfo.m normal arm64 objective-c com.apple.compilers.llvm.clang.1_0.compiler (in target 'CrashReporter' from project 'PLCrashReporter')
    cd /Users/jasonlee/Coding/App/Notch/Notch.xcodeproj
    
    Using response file: /Users/jasonlee/Library/Developer/Xcode/DerivedData/Notch-ddzsfiyxyoauidejndllmosklbkq/Build/Intermediates.noindex/PLCrashReporter.build/Release/CrashReporter.build/Objects-normal/arm64/e6072d4f65d7061329687fe24e3d63a7-common-args.resp
    
    /Applications/Xcode.app/Contents/Developer/Toolchains/XcodeDefault.xctoolchain/usr/bin/clang -x objective-c -ivfsstatcache /Users/jasonlee/Library/Developer/Xcode/DerivedData/SDKStatCaches.noindex/macosx26.4-25E251-30f9ca8789b706f8bd3fc906a70d770f.sdkstatcache -target arm64-apple-macos10.13 -fmessage-length\=0 -fdiagnostics-show-note-include-stack -fmacro-backtrace-limit\=0 -fno-color-diagnostics -fmodules-prune-interval\=86400 -fmodules-prune-after\=345600 -fbuild-session-file\=/Users/jasonlee/Library/Developer/Xcode/DerivedData/ModuleCache.noindex/Session.modulevalidation -fmodules-validate-once-per-build-session -Wnon-modular-include-in-framework-module -Werror\=non-modular-include-in-framework-module -Wno-trigraphs -Wno-missing-field-initializers -Wno-missing-prototypes -Wno-return-type -Wno-implicit-atomic-properties -Wno-objc-interface-ivars -Wno-arc-repeated-use-of-weak -Wno-missing-braces -Wparentheses -Wswitch -Wno-unused-function -Wno-unused-label -Wno-unused-parameter -Wno-unused-variable -Wunused-value -Wno-empty-body -Wno-uninitialized -Wno-unknown-pragmas -w -Wno-shadow -Wno-four-char-constants -Wno-conversion -Wno-constant-conversion -Wno-int-conversion -Wno-bool-conversion -Wno-enum-conversion -Wno-float-conversion -Wno-non-literal-null-conversion -Wno-objc-literal-conversion -Wshorten-64-to-32 -Wpointer-sign -Wno-newline-eof -Wno-selector -Wno-strict-selector-match -Wno-undeclared-selector -Wno-deprecated-implementations -Wno-implicit-fallthrough -isysroot /Applications/Xcode.app/Contents/Developer/Platforms/MacOSX.platform/Developer/SDKs/MacOSX26.4.sdk -fstrict-aliasing -Wprotocol -Wdeprecated-declarations -Wno-sign-conversion -Wno-infinite-recursion -Wno-comma -Wno-block-capture-autoreleasing -Wno-strict-prototypes -Wno-semicolon-before-method-body @/Users/jasonlee/Library/Developer/Xcode/DerivedData/Notch-ddzsfiyxyoauidejndllmosklbkq/Build/Intermediates.noindex/PLCrashReporter.build/Release/CrashReporter.build/Objects-normal/arm64/e6072d4f65d7061329687fe24e3d63a7-common-args.resp -include /Users/jasonlee/Library/Developer/Xcode/DerivedData/Notch-ddzsfiyxyoauidejndllmosklbkq/Build/Intermediates.noindex/PLCrashReporter.build/Release/CrashReporter.build/DerivedSources/resource_bundle_accessor.h -MMD -MT dependencies -MF /Users/jasonlee/Library/Developer/Xcode/DerivedData/Notch-ddzsfiyxyoauidejndllmosklbkq/Build/Intermediates.noindex/PLCrashReporter.build/Release/CrashReporter.build/Objects-normal/arm64/PLCrashReportMachineInfo.d --serialize-diagnostics /Users/jasonlee/Library/Developer/Xcode/DerivedData/Notch-ddzsfiyxyoauidejndllmosklbkq/Build/Intermediates.noindex/PLCrashReporter.build/Release/CrashReporter.build/Objects-normal/arm64/PLCrashReportMachineInfo.dia -c /Users/jasonlee/Library/Developer/Xcode/DerivedData/Notch-ddzsfiyxyoauidejndllmosklbkq/SourcePackages/checkouts/plcrashreporter/Source/PLCrashReportMachineInfo.m -o /Users/jasonlee/Library/Developer/Xcode/DerivedData/Notch-ddzsfiyxyoauidejndllmosklbkq/Build/Intermediates.noindex/PLCrashReporter.build/Release/CrashReporter.build/Objects-normal/arm64/PLCrashReportMachineInfo.o

CompileC /Users/jasonlee/Library/Developer/Xcode/DerivedData/Notch-ddzsfiyxyoauidejndllmosklbkq/Build/Intermediates.noindex/PLCrashReporter.build/Release/CrashReporter.build/Objects-normal/arm64/PLCrashReportMachExceptionInfo.o /Users/jasonlee/Library/Developer/Xcode/DerivedData/Notch-ddzsfiyxyoauidejndllmosklbkq/SourcePackages/checkouts/plcrashreporter/Source/PLCrashReportMachExceptionInfo.m normal arm64 objective-c com.apple.compilers.llvm.clang.1_0.compiler (in target 'CrashReporter' from project 'PLCrashReporter')
    cd /Users/jasonlee/Coding/App/Notch/Notch.xcodeproj
    
    Using response file: /Users/jasonlee/Library/Developer/Xcode/DerivedData/Notch-ddzsfiyxyoauidejndllmosklbkq/Build/Intermediates.noindex/PLCrashReporter.build/Release/CrashReporter.build/Objects-normal/arm64/e6072d4f65d7061329687fe24e3d63a7-common-args.resp
    
    /Applications/Xcode.app/Contents/Developer/Toolchains/XcodeDefault.xctoolchain/usr/bin/clang -x objective-c -ivfsstatcache /Users/jasonlee/Library/Developer/Xcode/DerivedData/SDKStatCaches.noindex/macosx26.4-25E251-30f9ca8789b706f8bd3fc906a70d770f.sdkstatcache -target arm64-apple-macos10.13 -fmessage-length\=0 -fdiagnostics-show-note-include-stack -fmacro-backtrace-limit\=0 -fno-color-diagnostics -fmodules-prune-interval\=86400 -fmodules-prune-after\=345600 -fbuild-session-file\=/Users/jasonlee/Library/Developer/Xcode/DerivedData/ModuleCache.noindex/Session.modulevalidation -fmodules-validate-once-per-build-session -Wnon-modular-include-in-framework-module -Werror\=non-modular-include-in-framework-module -Wno-trigraphs -Wno-missing-field-initializers -Wno-missing-prototypes -Wno-return-type -Wno-implicit-atomic-properties -Wno-objc-interface-ivars -Wno-arc-repeated-use-of-weak -Wno-missing-braces -Wparentheses -Wswitch -Wno-unused-function -Wno-unused-label -Wno-unused-parameter -Wno-unused-variable -Wunused-value -Wno-empty-body -Wno-uninitialized -Wno-unknown-pragmas -w -Wno-shadow -Wno-four-char-constants -Wno-conversion -Wno-constant-conversion -Wno-int-conversion -Wno-bool-conversion -Wno-enum-conversion -Wno-float-conversion -Wno-non-literal-null-conversion -Wno-objc-literal-conversion -Wshorten-64-to-32 -Wpointer-sign -Wno-newline-eof -Wno-selector -Wno-strict-selector-match -Wno-undeclared-selector -Wno-deprecated-implementations -Wno-implicit-fallthrough -isysroot /Applications/Xcode.app/Contents/Developer/Platforms/MacOSX.platform/Developer/SDKs/MacOSX26.4.sdk -fstrict-aliasing -Wprotocol -Wdeprecated-declarations -Wno-sign-conversion -Wno-infinite-recursion -Wno-comma -Wno-block-capture-autoreleasing -Wno-strict-prototypes -Wno-semicolon-before-method-body @/Users/jasonlee/Library/Developer/Xcode/DerivedData/Notch-ddzsfiyxyoauidejndllmosklbkq/Build/Intermediates.noindex/PLCrashReporter.build/Release/CrashReporter.build/Objects-normal/arm64/e6072d4f65d7061329687fe24e3d63a7-common-args.resp -include /Users/jasonlee/Library/Developer/Xcode/DerivedData/Notch-ddzsfiyxyoauidejndllmosklbkq/Build/Intermediates.noindex/PLCrashReporter.build/Release/CrashReporter.build/DerivedSources/resource_bundle_accessor.h -MMD -MT dependencies -MF /Users/jasonlee/Library/Developer/Xcode/DerivedData/Notch-ddzsfiyxyoauidejndllmosklbkq/Build/Intermediates.noindex/PLCrashReporter.build/Release/CrashReporter.build/Objects-normal/arm64/PLCrashReportMachExceptionInfo.d --serialize-diagnostics /Users/jasonlee/Library/Developer/Xcode/DerivedData/Notch-ddzsfiyxyoauidejndllmosklbkq/Build/Intermediates.noindex/PLCrashReporter.build/Release/CrashReporter.build/Objects-normal/arm64/PLCrashReportMachExceptionInfo.dia -c /Users/jasonlee/Library/Developer/Xcode/DerivedData/Notch-ddzsfiyxyoauidejndllmosklbkq/SourcePackages/checkouts/plcrashreporter/Source/PLCrashReportMachExceptionInfo.m -o /Users/jasonlee/Library/Developer/Xcode/DerivedData/Notch-ddzsfiyxyoauidejndllmosklbkq/Build/Intermediates.noindex/PLCrashReporter.build/Release/CrashReporter.build/Objects-normal/arm64/PLCrashReportMachExceptionInfo.o

CompileC /Users/jasonlee/Library/Developer/Xcode/DerivedData/Notch-ddzsfiyxyoauidejndllmosklbkq/Build/Intermediates.noindex/PLCrashReporter.build/Release/CrashReporter.build/Objects-normal/arm64/PLCrashReportExceptionInfo.o /Users/jasonlee/Library/Developer/Xcode/DerivedData/Notch-ddzsfiyxyoauidejndllmosklbkq/SourcePackages/checkouts/plcrashreporter/Source/PLCrashReportExceptionInfo.m normal arm64 objective-c com.apple.compilers.llvm.clang.1_0.compiler (in target 'CrashReporter' from project 'PLCrashReporter')
    cd /Users/jasonlee/Coding/App/Notch/Notch.xcodeproj
    
    Using response file: /Users/jasonlee/Library/Developer/Xcode/DerivedData/Notch-ddzsfiyxyoauidejndllmosklbkq/Build/Intermediates.noindex/PLCrashReporter.build/Release/CrashReporter.build/Objects-normal/arm64/e6072d4f65d7061329687fe24e3d63a7-common-args.resp
    
    /Applications/Xcode.app/Contents/Developer/Toolchains/XcodeDefault.xctoolchain/usr/bin/clang -x objective-c -ivfsstatcache /Users/jasonlee/Library/Developer/Xcode/DerivedData/SDKStatCaches.noindex/macosx26.4-25E251-30f9ca8789b706f8bd3fc906a70d770f.sdkstatcache -target arm64-apple-macos10.13 -fmessage-length\=0 -fdiagnostics-show-note-include-stack -fmacro-backtrace-limit\=0 -fno-color-diagnostics -fmodules-prune-interval\=86400 -fmodules-prune-after\=345600 -fbuild-session-file\=/Users/jasonlee/Library/Developer/Xcode/DerivedData/ModuleCache.noindex/Session.modulevalidation -fmodules-validate-once-per-build-session -Wnon-modular-include-in-framework-module -Werror\=non-modular-include-in-framework-module -Wno-trigraphs -Wno-missing-field-initializers -Wno-missing-prototypes -Wno-return-type -Wno-implicit-atomic-properties -Wno-objc-interface-ivars -Wno-arc-repeated-use-of-weak -Wno-missing-braces -Wparentheses -Wswitch -Wno-unused-function -Wno-unused-label -Wno-unused-parameter -Wno-unused-variable -Wunused-value -Wno-empty-body -Wno-uninitialized -Wno-unknown-pragmas -w -Wno-shadow -Wno-four-char-constants -Wno-conversion -Wno-constant-conversion -Wno-int-conversion -Wno-bool-conversion -Wno-enum-conversion -Wno-float-conversion -Wno-non-literal-null-conversion -Wno-objc-literal-conversion -Wshorten-64-to-32 -Wpointer-sign -Wno-newline-eof -Wno-selector -Wno-strict-selector-match -Wno-undeclared-selector -Wno-deprecated-implementations -Wno-implicit-fallthrough -isysroot /Applications/Xcode.app/Contents/Developer/Platforms/MacOSX.platform/Developer/SDKs/MacOSX26.4.sdk -fstrict-aliasing -Wprotocol -Wdeprecated-declarations -Wno-sign-conversion -Wno-infinite-recursion -Wno-comma -Wno-block-capture-autoreleasing -Wno-strict-prototypes -Wno-semicolon-before-method-body @/Users/jasonlee/Library/Developer/Xcode/DerivedData/Notch-ddzsfiyxyoauidejndllmosklbkq/Build/Intermediates.noindex/PLCrashReporter.build/Release/CrashReporter.build/Objects-normal/arm64/e6072d4f65d7061329687fe24e3d63a7-common-args.resp -include /Users/jasonlee/Library/Developer/Xcode/DerivedData/Notch-ddzsfiyxyoauidejndllmosklbkq/Build/Intermediates.noindex/PLCrashReporter.build/Release/CrashReporter.build/DerivedSources/resource_bundle_accessor.h -MMD -MT dependencies -MF /Users/jasonlee/Library/Developer/Xcode/DerivedData/Notch-ddzsfiyxyoauidejndllmosklbkq/Build/Intermediates.noindex/PLCrashReporter.build/Release/CrashReporter.build/Objects-normal/arm64/PLCrashReportExceptionInfo.d --serialize-diagnostics /Users/jasonlee/Library/Developer/Xcode/DerivedData/Notch-ddzsfiyxyoauidejndllmosklbkq/Build/Intermediates.noindex/PLCrashReporter.build/Release/CrashReporter.build/Objects-normal/arm64/PLCrashReportExceptionInfo.dia -c /Users/jasonlee/Library/Developer/Xcode/DerivedData/Notch-ddzsfiyxyoauidejndllmosklbkq/SourcePackages/checkouts/plcrashreporter/Source/PLCrashReportExceptionInfo.m -o /Users/jasonlee/Library/Developer/Xcode/DerivedData/Notch-ddzsfiyxyoauidejndllmosklbkq/Build/Intermediates.noindex/PLCrashReporter.build/Release/CrashReporter.build/Objects-normal/arm64/PLCrashReportExceptionInfo.o

CompileC /Users/jasonlee/Library/Developer/Xcode/DerivedData/Notch-ddzsfiyxyoauidejndllmosklbkq/Build/Intermediates.noindex/PLCrashReporter.build/Release/CrashReporter.build/Objects-normal/arm64/PLCrashReportBinaryImageInfo.o /Users/jasonlee/Library/Developer/Xcode/DerivedData/Notch-ddzsfiyxyoauidejndllmosklbkq/SourcePackages/checkouts/plcrashreporter/Source/PLCrashReportBinaryImageInfo.m normal arm64 objective-c com.apple.compilers.llvm.clang.1_0.compiler (in target 'CrashReporter' from project 'PLCrashReporter')
    cd /Users/jasonlee/Coding/App/Notch/Notch.xcodeproj
    
    Using response file: /Users/jasonlee/Library/Developer/Xcode/DerivedData/Notch-ddzsfiyxyoauidejndllmosklbkq/Build/Intermediates.noindex/PLCrashReporter.build/Release/CrashReporter.build/Objects-normal/arm64/e6072d4f65d7061329687fe24e3d63a7-common-args.resp
    
    /Applications/Xcode.app/Contents/Developer/Toolchains/XcodeDefault.xctoolchain/usr/bin/clang -x objective-c -ivfsstatcache /Users/jasonlee/Library/Developer/Xcode/DerivedData/SDKStatCaches.noindex/macosx26.4-25E251-30f9ca8789b706f8bd3fc906a70d770f.sdkstatcache -target arm64-apple-macos10.13 -fmessage-length\=0 -fdiagnostics-show-note-include-stack -fmacro-backtrace-limit\=0 -fno-color-diagnostics -fmodules-prune-interval\=86400 -fmodules-prune-after\=345600 -fbuild-session-file\=/Users/jasonlee/Library/Developer/Xcode/DerivedData/ModuleCache.noindex/Session.modulevalidation -fmodules-validate-once-per-build-session -Wnon-modular-include-in-framework-module -Werror\=non-modular-include-in-framework-module -Wno-trigraphs -Wno-missing-field-initializers -Wno-missing-prototypes -Wno-return-type -Wno-implicit-atomic-properties -Wno-objc-interface-ivars -Wno-arc-repeated-use-of-weak -Wno-missing-braces -Wparentheses -Wswitch -Wno-unused-function -Wno-unused-label -Wno-unused-parameter -Wno-unused-variable -Wunused-value -Wno-empty-body -Wno-uninitialized -Wno-unknown-pragmas -w -Wno-shadow -Wno-four-char-constants -Wno-conversion -Wno-constant-conversion -Wno-int-conversion -Wno-bool-conversion -Wno-enum-conversion -Wno-float-conversion -Wno-non-literal-null-conversion -Wno-objc-literal-conversion -Wshorten-64-to-32 -Wpointer-sign -Wno-newline-eof -Wno-selector -Wno-strict-selector-match -Wno-undeclared-selector -Wno-deprecated-implementations -Wno-implicit-fallthrough -isysroot /Applications/Xcode.app/Contents/Developer/Platforms/MacOSX.platform/Developer/SDKs/MacOSX26.4.sdk -fstrict-aliasing -Wprotocol -Wdeprecated-declarations -Wno-sign-conversion -Wno-infinite-recursion -Wno-comma -Wno-block-capture-autoreleasing -Wno-strict-prototypes -Wno-semicolon-before-method-body @/Users/jasonlee/Library/Developer/Xcode/DerivedData/Notch-ddzsfiyxyoauidejndllmosklbkq/Build/Intermediates.noindex/PLCrashReporter.build/Release/CrashReporter.build/Objects-normal/arm64/e6072d4f65d7061329687fe24e3d63a7-common-args.resp -include /Users/jasonlee/Library/Developer/Xcode/DerivedData/Notch-ddzsfiyxyoauidejndllmosklbkq/Build/Intermediates.noindex/PLCrashReporter.build/Release/CrashReporter.build/DerivedSources/resource_bundle_accessor.h -MMD -MT dependencies -MF /Users/jasonlee/Library/Developer/Xcode/DerivedData/Notch-ddzsfiyxyoauidejndllmosklbkq/Build/Intermediates.noindex/PLCrashReporter.build/Release/CrashReporter.build/Objects-normal/arm64/PLCrashReportBinaryImageInfo.d --serialize-diagnostics /Users/jasonlee/Library/Developer/Xcode/DerivedData/Notch-ddzsfiyxyoauidejndllmosklbkq/Build/Intermediates.noindex/PLCrashReporter.build/Release/CrashReporter.build/Objects-normal/arm64/PLCrashReportBinaryImageInfo.dia -c /Users/jasonlee/Library/Developer/Xcode/DerivedData/Notch-ddzsfiyxyoauidejndllmosklbkq/SourcePackages/checkouts/plcrashreporter/Source/PLCrashReportBinaryImageInfo.m -o /Users/jasonlee/Library/Developer/Xcode/DerivedData/Notch-ddzsfiyxyoauidejndllmosklbkq/Build/Intermediates.noindex/PLCrashReporter.build/Release/CrashReporter.build/Objects-normal/arm64/PLCrashReportBinaryImageInfo.o

CompileC /Users/jasonlee/Library/Developer/Xcode/DerivedData/Notch-ddzsfiyxyoauidejndllmosklbkq/Build/Intermediates.noindex/PLCrashReporter.build/Release/CrashReporter.build/Objects-normal/arm64/PLCrashReportApplicationInfo.o /Users/jasonlee/Library/Developer/Xcode/DerivedData/Notch-ddzsfiyxyoauidejndllmosklbkq/SourcePackages/checkouts/plcrashreporter/Source/PLCrashReportApplicationInfo.m normal arm64 objective-c com.apple.compilers.llvm.clang.1_0.compiler (in target 'CrashReporter' from project 'PLCrashReporter')
    cd /Users/jasonlee/Coding/App/Notch/Notch.xcodeproj
    
    Using response file: /Users/jasonlee/Library/Developer/Xcode/DerivedData/Notch-ddzsfiyxyoauidejndllmosklbkq/Build/Intermediates.noindex/PLCrashReporter.build/Release/CrashReporter.build/Objects-normal/arm64/e6072d4f65d7061329687fe24e3d63a7-common-args.resp
    
    /Applications/Xcode.app/Contents/Developer/Toolchains/XcodeDefault.xctoolchain/usr/bin/clang -x objective-c -ivfsstatcache /Users/jasonlee/Library/Developer/Xcode/DerivedData/SDKStatCaches.noindex/macosx26.4-25E251-30f9ca8789b706f8bd3fc906a70d770f.sdkstatcache -target arm64-apple-macos10.13 -fmessage-length\=0 -fdiagnostics-show-note-include-stack -fmacro-backtrace-limit\=0 -fno-color-diagnostics -fmodules-prune-interval\=86400 -fmodules-prune-after\=345600 -fbuild-session-file\=/Users/jasonlee/Library/Developer/Xcode/DerivedData/ModuleCache.noindex/Session.modulevalidation -fmodules-validate-once-per-build-session -Wnon-modular-include-in-framework-module -Werror\=non-modular-include-in-framework-module -Wno-trigraphs -Wno-missing-field-initializers -Wno-missing-prototypes -Wno-return-type -Wno-implicit-atomic-properties -Wno-objc-interface-ivars -Wno-arc-repeated-use-of-weak -Wno-missing-braces -Wparentheses -Wswitch -Wno-unused-function -Wno-unused-label -Wno-unused-parameter -Wno-unused-variable -Wunused-value -Wno-empty-body -Wno-uninitialized -Wno-unknown-pragmas -w -Wno-shadow -Wno-four-char-constants -Wno-conversion -Wno-constant-conversion -Wno-int-conversion -Wno-bool-conversion -Wno-enum-conversion -Wno-float-conversion -Wno-non-literal-null-conversion -Wno-objc-literal-conversion -Wshorten-64-to-32 -Wpointer-sign -Wno-newline-eof -Wno-selector -Wno-strict-selector-match -Wno-undeclared-selector -Wno-deprecated-implementations -Wno-implicit-fallthrough -isysroot /Applications/Xcode.app/Contents/Developer/Platforms/MacOSX.platform/Developer/SDKs/MacOSX26.4.sdk -fstrict-aliasing -Wprotocol -Wdeprecated-declarations -Wno-sign-conversion -Wno-infinite-recursion -Wno-comma -Wno-block-capture-autoreleasing -Wno-strict-prototypes -Wno-semicolon-before-method-body @/Users/jasonlee/Library/Developer/Xcode/DerivedData/Notch-ddzsfiyxyoauidejndllmosklbkq/Build/Intermediates.noindex/PLCrashReporter.build/Release/CrashReporter.build/Objects-normal/arm64/e6072d4f65d7061329687fe24e3d63a7-common-args.resp -include /Users/jasonlee/Library/Developer/Xcode/DerivedData/Notch-ddzsfiyxyoauidejndllmosklbkq/Build/Intermediates.noindex/PLCrashReporter.build/Release/CrashReporter.build/DerivedSources/resource_bundle_accessor.h -MMD -MT dependencies -MF /Users/jasonlee/Library/Developer/Xcode/DerivedData/Notch-ddzsfiyxyoauidejndllmosklbkq/Build/Intermediates.noindex/PLCrashReporter.build/Release/CrashReporter.build/Objects-normal/arm64/PLCrashReportApplicationInfo.d --serialize-diagnostics /Users/jasonlee/Library/Developer/Xcode/DerivedData/Notch-ddzsfiyxyoauidejndllmosklbkq/Build/Intermediates.noindex/PLCrashReporter.build/Release/CrashReporter.build/Objects-normal/arm64/PLCrashReportApplicationInfo.dia -c /Users/jasonlee/Library/Developer/Xcode/DerivedData/Notch-ddzsfiyxyoauidejndllmosklbkq/SourcePackages/checkouts/plcrashreporter/Source/PLCrashReportApplicationInfo.m -o /Users/jasonlee/Library/Developer/Xcode/DerivedData/Notch-ddzsfiyxyoauidejndllmosklbkq/Build/Intermediates.noindex/PLCrashReporter.build/Release/CrashReporter.build/Objects-normal/arm64/PLCrashReportApplicationInfo.o

CompileC /Users/jasonlee/Library/Developer/Xcode/DerivedData/Notch-ddzsfiyxyoauidejndllmosklbkq/Build/Intermediates.noindex/PLCrashReporter.build/Release/CrashReporter.build/Objects-normal/arm64/PLCrashReport.o /Users/jasonlee/Library/Developer/Xcode/DerivedData/Notch-ddzsfiyxyoauidejndllmosklbkq/SourcePackages/checkouts/plcrashreporter/Source/PLCrashReport.m normal arm64 objective-c com.apple.compilers.llvm.clang.1_0.compiler (in target 'CrashReporter' from project 'PLCrashReporter')
    cd /Users/jasonlee/Coding/App/Notch/Notch.xcodeproj
    
    Using response file: /Users/jasonlee/Library/Developer/Xcode/DerivedData/Notch-ddzsfiyxyoauidejndllmosklbkq/Build/Intermediates.noindex/PLCrashReporter.build/Release/CrashReporter.build/Objects-normal/arm64/e6072d4f65d7061329687fe24e3d63a7-common-args.resp
    
    /Applications/Xcode.app/Contents/Developer/Toolchains/XcodeDefault.xctoolchain/usr/bin/clang -x objective-c -ivfsstatcache /Users/jasonlee/Library/Developer/Xcode/DerivedData/SDKStatCaches.noindex/macosx26.4-25E251-30f9ca8789b706f8bd3fc906a70d770f.sdkstatcache -target arm64-apple-macos10.13 -fmessage-length\=0 -fdiagnostics-show-note-include-stack -fmacro-backtrace-limit\=0 -fno-color-diagnostics -fmodules-prune-interval\=86400 -fmodules-prune-after\=345600 -fbuild-session-file\=/Users/jasonlee/Library/Developer/Xcode/DerivedData/ModuleCache.noindex/Session.modulevalidation -fmodules-validate-once-per-build-session -Wnon-modular-include-in-framework-module -Werror\=non-modular-include-in-framework-module -Wno-trigraphs -Wno-missing-field-initializers -Wno-missing-prototypes -Wno-return-type -Wno-implicit-atomic-properties -Wno-objc-interface-ivars -Wno-arc-repeated-use-of-weak -Wno-missing-braces -Wparentheses -Wswitch -Wno-unused-function -Wno-unused-label -Wno-unused-parameter -Wno-unused-variable -Wunused-value -Wno-empty-body -Wno-uninitialized -Wno-unknown-pragmas -w -Wno-shadow -Wno-four-char-constants -Wno-conversion -Wno-constant-conversion -Wno-int-conversion -Wno-bool-conversion -Wno-enum-conversion -Wno-float-conversion -Wno-non-literal-null-conversion -Wno-objc-literal-conversion -Wshorten-64-to-32 -Wpointer-sign -Wno-newline-eof -Wno-selector -Wno-strict-selector-match -Wno-undeclared-selector -Wno-deprecated-implementations -Wno-implicit-fallthrough -isysroot /Applications/Xcode.app/Contents/Developer/Platforms/MacOSX.platform/Developer/SDKs/MacOSX26.4.sdk -fstrict-aliasing -Wprotocol -Wdeprecated-declarations -Wno-sign-conversion -Wno-infinite-recursion -Wno-comma -Wno-block-capture-autoreleasing -Wno-strict-prototypes -Wno-semicolon-before-method-body @/Users/jasonlee/Library/Developer/Xcode/DerivedData/Notch-ddzsfiyxyoauidejndllmosklbkq/Build/Intermediates.noindex/PLCrashReporter.build/Release/CrashReporter.build/Objects-normal/arm64/e6072d4f65d7061329687fe24e3d63a7-common-args.resp -include /Users/jasonlee/Library/Developer/Xcode/DerivedData/Notch-ddzsfiyxyoauidejndllmosklbkq/Build/Intermediates.noindex/PLCrashReporter.build/Release/CrashReporter.build/DerivedSources/resource_bundle_accessor.h -MMD -MT dependencies -MF /Users/jasonlee/Library/Developer/Xcode/DerivedData/Notch-ddzsfiyxyoauidejndllmosklbkq/Build/Intermediates.noindex/PLCrashReporter.build/Release/CrashReporter.build/Objects-normal/arm64/PLCrashReport.d --serialize-diagnostics /Users/jasonlee/Library/Developer/Xcode/DerivedData/Notch-ddzsfiyxyoauidejndllmosklbkq/Build/Intermediates.noindex/PLCrashReporter.build/Release/CrashReporter.build/Objects-normal/arm64/PLCrashReport.dia -c /Users/jasonlee/Library/Developer/Xcode/DerivedData/Notch-ddzsfiyxyoauidejndllmosklbkq/SourcePackages/checkouts/plcrashreporter/Source/PLCrashReport.m -o /Users/jasonlee/Library/Developer/Xcode/DerivedData/Notch-ddzsfiyxyoauidejndllmosklbkq/Build/Intermediates.noindex/PLCrashReporter.build/Release/CrashReporter.build/Objects-normal/arm64/PLCrashReport.o

CompileC /Users/jasonlee/Library/Developer/Xcode/DerivedData/Notch-ddzsfiyxyoauidejndllmosklbkq/Build/Intermediates.noindex/PLCrashReporter.build/Release/CrashReporter.build/Objects-normal/arm64/PLCrashProcessInfo.o /Users/jasonlee/Library/Developer/Xcode/DerivedData/Notch-ddzsfiyxyoauidejndllmosklbkq/SourcePackages/checkouts/plcrashreporter/Source/PLCrashProcessInfo.m normal arm64 objective-c com.apple.compilers.llvm.clang.1_0.compiler (in target 'CrashReporter' from project 'PLCrashReporter')
    cd /Users/jasonlee/Coding/App/Notch/Notch.xcodeproj
    
    Using response file: /Users/jasonlee/Library/Developer/Xcode/DerivedData/Notch-ddzsfiyxyoauidejndllmosklbkq/Build/Intermediates.noindex/PLCrashReporter.build/Release/CrashReporter.build/Objects-normal/arm64/e6072d4f65d7061329687fe24e3d63a7-common-args.resp
    
    /Applications/Xcode.app/Contents/Developer/Toolchains/XcodeDefault.xctoolchain/usr/bin/clang -x objective-c -ivfsstatcache /Users/jasonlee/Library/Developer/Xcode/DerivedData/SDKStatCaches.noindex/macosx26.4-25E251-30f9ca8789b706f8bd3fc906a70d770f.sdkstatcache -target arm64-apple-macos10.13 -fmessage-length\=0 -fdiagnostics-show-note-include-stack -fmacro-backtrace-limit\=0 -fno-color-diagnostics -fmodules-prune-interval\=86400 -fmodules-prune-after\=345600 -fbuild-session-file\=/Users/jasonlee/Library/Developer/Xcode/DerivedData/ModuleCache.noindex/Session.modulevalidation -fmodules-validate-once-per-build-session -Wnon-modular-include-in-framework-module -Werror\=non-modular-include-in-framework-module -Wno-trigraphs -Wno-missing-field-initializers -Wno-missing-prototypes -Wno-return-type -Wno-implicit-atomic-properties -Wno-objc-interface-ivars -Wno-arc-repeated-use-of-weak -Wno-missing-braces -Wparentheses -Wswitch -Wno-unused-function -Wno-unused-label -Wno-unused-parameter -Wno-unused-variable -Wunused-value -Wno-empty-body -Wno-uninitialized -Wno-unknown-pragmas -w -Wno-shadow -Wno-four-char-constants -Wno-conversion -Wno-constant-conversion -Wno-int-conversion -Wno-bool-conversion -Wno-enum-conversion -Wno-float-conversion -Wno-non-literal-null-conversion -Wno-objc-literal-conversion -Wshorten-64-to-32 -Wpointer-sign -Wno-newline-eof -Wno-selector -Wno-strict-selector-match -Wno-undeclared-selector -Wno-deprecated-implementations -Wno-implicit-fallthrough -isysroot /Applications/Xcode.app/Contents/Developer/Platforms/MacOSX.platform/Developer/SDKs/MacOSX26.4.sdk -fstrict-aliasing -Wprotocol -Wdeprecated-declarations -Wno-sign-conversion -Wno-infinite-recursion -Wno-comma -Wno-block-capture-autoreleasing -Wno-strict-prototypes -Wno-semicolon-before-method-body @/Users/jasonlee/Library/Developer/Xcode/DerivedData/Notch-ddzsfiyxyoauidejndllmosklbkq/Build/Intermediates.noindex/PLCrashReporter.build/Release/CrashReporter.build/Objects-normal/arm64/e6072d4f65d7061329687fe24e3d63a7-common-args.resp -include /Users/jasonlee/Library/Developer/Xcode/DerivedData/Notch-ddzsfiyxyoauidejndllmosklbkq/Build/Intermediates.noindex/PLCrashReporter.build/Release/CrashReporter.build/DerivedSources/resource_bundle_accessor.h -MMD -MT dependencies -MF /Users/jasonlee/Library/Developer/Xcode/DerivedData/Notch-ddzsfiyxyoauidejndllmosklbkq/Build/Intermediates.noindex/PLCrashReporter.build/Release/CrashReporter.build/Objects-normal/arm64/PLCrashProcessInfo.d --serialize-diagnostics /Users/jasonlee/Library/Developer/Xcode/DerivedData/Notch-ddzsfiyxyoauidejndllmosklbkq/Build/Intermediates.noindex/PLCrashReporter.build/Release/CrashReporter.build/Objects-normal/arm64/PLCrashProcessInfo.dia -c /Users/jasonlee/Library/Developer/Xcode/DerivedData/Notch-ddzsfiyxyoauidejndllmosklbkq/SourcePackages/checkouts/plcrashreporter/Source/PLCrashProcessInfo.m -o /Users/jasonlee/Library/Developer/Xcode/DerivedData/Notch-ddzsfiyxyoauidejndllmosklbkq/Build/Intermediates.noindex/PLCrashReporter.build/Release/CrashReporter.build/Objects-normal/arm64/PLCrashProcessInfo.o

CompileC /Users/jasonlee/Library/Developer/Xcode/DerivedData/Notch-ddzsfiyxyoauidejndllmosklbkq/Build/Intermediates.noindex/PLCrashReporter.build/Release/CrashReporter.build/Objects-normal/arm64/PLCrashMachExceptionServer.o /Users/jasonlee/Library/Developer/Xcode/DerivedData/Notch-ddzsfiyxyoauidejndllmosklbkq/SourcePackages/checkouts/plcrashreporter/Source/PLCrashMachExceptionServer.m normal arm64 objective-c com.apple.compilers.llvm.clang.1_0.compiler (in target 'CrashReporter' from project 'PLCrashReporter')
    cd /Users/jasonlee/Coding/App/Notch/Notch.xcodeproj
    
    Using response file: /Users/jasonlee/Library/Developer/Xcode/DerivedData/Notch-ddzsfiyxyoauidejndllmosklbkq/Build/Intermediates.noindex/PLCrashReporter.build/Release/CrashReporter.build/Objects-normal/arm64/e6072d4f65d7061329687fe24e3d63a7-common-args.resp
    
    /Applications/Xcode.app/Contents/Developer/Toolchains/XcodeDefault.xctoolchain/usr/bin/clang -x objective-c -ivfsstatcache /Users/jasonlee/Library/Developer/Xcode/DerivedData/SDKStatCaches.noindex/macosx26.4-25E251-30f9ca8789b706f8bd3fc906a70d770f.sdkstatcache -target arm64-apple-macos10.13 -fmessage-length\=0 -fdiagnostics-show-note-include-stack -fmacro-backtrace-limit\=0 -fno-color-diagnostics -fmodules-prune-interval\=86400 -fmodules-prune-after\=345600 -fbuild-session-file\=/Users/jasonlee/Library/Developer/Xcode/DerivedData/ModuleCache.noindex/Session.modulevalidation -fmodules-validate-once-per-build-session -Wnon-modular-include-in-framework-module -Werror\=non-modular-include-in-framework-module -Wno-trigraphs -Wno-missing-field-initializers -Wno-missing-prototypes -Wno-return-type -Wno-implicit-atomic-properties -Wno-objc-interface-ivars -Wno-arc-repeated-use-of-weak -Wno-missing-braces -Wparentheses -Wswitch -Wno-unused-function -Wno-unused-label -Wno-unused-parameter -Wno-unused-variable -Wunused-value -Wno-empty-body -Wno-uninitialized -Wno-unknown-pragmas -w -Wno-shadow -Wno-four-char-constants -Wno-conversion -Wno-constant-conversion -Wno-int-conversion -Wno-bool-conversion -Wno-enum-conversion -Wno-float-conversion -Wno-non-literal-null-conversion -Wno-objc-literal-conversion -Wshorten-64-to-32 -Wpointer-sign -Wno-newline-eof -Wno-selector -Wno-strict-selector-match -Wno-undeclared-selector -Wno-deprecated-implementations -Wno-implicit-fallthrough -isysroot /Applications/Xcode.app/Contents/Developer/Platforms/MacOSX.platform/Developer/SDKs/MacOSX26.4.sdk -fstrict-aliasing -Wprotocol -Wdeprecated-declarations -Wno-sign-conversion -Wno-infinite-recursion -Wno-comma -Wno-block-capture-autoreleasing -Wno-strict-prototypes -Wno-semicolon-before-method-body @/Users/jasonlee/Library/Developer/Xcode/DerivedData/Notch-ddzsfiyxyoauidejndllmosklbkq/Build/Intermediates.noindex/PLCrashReporter.build/Release/CrashReporter.build/Objects-normal/arm64/e6072d4f65d7061329687fe24e3d63a7-common-args.resp -include /Users/jasonlee/Library/Developer/Xcode/DerivedData/Notch-ddzsfiyxyoauidejndllmosklbkq/Build/Intermediates.noindex/PLCrashReporter.build/Release/CrashReporter.build/DerivedSources/resource_bundle_accessor.h -MMD -MT dependencies -MF /Users/jasonlee/Library/Developer/Xcode/DerivedData/Notch-ddzsfiyxyoauidejndllmosklbkq/Build/Intermediates.noindex/PLCrashReporter.build/Release/CrashReporter.build/Objects-normal/arm64/PLCrashMachExceptionServer.d --serialize-diagnostics /Users/jasonlee/Library/Developer/Xcode/DerivedData/Notch-ddzsfiyxyoauidejndllmosklbkq/Build/Intermediates.noindex/PLCrashReporter.build/Release/CrashReporter.build/Objects-normal/arm64/PLCrashMachExceptionServer.dia -c /Users/jasonlee/Library/Developer/Xcode/DerivedData/Notch-ddzsfiyxyoauidejndllmosklbkq/SourcePackages/checkouts/plcrashreporter/Source/PLCrashMachExceptionServer.m -o /Users/jasonlee/Library/Developer/Xcode/DerivedData/Notch-ddzsfiyxyoauidejndllmosklbkq/Build/Intermediates.noindex/PLCrashReporter.build/Release/CrashReporter.build/Objects-normal/arm64/PLCrashMachExceptionServer.o

CompileC /Users/jasonlee/Library/Developer/Xcode/DerivedData/Notch-ddzsfiyxyoauidejndllmosklbkq/Build/Intermediates.noindex/PLCrashReporter.build/Release/CrashReporter.build/Objects-normal/arm64/PLCrashMachExceptionPortSet.o /Users/jasonlee/Library/Developer/Xcode/DerivedData/Notch-ddzsfiyxyoauidejndllmosklbkq/SourcePackages/checkouts/plcrashreporter/Source/PLCrashMachExceptionPortSet.m normal arm64 objective-c com.apple.compilers.llvm.clang.1_0.compiler (in target 'CrashReporter' from project 'PLCrashReporter')
    cd /Users/jasonlee/Coding/App/Notch/Notch.xcodeproj
    
    Using response file: /Users/jasonlee/Library/Developer/Xcode/DerivedData/Notch-ddzsfiyxyoauidejndllmosklbkq/Build/Intermediates.noindex/PLCrashReporter.build/Release/CrashReporter.build/Objects-normal/arm64/e6072d4f65d7061329687fe24e3d63a7-common-args.resp
    
    /Applications/Xcode.app/Contents/Developer/Toolchains/XcodeDefault.xctoolchain/usr/bin/clang -x objective-c -ivfsstatcache /Users/jasonlee/Library/Developer/Xcode/DerivedData/SDKStatCaches.noindex/macosx26.4-25E251-30f9ca8789b706f8bd3fc906a70d770f.sdkstatcache -target arm64-apple-macos10.13 -fmessage-length\=0 -fdiagnostics-show-note-include-stack -fmacro-backtrace-limit\=0 -fno-color-diagnostics -fmodules-prune-interval\=86400 -fmodules-prune-after\=345600 -fbuild-session-file\=/Users/jasonlee/Library/Developer/Xcode/DerivedData/ModuleCache.noindex/Session.modulevalidation -fmodules-validate-once-per-build-session -Wnon-modular-include-in-framework-module -Werror\=non-modular-include-in-framework-module -Wno-trigraphs -Wno-missing-field-initializers -Wno-missing-prototypes -Wno-return-type -Wno-implicit-atomic-properties -Wno-objc-interface-ivars -Wno-arc-repeated-use-of-weak -Wno-missing-braces -Wparentheses -Wswitch -Wno-unused-function -Wno-unused-label -Wno-unused-parameter -Wno-unused-variable -Wunused-value -Wno-empty-body -Wno-uninitialized -Wno-unknown-pragmas -w -Wno-shadow -Wno-four-char-constants -Wno-conversion -Wno-constant-conversion -Wno-int-conversion -Wno-bool-conversion -Wno-enum-conversion -Wno-float-conversion -Wno-non-literal-null-conversion -Wno-objc-literal-conversion -Wshorten-64-to-32 -Wpointer-sign -Wno-newline-eof -Wno-selector -Wno-strict-selector-match -Wno-undeclared-selector -Wno-deprecated-implementations -Wno-implicit-fallthrough -isysroot /Applications/Xcode.app/Contents/Developer/Platforms/MacOSX.platform/Developer/SDKs/MacOSX26.4.sdk -fstrict-aliasing -Wprotocol -Wdeprecated-declarations -Wno-sign-conversion -Wno-infinite-recursion -Wno-comma -Wno-block-capture-autoreleasing -Wno-strict-prototypes -Wno-semicolon-before-method-body @/Users/jasonlee/Library/Developer/Xcode/DerivedData/Notch-ddzsfiyxyoauidejndllmosklbkq/Build/Intermediates.noindex/PLCrashReporter.build/Release/CrashReporter.build/Objects-normal/arm64/e6072d4f65d7061329687fe24e3d63a7-common-args.resp -include /Users/jasonlee/Library/Developer/Xcode/DerivedData/Notch-ddzsfiyxyoauidejndllmosklbkq/Build/Intermediates.noindex/PLCrashReporter.build/Release/CrashReporter.build/DerivedSources/resource_bundle_accessor.h -MMD -MT dependencies -MF /Users/jasonlee/Library/Developer/Xcode/DerivedData/Notch-ddzsfiyxyoauidejndllmosklbkq/Build/Intermediates.noindex/PLCrashReporter.build/Release/CrashReporter.build/Objects-normal/arm64/PLCrashMachExceptionPortSet.d --serialize-diagnostics /Users/jasonlee/Library/Developer/Xcode/DerivedData/Notch-ddzsfiyxyoauidejndllmosklbkq/Build/Intermediates.noindex/PLCrashReporter.build/Release/CrashReporter.build/Objects-normal/arm64/PLCrashMachExceptionPortSet.dia -c /Users/jasonlee/Library/Developer/Xcode/DerivedData/Notch-ddzsfiyxyoauidejndllmosklbkq/SourcePackages/checkouts/plcrashreporter/Source/PLCrashMachExceptionPortSet.m -o /Users/jasonlee/Library/Developer/Xcode/DerivedData/Notch-ddzsfiyxyoauidejndllmosklbkq/Build/Intermediates.noindex/PLCrashReporter.build/Release/CrashReporter.build/Objects-normal/arm64/PLCrashMachExceptionPortSet.o

CompileC /Users/jasonlee/Library/Developer/Xcode/DerivedData/Notch-ddzsfiyxyoauidejndllmosklbkq/Build/Intermediates.noindex/PLCrashReporter.build/Release/CrashReporter.build/Objects-normal/arm64/PLCrashMachExceptionPort.o /Users/jasonlee/Library/Developer/Xcode/DerivedData/Notch-ddzsfiyxyoauidejndllmosklbkq/SourcePackages/checkouts/plcrashreporter/Source/PLCrashMachExceptionPort.m normal arm64 objective-c com.apple.compilers.llvm.clang.1_0.compiler (in target 'CrashReporter' from project 'PLCrashReporter')
    cd /Users/jasonlee/Coding/App/Notch/Notch.xcodeproj
    
    Using response file: /Users/jasonlee/Library/Developer/Xcode/DerivedData/Notch-ddzsfiyxyoauidejndllmosklbkq/Build/Intermediates.noindex/PLCrashReporter.build/Release/CrashReporter.build/Objects-normal/arm64/e6072d4f65d7061329687fe24e3d63a7-common-args.resp
    
    /Applications/Xcode.app/Contents/Developer/Toolchains/XcodeDefault.xctoolchain/usr/bin/clang -x objective-c -ivfsstatcache /Users/jasonlee/Library/Developer/Xcode/DerivedData/SDKStatCaches.noindex/macosx26.4-25E251-30f9ca8789b706f8bd3fc906a70d770f.sdkstatcache -target arm64-apple-macos10.13 -fmessage-length\=0 -fdiagnostics-show-note-include-stack -fmacro-backtrace-limit\=0 -fno-color-diagnostics -fmodules-prune-interval\=86400 -fmodules-prune-after\=345600 -fbuild-session-file\=/Users/jasonlee/Library/Developer/Xcode/DerivedData/ModuleCache.noindex/Session.modulevalidation -fmodules-validate-once-per-build-session -Wnon-modular-include-in-framework-module -Werror\=non-modular-include-in-framework-module -Wno-trigraphs -Wno-missing-field-initializers -Wno-missing-prototypes -Wno-return-type -Wno-implicit-atomic-properties -Wno-objc-interface-ivars -Wno-arc-repeated-use-of-weak -Wno-missing-braces -Wparentheses -Wswitch -Wno-unused-function -Wno-unused-label -Wno-unused-parameter -Wno-unused-variable -Wunused-value -Wno-empty-body -Wno-uninitialized -Wno-unknown-pragmas -w -Wno-shadow -Wno-four-char-constants -Wno-conversion -Wno-constant-conversion -Wno-int-conversion -Wno-bool-conversion -Wno-enum-conversion -Wno-float-conversion -Wno-non-literal-null-conversion -Wno-objc-literal-conversion -Wshorten-64-to-32 -Wpointer-sign -Wno-newline-eof -Wno-selector -Wno-strict-selector-match -Wno-undeclared-selector -Wno-deprecated-implementations -Wno-implicit-fallthrough -isysroot /Applications/Xcode.app/Contents/Developer/Platforms/MacOSX.platform/Developer/SDKs/MacOSX26.4.sdk -fstrict-aliasing -Wprotocol -Wdeprecated-declarations -Wno-sign-conversion -Wno-infinite-recursion -Wno-comma -Wno-block-capture-autoreleasing -Wno-strict-prototypes -Wno-semicolon-before-method-body @/Users/jasonlee/Library/Developer/Xcode/DerivedData/Notch-ddzsfiyxyoauidejndllmosklbkq/Build/Intermediates.noindex/PLCrashReporter.build/Release/CrashReporter.build/Objects-normal/arm64/e6072d4f65d7061329687fe24e3d63a7-common-args.resp -include /Users/jasonlee/Library/Developer/Xcode/DerivedData/Notch-ddzsfiyxyoauidejndllmosklbkq/Build/Intermediates.noindex/PLCrashReporter.build/Release/CrashReporter.build/DerivedSources/resource_bundle_accessor.h -MMD -MT dependencies -MF /Users/jasonlee/Library/Developer/Xcode/DerivedData/Notch-ddzsfiyxyoauidejndllmosklbkq/Build/Intermediates.noindex/PLCrashReporter.build/Release/CrashReporter.build/Objects-normal/arm64/PLCrashMachExceptionPort.d --serialize-diagnostics /Users/jasonlee/Library/Developer/Xcode/DerivedData/Notch-ddzsfiyxyoauidejndllmosklbkq/Build/Intermediates.noindex/PLCrashReporter.build/Release/CrashReporter.build/Objects-normal/arm64/PLCrashMachExceptionPort.dia -c /Users/jasonlee/Library/Developer/Xcode/DerivedData/Notch-ddzsfiyxyoauidejndllmosklbkq/SourcePackages/checkouts/plcrashreporter/Source/PLCrashMachExceptionPort.m -o /Users/jasonlee/Library/Developer/Xcode/DerivedData/Notch-ddzsfiyxyoauidejndllmosklbkq/Build/Intermediates.noindex/PLCrashReporter.build/Release/CrashReporter.build/Objects-normal/arm64/PLCrashMachExceptionPort.o

CompileC /Users/jasonlee/Library/Developer/Xcode/DerivedData/Notch-ddzsfiyxyoauidejndllmosklbkq/Build/Intermediates.noindex/PLCrashReporter.build/Release/CrashReporter.build/Objects-normal/arm64/PLCrashLogWriter.o /Users/jasonlee/Library/Developer/Xcode/DerivedData/Notch-ddzsfiyxyoauidejndllmosklbkq/SourcePackages/checkouts/plcrashreporter/Source/PLCrashLogWriter.m normal arm64 objective-c com.apple.compilers.llvm.clang.1_0.compiler (in target 'CrashReporter' from project 'PLCrashReporter')
    cd /Users/jasonlee/Coding/App/Notch/Notch.xcodeproj
    
    Using response file: /Users/jasonlee/Library/Developer/Xcode/DerivedData/Notch-ddzsfiyxyoauidejndllmosklbkq/Build/Intermediates.noindex/PLCrashReporter.build/Release/CrashReporter.build/Objects-normal/arm64/e6072d4f65d7061329687fe24e3d63a7-common-args.resp
    
    /Applications/Xcode.app/Contents/Developer/Toolchains/XcodeDefault.xctoolchain/usr/bin/clang -x objective-c -ivfsstatcache /Users/jasonlee/Library/Developer/Xcode/DerivedData/SDKStatCaches.noindex/macosx26.4-25E251-30f9ca8789b706f8bd3fc906a70d770f.sdkstatcache -target arm64-apple-macos10.13 -fmessage-length\=0 -fdiagnostics-show-note-include-stack -fmacro-backtrace-limit\=0 -fno-color-diagnostics -fmodules-prune-interval\=86400 -fmodules-prune-after\=345600 -fbuild-session-file\=/Users/jasonlee/Library/Developer/Xcode/DerivedData/ModuleCache.noindex/Session.modulevalidation -fmodules-validate-once-per-build-session -Wnon-modular-include-in-framework-module -Werror\=non-modular-include-in-framework-module -Wno-trigraphs -Wno-missing-field-initializers -Wno-missing-prototypes -Wno-return-type -Wno-implicit-atomic-properties -Wno-objc-interface-ivars -Wno-arc-repeated-use-of-weak -Wno-missing-braces -Wparentheses -Wswitch -Wno-unused-function -Wno-unused-label -Wno-unused-parameter -Wno-unused-variable -Wunused-value -Wno-empty-body -Wno-uninitialized -Wno-unknown-pragmas -w -Wno-shadow -Wno-four-char-constants -Wno-conversion -Wno-constant-conversion -Wno-int-conversion -Wno-bool-conversion -Wno-enum-conversion -Wno-float-conversion -Wno-non-literal-null-conversion -Wno-objc-literal-conversion -Wshorten-64-to-32 -Wpointer-sign -Wno-newline-eof -Wno-selector -Wno-strict-selector-match -Wno-undeclared-selector -Wno-deprecated-implementations -Wno-implicit-fallthrough -isysroot /Applications/Xcode.app/Contents/Developer/Platforms/MacOSX.platform/Developer/SDKs/MacOSX26.4.sdk -fstrict-aliasing -Wprotocol -Wdeprecated-declarations -Wno-sign-conversion -Wno-infinite-recursion -Wno-comma -Wno-block-capture-autoreleasing -Wno-strict-prototypes -Wno-semicolon-before-method-body @/Users/jasonlee/Library/Developer/Xcode/DerivedData/Notch-ddzsfiyxyoauidejndllmosklbkq/Build/Intermediates.noindex/PLCrashReporter.build/Release/CrashReporter.build/Objects-normal/arm64/e6072d4f65d7061329687fe24e3d63a7-common-args.resp -include /Users/jasonlee/Library/Developer/Xcode/DerivedData/Notch-ddzsfiyxyoauidejndllmosklbkq/Build/Intermediates.noindex/PLCrashReporter.build/Release/CrashReporter.build/DerivedSources/resource_bundle_accessor.h -MMD -MT dependencies -MF /Users/jasonlee/Library/Developer/Xcode/DerivedData/Notch-ddzsfiyxyoauidejndllmosklbkq/Build/Intermediates.noindex/PLCrashReporter.build/Release/CrashReporter.build/Objects-normal/arm64/PLCrashLogWriter.d --serialize-diagnostics /Users/jasonlee/Library/Developer/Xcode/DerivedData/Notch-ddzsfiyxyoauidejndllmosklbkq/Build/Intermediates.noindex/PLCrashReporter.build/Release/CrashReporter.build/Objects-normal/arm64/PLCrashLogWriter.dia -c /Users/jasonlee/Library/Developer/Xcode/DerivedData/Notch-ddzsfiyxyoauidejndllmosklbkq/SourcePackages/checkouts/plcrashreporter/Source/PLCrashLogWriter.m -o /Users/jasonlee/Library/Developer/Xcode/DerivedData/Notch-ddzsfiyxyoauidejndllmosklbkq/Build/Intermediates.noindex/PLCrashReporter.build/Release/CrashReporter.build/Objects-normal/arm64/PLCrashLogWriter.o

CompileC /Users/jasonlee/Library/Developer/Xcode/DerivedData/Notch-ddzsfiyxyoauidejndllmosklbkq/Build/Intermediates.noindex/PLCrashReporter.build/Release/CrashReporter.build/Objects-normal/arm64/PLCrashHostInfo.o /Users/jasonlee/Library/Developer/Xcode/DerivedData/Notch-ddzsfiyxyoauidejndllmosklbkq/SourcePackages/checkouts/plcrashreporter/Source/PLCrashHostInfo.m normal arm64 objective-c com.apple.compilers.llvm.clang.1_0.compiler (in target 'CrashReporter' from project 'PLCrashReporter')
    cd /Users/jasonlee/Coding/App/Notch/Notch.xcodeproj
    
    Using response file: /Users/jasonlee/Library/Developer/Xcode/DerivedData/Notch-ddzsfiyxyoauidejndllmosklbkq/Build/Intermediates.noindex/PLCrashReporter.build/Release/CrashReporter.build/Objects-normal/arm64/e6072d4f65d7061329687fe24e3d63a7-common-args.resp
    
    /Applications/Xcode.app/Contents/Developer/Toolchains/XcodeDefault.xctoolchain/usr/bin/clang -x objective-c -ivfsstatcache /Users/jasonlee/Library/Developer/Xcode/DerivedData/SDKStatCaches.noindex/macosx26.4-25E251-30f9ca8789b706f8bd3fc906a70d770f.sdkstatcache -target arm64-apple-macos10.13 -fmessage-length\=0 -fdiagnostics-show-note-include-stack -fmacro-backtrace-limit\=0 -fno-color-diagnostics -fmodules-prune-interval\=86400 -fmodules-prune-after\=345600 -fbuild-session-file\=/Users/jasonlee/Library/Developer/Xcode/DerivedData/ModuleCache.noindex/Session.modulevalidation -fmodules-validate-once-per-build-session -Wnon-modular-include-in-framework-module -Werror\=non-modular-include-in-framework-module -Wno-trigraphs -Wno-missing-field-initializers -Wno-missing-prototypes -Wno-return-type -Wno-implicit-atomic-properties -Wno-objc-interface-ivars -Wno-arc-repeated-use-of-weak -Wno-missing-braces -Wparentheses -Wswitch -Wno-unused-function -Wno-unused-label -Wno-unused-parameter -Wno-unused-variable -Wunused-value -Wno-empty-body -Wno-uninitialized -Wno-unknown-pragmas -w -Wno-shadow -Wno-four-char-constants -Wno-conversion -Wno-constant-conversion -Wno-int-conversion -Wno-bool-conversion -Wno-enum-conversion -Wno-float-conversion -Wno-non-literal-null-conversion -Wno-objc-literal-conversion -Wshorten-64-to-32 -Wpointer-sign -Wno-newline-eof -Wno-selector -Wno-strict-selector-match -Wno-undeclared-selector -Wno-deprecated-implementations -Wno-implicit-fallthrough -isysroot /Applications/Xcode.app/Contents/Developer/Platforms/MacOSX.platform/Developer/SDKs/MacOSX26.4.sdk -fstrict-aliasing -Wprotocol -Wdeprecated-declarations -Wno-sign-conversion -Wno-infinite-recursion -Wno-comma -Wno-block-capture-autoreleasing -Wno-strict-prototypes -Wno-semicolon-before-method-body @/Users/jasonlee/Library/Developer/Xcode/DerivedData/Notch-ddzsfiyxyoauidejndllmosklbkq/Build/Intermediates.noindex/PLCrashReporter.build/Release/CrashReporter.build/Objects-normal/arm64/e6072d4f65d7061329687fe24e3d63a7-common-args.resp -include /Users/jasonlee/Library/Developer/Xcode/DerivedData/Notch-ddzsfiyxyoauidejndllmosklbkq/Build/Intermediates.noindex/PLCrashReporter.build/Release/CrashReporter.build/DerivedSources/resource_bundle_accessor.h -MMD -MT dependencies -MF /Users/jasonlee/Library/Developer/Xcode/DerivedData/Notch-ddzsfiyxyoauidejndllmosklbkq/Build/Intermediates.noindex/PLCrashReporter.build/Release/CrashReporter.build/Objects-normal/arm64/PLCrashHostInfo.d --serialize-diagnostics /Users/jasonlee/Library/Developer/Xcode/DerivedData/Notch-ddzsfiyxyoauidejndllmosklbkq/Build/Intermediates.noindex/PLCrashReporter.build/Release/CrashReporter.build/Objects-normal/arm64/PLCrashHostInfo.dia -c /Users/jasonlee/Library/Developer/Xcode/DerivedData/Notch-ddzsfiyxyoauidejndllmosklbkq/SourcePackages/checkouts/plcrashreporter/Source/PLCrashHostInfo.m -o /Users/jasonlee/Library/Developer/Xcode/DerivedData/Notch-ddzsfiyxyoauidejndllmosklbkq/Build/Intermediates.noindex/PLCrashReporter.build/Release/CrashReporter.build/Objects-normal/arm64/PLCrashHostInfo.o

CompileC /Users/jasonlee/Library/Developer/Xcode/DerivedData/Notch-ddzsfiyxyoauidejndllmosklbkq/Build/Intermediates.noindex/PLCrashReporter.build/Release/CrashReporter.build/Objects-normal/arm64/CrashReporterFramework.o /Users/jasonlee/Library/Developer/Xcode/DerivedData/Notch-ddzsfiyxyoauidejndllmosklbkq/SourcePackages/checkouts/plcrashreporter/Source/CrashReporterFramework.m normal arm64 objective-c com.apple.compilers.llvm.clang.1_0.compiler (in target 'CrashReporter' from project 'PLCrashReporter')
    cd /Users/jasonlee/Coding/App/Notch/Notch.xcodeproj
    
    Using response file: /Users/jasonlee/Library/Developer/Xcode/DerivedData/Notch-ddzsfiyxyoauidejndllmosklbkq/Build/Intermediates.noindex/PLCrashReporter.build/Release/CrashReporter.build/Objects-normal/arm64/e6072d4f65d7061329687fe24e3d63a7-common-args.resp
    
    /Applications/Xcode.app/Contents/Developer/Toolchains/XcodeDefault.xctoolchain/usr/bin/clang -x objective-c -ivfsstatcache /Users/jasonlee/Library/Developer/Xcode/DerivedData/SDKStatCaches.noindex/macosx26.4-25E251-30f9ca8789b706f8bd3fc906a70d770f.sdkstatcache -target arm64-apple-macos10.13 -fmessage-length\=0 -fdiagnostics-show-note-include-stack -fmacro-backtrace-limit\=0 -fno-color-diagnostics -fmodules-prune-interval\=86400 -fmodules-prune-after\=345600 -fbuild-session-file\=/Users/jasonlee/Library/Developer/Xcode/DerivedData/ModuleCache.noindex/Session.modulevalidation -fmodules-validate-once-per-build-session -Wnon-modular-include-in-framework-module -Werror\=non-modular-include-in-framework-module -Wno-trigraphs -Wno-missing-field-initializers -Wno-missing-prototypes -Wno-return-type -Wno-implicit-atomic-properties -Wno-objc-interface-ivars -Wno-arc-repeated-use-of-weak -Wno-missing-braces -Wparentheses -Wswitch -Wno-unused-function -Wno-unused-label -Wno-unused-parameter -Wno-unused-variable -Wunused-value -Wno-empty-body -Wno-uninitialized -Wno-unknown-pragmas -w -Wno-shadow -Wno-four-char-constants -Wno-conversion -Wno-constant-conversion -Wno-int-conversion -Wno-bool-conversion -Wno-enum-conversion -Wno-float-conversion -Wno-non-literal-null-conversion -Wno-objc-literal-conversion -Wshorten-64-to-32 -Wpointer-sign -Wno-newline-eof -Wno-selector -Wno-strict-selector-match -Wno-undeclared-selector -Wno-deprecated-implementations -Wno-implicit-fallthrough -isysroot /Applications/Xcode.app/Contents/Developer/Platforms/MacOSX.platform/Developer/SDKs/MacOSX26.4.sdk -fstrict-aliasing -Wprotocol -Wdeprecated-declarations -Wno-sign-conversion -Wno-infinite-recursion -Wno-comma -Wno-block-capture-autoreleasing -Wno-strict-prototypes -Wno-semicolon-before-method-body @/Users/jasonlee/Library/Developer/Xcode/DerivedData/Notch-ddzsfiyxyoauidejndllmosklbkq/Build/Intermediates.noindex/PLCrashReporter.build/Release/CrashReporter.build/Objects-normal/arm64/e6072d4f65d7061329687fe24e3d63a7-common-args.resp -include /Users/jasonlee/Library/Developer/Xcode/DerivedData/Notch-ddzsfiyxyoauidejndllmosklbkq/Build/Intermediates.noindex/PLCrashReporter.build/Release/CrashReporter.build/DerivedSources/resource_bundle_accessor.h -MMD -MT dependencies -MF /Users/jasonlee/Library/Developer/Xcode/DerivedData/Notch-ddzsfiyxyoauidejndllmosklbkq/Build/Intermediates.noindex/PLCrashReporter.build/Release/CrashReporter.build/Objects-normal/arm64/CrashReporterFramework.d --serialize-diagnostics /Users/jasonlee/Library/Developer/Xcode/DerivedData/Notch-ddzsfiyxyoauidejndllmosklbkq/Build/Intermediates.noindex/PLCrashReporter.build/Release/CrashReporter.build/Objects-normal/arm64/CrashReporterFramework.dia -c /Users/jasonlee/Library/Developer/Xcode/DerivedData/Notch-ddzsfiyxyoauidejndllmosklbkq/SourcePackages/checkouts/plcrashreporter/Source/CrashReporterFramework.m -o /Users/jasonlee/Library/Developer/Xcode/DerivedData/Notch-ddzsfiyxyoauidejndllmosklbkq/Build/Intermediates.noindex/PLCrashReporter.build/Release/CrashReporter.build/Objects-normal/arm64/CrashReporterFramework.o

CompileC /Users/jasonlee/Library/Developer/Xcode/DerivedData/Notch-ddzsfiyxyoauidejndllmosklbkq/Build/Intermediates.noindex/PLCrashReporter.build/Release/CrashReporter.build/Objects-normal/arm64/CrashReporter.o /Users/jasonlee/Library/Developer/Xcode/DerivedData/Notch-ddzsfiyxyoauidejndllmosklbkq/SourcePackages/checkouts/plcrashreporter/Source/CrashReporter.m normal arm64 objective-c com.apple.compilers.llvm.clang.1_0.compiler (in target 'CrashReporter' from project 'PLCrashReporter')
    cd /Users/jasonlee/Coding/App/Notch/Notch.xcodeproj
    
    Using response file: /Users/jasonlee/Library/Developer/Xcode/DerivedData/Notch-ddzsfiyxyoauidejndllmosklbkq/Build/Intermediates.noindex/PLCrashReporter.build/Release/CrashReporter.build/Objects-normal/arm64/e6072d4f65d7061329687fe24e3d63a7-common-args.resp
    
    /Applications/Xcode.app/Contents/Developer/Toolchains/XcodeDefault.xctoolchain/usr/bin/clang -x objective-c -ivfsstatcache /Users/jasonlee/Library/Developer/Xcode/DerivedData/SDKStatCaches.noindex/macosx26.4-25E251-30f9ca8789b706f8bd3fc906a70d770f.sdkstatcache -target arm64-apple-macos10.13 -fmessage-length\=0 -fdiagnostics-show-note-include-stack -fmacro-backtrace-limit\=0 -fno-color-diagnostics -fmodules-prune-interval\=86400 -fmodules-prune-after\=345600 -fbuild-session-file\=/Users/jasonlee/Library/Developer/Xcode/DerivedData/ModuleCache.noindex/Session.modulevalidation -fmodules-validate-once-per-build-session -Wnon-modular-include-in-framework-module -Werror\=non-modular-include-in-framework-module -Wno-trigraphs -Wno-missing-field-initializers -Wno-missing-prototypes -Wno-return-type -Wno-implicit-atomic-properties -Wno-objc-interface-ivars -Wno-arc-repeated-use-of-weak -Wno-missing-braces -Wparentheses -Wswitch -Wno-unused-function -Wno-unused-label -Wno-unused-parameter -Wno-unused-variable -Wunused-value -Wno-empty-body -Wno-uninitialized -Wno-unknown-pragmas -w -Wno-shadow -Wno-four-char-constants -Wno-conversion -Wno-constant-conversion -Wno-int-conversion -Wno-bool-conversion -Wno-enum-conversion -Wno-float-conversion -Wno-non-literal-null-conversion -Wno-objc-literal-conversion -Wshorten-64-to-32 -Wpointer-sign -Wno-newline-eof -Wno-selector -Wno-strict-selector-match -Wno-undeclared-selector -Wno-deprecated-implementations -Wno-implicit-fallthrough -isysroot /Applications/Xcode.app/Contents/Developer/Platforms/MacOSX.platform/Developer/SDKs/MacOSX26.4.sdk -fstrict-aliasing -Wprotocol -Wdeprecated-declarations -Wno-sign-conversion -Wno-infinite-recursion -Wno-comma -Wno-block-capture-autoreleasing -Wno-strict-prototypes -Wno-semicolon-before-method-body @/Users/jasonlee/Library/Developer/Xcode/DerivedData/Notch-ddzsfiyxyoauidejndllmosklbkq/Build/Intermediates.noindex/PLCrashReporter.build/Release/CrashReporter.build/Objects-normal/arm64/e6072d4f65d7061329687fe24e3d63a7-common-args.resp -include /Users/jasonlee/Library/Developer/Xcode/DerivedData/Notch-ddzsfiyxyoauidejndllmosklbkq/Build/Intermediates.noindex/PLCrashReporter.build/Release/CrashReporter.build/DerivedSources/resource_bundle_accessor.h -MMD -MT dependencies -MF /Users/jasonlee/Library/Developer/Xcode/DerivedData/Notch-ddzsfiyxyoauidejndllmosklbkq/Build/Intermediates.noindex/PLCrashReporter.build/Release/CrashReporter.build/Objects-normal/arm64/CrashReporter.d --serialize-diagnostics /Users/jasonlee/Library/Developer/Xcode/DerivedData/Notch-ddzsfiyxyoauidejndllmosklbkq/Build/Intermediates.noindex/PLCrashReporter.build/Release/CrashReporter.build/Objects-normal/arm64/CrashReporter.dia -c /Users/jasonlee/Library/Developer/Xcode/DerivedData/Notch-ddzsfiyxyoauidejndllmosklbkq/SourcePackages/checkouts/plcrashreporter/Source/CrashReporter.m -o /Users/jasonlee/Library/Developer/Xcode/DerivedData/Notch-ddzsfiyxyoauidejndllmosklbkq/Build/Intermediates.noindex/PLCrashReporter.build/Release/CrashReporter.build/Objects-normal/arm64/CrashReporter.o

Ld /Users/jasonlee/Library/Developer/Xcode/DerivedData/Notch-ddzsfiyxyoauidejndllmosklbkq/Build/Intermediates.noindex/KeyboardShortcuts.build/Release/KeyboardShortcuts.build/Objects-normal/x86_64/Binary/KeyboardShortcuts.o normal x86_64 (in target 'KeyboardShortcuts' from project 'KeyboardShortcuts')
    cd /Users/jasonlee/Library/Developer/Xcode/DerivedData/Notch-ddzsfiyxyoauidejndllmosklbkq/SourcePackages/checkouts/KeyboardShortcuts
    /Applications/Xcode.app/Contents/Developer/Toolchains/XcodeDefault.xctoolchain/usr/bin/clang -Xlinker -reproducible -target x86_64-apple-macos10.15 -r -isysroot /Applications/Xcode.app/Contents/Developer/Platforms/MacOSX.platform/Developer/SDKs/MacOSX26.4.sdk -Os -w -F/Users/jasonlee/Library/Developer/Xcode/DerivedData/Notch-ddzsfiyxyoauidejndllmosklbkq/Build/Intermediates.noindex/EagerLinkingTBDs/Release -F/Users/jasonlee/Library/Developer/Xcode/DerivedData/Notch-ddzsfiyxyoauidejndllmosklbkq/Build/Products/Release -iframework /Applications/Xcode.app/Contents/Developer/Platforms/MacOSX.platform/Developer/Library/Frameworks -filelist /Users/jasonlee/Library/Developer/Xcode/DerivedData/Notch-ddzsfiyxyoauidejndllmosklbkq/Build/Intermediates.noindex/KeyboardShortcuts.build/Release/KeyboardShortcuts.build/Objects-normal/x86_64/KeyboardShortcuts.LinkFileList -nostdlib -Xlinker -object_path_lto -Xlinker /Users/jasonlee/Library/Developer/Xcode/DerivedData/Notch-ddzsfiyxyoauidejndllmosklbkq/Build/Intermediates.noindex/KeyboardShortcuts.build/Release/KeyboardShortcuts.build/Objects-normal/x86_64/KeyboardShortcuts_lto.o -Xlinker -debug_variant -Xlinker -dependency_info -Xlinker /Users/jasonlee/Library/Developer/Xcode/DerivedData/Notch-ddzsfiyxyoauidejndllmosklbkq/Build/Intermediates.noindex/KeyboardShortcuts.build/Release/KeyboardShortcuts.build/Objects-normal/x86_64/KeyboardShortcuts_dependency_info.dat -fobjc-link-runtime -L/Applications/Xcode.app/Contents/Developer/Toolchains/XcodeDefault.xctoolchain/usr/lib/swift/macosx -L/usr/lib/swift -Xlinker -add_ast_path -Xlinker /Users/jasonlee/Library/Developer/Xcode/DerivedData/Notch-ddzsfiyxyoauidejndllmosklbkq/Build/Intermediates.noindex/KeyboardShortcuts.build/Release/KeyboardShortcuts.build/Objects-normal/x86_64/KeyboardShortcuts.swiftmodule @/Users/jasonlee/Library/Developer/Xcode/DerivedData/Notch-ddzsfiyxyoauidejndllmosklbkq/Build/Intermediates.noindex/KeyboardShortcuts.build/Release/KeyboardShortcuts.build/Objects-normal/x86_64/KeyboardShortcuts-linker-args.resp -o /Users/jasonlee/Library/Developer/Xcode/DerivedData/Notch-ddzsfiyxyoauidejndllmosklbkq/Build/Intermediates.noindex/KeyboardShortcuts.build/Release/KeyboardShortcuts.build/Objects-normal/x86_64/Binary/KeyboardShortcuts.o

Ld /Users/jasonlee/Library/Developer/Xcode/DerivedData/Notch-ddzsfiyxyoauidejndllmosklbkq/Build/Intermediates.noindex/KeyboardShortcuts.build/Release/KeyboardShortcuts.build/Objects-normal/arm64/Binary/KeyboardShortcuts.o normal arm64 (in target 'KeyboardShortcuts' from project 'KeyboardShortcuts')
    cd /Users/jasonlee/Library/Developer/Xcode/DerivedData/Notch-ddzsfiyxyoauidejndllmosklbkq/SourcePackages/checkouts/KeyboardShortcuts
    /Applications/Xcode.app/Contents/Developer/Toolchains/XcodeDefault.xctoolchain/usr/bin/clang -Xlinker -reproducible -target arm64-apple-macos10.15 -r -isysroot /Applications/Xcode.app/Contents/Developer/Platforms/MacOSX.platform/Developer/SDKs/MacOSX26.4.sdk -Os -w -F/Users/jasonlee/Library/Developer/Xcode/DerivedData/Notch-ddzsfiyxyoauidejndllmosklbkq/Build/Intermediates.noindex/EagerLinkingTBDs/Release -F/Users/jasonlee/Library/Developer/Xcode/DerivedData/Notch-ddzsfiyxyoauidejndllmosklbkq/Build/Products/Release -iframework /Applications/Xcode.app/Contents/Developer/Platforms/MacOSX.platform/Developer/Library/Frameworks -filelist /Users/jasonlee/Library/Developer/Xcode/DerivedData/Notch-ddzsfiyxyoauidejndllmosklbkq/Build/Intermediates.noindex/KeyboardShortcuts.build/Release/KeyboardShortcuts.build/Objects-normal/arm64/KeyboardShortcuts.LinkFileList -nostdlib -Xlinker -object_path_lto -Xlinker /Users/jasonlee/Library/Developer/Xcode/DerivedData/Notch-ddzsfiyxyoauidejndllmosklbkq/Build/Intermediates.noindex/KeyboardShortcuts.build/Release/KeyboardShortcuts.build/Objects-normal/arm64/KeyboardShortcuts_lto.o -Xlinker -debug_variant -Xlinker -dependency_info -Xlinker /Users/jasonlee/Library/Developer/Xcode/DerivedData/Notch-ddzsfiyxyoauidejndllmosklbkq/Build/Intermediates.noindex/KeyboardShortcuts.build/Release/KeyboardShortcuts.build/Objects-normal/arm64/KeyboardShortcuts_dependency_info.dat -fobjc-link-runtime -L/Applications/Xcode.app/Contents/Developer/Toolchains/XcodeDefault.xctoolchain/usr/lib/swift/macosx -L/usr/lib/swift -Xlinker -add_ast_path -Xlinker /Users/jasonlee/Library/Developer/Xcode/DerivedData/Notch-ddzsfiyxyoauidejndllmosklbkq/Build/Intermediates.noindex/KeyboardShortcuts.build/Release/KeyboardShortcuts.build/Objects-normal/arm64/KeyboardShortcuts.swiftmodule @/Users/jasonlee/Library/Developer/Xcode/DerivedData/Notch-ddzsfiyxyoauidejndllmosklbkq/Build/Intermediates.noindex/KeyboardShortcuts.build/Release/KeyboardShortcuts.build/Objects-normal/arm64/KeyboardShortcuts-linker-args.resp -o /Users/jasonlee/Library/Developer/Xcode/DerivedData/Notch-ddzsfiyxyoauidejndllmosklbkq/Build/Intermediates.noindex/KeyboardShortcuts.build/Release/KeyboardShortcuts.build/Objects-normal/arm64/Binary/KeyboardShortcuts.o

CreateUniversalBinary /Users/jasonlee/Library/Developer/Xcode/DerivedData/Notch-ddzsfiyxyoauidejndllmosklbkq/Build/Products/Release/KeyboardShortcuts.o normal arm64\ x86_64 (in target 'KeyboardShortcuts' from project 'KeyboardShortcuts')
    cd /Users/jasonlee/Library/Developer/Xcode/DerivedData/Notch-ddzsfiyxyoauidejndllmosklbkq/SourcePackages/checkouts/KeyboardShortcuts
    /Applications/Xcode.app/Contents/Developer/Toolchains/XcodeDefault.xctoolchain/usr/bin/lipo -create /Users/jasonlee/Library/Developer/Xcode/DerivedData/Notch-ddzsfiyxyoauidejndllmosklbkq/Build/Intermediates.noindex/KeyboardShortcuts.build/Release/KeyboardShortcuts.build/Objects-normal/arm64/Binary/KeyboardShortcuts.o /Users/jasonlee/Library/Developer/Xcode/DerivedData/Notch-ddzsfiyxyoauidejndllmosklbkq/Build/Intermediates.noindex/KeyboardShortcuts.build/Release/KeyboardShortcuts.build/Objects-normal/x86_64/Binary/KeyboardShortcuts.o -output /Users/jasonlee/Library/Developer/Xcode/DerivedData/Notch-ddzsfiyxyoauidejndllmosklbkq/Build/Products/Release/KeyboardShortcuts.o

ExtractAppIntentsMetadata (in target 'KeyboardShortcuts' from project 'KeyboardShortcuts')
    cd /Users/jasonlee/Library/Developer/Xcode/DerivedData/Notch-ddzsfiyxyoauidejndllmosklbkq/SourcePackages/checkouts/KeyboardShortcuts
    /Applications/Xcode.app/Contents/Developer/Toolchains/XcodeDefault.xctoolchain/usr/bin/appintentsmetadataprocessor --toolchain-dir /Applications/Xcode.app/Contents/Developer/Toolchains/XcodeDefault.xctoolchain --module-name KeyboardShortcuts --sdk-root /Applications/Xcode.app/Contents/Developer/Platforms/MacOSX.platform/Developer/SDKs/MacOSX26.4.sdk --xcode-version 17E202 --platform-family macOS --deployment-target 10.15 --bundle-identifier keyboardshortcuts.KeyboardShortcuts --output /Users/jasonlee/Library/Developer/Xcode/DerivedData/Notch-ddzsfiyxyoauidejndllmosklbkq/Build/Products/Release/KeyboardShortcuts.appintents --target-triple arm64-apple-macos10.15 --target-triple x86_64-apple-macos10.15 --binary-file /Users/jasonlee/Library/Developer/Xcode/DerivedData/Notch-ddzsfiyxyoauidejndllmosklbkq/Build/Products/Release/KeyboardShortcuts.o --dependency-file /Users/jasonlee/Library/Developer/Xcode/DerivedData/Notch-ddzsfiyxyoauidejndllmosklbkq/Build/Intermediates.noindex/KeyboardShortcuts.build/Release/KeyboardShortcuts.build/Objects-normal/arm64/KeyboardShortcuts_dependency_info.dat --dependency-file /Users/jasonlee/Library/Developer/Xcode/DerivedData/Notch-ddzsfiyxyoauidejndllmosklbkq/Build/Intermediates.noindex/KeyboardShortcuts.build/Release/KeyboardShortcuts.build/Objects-normal/x86_64/KeyboardShortcuts_dependency_info.dat --stringsdata-file /Users/jasonlee/Library/Developer/Xcode/DerivedData/Notch-ddzsfiyxyoauidejndllmosklbkq/Build/Intermediates.noindex/KeyboardShortcuts.build/Release/KeyboardShortcuts.build/Objects-normal/arm64/ExtractedAppShortcutsMetadata.stringsdata --stringsdata-file /Users/jasonlee/Library/Developer/Xcode/DerivedData/Notch-ddzsfiyxyoauidejndllmosklbkq/Build/Intermediates.noindex/KeyboardShortcuts.build/Release/KeyboardShortcuts.build/Objects-normal/x86_64/ExtractedAppShortcutsMetadata.stringsdata --source-file-list /Users/jasonlee/Library/Developer/Xcode/DerivedData/Notch-ddzsfiyxyoauidejndllmosklbkq/Build/Intermediates.noindex/KeyboardShortcuts.build/Release/KeyboardShortcuts.build/Objects-normal/arm64/KeyboardShortcuts.SwiftFileList --source-file-list /Users/jasonlee/Library/Developer/Xcode/DerivedData/Notch-ddzsfiyxyoauidejndllmosklbkq/Build/Intermediates.noindex/KeyboardShortcuts.build/Release/KeyboardShortcuts.build/Objects-normal/x86_64/KeyboardShortcuts.SwiftFileList --metadata-file-list /Users/jasonlee/Library/Developer/Xcode/DerivedData/Notch-ddzsfiyxyoauidejndllmosklbkq/Build/Intermediates.noindex/KeyboardShortcuts.build/Release/KeyboardShortcuts.build/KeyboardShortcuts.DependencyMetadataFileList --static-metadata-file-list /Users/jasonlee/Library/Developer/Xcode/DerivedData/Notch-ddzsfiyxyoauidejndllmosklbkq/Build/Intermediates.noindex/KeyboardShortcuts.build/Release/KeyboardShortcuts.build/KeyboardShortcuts.DependencyStaticMetadataFileList --swift-const-vals-list /Users/jasonlee/Library/Developer/Xcode/DerivedData/Notch-ddzsfiyxyoauidejndllmosklbkq/Build/Intermediates.noindex/KeyboardShortcuts.build/Release/KeyboardShortcuts.build/Objects-normal/arm64/KeyboardShortcuts.SwiftConstValuesFileList --swift-const-vals-list /Users/jasonlee/Library/Developer/Xcode/DerivedData/Notch-ddzsfiyxyoauidejndllmosklbkq/Build/Intermediates.noindex/KeyboardShortcuts.build/Release/KeyboardShortcuts.build/Objects-normal/x86_64/KeyboardShortcuts.SwiftConstValuesFileList --force --compile-time-extraction --deployment-aware-processing --validate-assistant-intents --no-app-shortcuts-localization
2026-05-06 05:02:50.989 appintentsmetadataprocessor[46430:15830244] Starting appintentsmetadataprocessor export
2026-05-06 05:02:50.995 appintentsmetadataprocessor[46430:15830244] Extracted no relevant App Intents symbols, skipping writing output

RegisterExecutionPolicyException /Users/jasonlee/Library/Developer/Xcode/DerivedData/Notch-ddzsfiyxyoauidejndllmosklbkq/Build/Products/Release/KeyboardShortcuts.o (in target 'KeyboardShortcuts' from project 'KeyboardShortcuts')
    cd /Users/jasonlee/Library/Developer/Xcode/DerivedData/Notch-ddzsfiyxyoauidejndllmosklbkq/SourcePackages/checkouts/KeyboardShortcuts
    builtin-RegisterExecutionPolicyException /Users/jasonlee/Library/Developer/Xcode/DerivedData/Notch-ddzsfiyxyoauidejndllmosklbkq/Build/Products/Release/KeyboardShortcuts.o

Ld /Users/jasonlee/Library/Developer/Xcode/DerivedData/Notch-ddzsfiyxyoauidejndllmosklbkq/Build/Intermediates.noindex/PLCrashReporter.build/Release/CrashReporter.build/Objects-normal/arm64/Binary/CrashReporter.o normal arm64 (in target 'CrashReporter' from project 'PLCrashReporter')
    cd /Users/jasonlee/Library/Developer/Xcode/DerivedData/Notch-ddzsfiyxyoauidejndllmosklbkq/SourcePackages/checkouts/plcrashreporter
    /Applications/Xcode.app/Contents/Developer/Toolchains/XcodeDefault.xctoolchain/usr/bin/clang++ -Xlinker -reproducible -target arm64-apple-macos10.13 -r -isysroot /Applications/Xcode.app/Contents/Developer/Platforms/MacOSX.platform/Developer/SDKs/MacOSX26.4.sdk -Os -w -F/Users/jasonlee/Library/Developer/Xcode/DerivedData/Notch-ddzsfiyxyoauidejndllmosklbkq/Build/Intermediates.noindex/EagerLinkingTBDs/Release -F/Users/jasonlee/Library/Developer/Xcode/DerivedData/Notch-ddzsfiyxyoauidejndllmosklbkq/Build/Products/Release -iframework /Applications/Xcode.app/Contents/Developer/Platforms/MacOSX.platform/Developer/Library/Frameworks -filelist /Users/jasonlee/Library/Developer/Xcode/DerivedData/Notch-ddzsfiyxyoauidejndllmosklbkq/Build/Intermediates.noindex/PLCrashReporter.build/Release/CrashReporter.build/Objects-normal/arm64/CrashReporter.LinkFileList -nostdlib -Xlinker -object_path_lto -Xlinker /Users/jasonlee/Library/Developer/Xcode/DerivedData/Notch-ddzsfiyxyoauidejndllmosklbkq/Build/Intermediates.noindex/PLCrashReporter.build/Release/CrashReporter.build/Objects-normal/arm64/CrashReporter_lto.o -Xlinker -debug_variant -Xlinker -dependency_info -Xlinker /Users/jasonlee/Library/Developer/Xcode/DerivedData/Notch-ddzsfiyxyoauidejndllmosklbkq/Build/Intermediates.noindex/PLCrashReporter.build/Release/CrashReporter.build/Objects-normal/arm64/CrashReporter_dependency_info.dat -fobjc-arc -fobjc-link-runtime -o /Users/jasonlee/Library/Developer/Xcode/DerivedData/Notch-ddzsfiyxyoauidejndllmosklbkq/Build/Intermediates.noindex/PLCrashReporter.build/Release/CrashReporter.build/Objects-normal/arm64/Binary/CrashReporter.o

CreateUniversalBinary /Users/jasonlee/Library/Developer/Xcode/DerivedData/Notch-ddzsfiyxyoauidejndllmosklbkq/Build/Products/Release/CrashReporter.o normal arm64\ x86_64 (in target 'CrashReporter' from project 'PLCrashReporter')
    cd /Users/jasonlee/Library/Developer/Xcode/DerivedData/Notch-ddzsfiyxyoauidejndllmosklbkq/SourcePackages/checkouts/plcrashreporter
    /Applications/Xcode.app/Contents/Developer/Toolchains/XcodeDefault.xctoolchain/usr/bin/lipo -create /Users/jasonlee/Library/Developer/Xcode/DerivedData/Notch-ddzsfiyxyoauidejndllmosklbkq/Build/Intermediates.noindex/PLCrashReporter.build/Release/CrashReporter.build/Objects-normal/arm64/Binary/CrashReporter.o /Users/jasonlee/Library/Developer/Xcode/DerivedData/Notch-ddzsfiyxyoauidejndllmosklbkq/Build/Intermediates.noindex/PLCrashReporter.build/Release/CrashReporter.build/Objects-normal/x86_64/Binary/CrashReporter.o -output /Users/jasonlee/Library/Developer/Xcode/DerivedData/Notch-ddzsfiyxyoauidejndllmosklbkq/Build/Products/Release/CrashReporter.o

RegisterExecutionPolicyException /Users/jasonlee/Library/Developer/Xcode/DerivedData/Notch-ddzsfiyxyoauidejndllmosklbkq/Build/Products/Release/CrashReporter.o (in target 'CrashReporter' from project 'PLCrashReporter')
    cd /Users/jasonlee/Library/Developer/Xcode/DerivedData/Notch-ddzsfiyxyoauidejndllmosklbkq/SourcePackages/checkouts/plcrashreporter
    builtin-RegisterExecutionPolicyException /Users/jasonlee/Library/Developer/Xcode/DerivedData/Notch-ddzsfiyxyoauidejndllmosklbkq/Build/Products/Release/CrashReporter.o

SwiftDriverJobDiscovery normal x86_64 Compiling resource_bundle_accessor.swift, ApplicationLifecyclePublisher.swift, PostHogAppLifeCycleIntegration.swift, PostHogDeepLinkHelper.swift, ApplicationViewLayoutPublisher.swift, AutocaptureEventProcessing.swift, ForwardingPickerViewDelegate.swift, PostHogAutocaptureEventTracker.swift, PostHogAutocaptureIntegration.swift, View+PostHogLabel.swift, UIView+PostHogLabel.swift, DI.swift, PostHogBinaryImageInfo.swift, PostHogStackFrame.swift, PostHogCrashReportProcessor.swift, PostHogErrorTrackingAutoCaptureIntegration.swift, PostHogErrorTrackingConfig.swift, PostHogExceptionProcessor.swift, PostHogDebugImageProvider.swift, PostHogErrorTrackingUtils.swift, PostHogStackTraceProcessor.swift, PostHogEvent.swift, PostHogFeatureFlagResult.swift, PostHogSurvey+Display.swift, PostHogSurvey.swift, PostHogSurveyAppearance.swift, PostHogSurveyConditions.swift, PostHogSurveyEnums.swift, PostHogSurveyQuestion.swift, PostHogApi.swift, PostHogBatchUploadInfo.swift, PostHogConfig.swift, PostHogConsumerPayload.swift, PostHogContext.swift, PostHogExtensions.swift, PostHogFileBackedQueue.swift, PostHogIntegration.swift, PostHogLegacyQueue.swift, PostHogPersonProfiles.swift, PostHogPropertiesSanitizer.swift, PostHogQueue.swift, PostHogRemoteConfig.swift, PostHogSDK.swift, PostHogSessionManager.swift, PostHogStorage.swift, PostHogStorageManager.swift, PostHogSwizzler.swift, PostHogVersion.swift, ApplicationEventPublisher.swift, CGColor+Util.swift, CGSize+Util.swift, Date+Util.swift, Float+Util.swift, MethodSwizzler.swift, NetworkSample.swift, Optional+Util.swift, PostHogConsoleLogInterceptor.swift, PostHogLogEntry.swift, PostHogLogLevel.swift, PostHogSessionReplayConsoleLogsPlugin.swift, PostHogSessionReplayNetworkPlugin.swift, URLSessionExtension.swift, URLSessionInterceptor.swift, URLSessionSwizzler.swift, PostHogSessionReplayPlugin.swift, PostHogReplayIntegration.swift, PostHogSampling.swift, PostHogSessionReplayConfig.swift, PostHogSessionReplayConsoleLogConfig.swift, RRStyle.swift, RRWireframe.swift, String+Util.swift, UIColor+Util.swift, UIImage+Util.swift, UITextInputTraits+Util.swift, UIView+Util.swift, ViewTreeSnapshotStatus.swift, ApplicationScreenViewPublisher.swift, PostHogScreenViewIntegration.swift, BottomSection.swift, ConfirmationMessage.swift, PostHogDisplaySurvey.swift, PostHogDisplaySurveyAppearance.swift, PostHogDisplaySurveyQuestion.swift, PostHogNextSurveyQuestion.swift, PostHogSurveyResponse.swift, PostHogSurveyIntegration.swift, PostHogSurveysConfig.swift, PostHogSurveysDefaultDelegate.swift, QuestionHeader.swift, QuestionTypes.swift, SurveyDisplayController.swift, SurveySheet.swift, SurveysRootView.swift, SurveysWindow.swift, EdgeBorder.swift, EmojiRating.swift, MultipleChoiceOptions.swift, NumberRating.swift, Resources.swift, SegmentedControl.swift, Survey+Util.swift, SurveyButton.swift, SurveyPresentationDetentsRepresentable.swift, SwiftUI+Util.swift, PostHogDeepLinkListener.swift, PostHogMaskViewModifier.swift, PostHogNoMaskViewModifier.swift, PostHogSwiftUIViewModifiers.swift, PostHogTagViewModifier.swift, UIViewController.swift, AssociatedKeys.swift, Data+Gzip.swift, DateUtils.swift, DictUtils.swift, Errors.swift, FileUtils.swift, Hedgelog.swift, PostHogMulticastCallback.swift, Reachability.swift, TimeBasedEpochGenerator.swift, UIApplication+.swift, UIImage+WebP.swift, UIWindow+.swift, UUIDUtils.swift (in target 'PostHog' from project 'PostHog')

SwiftDriver\ Compilation\ Requirements PostHog normal x86_64 com.apple.xcode.tools.swift.compiler (in target 'PostHog' from project 'PostHog')
    cd /Users/jasonlee/Coding/App/Notch/Notch.xcodeproj
    builtin-Swift-Compilation-Requirements -- /Applications/Xcode.app/Contents/Developer/Toolchains/XcodeDefault.xctoolchain/usr/bin/swiftc -module-name PostHog -O -whole-module-optimization @/Users/jasonlee/Library/Developer/Xcode/DerivedData/Notch-ddzsfiyxyoauidejndllmosklbkq/Build/Intermediates.noindex/PostHog.build/Release/PostHog.build/Objects-normal/x86_64/PostHog.SwiftFileList -DSWIFT_PACKAGE -DSWIFT_MODULE_RESOURCE_BUNDLE_AVAILABLE -Xcc -fmodule-map-file\=/Users/jasonlee/Library/Developer/Xcode/DerivedData/Notch-ddzsfiyxyoauidejndllmosklbkq/Build/Intermediates.noindex/GeneratedModuleMaps/CrashReporter.modulemap -Xcc -fmodule-map-file\=/Users/jasonlee/Library/Developer/Xcode/DerivedData/Notch-ddzsfiyxyoauidejndllmosklbkq/Build/Intermediates.noindex/GeneratedModuleMaps/phlibwebp.modulemap -DXcode -plugin-path /Applications/Xcode.app/Contents/Developer/Toolchains/XcodeDefault.xctoolchain/usr/lib/swift/host/plugins/testing -enable-experimental-feature DebugDescriptionMacro -sdk /Applications/Xcode.app/Contents/Developer/Platforms/MacOSX.platform/Developer/SDKs/MacOSX26.4.sdk -target x86_64-apple-macos10.15 -g -module-cache-path /Users/jasonlee/Library/Developer/Xcode/DerivedData/ModuleCache.noindex -Xfrontend -serialize-debugging-options -profile-coverage-mapping -profile-generate -suppress-warnings -swift-version 5 -I /Users/jasonlee/Library/Developer/Xcode/DerivedData/Notch-ddzsfiyxyoauidejndllmosklbkq/Build/Products/Release -Isystem /Applications/Xcode.app/Contents/Developer/Platforms/MacOSX.platform/Developer/usr/lib -F /Users/jasonlee/Library/Developer/Xcode/DerivedData/Notch-ddzsfiyxyoauidejndllmosklbkq/Build/Products/Release/PackageFrameworks -F /Users/jasonlee/Library/Developer/Xcode/DerivedData/Notch-ddzsfiyxyoauidejndllmosklbkq/Build/Products/Release/PackageFrameworks -F /Users/jasonlee/Library/Developer/Xcode/DerivedData/Notch-ddzsfiyxyoauidejndllmosklbkq/Build/Products/Release -F /Applications/Xcode.app/Contents/Developer/Platforms/MacOSX.platform/Developer/Library/Frameworks -c -num-threads 12 -Xcc -ivfsstatcache -Xcc /Users/jasonlee/Library/Developer/Xcode/DerivedData/SDKStatCaches.noindex/macosx26.4-25E251-30f9ca8789b706f8bd3fc906a70d770f.sdkstatcache -output-file-map /Users/jasonlee/Library/Developer/Xcode/DerivedData/Notch-ddzsfiyxyoauidejndllmosklbkq/Build/Intermediates.noindex/PostHog.build/Release/PostHog.build/Objects-normal/x86_64/PostHog-OutputFileMap.json -use-frontend-parseable-output -save-temps -no-color-diagnostics -explicit-module-build -module-cache-path /Users/jasonlee/Library/Developer/Xcode/DerivedData/Notch-ddzsfiyxyoauidejndllmosklbkq/Build/Intermediates.noindex/SwiftExplicitPrecompiledModules -clang-scanner-module-cache-path /Users/jasonlee/Library/Developer/Xcode/DerivedData/ModuleCache.noindex -sdk-module-cache-path /Users/jasonlee/Library/Developer/Xcode/DerivedData/ModuleCache.noindex -serialize-diagnostics -emit-dependencies -emit-module -emit-module-path /Users/jasonlee/Library/Developer/Xcode/DerivedData/Notch-ddzsfiyxyoauidejndllmosklbkq/Build/Intermediates.noindex/PostHog.build/Release/PostHog.build/Objects-normal/x86_64/PostHog.swiftmodule -validate-clang-modules-once -clang-build-session-file /Users/jasonlee/Library/Developer/Xcode/DerivedData/ModuleCache.noindex/Session.modulevalidation -package-name posthog_ios -Xcc -I/Users/jasonlee/Library/Developer/Xcode/DerivedData/Notch-ddzsfiyxyoauidejndllmosklbkq/Build/Intermediates.noindex/PostHog.build/Release/PostHog.build/swift-overrides.hmap -emit-const-values -Xfrontend -const-gather-protocols-file -Xfrontend /Users/jasonlee/Library/Developer/Xcode/DerivedData/Notch-ddzsfiyxyoauidejndllmosklbkq/Build/Intermediates.noindex/PostHog.build/Release/PostHog.build/Objects-normal/x86_64/PostHog_const_extract_protocols.json -Xcc -I/Users/jasonlee/Library/Developer/Xcode/DerivedData/Notch-ddzsfiyxyoauidejndllmosklbkq/SourcePackages/checkouts/plcrashreporter/include -Xcc -I/Users/jasonlee/Library/Developer/Xcode/DerivedData/Notch-ddzsfiyxyoauidejndllmosklbkq/SourcePackages/checkouts/posthog-ios/vendor/libwebp -Xcc -I/Users/jasonlee/Library/Developer/Xcode/DerivedData/Notch-ddzsfiyxyoauidejndllmosklbkq/Build/Products/Release/include -Xcc -I/Users/jasonlee/Library/Developer/Xcode/DerivedData/Notch-ddzsfiyxyoauidejndllmosklbkq/Build/Intermediates.noindex/PostHog.build/Release/PostHog.build/DerivedSources-normal/x86_64 -Xcc -I/Users/jasonlee/Library/Developer/Xcode/DerivedData/Notch-ddzsfiyxyoauidejndllmosklbkq/Build/Intermediates.noindex/PostHog.build/Release/PostHog.build/DerivedSources/x86_64 -Xcc -I/Users/jasonlee/Library/Developer/Xcode/DerivedData/Notch-ddzsfiyxyoauidejndllmosklbkq/Build/Intermediates.noindex/PostHog.build/Release/PostHog.build/DerivedSources -Xcc -DSWIFT_PACKAGE -emit-objc-header -emit-objc-header-path /Users/jasonlee/Library/Developer/Xcode/DerivedData/Notch-ddzsfiyxyoauidejndllmosklbkq/Build/Intermediates.noindex/PostHog.build/Release/PostHog.build/Objects-normal/x86_64/PostHog-Swift.h -working-directory /Users/jasonlee/Coding/App/Notch/Notch.xcodeproj -no-emit-module-separately-wmo

Copy /Users/jasonlee/Library/Developer/Xcode/DerivedData/Notch-ddzsfiyxyoauidejndllmosklbkq/Build/Products/Release/PostHog.swiftmodule/x86_64-apple-macos.swiftmodule /Users/jasonlee/Library/Developer/Xcode/DerivedData/Notch-ddzsfiyxyoauidejndllmosklbkq/Build/Intermediates.noindex/PostHog.build/Release/PostHog.build/Objects-normal/x86_64/PostHog.swiftmodule (in target 'PostHog' from project 'PostHog')
    cd /Users/jasonlee/Library/Developer/Xcode/DerivedData/Notch-ddzsfiyxyoauidejndllmosklbkq/SourcePackages/checkouts/posthog-ios
    builtin-copy -exclude .DS_Store -exclude CVS -exclude .svn -exclude .git -exclude .hg -strip-unsigned-binaries -strip-deterministic -strip-tool /Applications/Xcode.app/Contents/Developer/Toolchains/XcodeDefault.xctoolchain/usr/bin/strip -resolve-src-symlinks -rename /Users/jasonlee/Library/Developer/Xcode/DerivedData/Notch-ddzsfiyxyoauidejndllmosklbkq/Build/Intermediates.noindex/PostHog.build/Release/PostHog.build/Objects-normal/x86_64/PostHog.swiftmodule /Users/jasonlee/Library/Developer/Xcode/DerivedData/Notch-ddzsfiyxyoauidejndllmosklbkq/Build/Products/Release/PostHog.swiftmodule/x86_64-apple-macos.swiftmodule

Copy /Users/jasonlee/Library/Developer/Xcode/DerivedData/Notch-ddzsfiyxyoauidejndllmosklbkq/Build/Products/Release/PostHog.swiftmodule/x86_64-apple-macos.swiftdoc /Users/jasonlee/Library/Developer/Xcode/DerivedData/Notch-ddzsfiyxyoauidejndllmosklbkq/Build/Intermediates.noindex/PostHog.build/Release/PostHog.build/Objects-normal/x86_64/PostHog.swiftdoc (in target 'PostHog' from project 'PostHog')
    cd /Users/jasonlee/Library/Developer/Xcode/DerivedData/Notch-ddzsfiyxyoauidejndllmosklbkq/SourcePackages/checkouts/posthog-ios
    builtin-copy -exclude .DS_Store -exclude CVS -exclude .svn -exclude .git -exclude .hg -strip-unsigned-binaries -strip-deterministic -strip-tool /Applications/Xcode.app/Contents/Developer/Toolchains/XcodeDefault.xctoolchain/usr/bin/strip -resolve-src-symlinks -rename /Users/jasonlee/Library/Developer/Xcode/DerivedData/Notch-ddzsfiyxyoauidejndllmosklbkq/Build/Intermediates.noindex/PostHog.build/Release/PostHog.build/Objects-normal/x86_64/PostHog.swiftdoc /Users/jasonlee/Library/Developer/Xcode/DerivedData/Notch-ddzsfiyxyoauidejndllmosklbkq/Build/Products/Release/PostHog.swiftmodule/x86_64-apple-macos.swiftdoc

Copy /Users/jasonlee/Library/Developer/Xcode/DerivedData/Notch-ddzsfiyxyoauidejndllmosklbkq/Build/Products/Release/PostHog.swiftmodule/x86_64-apple-macos.abi.json /Users/jasonlee/Library/Developer/Xcode/DerivedData/Notch-ddzsfiyxyoauidejndllmosklbkq/Build/Intermediates.noindex/PostHog.build/Release/PostHog.build/Objects-normal/x86_64/PostHog.abi.json (in target 'PostHog' from project 'PostHog')
    cd /Users/jasonlee/Library/Developer/Xcode/DerivedData/Notch-ddzsfiyxyoauidejndllmosklbkq/SourcePackages/checkouts/posthog-ios
    builtin-copy -exclude .DS_Store -exclude CVS -exclude .svn -exclude .git -exclude .hg -strip-unsigned-binaries -strip-deterministic -strip-tool /Applications/Xcode.app/Contents/Developer/Toolchains/XcodeDefault.xctoolchain/usr/bin/strip -resolve-src-symlinks -rename /Users/jasonlee/Library/Developer/Xcode/DerivedData/Notch-ddzsfiyxyoauidejndllmosklbkq/Build/Intermediates.noindex/PostHog.build/Release/PostHog.build/Objects-normal/x86_64/PostHog.abi.json /Users/jasonlee/Library/Developer/Xcode/DerivedData/Notch-ddzsfiyxyoauidejndllmosklbkq/Build/Products/Release/PostHog.swiftmodule/x86_64-apple-macos.abi.json

Copy /Users/jasonlee/Library/Developer/Xcode/DerivedData/Notch-ddzsfiyxyoauidejndllmosklbkq/Build/Products/Release/PostHog.swiftmodule/Project/x86_64-apple-macos.swiftsourceinfo /Users/jasonlee/Library/Developer/Xcode/DerivedData/Notch-ddzsfiyxyoauidejndllmosklbkq/Build/Intermediates.noindex/PostHog.build/Release/PostHog.build/Objects-normal/x86_64/PostHog.swiftsourceinfo (in target 'PostHog' from project 'PostHog')
    cd /Users/jasonlee/Library/Developer/Xcode/DerivedData/Notch-ddzsfiyxyoauidejndllmosklbkq/SourcePackages/checkouts/posthog-ios
    builtin-copy -exclude .DS_Store -exclude CVS -exclude .svn -exclude .git -exclude .hg -strip-unsigned-binaries -strip-deterministic -strip-tool /Applications/Xcode.app/Contents/Developer/Toolchains/XcodeDefault.xctoolchain/usr/bin/strip -resolve-src-symlinks -rename /Users/jasonlee/Library/Developer/Xcode/DerivedData/Notch-ddzsfiyxyoauidejndllmosklbkq/Build/Intermediates.noindex/PostHog.build/Release/PostHog.build/Objects-normal/x86_64/PostHog.swiftsourceinfo /Users/jasonlee/Library/Developer/Xcode/DerivedData/Notch-ddzsfiyxyoauidejndllmosklbkq/Build/Products/Release/PostHog.swiftmodule/Project/x86_64-apple-macos.swiftsourceinfo

SwiftDriverJobDiscovery normal arm64 Compiling resource_bundle_accessor.swift, ApplicationLifecyclePublisher.swift, PostHogAppLifeCycleIntegration.swift, PostHogDeepLinkHelper.swift, ApplicationViewLayoutPublisher.swift, AutocaptureEventProcessing.swift, ForwardingPickerViewDelegate.swift, PostHogAutocaptureEventTracker.swift, PostHogAutocaptureIntegration.swift, View+PostHogLabel.swift, UIView+PostHogLabel.swift, DI.swift, PostHogBinaryImageInfo.swift, PostHogStackFrame.swift, PostHogCrashReportProcessor.swift, PostHogErrorTrackingAutoCaptureIntegration.swift, PostHogErrorTrackingConfig.swift, PostHogExceptionProcessor.swift, PostHogDebugImageProvider.swift, PostHogErrorTrackingUtils.swift, PostHogStackTraceProcessor.swift, PostHogEvent.swift, PostHogFeatureFlagResult.swift, PostHogSurvey+Display.swift, PostHogSurvey.swift, PostHogSurveyAppearance.swift, PostHogSurveyConditions.swift, PostHogSurveyEnums.swift, PostHogSurveyQuestion.swift, PostHogApi.swift, PostHogBatchUploadInfo.swift, PostHogConfig.swift, PostHogConsumerPayload.swift, PostHogContext.swift, PostHogExtensions.swift, PostHogFileBackedQueue.swift, PostHogIntegration.swift, PostHogLegacyQueue.swift, PostHogPersonProfiles.swift, PostHogPropertiesSanitizer.swift, PostHogQueue.swift, PostHogRemoteConfig.swift, PostHogSDK.swift, PostHogSessionManager.swift, PostHogStorage.swift, PostHogStorageManager.swift, PostHogSwizzler.swift, PostHogVersion.swift, ApplicationEventPublisher.swift, CGColor+Util.swift, CGSize+Util.swift, Date+Util.swift, Float+Util.swift, MethodSwizzler.swift, NetworkSample.swift, Optional+Util.swift, PostHogConsoleLogInterceptor.swift, PostHogLogEntry.swift, PostHogLogLevel.swift, PostHogSessionReplayConsoleLogsPlugin.swift, PostHogSessionReplayNetworkPlugin.swift, URLSessionExtension.swift, URLSessionInterceptor.swift, URLSessionSwizzler.swift, PostHogSessionReplayPlugin.swift, PostHogReplayIntegration.swift, PostHogSampling.swift, PostHogSessionReplayConfig.swift, PostHogSessionReplayConsoleLogConfig.swift, RRStyle.swift, RRWireframe.swift, String+Util.swift, UIColor+Util.swift, UIImage+Util.swift, UITextInputTraits+Util.swift, UIView+Util.swift, ViewTreeSnapshotStatus.swift, ApplicationScreenViewPublisher.swift, PostHogScreenViewIntegration.swift, BottomSection.swift, ConfirmationMessage.swift, PostHogDisplaySurvey.swift, PostHogDisplaySurveyAppearance.swift, PostHogDisplaySurveyQuestion.swift, PostHogNextSurveyQuestion.swift, PostHogSurveyResponse.swift, PostHogSurveyIntegration.swift, PostHogSurveysConfig.swift, PostHogSurveysDefaultDelegate.swift, QuestionHeader.swift, QuestionTypes.swift, SurveyDisplayController.swift, SurveySheet.swift, SurveysRootView.swift, SurveysWindow.swift, EdgeBorder.swift, EmojiRating.swift, MultipleChoiceOptions.swift, NumberRating.swift, Resources.swift, SegmentedControl.swift, Survey+Util.swift, SurveyButton.swift, SurveyPresentationDetentsRepresentable.swift, SwiftUI+Util.swift, PostHogDeepLinkListener.swift, PostHogMaskViewModifier.swift, PostHogNoMaskViewModifier.swift, PostHogSwiftUIViewModifiers.swift, PostHogTagViewModifier.swift, UIViewController.swift, AssociatedKeys.swift, Data+Gzip.swift, DateUtils.swift, DictUtils.swift, Errors.swift, FileUtils.swift, Hedgelog.swift, PostHogMulticastCallback.swift, Reachability.swift, TimeBasedEpochGenerator.swift, UIApplication+.swift, UIImage+WebP.swift, UIWindow+.swift, UUIDUtils.swift (in target 'PostHog' from project 'PostHog')

SwiftDriver\ Compilation\ Requirements PostHog normal arm64 com.apple.xcode.tools.swift.compiler (in target 'PostHog' from project 'PostHog')
    cd /Users/jasonlee/Coding/App/Notch/Notch.xcodeproj
    builtin-Swift-Compilation-Requirements -- /Applications/Xcode.app/Contents/Developer/Toolchains/XcodeDefault.xctoolchain/usr/bin/swiftc -module-name PostHog -O -whole-module-optimization @/Users/jasonlee/Library/Developer/Xcode/DerivedData/Notch-ddzsfiyxyoauidejndllmosklbkq/Build/Intermediates.noindex/PostHog.build/Release/PostHog.build/Objects-normal/arm64/PostHog.SwiftFileList -DSWIFT_PACKAGE -DSWIFT_MODULE_RESOURCE_BUNDLE_AVAILABLE -Xcc -fmodule-map-file\=/Users/jasonlee/Library/Developer/Xcode/DerivedData/Notch-ddzsfiyxyoauidejndllmosklbkq/Build/Intermediates.noindex/GeneratedModuleMaps/CrashReporter.modulemap -Xcc -fmodule-map-file\=/Users/jasonlee/Library/Developer/Xcode/DerivedData/Notch-ddzsfiyxyoauidejndllmosklbkq/Build/Intermediates.noindex/GeneratedModuleMaps/phlibwebp.modulemap -DXcode -plugin-path /Applications/Xcode.app/Contents/Developer/Toolchains/XcodeDefault.xctoolchain/usr/lib/swift/host/plugins/testing -enable-experimental-feature DebugDescriptionMacro -sdk /Applications/Xcode.app/Contents/Developer/Platforms/MacOSX.platform/Developer/SDKs/MacOSX26.4.sdk -target arm64-apple-macos10.15 -g -module-cache-path /Users/jasonlee/Library/Developer/Xcode/DerivedData/ModuleCache.noindex -Xfrontend -serialize-debugging-options -profile-coverage-mapping -profile-generate -suppress-warnings -swift-version 5 -I /Users/jasonlee/Library/Developer/Xcode/DerivedData/Notch-ddzsfiyxyoauidejndllmosklbkq/Build/Products/Release -Isystem /Applications/Xcode.app/Contents/Developer/Platforms/MacOSX.platform/Developer/usr/lib -F /Users/jasonlee/Library/Developer/Xcode/DerivedData/Notch-ddzsfiyxyoauidejndllmosklbkq/Build/Products/Release/PackageFrameworks -F /Users/jasonlee/Library/Developer/Xcode/DerivedData/Notch-ddzsfiyxyoauidejndllmosklbkq/Build/Products/Release/PackageFrameworks -F /Users/jasonlee/Library/Developer/Xcode/DerivedData/Notch-ddzsfiyxyoauidejndllmosklbkq/Build/Products/Release -F /Applications/Xcode.app/Contents/Developer/Platforms/MacOSX.platform/Developer/Library/Frameworks -c -num-threads 12 -Xcc -ivfsstatcache -Xcc /Users/jasonlee/Library/Developer/Xcode/DerivedData/SDKStatCaches.noindex/macosx26.4-25E251-30f9ca8789b706f8bd3fc906a70d770f.sdkstatcache -output-file-map /Users/jasonlee/Library/Developer/Xcode/DerivedData/Notch-ddzsfiyxyoauidejndllmosklbkq/Build/Intermediates.noindex/PostHog.build/Release/PostHog.build/Objects-normal/arm64/PostHog-OutputFileMap.json -use-frontend-parseable-output -save-temps -no-color-diagnostics -explicit-module-build -module-cache-path /Users/jasonlee/Library/Developer/Xcode/DerivedData/Notch-ddzsfiyxyoauidejndllmosklbkq/Build/Intermediates.noindex/SwiftExplicitPrecompiledModules -clang-scanner-module-cache-path /Users/jasonlee/Library/Developer/Xcode/DerivedData/ModuleCache.noindex -sdk-module-cache-path /Users/jasonlee/Library/Developer/Xcode/DerivedData/ModuleCache.noindex -serialize-diagnostics -emit-dependencies -emit-module -emit-module-path /Users/jasonlee/Library/Developer/Xcode/DerivedData/Notch-ddzsfiyxyoauidejndllmosklbkq/Build/Intermediates.noindex/PostHog.build/Release/PostHog.build/Objects-normal/arm64/PostHog.swiftmodule -validate-clang-modules-once -clang-build-session-file /Users/jasonlee/Library/Developer/Xcode/DerivedData/ModuleCache.noindex/Session.modulevalidation -package-name posthog_ios -Xcc -I/Users/jasonlee/Library/Developer/Xcode/DerivedData/Notch-ddzsfiyxyoauidejndllmosklbkq/Build/Intermediates.noindex/PostHog.build/Release/PostHog.build/swift-overrides.hmap -emit-const-values -Xfrontend -const-gather-protocols-file -Xfrontend /Users/jasonlee/Library/Developer/Xcode/DerivedData/Notch-ddzsfiyxyoauidejndllmosklbkq/Build/Intermediates.noindex/PostHog.build/Release/PostHog.build/Objects-normal/arm64/PostHog_const_extract_protocols.json -Xcc -I/Users/jasonlee/Library/Developer/Xcode/DerivedData/Notch-ddzsfiyxyoauidejndllmosklbkq/SourcePackages/checkouts/plcrashreporter/include -Xcc -I/Users/jasonlee/Library/Developer/Xcode/DerivedData/Notch-ddzsfiyxyoauidejndllmosklbkq/SourcePackages/checkouts/posthog-ios/vendor/libwebp -Xcc -I/Users/jasonlee/Library/Developer/Xcode/DerivedData/Notch-ddzsfiyxyoauidejndllmosklbkq/Build/Products/Release/include -Xcc -I/Users/jasonlee/Library/Developer/Xcode/DerivedData/Notch-ddzsfiyxyoauidejndllmosklbkq/Build/Intermediates.noindex/PostHog.build/Release/PostHog.build/DerivedSources-normal/arm64 -Xcc -I/Users/jasonlee/Library/Developer/Xcode/DerivedData/Notch-ddzsfiyxyoauidejndllmosklbkq/Build/Intermediates.noindex/PostHog.build/Release/PostHog.build/DerivedSources/arm64 -Xcc -I/Users/jasonlee/Library/Developer/Xcode/DerivedData/Notch-ddzsfiyxyoauidejndllmosklbkq/Build/Intermediates.noindex/PostHog.build/Release/PostHog.build/DerivedSources -Xcc -DSWIFT_PACKAGE -emit-objc-header -emit-objc-header-path /Users/jasonlee/Library/Developer/Xcode/DerivedData/Notch-ddzsfiyxyoauidejndllmosklbkq/Build/Intermediates.noindex/PostHog.build/Release/PostHog.build/Objects-normal/arm64/PostHog-Swift.h -working-directory /Users/jasonlee/Coding/App/Notch/Notch.xcodeproj -no-emit-module-separately-wmo

SwiftMergeGeneratedHeaders /Users/jasonlee/Library/Developer/Xcode/DerivedData/Notch-ddzsfiyxyoauidejndllmosklbkq/Build/Intermediates.noindex/GeneratedModuleMaps/PostHog-Swift.h /Users/jasonlee/Library/Developer/Xcode/DerivedData/Notch-ddzsfiyxyoauidejndllmosklbkq/Build/Intermediates.noindex/PostHog.build/Release/PostHog.build/Objects-normal/arm64/PostHog-Swift.h /Users/jasonlee/Library/Developer/Xcode/DerivedData/Notch-ddzsfiyxyoauidejndllmosklbkq/Build/Intermediates.noindex/PostHog.build/Release/PostHog.build/Objects-normal/x86_64/PostHog-Swift.h (in target 'PostHog' from project 'PostHog')
    cd /Users/jasonlee/Library/Developer/Xcode/DerivedData/Notch-ddzsfiyxyoauidejndllmosklbkq/SourcePackages/checkouts/posthog-ios
    builtin-swiftHeaderTool -arch arm64 /Users/jasonlee/Library/Developer/Xcode/DerivedData/Notch-ddzsfiyxyoauidejndllmosklbkq/Build/Intermediates.noindex/PostHog.build/Release/PostHog.build/Objects-normal/arm64/PostHog-Swift.h -arch x86_64 /Users/jasonlee/Library/Developer/Xcode/DerivedData/Notch-ddzsfiyxyoauidejndllmosklbkq/Build/Intermediates.noindex/PostHog.build/Release/PostHog.build/Objects-normal/x86_64/PostHog-Swift.h -o /Users/jasonlee/Library/Developer/Xcode/DerivedData/Notch-ddzsfiyxyoauidejndllmosklbkq/Build/Intermediates.noindex/GeneratedModuleMaps/PostHog-Swift.h

Copy /Users/jasonlee/Library/Developer/Xcode/DerivedData/Notch-ddzsfiyxyoauidejndllmosklbkq/Build/Products/Release/PostHog.swiftmodule/Project/arm64-apple-macos.swiftsourceinfo /Users/jasonlee/Library/Developer/Xcode/DerivedData/Notch-ddzsfiyxyoauidejndllmosklbkq/Build/Intermediates.noindex/PostHog.build/Release/PostHog.build/Objects-normal/arm64/PostHog.swiftsourceinfo (in target 'PostHog' from project 'PostHog')
    cd /Users/jasonlee/Library/Developer/Xcode/DerivedData/Notch-ddzsfiyxyoauidejndllmosklbkq/SourcePackages/checkouts/posthog-ios
    builtin-copy -exclude .DS_Store -exclude CVS -exclude .svn -exclude .git -exclude .hg -strip-unsigned-binaries -strip-deterministic -strip-tool /Applications/Xcode.app/Contents/Developer/Toolchains/XcodeDefault.xctoolchain/usr/bin/strip -resolve-src-symlinks -rename /Users/jasonlee/Library/Developer/Xcode/DerivedData/Notch-ddzsfiyxyoauidejndllmosklbkq/Build/Intermediates.noindex/PostHog.build/Release/PostHog.build/Objects-normal/arm64/PostHog.swiftsourceinfo /Users/jasonlee/Library/Developer/Xcode/DerivedData/Notch-ddzsfiyxyoauidejndllmosklbkq/Build/Products/Release/PostHog.swiftmodule/Project/arm64-apple-macos.swiftsourceinfo

Copy /Users/jasonlee/Library/Developer/Xcode/DerivedData/Notch-ddzsfiyxyoauidejndllmosklbkq/Build/Products/Release/PostHog.swiftmodule/arm64-apple-macos.swiftdoc /Users/jasonlee/Library/Developer/Xcode/DerivedData/Notch-ddzsfiyxyoauidejndllmosklbkq/Build/Intermediates.noindex/PostHog.build/Release/PostHog.build/Objects-normal/arm64/PostHog.swiftdoc (in target 'PostHog' from project 'PostHog')
    cd /Users/jasonlee/Library/Developer/Xcode/DerivedData/Notch-ddzsfiyxyoauidejndllmosklbkq/SourcePackages/checkouts/posthog-ios
    builtin-copy -exclude .DS_Store -exclude CVS -exclude .svn -exclude .git -exclude .hg -strip-unsigned-binaries -strip-deterministic -strip-tool /Applications/Xcode.app/Contents/Developer/Toolchains/XcodeDefault.xctoolchain/usr/bin/strip -resolve-src-symlinks -rename /Users/jasonlee/Library/Developer/Xcode/DerivedData/Notch-ddzsfiyxyoauidejndllmosklbkq/Build/Intermediates.noindex/PostHog.build/Release/PostHog.build/Objects-normal/arm64/PostHog.swiftdoc /Users/jasonlee/Library/Developer/Xcode/DerivedData/Notch-ddzsfiyxyoauidejndllmosklbkq/Build/Products/Release/PostHog.swiftmodule/arm64-apple-macos.swiftdoc

Copy /Users/jasonlee/Library/Developer/Xcode/DerivedData/Notch-ddzsfiyxyoauidejndllmosklbkq/Build/Products/Release/PostHog.swiftmodule/arm64-apple-macos.swiftmodule /Users/jasonlee/Library/Developer/Xcode/DerivedData/Notch-ddzsfiyxyoauidejndllmosklbkq/Build/Intermediates.noindex/PostHog.build/Release/PostHog.build/Objects-normal/arm64/PostHog.swiftmodule (in target 'PostHog' from project 'PostHog')
    cd /Users/jasonlee/Library/Developer/Xcode/DerivedData/Notch-ddzsfiyxyoauidejndllmosklbkq/SourcePackages/checkouts/posthog-ios
    builtin-copy -exclude .DS_Store -exclude CVS -exclude .svn -exclude .git -exclude .hg -strip-unsigned-binaries -strip-deterministic -strip-tool /Applications/Xcode.app/Contents/Developer/Toolchains/XcodeDefault.xctoolchain/usr/bin/strip -resolve-src-symlinks -rename /Users/jasonlee/Library/Developer/Xcode/DerivedData/Notch-ddzsfiyxyoauidejndllmosklbkq/Build/Intermediates.noindex/PostHog.build/Release/PostHog.build/Objects-normal/arm64/PostHog.swiftmodule /Users/jasonlee/Library/Developer/Xcode/DerivedData/Notch-ddzsfiyxyoauidejndllmosklbkq/Build/Products/Release/PostHog.swiftmodule/arm64-apple-macos.swiftmodule

Copy /Users/jasonlee/Library/Developer/Xcode/DerivedData/Notch-ddzsfiyxyoauidejndllmosklbkq/Build/Products/Release/PostHog.swiftmodule/arm64-apple-macos.abi.json /Users/jasonlee/Library/Developer/Xcode/DerivedData/Notch-ddzsfiyxyoauidejndllmosklbkq/Build/Intermediates.noindex/PostHog.build/Release/PostHog.build/Objects-normal/arm64/PostHog.abi.json (in target 'PostHog' from project 'PostHog')
    cd /Users/jasonlee/Library/Developer/Xcode/DerivedData/Notch-ddzsfiyxyoauidejndllmosklbkq/SourcePackages/checkouts/posthog-ios
    builtin-copy -exclude .DS_Store -exclude CVS -exclude .svn -exclude .git -exclude .hg -strip-unsigned-binaries -strip-deterministic -strip-tool /Applications/Xcode.app/Contents/Developer/Toolchains/XcodeDefault.xctoolchain/usr/bin/strip -resolve-src-symlinks -rename /Users/jasonlee/Library/Developer/Xcode/DerivedData/Notch-ddzsfiyxyoauidejndllmosklbkq/Build/Intermediates.noindex/PostHog.build/Release/PostHog.build/Objects-normal/arm64/PostHog.abi.json /Users/jasonlee/Library/Developer/Xcode/DerivedData/Notch-ddzsfiyxyoauidejndllmosklbkq/Build/Products/Release/PostHog.swiftmodule/arm64-apple-macos.abi.json

Ld /Users/jasonlee/Library/Developer/Xcode/DerivedData/Notch-ddzsfiyxyoauidejndllmosklbkq/Build/Intermediates.noindex/PostHog.build/Release/PostHog.build/Objects-normal/arm64/Binary/PostHog.o normal arm64 (in target 'PostHog' from project 'PostHog')
    cd /Users/jasonlee/Library/Developer/Xcode/DerivedData/Notch-ddzsfiyxyoauidejndllmosklbkq/SourcePackages/checkouts/posthog-ios
    /Applications/Xcode.app/Contents/Developer/Toolchains/XcodeDefault.xctoolchain/usr/bin/clang -Xlinker -reproducible -target arm64-apple-macos10.15 -r -isysroot /Applications/Xcode.app/Contents/Developer/Platforms/MacOSX.platform/Developer/SDKs/MacOSX26.4.sdk -Os -w -F/Users/jasonlee/Library/Developer/Xcode/DerivedData/Notch-ddzsfiyxyoauidejndllmosklbkq/Build/Intermediates.noindex/EagerLinkingTBDs/Release -F/Users/jasonlee/Library/Developer/Xcode/DerivedData/Notch-ddzsfiyxyoauidejndllmosklbkq/Build/Products/Release/PackageFrameworks -F/Users/jasonlee/Library/Developer/Xcode/DerivedData/Notch-ddzsfiyxyoauidejndllmosklbkq/Build/Products/Release/PackageFrameworks -F/Users/jasonlee/Library/Developer/Xcode/DerivedData/Notch-ddzsfiyxyoauidejndllmosklbkq/Build/Products/Release -iframework /Applications/Xcode.app/Contents/Developer/Platforms/MacOSX.platform/Developer/Library/Frameworks -filelist /Users/jasonlee/Library/Developer/Xcode/DerivedData/Notch-ddzsfiyxyoauidejndllmosklbkq/Build/Intermediates.noindex/PostHog.build/Release/PostHog.build/Objects-normal/arm64/PostHog.LinkFileList -nostdlib -Xlinker -object_path_lto -Xlinker /Users/jasonlee/Library/Developer/Xcode/DerivedData/Notch-ddzsfiyxyoauidejndllmosklbkq/Build/Intermediates.noindex/PostHog.build/Release/PostHog.build/Objects-normal/arm64/PostHog_lto.o -Xlinker -debug_variant -Xlinker -dependency_info -Xlinker /Users/jasonlee/Library/Developer/Xcode/DerivedData/Notch-ddzsfiyxyoauidejndllmosklbkq/Build/Intermediates.noindex/PostHog.build/Release/PostHog.build/Objects-normal/arm64/PostHog_dependency_info.dat -fobjc-link-runtime -L/Applications/Xcode.app/Contents/Developer/Toolchains/XcodeDefault.xctoolchain/usr/lib/swift/macosx -L/usr/lib/swift -Xlinker -add_ast_path -Xlinker /Users/jasonlee/Library/Developer/Xcode/DerivedData/Notch-ddzsfiyxyoauidejndllmosklbkq/Build/Intermediates.noindex/PostHog.build/Release/PostHog.build/Objects-normal/arm64/PostHog.swiftmodule @/Users/jasonlee/Library/Developer/Xcode/DerivedData/Notch-ddzsfiyxyoauidejndllmosklbkq/Build/Intermediates.noindex/PostHog.build/Release/PostHog.build/Objects-normal/arm64/PostHog-linker-args.resp -o /Users/jasonlee/Library/Developer/Xcode/DerivedData/Notch-ddzsfiyxyoauidejndllmosklbkq/Build/Intermediates.noindex/PostHog.build/Release/PostHog.build/Objects-normal/arm64/Binary/PostHog.o

Ld /Users/jasonlee/Library/Developer/Xcode/DerivedData/Notch-ddzsfiyxyoauidejndllmosklbkq/Build/Intermediates.noindex/PostHog.build/Release/PostHog.build/Objects-normal/x86_64/Binary/PostHog.o normal x86_64 (in target 'PostHog' from project 'PostHog')
    cd /Users/jasonlee/Library/Developer/Xcode/DerivedData/Notch-ddzsfiyxyoauidejndllmosklbkq/SourcePackages/checkouts/posthog-ios
    /Applications/Xcode.app/Contents/Developer/Toolchains/XcodeDefault.xctoolchain/usr/bin/clang -Xlinker -reproducible -target x86_64-apple-macos10.15 -r -isysroot /Applications/Xcode.app/Contents/Developer/Platforms/MacOSX.platform/Developer/SDKs/MacOSX26.4.sdk -Os -w -F/Users/jasonlee/Library/Developer/Xcode/DerivedData/Notch-ddzsfiyxyoauidejndllmosklbkq/Build/Intermediates.noindex/EagerLinkingTBDs/Release -F/Users/jasonlee/Library/Developer/Xcode/DerivedData/Notch-ddzsfiyxyoauidejndllmosklbkq/Build/Products/Release/PackageFrameworks -F/Users/jasonlee/Library/Developer/Xcode/DerivedData/Notch-ddzsfiyxyoauidejndllmosklbkq/Build/Products/Release/PackageFrameworks -F/Users/jasonlee/Library/Developer/Xcode/DerivedData/Notch-ddzsfiyxyoauidejndllmosklbkq/Build/Products/Release -iframework /Applications/Xcode.app/Contents/Developer/Platforms/MacOSX.platform/Developer/Library/Frameworks -filelist /Users/jasonlee/Library/Developer/Xcode/DerivedData/Notch-ddzsfiyxyoauidejndllmosklbkq/Build/Intermediates.noindex/PostHog.build/Release/PostHog.build/Objects-normal/x86_64/PostHog.LinkFileList -nostdlib -Xlinker -object_path_lto -Xlinker /Users/jasonlee/Library/Developer/Xcode/DerivedData/Notch-ddzsfiyxyoauidejndllmosklbkq/Build/Intermediates.noindex/PostHog.build/Release/PostHog.build/Objects-normal/x86_64/PostHog_lto.o -Xlinker -debug_variant -Xlinker -dependency_info -Xlinker /Users/jasonlee/Library/Developer/Xcode/DerivedData/Notch-ddzsfiyxyoauidejndllmosklbkq/Build/Intermediates.noindex/PostHog.build/Release/PostHog.build/Objects-normal/x86_64/PostHog_dependency_info.dat -fobjc-link-runtime -L/Applications/Xcode.app/Contents/Developer/Toolchains/XcodeDefault.xctoolchain/usr/lib/swift/macosx -L/usr/lib/swift -Xlinker -add_ast_path -Xlinker /Users/jasonlee/Library/Developer/Xcode/DerivedData/Notch-ddzsfiyxyoauidejndllmosklbkq/Build/Intermediates.noindex/PostHog.build/Release/PostHog.build/Objects-normal/x86_64/PostHog.swiftmodule @/Users/jasonlee/Library/Developer/Xcode/DerivedData/Notch-ddzsfiyxyoauidejndllmosklbkq/Build/Intermediates.noindex/PostHog.build/Release/PostHog.build/Objects-normal/x86_64/PostHog-linker-args.resp -o /Users/jasonlee/Library/Developer/Xcode/DerivedData/Notch-ddzsfiyxyoauidejndllmosklbkq/Build/Intermediates.noindex/PostHog.build/Release/PostHog.build/Objects-normal/x86_64/Binary/PostHog.o

ProcessProductPackaging /Users/jasonlee/Coding/App/Notch/WaveNotch.entitlements /Users/jasonlee/Library/Developer/Xcode/DerivedData/Notch-ddzsfiyxyoauidejndllmosklbkq/Build/Intermediates.noindex/Notch.build/Release/WaveNotch.build/WaveNotch.app.xcent (in target 'WaveNotch' from project 'Notch')
    cd /Users/jasonlee/Coding/App/Notch
    
    Entitlements:
    
    {
    "com.apple.security.automation.apple-events" = 1;
    "com.apple.security.get-task-allow" = 1;
    "com.apple.security.personal-information.calendars" = 1;
}
    
    builtin-productPackagingUtility /Users/jasonlee/Coding/App/Notch/WaveNotch.entitlements -entitlements -format xml -o /Users/jasonlee/Library/Developer/Xcode/DerivedData/Notch-ddzsfiyxyoauidejndllmosklbkq/Build/Intermediates.noindex/Notch.build/Release/WaveNotch.build/WaveNotch.app.xcent

ProcessProductPackagingDER /Users/jasonlee/Library/Developer/Xcode/DerivedData/Notch-ddzsfiyxyoauidejndllmosklbkq/Build/Intermediates.noindex/Notch.build/Release/WaveNotch.build/WaveNotch.app.xcent /Users/jasonlee/Library/Developer/Xcode/DerivedData/Notch-ddzsfiyxyoauidejndllmosklbkq/Build/Intermediates.noindex/Notch.build/Release/WaveNotch.build/WaveNotch.app.xcent.der (in target 'WaveNotch' from project 'Notch')
    cd /Users/jasonlee/Coding/App/Notch
    /usr/bin/derq query -f xml -i /Users/jasonlee/Library/Developer/Xcode/DerivedData/Notch-ddzsfiyxyoauidejndllmosklbkq/Build/Intermediates.noindex/Notch.build/Release/WaveNotch.build/WaveNotch.app.xcent -o /Users/jasonlee/Library/Developer/Xcode/DerivedData/Notch-ddzsfiyxyoauidejndllmosklbkq/Build/Intermediates.noindex/Notch.build/Release/WaveNotch.build/WaveNotch.app.xcent.der --raw

GenerateAssetSymbols /Users/jasonlee/Coding/App/Notch/Notch/Assets.xcassets (in target 'WaveNotch' from project 'Notch')
    cd /Users/jasonlee/Coding/App/Notch
    /Applications/Xcode.app/Contents/Developer/usr/bin/actool /Users/jasonlee/Coding/App/Notch/Notch/Assets.xcassets --compile /Users/jasonlee/Library/Developer/Xcode/DerivedData/Notch-ddzsfiyxyoauidejndllmosklbkq/Build/Products/Release/WaveNotch.app/Contents/Resources --output-format human-readable-text --notices --warnings --export-dependency-info /Users/jasonlee/Library/Developer/Xcode/DerivedData/Notch-ddzsfiyxyoauidejndllmosklbkq/Build/Intermediates.noindex/Notch.build/Release/WaveNotch.build/assetcatalog_dependencies --output-partial-info-plist /Users/jasonlee/Library/Developer/Xcode/DerivedData/Notch-ddzsfiyxyoauidejndllmosklbkq/Build/Intermediates.noindex/Notch.build/Release/WaveNotch.build/assetcatalog_generated_info.plist --app-icon AppIcon --accent-color AccentColor --enable-on-demand-resources NO --development-region en --target-device mac --minimum-deployment-target 14.0 --platform macosx --bundle-identifier com.jason.WaveNotch --generate-swift-asset-symbols /Users/jasonlee/Library/Developer/Xcode/DerivedData/Notch-ddzsfiyxyoauidejndllmosklbkq/Build/Intermediates.noindex/Notch.build/Release/WaveNotch.build/DerivedSources/GeneratedAssetSymbols.swift --generate-objc-asset-symbols /Users/jasonlee/Library/Developer/Xcode/DerivedData/Notch-ddzsfiyxyoauidejndllmosklbkq/Build/Intermediates.noindex/Notch.build/Release/WaveNotch.build/DerivedSources/GeneratedAssetSymbols.h --generate-asset-symbol-index /Users/jasonlee/Library/Developer/Xcode/DerivedData/Notch-ddzsfiyxyoauidejndllmosklbkq/Build/Intermediates.noindex/Notch.build/Release/WaveNotch.build/DerivedSources/GeneratedAssetSymbols-Index.plist
/* com.apple.actool.compilation-results */
/Users/jasonlee/Library/Developer/Xcode/DerivedData/Notch-ddzsfiyxyoauidejndllmosklbkq/Build/Intermediates.noindex/Notch.build/Release/WaveNotch.build/DerivedSources/GeneratedAssetSymbols-Index.plist
/Users/jasonlee/Library/Developer/Xcode/DerivedData/Notch-ddzsfiyxyoauidejndllmosklbkq/Build/Intermediates.noindex/Notch.build/Release/WaveNotch.build/DerivedSources/GeneratedAssetSymbols.h
/Users/jasonlee/Library/Developer/Xcode/DerivedData/Notch-ddzsfiyxyoauidejndllmosklbkq/Build/Intermediates.noindex/Notch.build/Release/WaveNotch.build/DerivedSources/GeneratedAssetSymbols.swift


MkDir /Users/jasonlee/Library/Developer/Xcode/DerivedData/Notch-ddzsfiyxyoauidejndllmosklbkq/Build/Intermediates.noindex/Notch.build/Release/WaveNotch.build/assetcatalog_output/thinned (in target 'WaveNotch' from project 'Notch')
    cd /Users/jasonlee/Coding/App/Notch
    /bin/mkdir -p /Users/jasonlee/Library/Developer/Xcode/DerivedData/Notch-ddzsfiyxyoauidejndllmosklbkq/Build/Intermediates.noindex/Notch.build/Release/WaveNotch.build/assetcatalog_output/thinned

MkDir /Users/jasonlee/Library/Developer/Xcode/DerivedData/Notch-ddzsfiyxyoauidejndllmosklbkq/Build/Intermediates.noindex/Notch.build/Release/WaveNotch.build/assetcatalog_output/unthinned (in target 'WaveNotch' from project 'Notch')
    cd /Users/jasonlee/Coding/App/Notch
    /bin/mkdir -p /Users/jasonlee/Library/Developer/Xcode/DerivedData/Notch-ddzsfiyxyoauidejndllmosklbkq/Build/Intermediates.noindex/Notch.build/Release/WaveNotch.build/assetcatalog_output/unthinned

CompileAssetCatalogVariant thinned /Users/jasonlee/Library/Developer/Xcode/DerivedData/Notch-ddzsfiyxyoauidejndllmosklbkq/Build/Products/Release/WaveNotch.app/Contents/Resources /Users/jasonlee/Coding/App/Notch/Notch/Assets.xcassets (in target 'WaveNotch' from project 'Notch')
    cd /Users/jasonlee/Coding/App/Notch
    /Applications/Xcode.app/Contents/Developer/usr/bin/actool /Users/jasonlee/Coding/App/Notch/Notch/Assets.xcassets --compile /Users/jasonlee/Library/Developer/Xcode/DerivedData/Notch-ddzsfiyxyoauidejndllmosklbkq/Build/Intermediates.noindex/Notch.build/Release/WaveNotch.build/assetcatalog_output/thinned --output-format human-readable-text --notices --warnings --export-dependency-info /Users/jasonlee/Library/Developer/Xcode/DerivedData/Notch-ddzsfiyxyoauidejndllmosklbkq/Build/Intermediates.noindex/Notch.build/Release/WaveNotch.build/assetcatalog_dependencies_thinned --output-partial-info-plist /Users/jasonlee/Library/Developer/Xcode/DerivedData/Notch-ddzsfiyxyoauidejndllmosklbkq/Build/Intermediates.noindex/Notch.build/Release/WaveNotch.build/assetcatalog_generated_info.plist_thinned --app-icon AppIcon --accent-color AccentColor --enable-on-demand-resources NO --development-region en --target-device mac --minimum-deployment-target 14.0 --platform macosx
/* com.apple.actool.compilation-results */
/Users/jasonlee/Library/Developer/Xcode/DerivedData/Notch-ddzsfiyxyoauidejndllmosklbkq/Build/Intermediates.noindex/Notch.build/Release/WaveNotch.build/assetcatalog_generated_info.plist_thinned
/Users/jasonlee/Library/Developer/Xcode/DerivedData/Notch-ddzsfiyxyoauidejndllmosklbkq/Build/Intermediates.noindex/Notch.build/Release/WaveNotch.build/assetcatalog_output/thinned/AppIcon.icns
/Users/jasonlee/Library/Developer/Xcode/DerivedData/Notch-ddzsfiyxyoauidejndllmosklbkq/Build/Intermediates.noindex/Notch.build/Release/WaveNotch.build/assetcatalog_output/thinned/Assets.car


SwiftDriver WaveNotch normal arm64 com.apple.xcode.tools.swift.compiler (in target 'WaveNotch' from project 'Notch')
    cd /Users/jasonlee/Coding/App/Notch
    builtin-SwiftDriver -- /Applications/Xcode.app/Contents/Developer/Toolchains/XcodeDefault.xctoolchain/usr/bin/swiftc -module-name WaveNotch -O -whole-module-optimization @/Users/jasonlee/Library/Developer/Xcode/DerivedData/Notch-ddzsfiyxyoauidejndllmosklbkq/Build/Intermediates.noindex/Notch.build/Release/WaveNotch.build/Objects-normal/arm64/WaveNotch.SwiftFileList -Xcc -fmodule-map-file\=/Users/jasonlee/Library/Developer/Xcode/DerivedData/Notch-ddzsfiyxyoauidejndllmosklbkq/Build/Intermediates.noindex/GeneratedModuleMaps/CrashReporter.modulemap -Xcc -fmodule-map-file\=/Users/jasonlee/Library/Developer/Xcode/DerivedData/Notch-ddzsfiyxyoauidejndllmosklbkq/Build/Intermediates.noindex/GeneratedModuleMaps/phlibwebp.modulemap -default-isolation\=MainActor -enable-bare-slash-regex -enable-upcoming-feature DisableOutwardActorInference -enable-upcoming-feature InferSendableFromCaptures -enable-upcoming-feature GlobalActorIsolatedTypesUsability -enable-upcoming-feature MemberImportVisibility -enable-upcoming-feature InferIsolatedConformances -enable-upcoming-feature NonisolatedNonsendingByDefault -enable-experimental-feature DebugDescriptionMacro -sdk /Applications/Xcode.app/Contents/Developer/Platforms/MacOSX.platform/Developer/SDKs/MacOSX26.4.sdk -target arm64-apple-macos14.0 -g -module-cache-path /Users/jasonlee/Library/Developer/Xcode/DerivedData/ModuleCache.noindex -Xfrontend -serialize-debugging-options -profile-coverage-mapping -profile-generate -swift-version 5 -I /Users/jasonlee/Library/Developer/Xcode/DerivedData/Notch-ddzsfiyxyoauidejndllmosklbkq/Build/Products/Release -F /Users/jasonlee/Library/Developer/Xcode/DerivedData/Notch-ddzsfiyxyoauidejndllmosklbkq/Build/Products/Release/PackageFrameworks -F /Users/jasonlee/Library/Developer/Xcode/DerivedData/Notch-ddzsfiyxyoauidejndllmosklbkq/Build/Products/Release/PackageFrameworks -F /Users/jasonlee/Library/Developer/Xcode/DerivedData/Notch-ddzsfiyxyoauidejndllmosklbkq/Build/Products/Release/PackageFrameworks -F /Users/jasonlee/Library/Developer/Xcode/DerivedData/Notch-ddzsfiyxyoauidejndllmosklbkq/Build/Products/Release/PackageFrameworks -F /Users/jasonlee/Library/Developer/Xcode/DerivedData/Notch-ddzsfiyxyoauidejndllmosklbkq/Build/Products/Release/PackageFrameworks -F /Users/jasonlee/Library/Developer/Xcode/DerivedData/Notch-ddzsfiyxyoauidejndllmosklbkq/Build/Products/Release -emit-localized-strings -emit-localized-strings-path /Users/jasonlee/Library/Developer/Xcode/DerivedData/Notch-ddzsfiyxyoauidejndllmosklbkq/Build/Intermediates.noindex/Notch.build/Release/WaveNotch.build/Objects-normal/arm64 -c -num-threads 12 -Xcc -ivfsstatcache -Xcc /Users/jasonlee/Library/Developer/Xcode/DerivedData/SDKStatCaches.noindex/macosx26.4-25E251-30f9ca8789b706f8bd3fc906a70d770f.sdkstatcache -output-file-map /Users/jasonlee/Library/Developer/Xcode/DerivedData/Notch-ddzsfiyxyoauidejndllmosklbkq/Build/Intermediates.noindex/Notch.build/Release/WaveNotch.build/Objects-normal/arm64/WaveNotch-OutputFileMap.json -use-frontend-parseable-output -save-temps -no-color-diagnostics -explicit-module-build -module-cache-path /Users/jasonlee/Library/Developer/Xcode/DerivedData/Notch-ddzsfiyxyoauidejndllmosklbkq/Build/Intermediates.noindex/SwiftExplicitPrecompiledModules -clang-scanner-module-cache-path /Users/jasonlee/Library/Developer/Xcode/DerivedData/ModuleCache.noindex -sdk-module-cache-path /Users/jasonlee/Library/Developer/Xcode/DerivedData/ModuleCache.noindex -serialize-diagnostics -emit-dependencies -emit-module -emit-module-path /Users/jasonlee/Library/Developer/Xcode/DerivedData/Notch-ddzsfiyxyoauidejndllmosklbkq/Build/Intermediates.noindex/Notch.build/Release/WaveNotch.build/Objects-normal/arm64/WaveNotch.swiftmodule -validate-clang-modules-once -clang-build-session-file /Users/jasonlee/Library/Developer/Xcode/DerivedData/ModuleCache.noindex/Session.modulevalidation -Xcc -I/Users/jasonlee/Library/Developer/Xcode/DerivedData/Notch-ddzsfiyxyoauidejndllmosklbkq/Build/Intermediates.noindex/Notch.build/Release/WaveNotch.build/swift-overrides.hmap -emit-const-values -Xfrontend -const-gather-protocols-file -Xfrontend /Users/jasonlee/Library/Developer/Xcode/DerivedData/Notch-ddzsfiyxyoauidejndllmosklbkq/Build/Intermediates.noindex/Notch.build/Release/WaveNotch.build/Objects-normal/arm64/WaveNotch_const_extract_protocols.json -Xcc -iquote -Xcc /Users/jasonlee/Library/Developer/Xcode/DerivedData/Notch-ddzsfiyxyoauidejndllmosklbkq/Build/Intermediates.noindex/Notch.build/Release/WaveNotch.build/WaveNotch-generated-files.hmap -Xcc -I/Users/jasonlee/Library/Developer/Xcode/DerivedData/Notch-ddzsfiyxyoauidejndllmosklbkq/Build/Intermediates.noindex/Notch.build/Release/WaveNotch.build/WaveNotch-own-target-headers.hmap -Xcc -I/Users/jasonlee/Library/Developer/Xcode/DerivedData/Notch-ddzsfiyxyoauidejndllmosklbkq/Build/Intermediates.noindex/Notch.build/Release/WaveNotch.build/WaveNotch-all-non-framework-target-headers.hmap -Xcc -ivfsoverlay -Xcc /Users/jasonlee/Library/Developer/Xcode/DerivedData/Notch-ddzsfiyxyoauidejndllmosklbkq/Build/Intermediates.noindex/Notch.build/Release/Notch-35fa6f496e3bd7a49f1f3aca2d298557-VFS/all-product-headers.yaml -Xcc -iquote -Xcc /Users/jasonlee/Library/Developer/Xcode/DerivedData/Notch-ddzsfiyxyoauidejndllmosklbkq/Build/Intermediates.noindex/Notch.build/Release/WaveNotch.build/WaveNotch-project-headers.hmap -Xcc -I/Users/jasonlee/Library/Developer/Xcode/DerivedData/Notch-ddzsfiyxyoauidejndllmosklbkq/SourcePackages/checkouts/plcrashreporter/include -Xcc -I/Users/jasonlee/Library/Developer/Xcode/DerivedData/Notch-ddzsfiyxyoauidejndllmosklbkq/SourcePackages/checkouts/posthog-ios/vendor/libwebp -Xcc -I/Users/jasonlee/Library/Developer/Xcode/DerivedData/Notch-ddzsfiyxyoauidejndllmosklbkq/Build/Products/Release/include -Xcc -I/Users/jasonlee/Library/Developer/Xcode/DerivedData/Notch-ddzsfiyxyoauidejndllmosklbkq/Build/Intermediates.noindex/Notch.build/Release/WaveNotch.build/DerivedSources-normal/arm64 -Xcc -I/Users/jasonlee/Library/Developer/Xcode/DerivedData/Notch-ddzsfiyxyoauidejndllmosklbkq/Build/Intermediates.noindex/Notch.build/Release/WaveNotch.build/DerivedSources/arm64 -Xcc -I/Users/jasonlee/Library/Developer/Xcode/DerivedData/Notch-ddzsfiyxyoauidejndllmosklbkq/Build/Intermediates.noindex/Notch.build/Release/WaveNotch.build/DerivedSources -emit-objc-header -emit-objc-header-path /Users/jasonlee/Library/Developer/Xcode/DerivedData/Notch-ddzsfiyxyoauidejndllmosklbkq/Build/Intermediates.noindex/Notch.build/Release/WaveNotch.build/Objects-normal/arm64/WaveNotch-Swift.h -working-directory /Users/jasonlee/Coding/App/Notch -no-emit-module-separately-wmo

SwiftDriver WaveNotch normal x86_64 com.apple.xcode.tools.swift.compiler (in target 'WaveNotch' from project 'Notch')
    cd /Users/jasonlee/Coding/App/Notch
    builtin-SwiftDriver -- /Applications/Xcode.app/Contents/Developer/Toolchains/XcodeDefault.xctoolchain/usr/bin/swiftc -module-name WaveNotch -O -whole-module-optimization @/Users/jasonlee/Library/Developer/Xcode/DerivedData/Notch-ddzsfiyxyoauidejndllmosklbkq/Build/Intermediates.noindex/Notch.build/Release/WaveNotch.build/Objects-normal/x86_64/WaveNotch.SwiftFileList -Xcc -fmodule-map-file\=/Users/jasonlee/Library/Developer/Xcode/DerivedData/Notch-ddzsfiyxyoauidejndllmosklbkq/Build/Intermediates.noindex/GeneratedModuleMaps/CrashReporter.modulemap -Xcc -fmodule-map-file\=/Users/jasonlee/Library/Developer/Xcode/DerivedData/Notch-ddzsfiyxyoauidejndllmosklbkq/Build/Intermediates.noindex/GeneratedModuleMaps/phlibwebp.modulemap -default-isolation\=MainActor -enable-bare-slash-regex -enable-upcoming-feature DisableOutwardActorInference -enable-upcoming-feature InferSendableFromCaptures -enable-upcoming-feature GlobalActorIsolatedTypesUsability -enable-upcoming-feature MemberImportVisibility -enable-upcoming-feature InferIsolatedConformances -enable-upcoming-feature NonisolatedNonsendingByDefault -enable-experimental-feature DebugDescriptionMacro -sdk /Applications/Xcode.app/Contents/Developer/Platforms/MacOSX.platform/Developer/SDKs/MacOSX26.4.sdk -target x86_64-apple-macos14.0 -g -module-cache-path /Users/jasonlee/Library/Developer/Xcode/DerivedData/ModuleCache.noindex -Xfrontend -serialize-debugging-options -profile-coverage-mapping -profile-generate -swift-version 5 -I /Users/jasonlee/Library/Developer/Xcode/DerivedData/Notch-ddzsfiyxyoauidejndllmosklbkq/Build/Products/Release -F /Users/jasonlee/Library/Developer/Xcode/DerivedData/Notch-ddzsfiyxyoauidejndllmosklbkq/Build/Products/Release/PackageFrameworks -F /Users/jasonlee/Library/Developer/Xcode/DerivedData/Notch-ddzsfiyxyoauidejndllmosklbkq/Build/Products/Release/PackageFrameworks -F /Users/jasonlee/Library/Developer/Xcode/DerivedData/Notch-ddzsfiyxyoauidejndllmosklbkq/Build/Products/Release/PackageFrameworks -F /Users/jasonlee/Library/Developer/Xcode/DerivedData/Notch-ddzsfiyxyoauidejndllmosklbkq/Build/Products/Release/PackageFrameworks -F /Users/jasonlee/Library/Developer/Xcode/DerivedData/Notch-ddzsfiyxyoauidejndllmosklbkq/Build/Products/Release/PackageFrameworks -F /Users/jasonlee/Library/Developer/Xcode/DerivedData/Notch-ddzsfiyxyoauidejndllmosklbkq/Build/Products/Release -emit-localized-strings -emit-localized-strings-path /Users/jasonlee/Library/Developer/Xcode/DerivedData/Notch-ddzsfiyxyoauidejndllmosklbkq/Build/Intermediates.noindex/Notch.build/Release/WaveNotch.build/Objects-normal/x86_64 -c -num-threads 12 -Xcc -ivfsstatcache -Xcc /Users/jasonlee/Library/Developer/Xcode/DerivedData/SDKStatCaches.noindex/macosx26.4-25E251-30f9ca8789b706f8bd3fc906a70d770f.sdkstatcache -output-file-map /Users/jasonlee/Library/Developer/Xcode/DerivedData/Notch-ddzsfiyxyoauidejndllmosklbkq/Build/Intermediates.noindex/Notch.build/Release/WaveNotch.build/Objects-normal/x86_64/WaveNotch-OutputFileMap.json -use-frontend-parseable-output -save-temps -no-color-diagnostics -explicit-module-build -module-cache-path /Users/jasonlee/Library/Developer/Xcode/DerivedData/Notch-ddzsfiyxyoauidejndllmosklbkq/Build/Intermediates.noindex/SwiftExplicitPrecompiledModules -clang-scanner-module-cache-path /Users/jasonlee/Library/Developer/Xcode/DerivedData/ModuleCache.noindex -sdk-module-cache-path /Users/jasonlee/Library/Developer/Xcode/DerivedData/ModuleCache.noindex -serialize-diagnostics -emit-dependencies -emit-module -emit-module-path /Users/jasonlee/Library/Developer/Xcode/DerivedData/Notch-ddzsfiyxyoauidejndllmosklbkq/Build/Intermediates.noindex/Notch.build/Release/WaveNotch.build/Objects-normal/x86_64/WaveNotch.swiftmodule -validate-clang-modules-once -clang-build-session-file /Users/jasonlee/Library/Developer/Xcode/DerivedData/ModuleCache.noindex/Session.modulevalidation -Xcc -I/Users/jasonlee/Library/Developer/Xcode/DerivedData/Notch-ddzsfiyxyoauidejndllmosklbkq/Build/Intermediates.noindex/Notch.build/Release/WaveNotch.build/swift-overrides.hmap -emit-const-values -Xfrontend -const-gather-protocols-file -Xfrontend /Users/jasonlee/Library/Developer/Xcode/DerivedData/Notch-ddzsfiyxyoauidejndllmosklbkq/Build/Intermediates.noindex/Notch.build/Release/WaveNotch.build/Objects-normal/x86_64/WaveNotch_const_extract_protocols.json -Xcc -iquote -Xcc /Users/jasonlee/Library/Developer/Xcode/DerivedData/Notch-ddzsfiyxyoauidejndllmosklbkq/Build/Intermediates.noindex/Notch.build/Release/WaveNotch.build/WaveNotch-generated-files.hmap -Xcc -I/Users/jasonlee/Library/Developer/Xcode/DerivedData/Notch-ddzsfiyxyoauidejndllmosklbkq/Build/Intermediates.noindex/Notch.build/Release/WaveNotch.build/WaveNotch-own-target-headers.hmap -Xcc -I/Users/jasonlee/Library/Developer/Xcode/DerivedData/Notch-ddzsfiyxyoauidejndllmosklbkq/Build/Intermediates.noindex/Notch.build/Release/WaveNotch.build/WaveNotch-all-non-framework-target-headers.hmap -Xcc -ivfsoverlay -Xcc /Users/jasonlee/Library/Developer/Xcode/DerivedData/Notch-ddzsfiyxyoauidejndllmosklbkq/Build/Intermediates.noindex/Notch.build/Release/Notch-35fa6f496e3bd7a49f1f3aca2d298557-VFS/all-product-headers.yaml -Xcc -iquote -Xcc /Users/jasonlee/Library/Developer/Xcode/DerivedData/Notch-ddzsfiyxyoauidejndllmosklbkq/Build/Intermediates.noindex/Notch.build/Release/WaveNotch.build/WaveNotch-project-headers.hmap -Xcc -I/Users/jasonlee/Library/Developer/Xcode/DerivedData/Notch-ddzsfiyxyoauidejndllmosklbkq/SourcePackages/checkouts/plcrashreporter/include -Xcc -I/Users/jasonlee/Library/Developer/Xcode/DerivedData/Notch-ddzsfiyxyoauidejndllmosklbkq/SourcePackages/checkouts/posthog-ios/vendor/libwebp -Xcc -I/Users/jasonlee/Library/Developer/Xcode/DerivedData/Notch-ddzsfiyxyoauidejndllmosklbkq/Build/Products/Release/include -Xcc -I/Users/jasonlee/Library/Developer/Xcode/DerivedData/Notch-ddzsfiyxyoauidejndllmosklbkq/Build/Intermediates.noindex/Notch.build/Release/WaveNotch.build/DerivedSources-normal/x86_64 -Xcc -I/Users/jasonlee/Library/Developer/Xcode/DerivedData/Notch-ddzsfiyxyoauidejndllmosklbkq/Build/Intermediates.noindex/Notch.build/Release/WaveNotch.build/DerivedSources/x86_64 -Xcc -I/Users/jasonlee/Library/Developer/Xcode/DerivedData/Notch-ddzsfiyxyoauidejndllmosklbkq/Build/Intermediates.noindex/Notch.build/Release/WaveNotch.build/DerivedSources -emit-objc-header -emit-objc-header-path /Users/jasonlee/Library/Developer/Xcode/DerivedData/Notch-ddzsfiyxyoauidejndllmosklbkq/Build/Intermediates.noindex/Notch.build/Release/WaveNotch.build/Objects-normal/x86_64/WaveNotch-Swift.h -working-directory /Users/jasonlee/Coding/App/Notch -no-emit-module-separately-wmo

CreateUniversalBinary /Users/jasonlee/Library/Developer/Xcode/DerivedData/Notch-ddzsfiyxyoauidejndllmosklbkq/Build/Products/Release/PostHog.o normal arm64\ x86_64 (in target 'PostHog' from project 'PostHog')
    cd /Users/jasonlee/Library/Developer/Xcode/DerivedData/Notch-ddzsfiyxyoauidejndllmosklbkq/SourcePackages/checkouts/posthog-ios
    /Applications/Xcode.app/Contents/Developer/Toolchains/XcodeDefault.xctoolchain/usr/bin/lipo -create /Users/jasonlee/Library/Developer/Xcode/DerivedData/Notch-ddzsfiyxyoauidejndllmosklbkq/Build/Intermediates.noindex/PostHog.build/Release/PostHog.build/Objects-normal/arm64/Binary/PostHog.o /Users/jasonlee/Library/Developer/Xcode/DerivedData/Notch-ddzsfiyxyoauidejndllmosklbkq/Build/Intermediates.noindex/PostHog.build/Release/PostHog.build/Objects-normal/x86_64/Binary/PostHog.o -output /Users/jasonlee/Library/Developer/Xcode/DerivedData/Notch-ddzsfiyxyoauidejndllmosklbkq/Build/Products/Release/PostHog.o

ExtractAppIntentsMetadata (in target 'PostHog' from project 'PostHog')
    cd /Users/jasonlee/Library/Developer/Xcode/DerivedData/Notch-ddzsfiyxyoauidejndllmosklbkq/SourcePackages/checkouts/posthog-ios
    /Applications/Xcode.app/Contents/Developer/Toolchains/XcodeDefault.xctoolchain/usr/bin/appintentsmetadataprocessor --toolchain-dir /Applications/Xcode.app/Contents/Developer/Toolchains/XcodeDefault.xctoolchain --module-name PostHog --sdk-root /Applications/Xcode.app/Contents/Developer/Platforms/MacOSX.platform/Developer/SDKs/MacOSX26.4.sdk --xcode-version 17E202 --platform-family macOS --deployment-target 10.15 --bundle-identifier posthog-ios.PostHog --output /Users/jasonlee/Library/Developer/Xcode/DerivedData/Notch-ddzsfiyxyoauidejndllmosklbkq/Build/Products/Release/PostHog.appintents --target-triple arm64-apple-macos10.15 --target-triple x86_64-apple-macos10.15 --binary-file /Users/jasonlee/Library/Developer/Xcode/DerivedData/Notch-ddzsfiyxyoauidejndllmosklbkq/Build/Products/Release/PostHog.o --dependency-file /Users/jasonlee/Library/Developer/Xcode/DerivedData/Notch-ddzsfiyxyoauidejndllmosklbkq/Build/Intermediates.noindex/PostHog.build/Release/PostHog.build/Objects-normal/arm64/PostHog_dependency_info.dat --dependency-file /Users/jasonlee/Library/Developer/Xcode/DerivedData/Notch-ddzsfiyxyoauidejndllmosklbkq/Build/Intermediates.noindex/PostHog.build/Release/PostHog.build/Objects-normal/x86_64/PostHog_dependency_info.dat --stringsdata-file /Users/jasonlee/Library/Developer/Xcode/DerivedData/Notch-ddzsfiyxyoauidejndllmosklbkq/Build/Intermediates.noindex/PostHog.build/Release/PostHog.build/Objects-normal/arm64/ExtractedAppShortcutsMetadata.stringsdata --stringsdata-file /Users/jasonlee/Library/Developer/Xcode/DerivedData/Notch-ddzsfiyxyoauidejndllmosklbkq/Build/Intermediates.noindex/PostHog.build/Release/PostHog.build/Objects-normal/x86_64/ExtractedAppShortcutsMetadata.stringsdata --source-file-list /Users/jasonlee/Library/Developer/Xcode/DerivedData/Notch-ddzsfiyxyoauidejndllmosklbkq/Build/Intermediates.noindex/PostHog.build/Release/PostHog.build/Objects-normal/arm64/PostHog.SwiftFileList --source-file-list /Users/jasonlee/Library/Developer/Xcode/DerivedData/Notch-ddzsfiyxyoauidejndllmosklbkq/Build/Intermediates.noindex/PostHog.build/Release/PostHog.build/Objects-normal/x86_64/PostHog.SwiftFileList --metadata-file-list /Users/jasonlee/Library/Developer/Xcode/DerivedData/Notch-ddzsfiyxyoauidejndllmosklbkq/Build/Intermediates.noindex/PostHog.build/Release/PostHog.build/PostHog.DependencyMetadataFileList --static-metadata-file-list /Users/jasonlee/Library/Developer/Xcode/DerivedData/Notch-ddzsfiyxyoauidejndllmosklbkq/Build/Intermediates.noindex/PostHog.build/Release/PostHog.build/PostHog.DependencyStaticMetadataFileList --swift-const-vals-list /Users/jasonlee/Library/Developer/Xcode/DerivedData/Notch-ddzsfiyxyoauidejndllmosklbkq/Build/Intermediates.noindex/PostHog.build/Release/PostHog.build/Objects-normal/arm64/PostHog.SwiftConstValuesFileList --swift-const-vals-list /Users/jasonlee/Library/Developer/Xcode/DerivedData/Notch-ddzsfiyxyoauidejndllmosklbkq/Build/Intermediates.noindex/PostHog.build/Release/PostHog.build/Objects-normal/x86_64/PostHog.SwiftConstValuesFileList --force --compile-time-extraction --deployment-aware-processing --validate-assistant-intents --no-app-shortcuts-localization
2026-05-06 05:02:55.029 appintentsmetadataprocessor[46476:15830533] Starting appintentsmetadataprocessor export
2026-05-06 05:02:55.064 appintentsmetadataprocessor[46476:15830533] Extracted no relevant App Intents symbols, skipping writing output

RegisterExecutionPolicyException /Users/jasonlee/Library/Developer/Xcode/DerivedData/Notch-ddzsfiyxyoauidejndllmosklbkq/Build/Products/Release/PostHog.o (in target 'PostHog' from project 'PostHog')
    cd /Users/jasonlee/Library/Developer/Xcode/DerivedData/Notch-ddzsfiyxyoauidejndllmosklbkq/SourcePackages/checkouts/posthog-ios
    builtin-RegisterExecutionPolicyException /Users/jasonlee/Library/Developer/Xcode/DerivedData/Notch-ddzsfiyxyoauidejndllmosklbkq/Build/Products/Release/PostHog.o

Copy /Users/jasonlee/Library/Developer/Xcode/DerivedData/Notch-ddzsfiyxyoauidejndllmosklbkq/Build/Products/Release/WaveNotch.app/Contents/Resources/PostHog_PostHog.bundle /Users/jasonlee/Library/Developer/Xcode/DerivedData/Notch-ddzsfiyxyoauidejndllmosklbkq/Build/Products/Release/PostHog_PostHog.bundle (in target 'WaveNotch' from project 'Notch')
    cd /Users/jasonlee/Coding/App/Notch
    builtin-copy -exclude .DS_Store -exclude CVS -exclude .svn -exclude .git -exclude .hg -resolve-src-symlinks /Users/jasonlee/Library/Developer/Xcode/DerivedData/Notch-ddzsfiyxyoauidejndllmosklbkq/Build/Products/Release/PostHog_PostHog.bundle /Users/jasonlee/Library/Developer/Xcode/DerivedData/Notch-ddzsfiyxyoauidejndllmosklbkq/Build/Products/Release/WaveNotch.app/Contents/Resources

Copy /Users/jasonlee/Library/Developer/Xcode/DerivedData/Notch-ddzsfiyxyoauidejndllmosklbkq/Build/Products/Release/WaveNotch.app/Contents/Resources/PLCrashReporter_CrashReporter.bundle /Users/jasonlee/Library/Developer/Xcode/DerivedData/Notch-ddzsfiyxyoauidejndllmosklbkq/Build/Products/Release/PLCrashReporter_CrashReporter.bundle (in target 'WaveNotch' from project 'Notch')
    cd /Users/jasonlee/Coding/App/Notch
    builtin-copy -exclude .DS_Store -exclude CVS -exclude .svn -exclude .git -exclude .hg -resolve-src-symlinks /Users/jasonlee/Library/Developer/Xcode/DerivedData/Notch-ddzsfiyxyoauidejndllmosklbkq/Build/Products/Release/PLCrashReporter_CrashReporter.bundle /Users/jasonlee/Library/Developer/Xcode/DerivedData/Notch-ddzsfiyxyoauidejndllmosklbkq/Build/Products/Release/WaveNotch.app/Contents/Resources

Copy /Users/jasonlee/Library/Developer/Xcode/DerivedData/Notch-ddzsfiyxyoauidejndllmosklbkq/Build/Products/Release/WaveNotch.app/Contents/Resources/KeyboardShortcuts_KeyboardShortcuts.bundle /Users/jasonlee/Library/Developer/Xcode/DerivedData/Notch-ddzsfiyxyoauidejndllmosklbkq/Build/Products/Release/KeyboardShortcuts_KeyboardShortcuts.bundle (in target 'WaveNotch' from project 'Notch')
    cd /Users/jasonlee/Coding/App/Notch
    builtin-copy -exclude .DS_Store -exclude CVS -exclude .svn -exclude .git -exclude .hg -resolve-src-symlinks /Users/jasonlee/Library/Developer/Xcode/DerivedData/Notch-ddzsfiyxyoauidejndllmosklbkq/Build/Products/Release/KeyboardShortcuts_KeyboardShortcuts.bundle /Users/jasonlee/Library/Developer/Xcode/DerivedData/Notch-ddzsfiyxyoauidejndllmosklbkq/Build/Products/Release/WaveNotch.app/Contents/Resources

Copy /Users/jasonlee/Library/Developer/Xcode/DerivedData/Notch-ddzsfiyxyoauidejndllmosklbkq/Build/Products/Release/WaveNotch.app/Contents/Frameworks/Sparkle.framework /Users/jasonlee/Library/Developer/Xcode/DerivedData/Notch-ddzsfiyxyoauidejndllmosklbkq/SourcePackages/artifacts/sparkle/Sparkle/Sparkle.xcframework/macos-arm64_x86_64/Sparkle.framework (in target 'WaveNotch' from project 'Notch')
    cd /Users/jasonlee/Coding/App/Notch
    builtin-copy -exclude .DS_Store -exclude CVS -exclude .svn -exclude .git -exclude .hg -exclude Headers -exclude PrivateHeaders -exclude Modules -exclude \*.tbd -resolve-src-symlinks -remove-static-executable /Users/jasonlee/Library/Developer/Xcode/DerivedData/Notch-ddzsfiyxyoauidejndllmosklbkq/SourcePackages/artifacts/sparkle/Sparkle/Sparkle.xcframework/macos-arm64_x86_64/Sparkle.framework /Users/jasonlee/Library/Developer/Xcode/DerivedData/Notch-ddzsfiyxyoauidejndllmosklbkq/Build/Products/Release/WaveNotch.app/Contents/Frameworks

CodeSign /Users/jasonlee/Library/Developer/Xcode/DerivedData/Notch-ddzsfiyxyoauidejndllmosklbkq/Build/Products/Release/WaveNotch.app/Contents/Frameworks/Sparkle.framework/Versions/B (in target 'WaveNotch' from project 'Notch')
    cd /Users/jasonlee/Coding/App/Notch
    
    Signing Identity:     "Apple Development: Jason Lee (RN6M8398VW)"
    
    /usr/bin/codesign --force --sign 041533656BED0F4DA7FD7FF1A04B0593B4A5DAD5 -o runtime --timestamp\=none --preserve-metadata\=identifier,entitlements,flags --generate-entitlement-der /Users/jasonlee/Library/Developer/Xcode/DerivedData/Notch-ddzsfiyxyoauidejndllmosklbkq/Build/Products/Release/WaveNotch.app/Contents/Frameworks/Sparkle.framework/Versions/B
/Users/jasonlee/Library/Developer/Xcode/DerivedData/Notch-ddzsfiyxyoauidejndllmosklbkq/Build/Products/Release/WaveNotch.app/Contents/Frameworks/Sparkle.framework/Versions/B: replacing existing signature

SwiftDriver\ Compilation WaveNotch normal arm64 com.apple.xcode.tools.swift.compiler (in target 'WaveNotch' from project 'Notch')
    cd /Users/jasonlee/Coding/App/Notch
    builtin-Swift-Compilation -- /Applications/Xcode.app/Contents/Developer/Toolchains/XcodeDefault.xctoolchain/usr/bin/swiftc -module-name WaveNotch -O -whole-module-optimization @/Users/jasonlee/Library/Developer/Xcode/DerivedData/Notch-ddzsfiyxyoauidejndllmosklbkq/Build/Intermediates.noindex/Notch.build/Release/WaveNotch.build/Objects-normal/arm64/WaveNotch.SwiftFileList -Xcc -fmodule-map-file\=/Users/jasonlee/Library/Developer/Xcode/DerivedData/Notch-ddzsfiyxyoauidejndllmosklbkq/Build/Intermediates.noindex/GeneratedModuleMaps/CrashReporter.modulemap -Xcc -fmodule-map-file\=/Users/jasonlee/Library/Developer/Xcode/DerivedData/Notch-ddzsfiyxyoauidejndllmosklbkq/Build/Intermediates.noindex/GeneratedModuleMaps/phlibwebp.modulemap -default-isolation\=MainActor -enable-bare-slash-regex -enable-upcoming-feature DisableOutwardActorInference -enable-upcoming-feature InferSendableFromCaptures -enable-upcoming-feature GlobalActorIsolatedTypesUsability -enable-upcoming-feature MemberImportVisibility -enable-upcoming-feature InferIsolatedConformances -enable-upcoming-feature NonisolatedNonsendingByDefault -enable-experimental-feature DebugDescriptionMacro -sdk /Applications/Xcode.app/Contents/Developer/Platforms/MacOSX.platform/Developer/SDKs/MacOSX26.4.sdk -target arm64-apple-macos14.0 -g -module-cache-path /Users/jasonlee/Library/Developer/Xcode/DerivedData/ModuleCache.noindex -Xfrontend -serialize-debugging-options -profile-coverage-mapping -profile-generate -swift-version 5 -I /Users/jasonlee/Library/Developer/Xcode/DerivedData/Notch-ddzsfiyxyoauidejndllmosklbkq/Build/Products/Release -F /Users/jasonlee/Library/Developer/Xcode/DerivedData/Notch-ddzsfiyxyoauidejndllmosklbkq/Build/Products/Release/PackageFrameworks -F /Users/jasonlee/Library/Developer/Xcode/DerivedData/Notch-ddzsfiyxyoauidejndllmosklbkq/Build/Products/Release/PackageFrameworks -F /Users/jasonlee/Library/Developer/Xcode/DerivedData/Notch-ddzsfiyxyoauidejndllmosklbkq/Build/Products/Release/PackageFrameworks -F /Users/jasonlee/Library/Developer/Xcode/DerivedData/Notch-ddzsfiyxyoauidejndllmosklbkq/Build/Products/Release/PackageFrameworks -F /Users/jasonlee/Library/Developer/Xcode/DerivedData/Notch-ddzsfiyxyoauidejndllmosklbkq/Build/Products/Release/PackageFrameworks -F /Users/jasonlee/Library/Developer/Xcode/DerivedData/Notch-ddzsfiyxyoauidejndllmosklbkq/Build/Products/Release -emit-localized-strings -emit-localized-strings-path /Users/jasonlee/Library/Developer/Xcode/DerivedData/Notch-ddzsfiyxyoauidejndllmosklbkq/Build/Intermediates.noindex/Notch.build/Release/WaveNotch.build/Objects-normal/arm64 -c -num-threads 12 -Xcc -ivfsstatcache -Xcc /Users/jasonlee/Library/Developer/Xcode/DerivedData/SDKStatCaches.noindex/macosx26.4-25E251-30f9ca8789b706f8bd3fc906a70d770f.sdkstatcache -output-file-map /Users/jasonlee/Library/Developer/Xcode/DerivedData/Notch-ddzsfiyxyoauidejndllmosklbkq/Build/Intermediates.noindex/Notch.build/Release/WaveNotch.build/Objects-normal/arm64/WaveNotch-OutputFileMap.json -use-frontend-parseable-output -save-temps -no-color-diagnostics -explicit-module-build -module-cache-path /Users/jasonlee/Library/Developer/Xcode/DerivedData/Notch-ddzsfiyxyoauidejndllmosklbkq/Build/Intermediates.noindex/SwiftExplicitPrecompiledModules -clang-scanner-module-cache-path /Users/jasonlee/Library/Developer/Xcode/DerivedData/ModuleCache.noindex -sdk-module-cache-path /Users/jasonlee/Library/Developer/Xcode/DerivedData/ModuleCache.noindex -serialize-diagnostics -emit-dependencies -emit-module -emit-module-path /Users/jasonlee/Library/Developer/Xcode/DerivedData/Notch-ddzsfiyxyoauidejndllmosklbkq/Build/Intermediates.noindex/Notch.build/Release/WaveNotch.build/Objects-normal/arm64/WaveNotch.swiftmodule -validate-clang-modules-once -clang-build-session-file /Users/jasonlee/Library/Developer/Xcode/DerivedData/ModuleCache.noindex/Session.modulevalidation -Xcc -I/Users/jasonlee/Library/Developer/Xcode/DerivedData/Notch-ddzsfiyxyoauidejndllmosklbkq/Build/Intermediates.noindex/Notch.build/Release/WaveNotch.build/swift-overrides.hmap -emit-const-values -Xfrontend -const-gather-protocols-file -Xfrontend /Users/jasonlee/Library/Developer/Xcode/DerivedData/Notch-ddzsfiyxyoauidejndllmosklbkq/Build/Intermediates.noindex/Notch.build/Release/WaveNotch.build/Objects-normal/arm64/WaveNotch_const_extract_protocols.json -Xcc -iquote -Xcc /Users/jasonlee/Library/Developer/Xcode/DerivedData/Notch-ddzsfiyxyoauidejndllmosklbkq/Build/Intermediates.noindex/Notch.build/Release/WaveNotch.build/WaveNotch-generated-files.hmap -Xcc -I/Users/jasonlee/Library/Developer/Xcode/DerivedData/Notch-ddzsfiyxyoauidejndllmosklbkq/Build/Intermediates.noindex/Notch.build/Release/WaveNotch.build/WaveNotch-own-target-headers.hmap -Xcc -I/Users/jasonlee/Library/Developer/Xcode/DerivedData/Notch-ddzsfiyxyoauidejndllmosklbkq/Build/Intermediates.noindex/Notch.build/Release/WaveNotch.build/WaveNotch-all-non-framework-target-headers.hmap -Xcc -ivfsoverlay -Xcc /Users/jasonlee/Library/Developer/Xcode/DerivedData/Notch-ddzsfiyxyoauidejndllmosklbkq/Build/Intermediates.noindex/Notch.build/Release/Notch-35fa6f496e3bd7a49f1f3aca2d298557-VFS/all-product-headers.yaml -Xcc -iquote -Xcc /Users/jasonlee/Library/Developer/Xcode/DerivedData/Notch-ddzsfiyxyoauidejndllmosklbkq/Build/Intermediates.noindex/Notch.build/Release/WaveNotch.build/WaveNotch-project-headers.hmap -Xcc -I/Users/jasonlee/Library/Developer/Xcode/DerivedData/Notch-ddzsfiyxyoauidejndllmosklbkq/SourcePackages/checkouts/plcrashreporter/include -Xcc -I/Users/jasonlee/Library/Developer/Xcode/DerivedData/Notch-ddzsfiyxyoauidejndllmosklbkq/SourcePackages/checkouts/posthog-ios/vendor/libwebp -Xcc -I/Users/jasonlee/Library/Developer/Xcode/DerivedData/Notch-ddzsfiyxyoauidejndllmosklbkq/Build/Products/Release/include -Xcc -I/Users/jasonlee/Library/Developer/Xcode/DerivedData/Notch-ddzsfiyxyoauidejndllmosklbkq/Build/Intermediates.noindex/Notch.build/Release/WaveNotch.build/DerivedSources-normal/arm64 -Xcc -I/Users/jasonlee/Library/Developer/Xcode/DerivedData/Notch-ddzsfiyxyoauidejndllmosklbkq/Build/Intermediates.noindex/Notch.build/Release/WaveNotch.build/DerivedSources/arm64 -Xcc -I/Users/jasonlee/Library/Developer/Xcode/DerivedData/Notch-ddzsfiyxyoauidejndllmosklbkq/Build/Intermediates.noindex/Notch.build/Release/WaveNotch.build/DerivedSources -emit-objc-header -emit-objc-header-path /Users/jasonlee/Library/Developer/Xcode/DerivedData/Notch-ddzsfiyxyoauidejndllmosklbkq/Build/Intermediates.noindex/Notch.build/Release/WaveNotch.build/Objects-normal/arm64/WaveNotch-Swift.h -working-directory /Users/jasonlee/Coding/App/Notch -no-emit-module-separately-wmo

SwiftExplicitDependencyGeneratePcm arm64 /Users/jasonlee/Library/Developer/Xcode/DerivedData/Notch-ddzsfiyxyoauidejndllmosklbkq/Build/Intermediates.noindex/SwiftExplicitPrecompiledModules/CrashReporter-CZCR14JTITIPJ5VSVXSS5FFRZ.pcm

SwiftExplicitDependencyGeneratePcm arm64 /Users/jasonlee/Library/Developer/Xcode/DerivedData/Notch-ddzsfiyxyoauidejndllmosklbkq/Build/Intermediates.noindex/SwiftExplicitPrecompiledModules/Sparkle-BSQLSXM9EYDUC4R5JDSM85P8A.pcm

SwiftDriver\ Compilation WaveNotch normal x86_64 com.apple.xcode.tools.swift.compiler (in target 'WaveNotch' from project 'Notch')
    cd /Users/jasonlee/Coding/App/Notch
    builtin-Swift-Compilation -- /Applications/Xcode.app/Contents/Developer/Toolchains/XcodeDefault.xctoolchain/usr/bin/swiftc -module-name WaveNotch -O -whole-module-optimization @/Users/jasonlee/Library/Developer/Xcode/DerivedData/Notch-ddzsfiyxyoauidejndllmosklbkq/Build/Intermediates.noindex/Notch.build/Release/WaveNotch.build/Objects-normal/x86_64/WaveNotch.SwiftFileList -Xcc -fmodule-map-file\=/Users/jasonlee/Library/Developer/Xcode/DerivedData/Notch-ddzsfiyxyoauidejndllmosklbkq/Build/Intermediates.noindex/GeneratedModuleMaps/CrashReporter.modulemap -Xcc -fmodule-map-file\=/Users/jasonlee/Library/Developer/Xcode/DerivedData/Notch-ddzsfiyxyoauidejndllmosklbkq/Build/Intermediates.noindex/GeneratedModuleMaps/phlibwebp.modulemap -default-isolation\=MainActor -enable-bare-slash-regex -enable-upcoming-feature DisableOutwardActorInference -enable-upcoming-feature InferSendableFromCaptures -enable-upcoming-feature GlobalActorIsolatedTypesUsability -enable-upcoming-feature MemberImportVisibility -enable-upcoming-feature InferIsolatedConformances -enable-upcoming-feature NonisolatedNonsendingByDefault -enable-experimental-feature DebugDescriptionMacro -sdk /Applications/Xcode.app/Contents/Developer/Platforms/MacOSX.platform/Developer/SDKs/MacOSX26.4.sdk -target x86_64-apple-macos14.0 -g -module-cache-path /Users/jasonlee/Library/Developer/Xcode/DerivedData/ModuleCache.noindex -Xfrontend -serialize-debugging-options -profile-coverage-mapping -profile-generate -swift-version 5 -I /Users/jasonlee/Library/Developer/Xcode/DerivedData/Notch-ddzsfiyxyoauidejndllmosklbkq/Build/Products/Release -F /Users/jasonlee/Library/Developer/Xcode/DerivedData/Notch-ddzsfiyxyoauidejndllmosklbkq/Build/Products/Release/PackageFrameworks -F /Users/jasonlee/Library/Developer/Xcode/DerivedData/Notch-ddzsfiyxyoauidejndllmosklbkq/Build/Products/Release/PackageFrameworks -F /Users/jasonlee/Library/Developer/Xcode/DerivedData/Notch-ddzsfiyxyoauidejndllmosklbkq/Build/Products/Release/PackageFrameworks -F /Users/jasonlee/Library/Developer/Xcode/DerivedData/Notch-ddzsfiyxyoauidejndllmosklbkq/Build/Products/Release/PackageFrameworks -F /Users/jasonlee/Library/Developer/Xcode/DerivedData/Notch-ddzsfiyxyoauidejndllmosklbkq/Build/Products/Release/PackageFrameworks -F /Users/jasonlee/Library/Developer/Xcode/DerivedData/Notch-ddzsfiyxyoauidejndllmosklbkq/Build/Products/Release -emit-localized-strings -emit-localized-strings-path /Users/jasonlee/Library/Developer/Xcode/DerivedData/Notch-ddzsfiyxyoauidejndllmosklbkq/Build/Intermediates.noindex/Notch.build/Release/WaveNotch.build/Objects-normal/x86_64 -c -num-threads 12 -Xcc -ivfsstatcache -Xcc /Users/jasonlee/Library/Developer/Xcode/DerivedData/SDKStatCaches.noindex/macosx26.4-25E251-30f9ca8789b706f8bd3fc906a70d770f.sdkstatcache -output-file-map /Users/jasonlee/Library/Developer/Xcode/DerivedData/Notch-ddzsfiyxyoauidejndllmosklbkq/Build/Intermediates.noindex/Notch.build/Release/WaveNotch.build/Objects-normal/x86_64/WaveNotch-OutputFileMap.json -use-frontend-parseable-output -save-temps -no-color-diagnostics -explicit-module-build -module-cache-path /Users/jasonlee/Library/Developer/Xcode/DerivedData/Notch-ddzsfiyxyoauidejndllmosklbkq/Build/Intermediates.noindex/SwiftExplicitPrecompiledModules -clang-scanner-module-cache-path /Users/jasonlee/Library/Developer/Xcode/DerivedData/ModuleCache.noindex -sdk-module-cache-path /Users/jasonlee/Library/Developer/Xcode/DerivedData/ModuleCache.noindex -serialize-diagnostics -emit-dependencies -emit-module -emit-module-path /Users/jasonlee/Library/Developer/Xcode/DerivedData/Notch-ddzsfiyxyoauidejndllmosklbkq/Build/Intermediates.noindex/Notch.build/Release/WaveNotch.build/Objects-normal/x86_64/WaveNotch.swiftmodule -validate-clang-modules-once -clang-build-session-file /Users/jasonlee/Library/Developer/Xcode/DerivedData/ModuleCache.noindex/Session.modulevalidation -Xcc -I/Users/jasonlee/Library/Developer/Xcode/DerivedData/Notch-ddzsfiyxyoauidejndllmosklbkq/Build/Intermediates.noindex/Notch.build/Release/WaveNotch.build/swift-overrides.hmap -emit-const-values -Xfrontend -const-gather-protocols-file -Xfrontend /Users/jasonlee/Library/Developer/Xcode/DerivedData/Notch-ddzsfiyxyoauidejndllmosklbkq/Build/Intermediates.noindex/Notch.build/Release/WaveNotch.build/Objects-normal/x86_64/WaveNotch_const_extract_protocols.json -Xcc -iquote -Xcc /Users/jasonlee/Library/Developer/Xcode/DerivedData/Notch-ddzsfiyxyoauidejndllmosklbkq/Build/Intermediates.noindex/Notch.build/Release/WaveNotch.build/WaveNotch-generated-files.hmap -Xcc -I/Users/jasonlee/Library/Developer/Xcode/DerivedData/Notch-ddzsfiyxyoauidejndllmosklbkq/Build/Intermediates.noindex/Notch.build/Release/WaveNotch.build/WaveNotch-own-target-headers.hmap -Xcc -I/Users/jasonlee/Library/Developer/Xcode/DerivedData/Notch-ddzsfiyxyoauidejndllmosklbkq/Build/Intermediates.noindex/Notch.build/Release/WaveNotch.build/WaveNotch-all-non-framework-target-headers.hmap -Xcc -ivfsoverlay -Xcc /Users/jasonlee/Library/Developer/Xcode/DerivedData/Notch-ddzsfiyxyoauidejndllmosklbkq/Build/Intermediates.noindex/Notch.build/Release/Notch-35fa6f496e3bd7a49f1f3aca2d298557-VFS/all-product-headers.yaml -Xcc -iquote -Xcc /Users/jasonlee/Library/Developer/Xcode/DerivedData/Notch-ddzsfiyxyoauidejndllmosklbkq/Build/Intermediates.noindex/Notch.build/Release/WaveNotch.build/WaveNotch-project-headers.hmap -Xcc -I/Users/jasonlee/Library/Developer/Xcode/DerivedData/Notch-ddzsfiyxyoauidejndllmosklbkq/SourcePackages/checkouts/plcrashreporter/include -Xcc -I/Users/jasonlee/Library/Developer/Xcode/DerivedData/Notch-ddzsfiyxyoauidejndllmosklbkq/SourcePackages/checkouts/posthog-ios/vendor/libwebp -Xcc -I/Users/jasonlee/Library/Developer/Xcode/DerivedData/Notch-ddzsfiyxyoauidejndllmosklbkq/Build/Products/Release/include -Xcc -I/Users/jasonlee/Library/Developer/Xcode/DerivedData/Notch-ddzsfiyxyoauidejndllmosklbkq/Build/Intermediates.noindex/Notch.build/Release/WaveNotch.build/DerivedSources-normal/x86_64 -Xcc -I/Users/jasonlee/Library/Developer/Xcode/DerivedData/Notch-ddzsfiyxyoauidejndllmosklbkq/Build/Intermediates.noindex/Notch.build/Release/WaveNotch.build/DerivedSources/x86_64 -Xcc -I/Users/jasonlee/Library/Developer/Xcode/DerivedData/Notch-ddzsfiyxyoauidejndllmosklbkq/Build/Intermediates.noindex/Notch.build/Release/WaveNotch.build/DerivedSources -emit-objc-header -emit-objc-header-path /Users/jasonlee/Library/Developer/Xcode/DerivedData/Notch-ddzsfiyxyoauidejndllmosklbkq/Build/Intermediates.noindex/Notch.build/Release/WaveNotch.build/Objects-normal/x86_64/WaveNotch-Swift.h -working-directory /Users/jasonlee/Coding/App/Notch -no-emit-module-separately-wmo

SwiftExplicitDependencyGeneratePcm x86_64 /Users/jasonlee/Library/Developer/Xcode/DerivedData/Notch-ddzsfiyxyoauidejndllmosklbkq/Build/Intermediates.noindex/SwiftExplicitPrecompiledModules/CrashReporter-4DWM6HOWB353FIAFYTME64ZX4.pcm

SwiftExplicitDependencyGeneratePcm x86_64 /Users/jasonlee/Library/Developer/Xcode/DerivedData/Notch-ddzsfiyxyoauidejndllmosklbkq/Build/Intermediates.noindex/SwiftExplicitPrecompiledModules/Sparkle-CD2YLMTAIZ7JYZO8823IL0PVG.pcm

LinkAssetCatalog /Users/jasonlee/Coding/App/Notch/Notch/Assets.xcassets (in target 'WaveNotch' from project 'Notch')
    cd /Users/jasonlee/Coding/App/Notch
    builtin-linkAssetCatalog --thinned /Users/jasonlee/Library/Developer/Xcode/DerivedData/Notch-ddzsfiyxyoauidejndllmosklbkq/Build/Intermediates.noindex/Notch.build/Release/WaveNotch.build/assetcatalog_output/thinned --thinned-dependencies /Users/jasonlee/Library/Developer/Xcode/DerivedData/Notch-ddzsfiyxyoauidejndllmosklbkq/Build/Intermediates.noindex/Notch.build/Release/WaveNotch.build/assetcatalog_dependencies_thinned --thinned-info-plist-content /Users/jasonlee/Library/Developer/Xcode/DerivedData/Notch-ddzsfiyxyoauidejndllmosklbkq/Build/Intermediates.noindex/Notch.build/Release/WaveNotch.build/assetcatalog_generated_info.plist_thinned --unthinned /Users/jasonlee/Library/Developer/Xcode/DerivedData/Notch-ddzsfiyxyoauidejndllmosklbkq/Build/Intermediates.noindex/Notch.build/Release/WaveNotch.build/assetcatalog_output/unthinned --unthinned-dependencies /Users/jasonlee/Library/Developer/Xcode/DerivedData/Notch-ddzsfiyxyoauidejndllmosklbkq/Build/Intermediates.noindex/Notch.build/Release/WaveNotch.build/assetcatalog_dependencies_unthinned --unthinned-info-plist-content /Users/jasonlee/Library/Developer/Xcode/DerivedData/Notch-ddzsfiyxyoauidejndllmosklbkq/Build/Intermediates.noindex/Notch.build/Release/WaveNotch.build/assetcatalog_generated_info.plist_unthinned --output /Users/jasonlee/Library/Developer/Xcode/DerivedData/Notch-ddzsfiyxyoauidejndllmosklbkq/Build/Products/Release/WaveNotch.app/Contents/Resources --plist-output /Users/jasonlee/Library/Developer/Xcode/DerivedData/Notch-ddzsfiyxyoauidejndllmosklbkq/Build/Intermediates.noindex/Notch.build/Release/WaveNotch.build/assetcatalog_generated_info.plist
note: Emplaced /Users/jasonlee/Library/Developer/Xcode/DerivedData/Notch-ddzsfiyxyoauidejndllmosklbkq/Build/Products/Release/WaveNotch.app/Contents/Resources/AppIcon.icns (in target 'WaveNotch' from project 'Notch')
note: Emplaced /Users/jasonlee/Library/Developer/Xcode/DerivedData/Notch-ddzsfiyxyoauidejndllmosklbkq/Build/Products/Release/WaveNotch.app/Contents/Resources/Assets.car (in target 'WaveNotch' from project 'Notch')

ProcessInfoPlistFile /Users/jasonlee/Library/Developer/Xcode/DerivedData/Notch-ddzsfiyxyoauidejndllmosklbkq/Build/Products/Release/WaveNotch.app/Contents/Info.plist /Users/jasonlee/Coding/App/Notch/Notch/Info.plist (in target 'WaveNotch' from project 'Notch')
    cd /Users/jasonlee/Coding/App/Notch
    builtin-infoPlistUtility /Users/jasonlee/Coding/App/Notch/Notch/Info.plist -producttype com.apple.product-type.application -genpkginfo /Users/jasonlee/Library/Developer/Xcode/DerivedData/Notch-ddzsfiyxyoauidejndllmosklbkq/Build/Products/Release/WaveNotch.app/Contents/PkgInfo -expandbuildsettings -platform macosx -additionalcontentfile /Users/jasonlee/Library/Developer/Xcode/DerivedData/Notch-ddzsfiyxyoauidejndllmosklbkq/Build/Intermediates.noindex/Notch.build/Release/WaveNotch.build/assetcatalog_generated_info.plist -scanforprivacyfile /Users/jasonlee/Library/Developer/Xcode/DerivedData/Notch-ddzsfiyxyoauidejndllmosklbkq/Build/Products/Release/WaveNotch.app/Contents/Frameworks/Sparkle.framework -scanforprivacyfile /Users/jasonlee/Library/Developer/Xcode/DerivedData/Notch-ddzsfiyxyoauidejndllmosklbkq/Build/Products/Release/WaveNotch.app/Contents/Resources/KeyboardShortcuts_KeyboardShortcuts.bundle -scanforprivacyfile /Users/jasonlee/Library/Developer/Xcode/DerivedData/Notch-ddzsfiyxyoauidejndllmosklbkq/Build/Products/Release/WaveNotch.app/Contents/Resources/PLCrashReporter_CrashReporter.bundle -scanforprivacyfile /Users/jasonlee/Library/Developer/Xcode/DerivedData/Notch-ddzsfiyxyoauidejndllmosklbkq/Build/Products/Release/WaveNotch.app/Contents/Resources/PostHog_PostHog.bundle -o /Users/jasonlee/Library/Developer/Xcode/DerivedData/Notch-ddzsfiyxyoauidejndllmosklbkq/Build/Products/Release/WaveNotch.app/Contents/Info.plist

SwiftCompile normal x86_64 Compiling\ AppShortcuts.swift,\ FileDragDetector.swift,\ NotchApp.swift,\ UIComponents.swift,\ Extensions.swift,\ DashboardManager.swift,\ GoogleCalendarManager.swift,\ LyricsSearchWindowManager.swift,\ NowPlayingManager.swift,\ NowPlayingManagerControls.swift,\ NowPlayingManagerLyrics.swift,\ NowPlayingManagerScraper.swift,\ OnboardingWindowManager.swift,\ PluginManager.swift,\ SettingsWindowManager.swift,\ SpotifyAuthManager.swift,\ YouTubeMusicManager.swift,\ MediaModels.swift,\ PluginModel.swift,\ ContentView.swift,\ FileTrayWidget.swift,\ LyricsSearchView.swift,\ OnboardingView.swift,\ PlayerTabView.swift,\ PlaylistTabView.swift,\ PluginStoreView.swift,\ SettingsView.swift,\ TasksWidget.swift,\ WidgetFactoryView.swift,\ GeneratedAssetSymbols.swift /Users/jasonlee/Coding/App/Notch/Notch/App/AppShortcuts.swift /Users/jasonlee/Coding/App/Notch/Notch/App/FileDragDetector.swift /Users/jasonlee/Coding/App/Notch/Notch/App/NotchApp.swift /Users/jasonlee/Coding/App/Notch/Notch/Components/UIComponents.swift /Users/jasonlee/Coding/App/Notch/Notch/Extensions/Extensions.swift /Users/jasonlee/Coding/App/Notch/Notch/Managers/DashboardManager.swift /Users/jasonlee/Coding/App/Notch/Notch/Managers/GoogleCalendarManager.swift /Users/jasonlee/Coding/App/Notch/Notch/Managers/LyricsSearchWindowManager.swift /Users/jasonlee/Coding/App/Notch/Notch/Managers/NowPlayingManager.swift /Users/jasonlee/Coding/App/Notch/Notch/Managers/NowPlayingManagerControls.swift /Users/jasonlee/Coding/App/Notch/Notch/Managers/NowPlayingManagerLyrics.swift /Users/jasonlee/Coding/App/Notch/Notch/Managers/NowPlayingManagerScraper.swift /Users/jasonlee/Coding/App/Notch/Notch/Managers/OnboardingWindowManager.swift /Users/jasonlee/Coding/App/Notch/Notch/Managers/PluginManager.swift /Users/jasonlee/Coding/App/Notch/Notch/Managers/SettingsWindowManager.swift /Users/jasonlee/Coding/App/Notch/Notch/Managers/SpotifyAuthManager.swift /Users/jasonlee/Coding/App/Notch/Notch/Managers/YouTubeMusicManager.swift /Users/jasonlee/Coding/App/Notch/Notch/Models/MediaModels.swift /Users/jasonlee/Coding/App/Notch/Notch/Models/PluginModel.swift /Users/jasonlee/Coding/App/Notch/Notch/Views/ContentView.swift /Users/jasonlee/Coding/App/Notch/Notch/Views/FileTrayWidget.swift /Users/jasonlee/Coding/App/Notch/Notch/Views/LyricsSearchView.swift /Users/jasonlee/Coding/App/Notch/Notch/Views/OnboardingView.swift /Users/jasonlee/Coding/App/Notch/Notch/Views/PlayerTabView.swift /Users/jasonlee/Coding/App/Notch/Notch/Views/PlaylistTabView.swift /Users/jasonlee/Coding/App/Notch/Notch/Views/PluginStoreView.swift /Users/jasonlee/Coding/App/Notch/Notch/Views/SettingsView.swift /Users/jasonlee/Coding/App/Notch/Notch/Views/TasksWidget.swift /Users/jasonlee/Coding/App/Notch/Notch/Views/WidgetFactoryView.swift /Users/jasonlee/Library/Developer/Xcode/DerivedData/Notch-ddzsfiyxyoauidejndllmosklbkq/Build/Intermediates.noindex/Notch.build/Release/WaveNotch.build/DerivedSources/GeneratedAssetSymbols.swift /Applications/Xcode.app/Contents/Developer/Toolchains/XcodeDefault.xctoolchain/usr/lib/swift/macosx/prebuilt-modules/26.4/CoreTransferable.swiftmodule/x86_64-apple-macos.swiftmodule /Applications/Xcode.app/Contents/Developer/Toolchains/XcodeDefault.xctoolchain/usr/lib/swift/macosx/prebuilt-modules/26.4/AuthenticationServices.swiftmodule/x86_64-apple-macos.swiftmodule /Applications/Xcode.app/Contents/Developer/Toolchains/XcodeDefault.xctoolchain/usr/lib/swift/macosx/prebuilt-modules/26.4/Accessibility.swiftmodule/x86_64-apple-macos.swiftmodule /Applications/Xcode.app/Contents/Developer/Toolchains/XcodeDefault.xctoolchain/usr/lib/swift/macosx/prebuilt-modules/26.4/System.swiftmodule/x86_64-apple-macos.swiftmodule /Applications/Xcode.app/Contents/Developer/Toolchains/XcodeDefault.xctoolchain/usr/lib/swift/macosx/prebuilt-modules/26.4/_StringProcessing.swiftmodule/x86_64-apple-macos.swiftmodule /Applications/Xcode.app/Contents/Developer/Toolchains/XcodeDefault.xctoolchain/usr/lib/swift/macosx/prebuilt-modules/26.4/Darwin.swiftmodule/x86_64-apple-macos.swiftmodule /Applications/Xcode.app/Contents/Developer/Toolchains/XcodeDefault.xctoolchain/usr/lib/swift/macosx/prebuilt-modules/26.4/Dispatch.swiftmodule/x86_64-apple-macos.swiftmodule /Applications/Xcode.app/Contents/Developer/Toolchains/XcodeDefault.xctoolchain/usr/lib/swift/macosx/prebuilt-modules/26.4/_DarwinFoundation2.swiftmodule/x86_64-apple-macos.swiftmodule /Applications/Xcode.app/Contents/Developer/Toolchains/XcodeDefault.xctoolchain/usr/lib/swift/macosx/prebuilt-modules/26.4/CoreLocation.swiftmodule/x86_64-apple-macos.swiftmodule /Applications/Xcode.app/Contents/Developer/Toolchains/XcodeDefault.xctoolchain/usr/lib/swift/macosx/prebuilt-modules/26.4/XPC.swiftmodule/x86_64-apple-macos.swiftmodule /Applications/Xcode.app/Contents/Developer/Toolchains/XcodeDefault.xctoolchain/usr/lib/swift/macosx/prebuilt-modules/26.4/QuartzCore.swiftmodule/x86_64-apple-macos.swiftmodule /Applications/Xcode.app/Contents/Developer/Toolchains/XcodeDefault.xctoolchain/usr/lib/swift/macosx/prebuilt-modules/26.4/Observation.swiftmodule/x86_64-apple-macos.swiftmodule /Applications/Xcode.app/Contents/Developer/Toolchains/XcodeDefault.xctoolchain/usr/lib/swift/macosx/prebuilt-modules/26.4/_DarwinFoundation1.swiftmodule/x86_64-apple-macos.swiftmodule /Applications/Xcode.app/Contents/Developer/Toolchains/XcodeDefault.xctoolchain/usr/lib/swift/macosx/prebuilt-modules/26.4/DeveloperToolsSupport.swiftmodule/x86_64-apple-macos.swiftmodule /Applications/Xcode.app/Contents/Developer/Toolchains/XcodeDefault.xctoolchain/usr/lib/swift/macosx/prebuilt-modules/26.4/UniformTypeIdentifiers.swiftmodule/x86_64-apple-macos.swiftmodule /Applications/Xcode.app/Contents/Developer/Toolchains/XcodeDefault.xctoolchain/usr/lib/swift/macosx/prebuilt-modules/26.4/_Concurrency.swiftmodule/x86_64-apple-macos.swiftmodule /Applications/Xcode.app/Contents/Developer/Toolchains/XcodeDefault.xctoolchain/usr/lib/swift/macosx/prebuilt-modules/26.4/Foundation.swiftmodule/x86_64-apple-macos.swiftmodule /Applications/Xcode.app/Contents/Developer/Toolchains/XcodeDefault.xctoolchain/usr/lib/swift/macosx/prebuilt-modules/26.4/CryptoKit.swiftmodule/x86_64-apple-macos.swiftmodule /Users/jasonlee/Library/Developer/Xcode/DerivedData/Notch-ddzsfiyxyoauidejndllmosklbkq/Build/Products/Release/SkyLightWindow.swiftmodule/x86_64-apple-macos.swiftmodule /Applications/Xcode.app/Contents/Developer/Toolchains/XcodeDefault.xctoolchain/usr/lib/swift/macosx/prebuilt-modules/26.4/CoreVideo.swiftmodule/x86_64-apple-macos.swiftmodule /Applications/Xcode.app/Contents/Developer/Toolchains/XcodeDefault.xctoolchain/usr/lib/swift/macosx/prebuilt-modules/26.4/Symbols.swiftmodule/x86_64-apple-macos.swiftmodule /Applications/Xcode.app/Contents/Developer/Toolchains/XcodeDefault.xctoolchain/usr/lib/swift/macosx/prebuilt-modules/26.4/CoreText.swiftmodule/x86_64-apple-macos.swiftmodule /Applications/Xcode.app/Contents/Developer/Toolchains/XcodeDefault.xctoolchain/usr/lib/swift/macosx/prebuilt-modules/26.4/Combine.swiftmodule/x86_64-apple-macos.swiftmodule /Applications/Xcode.app/Contents/Developer/Toolchains/XcodeDefault.xctoolchain/usr/lib/swift/macosx/prebuilt-modules/26.4/Metal.swiftmodule/x86_64-apple-macos.swiftmodule /Applications/Xcode.app/Contents/Developer/Toolchains/XcodeDefault.xctoolchain/usr/lib/swift/macosx/prebuilt-modules/26.4/ObjectiveC.swiftmodule/x86_64-apple-macos.swiftmodule /Applications/Xcode.app/Contents/Developer/Toolchains/XcodeDefault.xctoolchain/usr/lib/swift/macosx/prebuilt-modules/26.4/SwiftUICore.swiftmodule/x86_64-apple-macos.swiftmodule /Applications/Xcode.app/Contents/Developer/Toolchains/XcodeDefault.xctoolchain/usr/lib/swift/macosx/prebuilt-modules/26.4/Spatial.swiftmodule/x86_64-apple-macos.swiftmodule /Applications/Xcode.app/Contents/Developer/Toolchains/XcodeDefault.xctoolchain/usr/lib/swift/macosx/prebuilt-modules/26.4/CoreImage.swiftmodule/x86_64-apple-macos.swiftmodule /Applications/Xcode.app/Contents/Developer/Toolchains/XcodeDefault.xctoolchain/usr/lib/swift/macosx/prebuilt-modules/26.4/SwiftUI.swiftmodule/x86_64-apple-macos.swiftmodule /Applications/Xcode.app/Contents/Developer/Toolchains/XcodeDefault.xctoolchain/usr/lib/swift/macosx/prebuilt-modules/26.4/CoreData.swiftmodule/x86_64-apple-macos.swiftmodule /Applications/Xcode.app/Contents/Developer/Toolchains/XcodeDefault.xctoolchain/usr/lib/swift/macosx/prebuilt-modules/26.4/LocalAuthentication.swiftmodule/x86_64-apple-macos.swiftmodule /Applications/Xcode.app/Contents/Developer/Toolchains/XcodeDefault.xctoolchain/usr/lib/swift/macosx/prebuilt-modules/26.4/_Builtin_float.swiftmodule/x86_64-apple-macos.swiftmodule /Applications/Xcode.app/Contents/Developer/Toolchains/XcodeDefault.xctoolchain/usr/lib/swift/macosx/prebuilt-modules/26.4/Swift.swiftmodule/x86_64-apple-macos.swiftmodule /Users/jasonlee/Library/Developer/Xcode/DerivedData/Notch-ddzsfiyxyoauidejndllmosklbkq/Build/Products/Release/PostHog.swiftmodule/x86_64-apple-macos.swiftmodule /Applications/Xcode.app/Contents/Developer/Toolchains/XcodeDefault.xctoolchain/usr/lib/swift/macosx/prebuilt-modules/26.4/CoreGraphics.swiftmodule/x86_64-apple-macos.swiftmodule /Applications/Xcode.app/Contents/Developer/Toolchains/XcodeDefault.xctoolchain/usr/lib/swift/macosx/prebuilt-modules/26.4/CoreFoundation.swiftmodule/x86_64-apple-macos.swiftmodule /Applications/Xcode.app/Contents/Developer/Toolchains/XcodeDefault.xctoolchain/usr/lib/swift/macosx/prebuilt-modules/26.4/AppKit.swiftmodule/x86_64-apple-macos.swiftmodule /Applications/Xcode.app/Contents/Developer/Toolchains/XcodeDefault.xctoolchain/usr/lib/swift/macosx/prebuilt-modules/26.4/_DarwinFoundation3.swiftmodule/x86_64-apple-macos.swiftmodule /Applications/Xcode.app/Contents/Developer/Toolchains/XcodeDefault.xctoolchain/usr/lib/swift/macosx/prebuilt-modules/26.4/DataDetection.swiftmodule/x86_64-apple-macos.swiftmodule /Applications/Xcode.app/Contents/Developer/Toolchains/XcodeDefault.xctoolchain/usr/lib/swift/macosx/prebuilt-modules/26.4/os.swiftmodule/x86_64-apple-macos.swiftmodule /Users/jasonlee/Library/Developer/Xcode/DerivedData/Notch-ddzsfiyxyoauidejndllmosklbkq/Build/Products/Release/KeyboardShortcuts.swiftmodule/x86_64-apple-macos.swiftmodule /Applications/Xcode.app/Contents/Developer/Toolchains/XcodeDefault.xctoolchain/usr/lib/swift/macosx/prebuilt-modules/26.4/_AuthenticationServices_SwiftUI.swiftmodule/x86_64-apple-macos.swiftmodule /Applications/Xcode.app/Contents/Developer/Toolchains/XcodeDefault.xctoolchain/usr/lib/swift/macosx/prebuilt-modules/26.4/IOKit.swiftmodule/x86_64-apple-macos.swiftmodule /Applications/Xcode.app/Contents/Developer/Toolchains/XcodeDefault.xctoolchain/usr/lib/swift/macosx/prebuilt-modules/26.4/simd.swiftmodule/x86_64-apple-macos.swiftmodule /Applications/Xcode.app/Contents/Developer/Toolchains/XcodeDefault.xctoolchain/usr/lib/swift/macosx/prebuilt-modules/26.4/OSLog.swiftmodule/x86_64-apple-macos.swiftmodule /Users/jasonlee/Library/Developer/Xcode/DerivedData/ModuleCache.noindex/SwiftUICore-7Q4OLYUTBFWI9SEYVTMZTCUGB.pcm /Users/jasonlee/Library/Developer/Xcode/DerivedData/ModuleCache.noindex/ptrcheck-DXL8QT7R15RV6HC6ZHOL157XL.pcm /Users/jasonlee/Library/Developer/Xcode/DerivedData/ModuleCache.noindex/Symbols-2T681YVI3SKNZK0RF2CVYFR76.pcm /Users/jasonlee/Library/Developer/Xcode/DerivedData/ModuleCache.noindex/libDER-ES4PQ7OHBP1MHX9N683FEN6F8.pcm /Users/jasonlee/Library/Developer/Xcode/DerivedData/ModuleCache.noindex/ColorSync-5A8T49IMU68AIVEYLGKIQ5PE5.pcm /Users/jasonlee/Library/Developer/Xcode/DerivedData/ModuleCache.noindex/CoreFoundation-2K8H6RJDYY6S70OTT9466S91K.pcm /Users/jasonlee/Library/Developer/Xcode/DerivedData/ModuleCache.noindex/_Builtin_tgmath-DRVC39LKJV98SDCGC7YPT6WQ1.pcm /Users/jasonlee/Library/Developer/Xcode/DerivedData/ModuleCache.noindex/_Builtin_float-38BV2L7KCKWJXRDKPCCQ7NIE3.pcm /Users/jasonlee/Library/Developer/Xcode/DerivedData/ModuleCache.noindex/Carbon-AB9ILDFN78RXOHJB2A1L19G9T.pcm /Users/jasonlee/Library/Developer/Xcode/DerivedData/ModuleCache.noindex/libkern-AW9VRMNQO6IBQL1AVDGA7Z397.pcm /Users/jasonlee/Library/Developer/Xcode/DerivedData/ModuleCache.noindex/CoreServices-9UIMWM2ADJ59D6HKV92Y5D7TV.pcm /Users/jasonlee/Library/Developer/Xcode/DerivedData/ModuleCache.noindex/Foundation-Z6ZLVDHYG4ID78S3JX63SOGU.pcm /Users/jasonlee/Library/Developer/Xcode/DerivedData/ModuleCache.noindex/zlib-7QCJVAJD45CMKFA7UVE71OETZ.pcm /Users/jasonlee/Library/Developer/Xcode/DerivedData/ModuleCache.noindex/_Builtin_intrinsics-DCHQQYVSPR2QIS6S0FXXLIR1B.pcm /Users/jasonlee/Library/Developer/Xcode/DerivedData/ModuleCache.noindex/SystemConfiguration-C1UQPPT6L2HJQ2IKUM21F20U9.pcm /Users/jasonlee/Library/Developer/Xcode/DerivedData/ModuleCache.noindex/_Builtin_stdatomic-9Z0K47WRCUSITKI8627XI4H3T.pcm /Users/jasonlee/Library/Developer/Xcode/DerivedData/ModuleCache.noindex/Spatial-42PBMQ3H7U2K4201RNNBNC78L.pcm /Users/jasonlee/Library/Developer/Xcode/DerivedData/ModuleCache.noindex/_DarwinFoundation2-EPWY2RFHP1J4D1DMVGO3ERJTW.pcm /Users/jasonlee/Library/Developer/Xcode/DerivedData/ModuleCache.noindex/os_workgroup-DG0N68T67L66SE1W38YOQT1SS.pcm /Users/jasonlee/Library/Developer/Xcode/DerivedData/ModuleCache.noindex/UniformTypeIdentifiers-1JRSJIV64ECEZRE73134ZF5I3.pcm /Users/jasonlee/Library/Developer/Xcode/DerivedData/ModuleCache.noindex/ptrauth-AJHF5C6RGP0USFUNH9QA555RN.pcm /Users/jasonlee/Library/Developer/Xcode/DerivedData/ModuleCache.noindex/ApplicationServices-72PEZTGZKL4NIL0XLTNO066U8.pcm /Users/jasonlee/Library/Developer/Xcode/DerivedData/ModuleCache.noindex/CoreGraphics-3W5IS6ZJCCBMP7LBR2XAO10FK.pcm /Users/jasonlee/Library/Developer/Xcode/DerivedData/ModuleCache.noindex/_AvailabilityInternal-DACO8YB8S0K6OXI6KSVL0X6LO.pcm /Users/jasonlee/Library/Developer/Xcode/DerivedData/ModuleCache.noindex/SwiftShims-CRIRH9JBM8CSXCNWD9XVO9F71.pcm /Users/jasonlee/Library/Developer/Xcode/DerivedData/ModuleCache.noindex/OSLog-C3FDFCFSWPZLGPXQZ6AO1ZKBR.pcm /Users/jasonlee/Library/Developer/Xcode/DerivedData/ModuleCache.noindex/_Builtin_limits-8HFSLC7QIFJ8O0K9O5VM5E3W.pcm /Users/jasonlee/Library/Developer/Xcode/DerivedData/ModuleCache.noindex/_LocationEssentials-DOWHEZUIGUR8JU0SPZ35Y8SO8.pcm /Users/jasonlee/Library/Developer/Xcode/DerivedData/ModuleCache.noindex/Security-EAFLV1ZVTCLVCNKWD4VSLDPYO.pcm /Users/jasonlee/Library/Developer/Xcode/DerivedData/ModuleCache.noindex/OpenGL-9UC7IYIHHVIOT3SQU8RY2QU7I.pcm /Users/jasonlee/Library/Developer/Xcode/DerivedData/ModuleCache.noindex/LocalAuthentication-1MTF4L174VQBW3PDSLI79T010.pcm /Users/jasonlee/Library/Developer/Xcode/DerivedData/Notch-ddzsfiyxyoauidejndllmosklbkq/Build/Intermediates.noindex/SwiftExplicitPrecompiledModules/Sparkle-CD2YLMTAIZ7JYZO8823IL0PVG.pcm /Users/jasonlee/Library/Developer/Xcode/DerivedData/ModuleCache.noindex/_Builtin_stddef-1V4REA1PYA7P3R63CG226D67J.pcm /Users/jasonlee/Library/Developer/Xcode/DerivedData/ModuleCache.noindex/Cocoa-88YA8FCSHI0UYP9EUEVVY063T.pcm /Users/jasonlee/Library/Developer/Xcode/DerivedData/ModuleCache.noindex/AppKit-1JA8GWQD7LIG5WMBJTK3HPWOU.pcm /Users/jasonlee/Library/Developer/Xcode/DerivedData/ModuleCache.noindex/launch-6H216ISRLLNO7POCG4KIZ1DNE.pcm /Users/jasonlee/Library/Developer/Xcode/DerivedData/ModuleCache.noindex/CoreLocation-7OIN2Y5XBOURFVCBHLD9NOW7Q.pcm /Users/jasonlee/Library/Developer/Xcode/DerivedData/ModuleCache.noindex/Darwin-52L18AGTTJYC4YN1894X0OUWU.pcm /Users/jasonlee/Library/Developer/Xcode/DerivedData/Notch-ddzsfiyxyoauidejndllmosklbkq/Build/Intermediates.noindex/SwiftExplicitPrecompiledModules/CrashReporter-4DWM6HOWB353FIAFYTME64ZX4.pcm /Users/jasonlee/Library/Developer/Xcode/DerivedData/ModuleCache.noindex/_DarwinFoundation1-18FK795OM2IJUHSM957V0O79.pcm /Users/jasonlee/Library/Developer/Xcode/DerivedData/ModuleCache.noindex/DeveloperToolsSupport-7IG6CEY0MIA5I4VUFZLF4BW6P.pcm /Users/jasonlee/Library/Developer/Xcode/DerivedData/ModuleCache.noindex/_Builtin_inttypes-16B3DVFOMCVXZHHTXNAOR8SH0.pcm /Users/jasonlee/Library/Developer/Xcode/DerivedData/ModuleCache.noindex/os_object-C020HCNXL3AO1XLZWL7EQZWT1.pcm /Users/jasonlee/Library/Developer/Xcode/DerivedData/ModuleCache.noindex/CoreText-7ZINIOZC18DEYIUOWKPV7QH0U.pcm /Users/jasonlee/Library/Developer/Xcode/DerivedData/ModuleCache.noindex/ImageIO-EIQG3IVFJF6XBHJMZMX9CFORP.pcm /Users/jasonlee/Library/Developer/Xcode/DerivedData/ModuleCache.noindex/Metal-CE7KDNG1CPIKWBFMKYTTKXKB8.pcm /Users/jasonlee/Library/Developer/Xcode/DerivedData/ModuleCache.noindex/QuartzCore-AKVMMDH3SUMAPZS6J9BIG9VJJ.pcm /Users/jasonlee/Library/Developer/Xcode/DerivedData/ModuleCache.noindex/SwiftUI-51EKHJ56FZ57DMYE99P004TWV.pcm /Users/jasonlee/Library/Developer/Xcode/DerivedData/ModuleCache.noindex/_Builtin_stdint-843135M6W3K99FNQ3Z8W413X8.pcm /Users/jasonlee/Library/Developer/Xcode/DerivedData/ModuleCache.noindex/_DarwinFoundation3-82ZJUH5DZBTSHO36K8D3X1VJX.pcm /Users/jasonlee/Library/Developer/Xcode/DerivedData/ModuleCache.noindex/IOSurface-4P3TI2472RME1P5VJP0MA0A3V.pcm /Users/jasonlee/Library/Developer/Xcode/DerivedData/ModuleCache.noindex/_SwiftConcurrencyShims-DV5VHHD6SKJOHI464J5E5GHAB.pcm /Users/jasonlee/Library/Developer/Xcode/DerivedData/ModuleCache.noindex/os-608OBVV8N8P1JSPQCR2S6DHOS.pcm /Users/jasonlee/Library/Developer/Xcode/DerivedData/ModuleCache.noindex/CFNetwork-69QLJOKG5FSGWWP8YX6KRUQJS.pcm /Users/jasonlee/Library/Developer/Xcode/DerivedData/ModuleCache.noindex/MachO-32YW7LVFPM4XK5YI3SEQXFJA8.pcm /Users/jasonlee/Library/Developer/Xcode/DerivedData/ModuleCache.noindex/CoreImage-6H8MCGWSU3VMLNIVFET5GTITA.pcm /Users/jasonlee/Library/Developer/Xcode/DerivedData/ModuleCache.noindex/_Builtin_stdbool-59JKBW01C7NHB6JUMXMT7MHU8.pcm /Users/jasonlee/Library/Developer/Xcode/DerivedData/ModuleCache.noindex/sys_types-D1LDWXWAZWBIFG93GWQBEU9TO.pcm /Users/jasonlee/Library/Developer/Xcode/DerivedData/ModuleCache.noindex/CoreData-2TGGRMDDM35AVTCL8CF2JKC1W.pcm /Users/jasonlee/Library/Developer/Xcode/DerivedData/ModuleCache.noindex/XPC-3CAXVJFB3P4YZI23YLJ3UZ004.pcm /Users/jasonlee/Library/Developer/Xcode/DerivedData/ModuleCache.noindex/Accessibility-FEBB5LJMRTZ7BE4UXAG05JF3.pcm /Users/jasonlee/Library/Developer/Xcode/DerivedData/ModuleCache.noindex/AuthenticationServices-ECYCJ9ZPVX4DBQJ4423OWUV3Z.pcm /Users/jasonlee/Library/Developer/Xcode/DerivedData/ModuleCache.noindex/CoreTransferable-5DS55Z5ZZ7O0SJ97ARKVQGBP2.pcm /Users/jasonlee/Library/Developer/Xcode/DerivedData/ModuleCache.noindex/ServiceManagement-BIW9JEHXWSLSDCLD09PASLAW9.pcm /Users/jasonlee/Library/Developer/Xcode/DerivedData/ModuleCache.noindex/Dispatch-9WD747COAPWRIHW3PYU3CTO4D.pcm /Users/jasonlee/Library/Developer/Xcode/DerivedData/ModuleCache.noindex/simd-14K5NR4S77KI1DZ002UXQHK3H.pcm /Users/jasonlee/Library/Developer/Xcode/DerivedData/ModuleCache.noindex/ObjectiveC-EBMD7ZTIRECTBN3S56BKQBQ1K.pcm /Users/jasonlee/Library/Developer/Xcode/DerivedData/ModuleCache.noindex/DataDetection-ARAOPBPGSZEEXBNNN0ZPLAE4.pcm /Users/jasonlee/Library/Developer/Xcode/DerivedData/ModuleCache.noindex/CUPS-6L53V9J8TK1KJFNMRW9ON1I7Q.pcm /Users/jasonlee/Library/Developer/Xcode/DerivedData/ModuleCache.noindex/DiskArbitration-BOOQWI857J80JI21IULHCM0ND.pcm /Users/jasonlee/Library/Developer/Xcode/DerivedData/ModuleCache.noindex/IOKit-6DTNXXLVCMJKMLK8WSQUUFMI.pcm /Users/jasonlee/Library/Developer/Xcode/DerivedData/ModuleCache.noindex/_Builtin_stdarg-6G1BU60YMERJODO75NK8IW7NR.pcm /Users/jasonlee/Library/Developer/Xcode/DerivedData/ModuleCache.noindex/CoreVideo-1BYXV6MSOCDFPG72TAGMWN66B.pcm /Users/jasonlee/Library/Developer/Xcode/DerivedData/Notch-ddzsfiyxyoauidejndllmosklbkq/Build/Intermediates.noindex/Notch.build/Release/WaveNotch.build/Objects-normal/x86_64/WaveNotch-dependencies-1.json (in target 'WaveNotch' from project 'Notch')

CompileSwift normal x86_64 (in target 'WaveNotch' from project 'Notch')
    cd /Users/jasonlee/Coding/App/Notch
    

/Applications/Xcode.app/Contents/Developer/Toolchains/XcodeDefault.xctoolchain/usr/bin/swift-frontend -frontend -c /Users/jasonlee/Coding/App/Notch/Notch/App/AppShortcuts.swift /Users/jasonlee/Coding/App/Notch/Notch/App/FileDragDetector.swift /Users/jasonlee/Coding/App/Notch/Notch/App/NotchApp.swift /Users/jasonlee/Coding/App/Notch/Notch/Components/UIComponents.swift /Users/jasonlee/Coding/App/Notch/Notch/Extensions/Extensions.swift /Users/jasonlee/Coding/App/Notch/Notch/Managers/DashboardManager.swift /Users/jasonlee/Coding/App/Notch/Notch/Managers/GoogleCalendarManager.swift /Users/jasonlee/Coding/App/Notch/Notch/Managers/LyricsSearchWindowManager.swift /Users/jasonlee/Coding/App/Notch/Notch/Managers/NowPlayingManager.swift /Users/jasonlee/Coding/App/Notch/Notch/Managers/NowPlayingManagerControls.swift /Users/jasonlee/Coding/App/Notch/Notch/Managers/NowPlayingManagerLyrics.swift /Users/jasonlee/Coding/App/Notch/Notch/Managers/NowPlayingManagerScraper.swift /Users/jasonlee/Coding/App/Notch/Notch/Managers/OnboardingWindowManager.swift /Users/jasonlee/Coding/App/Notch/Notch/Managers/PluginManager.swift /Users/jasonlee/Coding/App/Notch/Notch/Managers/SettingsWindowManager.swift /Users/jasonlee/Coding/App/Notch/Notch/Managers/SpotifyAuthManager.swift /Users/jasonlee/Coding/App/Notch/Notch/Managers/YouTubeMusicManager.swift /Users/jasonlee/Coding/App/Notch/Notch/Models/MediaModels.swift /Users/jasonlee/Coding/App/Notch/Notch/Models/PluginModel.swift /Users/jasonlee/Coding/App/Notch/Notch/Views/ContentView.swift /Users/jasonlee/Coding/App/Notch/Notch/Views/FileTrayWidget.swift /Users/jasonlee/Coding/App/Notch/Notch/Views/LyricsSearchView.swift /Users/jasonlee/Coding/App/Notch/Notch/Views/OnboardingView.swift /Users/jasonlee/Coding/App/Notch/Notch/Views/PlayerTabView.swift /Users/jasonlee/Coding/App/Notch/Notch/Views/PlaylistTabView.swift /Users/jasonlee/Coding/App/Notch/Notch/Views/PluginStoreView.swift /Users/jasonlee/Coding/App/Notch/Notch/Views/SettingsView.swift /Users/jasonlee/Coding/App/Notch/Notch/Views/TasksWidget.swift /Users/jasonlee/Coding/App/Notch/Notch/Views/WidgetFactoryView.swift /Users/jasonlee/Library/Developer/Xcode/DerivedData/Notch-ddzsfiyxyoauidejndllmosklbkq/Build/Intermediates.noindex/Notch.build/Release/WaveNotch.build/DerivedSources/GeneratedAssetSymbols.swift -supplementary-output-file-map /Users/jasonlee/Library/Developer/Xcode/DerivedData/Notch-ddzsfiyxyoauidejndllmosklbkq/Build/Intermediates.noindex/Notch.build/Release/WaveNotch.build/Objects-normal/x86_64/supplementaryOutputs-7 -emit-localized-strings -emit-localized-strings-path /Users/jasonlee/Library/Developer/Xcode/DerivedData/Notch-ddzsfiyxyoauidejndllmosklbkq/Build/Intermediates.noindex/Notch.build/Release/WaveNotch.build/Objects-normal/x86_64 -target x86_64-apple-macos14.0 -module-can-import-version AppKit 2685.50.120 2685.50.120 -module-can-import-version DeveloperToolsSupport 23.40.26 23.40.26 -module-can-import-version SwiftUI 7.4.27 7.4.27 -disable-cross-import-overlay-search -swift-module-cross-import AuthenticationServices /Applications/Xcode.app/Contents/Developer/Platforms/MacOSX.platform/Developer/SDKs/MacOSX.sdk/System/Cryptexes/OS/System/Library/Frameworks/AuthenticationServices.framework/Modules/AuthenticationServices.swiftcrossimport/SwiftUI.swiftoverlay -swift-module-cross-import AuthenticationServices /Applications/Xcode.app/Contents/Developer/Platforms/MacOSX.platform/Developer/SDKs/MacOSX26.4.sdk/System/Library/Frameworks/AuthenticationServices.framework/Modules/AuthenticationServices.swiftcrossimport/SwiftUI.swiftoverlay -load-resolved-plugin /Applications/Xcode.app/Contents/Developer/Platforms/MacOSX.platform/Developer/usr/lib/swift/host/plugins/libFoundationMacros.dylib\#/Applications/Xcode.app/Contents/Developer/Platforms/MacOSX.platform/Developer/usr/bin/swift-plugin-server\#FoundationMacros -load-resolved-plugin /Applications/Xcode.app/Contents/Developer/Platforms/MacOSX.platform/Developer/usr/lib/swift/host/plugins/libObservationMacros.dylib\#/Applications/Xcode.app/Contents/Developer/Platforms/MacOSX.platform/Developer/usr/bin/swift-plugin-server\#ObservationMacros -load-resolved-plugin /Applications/Xcode.app/Contents/Developer/Platforms/MacOSX.platform/Developer/usr/lib/swift/host/plugins/libPreviewsMacros.dylib\#/Applications/Xcode.app/Contents/Developer/Platforms/MacOSX.platform/Developer/usr/bin/swift-plugin-server\#PreviewsMacros -load-resolved-plugin /Applications/Xcode.app/Contents/Developer/Platforms/MacOSX.platform/Developer/usr/lib/swift/host/plugins/libSwiftMacros.dylib\#/Applications/Xcode.app/Contents/Developer/Platforms/MacOSX.platform/Developer/usr/bin/swift-plugin-server\#SwiftMacros -load-resolved-plugin /Applications/Xcode.app/Contents/Developer/Platforms/MacOSX.platform/Developer/usr/lib/swift/host/plugins/libSwiftUIMacros.dylib\#/Applications/Xcode.app/Contents/Developer/Platforms/MacOSX.platform/Developer/usr/bin/swift-plugin-server\#SwiftUIMacros -disable-implicit-swift-modules -Xcc -fno-implicit-modules -Xcc -fno-implicit-module-maps -explicit-swift-module-map-file /Users/jasonlee/Library/Developer/Xcode/DerivedData/Notch-ddzsfiyxyoauidejndllmosklbkq/Build/Intermediates.noindex/Notch.build/Release/WaveNotch.build/Objects-normal/x86_64/WaveNotch-dependencies-1.json -debug-module-path /Users/jasonlee/Library/Developer/Xcode/DerivedData/Notch-ddzsfiyxyoauidejndllmosklbkq/Build/Intermediates.noindex/Notch.build/Release/WaveNotch.build/Objects-normal/x86_64/WaveNotch.swiftmodule -enable-objc-interop -stack-check -sdk /Applications/Xcode.app/Contents/Developer/Platforms/MacOSX.platform/Developer/SDKs/MacOSX26.4.sdk -I /Users/jasonlee/Library/Developer/Xcode/DerivedData/Notch-ddzsfiyxyoauidejndllmosklbkq/Build/Products/Release -F /Users/jasonlee/Library/Developer/Xcode/DerivedData/Notch-ddzsfiyxyoauidejndllmosklbkq/Build/Products/Release/PackageFrameworks -F /Users/jasonlee/Library/Developer/Xcode/DerivedData/Notch-ddzsfiyxyoauidejndllmosklbkq/Build/Products/Release/PackageFrameworks -F /Users/jasonlee/Library/Developer/Xcode/DerivedData/Notch-ddzsfiyxyoauidejndllmosklbkq/Build/Products/Release/PackageFrameworks -F /Users/jasonlee/Library/Developer/Xcode/DerivedData/Notch-ddzsfiyxyoauidejndllmosklbkq/Build/Products/Release/PackageFrameworks -F /Users/jasonlee/Library/Developer/Xcode/DerivedData/Notch-ddzsfiyxyoauidejndllmosklbkq/Build/Products/Release/PackageFrameworks -F /Users/jasonlee/Library/Developer/Xcode/DerivedData/Notch-ddzsfiyxyoauidejndllmosklbkq/Build/Products/Release -no-color-diagnostics -Xcc -fno-color-diagnostics -g -debug-info-format\=dwarf -dwarf-version\=4 -module-cache-path /Users/jasonlee/Library/Developer/Xcode/DerivedData/Notch-ddzsfiyxyoauidejndllmosklbkq/Build/Intermediates.noindex/SwiftExplicitPrecompiledModules -profile-generate -profile-coverage-mapping -swift-version 5 -O -serialize-debugging-options -const-gather-protocols-file /Users/jasonlee/Library/Developer/Xcode/DerivedData/Notch-ddzsfiyxyoauidejndllmosklbkq/Build/Intermediates.noindex/Notch.build/Release/WaveNotch.build/Objects-normal/x86_64/WaveNotch_const_extract_protocols.json -enable-upcoming-feature DisableOutwardActorInference -enable-upcoming-feature InferSendableFromCaptures -enable-upcoming-feature GlobalActorIsolatedTypesUsability -enable-upcoming-feature MemberImportVisibility -enable-upcoming-feature InferIsolatedConformances -enable-upcoming-feature NonisolatedNonsendingByDefault -enable-experimental-feature DebugDescriptionMacro -enable-bare-slash-regex -default-isolation\=MainActor -empty-abi-descriptor -validate-clang-modules-once -clang-build-session-file /Users/jasonlee/Library/Developer/Xcode/DerivedData/ModuleCache.noindex/Session.modulevalidation -Xcc -working-directory -Xcc /Users/jasonlee/Coding/App/Notch -file-compilation-dir /Users/jasonlee/Coding/App/Notch -Xcc -fmodule-map-file\=/Users/jasonlee/Library/Developer/Xcode/DerivedData/Notch-ddzsfiyxyoauidejndllmosklbkq/Build/Intermediates.noindex/GeneratedModuleMaps/CrashReporter.modulemap -Xcc -fmodule-map-file\=/Users/jasonlee/Library/Developer/Xcode/DerivedData/Notch-ddzsfiyxyoauidejndllmosklbkq/Build/Intermediates.noindex/GeneratedModuleMaps/phlibwebp.modulemap -Xcc -ivfsstatcache -Xcc /Users/jasonlee/Library/Developer/Xcode/DerivedData/SDKStatCaches.noindex/macosx26.4-25E251-30f9ca8789b706f8bd3fc906a70d770f.sdkstatcache -Xcc -I/Users/jasonlee/Library/Developer/Xcode/DerivedData/Notch-ddzsfiyxyoauidejndllmosklbkq/Build/Intermediates.noindex/Notch.build/Release/WaveNotch.build/swift-overrides.hmap -Xcc -iquote -Xcc /Users/jasonlee/Library/Developer/Xcode/DerivedData/Notch-ddzsfiyxyoauidejndllmosklbkq/Build/Intermediates.noindex/Notch.build/Release/WaveNotch.build/WaveNotch-generated-files.hmap -Xcc -I/Users/jasonlee/Library/Developer/Xcode/DerivedData/Notch-ddzsfiyxyoauidejndllmosklbkq/Build/Intermediates.noindex/Notch.build/Release/WaveNotch.build/WaveNotch-own-target-headers.hmap -Xcc -I/Users/jasonlee/Library/Developer/Xcode/DerivedData/Notch-ddzsfiyxyoauidejndllmosklbkq/Build/Intermediates.noindex/Notch.build/Release/WaveNotch.build/WaveNotch-all-non-framework-target-headers.hmap -Xcc -ivfsoverlay -Xcc /Users/jasonlee/Library/Developer/Xcode/DerivedData/Notch-ddzsfiyxyoauidejndllmosklbkq/Build/Intermediates.noindex/Notch.build/Release/Notch-35fa6f496e3bd7a49f1f3aca2d298557-VFS/all-product-headers.yaml -Xcc -iquote -Xcc /Users/jasonlee/Library/Developer/Xcode/DerivedData/Notch-ddzsfiyxyoauidejndllmosklbkq/Build/Intermediates.noindex/Notch.build/Release/WaveNotch.build/WaveNotch-project-headers.hmap -Xcc -I/Users/jasonlee/Library/Developer/Xcode/DerivedData/Notch-ddzsfiyxyoauidejndllmosklbkq/SourcePackages/checkouts/plcrashreporter/include -Xcc -I/Users/jasonlee/Library/Developer/Xcode/DerivedData/Notch-ddzsfiyxyoauidejndllmosklbkq/SourcePackages/checkouts/posthog-ios/vendor/libwebp -Xcc -I/Users/jasonlee/Library/Developer/Xcode/DerivedData/Notch-ddzsfiyxyoauidejndllmosklbkq/Build/Products/Release/include -Xcc -I/Users/jasonlee/Library/Developer/Xcode/DerivedData/Notch-ddzsfiyxyoauidejndllmosklbkq/Build/Intermediates.noindex/Notch.build/Release/WaveNotch.build/DerivedSources-normal/x86_64 -Xcc -I/Users/jasonlee/Library/Developer/Xcode/DerivedData/Notch-ddzsfiyxyoauidejndllmosklbkq/Build/Intermediates.noindex/Notch.build/Release/WaveNotch.build/DerivedSources/x86_64 -Xcc -I/Users/jasonlee/Library/Developer/Xcode/DerivedData/Notch-ddzsfiyxyoauidejndllmosklbkq/Build/Intermediates.noindex/Notch.build/Release/WaveNotch.build/DerivedSources -no-auto-bridging-header-chaining -module-name WaveNotch -frontend-parseable-output -disable-clang-spi -clang-target x86_64-apple-macos26.4 -target-sdk-version 26.4 -target-sdk-name macosx26.4 -in-process-plugin-server-path /Applications/Xcode.app/Contents/Developer/Toolchains/XcodeDefault.xctoolchain/usr/lib/swift/host/libSwiftInProcPluginServer.dylib -enable-default-cmo -num-threads 12 -o /Users/jasonlee/Library/Developer/Xcode/DerivedData/Notch-ddzsfiyxyoauidejndllmosklbkq/Build/Intermediates.noindex/Notch.build/Release/WaveNotch.build/Objects-normal/x86_64/AppShortcuts.o -o /Users/jasonlee/Library/Developer/Xcode/DerivedData/Notch-ddzsfiyxyoauidejndllmosklbkq/Build/Intermediates.noindex/Notch.build/Release/WaveNotch.build/Objects-normal/x86_64/FileDragDetector.o -o /Users/jasonlee/Library/Developer/Xcode/DerivedData/Notch-ddzsfiyxyoauidejndllmosklbkq/Build/Intermediates.noindex/Notch.build/Release/WaveNotch.build/Objects-normal/x86_64/NotchApp.o -o /Users/jasonlee/Library/Developer/Xcode/DerivedData/Notch-ddzsfiyxyoauidejndllmosklbkq/Build/Intermediates.noindex/Notch.build/Release/WaveNotch.build/Objects-normal/x86_64/UIComponents.o -o /Users/jasonlee/Library/Developer/Xcode/DerivedData/Notch-ddzsfiyxyoauidejndllmosklbkq/Build/Intermediates.noindex/Notch.build/Release/WaveNotch.build/Objects-normal/x86_64/Extensions.o -o /Users/jasonlee/Library/Developer/Xcode/DerivedData/Notch-ddzsfiyxyoauidejndllmosklbkq/Build/Intermediates.noindex/Notch.build/Release/WaveNotch.build/Objects-normal/x86_64/DashboardManager.o -o /Users/jasonlee/Library/Developer/Xcode/DerivedData/Notch-ddzsfiyxyoauidejndllmosklbkq/Build/Intermediates.noindex/Notch.build/Release/WaveNotch.build/Objects-normal/x86_64/GoogleCalendarManager.o -o /Users/jasonlee/Library/Developer/Xcode/DerivedData/Notch-ddzsfiyxyoauidejndllmosklbkq/Build/Intermediates.noindex/Notch.build/Release/WaveNotch.build/Objects-normal/x86_64/LyricsSearchWindowManager.o -o /Users/jasonlee/Library/Developer/Xcode/DerivedData/Notch-ddzsfiyxyoauidejndllmosklbkq/Build/Intermediates.noindex/Notch.build/Release/WaveNotch.build/Objects-normal/x86_64/NowPlayingManager.o -o /Users/jasonlee/Library/Developer/Xcode/DerivedData/Notch-ddzsfiyxyoauidejndllmosklbkq/Build/Intermediates.noindex/Notch.build/Release/WaveNotch.build/Objects-normal/x86_64/NowPlayingManagerControls.o -o /Users/jasonlee/Library/Developer/Xcode/DerivedData/Notch-ddzsfiyxyoauidejndllmosklbkq/Build/Intermediates.noindex/Notch.build/Release/WaveNotch.build/Objects-normal/x86_64/NowPlayingManagerLyrics.o -o /Users/jasonlee/Library/Developer/Xcode/DerivedData/Notch-ddzsfiyxyoauidejndllmosklbkq/Build/Intermediates.noindex/Notch.build/Release/WaveNotch.build/Objects-normal/x86_64/NowPlayingManagerScraper.o -o /Users/jasonlee/Library/Developer/Xcode/DerivedData/Notch-ddzsfiyxyoauidejndllmosklbkq/Build/Intermediates.noindex/Notch.build/Release/WaveNotch.build/Objects-normal/x86_64/OnboardingWindowManager.o -o /Users/jasonlee/Library/Developer/Xcode/DerivedData/Notch-ddzsfiyxyoauidejndllmosklbkq/Build/Intermediates.noindex/Notch.build/Release/WaveNotch.build/Objects-normal/x86_64/PluginManager.o -o /Users/jasonlee/Library/Developer/Xcode/DerivedData/Notch-ddzsfiyxyoauidejndllmosklbkq/Build/Intermediates.noindex/Notch.build/Release/WaveNotch.build/Objects-normal/x86_64/SettingsWindowManager.o -o /Users/jasonlee/Library/Developer/Xcode/DerivedData/Notch-ddzsfiyxyoauidejndllmosklbkq/Build/Intermediates.noindex/Notch.build/Release/WaveNotch.build/Objects-normal/x86_64/SpotifyAuthManager.o -o /Users/jasonlee/Library/Developer/Xcode/DerivedData/Notch-ddzsfiyxyoauidejndllmosklbkq/Build/Intermediates.noindex/Notch.build/Release/WaveNotch.build/Objects-normal/x86_64/YouTubeMusicManager.o -o /Users/jasonlee/Library/Developer/Xcode/DerivedData/Notch-ddzsfiyxyoauidejndllmosklbkq/Build/Intermediates.noindex/Notch.build/Release/WaveNotch.build/Objects-normal/x86_64/MediaModels.o -o /Users/jasonlee/Library/Developer/Xcode/DerivedData/Notch-ddzsfiyxyoauidejndllmosklbkq/Build/Intermediates.noindex/Notch.build/Release/WaveNotch.build/Objects-normal/x86_64/PluginModel.o -o /Users/jasonlee/Library/Developer/Xcode/DerivedData/Notch-ddzsfiyxyoauidejndllmosklbkq/Build/Intermediates.noindex/Notch.build/Release/WaveNotch.build/Objects-normal/x86_64/ContentView.o -o /Users/jasonlee/Library/Developer/Xcode/DerivedData/Notch-ddzsfiyxyoauidejndllmosklbkq/Build/Intermediates.noindex/Notch.build/Release/WaveNotch.build/Objects-normal/x86_64/FileTrayWidget.o -o /Users/jasonlee/Library/Developer/Xcode/DerivedData/Notch-ddzsfiyxyoauidejndllmosklbkq/Build/Intermediates.noindex/Notch.build/Release/WaveNotch.build/Objects-normal/x86_64/LyricsSearchView.o -o /Users/jasonlee/Library/Developer/Xcode/DerivedData/Notch-ddzsfiyxyoauidejndllmosklbkq/Build/Intermediates.noindex/Notch.build/Release/WaveNotch.build/Objects-normal/x86_64/OnboardingView.o -o /Users/jasonlee/Library/Developer/Xcode/DerivedData/Notch-ddzsfiyxyoauidejndllmosklbkq/Build/Intermediates.noindex/Notch.build/Release/WaveNotch.build/Objects-normal/x86_64/PlayerTabView.o -o /Users/jasonlee/Library/Developer/Xcode/DerivedData/Notch-ddzsfiyxyoauidejndllmosklbkq/Build/Intermediates.noindex/Notch.build/Release/WaveNotch.build/Objects-normal/x86_64/PlaylistTabView.o -o /Users/jasonlee/Library/Developer/Xcode/DerivedData/Notch-ddzsfiyxyoauidejndllmosklbkq/Build/Intermediates.noindex/Notch.build/Release/WaveNotch.build/Objects-normal/x86_64/PluginStoreView.o -o /Users/jasonlee/Library/Developer/Xcode/DerivedData/Notch-ddzsfiyxyoauidejndllmosklbkq/Build/Intermediates.noindex/Notch.build/Release/WaveNotch.build/Objects-normal/x86_64/SettingsView.o -o /Users/jasonlee/Library/Developer/Xcode/DerivedData/Notch-ddzsfiyxyoauidejndllmosklbkq/Build/Intermediates.noindex/Notch.build/Release/WaveNotch.build/Objects-normal/x86_64/TasksWidget.o -o /Users/jasonlee/Library/Developer/Xcode/DerivedData/Notch-ddzsfiyxyoauidejndllmosklbkq/Build/Intermediates.noindex/Notch.build/Release/WaveNotch.build/Objects-normal/x86_64/WidgetFactoryView.o -o /Users/jasonlee/Library/Developer/Xcode/DerivedData/Notch-ddzsfiyxyoauidejndllmosklbkq/Build/Intermediates.noindex/Notch.build/Release/WaveNotch.build/Objects-normal/x86_64/GeneratedAssetSymbols.o -index-unit-output-path /Notch.build/Release/WaveNotch.build/Objects-normal/x86_64/AppShortcuts.o -index-unit-output-path /Notch.build/Release/WaveNotch.build/Objects-normal/x86_64/FileDragDetector.o -index-unit-output-path /Notch.build/Release/WaveNotch.build/Objects-normal/x86_64/NotchApp.o -index-unit-output-path /Notch.build/Release/WaveNotch.build/Objects-normal/x86_64/UIComponents.o -index-unit-output-path /Notch.build/Release/WaveNotch.build/Objects-normal/x86_64/Extensions.o -index-unit-output-path /Notch.build/Release/WaveNotch.build/Objects-normal/x86_64/DashboardManager.o -index-unit-output-path /Notch.build/Release/WaveNotch.build/Objects-normal/x86_64/GoogleCalendarManager.o -index-unit-output-path /Notch.build/Release/WaveNotch.build/Objects-normal/x86_64/LyricsSearchWindowManager.o -index-unit-output-path /Notch.build/Release/WaveNotch.build/Objects-normal/x86_64/NowPlayingManager.o -index-unit-output-path /Notch.build/Release/WaveNotch.build/Objects-normal/x86_64/NowPlayingManagerControls.o -index-unit-output-path /Notch.build/Release/WaveNotch.build/Objects-normal/x86_64/NowPlayingManagerLyrics.o -index-unit-output-path /Notch.build/Release/WaveNotch.build/Objects-normal/x86_64/NowPlayingManagerScraper.o -index-unit-output-path /Notch.build/Release/WaveNotch.build/Objects-normal/x86_64/OnboardingWindowManager.o -index-unit-output-path /Notch.build/Release/WaveNotch.build/Objects-normal/x86_64/PluginManager.o -index-unit-output-path /Notch.build/Release/WaveNotch.build/Objects-normal/x86_64/SettingsWindowManager.o -index-unit-output-path /Notch.build/Release/WaveNotch.build/Objects-normal/x86_64/SpotifyAuthManager.o -index-unit-output-path /Notch.build/Release/WaveNotch.build/Objects-normal/x86_64/YouTubeMusicManager.o -index-unit-output-path /Notch.build/Release/WaveNotch.build/Objects-normal/x86_64/MediaModels.o -index-unit-output-path /Notch.build/Release/WaveNotch.build/Objects-normal/x86_64/PluginModel.o -index-unit-output-path /Notch.build/Release/WaveNotch.build/Objects-normal/x86_64/ContentView.o -index-unit-output-path /Notch.build/Release/WaveNotch.build/Objects-normal/x86_64/FileTrayWidget.o -index-unit-output-path /Notch.build/Release/WaveNotch.build/Objects-normal/x86_64/LyricsSearchView.o -index-unit-output-path /Notch.build/Release/WaveNotch.build/Objects-normal/x86_64/OnboardingView.o -index-unit-output-path /Notch.build/Release/WaveNotch.build/Objects-normal/x86_64/PlayerTabView.o -index-unit-output-path /Notch.build/Release/WaveNotch.build/Objects-normal/x86_64/PlaylistTabView.o -index-unit-output-path /Notch.build/Release/WaveNotch.build/Objects-normal/x86_64/PluginStoreView.o -index-unit-output-path /Notch.build/Release/WaveNotch.build/Objects-normal/x86_64/SettingsView.o -index-unit-output-path /Notch.build/Release/WaveNotch.build/Objects-normal/x86_64/TasksWidget.o -index-unit-output-path /Notch.build/Release/WaveNotch.build/Objects-normal/x86_64/WidgetFactoryView.o -index-unit-output-path /Notch.build/Release/WaveNotch.build/Objects-normal/x86_64/GeneratedAssetSymbols.o
Command SwiftCompile failed with a nonzero exit code
Please submit a bug report (https://swift.org/contributing/#reporting-bugs) and include the crash backtrace.
Stack dump:
0.	Program arguments: /Applications/Xcode.app/Contents/Developer/Toolchains/XcodeDefault.xctoolchain/usr/bin/swift-frontend -frontend -c /Users/jasonlee/Coding/App/Notch/Notch/App/AppShortcuts.swift /Users/jasonlee/Coding/App/Notch/Notch/App/FileDragDetector.swift /Users/jasonlee/Coding/App/Notch/Notch/App/NotchApp.swift /Users/jasonlee/Coding/App/Notch/Notch/Components/UIComponents.swift /Users/jasonlee/Coding/App/Notch/Notch/Extensions/Extensions.swift /Users/jasonlee/Coding/App/Notch/Notch/Managers/DashboardManager.swift /Users/jasonlee/Coding/App/Notch/Notch/Managers/GoogleCalendarManager.swift /Users/jasonlee/Coding/App/Notch/Notch/Managers/LyricsSearchWindowManager.swift /Users/jasonlee/Coding/App/Notch/Notch/Managers/NowPlayingManager.swift /Users/jasonlee/Coding/App/Notch/Notch/Managers/NowPlayingManagerControls.swift /Users/jasonlee/Coding/App/Notch/Notch/Managers/NowPlayingManagerLyrics.swift /Users/jasonlee/Coding/App/Notch/Notch/Managers/NowPlayingManagerScraper.swift /Users/jasonlee/Coding/App/Notch/Notch/Managers/OnboardingWindowManager.swift /Users/jasonlee/Coding/App/Notch/Notch/Managers/PluginManager.swift /Users/jasonlee/Coding/App/Notch/Notch/Managers/SettingsWindowManager.swift /Users/jasonlee/Coding/App/Notch/Notch/Managers/SpotifyAuthManager.swift /Users/jasonlee/Coding/App/Notch/Notch/Managers/YouTubeMusicManager.swift /Users/jasonlee/Coding/App/Notch/Notch/Models/MediaModels.swift /Users/jasonlee/Coding/App/Notch/Notch/Models/PluginModel.swift /Users/jasonlee/Coding/App/Notch/Notch/Views/ContentView.swift /Users/jasonlee/Coding/App/Notch/Notch/Views/FileTrayWidget.swift /Users/jasonlee/Coding/App/Notch/Notch/Views/LyricsSearchView.swift /Users/jasonlee/Coding/App/Notch/Notch/Views/OnboardingView.swift /Users/jasonlee/Coding/App/Notch/Notch/Views/PlayerTabView.swift /Users/jasonlee/Coding/App/Notch/Notch/Views/PlaylistTabView.swift /Users/jasonlee/Coding/App/Notch/Notch/Views/PluginStoreView.swift /Users/jasonlee/Coding/App/Notch/Notch/Views/SettingsView.swift /Users/jasonlee/Coding/App/Notch/Notch/Views/TasksWidget.swift /Users/jasonlee/Coding/App/Notch/Notch/Views/WidgetFactoryView.swift /Users/jasonlee/Library/Developer/Xcode/DerivedData/Notch-ddzsfiyxyoauidejndllmosklbkq/Build/Intermediates.noindex/Notch.build/Release/WaveNotch.build/DerivedSources/GeneratedAssetSymbols.swift -supplementary-output-file-map /Users/jasonlee/Library/Developer/Xcode/DerivedData/Notch-ddzsfiyxyoauidejndllmosklbkq/Build/Intermediates.noindex/Notch.build/Release/WaveNotch.build/Objects-normal/x86_64/supplementaryOutputs-7 -emit-localized-strings -emit-localized-strings-path /Users/jasonlee/Library/Developer/Xcode/DerivedData/Notch-ddzsfiyxyoauidejndllmosklbkq/Build/Intermediates.noindex/Notch.build/Release/WaveNotch.build/Objects-normal/x86_64 -target x86_64-apple-macos14.0 -module-can-import-version AppKit 2685.50.120 2685.50.120 -module-can-import-version DeveloperToolsSupport 23.40.26 23.40.26 -module-can-import-version SwiftUI 7.4.27 7.4.27 -disable-cross-import-overlay-search -swift-module-cross-import AuthenticationServices /Applications/Xcode.app/Contents/Developer/Platforms/MacOSX.platform/Developer/SDKs/MacOSX.sdk/System/Cryptexes/OS/System/Library/Frameworks/AuthenticationServices.framework/Modules/AuthenticationServices.swiftcrossimport/SwiftUI.swiftoverlay -swift-module-cross-import AuthenticationServices /Applications/Xcode.app/Contents/Developer/Platforms/MacOSX.platform/Developer/SDKs/MacOSX26.4.sdk/System/Library/Frameworks/AuthenticationServices.framework/Modules/AuthenticationServices.swiftcrossimport/SwiftUI.swiftoverlay -load-resolved-plugin /Applications/Xcode.app/Contents/Developer/Platforms/MacOSX.platform/Developer/usr/lib/swift/host/plugins/libFoundationMacros.dylib#/Applications/Xcode.app/Contents/Developer/Platforms/MacOSX.platform/Developer/usr/bin/swift-plugin-server#FoundationMacros -load-resolved-plugin /Applications/Xcode.app/Contents/Developer/Platforms/MacOSX.platform/Developer/usr/lib/swift/host/plugins/libObservationMacros.dylib#/Applications/Xcode.app/Contents/Developer/Platforms/MacOSX.platform/Developer/usr/bin/swift-plugin-server#ObservationMacros -load-resolved-plugin /Applications/Xcode.app/Contents/Developer/Platforms/MacOSX.platform/Developer/usr/lib/swift/host/plugins/libPreviewsMacros.dylib#/Applications/Xcode.app/Contents/Developer/Platforms/MacOSX.platform/Developer/usr/bin/swift-plugin-server#PreviewsMacros -load-resolved-plugin /Applications/Xcode.app/Contents/Developer/Platforms/MacOSX.platform/Developer/usr/lib/swift/host/plugins/libSwiftMacros.dylib#/Applications/Xcode.app/Contents/Developer/Platforms/MacOSX.platform/Developer/usr/bin/swift-plugin-server#SwiftMacros -load-resolved-plugin /Applications/Xcode.app/Contents/Developer/Platforms/MacOSX.platform/Developer/usr/lib/swift/host/plugins/libSwiftUIMacros.dylib#/Applications/Xcode.app/Contents/Developer/Platforms/MacOSX.platform/Developer/usr/bin/swift-plugin-server#SwiftUIMacros -disable-implicit-swift-modules -Xcc -fno-implicit-modules -Xcc -fno-implicit-module-maps -explicit-swift-module-map-file /Users/jasonlee/Library/Developer/Xcode/DerivedData/Notch-ddzsfiyxyoauidejndllmosklbkq/Build/Intermediates.noindex/Notch.build/Release/WaveNotch.build/Objects-normal/x86_64/WaveNotch-dependencies-1.json -debug-module-path /Users/jasonlee/Library/Developer/Xcode/DerivedData/Notch-ddzsfiyxyoauidejndllmosklbkq/Build/Intermediates.noindex/Notch.build/Release/WaveNotch.build/Objects-normal/x86_64/WaveNotch.swiftmodule -enable-objc-interop -stack-check -sdk /Applications/Xcode.app/Contents/Developer/Platforms/MacOSX.platform/Developer/SDKs/MacOSX26.4.sdk -I /Users/jasonlee/Library/Developer/Xcode/DerivedData/Notch-ddzsfiyxyoauidejndllmosklbkq/Build/Products/Release -F /Users/jasonlee/Library/Developer/Xcode/DerivedData/Notch-ddzsfiyxyoauidejndllmosklbkq/Build/Products/Release/PackageFrameworks -F /Users/jasonlee/Library/Developer/Xcode/DerivedData/Notch-ddzsfiyxyoauidejndllmosklbkq/Build/Products/Release/PackageFrameworks -F /Users/jasonlee/Library/Developer/Xcode/DerivedData/Notch-ddzsfiyxyoauidejndllmosklbkq/Build/Products/Release/PackageFrameworks -F /Users/jasonlee/Library/Developer/Xcode/DerivedData/Notch-ddzsfiyxyoauidejndllmosklbkq/Build/Products/Release/PackageFrameworks -F /Users/jasonlee/Library/Developer/Xcode/DerivedData/Notch-ddzsfiyxyoauidejndllmosklbkq/Build/Products/Release/PackageFrameworks -F /Users/jasonlee/Library/Developer/Xcode/DerivedData/Notch-ddzsfiyxyoauidejndllmosklbkq/Build/Products/Release -no-color-diagnostics -Xcc -fno-color-diagnostics -g -debug-info-format=dwarf -dwarf-version=4 -module-cache-path /Users/jasonlee/Library/Developer/Xcode/DerivedData/Notch-ddzsfiyxyoauidejndllmosklbkq/Build/Intermediates.noindex/SwiftExplicitPrecompiledModules -profile-generate -profile-coverage-mapping -swift-version 5 -O -serialize-debugging-options -const-gather-protocols-file /Users/jasonlee/Library/Developer/Xcode/DerivedData/Notch-ddzsfiyxyoauidejndllmosklbkq/Build/Intermediates.noindex/Notch.build/Release/WaveNotch.build/Objects-normal/x86_64/WaveNotch_const_extract_protocols.json -enable-upcoming-feature DisableOutwardActorInference -enable-upcoming-feature InferSendableFromCaptures -enable-upcoming-feature GlobalActorIsolatedTypesUsability -enable-upcoming-feature MemberImportVisibility -enable-upcoming-feature InferIsolatedConformances -enable-upcoming-feature NonisolatedNonsendingByDefault -enable-experimental-feature DebugDescriptionMacro -enable-bare-slash-regex -default-isolation=MainActor -empty-abi-descriptor -validate-clang-modules-once -clang-build-session-file /Users/jasonlee/Library/Developer/Xcode/DerivedData/ModuleCache.noindex/Session.modulevalidation -Xcc -working-directory -Xcc /Users/jasonlee/Coding/App/Notch -file-compilation-dir /Users/jasonlee/Coding/App/Notch -Xcc -fmodule-map-file=/Users/jasonlee/Library/Developer/Xcode/DerivedData/Notch-ddzsfiyxyoauidejndllmosklbkq/Build/Intermediates.noindex/GeneratedModuleMaps/CrashReporter.modulemap -Xcc -fmodule-map-file=/Users/jasonlee/Library/Developer/Xcode/DerivedData/Notch-ddzsfiyxyoauidejndllmosklbkq/Build/Intermediates.noindex/GeneratedModuleMaps/phlibwebp.modulemap -Xcc -ivfsstatcache -Xcc /Users/jasonlee/Library/Developer/Xcode/DerivedData/SDKStatCaches.noindex/macosx26.4-25E251-30f9ca8789b706f8bd3fc906a70d770f.sdkstatcache -Xcc -I/Users/jasonlee/Library/Developer/Xcode/DerivedData/Notch-ddzsfiyxyoauidejndllmosklbkq/Build/Intermediates.noindex/Notch.build/Release/WaveNotch.build/swift-overrides.hmap -Xcc -iquote -Xcc /Users/jasonlee/Library/Developer/Xcode/DerivedData/Notch-ddzsfiyxyoauidejndllmosklbkq/Build/Intermediates.noindex/Notch.build/Release/WaveNotch.build/WaveNotch-generated-files.hmap -Xcc -I/Users/jasonlee/Library/Developer/Xcode/DerivedData/Notch-ddzsfiyxyoauidejndllmosklbkq/Build/Intermediates.noindex/Notch.build/Release/WaveNotch.build/WaveNotch-own-target-headers.hmap -Xcc -I/Users/jasonlee/Library/Developer/Xcode/DerivedData/Notch-ddzsfiyxyoauidejndllmosklbkq/Build/Intermediates.noindex/Notch.build/Release/WaveNotch.build/WaveNotch-all-non-framework-target-headers.hmap -Xcc -ivfsoverlay -Xcc /Users/jasonlee/Library/Developer/Xcode/DerivedData/Notch-ddzsfiyxyoauidejndllmosklbkq/Build/Intermediates.noindex/Notch.build/Release/Notch-35fa6f496e3bd7a49f1f3aca2d298557-VFS/all-product-headers.yaml -Xcc -iquote -Xcc /Users/jasonlee/Library/Developer/Xcode/DerivedData/Notch-ddzsfiyxyoauidejndllmosklbkq/Build/Intermediates.noindex/Notch.build/Release/WaveNotch.build/WaveNotch-project-headers.hmap -Xcc -I/Users/jasonlee/Library/Developer/Xcode/DerivedData/Notch-ddzsfiyxyoauidejndllmosklbkq/SourcePackages/checkouts/plcrashreporter/include -Xcc -I/Users/jasonlee/Library/Developer/Xcode/DerivedData/Notch-ddzsfiyxyoauidejndllmosklbkq/SourcePackages/checkouts/posthog-ios/vendor/libwebp -Xcc -I/Users/jasonlee/Library/Developer/Xcode/DerivedData/Notch-ddzsfiyxyoauidejndllmosklbkq/Build/Products/Release/include -Xcc -I/Users/jasonlee/Library/Developer/Xcode/DerivedData/Notch-ddzsfiyxyoauidejndllmosklbkq/Build/Intermediates.noindex/Notch.build/Release/WaveNotch.build/DerivedSources-normal/x86_64 -Xcc -I/Users/jasonlee/Library/Developer/Xcode/DerivedData/Notch-ddzsfiyxyoauidejndllmosklbkq/Build/Intermediates.noindex/Notch.build/Release/WaveNotch.build/DerivedSources/x86_64 -Xcc -I/Users/jasonlee/Library/Developer/Xcode/DerivedData/Notch-ddzsfiyxyoauidejndllmosklbkq/Build/Intermediates.noindex/Notch.build/Release/WaveNotch.build/DerivedSources -no-auto-bridging-header-chaining -module-name WaveNotch -frontend-parseable-output -disable-clang-spi -clang-target x86_64-apple-macos26.4 -target-sdk-version 26.4 -target-sdk-name macosx26.4 -in-process-plugin-server-path /Applications/Xcode.app/Contents/Developer/Toolchains/XcodeDefault.xctoolchain/usr/lib/swift/host/libSwiftInProcPluginServer.dylib -enable-default-cmo -num-threads 12 -o /Users/jasonlee/Library/Developer/Xcode/DerivedData/Notch-ddzsfiyxyoauidejndllmosklbkq/Build/Intermediates.noindex/Notch.build/Release/WaveNotch.build/Objects-normal/x86_64/AppShortcuts.o -o /Users/jasonlee/Library/Developer/Xcode/DerivedData/Notch-ddzsfiyxyoauidejndllmosklbkq/Build/Intermediates.noindex/Notch.build/Release/WaveNotch.build/Objects-normal/x86_64/FileDragDetector.o -o /Users/jasonlee/Library/Developer/Xcode/DerivedData/Notch-ddzsfiyxyoauidejndllmosklbkq/Build/Intermediates.noindex/Notch.build/Release/WaveNotch.build/Objects-normal/x86_64/NotchApp.o -o /Users/jasonlee/Library/Developer/Xcode/DerivedData/Notch-ddzsfiyxyoauidejndllmosklbkq/Build/Intermediates.noindex/Notch.build/Release/WaveNotch.build/Objects-normal/x86_64/UIComponents.o -o /Users/jasonlee/Library/Developer/Xcode/DerivedData/Notch-ddzsfiyxyoauidejndllmosklbkq/Build/Intermediates.noindex/Notch.build/Release/WaveNotch.build/Objects-normal/x86_64/Extensions.o -o /Users/jasonlee/Library/Developer/Xcode/DerivedData/Notch-ddzsfiyxyoauidejndllmosklbkq/Build/Intermediates.noindex/Notch.build/Release/WaveNotch.build/Objects-normal/x86_64/DashboardManager.o -o /Users/jasonlee/Library/Developer/Xcode/DerivedData/Notch-ddzsfiyxyoauidejndllmosklbkq/Build/Intermediates.noindex/Notch.build/Release/WaveNotch.build/Objects-normal/x86_64/GoogleCalendarManager.o -o /Users/jasonlee/Library/Developer/Xcode/DerivedData/Notch-ddzsfiyxyoauidejndllmosklbkq/Build/Intermediates.noindex/Notch.build/Release/WaveNotch.build/Objects-normal/x86_64/LyricsSearchWindowManager.o -o /Users/jasonlee/Library/Developer/Xcode/DerivedData/Notch-ddzsfiyxyoauidejndllmosklbkq/Build/Intermediates.noindex/Notch.build/Release/WaveNotch.build/Objects-normal/x86_64/NowPlayingManager.o -o /Users/jasonlee/Library/Developer/Xcode/DerivedData/Notch-ddzsfiyxyoauidejndllmosklbkq/Build/Intermediates.noindex/Notch.build/Release/WaveNotch.build/Objects-normal/x86_64/NowPlayingManagerControls.o -o /Users/jasonlee/Library/Developer/Xcode/DerivedData/Notch-ddzsfiyxyoauidejndllmosklbkq/Build/Intermediates.noindex/Notch.build/Release/WaveNotch.build/Objects-normal/x86_64/NowPlayingManagerLyrics.o -o /Users/jasonlee/Library/Developer/Xcode/DerivedData/Notch-ddzsfiyxyoauidejndllmosklbkq/Build/Intermediates.noindex/Notch.build/Release/WaveNotch.build/Objects-normal/x86_64/NowPlayingManagerScraper.o -o /Users/jasonlee/Library/Developer/Xcode/DerivedData/Notch-ddzsfiyxyoauidejndllmosklbkq/Build/Intermediates.noindex/Notch.build/Release/WaveNotch.build/Objects-normal/x86_64/OnboardingWindowManager.o -o /Users/jasonlee/Library/Developer/Xcode/DerivedData/Notch-ddzsfiyxyoauidejndllmosklbkq/Build/Intermediates.noindex/Notch.build/Release/WaveNotch.build/Objects-normal/x86_64/PluginManager.o -o /Users/jasonlee/Library/Developer/Xcode/DerivedData/Notch-ddzsfiyxyoauidejndllmosklbkq/Build/Intermediates.noindex/Notch.build/Release/WaveNotch.build/Objects-normal/x86_64/SettingsWindowManager.o -o /Users/jasonlee/Library/Developer/Xcode/DerivedData/Notch-ddzsfiyxyoauidejndllmosklbkq/Build/Intermediates.noindex/Notch.build/Release/WaveNotch.build/Objects-normal/x86_64/SpotifyAuthManager.o -o /Users/jasonlee/Library/Developer/Xcode/DerivedData/Notch-ddzsfiyxyoauidejndllmosklbkq/Build/Intermediates.noindex/Notch.build/Release/WaveNotch.build/Objects-normal/x86_64/YouTubeMusicManager.o -o /Users/jasonlee/Library/Developer/Xcode/DerivedData/Notch-ddzsfiyxyoauidejndllmosklbkq/Build/Intermediates.noindex/Notch.build/Release/WaveNotch.build/Objects-normal/x86_64/MediaModels.o -o /Users/jasonlee/Library/Developer/Xcode/DerivedData/Notch-ddzsfiyxyoauidejndllmosklbkq/Build/Intermediates.noindex/Notch.build/Release/WaveNotch.build/Objects-normal/x86_64/PluginModel.o -o /Users/jasonlee/Library/Developer/Xcode/DerivedData/Notch-ddzsfiyxyoauidejndllmosklbkq/Build/Intermediates.noindex/Notch.build/Release/WaveNotch.build/Objects-normal/x86_64/ContentView.o -o /Users/jasonlee/Library/Developer/Xcode/DerivedData/Notch-ddzsfiyxyoauidejndllmosklbkq/Build/Intermediates.noindex/Notch.build/Release/WaveNotch.build/Objects-normal/x86_64/FileTrayWidget.o -o /Users/jasonlee/Library/Developer/Xcode/DerivedData/Notch-ddzsfiyxyoauidejndllmosklbkq/Build/Intermediates.noindex/Notch.build/Release/WaveNotch.build/Objects-normal/x86_64/LyricsSearchView.o -o /Users/jasonlee/Library/Developer/Xcode/DerivedData/Notch-ddzsfiyxyoauidejndllmosklbkq/Build/Intermediates.noindex/Notch.build/Release/WaveNotch.build/Objects-normal/x86_64/OnboardingView.o -o /Users/jasonlee/Library/Developer/Xcode/DerivedData/Notch-ddzsfiyxyoauidejndllmosklbkq/Build/Intermediates.noindex/Notch.build/Release/WaveNotch.build/Objects-normal/x86_64/PlayerTabView.o -o /Users/jasonlee/Library/Developer/Xcode/DerivedData/Notch-ddzsfiyxyoauidejndllmosklbkq/Build/Intermediates.noindex/Notch.build/Release/WaveNotch.build/Objects-normal/x86_64/PlaylistTabView.o -o /Users/jasonlee/Library/Developer/Xcode/DerivedData/Notch-ddzsfiyxyoauidejndllmosklbkq/Build/Intermediates.noindex/Notch.build/Release/WaveNotch.build/Objects-normal/x86_64/PluginStoreView.o -o /Users/jasonlee/Library/Developer/Xcode/DerivedData/Notch-ddzsfiyxyoauidejndllmosklbkq/Build/Intermediates.noindex/Notch.build/Release/WaveNotch.build/Objects-normal/x86_64/SettingsView.o -o /Users/jasonlee/Library/Developer/Xcode/DerivedData/Notch-ddzsfiyxyoauidejndllmosklbkq/Build/Intermediates.noindex/Notch.build/Release/WaveNotch.build/Objects-normal/x86_64/TasksWidget.o -o /Users/jasonlee/Library/Developer/Xcode/DerivedData/Notch-ddzsfiyxyoauidejndllmosklbkq/Build/Intermediates.noindex/Notch.build/Release/WaveNotch.build/Objects-normal/x86_64/WidgetFactoryView.o -o /Users/jasonlee/Library/Developer/Xcode/DerivedData/Notch-ddzsfiyxyoauidejndllmosklbkq/Build/Intermediates.noindex/Notch.build/Release/WaveNotch.build/Objects-normal/x86_64/GeneratedAssetSymbols.o -index-unit-output-path /Notch.build/Release/WaveNotch.build/Objects-normal/x86_64/AppShortcuts.o -index-unit-output-path /Notch.build/Release/WaveNotch.build/Objects-normal/x86_64/FileDragDetector.o -index-unit-output-path /Notch.build/Release/WaveNotch.build/Objects-normal/x86_64/NotchApp.o -index-unit-output-path /Notch.build/Release/WaveNotch.build/Objects-normal/x86_64/UIComponents.o -index-unit-output-path /Notch.build/Release/WaveNotch.build/Objects-normal/x86_64/Extensions.o -index-unit-output-path /Notch.build/Release/WaveNotch.build/Objects-normal/x86_64/DashboardManager.o -index-unit-output-path /Notch.build/Release/WaveNotch.build/Objects-normal/x86_64/GoogleCalendarManager.o -index-unit-output-path /Notch.build/Release/WaveNotch.build/Objects-normal/x86_64/LyricsSearchWindowManager.o -index-unit-output-path /Notch.build/Release/WaveNotch.build/Objects-normal/x86_64/NowPlayingManager.o -index-unit-output-path /Notch.build/Release/WaveNotch.build/Objects-normal/x86_64/NowPlayingManagerControls.o -index-unit-output-path /Notch.build/Release/WaveNotch.build/Objects-normal/x86_64/NowPlayingManagerLyrics.o -index-unit-output-path /Notch.build/Release/WaveNotch.build/Objects-normal/x86_64/NowPlayingManagerScraper.o -index-unit-output-path /Notch.build/Release/WaveNotch.build/Objects-normal/x86_64/OnboardingWindowManager.o -index-unit-output-path /Notch.build/Release/WaveNotch.build/Objects-normal/x86_64/PluginManager.o -index-unit-output-path /Notch.build/Release/WaveNotch.build/Objects-normal/x86_64/SettingsWindowManager.o -index-unit-output-path /Notch.build/Release/WaveNotch.build/Objects-normal/x86_64/SpotifyAuthManager.o -index-unit-output-path /Notch.build/Release/WaveNotch.build/Objects-normal/x86_64/YouTubeMusicManager.o -index-unit-output-path /Notch.build/Release/WaveNotch.build/Objects-normal/x86_64/MediaModels.o -index-unit-output-path /Notch.build/Release/WaveNotch.build/Objects-normal/x86_64/PluginModel.o -index-unit-output-path /Notch.build/Release/WaveNotch.build/Objects-normal/x86_64/ContentView.o -index-unit-output-path /Notch.build/Release/WaveNotch.build/Objects-normal/x86_64/FileTrayWidget.o -index-unit-output-path /Notch.build/Release/WaveNotch.build/Objects-normal/x86_64/LyricsSearchView.o -index-unit-output-path /Notch.build/Release/WaveNotch.build/Objects-normal/x86_64/OnboardingView.o -index-unit-output-path /Notch.build/Release/WaveNotch.build/Objects-normal/x86_64/PlayerTabView.o -index-unit-output-path /Notch.build/Release/WaveNotch.build/Objects-normal/x86_64/PlaylistTabView.o -index-unit-output-path /Notch.build/Release/WaveNotch.build/Objects-normal/x86_64/PluginStoreView.o -index-unit-output-path /Notch.build/Release/WaveNotch.build/Objects-normal/x86_64/SettingsView.o -index-unit-output-path /Notch.build/Release/WaveNotch.build/Objects-normal/x86_64/TasksWidget.o -index-unit-output-path /Notch.build/Release/WaveNotch.build/Objects-normal/x86_64/WidgetFactoryView.o -index-unit-output-path /Notch.build/Release/WaveNotch.build/Objects-normal/x86_64/GeneratedAssetSymbols.o
1.	Apple Swift version 6.3.1 (swiftlang-6.3.1.1.2 clang-2100.0.123.102)
2.	Compiling with effective version 5.10
3.	While evaluating request ExecuteSILPipelineRequest(Run pipelines { PrepareOptimizationPasses, EarlyModulePasses, HighLevel,Function+EarlyLoopOpt, HighLevel,Module+StackPromote, MidLevel,Function, ClosureSpecialize, LowLevel,Function, LateLoopOpt, SIL Debug Info Generator } on SIL for WaveNotch)
4.	While running pass #173367 SILFunctionTransform "EarlyPerfInliner" on SILFunction "@$s9WaveNotch15DropHostingViewCfD".
 for 'deinit' (at /Users/jasonlee/Coding/App/Notch/Notch/App/NotchApp.swift:230:13)
Stack dump without symbol names (ensure you have llvm-symbolizer in your PATH or set the environment var `LLVM_SYMBOLIZER_PATH` to point to it):
0  swift-frontend           0x00000001097e0234 llvm::sys::PrintStackTrace(llvm::raw_ostream&, int) + 56
1  swift-frontend           0x00000001097dd6d4 llvm::sys::RunSignalHandlers() + 172
2  swift-frontend           0x00000001097e0824 SignalHandler(int, __siginfo*, void*) + 356
3  libsystem_platform.dylib 0x000000018febd7a4 _sigtramp + 56
4  swift-frontend           0x000000010446eaf4 isCallerAndCalleeLayoutConstraintsCompatible(swift::FullApplySite) + 236
5  swift-frontend           0x000000010446eaf4 isCallerAndCalleeLayoutConstraintsCompatible(swift::FullApplySite) + 236
6  swift-frontend           0x000000010446e698 swift::getEligibleFunction(swift::FullApplySite, swift::InlineSelection, swift::IsSelfRecursiveAnalysis*) + 1988
7  swift-frontend           0x000000010432c188 (anonymous namespace)::SILPerformanceInliner::collectAppliesToInline(swift::SILFunction*, llvm::SmallVectorImpl<swift::FullApplySite>&) + 1340
8  swift-frontend           0x000000010432b4d4 (anonymous namespace)::SILPerformanceInlinerPass::run() + 680
9  swift-frontend           0x000000010427d228 swift::SILPassManager::runFunctionPasses(unsigned int, unsigned int) + 3256
10 swift-frontend           0x0000000104275c44 swift::SILPassManager::executePassPipelinePlan(swift::SILPassPipelinePlan const&) + 228
11 swift-frontend           0x000000010428e388 swift::SimpleRequest<swift::ExecuteSILPipelineRequest, std::__1::tuple<> (swift::SILPipelineExecutionDescriptor), (swift::RequestFlags)1>::evaluateRequest(swift::ExecuteSILPipelineRequest const&, swift::Evaluator&) + 48
12 swift-frontend           0x000000010427fd14 swift::ExecuteSILPipelineRequest::OutputType swift::Evaluator::getResultUncached<swift::ExecuteSILPipelineRequest, swift::ExecuteSILPipelineRequest::OutputType swift::evaluateOrFatal<swift::ExecuteSILPipelineRequest>(swift::Evaluator&, swift::ExecuteSILPipelineRequest)::'lambda'()>(swift::ExecuteSILPipelineRequest const&, swift::ExecuteSILPipelineRequest::OutputType swift::evaluateOrFatal<swift::ExecuteSILPipelineRequest>(swift::Evaluator&, swift::ExecuteSILPipelineRequest)::'lambda'()) + 388
13 swift-frontend           0x00000001042824d4 swift::runSILOptimizationPasses(swift::SILModule&) + 464
14 swift-frontend           0x0000000103767ba0 swift::CompilerInstance::performSILProcessing(swift::SILModule*) + 1148
15 swift-frontend           0x000000010334b538 performCompileStepsPostSILGen(swift::CompilerInstance&, std::__1::unique_ptr<swift::SILModule, std::__1::default_delete<swift::SILModule>>, llvm::PointerUnion<swift::ModuleDecl*, swift::SourceFile*>, swift::PrimarySpecificPaths const&, int&, swift::FrontendObserver*, llvm::ArrayRef<char const*>) + 1440
16 swift-frontend           0x000000010334addc swift::performCompileStepsPostSema(swift::CompilerInstance&, int&, swift::FrontendObserver*, llvm::ArrayRef<char const*>) + 4560
17 swift-frontend           0x000000010334f9c0 performCompile(swift::CompilerInstance&, int&, swift::FrontendObserver*, llvm::ArrayRef<char const*>) + 1740
18 swift-frontend           0x000000010334c728 swift::performFrontend(llvm::ArrayRef<char const*>, char const*, void*, swift::FrontendObserver*) + 3308
19 swift-frontend           0x00000001032cc334 swift::mainEntry(int, char const**) + 5224
20 dyld                     0x000000018faf7da4 start + 6992
Failed frontend command:
SwiftCompile normal arm64 Compiling\ AppShortcuts.swift,\ FileDragDetector.swift,\ NotchApp.swift,\ UIComponents.swift,\ Extensions.swift,\ DashboardManager.swift,\ GoogleCalendarManager.swift,\ LyricsSearchWindowManager.swift,\ NowPlayingManager.swift,\ NowPlayingManagerControls.swift,\ NowPlayingManagerLyrics.swift,\ NowPlayingManagerScraper.swift,\ OnboardingWindowManager.swift,\ PluginManager.swift,\ SettingsWindowManager.swift,\ SpotifyAuthManager.swift,\ YouTubeMusicManager.swift,\ MediaModels.swift,\ PluginModel.swift,\ ContentView.swift,\ FileTrayWidget.swift,\ LyricsSearchView.swift,\ OnboardingView.swift,\ PlayerTabView.swift,\ PlaylistTabView.swift,\ PluginStoreView.swift,\ SettingsView.swift,\ TasksWidget.swift,\ WidgetFactoryView.swift,\ GeneratedAssetSymbols.swift /Users/jasonlee/Coding/App/Notch/Notch/App/AppShortcuts.swift /Users/jasonlee/Coding/App/Notch/Notch/App/FileDragDetector.swift /Users/jasonlee/Coding/App/Notch/Notch/App/NotchApp.swift /Users/jasonlee/Coding/App/Notch/Notch/Components/UIComponents.swift /Users/jasonlee/Coding/App/Notch/Notch/Extensions/Extensions.swift /Users/jasonlee/Coding/App/Notch/Notch/Managers/DashboardManager.swift /Users/jasonlee/Coding/App/Notch/Notch/Managers/GoogleCalendarManager.swift /Users/jasonlee/Coding/App/Notch/Notch/Managers/LyricsSearchWindowManager.swift /Users/jasonlee/Coding/App/Notch/Notch/Managers/NowPlayingManager.swift /Users/jasonlee/Coding/App/Notch/Notch/Managers/NowPlayingManagerControls.swift /Users/jasonlee/Coding/App/Notch/Notch/Managers/NowPlayingManagerLyrics.swift /Users/jasonlee/Coding/App/Notch/Notch/Managers/NowPlayingManagerScraper.swift /Users/jasonlee/Coding/App/Notch/Notch/Managers/OnboardingWindowManager.swift /Users/jasonlee/Coding/App/Notch/Notch/Managers/PluginManager.swift /Users/jasonlee/Coding/App/Notch/Notch/Managers/SettingsWindowManager.swift /Users/jasonlee/Coding/App/Notch/Notch/Managers/SpotifyAuthManager.swift /Users/jasonlee/Coding/App/Notch/Notch/Managers/YouTubeMusicManager.swift /Users/jasonlee/Coding/App/Notch/Notch/Models/MediaModels.swift /Users/jasonlee/Coding/App/Notch/Notch/Models/PluginModel.swift /Users/jasonlee/Coding/App/Notch/Notch/Views/ContentView.swift /Users/jasonlee/Coding/App/Notch/Notch/Views/FileTrayWidget.swift /Users/jasonlee/Coding/App/Notch/Notch/Views/LyricsSearchView.swift /Users/jasonlee/Coding/App/Notch/Notch/Views/OnboardingView.swift /Users/jasonlee/Coding/App/Notch/Notch/Views/PlayerTabView.swift /Users/jasonlee/Coding/App/Notch/Notch/Views/PlaylistTabView.swift /Users/jasonlee/Coding/App/Notch/Notch/Views/PluginStoreView.swift /Users/jasonlee/Coding/App/Notch/Notch/Views/SettingsView.swift /Users/jasonlee/Coding/App/Notch/Notch/Views/TasksWidget.swift /Users/jasonlee/Coding/App/Notch/Notch/Views/WidgetFactoryView.swift /Users/jasonlee/Library/Developer/Xcode/DerivedData/Notch-ddzsfiyxyoauidejndllmosklbkq/Build/Intermediates.noindex/Notch.build/Release/WaveNotch.build/DerivedSources/GeneratedAssetSymbols.swift /Applications/Xcode.app/Contents/Developer/Toolchains/XcodeDefault.xctoolchain/usr/lib/swift/macosx/prebuilt-modules/26.4/CoreImage.swiftmodule/arm64e-apple-macos.swiftmodule /Users/jasonlee/Library/Developer/Xcode/DerivedData/Notch-ddzsfiyxyoauidejndllmosklbkq/Build/Products/Release/KeyboardShortcuts.swiftmodule/arm64-apple-macos.swiftmodule /Applications/Xcode.app/Contents/Developer/Toolchains/XcodeDefault.xctoolchain/usr/lib/swift/macosx/prebuilt-modules/26.4/Combine.swiftmodule/arm64e-apple-macos.swiftmodule /Applications/Xcode.app/Contents/Developer/Toolchains/XcodeDefault.xctoolchain/usr/lib/swift/macosx/prebuilt-modules/26.4/DataDetection.swiftmodule/arm64e-apple-macos.swiftmodule /Applications/Xcode.app/Contents/Developer/Toolchains/XcodeDefault.xctoolchain/usr/lib/swift/macosx/prebuilt-modules/26.4/_DarwinFoundation2.swiftmodule/arm64e-apple-macos.swiftmodule /Applications/Xcode.app/Contents/Developer/Toolchains/XcodeDefault.xctoolchain/usr/lib/swift/macosx/prebuilt-modules/26.4/SwiftUICore.swiftmodule/arm64e-apple-macos.swiftmodule /Applications/Xcode.app/Contents/Developer/Toolchains/XcodeDefault.xctoolchain/usr/lib/swift/macosx/prebuilt-modules/26.4/Dispatch.swiftmodule/arm64e-apple-macos.swiftmodule /Applications/Xcode.app/Contents/Developer/Toolchains/XcodeDefault.xctoolchain/usr/lib/swift/macosx/prebuilt-modules/26.4/_StringProcessing.swiftmodule/arm64e-apple-macos.swiftmodule /Applications/Xcode.app/Contents/Developer/Toolchains/XcodeDefault.xctoolchain/usr/lib/swift/macosx/prebuilt-modules/26.4/CryptoKit.swiftmodule/arm64e-apple-macos.swiftmodule /Applications/Xcode.app/Contents/Developer/Toolchains/XcodeDefault.xctoolchain/usr/lib/swift/macosx/prebuilt-modules/26.4/AuthenticationServices.swiftmodule/arm64e-apple-macos.swiftmodule /Applications/Xcode.app/Contents/Developer/Toolchains/XcodeDefault.xctoolchain/usr/lib/swift/macosx/prebuilt-modules/26.4/System.swiftmodule/arm64e-apple-macos.swiftmodule /Applications/Xcode.app/Contents/Developer/Toolchains/XcodeDefault.xctoolchain/usr/lib/swift/macosx/prebuilt-modules/26.4/QuartzCore.swiftmodule/arm64e-apple-macos.swiftmodule /Applications/Xcode.app/Contents/Developer/Toolchains/XcodeDefault.xctoolchain/usr/lib/swift/macosx/prebuilt-modules/26.4/CoreVideo.swiftmodule/arm64e-apple-macos.swiftmodule /Applications/Xcode.app/Contents/Developer/Toolchains/XcodeDefault.xctoolchain/usr/lib/swift/macosx/prebuilt-modules/26.4/_DarwinFoundation1.swiftmodule/arm64e-apple-macos.swiftmodule /Applications/Xcode.app/Contents/Developer/Toolchains/XcodeDefault.xctoolchain/usr/lib/swift/macosx/prebuilt-modules/26.4/IOKit.swiftmodule/arm64e-apple-macos.swiftmodule /Applications/Xcode.app/Contents/Developer/Toolchains/XcodeDefault.xctoolchain/usr/lib/swift/macosx/prebuilt-modules/26.4/CoreLocation.swiftmodule/arm64e-apple-macos.swiftmodule /Applications/Xcode.app/Contents/Developer/Toolchains/XcodeDefault.xctoolchain/usr/lib/swift/macosx/prebuilt-modules/26.4/Symbols.swiftmodule/arm64e-apple-macos.swiftmodule /Applications/Xcode.app/Contents/Developer/Toolchains/XcodeDefault.xctoolchain/usr/lib/swift/macosx/prebuilt-modules/26.4/os.swiftmodule/arm64e-apple-macos.swiftmodule /Applications/Xcode.app/Contents/Developer/Toolchains/XcodeDefault.xctoolchain/usr/lib/swift/macosx/prebuilt-modules/26.4/_Concurrency.swiftmodule/arm64e-apple-macos.swiftmodule /Applications/Xcode.app/Contents/Developer/Toolchains/XcodeDefault.xctoolchain/usr/lib/swift/macosx/prebuilt-modules/26.4/AppKit.swiftmodule/arm64e-apple-macos.swiftmodule /Users/jasonlee/Library/Developer/Xcode/DerivedData/Notch-ddzsfiyxyoauidejndllmosklbkq/Build/Products/Release/PostHog.swiftmodule/arm64-apple-macos.swiftmodule /Applications/Xcode.app/Contents/Developer/Toolchains/XcodeDefault.xctoolchain/usr/lib/swift/macosx/prebuilt-modules/26.4/UniformTypeIdentifiers.swiftmodule/arm64e-apple-macos.swiftmodule /Users/jasonlee/Library/Developer/Xcode/DerivedData/Notch-ddzsfiyxyoauidejndllmosklbkq/Build/Products/Release/SkyLightWindow.swiftmodule/arm64-apple-macos.swiftmodule /Applications/Xcode.app/Contents/Developer/Toolchains/XcodeDefault.xctoolchain/usr/lib/swift/macosx/prebuilt-modules/26.4/_AuthenticationServices_SwiftUI.swiftmodule/arm64e-apple-macos.swiftmodule /Applications/Xcode.app/Contents/Developer/Toolchains/XcodeDefault.xctoolchain/usr/lib/swift/macosx/prebuilt-modules/26.4/CoreGraphics.swiftmodule/arm64e-apple-macos.swiftmodule /Applications/Xcode.app/Contents/Developer/Toolchains/XcodeDefault.xctoolchain/usr/lib/swift/macosx/prebuilt-modules/26.4/simd.swiftmodule/arm64e-apple-macos.swiftmodule /Applications/Xcode.app/Contents/Developer/Toolchains/XcodeDefault.xctoolchain/usr/lib/swift/macosx/prebuilt-modules/26.4/ObjectiveC.swiftmodule/arm64e-apple-macos.swiftmodule /Applications/Xcode.app/Contents/Developer/Toolchains/XcodeDefault.xctoolchain/usr/lib/swift/macosx/prebuilt-modules/26.4/Swift.swiftmodule/arm64e-apple-macos.swiftmodule /Applications/Xcode.app/Contents/Developer/Toolchains/XcodeDefault.xctoolchain/usr/lib/swift/macosx/prebuilt-modules/26.4/_Builtin_float.swiftmodule/arm64e-apple-macos.swiftmodule /Applications/Xcode.app/Contents/Developer/Toolchains/XcodeDefault.xctoolchain/usr/lib/swift/macosx/prebuilt-modules/26.4/XPC.swiftmodule/arm64e-apple-macos.swiftmodule /Applications/Xcode.app/Contents/Developer/Toolchains/XcodeDefault.xctoolchain/usr/lib/swift/macosx/prebuilt-modules/26.4/Foundation.swiftmodule/arm64e-apple-macos.swiftmodule /Applications/Xcode.app/Contents/Developer/Toolchains/XcodeDefault.xctoolchain/usr/lib/swift/macosx/prebuilt-modules/26.4/Darwin.swiftmodule/arm64e-apple-macos.swiftmodule /Applications/Xcode.app/Contents/Developer/Toolchains/XcodeDefault.xctoolchain/usr/lib/swift/macosx/prebuilt-modules/26.4/LocalAuthentication.swiftmodule/arm64e-apple-macos.swiftmodule /Applications/Xcode.app/Contents/Developer/Toolchains/XcodeDefault.xctoolchain/usr/lib/swift/macosx/prebuilt-modules/26.4/_DarwinFoundation3.swiftmodule/arm64e-apple-macos.swiftmodule /Applications/Xcode.app/Contents/Developer/Toolchains/XcodeDefault.xctoolchain/usr/lib/swift/macosx/prebuilt-modules/26.4/Metal.swiftmodule/arm64e-apple-macos.swiftmodule /Applications/Xcode.app/Contents/Developer/Toolchains/XcodeDefault.xctoolchain/usr/lib/swift/macosx/prebuilt-modules/26.4/CoreData.swiftmodule/arm64e-apple-macos.swiftmodule /Applications/Xcode.app/Contents/Developer/Toolchains/XcodeDefault.xctoolchain/usr/lib/swift/macosx/prebuilt-modules/26.4/CoreTransferable.swiftmodule/arm64e-apple-macos.swiftmodule /Applications/Xcode.app/Contents/Developer/Toolchains/XcodeDefault.xctoolchain/usr/lib/swift/macosx/prebuilt-modules/26.4/CoreText.swiftmodule/arm64e-apple-macos.swiftmodule /Applications/Xcode.app/Contents/Developer/Toolchains/XcodeDefault.xctoolchain/usr/lib/swift/macosx/prebuilt-modules/26.4/Observation.swiftmodule/arm64e-apple-macos.swiftmodule /Applications/Xcode.app/Contents/Developer/Toolchains/XcodeDefault.xctoolchain/usr/lib/swift/macosx/prebuilt-modules/26.4/Spatial.swiftmodule/arm64e-apple-macos.swiftmodule /Applications/Xcode.app/Contents/Developer/Toolchains/XcodeDefault.xctoolchain/usr/lib/swift/macosx/prebuilt-modules/26.4/SwiftUI.swiftmodule/arm64e-apple-macos.swiftmodule /Applications/Xcode.app/Contents/Developer/Toolchains/XcodeDefault.xctoolchain/usr/lib/swift/macosx/prebuilt-modules/26.4/Accessibility.swiftmodule/arm64e-apple-macos.swiftmodule /Applications/Xcode.app/Contents/Developer/Toolchains/XcodeDefault.xctoolchain/usr/lib/swift/macosx/prebuilt-modules/26.4/CoreFoundation.swiftmodule/arm64e-apple-macos.swiftmodule /Applications/Xcode.app/Contents/Developer/Toolchains/XcodeDefault.xctoolchain/usr/lib/swift/macosx/prebuilt-modules/26.4/OSLog.swiftmodule/arm64e-apple-macos.swiftmodule /Applications/Xcode.app/Contents/Developer/Toolchains/XcodeDefault.xctoolchain/usr/lib/swift/macosx/prebuilt-modules/26.4/DeveloperToolsSupport.swiftmodule/arm64e-apple-macos.swiftmodule /Users/jasonlee/Library/Developer/Xcode/DerivedData/ModuleCache.noindex/_Builtin_stdint-9IJP465CM74FLD8D8DFWDOLN.pcm /Users/jasonlee/Library/Developer/Xcode/DerivedData/Notch-ddzsfiyxyoauidejndllmosklbkq/Build/Intermediates.noindex/SwiftExplicitPrecompiledModules/CrashReporter-CZCR14JTITIPJ5VSVXSS5FFRZ.pcm /Users/jasonlee/Library/Developer/Xcode/DerivedData/ModuleCache.noindex/libkern-D1YQUGR5A0WWTI9OU2PTJTYMB.pcm /Users/jasonlee/Library/Developer/Xcode/DerivedData/ModuleCache.noindex/MachO-3JXOMDF0ENNW4IH06RJBB6YVB.pcm /Users/jasonlee/Library/Developer/Xcode/DerivedData/ModuleCache.noindex/QuartzCore-7MFYV4N8PPDNE2IE1HF07PYFR.pcm /Users/jasonlee/Library/Developer/Xcode/DerivedData/ModuleCache.noindex/os_workgroup-1990R5RFR0R2WKF2H6N56E26R.pcm /Users/jasonlee/Library/Developer/Xcode/DerivedData/ModuleCache.noindex/simd-8QVX1PK0SE50E8MFMOARB8S6K.pcm /Users/jasonlee/Library/Developer/Xcode/DerivedData/ModuleCache.noindex/IOKit-68BHXA76N9O4ERKVCS2CQT3ZD.pcm /Users/jasonlee/Library/Developer/Xcode/DerivedData/ModuleCache.noindex/Accessibility-7EVVA03MJ9MG4L4P55NCK5LOX.pcm /Users/jasonlee/Library/Developer/Xcode/DerivedData/ModuleCache.noindex/CoreGraphics-3NJF6SQJCB7N3L663G6J9LZAX.pcm /Users/jasonlee/Library/Developer/Xcode/DerivedData/ModuleCache.noindex/AuthenticationServices-62BR3RSRKR1XLQVU5CIGOOIVG.pcm /Users/jasonlee/Library/Developer/Xcode/DerivedData/ModuleCache.noindex/CoreLocation-DPHAN2RSHN73T8YGNVC7USRBO.pcm /Users/jasonlee/Library/Developer/Xcode/DerivedData/ModuleCache.noindex/sys_types-1BWWQYWDTN5ZVHOHZTEIUMDZM.pcm /Users/jasonlee/Library/Developer/Xcode/DerivedData/ModuleCache.noindex/Dispatch-1FU4E1C0NWQE3MSBSYXKKRASI.pcm /Users/jasonlee/Library/Developer/Xcode/DerivedData/ModuleCache.noindex/Cocoa-1CW7R5MRFRZ4HPHGPW5DGN31Y.pcm /Users/jasonlee/Library/Developer/Xcode/DerivedData/ModuleCache.noindex/libDER-6FDJRPXUGPOXUM6ZU8CZJ212.pcm /Users/jasonlee/Library/Developer/Xcode/DerivedData/ModuleCache.noindex/_Builtin_stddef-8L14XJ0O02VRM476NMHQG437D.pcm /Users/jasonlee/Library/Developer/Xcode/DerivedData/ModuleCache.noindex/os-511K0FHU1B2NAGUXFZ5E5WHYL.pcm /Users/jasonlee/Library/Developer/Xcode/DerivedData/ModuleCache.noindex/SwiftShims-B394M63I8WUHQSUJ6P73SNN5F.pcm /Users/jasonlee/Library/Developer/Xcode/DerivedData/ModuleCache.noindex/_Builtin_inttypes-7SYT95NP5UD87I5Z2IOLUZCKQ.pcm /Users/jasonlee/Library/Developer/Xcode/DerivedData/ModuleCache.noindex/_Builtin_tgmath-15ZFZW4XEK1AWKHGKTX6OFDTD.pcm /Users/jasonlee/Library/Developer/Xcode/DerivedData/ModuleCache.noindex/Foundation-C69JLX6RXFIU2UAA1DVJUPKS9.pcm /Users/jasonlee/Library/Developer/Xcode/DerivedData/ModuleCache.noindex/SystemConfiguration-CHKG3520JBGMKIU2U3H5SUPL7.pcm /Users/jasonlee/Library/Developer/Xcode/DerivedData/ModuleCache.noindex/Carbon-2U2X7BLOER1POHQDW5RAW7IIQ.pcm /Users/jasonlee/Library/Developer/Xcode/DerivedData/ModuleCache.noindex/CoreTransferable-ADD1W8XVJB0RCXWK2KTHE2YAE.pcm /Users/jasonlee/Library/Developer/Xcode/DerivedData/ModuleCache.noindex/Darwin-5AQHPMUJET7Q29U88HGQ333MN.pcm /Users/jasonlee/Library/Developer/Xcode/DerivedData/ModuleCache.noindex/launch-75LH9MTZMMG3VOS7KQT88KFOW.pcm /Users/jasonlee/Library/Developer/Xcode/DerivedData/ModuleCache.noindex/zlib-BJZ7MLSQT5ZRC78DEPU3TKMRA.pcm /Users/jasonlee/Library/Developer/Xcode/DerivedData/ModuleCache.noindex/OpenGL-4X881BCXIM2T2ALJBW6OF835V.pcm /Users/jasonlee/Library/Developer/Xcode/DerivedData/ModuleCache.noindex/XPC-7110SRAI8H15JDN34UE3AH0CU.pcm /Users/jasonlee/Library/Developer/Xcode/DerivedData/ModuleCache.noindex/_Builtin_stdbool-1DNOP95WPFRVCIPM2IC31D2WQ.pcm /Users/jasonlee/Library/Developer/Xcode/DerivedData/ModuleCache.noindex/_DarwinFoundation3-9614517CIUXHQR6D9VPV5B3DW.pcm /Users/jasonlee/Library/Developer/Xcode/DerivedData/ModuleCache.noindex/_Builtin_stdatomic-8AY5TSSBANUC7ZXVHPZ9HXIZ1.pcm /Users/jasonlee/Library/Developer/Xcode/DerivedData/ModuleCache.noindex/DiskArbitration-AQMYFQ1FYQL5EQ616JJJ4F517.pcm /Users/jasonlee/Library/Developer/Xcode/DerivedData/ModuleCache.noindex/os_object-2NLXZ5QHOB31VSLZQEIRA1UG8.pcm /Users/jasonlee/Library/Developer/Xcode/DerivedData/ModuleCache.noindex/ObjectiveC-Q8PXG0LRXCZ3PTFVW2KQRMNE.pcm /Users/jasonlee/Library/Developer/Xcode/DerivedData/ModuleCache.noindex/ServiceManagement-DGMIT0RAMWXLDLFDY65LEJX8N.pcm /Users/jasonlee/Library/Developer/Xcode/DerivedData/ModuleCache.noindex/_DarwinFoundation1-1FP06WZNM6PI5VML24RSJSA8O.pcm /Users/jasonlee/Library/Developer/Xcode/DerivedData/ModuleCache.noindex/Symbols-5R9ZC5W0KV57OLHBPL9K0MTVU.pcm /Users/jasonlee/Library/Developer/Xcode/DerivedData/ModuleCache.noindex/CFNetwork-1RP84M3BBXK0FPLTW4OHFBB1.pcm /Users/jasonlee/Library/Developer/Xcode/DerivedData/ModuleCache.noindex/ptrcheck-1O9IKZKC24ZV61CNQMQ5QBKQL.pcm /Users/jasonlee/Library/Developer/Xcode/DerivedData/ModuleCache.noindex/CUPS-CE7RPKRGU00MLVTL7ZRQWRDXS.pcm /Users/jasonlee/Library/Developer/Xcode/DerivedData/ModuleCache.noindex/LocalAuthentication-EWC1ZRS6MC2YYG574DKNEU3EX.pcm /Users/jasonlee/Library/Developer/Xcode/DerivedData/ModuleCache.noindex/OSLog-DXVYCEADHHHPZEKSEOO4NBZD0.pcm /Users/jasonlee/Library/Developer/Xcode/DerivedData/ModuleCache.noindex/CoreData-7MIRKRG80X77BFLS4OBHSB3HI.pcm /Users/jasonlee/Library/Developer/Xcode/DerivedData/ModuleCache.noindex/SwiftUICore-YSO6BCV27PU38D4UB1HBZ18N.pcm /Users/jasonlee/Library/Developer/Xcode/DerivedData/ModuleCache.noindex/_Builtin_float-91HYOLCXNW998HQQWXRX4RHPS.pcm /Users/jasonlee/Library/Developer/Xcode/DerivedData/Notch-ddzsfiyxyoauidejndllmosklbkq/Build/Intermediates.noindex/SwiftExplicitPrecompiledModules/Sparkle-BSQLSXM9EYDUC4R5JDSM85P8A.pcm /Users/jasonlee/Library/Developer/Xcode/DerivedData/ModuleCache.noindex/CoreImage-9L8RUTKBEXMA0W2HL6TMY67PY.pcm /Users/jasonlee/Library/Developer/Xcode/DerivedData/ModuleCache.noindex/ptrauth-5SDK6JX2NH4CF3AU530X0UBJI.pcm /Users/jasonlee/Library/Developer/Xcode/DerivedData/ModuleCache.noindex/Metal-5QOLGZJG3XADB32NQLXLUGO8I.pcm /Users/jasonlee/Library/Developer/Xcode/DerivedData/ModuleCache.noindex/Spatial-4VXQ0IUR402ZMQ18M95I976MX.pcm /Users/jasonlee/Library/Developer/Xcode/DerivedData/ModuleCache.noindex/DeveloperToolsSupport-23YZVL6LYGMEQVZ6ETF4SWV20.pcm /Users/jasonlee/Library/Developer/Xcode/DerivedData/ModuleCache.noindex/DataDetection-CRZUPMPYEGRBJQ8VZHU5FCC7N.pcm /Users/jasonlee/Library/Developer/Xcode/DerivedData/ModuleCache.noindex/_SwiftConcurrencyShims-2TUL7Y2V59TFGZ2L6C250QYSF.pcm /Users/jasonlee/Library/Developer/Xcode/DerivedData/ModuleCache.noindex/Security-8M0A6LGUIXWS79TF0GK7VPQ0X.pcm /Users/jasonlee/Library/Developer/Xcode/DerivedData/ModuleCache.noindex/UniformTypeIdentifiers-AU0HK1LN9ZGURVPP6X63R5MEA.pcm /Users/jasonlee/Library/Developer/Xcode/DerivedData/ModuleCache.noindex/AppKit-6J346IWSPHAWXQNHIATG1R1W7.pcm /Users/jasonlee/Library/Developer/Xcode/DerivedData/ModuleCache.noindex/IOSurface-48L4UP37PKDG1OGHNU59YY53R.pcm /Users/jasonlee/Library/Developer/Xcode/DerivedData/ModuleCache.noindex/ApplicationServices-6S009MPRM3YI1ZDBHRRLDP520.pcm /Users/jasonlee/Library/Developer/Xcode/DerivedData/ModuleCache.noindex/CoreFoundation-2MV4Z3FE5775PCOH3I86DWB45.pcm /Users/jasonlee/Library/Developer/Xcode/DerivedData/ModuleCache.noindex/_Builtin_intrinsics-AD1CYFH3FC3DGUJ8ZK5NQ9OQO.pcm /Users/jasonlee/Library/Developer/Xcode/DerivedData/ModuleCache.noindex/CoreServices-1K9CR072KEKQHC1ETJ7N4SCA3.pcm /Users/jasonlee/Library/Developer/Xcode/DerivedData/ModuleCache.noindex/_DarwinFoundation2-779PG39214ZEJRPMOVRTSD4DU.pcm /Users/jasonlee/Library/Developer/Xcode/DerivedData/ModuleCache.noindex/_Builtin_limits-74X1JWUU0ZA7TSZA4QRSMYJ5N.pcm /Users/jasonlee/Library/Developer/Xcode/DerivedData/ModuleCache.noindex/ColorSync-7HD8IOCXGD08LPKY0G6TSG4GU.pcm /Users/jasonlee/Library/Developer/Xcode/DerivedData/ModuleCache.noindex/CoreText-DDFXTUVIONYI68BQ4Q9CBHB7U.pcm /Users/jasonlee/Library/Developer/Xcode/DerivedData/ModuleCache.noindex/CoreVideo-A65IF4XJJK1C6SIGD1NHAZEWV.pcm /Users/jasonlee/Library/Developer/Xcode/DerivedData/ModuleCache.noindex/SwiftUI-5JNZ2WSSHQJ6OUXI4LJMEAP36.pcm /Users/jasonlee/Library/Developer/Xcode/DerivedData/ModuleCache.noindex/ImageIO-6SQO0GC7CJWCZNB19G2I32Z6E.pcm /Users/jasonlee/Library/Developer/Xcode/DerivedData/ModuleCache.noindex/_AvailabilityInternal-DCE0O683IX0J7X6WHHLUH2Z7G.pcm /Users/jasonlee/Library/Developer/Xcode/DerivedData/ModuleCache.noindex/_LocationEssentials-BPHAUJGLCAYKA8RHDJOC2GVVZ.pcm /Users/jasonlee/Library/Developer/Xcode/DerivedData/ModuleCache.noindex/_Builtin_stdarg-2JWCGFTT2T12I0EQ8EE10U7XR.pcm /Users/jasonlee/Library/Developer/Xcode/DerivedData/Notch-ddzsfiyxyoauidejndllmosklbkq/Build/Intermediates.noindex/Notch.build/Release/WaveNotch.build/Objects-normal/arm64/WaveNotch-dependencies-2.json (in target 'WaveNotch' from project 'Notch')
Please submit a bug report (https://swift.org/contributing/#reporting-bugs) and include the crash backtrace.
Stack dump:
0.	Program arguments: /Applications/Xcode.app/Contents/Developer/Toolchains/XcodeDefault.xctoolchain/usr/bin/swift-frontend -frontend -c /Users/jasonlee/Coding/App/Notch/Notch/App/AppShortcuts.swift /Users/jasonlee/Coding/App/Notch/Notch/App/FileDragDetector.swift /Users/jasonlee/Coding/App/Notch/Notch/App/NotchApp.swift /Users/jasonlee/Coding/App/Notch/Notch/Components/UIComponents.swift /Users/jasonlee/Coding/App/Notch/Notch/Extensions/Extensions.swift /Users/jasonlee/Coding/App/Notch/Notch/Managers/DashboardManager.swift /Users/jasonlee/Coding/App/Notch/Notch/Managers/GoogleCalendarManager.swift /Users/jasonlee/Coding/App/Notch/Notch/Managers/LyricsSearchWindowManager.swift /Users/jasonlee/Coding/App/Notch/Notch/Managers/NowPlayingManager.swift /Users/jasonlee/Coding/App/Notch/Notch/Managers/NowPlayingManagerControls.swift /Users/jasonlee/Coding/App/Notch/Notch/Managers/NowPlayingManagerLyrics.swift /Users/jasonlee/Coding/App/Notch/Notch/Managers/NowPlayingManagerScraper.swift /Users/jasonlee/Coding/App/Notch/Notch/Managers/OnboardingWindowManager.swift /Users/jasonlee/Coding/App/Notch/Notch/Managers/PluginManager.swift /Users/jasonlee/Coding/App/Notch/Notch/Managers/SettingsWindowManager.swift /Users/jasonlee/Coding/App/Notch/Notch/Managers/SpotifyAuthManager.swift /Users/jasonlee/Coding/App/Notch/Notch/Managers/YouTubeMusicManager.swift /Users/jasonlee/Coding/App/Notch/Notch/Models/MediaModels.swift /Users/jasonlee/Coding/App/Notch/Notch/Models/PluginModel.swift /Users/jasonlee/Coding/App/Notch/Notch/Views/ContentView.swift /Users/jasonlee/Coding/App/Notch/Notch/Views/FileTrayWidget.swift /Users/jasonlee/Coding/App/Notch/Notch/Views/LyricsSearchView.swift /Users/jasonlee/Coding/App/Notch/Notch/Views/OnboardingView.swift /Users/jasonlee/Coding/App/Notch/Notch/Views/PlayerTabView.swift /Users/jasonlee/Coding/App/Notch/Notch/Views/PlaylistTabView.swift /Users/jasonlee/Coding/App/Notch/Notch/Views/PluginStoreView.swift /Users/jasonlee/Coding/App/Notch/Notch/Views/SettingsView.swift /Users/jasonlee/Coding/App/Notch/Notch/Views/TasksWidget.swift /Users/jasonlee/Coding/App/Notch/Notch/Views/WidgetFactoryView.swift /Users/jasonlee/Library/Developer/Xcode/DerivedData/Notch-ddzsfiyxyoauidejndllmosklbkq/Build/Intermediates.noindex/Notch.build/Release/WaveNotch.build/DerivedSources/GeneratedAssetSymbols.swift -supplementary-output-file-map /Users/jasonlee/Library/Developer/Xcode/DerivedData/Notch-ddzsfiyxyoauidejndllmosklbkq/Build/Intermediates.noindex/Notch.build/Release/WaveNotch.build/Objects-normal/arm64/supplementaryOutputs-8 -emit-localized-strings -emit-localized-strings-path /Users/jasonlee/Library/Developer/Xcode/DerivedData/Notch-ddzsfiyxyoauidejndllmosklbkq/Build/Intermediates.noindex/Notch.build/Release/WaveNotch.build/Objects-normal/arm64 -target arm64-apple-macos14.0 -module-can-import-version AppKit 2685.50.120 2685.50.120 -module-can-import-version DeveloperToolsSupport 23.40.26 23.40.26 -module-can-import-version SwiftUI 7.4.27 7.4.27 -disable-cross-import-overlay-search -swift-module-cross-import AuthenticationServices /Applications/Xcode.app/Contents/Developer/Platforms/MacOSX.platform/Developer/SDKs/MacOSX.sdk/System/Cryptexes/OS/System/Library/Frameworks/AuthenticationServices.framework/Modules/AuthenticationServices.swiftcrossimport/SwiftUI.swiftoverlay -swift-module-cross-import AuthenticationServices /Applications/Xcode.app/Contents/Developer/Platforms/MacOSX.platform/Developer/SDKs/MacOSX26.4.sdk/System/Library/Frameworks/AuthenticationServices.framework/Modules/AuthenticationServices.swiftcrossimport/SwiftUI.swiftoverlay -load-resolved-plugin /Applications/Xcode.app/Contents/Developer/Platforms/MacOSX.platform/Developer/usr/lib/swift/host/plugins/libFoundationMacros.dylib#/Applications/Xcode.app/Contents/Developer/Platforms/MacOSX.platform/Developer/usr/bin/swift-plugin-server#FoundationMacros -load-resolved-plugin /Applications/Xcode.app/Contents/Developer/Platforms/MacOSX.platform/Developer/usr/lib/swift/host/plugins/libObservationMacros.dylib#/Applications/Xcode.app/Contents/Developer/Platforms/MacOSX.platform/Developer/usr/bin/swift-plugin-server#ObservationMacros -load-resolved-plugin /Applications/Xcode.app/Contents/Developer/Platforms/MacOSX.platform/Developer/usr/lib/swift/host/plugins/libPreviewsMacros.dylib#/Applications/Xcode.app/Contents/Developer/Platforms/MacOSX.platform/Developer/usr/bin/swift-plugin-server#PreviewsMacros -load-resolved-plugin /Applications/Xcode.app/Contents/Developer/Platforms/MacOSX.platform/Developer/usr/lib/swift/host/plugins/libSwiftMacros.dylib#/Applications/Xcode.app/Contents/Developer/Platforms/MacOSX.platform/Developer/usr/bin/swift-plugin-server#SwiftMacros -load-resolved-plugin /Applications/Xcode.app/Contents/Developer/Platforms/MacOSX.platform/Developer/usr/lib/swift/host/plugins/libSwiftUIMacros.dylib#/Applications/Xcode.app/Contents/Developer/Platforms/MacOSX.platform/Developer/usr/bin/swift-plugin-server#SwiftUIMacros -disable-implicit-swift-modules -Xcc -fno-implicit-modules -Xcc -fno-implicit-module-maps -explicit-swift-module-map-file /Users/jasonlee/Library/Developer/Xcode/DerivedData/Notch-ddzsfiyxyoauidejndllmosklbkq/Build/Intermediates.noindex/Notch.build/Release/WaveNotch.build/Objects-normal/arm64/WaveNotch-dependencies-2.json -debug-module-path /Users/jasonlee/Library/Developer/Xcode/DerivedData/Notch-ddzsfiyxyoauidejndllmosklbkq/Build/Intermediates.noindex/Notch.build/Release/WaveNotch.build/Objects-normal/arm64/WaveNotch.swiftmodule -Xllvm -aarch64-use-tbi -enable-objc-interop -stack-check -sdk /Applications/Xcode.app/Contents/Developer/Platforms/MacOSX.platform/Developer/SDKs/MacOSX26.4.sdk -I /Users/jasonlee/Library/Developer/Xcode/DerivedData/Notch-ddzsfiyxyoauidejndllmosklbkq/Build/Products/Release -F /Users/jasonlee/Library/Developer/Xcode/DerivedData/Notch-ddzsfiyxyoauidejndllmosklbkq/Build/Products/Release/PackageFrameworks -F /Users/jasonlee/Library/Developer/Xcode/DerivedData/Notch-ddzsfiyxyoauidejndllmosklbkq/Build/Products/Release/PackageFrameworks -F /Users/jasonlee/Library/Developer/Xcode/DerivedData/Notch-ddzsfiyxyoauidejndllmosklbkq/Build/Products/Release/PackageFrameworks -F /Users/jasonlee/Library/Developer/Xcode/DerivedData/Notch-ddzsfiyxyoauidejndllmosklbkq/Build/Products/Release/PackageFrameworks -F /Users/jasonlee/Library/Developer/Xcode/DerivedData/Notch-ddzsfiyxyoauidejndllmosklbkq/Build/Products/Release/PackageFrameworks -F /Users/jasonlee/Library/Developer/Xcode/DerivedData/Notch-ddzsfiyxyoauidejndllmosklbkq/Build/Products/Release -no-color-diagnostics -Xcc -fno-color-diagnostics -g -debug-info-format=dwarf -dwarf-version=4 -module-cache-path /Users/jasonlee/Library/Developer/Xcode/DerivedData/Notch-ddzsfiyxyoauidejndllmosklbkq/Build/Intermediates.noindex/SwiftExplicitPrecompiledModules -profile-generate -profile-coverage-mapping -swift-version 5 -O -serialize-debugging-options -const-gather-protocols-file /Users/jasonlee/Library/Developer/Xcode/DerivedData/Notch-ddzsfiyxyoauidejndllmosklbkq/Build/Intermediates.noindex/Notch.build/Release/WaveNotch.build/Objects-normal/arm64/WaveNotch_const_extract_protocols.json -enable-upcoming-feature DisableOutwardActorInference -enable-upcoming-feature InferSendableFromCaptures -enable-upcoming-feature GlobalActorIsolatedTypesUsability -enable-upcoming-feature MemberImportVisibility -enable-upcoming-feature InferIsolatedConformances -enable-upcoming-feature NonisolatedNonsendingByDefault -enable-experimental-feature DebugDescriptionMacro -enable-bare-slash-regex -default-isolation=MainActor -empty-abi-descriptor -validate-clang-modules-once -clang-build-session-file /Users/jasonlee/Library/Developer/Xcode/DerivedData/ModuleCache.noindex/Session.modulevalidation -Xcc -working-directory -Xcc /Users/jasonlee/Coding/App/Notch -file-compilation-dir /Users/jasonlee/Coding/App/Notch -Xcc -fmodule-map-file=/Users/jasonlee/Library/Developer/Xcode/DerivedData/Notch-ddzsfiyxyoauidejndllmosklbkq/Build/Intermediates.noindex/GeneratedModuleMaps/CrashReporter.modulemap -Xcc -fmodule-map-file=/Users/jasonlee/Library/Developer/Xcode/DerivedData/Notch-ddzsfiyxyoauidejndllmosklbkq/Build/Intermediates.noindex/GeneratedModuleMaps/phlibwebp.modulemap -Xcc -ivfsstatcache -Xcc /Users/jasonlee/Library/Developer/Xcode/DerivedData/SDKStatCaches.noindex/macosx26.4-25E251-30f9ca8789b706f8bd3fc906a70d770f.sdkstatcache -Xcc -I/Users/jasonlee/Library/Developer/Xcode/DerivedData/Notch-ddzsfiyxyoauidejndllmosklbkq/Build/Intermediates.noindex/Notch.build/Release/WaveNotch.build/swift-overrides.hmap -Xcc -iquote -Xcc /Users/jasonlee/Library/Developer/Xcode/DerivedData/Notch-ddzsfiyxyoauidejndllmosklbkq/Build/Intermediates.noindex/Notch.build/Release/WaveNotch.build/WaveNotch-generated-files.hmap -Xcc -I/Users/jasonlee/Library/Developer/Xcode/DerivedData/Notch-ddzsfiyxyoauidejndllmosklbkq/Build/Intermediates.noindex/Notch.build/Release/WaveNotch.build/WaveNotch-own-target-headers.hmap -Xcc -I/Users/jasonlee/Library/Developer/Xcode/DerivedData/Notch-ddzsfiyxyoauidejndllmosklbkq/Build/Intermediates.noindex/Notch.build/Release/WaveNotch.build/WaveNotch-all-non-framework-target-headers.hmap -Xcc -ivfsoverlay -Xcc /Users/jasonlee/Library/Developer/Xcode/DerivedData/Notch-ddzsfiyxyoauidejndllmosklbkq/Build/Intermediates.noindex/Notch.build/Release/Notch-35fa6f496e3bd7a49f1f3aca2d298557-VFS/all-product-headers.yaml -Xcc -iquote -Xcc /Users/jasonlee/Library/Developer/Xcode/DerivedData/Notch-ddzsfiyxyoauidejndllmosklbkq/Build/Intermediates.noindex/Notch.build/Release/WaveNotch.build/WaveNotch-project-headers.hmap -Xcc -I/Users/jasonlee/Library/Developer/Xcode/DerivedData/Notch-ddzsfiyxyoauidejndllmosklbkq/SourcePackages/checkouts/plcrashreporter/include -Xcc -I/Users/jasonlee/Library/Developer/Xcode/DerivedData/Notch-ddzsfiyxyoauidejndllmosklbkq/SourcePackages/checkouts/posthog-ios/vendor/libwebp -Xcc -I/Users/jasonlee/Library/Developer/Xcode/DerivedData/Notch-ddzsfiyxyoauidejndllmosklbkq/Build/Products/Release/include -Xcc -I/Users/jasonlee/Library/Developer/Xcode/DerivedData/Notch-ddzsfiyxyoauidejndllmosklbkq/Build/Intermediates.noindex/Notch.build/Release/WaveNotch.build/DerivedSources-normal/arm64 -Xcc -I/Users/jasonlee/Library/Developer/Xcode/DerivedData/Notch-ddzsfiyxyoauidejndllmosklbkq/Build/Intermediates.noindex/Notch.build/Release/WaveNotch.build/DerivedSources/arm64 -Xcc -I/Users/jasonlee/Library/Developer/Xcode/DerivedData/Notch-ddzsfiyxyoauidejndllmosklbkq/Build/Intermediates.noindex/Notch.build/Release/WaveNotch.build/DerivedSources -no-auto-bridging-header-chaining -module-name WaveNotch -frontend-parseable-output -disable-clang-spi -clang-target arm64-apple-macos26.4 -target-sdk-version 26.4 -target-sdk-name macosx26.4 -in-process-plugin-server-path /Applications/Xcode.app/Contents/Developer/Toolchains/XcodeDefault.xctoolchain/usr/lib/swift/host/libSwiftInProcPluginServer.dylib -enable-default-cmo -num-threads 12 -o /Users/jasonlee/Library/Developer/Xcode/DerivedData/Notch-ddzsfiyxyoauidejndllmosklbkq/Build/Intermediates.noindex/Notch.build/Release/WaveNotch.build/Objects-normal/arm64/AppShortcuts.o -o /Users/jasonlee/Library/Developer/Xcode/DerivedData/Notch-ddzsfiyxyoauidejndllmosklbkq/Build/Intermediates.noindex/Notch.build/Release/WaveNotch.build/Objects-normal/arm64/FileDragDetector.o -o /Users/jasonlee/Library/Developer/Xcode/DerivedData/Notch-ddzsfiyxyoauidejndllmosklbkq/Build/Intermediates.noindex/Notch.build/Release/WaveNotch.build/Objects-normal/arm64/NotchApp.o -o /Users/jasonlee/Library/Developer/Xcode/DerivedData/Notch-ddzsfiyxyoauidejndllmosklbkq/Build/Intermediates.noindex/Notch.build/Release/WaveNotch.build/Objects-normal/arm64/UIComponents.o -o /Users/jasonlee/Library/Developer/Xcode/DerivedData/Notch-ddzsfiyxyoauidejndllmosklbkq/Build/Intermediates.noindex/Notch.build/Release/WaveNotch.build/Objects-normal/arm64/Extensions.o -o /Users/jasonlee/Library/Developer/Xcode/DerivedData/Notch-ddzsfiyxyoauidejndllmosklbkq/Build/Intermediates.noindex/Notch.build/Release/WaveNotch.build/Objects-normal/arm64/DashboardManager.o -o /Users/jasonlee/Library/Developer/Xcode/DerivedData/Notch-ddzsfiyxyoauidejndllmosklbkq/Build/Intermediates.noindex/Notch.build/Release/WaveNotch.build/Objects-normal/arm64/GoogleCalendarManager.o -o /Users/jasonlee/Library/Developer/Xcode/DerivedData/Notch-ddzsfiyxyoauidejndllmosklbkq/Build/Intermediates.noindex/Notch.build/Release/WaveNotch.build/Objects-normal/arm64/LyricsSearchWindowManager.o -o /Users/jasonlee/Library/Developer/Xcode/DerivedData/Notch-ddzsfiyxyoauidejndllmosklbkq/Build/Intermediates.noindex/Notch.build/Release/WaveNotch.build/Objects-normal/arm64/NowPlayingManager.o -o /Users/jasonlee/Library/Developer/Xcode/DerivedData/Notch-ddzsfiyxyoauidejndllmosklbkq/Build/Intermediates.noindex/Notch.build/Release/WaveNotch.build/Objects-normal/arm64/NowPlayingManagerControls.o -o /Users/jasonlee/Library/Developer/Xcode/DerivedData/Notch-ddzsfiyxyoauidejndllmosklbkq/Build/Intermediates.noindex/Notch.build/Release/WaveNotch.build/Objects-normal/arm64/NowPlayingManagerLyrics.o -o /Users/jasonlee/Library/Developer/Xcode/DerivedData/Notch-ddzsfiyxyoauidejndllmosklbkq/Build/Intermediates.noindex/Notch.build/Release/WaveNotch.build/Objects-normal/arm64/NowPlayingManagerScraper.o -o /Users/jasonlee/Library/Developer/Xcode/DerivedData/Notch-ddzsfiyxyoauidejndllmosklbkq/Build/Intermediates.noindex/Notch.build/Release/WaveNotch.build/Objects-normal/arm64/OnboardingWindowManager.o -o /Users/jasonlee/Library/Developer/Xcode/DerivedData/Notch-ddzsfiyxyoauidejndllmosklbkq/Build/Intermediates.noindex/Notch.build/Release/WaveNotch.build/Objects-normal/arm64/PluginManager.o -o /Users/jasonlee/Library/Developer/Xcode/DerivedData/Notch-ddzsfiyxyoauidejndllmosklbkq/Build/Intermediates.noindex/Notch.build/Release/WaveNotch.build/Objects-normal/arm64/SettingsWindowManager.o -o /Users/jasonlee/Library/Developer/Xcode/DerivedData/Notch-ddzsfiyxyoauidejndllmosklbkq/Build/Intermediates.noindex/Notch.build/Release/WaveNotch.build/Objects-normal/arm64/SpotifyAuthManager.o -o /Users/jasonlee/Library/Developer/Xcode/DerivedData/Notch-ddzsfiyxyoauidejndllmosklbkq/Build/Intermediates.noindex/Notch.build/Release/WaveNotch.build/Objects-normal/arm64/YouTubeMusicManager.o -o /Users/jasonlee/Library/Developer/Xcode/DerivedData/Notch-ddzsfiyxyoauidejndllmosklbkq/Build/Intermediates.noindex/Notch.build/Release/WaveNotch.build/Objects-normal/arm64/MediaModels.o -o /Users/jasonlee/Library/Developer/Xcode/DerivedData/Notch-ddzsfiyxyoauidejndllmosklbkq/Build/Intermediates.noindex/Notch.build/Release/WaveNotch.build/Objects-normal/arm64/PluginModel.o -o /Users/jasonlee/Library/Developer/Xcode/DerivedData/Notch-ddzsfiyxyoauidejndllmosklbkq/Build/Intermediates.noindex/Notch.build/Release/WaveNotch.build/Objects-normal/arm64/ContentView.o -o /Users/jasonlee/Library/Developer/Xcode/DerivedData/Notch-ddzsfiyxyoauidejndllmosklbkq/Build/Intermediates.noindex/Notch.build/Release/WaveNotch.build/Objects-normal/arm64/FileTrayWidget.o -o /Users/jasonlee/Library/Developer/Xcode/DerivedData/Notch-ddzsfiyxyoauidejndllmosklbkq/Build/Intermediates.noindex/Notch.build/Release/WaveNotch.build/Objects-normal/arm64/LyricsSearchView.o -o /Users/jasonlee/Library/Developer/Xcode/DerivedData/Notch-ddzsfiyxyoauidejndllmosklbkq/Build/Intermediates.noindex/Notch.build/Release/WaveNotch.build/Objects-normal/arm64/OnboardingView.o -o /Users/jasonlee/Library/Developer/Xcode/DerivedData/Notch-ddzsfiyxyoauidejndllmosklbkq/Build/Intermediates.noindex/Notch.build/Release/WaveNotch.build/Objects-normal/arm64/PlayerTabView.o -o /Users/jasonlee/Library/Developer/Xcode/DerivedData/Notch-ddzsfiyxyoauidejndllmosklbkq/Build/Intermediates.noindex/Notch.build/Release/WaveNotch.build/Objects-normal/arm64/PlaylistTabView.o -o /Users/jasonlee/Library/Developer/Xcode/DerivedData/Notch-ddzsfiyxyoauidejndllmosklbkq/Build/Intermediates.noindex/Notch.build/Release/WaveNotch.build/Objects-normal/arm64/PluginStoreView.o -o /Users/jasonlee/Library/Developer/Xcode/DerivedData/Notch-ddzsfiyxyoauidejndllmosklbkq/Build/Intermediates.noindex/Notch.build/Release/WaveNotch.build/Objects-normal/arm64/SettingsView.o -o /Users/jasonlee/Library/Developer/Xcode/DerivedData/Notch-ddzsfiyxyoauidejndllmosklbkq/Build/Intermediates.noindex/Notch.build/Release/WaveNotch.build/Objects-normal/arm64/TasksWidget.o -o /Users/jasonlee/Library/Developer/Xcode/DerivedData/Notch-ddzsfiyxyoauidejndllmosklbkq/Build/Intermediates.noindex/Notch.build/Release/WaveNotch.build/Objects-normal/arm64/WidgetFactoryView.o -o /Users/jasonlee/Library/Developer/Xcode/DerivedData/Notch-ddzsfiyxyoauidejndllmosklbkq/Build/Intermediates.noindex/Notch.build/Release/WaveNotch.build/Objects-normal/arm64/GeneratedAssetSymbols.o -index-unit-output-path /Notch.build/Release/WaveNotch.build/Objects-normal/arm64/AppShortcuts.o -index-unit-output-path /Notch.build/Release/WaveNotch.build/Objects-normal/arm64/FileDragDetector.o -index-unit-output-path /Notch.build/Release/WaveNotch.build/Objects-normal/arm64/NotchApp.o -index-unit-output-path /Notch.build/Release/WaveNotch.build/Objects-normal/arm64/UIComponents.o -index-unit-output-path /Notch.build/Release/WaveNotch.build/Objects-normal/arm64/Extensions.o -index-unit-output-path /Notch.build/Release/WaveNotch.build/Objects-normal/arm64/DashboardManager.o -index-unit-output-path /Notch.build/Release/WaveNotch.build/Objects-normal/arm64/GoogleCalendarManager.o -index-unit-output-path /Notch.build/Release/WaveNotch.build/Objects-normal/arm64/LyricsSearchWindowManager.o -index-unit-output-path /Notch.build/Release/WaveNotch.build/Objects-normal/arm64/NowPlayingManager.o -index-unit-output-path /Notch.build/Release/WaveNotch.build/Objects-normal/arm64/NowPlayingManagerControls.o -index-unit-output-path /Notch.build/Release/WaveNotch.build/Objects-normal/arm64/NowPlayingManagerLyrics.o -index-unit-output-path /Notch.build/Release/WaveNotch.build/Objects-normal/arm64/NowPlayingManagerScraper.o -index-unit-output-path /Notch.build/Release/WaveNotch.build/Objects-normal/arm64/OnboardingWindowManager.o -index-unit-output-path /Notch.build/Release/WaveNotch.build/Objects-normal/arm64/PluginManager.o -index-unit-output-path /Notch.build/Release/WaveNotch.build/Objects-normal/arm64/SettingsWindowManager.o -index-unit-output-path /Notch.build/Release/WaveNotch.build/Objects-normal/arm64/SpotifyAuthManager.o -index-unit-output-path /Notch.build/Release/WaveNotch.build/Objects-normal/arm64/YouTubeMusicManager.o -index-unit-output-path /Notch.build/Release/WaveNotch.build/Objects-normal/arm64/MediaModels.o -index-unit-output-path /Notch.build/Release/WaveNotch.build/Objects-normal/arm64/PluginModel.o -index-unit-output-path /Notch.build/Release/WaveNotch.build/Objects-normal/arm64/ContentView.o -index-unit-output-path /Notch.build/Release/WaveNotch.build/Objects-normal/arm64/FileTrayWidget.o -index-unit-output-path /Notch.build/Release/WaveNotch.build/Objects-normal/arm64/LyricsSearchView.o -index-unit-output-path /Notch.build/Release/WaveNotch.build/Objects-normal/arm64/OnboardingView.o -index-unit-output-path /Notch.build/Release/WaveNotch.build/Objects-normal/arm64/PlayerTabView.o -index-unit-output-path /Notch.build/Release/WaveNotch.build/Objects-normal/arm64/PlaylistTabView.o -index-unit-output-path /Notch.build/Release/WaveNotch.build/Objects-normal/arm64/PluginStoreView.o -index-unit-output-path /Notch.build/Release/WaveNotch.build/Objects-normal/arm64/SettingsView.o -index-unit-output-path /Notch.build/Release/WaveNotch.build/Objects-normal/arm64/TasksWidget.o -index-unit-output-path /Notch.build/Release/WaveNotch.build/Objects-normal/arm64/WidgetFactoryView.o -index-unit-output-path /Notch.build/Release/WaveNotch.build/Objects-normal/arm64/GeneratedAssetSymbols.o
CompileSwift normal arm64 (in target 'WaveNotch' from project 'Notch')
    cd /Users/jasonlee/Coding/App/Notch
    

1.	Apple Swift version 6.3.1 (swiftlang-6.3.1.1.2 clang-2100.0.123.102)
2.	Compiling with effective version 5.10
3.	While evaluating request ExecuteSILPipelineRequest(Run pipelines { PrepareOptimizationPasses, EarlyModulePasses, HighLevel,Function+EarlyLoopOpt, HighLevel,Module+StackPromote, MidLevel,Function, ClosureSpecialize, LowLevel,Function, LateLoopOpt, SIL Debug Info Generator } on SIL for WaveNotch)
4.	While running pass #173345 SILFunctionTransform "EarlyPerfInliner" on SILFunction "@$s9WaveNotch15DropHostingViewCfD".
 for 'deinit' (at /Users/jasonlee/Coding/App/Notch/Notch/App/NotchApp.swift:230:13)
Stack dump without symbol names (ensure you have llvm-symbolizer in your PATH or set the environment var `LLVM_SYMBOLIZER_PATH` to point to it):
0  swift-frontend           0x0000000108968234 llvm::sys::PrintStackTrace(llvm::raw_ostream&, int) + 56
1  swift-frontend           0x00000001089656d4 llvm::sys::RunSignalHandlers() + 172
2  swift-frontend           0x0000000108968824 SignalHandler(int, __siginfo*, void*) + 356
3  libsystem_platform.dylib 0x000000018febd7a4 _sigtramp + 56
4  swift-frontend           0x00000001035f6af4 isCallerAndCalleeLayoutConstraintsCompatible(swift::FullApplySite) + 236
5  swift-frontend           0x00000001035f6af4 isCallerAndCalleeLayoutConstraintsCompatible(swift::FullApplySite) + 236
6  swift-frontend           0x00000001035f6698 swift::getEligibleFunction(swift::FullApplySite, swift::InlineSelection, swift::IsSelfRecursiveAnalysis*) + 1988
7  swift-frontend           0x00000001034b4188 (anonymous namespace)::SILPerformanceInliner::collectAppliesToInline(swift::SILFunction*, llvm::SmallVectorImpl<swift::FullApplySite>&) + 1340
8  swift-frontend           0x00000001034b34d4 (anonymous namespace)::SILPerformanceInlinerPass::run() + 680
9  swift-frontend           0x0000000103405228 swift::SILPassManager::runFunctionPasses(unsigned int, unsigned int) + 3256
10 swift-frontend           0x00000001033fdc44 swift::SILPassManager::executePassPipelinePlan(swift::SILPassPipelinePlan const&) + 228
11 swift-frontend           0x0000000103416388 swift::SimpleRequest<swift::ExecuteSILPipelineRequest, std::__1::tuple<> (swift::SILPipelineExecutionDescriptor), (swift::RequestFlags)1>::evaluateRequest(swift::ExecuteSILPipelineRequest const&, swift::Evaluator&) + 48
12 swift-frontend           0x0000000103407d14 swift::ExecuteSILPipelineRequest::OutputType swift::Evaluator::getResultUncached<swift::ExecuteSILPipelineRequest, swift::ExecuteSILPipelineRequest::OutputType swift::evaluateOrFatal<swift::ExecuteSILPipelineRequest>(swift::Evaluator&, swift::ExecuteSILPipelineRequest)::'lambda'()>(swift::ExecuteSILPipelineRequest const&, swift::ExecuteSILPipelineRequest::OutputType swift::evaluateOrFatal<swift::ExecuteSILPipelineRequest>(swift::Evaluator&, swift::ExecuteSILPipelineRequest)::'lambda'()) + 388
13 swift-frontend           0x000000010340a4d4 swift::runSILOptimizationPasses(swift::SILModule&) + 464
14 swift-frontend           0x00000001028efba0 swift::CompilerInstance::performSILProcessing(swift::SILModule*) + 1148
15 swift-frontend           0x00000001024d3538 performCompileStepsPostSILGen(swift::CompilerInstance&, std::__1::unique_ptr<swift::SILModule, std::__1::default_delete<swift::SILModule>>, llvm::PointerUnion<swift::ModuleDecl*, swift::SourceFile*>, swift::PrimarySpecificPaths const&, int&, swift::FrontendObserver*, llvm::ArrayRef<char const*>) + 1440
** BUILD FAILED **


The following build commands failed:
	SwiftCompile normal x86_64 Compiling\ AppShortcuts.swift,\ FileDragDetector.swift,\ NotchApp.swift,\ UIComponents.swift,\ Extensions.swift,\ DashboardManager.swift,\ GoogleCalendarManager.swift,\ LyricsSearchWindowManager.swift,\ NowPlayingManager.swift,\ NowPlayingManagerControls.swift,\ NowPlayingManagerLyrics.swift,\ NowPlayingManagerScraper.swift,\ OnboardingWindowManager.swift,\ PluginManager.swift,\ SettingsWindowManager.swift,\ SpotifyAuthManager.swift,\ YouTubeMusicManager.swift,\ MediaModels.swift,\ PluginModel.swift,\ ContentView.swift,\ FileTrayWidget.swift,\ LyricsSearchView.swift,\ OnboardingView.swift,\ PlayerTabView.swift,\ PlaylistTabView.swift,\ PluginStoreView.swift,\ SettingsView.swift,\ TasksWidget.swift,\ WidgetFactoryView.swift,\ GeneratedAssetSymbols.swift /Users/jasonlee/Coding/App/Notch/Notch/App/AppShortcuts.swift /Users/jasonlee/Coding/App/Notch/Notch/App/FileDragDetector.swift /Users/jasonlee/Coding/App/Notch/Notch/App/NotchApp.swift /Users/jasonlee/Coding/App/Notch/Notch/Components/UIComponents.swift /Users/jasonlee/Coding/App/Notch/Notch/Extensions/Extensions.swift /Users/jasonlee/Coding/App/Notch/Notch/Managers/DashboardManager.swift /Users/jasonlee/Coding/App/Notch/Notch/Managers/GoogleCalendarManager.swift /Users/jasonlee/Coding/App/Notch/Notch/Managers/LyricsSearchWindowManager.swift /Users/jasonlee/Coding/App/Notch/Notch/Managers/NowPlayingManager.swift /Users/jasonlee/Coding/App/Notch/Notch/Managers/NowPlayingManagerControls.swift /Users/jasonlee/Coding/App/Notch/Notch/Managers/NowPlayingManagerLyrics.swift /Users/jasonlee/Coding/App/Notch/Notch/Managers/NowPlayingManagerScraper.swift /Users/jasonlee/Coding/App/Notch/Notch/Managers/OnboardingWindowManager.swift /Users/jasonlee/Coding/App/Notch/Notch/Managers/PluginManager.swift /Users/jasonlee/Coding/App/Notch/Notch/Managers/SettingsWindowManager.swift /Users/jasonlee/Coding/App/Notch/Notch/Managers/SpotifyAuthManager.swift /Users/jasonlee/Coding/App/Notch/Notch/Managers/YouTubeMusicManager.swift /Users/jasonlee/Coding/App/Notch/Notch/Models/MediaModels.swift /Users/jasonlee/Coding/App/Notch/Notch/Models/PluginModel.swift /Users/jasonlee/Coding/App/Notch/Notch/Views/ContentView.swift /Users/jasonlee/Coding/App/Notch/Notch/Views/FileTrayWidget.swift /Users/jasonlee/Coding/App/Notch/Notch/Views/LyricsSearchView.swift /Users/jasonlee/Coding/App/Notch/Notch/Views/OnboardingView.swift /Users/jasonlee/Coding/App/Notch/Notch/Views/PlayerTabView.swift /Users/jasonlee/Coding/App/Notch/Notch/Views/PlaylistTabView.swift /Users/jasonlee/Coding/App/Notch/Notch/Views/PluginStoreView.swift /Users/jasonlee/Coding/App/Notch/Notch/Views/SettingsView.swift /Users/jasonlee/Coding/App/Notch/Notch/Views/TasksWidget.swift /Users/jasonlee/Coding/App/Notch/Notch/Views/WidgetFactoryView.swift /Users/jasonlee/Library/Developer/Xcode/DerivedData/Notch-ddzsfiyxyoauidejndllmosklbkq/Build/Intermediates.noindex/Notch.build/Release/WaveNotch.build/DerivedSources/GeneratedAssetSymbols.swift /Applications/Xcode.app/Contents/Developer/Toolchains/XcodeDefault.xctoolchain/usr/lib/swift/macosx/prebuilt-modules/26.4/CoreTransferable.swiftmodule/x86_64-apple-macos.swiftmodule /Applications/Xcode.app/Contents/Developer/Toolchains/XcodeDefault.xctoolchain/usr/lib/swift/macosx/prebuilt-modules/26.4/AuthenticationServices.swiftmodule/x86_64-apple-macos.swiftmodule /Applications/Xcode.app/Contents/Developer/Toolchains/XcodeDefault.xctoolchain/usr/lib/swift/macosx/prebuilt-modules/26.4/Accessibility.swiftmodule/x86_64-apple-macos.swiftmodule /Applications/Xcode.app/Contents/Developer/Toolchains/XcodeDefault.xctoolchain/usr/lib/swift/macosx/prebuilt-modules/26.4/System.swiftmodule/x86_64-apple-macos.swiftmodule /Applications/Xcode.app/Contents/Developer/Toolchains/XcodeDefault.xctoolchain/usr/lib/swift/macosx/prebuilt-modules/26.4/_StringProcessing.swiftmodule/x86_64-apple-macos.swiftmodule /Applications/Xcode.app/Contents/Developer/Toolchains/XcodeDefault.xctoolchain/usr/lib/swift/macosx/prebuilt-modules/26.4/Darwin.swiftmodule/x86_64-apple-macos.swiftmodule /Applications/Xcode.app/Contents/Developer/Toolchains/XcodeDefault.xctoolchain/usr/lib/swift/macosx/prebuilt-modules/26.4/Dispatch.swiftmodule/x86_64-apple-macos.swiftmodule /Applications/Xcode.app/Contents/Developer/Toolchains/XcodeDefault.xctoolchain/usr/lib/swift/macosx/prebuilt-modules/26.4/_DarwinFoundation2.swiftmodule/x86_64-apple-macos.swiftmodule /Applications/Xcode.app/Contents/Developer/Toolchains/XcodeDefault.xctoolchain/usr/lib/swift/macosx/prebuilt-modules/26.4/CoreLocation.swiftmodule/x86_64-apple-macos.swiftmodule /Applications/Xcode.app/Contents/Developer/Toolchains/XcodeDefault.xctoolchain/usr/lib/swift/macosx/prebuilt-modules/26.4/XPC.swiftmodule/x86_64-apple-macos.swiftmodule /Applications/Xcode.app/Contents/Developer/Toolchains/XcodeDefault.xctoolchain/usr/lib/swift/macosx/prebuilt-modules/26.4/QuartzCore.swiftmodule/x86_64-apple-macos.swiftmodule /Applications/Xcode.app/Contents/Developer/Toolchains/XcodeDefault.xctoolchain/usr/lib/swift/macosx/prebuilt-modules/26.4/Observation.swiftmodule/x86_64-apple-macos.swiftmodule /Applications/Xcode.app/Contents/Developer/Toolchains/XcodeDefault.xctoolchain/usr/lib/swift/macosx/prebuilt-modules/26.4/_DarwinFoundation1.swiftmodule/x86_64-apple-macos.swiftmodule /Applications/Xcode.app/Contents/Developer/Toolchains/XcodeDefault.xctoolchain/usr/lib/swift/macosx/prebuilt-modules/26.4/DeveloperToolsSupport.swiftmodule/x86_64-apple-macos.swiftmodule /Applications/Xcode.app/Contents/Developer/Toolchains/XcodeDefault.xctoolchain/usr/lib/swift/macosx/prebuilt-modules/26.4/UniformTypeIdentifiers.swiftmodule/x86_64-apple-macos.swiftmodule /Applications/Xcode.app/Contents/Developer/Toolchains/XcodeDefault.xctoolchain/usr/lib/swift/macosx/prebuilt-modules/26.4/_Concurrency.swiftmodule/x86_64-apple-macos.swiftmodule /Applications/Xcode.app/Contents/Developer/Toolchains/XcodeDefault.xctoolchain/usr/lib/swift/macosx/prebuilt-modules/26.4/Foundation.swiftmodule/x86_64-apple-macos.swiftmodule /Applications/Xcode.app/Contents/Developer/Toolchains/XcodeDefault.xctoolchain/usr/lib/swift/macosx/prebuilt-modules/26.4/CryptoKit.swiftmodule/x86_64-apple-macos.swiftmodule /Users/jasonlee/Library/Developer/Xcode/DerivedData/Notch-ddzsfiyxyoauidejndllmosklbkq/Build/Products/Release/SkyLightWindow.swiftmodule/x86_64-apple-macos.swiftmodule /Applications/Xcode.app/Contents/Developer/Toolchains/XcodeDefault.xctoolchain/usr/lib/swift/macosx/prebuilt-modules/26.4/CoreVideo.swiftmodule/x86_64-apple-macos.swiftmodule /Applications/Xcode.app/Contents/Developer/Toolchains/XcodeDefault.xctoolchain/usr/lib/swift/macosx/prebuilt-modules/26.4/Symbols.swiftmodule/x86_64-apple-macos.swiftmodule /Applications/Xcode.app/Contents/Developer/Toolchains/XcodeDefault.xctoolchain/usr/lib/swift/macosx/prebuilt-modules/26.4/CoreText.swiftmodule/x86_64-apple-macos.swiftmodule /Applications/Xcode.app/Contents/Developer/Toolchains/XcodeDefault.xctoolchain/usr/lib/swift/macosx/prebuilt-modules/26.4/Combine.swiftmodule/x86_64-apple-macos.swiftmodule /Applications/Xcode.app/Contents/Developer/Toolchains/XcodeDefault.xctoolchain/usr/lib/swift/macosx/prebuilt-modules/26.4/Metal.swiftmodule/x86_64-apple-macos.swiftmodule /Applications/Xcode.app/Contents/Developer/Toolchains/XcodeDefault.xctoolchain/usr/lib/swift/macosx/prebuilt-modules/26.4/ObjectiveC.swiftmodule/x86_64-apple-macos.swiftmodule /Applications/Xcode.app/Contents/Developer/Toolchains/XcodeDefault.xctoolchain/usr/lib/swift/macosx/prebuilt-modules/26.4/SwiftUICore.swiftmodule/x86_64-apple-macos.swiftmodule /Applications/Xcode.app/Contents/Developer/Toolchains/XcodeDefault.xctoolchain/usr/lib/swift/macosx/prebuilt-modules/26.4/Spatial.swiftmodule/x86_64-apple-macos.swiftmodule /Applications/Xcode.app/Contents/Developer/Toolchains/XcodeDefault.xctoolchain/usr/lib/swift/macosx/prebuilt-modules/26.4/CoreImage.swiftmodule/x86_64-apple-macos.swiftmodule /Applications/Xcode.app/Contents/Developer/Toolchains/XcodeDefault.xctoolchain/usr/lib/swift/macosx/prebuilt-modules/26.4/SwiftUI.swiftmodule/x86_64-apple-macos.swiftmodule /Applications/Xcode.app/Contents/Developer/Toolchains/XcodeDefault.xctoolchain/usr/lib/swift/macosx/prebuilt-modules/26.4/CoreData.swiftmodule/x86_64-apple-macos.swiftmodule /Applications/Xcode.app/Contents/Developer/Toolchains/XcodeDefault.xctoolchain/usr/lib/swift/macosx/prebuilt-modules/26.4/LocalAuthentication.swiftmodule/x86_64-apple-macos.swiftmodule /Applications/Xcode.app/Contents/Developer/Toolchains/XcodeDefault.xctoolchain/usr/lib/swift/macosx/prebuilt-modules/26.4/_Builtin_float.swiftmodule/x86_64-apple-macos.swiftmodule /Applications/Xcode.app/Contents/Developer/Toolchains/XcodeDefault.xctoolchain/usr/lib/swift/macosx/prebuilt-modules/26.4/Swift.swiftmodule/x86_64-apple-macos.swiftmodule /Users/jasonlee/Library/Developer/Xcode/DerivedData/Notch-ddzsfiyxyoauidejndllmosklbkq/Build/Products/Release/PostHog.swiftmodule/x86_64-apple-macos.swiftmodule /Applications/Xcode.app/Contents/Developer/Toolchains/XcodeDefault.xctoolchain/usr/lib/swift/macosx/prebuilt-modules/26.4/CoreGraphics.swiftmodule/x86_64-apple-macos.swiftmodule /Applications/Xcode.app/Contents/Developer/Toolchains/XcodeDefault.xctoolchain/usr/lib/swift/macosx/prebuilt-modules/26.4/CoreFoundation.swiftmodule/x86_64-apple-macos.swiftmodule /Applications/Xcode.app/Contents/Developer/Toolchains/XcodeDefault.xctoolchain/usr/lib/swift/macosx/prebuilt-modules/26.4/AppKit.swiftmodule/x86_64-apple-macos.swiftmodule /Applications/Xcode.app/Contents/Developer/Toolchains/XcodeDefault.xctoolchain/usr/lib/swift/macosx/prebuilt-modules/26.4/_DarwinFoundation3.swiftmodule/x86_64-apple-macos.swiftmodule /Applications/Xcode.app/Contents/Developer/Toolchains/XcodeDefault.xctoolchain/usr/lib/swift/macosx/prebuilt-modules/26.4/DataDetection.swiftmodule/x86_64-apple-macos.swiftmodule /Applications/Xcode.app/Contents/Developer/Toolchains/XcodeDefault.xctoolchain/usr/lib/swift/macosx/prebuilt-modules/26.4/os.swiftmodule/x86_64-apple-macos.swiftmodule /Users/jasonlee/Library/Developer/Xcode/DerivedData/Notch-ddzsfiyxyoauidejndllmosklbkq/Build/Products/Release/KeyboardShortcuts.swiftmodule/x86_64-apple-macos.swiftmodule /Applications/Xcode.app/Contents/Developer/Toolchains/XcodeDefault.xctoolchain/usr/lib/swift/macosx/prebuilt-modules/26.4/_AuthenticationServices_SwiftUI.swiftmodule/x86_64-apple-macos.swiftmodule /Applications/Xcode.app/Contents/Developer/Toolchains/XcodeDefault.xctoolchain/usr/lib/swift/macosx/prebuilt-modules/26.4/IOKit.swiftmodule/x86_64-apple-macos.swiftmodule /Applications/Xcode.app/Contents/Developer/Toolchains/XcodeDefault.xctoolchain/usr/lib/swift/macosx/prebuilt-modules/26.4/simd.swiftmodule/x86_64-apple-macos.swiftmodule /Applications/Xcode.app/Contents/Developer/Toolchains/XcodeDefault.xctoolchain/usr/lib/swift/macosx/prebuilt-modules/26.4/OSLog.swiftmodule/x86_64-apple-macos.swiftmodule /Users/jasonlee/Library/Developer/Xcode/DerivedData/ModuleCache.noindex/SwiftUICore-7Q4OLYUTBFWI9SEYVTMZTCUGB.pcm /Users/jasonlee/Library/Developer/Xcode/DerivedData/ModuleCache.noindex/ptrcheck-DXL8QT7R15RV6HC6ZHOL157XL.pcm /Users/jasonlee/Library/Developer/Xcode/DerivedData/ModuleCache.noindex/Symbols-2T681YVI3SKNZK0RF2CVYFR76.pcm /Users/jasonlee/Library/Developer/Xcode/DerivedData/ModuleCache.noindex/libDER-ES4PQ7OHBP1MHX9N683FEN6F8.pcm /Users/jasonlee/Library/Developer/Xcode/DerivedData/ModuleCache.noindex/ColorSync-5A8T49IMU68AIVEYLGKIQ5PE5.pcm /Users/jasonlee/Library/Developer/Xcode/DerivedData/ModuleCache.noindex/CoreFoundation-2K8H6RJDYY6S70OTT9466S91K.pcm /Users/jasonlee/Library/Developer/Xcode/DerivedData/ModuleCache.noindex/_Builtin_tgmath-DRVC39LKJV98SDCGC7YPT6WQ1.pcm /Users/jasonlee/Library/Developer/Xcode/DerivedData/ModuleCache.noindex/_Builtin_float-38BV2L7KCKWJXRDKPCCQ7NIE3.pcm /Users/jasonlee/Library/Developer/Xcode/DerivedData/ModuleCache.noindex/Carbon-AB9ILDFN78RXOHJB2A1L19G9T.pcm /Users/jasonlee/Library/Developer/Xcode/DerivedData/ModuleCache.noindex/libkern-AW9VRMNQO6IBQL1AVDGA7Z397.pcm /Users/jasonlee/Library/Developer/Xcode/DerivedData/ModuleCache.noindex/CoreServices-9UIMWM2ADJ59D6HKV92Y5D7TV.pcm /Users/jasonlee/Library/Developer/Xcode/DerivedData/ModuleCache.noindex/Foundation-Z6ZLVDHYG4ID78S3JX63SOGU.pcm /Users/jasonlee/Library/Developer/Xcode/DerivedData/ModuleCache.noindex/zlib-7QCJVAJD45CMKFA7UVE71OETZ.pcm /Users/jasonlee/Library/Developer/Xcode/DerivedData/ModuleCache.noindex/_Builtin_intrinsics-DCHQQYVSPR2QIS6S0FXXLIR1B.pcm /Users/jasonlee/Library/Developer/Xcode/DerivedData/ModuleCache.noindex/SystemConfiguration-C1UQPPT6L2HJQ2IKUM21F20U9.pcm /Users/jasonlee/Library/Developer/Xcode/DerivedData/ModuleCache.noindex/_Builtin_stdatomic-9Z0K47WRCUSITKI8627XI4H3T.pcm /Users/jasonlee/Library/Developer/Xcode/DerivedData/ModuleCache.noindex/Spatial-42PBMQ3H7U2K4201RNNBNC78L.pcm /Users/jasonlee/Library/Developer/Xcode/DerivedData/ModuleCache.noindex/_DarwinFoundation2-EPWY2RFHP1J4D1DMVGO3ERJTW.pcm /Users/jasonlee/Library/Developer/Xcode/DerivedData/ModuleCache.noindex/os_workgroup-DG0N68T67L66SE1W38YOQT1SS.pcm /Users/jasonlee/Library/Developer/Xcode/DerivedData/ModuleCache.noindex/UniformTypeIdentifiers-1JRSJIV64ECEZRE73134ZF5I3.pcm /Users/jasonlee/Library/Developer/Xcode/DerivedData/ModuleCache.noindex/ptrauth-AJHF5C6RGP0USFUNH9QA555RN.pcm /Users/jasonlee/Library/Developer/Xcode/DerivedData/ModuleCache.noindex/ApplicationServices-72PEZTGZKL4NIL0XLTNO066U8.pcm /Users/jasonlee/Library/Developer/Xcode/DerivedData/ModuleCache.noindex/CoreGraphics-3W5IS6ZJCCBMP7LBR2XAO10FK.pcm /Users/jasonlee/Library/Developer/Xcode/DerivedData/ModuleCache.noindex/_AvailabilityInternal-DACO8YB8S0K6OXI6KSVL0X6LO.pcm /Users/jasonlee/Library/Developer/Xcode/DerivedData/ModuleCache.noindex/SwiftShims-CRIRH9JBM8CSXCNWD9XVO9F71.pcm /Users/jasonlee/Library/Developer/Xcode/DerivedData/ModuleCache.noindex/OSLog-C3FDFCFSWPZLGPXQZ6AO1ZKBR.pcm /Users/jasonlee/Library/Developer/Xcode/DerivedData/ModuleCache.noindex/_Builtin_limits-8HFSLC7QIFJ8O0K9O5VM5E3W.pcm /Users/jasonlee/Library/Developer/Xcode/DerivedData/ModuleCache.noindex/_LocationEssentials-DOWHEZUIGUR8JU0SPZ35Y8SO8.pcm /Users/jasonlee/Library/Developer/Xcode/DerivedData/ModuleCache.noindex/Security-EAFLV1ZVTCLVCNKWD4VSLDPYO.pcm /Users/jasonlee/Library/Developer/Xcode/DerivedData/ModuleCache.noindex/OpenGL-9UC7IYIHHVIOT3SQU8RY2QU7I.pcm /Users/jasonlee/Library/Developer/Xcode/DerivedData/ModuleCache.noindex/LocalAuthentication-1MTF4L174VQBW3PDSLI79T010.pcm /Users/jasonlee/Library/Developer/Xcode/DerivedData/Notch-ddzsfiyxyoauidejndllmosklbkq/Build/Intermediates.noindex/SwiftExplicitPrecompiledModules/Sparkle-CD2YLMTAIZ7JYZO8823IL0PVG.pcm /Users/jasonlee/Library/Developer/Xcode/DerivedData/ModuleCache.noindex/_Builtin_stddef-1V4REA1PYA7P3R63CG226D67J.pcm /Users/jasonlee/Library/Developer/Xcode/DerivedData/ModuleCache.noindex/Cocoa-88YA8FCSHI0UYP9EUEVVY063T.pcm /Users/jasonlee/Library/Developer/Xcode/DerivedData/ModuleCache.noindex/AppKit-1JA8GWQD7LIG5WMBJTK3HPWOU.pcm /Users/jasonlee/Library/Developer/Xcode/DerivedData/ModuleCache.noindex/launch-6H216ISRLLNO7POCG4KIZ1DNE.pcm /Users/jasonlee/Library/Developer/Xcode/DerivedData/ModuleCache.noindex/CoreLocation-7OIN2Y5XBOURFVCBHLD9NOW7Q.pcm /Users/jasonlee/Library/Developer/Xcode/DerivedData/ModuleCache.noindex/Darwin-52L18AGTTJYC4YN1894X0OUWU.pcm /Users/jasonlee/Library/Developer/Xcode/DerivedData/Notch-ddzsfiyxyoauidejndllmosklbkq/Build/Intermediates.noindex/SwiftExplicitPrecompiledModules/CrashReporter-4DWM6HOWB353FIAFYTME64ZX4.pcm /Users/jasonlee/Library/Developer/Xcode/DerivedData/ModuleCache.noindex/_DarwinFoundation1-18FK795OM2IJUHSM957V0O79.pcm /Users/jasonlee/Library/Developer/Xcode/DerivedData/ModuleCache.noindex/DeveloperToolsSupport-7IG6CEY0MIA5I4VUFZLF4BW6P.pcm /Users/jasonlee/Library/Developer/Xcode/DerivedData/ModuleCache.noindex/_Builtin_inttypes-16B3DVFOMCVXZHHTXNAOR8SH0.pcm /Users/jasonlee/Library/Developer/Xcode/DerivedData/ModuleCache.noindex/os_object-C020HCNXL3AO1XLZWL7EQZWT1.pcm /Users/jasonlee/Library/Developer/Xcode/DerivedData/ModuleCache.noindex/CoreText-7ZINIOZC18DEYIUOWKPV7QH0U.pcm /Users/jasonlee/Library/Developer/Xcode/DerivedData/ModuleCache.noindex/ImageIO-EIQG3IVFJF6XBHJMZMX9CFORP.pcm /Users/jasonlee/Library/Developer/Xcode/DerivedData/ModuleCache.noindex/Metal-CE7KDNG1CPIKWBFMKYTTKXKB8.pcm /Users/jasonlee/Library/Developer/Xcode/DerivedData/ModuleCache.noindex/QuartzCore-AKVMMDH3SUMAPZS6J9BIG9VJJ.pcm /Users/jasonlee/Library/Developer/Xcode/DerivedData/ModuleCache.noindex/SwiftUI-51EKHJ56FZ57DMYE99P004TWV.pcm /Users/jasonlee/Library/Developer/Xcode/DerivedData/ModuleCache.noindex/_Builtin_stdint-843135M6W3K99FNQ3Z8W413X8.pcm /Users/jasonlee/Library/Developer/Xcode/DerivedData/ModuleCache.noindex/_DarwinFoundation3-82ZJUH5DZBTSHO36K8D3X1VJX.pcm /Users/jasonlee/Library/Developer/Xcode/DerivedData/ModuleCache.noindex/IOSurface-4P3TI2472RME1P5VJP0MA0A3V.pcm /Users/jasonlee/Library/Developer/Xcode/DerivedData/ModuleCache.noindex/_SwiftConcurrencyShims-DV5VHHD6SKJOHI464J5E5GHAB.pcm /Users/jasonlee/Library/Developer/Xcode/DerivedData/ModuleCache.noindex/os-608OBVV8N8P1JSPQCR2S6DHOS.pcm /Users/jasonlee/Library/Developer/Xcode/DerivedData/ModuleCache.noindex/CFNetwork-69QLJOKG5FSGWWP8YX6KRUQJS.pcm /Users/jasonlee/Library/Developer/Xcode/DerivedData/ModuleCache.noindex/MachO-32YW7LVFPM4XK5YI3SEQXFJA8.pcm /Users/jasonlee/Library/Developer/Xcode/DerivedData/ModuleCache.noindex/CoreImage-6H8MCGWSU3VMLNIVFET5GTITA.pcm /Users/jasonlee/Library/Developer/Xcode/DerivedData/ModuleCache.noindex/_Builtin_stdbool-59JKBW01C7NHB6JUMXMT7MHU8.pcm /Users/jasonlee/Library/Developer/Xcode/DerivedData/ModuleCache.noindex/sys_types-D1LDWXWAZWBIFG93GWQBEU9TO.pcm /Users/jasonlee/Library/Developer/Xcode/DerivedData/ModuleCache.noindex/CoreData-2TGGRMDDM35AVTCL8CF2JKC1W.pcm /Users/jasonlee/Library/Developer/Xcode/DerivedData/ModuleCache.noindex/XPC-3CAXVJFB3P4YZI23YLJ3UZ004.pcm /Users/jasonlee/Library/Developer/Xcode/DerivedData/ModuleCache.noindex/Accessibility-FEBB5LJMRTZ7BE4UXAG05JF3.pcm /Users/jasonlee/Library/Developer/Xcode/DerivedData/ModuleCache.noindex/AuthenticationServices-ECYCJ9ZPVX4DBQJ4423OWUV3Z.pcm /Users/jasonlee/Library/Developer/Xcode/DerivedData/ModuleCache.noindex/CoreTransferable-5DS55Z5ZZ7O0SJ97ARKVQGBP2.pcm /Users/jasonlee/Library/Developer/Xcode/DerivedData/ModuleCache.noindex/ServiceManagement-BIW9JEHXWSLSDCLD09PASLAW9.pcm /Users/jasonlee/Library/Developer/Xcode/DerivedData/ModuleCache.noindex/Dispatch-9WD747COAPWRIHW3PYU3CTO4D.pcm /Users/jasonlee/Library/Developer/Xcode/DerivedData/ModuleCache.noindex/simd-14K5NR4S77KI1DZ002UXQHK3H.pcm /Users/jasonlee/Library/Developer/Xcode/DerivedData/ModuleCache.noindex/ObjectiveC-EBMD7ZTIRECTBN3S56BKQBQ1K.pcm /Users/jasonlee/Library/Developer/Xcode/DerivedData/ModuleCache.noindex/DataDetection-ARAOPBPGSZEEXBNNN0ZPLAE4.pcm /Users/jasonlee/Library/Developer/Xcode/DerivedData/ModuleCache.noindex/CUPS-6L53V9J8TK1KJFNMRW9ON1I7Q.pcm /Users/jasonlee/Library/Developer/Xcode/DerivedData/ModuleCache.noindex/DiskArbitration-BOOQWI857J80JI21IULHCM0ND.pcm /Users/jasonlee/Library/Developer/Xcode/DerivedData/ModuleCache.noindex/IOKit-6DTNXXLVCMJKMLK8WSQUUFMI.pcm /Users/jasonlee/Library/Developer/Xcode/DerivedData/ModuleCache.noindex/_Builtin_stdarg-6G1BU60YMERJODO75NK8IW7NR.pcm /Users/jasonlee/Library/Developer/Xcode/DerivedData/ModuleCache.noindex/CoreVideo-1BYXV6MSOCDFPG72TAGMWN66B.pcm /Users/jasonlee/Library/Developer/Xcode/DerivedData/Notch-ddzsfiyxyoauidejndllmosklbkq/Build/Intermediates.noindex/Notch.build/Release/WaveNotch.build/Objects-normal/x86_64/WaveNotch-dependencies-1.json (in target 'WaveNotch' from project 'Notch')
	Building project Notch with scheme Notch and configuration Release
(2 failures)
