2026-05-21 09:36:01 +0000 [MT] Initial pipeline context: <IDEDistributionProcessingPipelineContext: 0xc586f9b00; archive(resolved)="<IDEArchive: 0xc5af301c0>", distributionTask(resolved)="2", distributionDestination(resolved)="1", distributionMethod(resolved)="<IDEDistributionMethodDeveloperID: 0xc587d1ba0>", team(resolved)="<IDEProvisioningBasicTeam: 0xc5b04f400; teamID='5WH7G6L8BA', teamName='(null)'>">
	Chain (12, self inclusive):
	<IDEDistributionProcessingPipelineContext: 0xc586f9b00; archive = "<IDEArchive: 0xc5af301c0>", distributionMethod="<IDEDistributionMethodDeveloperID: 0xc587d1ba0>", team="<IDEProvisioningBasicTeam: 0xc5b04f400; teamID='5WH7G6L8BA', teamName='(null)'>">
	<IDEDistributionProcessingPipelineContext: 0xc586f9200; archive = "<IDEArchive: 0xc5af301c0>", distributionMethod="<IDEDistributionMethodDeveloperID: 0xc587d1ba0>", team="<IDEProvisioningBasicTeam: 0xc5b04f400; teamID='5WH7G6L8BA', teamName='(null)'>">
	<IDEDistributionContext: 0xc58832080; archive = "<IDEArchive: 0xc5af301c0>", distributionMethod="<IDEDistributionMethodDeveloperID: 0xc587d1ba0>", team="<IDEProvisioningBasicTeam: 0xc5b04f400; teamID='5WH7G6L8BA', teamName='(null)'>">
	<IDEDistributionContext: 0xc58831b80; archive = "<IDEArchive: 0xc5af301c0>", distributionMethod="<IDEDistributionMethodDeveloperID: 0xc587d1ba0>", team="<IDEProvisioningBasicTeam: 0xc5b04f400; teamID='5WH7G6L8BA', teamName='(null)'>">
	<IDEDistributionContext: 0xc58831900; archive = "<IDEArchive: 0xc5af301c0>", distributionMethod="<IDEDistributionMethodDeveloperID: 0xc587d1ba0>", team="<IDEProvisioningBasicTeam: 0xc5b04f400; teamID='5WH7G6L8BA', teamName='(null)'>">
	<IDEDistributionContext: 0xc58831680; archive = "<IDEArchive: 0xc5af301c0>", distributionMethod="<IDEDistributionMethodDeveloperID: 0xc587d1ba0>", team="<IDEProvisioningBasicTeam: 0xc5b04f400; teamID='5WH7G6L8BA', teamName='(null)'>">
	<IDEDistributionContext: 0xc58830780; archive = "<IDEArchive: 0xc5af301c0>", distributionMethod="<IDEDistributionMethodDeveloperID: 0xc587d1ba0>", team="<IDEProvisioningBasicTeam: 0xc5b04f400; teamID='5WH7G6L8BA', teamName='(null)'>">
	<IDEDistributionContext: 0xc58830500; archive = "<IDEArchive: 0xc5af301c0>", distributionMethod="<IDEDistributionMethodDeveloperID: 0xc587d1ba0>", team="<IDEProvisioningBasicTeam: 0xc5b04f400; teamID='5WH7G6L8BA', teamName='(null)'>">
	<IDEDistributionContext: 0xc58830280; archive = "<IDEArchive: 0xc5af301c0>", distributionMethod="<IDEDistributionMethodDeveloperID: 0xc587d1ba0>", team="<IDEProvisioningBasicTeam: 0xc5b04f400; teamID='5WH7G6L8BA', teamName='(null)'>">
	<IDEDistributionContext: 0xc58830000; archive = "<IDEArchive: 0xc5af301c0>", distributionMethod="<IDEDistributionMethodDeveloperID: 0xc587d1ba0>", team="(null)">
	<IDEDistributionContext: 0x1015e2830; archive = "<IDEArchive: 0xc5af301c0>", distributionMethod="<IDEDistributionMethodDeveloperID: 0xc587d1ba0>", team="(null)">
	<IDEDistributionContext: 0x101617430; archive = "<IDEArchive: 0xc5af301c0>", distributionMethod="(null)", team="(null)">
</IDEDistributionProcessingPipelineContext: 0xc586f9b00>
2026-05-21 09:36:01 +0000 [MT] Processing step: IDEDistributionCreateDestRootStep
2026-05-21 09:36:01 +0000 [MT] Processing step: IDEDistributionCopyItemStep
2026-05-21 09:36:01 +0000 [MT] Running /usr/bin/ditto '-V' '/Users/jasonlee/Coding/App/Notch/Releases/WaveNotch.xcarchive/Products/Applications/WaveNotch.app' '/var/folders/58/x3r0kb555c976sycl3kyjtgc0000gn/T/XcodeDistPipeline.~~~MA9i0u/Root/Applications/WaveNotch.app'
2026-05-21 09:36:01 +0000  >>> Copying /Users/jasonlee/Coding/App/Notch/Releases/WaveNotch.xcarchive/Products/Applications/WaveNotch.app 
2026-05-21 09:36:01 +0000  copying file ./Contents/_CodeSignature/CodeResources ... 
2026-05-21 09:36:01 +0000  12633 bytes for ./Contents/_CodeSignature/CodeResources
2026-05-21 09:36:01 +0000  copying file ./Contents/MacOS/WaveNotch ... 
2026-05-21 09:36:01 +0000  8466512 bytes for ./Contents/MacOS/WaveNotch
2026-05-21 09:36:01 +0000  copying file ./Contents/Resources/AppIcon.icns ... 
2026-05-21 09:36:01 +0000  134540 bytes for ./Contents/Resources/AppIcon.icns
2026-05-21 09:36:01 +0000  copying file ./Contents/Resources/KeyboardShortcuts_KeyboardShortcuts.bundle/Contents/Resources/de.lproj/Localizable.strings ... 
2026-05-21 09:36:01 +0000  752 bytes for ./Contents/Resources/KeyboardShortcuts_KeyboardShortcuts.bundle/Contents/Resources/de.lproj/Localizable.strings
2026-05-21 09:36:01 +0000  copying file ./Contents/Resources/KeyboardShortcuts_KeyboardShortcuts.bundle/Contents/Resources/ar.lproj/Localizable.strings ... 
2026-05-21 09:36:01 +0000  930 bytes for ./Contents/Resources/KeyboardShortcuts_KeyboardShortcuts.bundle/Contents/Resources/ar.lproj/Localizable.strings
2026-05-21 09:36:01 +0000  copying file ./Contents/Resources/KeyboardShortcuts_KeyboardShortcuts.bundle/Contents/Resources/zh-Hans.lproj/Localizable.strings ... 
2026-05-21 09:36:01 +0000  620 bytes for ./Contents/Resources/KeyboardShortcuts_KeyboardShortcuts.bundle/Contents/Resources/zh-Hans.lproj/Localizable.strings
2026-05-21 09:36:01 +0000  copying file ./Contents/Resources/KeyboardShortcuts_KeyboardShortcuts.bundle/Contents/Resources/ja.lproj/Localizable.strings ... 
2026-05-21 09:36:01 +0000  787 bytes for ./Contents/Resources/KeyboardShortcuts_KeyboardShortcuts.bundle/Contents/Resources/ja.lproj/Localizable.strings
2026-05-21 09:36:01 +0000  copying file ./Contents/Resources/KeyboardShortcuts_KeyboardShortcuts.bundle/Contents/Resources/zh-TW.lproj/Localizable.strings ... 
2026-05-21 09:36:01 +0000  599 bytes for ./Contents/Resources/KeyboardShortcuts_KeyboardShortcuts.bundle/Contents/Resources/zh-TW.lproj/Localizable.strings
2026-05-21 09:36:01 +0000  copying file ./Contents/Resources/KeyboardShortcuts_KeyboardShortcuts.bundle/Contents/Resources/en.lproj/Localizable.strings ... 
2026-05-21 09:36:01 +0000  657 bytes for ./Contents/Resources/KeyboardShortcuts_KeyboardShortcuts.bundle/Contents/Resources/en.lproj/Localizable.strings
2026-05-21 09:36:01 +0000  copying file ./Contents/Resources/KeyboardShortcuts_KeyboardShortcuts.bundle/Contents/Resources/es.lproj/Localizable.strings ... 
2026-05-21 09:36:01 +0000  751 bytes for ./Contents/Resources/KeyboardShortcuts_KeyboardShortcuts.bundle/Contents/Resources/es.lproj/Localizable.strings
2026-05-21 09:36:01 +0000  copying file ./Contents/Resources/KeyboardShortcuts_KeyboardShortcuts.bundle/Contents/Resources/it.lproj/Localizable.strings ... 
2026-05-21 09:36:01 +0000  749 bytes for ./Contents/Resources/KeyboardShortcuts_KeyboardShortcuts.bundle/Contents/Resources/it.lproj/Localizable.strings
2026-05-21 09:36:01 +0000  copying file ./Contents/Resources/KeyboardShortcuts_KeyboardShortcuts.bundle/Contents/Resources/sk.lproj/Localizable.strings ... 
2026-05-21 09:36:01 +0000  727 bytes for ./Contents/Resources/KeyboardShortcuts_KeyboardShortcuts.bundle/Contents/Resources/sk.lproj/Localizable.strings
2026-05-21 09:36:01 +0000  copying file ./Contents/Resources/KeyboardShortcuts_KeyboardShortcuts.bundle/Contents/Resources/cs.lproj/Localizable.strings ... 
2026-05-21 09:36:01 +0000  656 bytes for ./Contents/Resources/KeyboardShortcuts_KeyboardShortcuts.bundle/Contents/Resources/cs.lproj/Localizable.strings
2026-05-21 09:36:01 +0000  copying file ./Contents/Resources/KeyboardShortcuts_KeyboardShortcuts.bundle/Contents/Resources/ko.lproj/Localizable.strings ... 
2026-05-21 09:36:01 +0000  758 bytes for ./Contents/Resources/KeyboardShortcuts_KeyboardShortcuts.bundle/Contents/Resources/ko.lproj/Localizable.strings
2026-05-21 09:36:01 +0000  copying file ./Contents/Resources/KeyboardShortcuts_KeyboardShortcuts.bundle/Contents/Resources/hu.lproj/Localizable.strings ... 
2026-05-21 09:36:01 +0000  769 bytes for ./Contents/Resources/KeyboardShortcuts_KeyboardShortcuts.bundle/Contents/Resources/hu.lproj/Localizable.strings
2026-05-21 09:36:01 +0000  copying file ./Contents/Resources/KeyboardShortcuts_KeyboardShortcuts.bundle/Contents/Resources/pt-BR.lproj/Localizable.strings ... 
2026-05-21 09:36:01 +0000  663 bytes for ./Contents/Resources/KeyboardShortcuts_KeyboardShortcuts.bundle/Contents/Resources/pt-BR.lproj/Localizable.strings
2026-05-21 09:36:01 +0000  copying file ./Contents/Resources/KeyboardShortcuts_KeyboardShortcuts.bundle/Contents/Resources/ru.lproj/Localizable.strings ... 
2026-05-21 09:36:01 +0000  973 bytes for ./Contents/Resources/KeyboardShortcuts_KeyboardShortcuts.bundle/Contents/Resources/ru.lproj/Localizable.strings
2026-05-21 09:36:01 +0000  copying file ./Contents/Resources/KeyboardShortcuts_KeyboardShortcuts.bundle/Contents/Resources/fr.lproj/Localizable.strings ... 
2026-05-21 09:36:01 +0000  752 bytes for ./Contents/Resources/KeyboardShortcuts_KeyboardShortcuts.bundle/Contents/Resources/fr.lproj/Localizable.strings
2026-05-21 09:36:01 +0000  copying file ./Contents/Resources/KeyboardShortcuts_KeyboardShortcuts.bundle/Contents/Resources/nl.lproj/Localizable.strings ... 
2026-05-21 09:36:01 +0000  722 bytes for ./Contents/Resources/KeyboardShortcuts_KeyboardShortcuts.bundle/Contents/Resources/nl.lproj/Localizable.strings
2026-05-21 09:36:01 +0000  copying file ./Contents/Resources/KeyboardShortcuts_KeyboardShortcuts.bundle/Contents/Info.plist ... 
2026-05-21 09:36:01 +0000  1224 bytes for ./Contents/Resources/KeyboardShortcuts_KeyboardShortcuts.bundle/Contents/Info.plist
2026-05-21 09:36:01 +0000  copying file ./Contents/Resources/PLCrashReporter_CrashReporter.bundle/Contents/Resources/PrivacyInfo.xcprivacy ... 
2026-05-21 09:36:01 +0000  1150 bytes for ./Contents/Resources/PLCrashReporter_CrashReporter.bundle/Contents/Resources/PrivacyInfo.xcprivacy
2026-05-21 09:36:01 +0000  copying file ./Contents/Resources/PLCrashReporter_CrashReporter.bundle/Contents/Info.plist ... 
2026-05-21 09:36:01 +0000  1212 bytes for ./Contents/Resources/PLCrashReporter_CrashReporter.bundle/Contents/Info.plist
2026-05-21 09:36:01 +0000  copying file ./Contents/Resources/Assets.car ... 
2026-05-21 09:36:01 +0000  3128520 bytes for ./Contents/Resources/Assets.car
2026-05-21 09:36:01 +0000  copying file ./Contents/Resources/PostHog_PostHog.bundle/Contents/Resources/PrivacyInfo.xcprivacy ... 
2026-05-21 09:36:01 +0000  1278 bytes for ./Contents/Resources/PostHog_PostHog.bundle/Contents/Resources/PrivacyInfo.xcprivacy
2026-05-21 09:36:01 +0000  copying file ./Contents/Resources/PostHog_PostHog.bundle/Contents/Info.plist ... 
2026-05-21 09:36:01 +0000  1188 bytes for ./Contents/Resources/PostHog_PostHog.bundle/Contents/Info.plist
2026-05-21 09:36:01 +0000  copying symlink ./Contents/Frameworks/Sparkle.framework/Resources ... 
2026-05-21 09:36:01 +0000  linked ./Contents/Frameworks/Sparkle.framework/Resources
2026-05-21 09:36:01 +0000  copying symlink ./Contents/Frameworks/Sparkle.framework/Versions/Current ... 
2026-05-21 09:36:01 +0000  linked ./Contents/Frameworks/Sparkle.framework/Versions/Current
2026-05-21 09:36:01 +0000  copying file ./Contents/Frameworks/Sparkle.framework/Versions/B/_CodeSignature/CodeResources ... 
2026-05-21 09:36:01 +0000  17887 bytes for ./Contents/Frameworks/Sparkle.framework/Versions/B/_CodeSignature/CodeResources
2026-05-21 09:36:01 +0000  copying file ./Contents/Frameworks/Sparkle.framework/Versions/B/Resources/de.lproj/Sparkle.strings ... 
2026-05-21 09:36:01 +0000  11559 bytes for ./Contents/Frameworks/Sparkle.framework/Versions/B/Resources/de.lproj/Sparkle.strings
2026-05-21 09:36:01 +0000  copying file ./Contents/Frameworks/Sparkle.framework/Versions/B/Resources/he.lproj/Sparkle.strings ... 
2026-05-21 09:36:01 +0000  9657 bytes for ./Contents/Frameworks/Sparkle.framework/Versions/B/Resources/he.lproj/Sparkle.strings
2026-05-21 09:36:01 +0000  copying file ./Contents/Frameworks/Sparkle.framework/Versions/B/Resources/ar.lproj/Sparkle.strings ... 
2026-05-21 09:36:01 +0000  3554 bytes for ./Contents/Frameworks/Sparkle.framework/Versions/B/Resources/ar.lproj/Sparkle.strings
2026-05-21 09:36:01 +0000  copying file ./Contents/Frameworks/Sparkle.framework/Versions/B/Resources/el.lproj/Sparkle.strings ... 
2026-05-21 09:36:01 +0000  5934 bytes for ./Contents/Frameworks/Sparkle.framework/Versions/B/Resources/el.lproj/Sparkle.strings
2026-05-21 09:36:01 +0000  copying file ./Contents/Frameworks/Sparkle.framework/Versions/B/Resources/ja.lproj/Sparkle.strings ... 
2026-05-21 09:36:01 +0000  8697 bytes for ./Contents/Frameworks/Sparkle.framework/Versions/B/Resources/ja.lproj/Sparkle.strings
2026-05-21 09:36:01 +0000  copying file ./Contents/Frameworks/Sparkle.framework/Versions/B/Resources/fa.lproj/Sparkle.strings ... 
2026-05-21 09:36:01 +0000  5716 bytes for ./Contents/Frameworks/Sparkle.framework/Versions/B/Resources/fa.lproj/Sparkle.strings
2026-05-21 09:36:01 +0000  copying file ./Contents/Frameworks/Sparkle.framework/Versions/B/Resources/uk.lproj/Sparkle.strings ... 
2026-05-21 09:36:01 +0000  5842 bytes for ./Contents/Frameworks/Sparkle.framework/Versions/B/Resources/uk.lproj/Sparkle.strings
2026-05-21 09:36:01 +0000  copying file ./Contents/Frameworks/Sparkle.framework/Versions/B/Resources/zh_CN.lproj/Sparkle.strings ... 
2026-05-21 09:36:01 +0000  7475 bytes for ./Contents/Frameworks/Sparkle.framework/Versions/B/Resources/zh_CN.lproj/Sparkle.strings
2026-05-21 09:36:01 +0000  copying file ./Contents/Frameworks/Sparkle.framework/Versions/B/Resources/nb.lproj/Sparkle.strings ... 
2026-05-21 09:36:01 +0000  5539 bytes for ./Contents/Frameworks/Sparkle.framework/Versions/B/Resources/nb.lproj/Sparkle.strings
2026-05-21 09:36:01 +0000  copying file ./Contents/Frameworks/Sparkle.framework/Versions/B/Resources/es.lproj/Sparkle.strings ... 
2026-05-21 09:36:01 +0000  7040 bytes for ./Contents/Frameworks/Sparkle.framework/Versions/B/Resources/es.lproj/Sparkle.strings
2026-05-21 09:36:01 +0000  copying file ./Contents/Frameworks/Sparkle.framework/Versions/B/Resources/is.lproj/Sparkle.strings ... 
2026-05-21 09:36:01 +0000  3954 bytes for ./Contents/Frameworks/Sparkle.framework/Versions/B/Resources/is.lproj/Sparkle.strings
2026-05-21 09:36:01 +0000  copying file ./Contents/Frameworks/Sparkle.framework/Versions/B/Resources/sl.lproj/Sparkle.strings ... 
2026-05-21 09:36:01 +0000  5646 bytes for ./Contents/Frameworks/Sparkle.framework/Versions/B/Resources/sl.lproj/Sparkle.strings
2026-05-21 09:36:01 +0000  copying file ./Contents/Frameworks/Sparkle.framework/Versions/B/Resources/da.lproj/Sparkle.strings ... 
2026-05-21 09:36:01 +0000  4882 bytes for ./Contents/Frameworks/Sparkle.framework/Versions/B/Resources/da.lproj/Sparkle.strings
2026-05-21 09:36:01 +0000  copying file ./Contents/Frameworks/Sparkle.framework/Versions/B/Resources/it.lproj/Sparkle.strings ... 
2026-05-21 09:36:01 +0000  10956 bytes for ./Contents/Frameworks/Sparkle.framework/Versions/B/Resources/it.lproj/Sparkle.strings
2026-05-21 09:36:01 +0000  copying file ./Contents/Frameworks/Sparkle.framework/Versions/B/Resources/sk.lproj/Sparkle.strings ... 
2026-05-21 09:36:01 +0000  5675 bytes for ./Contents/Frameworks/Sparkle.framework/Versions/B/Resources/sk.lproj/Sparkle.strings
2026-05-21 09:36:01 +0000  copying file ./Contents/Frameworks/Sparkle.framework/Versions/B/Resources/sv.lproj/Sparkle.strings ... 
2026-05-21 09:36:01 +0000  5160 bytes for ./Contents/Frameworks/Sparkle.framework/Versions/B/Resources/sv.lproj/Sparkle.strings
2026-05-21 09:36:01 +0000  copying file ./Contents/Frameworks/Sparkle.framework/Versions/B/Resources/ReleaseNotesColorStyle.css ... 
2026-05-21 09:36:01 +0000  231 bytes for ./Contents/Frameworks/Sparkle.framework/Versions/B/Resources/ReleaseNotesColorStyle.css
2026-05-21 09:36:01 +0000  copying file ./Contents/Frameworks/Sparkle.framework/Versions/B/Resources/cs.lproj/Sparkle.strings ... 
2026-05-21 09:36:01 +0000  10774 bytes for ./Contents/Frameworks/Sparkle.framework/Versions/B/Resources/cs.lproj/Sparkle.strings
2026-05-21 09:36:01 +0000  copying file ./Contents/Frameworks/Sparkle.framework/Versions/B/Resources/ko.lproj/Sparkle.strings ... 
2026-05-21 09:36:01 +0000  7797 bytes for ./Contents/Frameworks/Sparkle.framework/Versions/B/Resources/ko.lproj/Sparkle.strings
2026-05-21 09:36:01 +0000  copying file ./Contents/Frameworks/Sparkle.framework/Versions/B/Resources/Base.lproj/Sparkle.strings ... 
2026-05-21 09:36:01 +0000  6249 bytes for ./Contents/Frameworks/Sparkle.framework/Versions/B/Resources/Base.lproj/Sparkle.strings
2026-05-21 09:36:01 +0000  copying file ./Contents/Frameworks/Sparkle.framework/Versions/B/Resources/hu.lproj/Sparkle.strings ... 
2026-05-21 09:36:01 +0000  4449 bytes for ./Contents/Frameworks/Sparkle.framework/Versions/B/Resources/hu.lproj/Sparkle.strings
2026-05-21 09:36:01 +0000  copying file ./Contents/Frameworks/Sparkle.framework/Versions/B/Resources/zh_HK.lproj/Sparkle.strings ... 
2026-05-21 09:36:01 +0000  6469 bytes for ./Contents/Frameworks/Sparkle.framework/Versions/B/Resources/zh_HK.lproj/Sparkle.strings
2026-05-21 09:36:01 +0000  copying file ./Contents/Frameworks/Sparkle.framework/Versions/B/Resources/tr.lproj/Sparkle.strings ... 
2026-05-21 09:36:01 +0000  6183 bytes for ./Contents/Frameworks/Sparkle.framework/Versions/B/Resources/tr.lproj/Sparkle.strings
2026-05-21 09:36:01 +0000  copying file ./Contents/Frameworks/Sparkle.framework/Versions/B/Resources/pl.lproj/Sparkle.strings ... 
2026-05-21 09:36:01 +0000  5453 bytes for ./Contents/Frameworks/Sparkle.framework/Versions/B/Resources/pl.lproj/Sparkle.strings
2026-05-21 09:36:01 +0000  copying file ./Contents/Frameworks/Sparkle.framework/Versions/B/Resources/zh_TW.lproj/Sparkle.strings ... 
2026-05-21 09:36:01 +0000  7625 bytes for ./Contents/Frameworks/Sparkle.framework/Versions/B/Resources/zh_TW.lproj/Sparkle.strings
2026-05-21 09:36:01 +0000  copying file ./Contents/Frameworks/Sparkle.framework/Versions/B/Resources/pt-BR.lproj/Sparkle.strings ... 
2026-05-21 09:36:01 +0000  9976 bytes for ./Contents/Frameworks/Sparkle.framework/Versions/B/Resources/pt-BR.lproj/Sparkle.strings
2026-05-21 09:36:01 +0000  copying file ./Contents/Frameworks/Sparkle.framework/Versions/B/Resources/vi.lproj/Sparkle.strings ... 
2026-05-21 09:36:01 +0000  12418 bytes for ./Contents/Frameworks/Sparkle.framework/Versions/B/Resources/vi.lproj/Sparkle.strings
2026-05-21 09:36:01 +0000  copying file ./Contents/Frameworks/Sparkle.framework/Versions/B/Resources/ru.lproj/Sparkle.strings ... 
2026-05-21 09:36:01 +0000  5784 bytes for ./Contents/Frameworks/Sparkle.framework/Versions/B/Resources/ru.lproj/Sparkle.strings
2026-05-21 09:36:01 +0000  copying file ./Contents/Frameworks/Sparkle.framework/Versions/B/Resources/SUUpdatePermissionPrompt.nib/keyedobjects-110000.nib ... 
2026-05-21 09:36:01 +0000  25401 bytes for ./Contents/Frameworks/Sparkle.framework/Versions/B/Resources/SUUpdatePermissionPrompt.nib/keyedobjects-110000.nib
2026-05-21 09:36:01 +0000  copying file ./Contents/Frameworks/Sparkle.framework/Versions/B/Resources/SUUpdatePermissionPrompt.nib/keyedobjects-101300.nib ... 
2026-05-21 09:36:01 +0000  25424 bytes for ./Contents/Frameworks/Sparkle.framework/Versions/B/Resources/SUUpdatePermissionPrompt.nib/keyedobjects-101300.nib
2026-05-21 09:36:01 +0000  copying file ./Contents/Frameworks/Sparkle.framework/Versions/B/Resources/SUStatus.nib ... 
2026-05-21 09:36:01 +0000  13016 bytes for ./Contents/Frameworks/Sparkle.framework/Versions/B/Resources/SUStatus.nib
2026-05-21 09:36:01 +0000  copying file ./Contents/Frameworks/Sparkle.framework/Versions/B/Resources/SUUpdateAlert.nib ... 
2026-05-21 09:36:01 +0000  18490 bytes for ./Contents/Frameworks/Sparkle.framework/Versions/B/Resources/SUUpdateAlert.nib
2026-05-21 09:36:01 +0000  copying file ./Contents/Frameworks/Sparkle.framework/Versions/B/Resources/fr.lproj/Sparkle.strings ... 
2026-05-21 09:36:01 +0000  7855 bytes for ./Contents/Frameworks/Sparkle.framework/Versions/B/Resources/fr.lproj/Sparkle.strings
2026-05-21 09:36:01 +0000  copying file ./Contents/Frameworks/Sparkle.framework/Versions/B/Resources/fi.lproj/Sparkle.strings ... 
2026-05-21 09:36:01 +0000  3252 bytes for ./Contents/Frameworks/Sparkle.framework/Versions/B/Resources/fi.lproj/Sparkle.strings
2026-05-21 09:36:01 +0000  copying file ./Contents/Frameworks/Sparkle.framework/Versions/B/Resources/nl.lproj/Sparkle.strings ... 
2026-05-21 09:36:01 +0000  9574 bytes for ./Contents/Frameworks/Sparkle.framework/Versions/B/Resources/nl.lproj/Sparkle.strings
2026-05-21 09:36:01 +0000  copying file ./Contents/Frameworks/Sparkle.framework/Versions/B/Resources/th.lproj/Sparkle.strings ... 
2026-05-21 09:36:01 +0000  5339 bytes for ./Contents/Frameworks/Sparkle.framework/Versions/B/Resources/th.lproj/Sparkle.strings
2026-05-21 09:36:01 +0000  copying file ./Contents/Frameworks/Sparkle.framework/Versions/B/Resources/nn.lproj/Sparkle.strings ... 
2026-05-21 09:36:01 +0000  5671 bytes for ./Contents/Frameworks/Sparkle.framework/Versions/B/Resources/nn.lproj/Sparkle.strings
2026-05-21 09:36:01 +0000  copying file ./Contents/Frameworks/Sparkle.framework/Versions/B/Resources/pt-PT.lproj/Sparkle.strings ... 
2026-05-21 09:36:01 +0000  5984 bytes for ./Contents/Frameworks/Sparkle.framework/Versions/B/Resources/pt-PT.lproj/Sparkle.strings
2026-05-21 09:36:01 +0000  copying file ./Contents/Frameworks/Sparkle.framework/Versions/B/Resources/ro.lproj/Sparkle.strings ... 
2026-05-21 09:36:01 +0000  6115 bytes for ./Contents/Frameworks/Sparkle.framework/Versions/B/Resources/ro.lproj/Sparkle.strings
2026-05-21 09:36:01 +0000  copying file ./Contents/Frameworks/Sparkle.framework/Versions/B/Resources/Info.plist ... 
2026-05-21 09:36:01 +0000  1341 bytes for ./Contents/Frameworks/Sparkle.framework/Versions/B/Resources/Info.plist
2026-05-21 09:36:01 +0000  copying file ./Contents/Frameworks/Sparkle.framework/Versions/B/Resources/hr.lproj/Sparkle.strings ... 
2026-05-21 09:36:01 +0000  6367 bytes for ./Contents/Frameworks/Sparkle.framework/Versions/B/Resources/hr.lproj/Sparkle.strings
2026-05-21 09:36:01 +0000  copying file ./Contents/Frameworks/Sparkle.framework/Versions/B/Resources/ca.lproj/Sparkle.strings ... 
2026-05-21 09:36:01 +0000  3501 bytes for ./Contents/Frameworks/Sparkle.framework/Versions/B/Resources/ca.lproj/Sparkle.strings
2026-05-21 09:36:01 +0000  copying file ./Contents/Frameworks/Sparkle.framework/Versions/B/Autoupdate ... 
2026-05-21 09:36:01 +0000  709584 bytes for ./Contents/Frameworks/Sparkle.framework/Versions/B/Autoupdate
2026-05-21 09:36:01 +0000  copying file ./Contents/Frameworks/Sparkle.framework/Versions/B/Updater.app/Contents/_CodeSignature/CodeResources ... 
2026-05-21 09:36:01 +0000  2446 bytes for ./Contents/Frameworks/Sparkle.framework/Versions/B/Updater.app/Contents/_CodeSignature/CodeResources
2026-05-21 09:36:01 +0000  copying file ./Contents/Frameworks/Sparkle.framework/Versions/B/Updater.app/Contents/MacOS/Updater ... 
2026-05-21 09:36:01 +0000  290560 bytes for ./Contents/Frameworks/Sparkle.framework/Versions/B/Updater.app/Contents/MacOS/Updater
2026-05-21 09:36:01 +0000  copying file ./Contents/Frameworks/Sparkle.framework/Versions/B/Updater.app/Contents/Resources/SUStatus.nib ... 
2026-05-21 09:36:01 +0000  13016 bytes for ./Contents/Frameworks/Sparkle.framework/Versions/B/Updater.app/Contents/Resources/SUStatus.nib
2026-05-21 09:36:01 +0000  copying file ./Contents/Frameworks/Sparkle.framework/Versions/B/Updater.app/Contents/Info.plist ... 
2026-05-21 09:36:01 +0000  2400 bytes for ./Contents/Frameworks/Sparkle.framework/Versions/B/Updater.app/Contents/Info.plist
2026-05-21 09:36:01 +0000  copying file ./Contents/Frameworks/Sparkle.framework/Versions/B/Updater.app/Contents/PkgInfo ... 
2026-05-21 09:36:01 +0000  8 bytes for ./Contents/Frameworks/Sparkle.framework/Versions/B/Updater.app/Contents/PkgInfo
2026-05-21 09:36:01 +0000  copying file ./Contents/Frameworks/Sparkle.framework/Versions/B/XPCServices/Downloader.xpc/Contents/_CodeSignature/CodeResources ... 
2026-05-21 09:36:01 +0000  2200 bytes for ./Contents/Frameworks/Sparkle.framework/Versions/B/XPCServices/Downloader.xpc/Contents/_CodeSignature/CodeResources
2026-05-21 09:36:01 +0000  copying file ./Contents/Frameworks/Sparkle.framework/Versions/B/XPCServices/Downloader.xpc/Contents/MacOS/Downloader ... 
2026-05-21 09:36:01 +0000  172240 bytes for ./Contents/Frameworks/Sparkle.framework/Versions/B/XPCServices/Downloader.xpc/Contents/MacOS/Downloader
2026-05-21 09:36:01 +0000  copying file ./Contents/Frameworks/Sparkle.framework/Versions/B/XPCServices/Downloader.xpc/Contents/Info.plist ... 
2026-05-21 09:36:01 +0000  1717 bytes for ./Contents/Frameworks/Sparkle.framework/Versions/B/XPCServices/Downloader.xpc/Contents/Info.plist
2026-05-21 09:36:01 +0000  copying file ./Contents/Frameworks/Sparkle.framework/Versions/B/XPCServices/Installer.xpc/Contents/_CodeSignature/CodeResources ... 
2026-05-21 09:36:01 +0000  2200 bytes for ./Contents/Frameworks/Sparkle.framework/Versions/B/XPCServices/Installer.xpc/Contents/_CodeSignature/CodeResources
2026-05-21 09:36:01 +0000  copying file ./Contents/Frameworks/Sparkle.framework/Versions/B/XPCServices/Installer.xpc/Contents/MacOS/Installer ... 
2026-05-21 09:36:01 +0000  223472 bytes for ./Contents/Frameworks/Sparkle.framework/Versions/B/XPCServices/Installer.xpc/Contents/MacOS/Installer
2026-05-21 09:36:01 +0000  copying file ./Contents/Frameworks/Sparkle.framework/Versions/B/XPCServices/Installer.xpc/Contents/Info.plist ... 
2026-05-21 09:36:01 +0000  1605 bytes for ./Contents/Frameworks/Sparkle.framework/Versions/B/XPCServices/Installer.xpc/Contents/Info.plist
2026-05-21 09:36:01 +0000  copying file ./Contents/Frameworks/Sparkle.framework/Versions/B/Sparkle ... 
2026-05-21 09:36:01 +0000  977808 bytes for ./Contents/Frameworks/Sparkle.framework/Versions/B/Sparkle
2026-05-21 09:36:01 +0000  copying symlink ./Contents/Frameworks/Sparkle.framework/Autoupdate ... 
2026-05-21 09:36:01 +0000  linked ./Contents/Frameworks/Sparkle.framework/Autoupdate
2026-05-21 09:36:01 +0000  copying symlink ./Contents/Frameworks/Sparkle.framework/Updater.app ... 
2026-05-21 09:36:01 +0000  linked ./Contents/Frameworks/Sparkle.framework/Updater.app
2026-05-21 09:36:01 +0000  copying symlink ./Contents/Frameworks/Sparkle.framework/XPCServices ... 
2026-05-21 09:36:01 +0000  linked ./Contents/Frameworks/Sparkle.framework/XPCServices
2026-05-21 09:36:01 +0000  copying symlink ./Contents/Frameworks/Sparkle.framework/Sparkle ... 
2026-05-21 09:36:01 +0000  linked ./Contents/Frameworks/Sparkle.framework/Sparkle
2026-05-21 09:36:01 +0000  copying file ./Contents/Info.plist ... 
2026-05-21 09:36:01 +0000  2505 bytes for ./Contents/Info.plist
2026-05-21 09:36:01 +0000  copying file ./Contents/PkgInfo ... 
2026-05-21 09:36:01 +0000  8 bytes for ./Contents/PkgInfo
2026-05-21 09:36:01 +0000 [MT] /usr/bin/ditto exited with 0
2026-05-21 09:36:01 +0000 [MT] Processing step: IDEDistributionEmbedProfileStep
2026-05-21 09:36:01 +0000 [MT] Skipping profile for item: <IDEDistributionItem: 0xc587f8540; bundleID='org.sparkle-project.DownloaderService', path='<DVTFilePath:0xc587ded60:'/Users/jasonlee/Coding/App/Notch/Releases/WaveNotch.xcarchive/Products/Applications/WaveNotch.app/Contents/Frameworks/Sparkle.framework/Versions/B/XPCServices/Downloader.xpc'>', codeSigningInfo='<_DVTCodeSigningInformation_Path: 0xc587f84e0; isSigned='1', isAdHocSigned='1', signingCertificate='(null)', entitlements='{
}', teamID='(null)', identifier='org.sparkle-project.DownloaderService', executablePath='<DVTFilePath:0xc587df180:'/Users/jasonlee/Coding/App/Notch/Releases/WaveNotch.xcarchive/Products/Applications/WaveNotch.app/Contents/Frameworks/Sparkle.framework/Versions/B/XPCServices/Downloader.xpc/Contents/MacOS/Downloader'>', hardenedRuntime='1'>'>
2026-05-21 09:36:01 +0000 [MT] Skipping profile for item: <IDEDistributionItem: 0xc587f86c0; bundleID='org.sparkle-project.InstallerLauncher', path='<DVTFilePath:0xc587df420:'/Users/jasonlee/Coding/App/Notch/Releases/WaveNotch.xcarchive/Products/Applications/WaveNotch.app/Contents/Frameworks/Sparkle.framework/Versions/B/XPCServices/Installer.xpc'>', codeSigningInfo='<_DVTCodeSigningInformation_Path: 0xc587f8660; isSigned='1', isAdHocSigned='1', signingCertificate='(null)', entitlements='{
}', teamID='(null)', identifier='org.sparkle-project.InstallerLauncher', executablePath='<DVTFilePath:0xc587df840:'/Users/jasonlee/Coding/App/Notch/Releases/WaveNotch.xcarchive/Products/Applications/WaveNotch.app/Contents/Frameworks/Sparkle.framework/Versions/B/XPCServices/Installer.xpc/Contents/MacOS/Installer'>', hardenedRuntime='1'>'>
2026-05-21 09:36:01 +0000 [MT] Skipping profile for item: <IDEDistributionItem: 0xc587f8600; bundleID='(null)', path='<DVTFilePath:0xc587de280:'/Users/jasonlee/Coding/App/Notch/Releases/WaveNotch.xcarchive/Products/Applications/WaveNotch.app/Contents/Frameworks/Sparkle.framework/Versions/B/Autoupdate'>', codeSigningInfo='<_DVTCodeSigningInformation_Path: 0xc587f85a0; isSigned='1', isAdHocSigned='1', signingCertificate='(null)', entitlements='{
    "com.apple.application-identifier" = "org.sparkle-project.Sparkle.Autoupdate";
}', teamID='(null)', identifier='Autoupdate-55554944c885cecb77e63656933767b4dcfffd2f', executablePath='<DVTFilePath:0xc587de280:'/Users/jasonlee/Coding/App/Notch/Releases/WaveNotch.xcarchive/Products/Applications/WaveNotch.app/Contents/Frameworks/Sparkle.framework/Versions/B/Autoupdate'>', hardenedRuntime='1'>'>
2026-05-21 09:36:01 +0000 [MT] Skipping profile for item: <IDEDistributionItem: 0xc587f8480; bundleID='org.sparkle-project.Sparkle.Updater', path='<DVTFilePath:0xc587de340:'/Users/jasonlee/Coding/App/Notch/Releases/WaveNotch.xcarchive/Products/Applications/WaveNotch.app/Contents/Frameworks/Sparkle.framework/Versions/B/Updater.app'>', codeSigningInfo='<_DVTCodeSigningInformation_Path: 0xc587f8420; isSigned='1', isAdHocSigned='1', signingCertificate='(null)', entitlements='{
}', teamID='(null)', identifier='org.sparkle-project.Sparkle.Updater', executablePath='<DVTFilePath:0xc587de760:'/Users/jasonlee/Coding/App/Notch/Releases/WaveNotch.xcarchive/Products/Applications/WaveNotch.app/Contents/Frameworks/Sparkle.framework/Versions/B/Updater.app/Contents/MacOS/Updater'>', hardenedRuntime='1'>'>
2026-05-21 09:36:01 +0000 [MT] Skipping profile for item: <IDEDistributionItem: 0xc587f87e0; bundleID='org.sparkle-project.Sparkle', path='<DVTFilePath:0xc587cd740:'/Users/jasonlee/Coding/App/Notch/Releases/WaveNotch.xcarchive/Products/Applications/WaveNotch.app/Contents/Frameworks/Sparkle.framework/Versions/B'>', codeSigningInfo='<_DVTCodeSigningInformation_Path: 0xc587f8720; isSigned='1', isAdHocSigned='0', signingCertificate='<DVTSigningCertificate: 0xc5a2a33c0; name='Apple Development: Jason Lee (RN6M8398VW)', hash='041533656BED0F4DA7FD7FF1A04B0593B4A5DAD5', serialNumber='76281743141AD3D139F56A35DD37AD1E', certificateKinds='(
    "1.2.840.113635.100.6.1.12",
    "1.2.840.113635.100.6.1.2"
), issueDate='2026-04-07 22:07:59 +0000''>', entitlements='(null)', teamID='5WH7G6L8BA', identifier='org.sparkle-project.Sparkle', executablePath='<DVTFilePath:0xc587dfb40:'/Users/jasonlee/Coding/App/Notch/Releases/WaveNotch.xcarchive/Products/Applications/WaveNotch.app/Contents/Frameworks/Sparkle.framework/Versions/B/Sparkle'>', hardenedRuntime='1'>'>
2026-05-21 09:36:01 +0000 [MT] Skipping profile for item: <IDEDistributionItem: 0xc587f8840; bundleID='com.jason.WaveNotch', path='<DVTFilePath:0xc587156e0:'/Users/jasonlee/Coding/App/Notch/Releases/WaveNotch.xcarchive/Products/Applications/WaveNotch.app'>', codeSigningInfo='<_DVTCodeSigningInformation_Path: 0xc587f88a0; isSigned='1', isAdHocSigned='0', signingCertificate='<DVTSigningCertificate: 0xc5a2a33c0; name='Apple Development: Jason Lee (RN6M8398VW)', hash='041533656BED0F4DA7FD7FF1A04B0593B4A5DAD5', serialNumber='76281743141AD3D139F56A35DD37AD1E', certificateKinds='(
    "1.2.840.113635.100.6.1.12",
    "1.2.840.113635.100.6.1.2"
), issueDate='2026-04-07 22:07:59 +0000''>', entitlements='{
    "com.apple.security.automation.apple-events" = 1;
    "com.apple.security.personal-information.calendars" = 1;
}', teamID='5WH7G6L8BA', identifier='com.jason.WaveNotch', executablePath='<DVTFilePath:0xc58716c40:'/Users/jasonlee/Coding/App/Notch/Releases/WaveNotch.xcarchive/Products/Applications/WaveNotch.app/Contents/MacOS/WaveNotch'>', hardenedRuntime='1'>'>
2026-05-21 09:36:01 +0000 [MT] Processing step: IDEDistributionInfoPlistStep
2026-05-21 09:36:01 +0000 [MT] Skipping step: IDEDistributionInfoPlistStep because it said so
2026-05-21 09:36:01 +0000 [MT] Skipping step: IDEDistributionInfoPlistStep because it said so
2026-05-21 09:36:01 +0000 [MT] Skipping step: IDEDistributionInfoPlistStep because it said so
2026-05-21 09:36:01 +0000 [MT] Skipping step: IDEDistributionInfoPlistStep because it said so
2026-05-21 09:36:01 +0000 [MT] Skipping step: IDEDistributionInfoPlistStep because it said so
2026-05-21 09:36:01 +0000 [MT] Skipping step: IDEDistributionInfoPlistStep because it said so
2026-05-21 09:36:01 +0000 [MT] Processing step: IDEDistributionAppThinningPlistStep
2026-05-21 09:36:01 +0000 [MT] Processing step: IDEDistributionSymbolsStep
2026-05-21 09:36:01 +0000 [MT] Skipping step: IDEDistributionSymbolsStep because it said so
2026-05-21 09:36:01 +0000 [MT] Processing step: IDEDistributionAppThinningStep
2026-05-21 09:36:01 +0000 [MT] Skipping step: IDEDistributionAppThinningStep because it said so
2026-05-21 09:36:01 +0000 [MT] Processing step: IDEDistributionArchThinningStep
2026-05-21 09:36:01 +0000 [MT] Archs to thin for item /Users/jasonlee/Coding/App/Notch/Releases/WaveNotch.xcarchive/Products/Applications/WaveNotch.app/Contents/Frameworks/Sparkle.framework/Versions/B/XPCServices/Downloader.xpc are []
2026-05-21 09:36:01 +0000 [MT] Archs to thin for item /Users/jasonlee/Coding/App/Notch/Releases/WaveNotch.xcarchive/Products/Applications/WaveNotch.app/Contents/Frameworks/Sparkle.framework/Versions/B/XPCServices/Installer.xpc are []
2026-05-21 09:36:01 +0000 [MT] Archs to thin for item /Users/jasonlee/Coding/App/Notch/Releases/WaveNotch.xcarchive/Products/Applications/WaveNotch.app/Contents/Frameworks/Sparkle.framework/Versions/B/Autoupdate are []
2026-05-21 09:36:01 +0000 [MT] Archs to thin for item /Users/jasonlee/Coding/App/Notch/Releases/WaveNotch.xcarchive/Products/Applications/WaveNotch.app/Contents/Frameworks/Sparkle.framework/Versions/B/Updater.app are []
2026-05-21 09:36:01 +0000 [MT] Archs to thin for item /Users/jasonlee/Coding/App/Notch/Releases/WaveNotch.xcarchive/Products/Applications/WaveNotch.app/Contents/Frameworks/Sparkle.framework/Versions/B are []
2026-05-21 09:36:01 +0000 [MT] Archs to thin for item /Users/jasonlee/Coding/App/Notch/Releases/WaveNotch.xcarchive/Products/Applications/WaveNotch.app are []
2026-05-21 09:36:01 +0000 [MT] Processing step: IDEDistributionODRStep
2026-05-21 09:36:01 +0000 [MT] Processing step: IDEDistributionStripXattrsStep
2026-05-21 09:36:01 +0000 [MT] Skipping stripping extended attributes because the codesign step will strip them.
2026-05-21 09:36:01 +0000 [MT] Skipping stripping extended attributes because the codesign step will strip them.
2026-05-21 09:36:01 +0000 [MT] Skipping stripping extended attributes because the codesign step will strip them.
2026-05-21 09:36:01 +0000 [MT] Skipping stripping extended attributes because the codesign step will strip them.
2026-05-21 09:36:01 +0000 [MT] Skipping stripping extended attributes because the codesign step will strip them.
2026-05-21 09:36:01 +0000 [MT] Skipping stripping extended attributes because the codesign step will strip them.
2026-05-21 09:36:01 +0000 [MT] Processing step: IDEDistributionCodesignStep
2026-05-21 09:36:01 +0000 [MT] Entitlements for <IDEDistributionItem: 0xc587f8540; bundleID='org.sparkle-project.DownloaderService', path='<DVTFilePath:0xc587ded60:'/Users/jasonlee/Coding/App/Notch/Releases/WaveNotch.xcarchive/Products/Applications/WaveNotch.app/Contents/Frameworks/Sparkle.framework/Versions/B/XPCServices/Downloader.xpc'>', codeSigningInfo='<_DVTCodeSigningInformation_Path: 0xc587f84e0; isSigned='1', isAdHocSigned='1', signingCertificate='(null)', entitlements='{
}', teamID='(null)', identifier='org.sparkle-project.DownloaderService', executablePath='<DVTFilePath:0xc587df180:'/Users/jasonlee/Coding/App/Notch/Releases/WaveNotch.xcarchive/Products/Applications/WaveNotch.app/Contents/Frameworks/Sparkle.framework/Versions/B/XPCServices/Downloader.xpc/Contents/MacOS/Downloader'>', hardenedRuntime='1'>'>: {
}
2026-05-21 09:36:01 +0000 [MT] Associated App Clip Identifiers Filter: Skipping because "com.apple.developer.associated-appclip-app-identifiers" is not present
2026-05-21 09:36:01 +0000 [MT] Entitlements for <IDEDistributionItem: 0xc587f8540; bundleID='org.sparkle-project.DownloaderService', path='<DVTFilePath:0xc587ded60:'/Users/jasonlee/Coding/App/Notch/Releases/WaveNotch.xcarchive/Products/Applications/WaveNotch.app/Contents/Frameworks/Sparkle.framework/Versions/B/XPCServices/Downloader.xpc'>', codeSigningInfo='<_DVTCodeSigningInformation_Path: 0xc587f84e0; isSigned='1', isAdHocSigned='1', signingCertificate='(null)', entitlements='{
}', teamID='(null)', identifier='org.sparkle-project.DownloaderService', executablePath='<DVTFilePath:0xc587df180:'/Users/jasonlee/Coding/App/Notch/Releases/WaveNotch.xcarchive/Products/Applications/WaveNotch.app/Contents/Frameworks/Sparkle.framework/Versions/B/XPCServices/Downloader.xpc/Contents/MacOS/Downloader'>', hardenedRuntime='1'>'> are: {
}
2026-05-21 09:36:01 +0000 [MT] Writing entitlements for <IDEDistributionItem: 0xc587f8540; bundleID='org.sparkle-project.DownloaderService', path='<DVTFilePath:0xc587ded60:'/Users/jasonlee/Coding/App/Notch/Releases/WaveNotch.xcarchive/Products/Applications/WaveNotch.app/Contents/Frameworks/Sparkle.framework/Versions/B/XPCServices/Downloader.xpc'>', codeSigningInfo='<_DVTCodeSigningInformation_Path: 0xc587f84e0; isSigned='1', isAdHocSigned='1', signingCertificate='(null)', entitlements='{
}', teamID='(null)', identifier='org.sparkle-project.DownloaderService', executablePath='<DVTFilePath:0xc587df180:'/Users/jasonlee/Coding/App/Notch/Releases/WaveNotch.xcarchive/Products/Applications/WaveNotch.app/Contents/Frameworks/Sparkle.framework/Versions/B/XPCServices/Downloader.xpc/Contents/MacOS/Downloader'>', hardenedRuntime='1'>'> to: /var/folders/58/x3r0kb555c976sycl3kyjtgc0000gn/T/XcodeDistPipeline.~~~MA9i0u/entitlements~~~aUEAEe
2026-05-21 09:36:01 +0000 [MT] invoking codesign: <NSConcreteTask: 0xc59646ad0; launchPath='/usr/bin/codesign', arguments='(
    "-f",
    "-s",
    BFB82AE477A9B5C6EFE4F6448A339E1DF4282AA4,
    "--entitlements",
    "/var/folders/58/x3r0kb555c976sycl3kyjtgc0000gn/T/XcodeDistPipeline.~~~MA9i0u/entitlements~~~aUEAEe",
    "--requirements",
    "=designated => anchor apple generic  and identifier \"$self.identifier\" and ((cert leaf[field.1.2.840.113635.100.6.1.9] exists) or ( certificate 1[field.1.2.840.113635.100.6.2.6] exists and certificate leaf[field.1.2.840.113635.100.6.1.13] exists  and certificate leaf[subject.OU] = \"5WH7G6L8BA\" ))",
    "--preserve-metadata=identifier,flags,runtime,launch-constraints,library-constraints",
    "--generate-entitlement-der",
    "--strip-disallowed-xattrs",
    "-vvv",
    "/var/folders/58/x3r0kb555c976sycl3kyjtgc0000gn/T/XcodeDistPipeline.~~~MA9i0u/Root/Applications/WaveNotch.app/Contents/Frameworks/Sparkle.framework/Versions/B/XPCServices/Downloader.xpc"
)'>
2026-05-21 09:36:10 +0000 [MT] codesign output: /var/folders/58/x3r0kb555c976sycl3kyjtgc0000gn/T/XcodeDistPipeline.~~~MA9i0u/Root/Applications/WaveNotch.app/Contents/Frameworks/Sparkle.framework/Versions/B/XPCServices/Downloader.xpc: replacing existing signature
/var/folders/58/x3r0kb555c976sycl3kyjtgc0000gn/T/XcodeDistPipeline.~~~MA9i0u/Root/Applications/WaveNotch.app/Contents/Frameworks/Sparkle.framework/Versions/B/XPCServices/Downloader.xpc: signed bundle with Mach-O universal (x86_64 arm64) [org.sparkle-project.DownloaderService]
2026-05-21 09:36:10 +0000 [MT] Entitlements for <IDEDistributionItem: 0xc587f86c0; bundleID='org.sparkle-project.InstallerLauncher', path='<DVTFilePath:0xc587df420:'/Users/jasonlee/Coding/App/Notch/Releases/WaveNotch.xcarchive/Products/Applications/WaveNotch.app/Contents/Frameworks/Sparkle.framework/Versions/B/XPCServices/Installer.xpc'>', codeSigningInfo='<_DVTCodeSigningInformation_Path: 0xc587f8660; isSigned='1', isAdHocSigned='1', signingCertificate='(null)', entitlements='{
}', teamID='(null)', identifier='org.sparkle-project.InstallerLauncher', executablePath='<DVTFilePath:0xc587df840:'/Users/jasonlee/Coding/App/Notch/Releases/WaveNotch.xcarchive/Products/Applications/WaveNotch.app/Contents/Frameworks/Sparkle.framework/Versions/B/XPCServices/Installer.xpc/Contents/MacOS/Installer'>', hardenedRuntime='1'>'>: {
}
2026-05-21 09:36:10 +0000 [MT] Associated App Clip Identifiers Filter: Skipping because "com.apple.developer.associated-appclip-app-identifiers" is not present
2026-05-21 09:36:10 +0000 [MT] Entitlements for <IDEDistributionItem: 0xc587f86c0; bundleID='org.sparkle-project.InstallerLauncher', path='<DVTFilePath:0xc587df420:'/Users/jasonlee/Coding/App/Notch/Releases/WaveNotch.xcarchive/Products/Applications/WaveNotch.app/Contents/Frameworks/Sparkle.framework/Versions/B/XPCServices/Installer.xpc'>', codeSigningInfo='<_DVTCodeSigningInformation_Path: 0xc587f8660; isSigned='1', isAdHocSigned='1', signingCertificate='(null)', entitlements='{
}', teamID='(null)', identifier='org.sparkle-project.InstallerLauncher', executablePath='<DVTFilePath:0xc587df840:'/Users/jasonlee/Coding/App/Notch/Releases/WaveNotch.xcarchive/Products/Applications/WaveNotch.app/Contents/Frameworks/Sparkle.framework/Versions/B/XPCServices/Installer.xpc/Contents/MacOS/Installer'>', hardenedRuntime='1'>'> are: {
}
2026-05-21 09:36:10 +0000 [MT] Writing entitlements for <IDEDistributionItem: 0xc587f86c0; bundleID='org.sparkle-project.InstallerLauncher', path='<DVTFilePath:0xc587df420:'/Users/jasonlee/Coding/App/Notch/Releases/WaveNotch.xcarchive/Products/Applications/WaveNotch.app/Contents/Frameworks/Sparkle.framework/Versions/B/XPCServices/Installer.xpc'>', codeSigningInfo='<_DVTCodeSigningInformation_Path: 0xc587f8660; isSigned='1', isAdHocSigned='1', signingCertificate='(null)', entitlements='{
}', teamID='(null)', identifier='org.sparkle-project.InstallerLauncher', executablePath='<DVTFilePath:0xc587df840:'/Users/jasonlee/Coding/App/Notch/Releases/WaveNotch.xcarchive/Products/Applications/WaveNotch.app/Contents/Frameworks/Sparkle.framework/Versions/B/XPCServices/Installer.xpc/Contents/MacOS/Installer'>', hardenedRuntime='1'>'> to: /var/folders/58/x3r0kb555c976sycl3kyjtgc0000gn/T/XcodeDistPipeline.~~~MA9i0u/entitlements~~~YMYJCt
2026-05-21 09:36:10 +0000 [MT] invoking codesign: <NSConcreteTask: 0xc5a410460; launchPath='/usr/bin/codesign', arguments='(
    "-f",
    "-s",
    BFB82AE477A9B5C6EFE4F6448A339E1DF4282AA4,
    "--entitlements",
    "/var/folders/58/x3r0kb555c976sycl3kyjtgc0000gn/T/XcodeDistPipeline.~~~MA9i0u/entitlements~~~YMYJCt",
    "--requirements",
    "=designated => anchor apple generic  and identifier \"$self.identifier\" and ((cert leaf[field.1.2.840.113635.100.6.1.9] exists) or ( certificate 1[field.1.2.840.113635.100.6.2.6] exists and certificate leaf[field.1.2.840.113635.100.6.1.13] exists  and certificate leaf[subject.OU] = \"5WH7G6L8BA\" ))",
    "--preserve-metadata=identifier,flags,runtime,launch-constraints,library-constraints",
    "--generate-entitlement-der",
    "--strip-disallowed-xattrs",
    "-vvv",
    "/var/folders/58/x3r0kb555c976sycl3kyjtgc0000gn/T/XcodeDistPipeline.~~~MA9i0u/Root/Applications/WaveNotch.app/Contents/Frameworks/Sparkle.framework/Versions/B/XPCServices/Installer.xpc"
)'>
2026-05-21 09:36:10 +0000 [MT] codesign output: /var/folders/58/x3r0kb555c976sycl3kyjtgc0000gn/T/XcodeDistPipeline.~~~MA9i0u/Root/Applications/WaveNotch.app/Contents/Frameworks/Sparkle.framework/Versions/B/XPCServices/Installer.xpc: replacing existing signature
/var/folders/58/x3r0kb555c976sycl3kyjtgc0000gn/T/XcodeDistPipeline.~~~MA9i0u/Root/Applications/WaveNotch.app/Contents/Frameworks/Sparkle.framework/Versions/B/XPCServices/Installer.xpc: signed bundle with Mach-O universal (x86_64 arm64) [org.sparkle-project.InstallerLauncher]
2026-05-21 09:36:10 +0000 [MT] Entitlements for <IDEDistributionItem: 0xc587f8600; bundleID='(null)', path='<DVTFilePath:0xc587de280:'/Users/jasonlee/Coding/App/Notch/Releases/WaveNotch.xcarchive/Products/Applications/WaveNotch.app/Contents/Frameworks/Sparkle.framework/Versions/B/Autoupdate'>', codeSigningInfo='<_DVTCodeSigningInformation_Path: 0xc587f85a0; isSigned='1', isAdHocSigned='1', signingCertificate='(null)', entitlements='{
    "com.apple.application-identifier" = "org.sparkle-project.Sparkle.Autoupdate";
}', teamID='(null)', identifier='Autoupdate-55554944c885cecb77e63656933767b4dcfffd2f', executablePath='<DVTFilePath:0xc587de280:'/Users/jasonlee/Coding/App/Notch/Releases/WaveNotch.xcarchive/Products/Applications/WaveNotch.app/Contents/Frameworks/Sparkle.framework/Versions/B/Autoupdate'>', hardenedRuntime='1'>'>: {
    "com.apple.application-identifier" = "org.sparkle-project.Sparkle.Autoupdate";
}
2026-05-21 09:36:10 +0000 [MT] Associated App Clip Identifiers Filter: Skipping because "com.apple.developer.associated-appclip-app-identifiers" is not present
2026-05-21 09:36:10 +0000 [MT] Entitlements for <IDEDistributionItem: 0xc587f8600; bundleID='(null)', path='<DVTFilePath:0xc587de280:'/Users/jasonlee/Coding/App/Notch/Releases/WaveNotch.xcarchive/Products/Applications/WaveNotch.app/Contents/Frameworks/Sparkle.framework/Versions/B/Autoupdate'>', codeSigningInfo='<_DVTCodeSigningInformation_Path: 0xc587f85a0; isSigned='1', isAdHocSigned='1', signingCertificate='(null)', entitlements='{
    "com.apple.application-identifier" = "org.sparkle-project.Sparkle.Autoupdate";
}', teamID='(null)', identifier='Autoupdate-55554944c885cecb77e63656933767b4dcfffd2f', executablePath='<DVTFilePath:0xc587de280:'/Users/jasonlee/Coding/App/Notch/Releases/WaveNotch.xcarchive/Products/Applications/WaveNotch.app/Contents/Frameworks/Sparkle.framework/Versions/B/Autoupdate'>', hardenedRuntime='1'>'> are: {
    "com.apple.application-identifier" = "org.sparkle-project.Sparkle.Autoupdate";
}
2026-05-21 09:36:10 +0000 [MT] Writing entitlements for <IDEDistributionItem: 0xc587f8600; bundleID='(null)', path='<DVTFilePath:0xc587de280:'/Users/jasonlee/Coding/App/Notch/Releases/WaveNotch.xcarchive/Products/Applications/WaveNotch.app/Contents/Frameworks/Sparkle.framework/Versions/B/Autoupdate'>', codeSigningInfo='<_DVTCodeSigningInformation_Path: 0xc587f85a0; isSigned='1', isAdHocSigned='1', signingCertificate='(null)', entitlements='{
    "com.apple.application-identifier" = "org.sparkle-project.Sparkle.Autoupdate";
}', teamID='(null)', identifier='Autoupdate-55554944c885cecb77e63656933767b4dcfffd2f', executablePath='<DVTFilePath:0xc587de280:'/Users/jasonlee/Coding/App/Notch/Releases/WaveNotch.xcarchive/Products/Applications/WaveNotch.app/Contents/Frameworks/Sparkle.framework/Versions/B/Autoupdate'>', hardenedRuntime='1'>'> to: /var/folders/58/x3r0kb555c976sycl3kyjtgc0000gn/T/XcodeDistPipeline.~~~MA9i0u/entitlements~~~cGLUX8
2026-05-21 09:36:10 +0000 [MT] invoking codesign: <NSConcreteTask: 0xc5a4104b0; launchPath='/usr/bin/codesign', arguments='(
    "-f",
    "-s",
    BFB82AE477A9B5C6EFE4F6448A339E1DF4282AA4,
    "--entitlements",
    "/var/folders/58/x3r0kb555c976sycl3kyjtgc0000gn/T/XcodeDistPipeline.~~~MA9i0u/entitlements~~~cGLUX8",
    "--requirements",
    "=designated => anchor apple generic  and identifier \"$self.identifier\" and ((cert leaf[field.1.2.840.113635.100.6.1.9] exists) or ( certificate 1[field.1.2.840.113635.100.6.2.6] exists and certificate leaf[field.1.2.840.113635.100.6.1.13] exists  and certificate leaf[subject.OU] = \"5WH7G6L8BA\" ))",
    "--preserve-metadata=identifier,flags,runtime,launch-constraints,library-constraints",
    "--generate-entitlement-der",
    "--strip-disallowed-xattrs",
    "-vvv",
    "/var/folders/58/x3r0kb555c976sycl3kyjtgc0000gn/T/XcodeDistPipeline.~~~MA9i0u/Root/Applications/WaveNotch.app/Contents/Frameworks/Sparkle.framework/Versions/B/Autoupdate"
)'>
2026-05-21 09:36:11 +0000 [MT] codesign output: /var/folders/58/x3r0kb555c976sycl3kyjtgc0000gn/T/XcodeDistPipeline.~~~MA9i0u/Root/Applications/WaveNotch.app/Contents/Frameworks/Sparkle.framework/Versions/B/Autoupdate: replacing existing signature
/var/folders/58/x3r0kb555c976sycl3kyjtgc0000gn/T/XcodeDistPipeline.~~~MA9i0u/Root/Applications/WaveNotch.app/Contents/Frameworks/Sparkle.framework/Versions/B/Autoupdate: signed Mach-O universal (x86_64 arm64) [Autoupdate-55554944c885cecb77e63656933767b4dcfffd2f]
2026-05-21 09:36:11 +0000 [MT] Entitlements for <IDEDistributionItem: 0xc587f8480; bundleID='org.sparkle-project.Sparkle.Updater', path='<DVTFilePath:0xc587de340:'/Users/jasonlee/Coding/App/Notch/Releases/WaveNotch.xcarchive/Products/Applications/WaveNotch.app/Contents/Frameworks/Sparkle.framework/Versions/B/Updater.app'>', codeSigningInfo='<_DVTCodeSigningInformation_Path: 0xc587f8420; isSigned='1', isAdHocSigned='1', signingCertificate='(null)', entitlements='{
}', teamID='(null)', identifier='org.sparkle-project.Sparkle.Updater', executablePath='<DVTFilePath:0xc587de760:'/Users/jasonlee/Coding/App/Notch/Releases/WaveNotch.xcarchive/Products/Applications/WaveNotch.app/Contents/Frameworks/Sparkle.framework/Versions/B/Updater.app/Contents/MacOS/Updater'>', hardenedRuntime='1'>'>: {
}
2026-05-21 09:36:11 +0000 [MT] Associated App Clip Identifiers Filter: Skipping because "com.apple.developer.associated-appclip-app-identifiers" is not present
2026-05-21 09:36:11 +0000 [MT] Entitlements for <IDEDistributionItem: 0xc587f8480; bundleID='org.sparkle-project.Sparkle.Updater', path='<DVTFilePath:0xc587de340:'/Users/jasonlee/Coding/App/Notch/Releases/WaveNotch.xcarchive/Products/Applications/WaveNotch.app/Contents/Frameworks/Sparkle.framework/Versions/B/Updater.app'>', codeSigningInfo='<_DVTCodeSigningInformation_Path: 0xc587f8420; isSigned='1', isAdHocSigned='1', signingCertificate='(null)', entitlements='{
}', teamID='(null)', identifier='org.sparkle-project.Sparkle.Updater', executablePath='<DVTFilePath:0xc587de760:'/Users/jasonlee/Coding/App/Notch/Releases/WaveNotch.xcarchive/Products/Applications/WaveNotch.app/Contents/Frameworks/Sparkle.framework/Versions/B/Updater.app/Contents/MacOS/Updater'>', hardenedRuntime='1'>'> are: {
}
2026-05-21 09:36:11 +0000 [MT] Writing entitlements for <IDEDistributionItem: 0xc587f8480; bundleID='org.sparkle-project.Sparkle.Updater', path='<DVTFilePath:0xc587de340:'/Users/jasonlee/Coding/App/Notch/Releases/WaveNotch.xcarchive/Products/Applications/WaveNotch.app/Contents/Frameworks/Sparkle.framework/Versions/B/Updater.app'>', codeSigningInfo='<_DVTCodeSigningInformation_Path: 0xc587f8420; isSigned='1', isAdHocSigned='1', signingCertificate='(null)', entitlements='{
}', teamID='(null)', identifier='org.sparkle-project.Sparkle.Updater', executablePath='<DVTFilePath:0xc587de760:'/Users/jasonlee/Coding/App/Notch/Releases/WaveNotch.xcarchive/Products/Applications/WaveNotch.app/Contents/Frameworks/Sparkle.framework/Versions/B/Updater.app/Contents/MacOS/Updater'>', hardenedRuntime='1'>'> to: /var/folders/58/x3r0kb555c976sycl3kyjtgc0000gn/T/XcodeDistPipeline.~~~MA9i0u/entitlements~~~wZjyCR
2026-05-21 09:36:11 +0000 [MT] invoking codesign: <NSConcreteTask: 0xc5a410460; launchPath='/usr/bin/codesign', arguments='(
    "-f",
    "-s",
    BFB82AE477A9B5C6EFE4F6448A339E1DF4282AA4,
    "--entitlements",
    "/var/folders/58/x3r0kb555c976sycl3kyjtgc0000gn/T/XcodeDistPipeline.~~~MA9i0u/entitlements~~~wZjyCR",
    "--requirements",
    "=designated => anchor apple generic  and identifier \"$self.identifier\" and ((cert leaf[field.1.2.840.113635.100.6.1.9] exists) or ( certificate 1[field.1.2.840.113635.100.6.2.6] exists and certificate leaf[field.1.2.840.113635.100.6.1.13] exists  and certificate leaf[subject.OU] = \"5WH7G6L8BA\" ))",
    "--preserve-metadata=identifier,flags,runtime,launch-constraints,library-constraints",
    "--generate-entitlement-der",
    "--strip-disallowed-xattrs",
    "-vvv",
    "/var/folders/58/x3r0kb555c976sycl3kyjtgc0000gn/T/XcodeDistPipeline.~~~MA9i0u/Root/Applications/WaveNotch.app/Contents/Frameworks/Sparkle.framework/Versions/B/Updater.app"
)'>
2026-05-21 09:36:11 +0000 [MT] codesign output: /var/folders/58/x3r0kb555c976sycl3kyjtgc0000gn/T/XcodeDistPipeline.~~~MA9i0u/Root/Applications/WaveNotch.app/Contents/Frameworks/Sparkle.framework/Versions/B/Updater.app: replacing existing signature
/var/folders/58/x3r0kb555c976sycl3kyjtgc0000gn/T/XcodeDistPipeline.~~~MA9i0u/Root/Applications/WaveNotch.app/Contents/Frameworks/Sparkle.framework/Versions/B/Updater.app: signed app bundle with Mach-O universal (x86_64 arm64) [org.sparkle-project.Sparkle.Updater]
2026-05-21 09:36:11 +0000 [MT] Entitlements for <IDEDistributionItem: 0xc587f87e0; bundleID='org.sparkle-project.Sparkle', path='<DVTFilePath:0xc587cd740:'/Users/jasonlee/Coding/App/Notch/Releases/WaveNotch.xcarchive/Products/Applications/WaveNotch.app/Contents/Frameworks/Sparkle.framework/Versions/B'>', codeSigningInfo='<_DVTCodeSigningInformation_Path: 0xc587f8720; isSigned='1', isAdHocSigned='0', signingCertificate='<DVTSigningCertificate: 0xc5a2a33c0; name='Apple Development: Jason Lee (RN6M8398VW)', hash='041533656BED0F4DA7FD7FF1A04B0593B4A5DAD5', serialNumber='76281743141AD3D139F56A35DD37AD1E', certificateKinds='(
    "1.2.840.113635.100.6.1.12",
    "1.2.840.113635.100.6.1.2"
), issueDate='2026-04-07 22:07:59 +0000''>', entitlements='(null)', teamID='5WH7G6L8BA', identifier='org.sparkle-project.Sparkle', executablePath='<DVTFilePath:0xc587dfb40:'/Users/jasonlee/Coding/App/Notch/Releases/WaveNotch.xcarchive/Products/Applications/WaveNotch.app/Contents/Frameworks/Sparkle.framework/Versions/B/Sparkle'>', hardenedRuntime='1'>'>: {
}
2026-05-21 09:36:11 +0000 [MT] Associated App Clip Identifiers Filter: Skipping because "com.apple.developer.associated-appclip-app-identifiers" is not present
2026-05-21 09:36:11 +0000 [MT] Entitlements for <IDEDistributionItem: 0xc587f87e0; bundleID='org.sparkle-project.Sparkle', path='<DVTFilePath:0xc587cd740:'/Users/jasonlee/Coding/App/Notch/Releases/WaveNotch.xcarchive/Products/Applications/WaveNotch.app/Contents/Frameworks/Sparkle.framework/Versions/B'>', codeSigningInfo='<_DVTCodeSigningInformation_Path: 0xc587f8720; isSigned='1', isAdHocSigned='0', signingCertificate='<DVTSigningCertificate: 0xc5a2a3180; name='Apple Development: Jason Lee (RN6M8398VW)', hash='041533656BED0F4DA7FD7FF1A04B0593B4A5DAD5', serialNumber='76281743141AD3D139F56A35DD37AD1E', certificateKinds='(
    "1.2.840.113635.100.6.1.12",
    "1.2.840.113635.100.6.1.2"
), issueDate='2026-04-07 22:07:59 +0000''>', entitlements='(null)', teamID='5WH7G6L8BA', identifier='org.sparkle-project.Sparkle', executablePath='<DVTFilePath:0xc587dfb40:'/Users/jasonlee/Coding/App/Notch/Releases/WaveNotch.xcarchive/Products/Applications/WaveNotch.app/Contents/Frameworks/Sparkle.framework/Versions/B/Sparkle'>', hardenedRuntime='1'>'> are: {
}
2026-05-21 09:36:11 +0000 [MT] Writing entitlements for <IDEDistributionItem: 0xc587f87e0; bundleID='org.sparkle-project.Sparkle', path='<DVTFilePath:0xc587cd740:'/Users/jasonlee/Coding/App/Notch/Releases/WaveNotch.xcarchive/Products/Applications/WaveNotch.app/Contents/Frameworks/Sparkle.framework/Versions/B'>', codeSigningInfo='<_DVTCodeSigningInformation_Path: 0xc587f8720; isSigned='1', isAdHocSigned='0', signingCertificate='<DVTSigningCertificate: 0xc5a2a3180; name='Apple Development: Jason Lee (RN6M8398VW)', hash='041533656BED0F4DA7FD7FF1A04B0593B4A5DAD5', serialNumber='76281743141AD3D139F56A35DD37AD1E', certificateKinds='(
    "1.2.840.113635.100.6.1.12",
    "1.2.840.113635.100.6.1.2"
), issueDate='2026-04-07 22:07:59 +0000''>', entitlements='(null)', teamID='5WH7G6L8BA', identifier='org.sparkle-project.Sparkle', executablePath='<DVTFilePath:0xc587dfb40:'/Users/jasonlee/Coding/App/Notch/Releases/WaveNotch.xcarchive/Products/Applications/WaveNotch.app/Contents/Frameworks/Sparkle.framework/Versions/B/Sparkle'>', hardenedRuntime='1'>'> to: /var/folders/58/x3r0kb555c976sycl3kyjtgc0000gn/T/XcodeDistPipeline.~~~MA9i0u/entitlements~~~ditR3T
2026-05-21 09:36:11 +0000 [MT] invoking codesign: <NSConcreteTask: 0xc59646bc0; launchPath='/usr/bin/codesign', arguments='(
    "-f",
    "-s",
    BFB82AE477A9B5C6EFE4F6448A339E1DF4282AA4,
    "--entitlements",
    "/var/folders/58/x3r0kb555c976sycl3kyjtgc0000gn/T/XcodeDistPipeline.~~~MA9i0u/entitlements~~~ditR3T",
    "--requirements",
    "=designated => anchor apple generic  and identifier \"$self.identifier\" and ((cert leaf[field.1.2.840.113635.100.6.1.9] exists) or ( certificate 1[field.1.2.840.113635.100.6.2.6] exists and certificate leaf[field.1.2.840.113635.100.6.1.13] exists  and certificate leaf[subject.OU] = \"5WH7G6L8BA\" ))",
    "--preserve-metadata=identifier,flags,runtime,launch-constraints,library-constraints",
    "--generate-entitlement-der",
    "--strip-disallowed-xattrs",
    "-vvv",
    "/var/folders/58/x3r0kb555c976sycl3kyjtgc0000gn/T/XcodeDistPipeline.~~~MA9i0u/Root/Applications/WaveNotch.app/Contents/Frameworks/Sparkle.framework/Versions/B"
)'>
2026-05-21 09:36:12 +0000 [MT] codesign output: /var/folders/58/x3r0kb555c976sycl3kyjtgc0000gn/T/XcodeDistPipeline.~~~MA9i0u/Root/Applications/WaveNotch.app/Contents/Frameworks/Sparkle.framework/Versions/B: replacing existing signature
/var/folders/58/x3r0kb555c976sycl3kyjtgc0000gn/T/XcodeDistPipeline.~~~MA9i0u/Root/Applications/WaveNotch.app/Contents/Frameworks/Sparkle.framework/Versions/B: signed bundle with Mach-O universal (x86_64 arm64) [org.sparkle-project.Sparkle]
2026-05-21 09:36:12 +0000 [MT] Entitlements for <IDEDistributionItem: 0xc587f8840; bundleID='com.jason.WaveNotch', path='<DVTFilePath:0xc587156e0:'/Users/jasonlee/Coding/App/Notch/Releases/WaveNotch.xcarchive/Products/Applications/WaveNotch.app'>', codeSigningInfo='<_DVTCodeSigningInformation_Path: 0xc587f88a0; isSigned='1', isAdHocSigned='0', signingCertificate='<DVTSigningCertificate: 0xc5a2a33c0; name='Apple Development: Jason Lee (RN6M8398VW)', hash='041533656BED0F4DA7FD7FF1A04B0593B4A5DAD5', serialNumber='76281743141AD3D139F56A35DD37AD1E', certificateKinds='(
    "1.2.840.113635.100.6.1.12",
    "1.2.840.113635.100.6.1.2"
), issueDate='2026-04-07 22:07:59 +0000''>', entitlements='{
    "com.apple.security.automation.apple-events" = 1;
    "com.apple.security.personal-information.calendars" = 1;
}', teamID='5WH7G6L8BA', identifier='com.jason.WaveNotch', executablePath='<DVTFilePath:0xc58716c40:'/Users/jasonlee/Coding/App/Notch/Releases/WaveNotch.xcarchive/Products/Applications/WaveNotch.app/Contents/MacOS/WaveNotch'>', hardenedRuntime='1'>'>: {
    "com.apple.security.automation.apple-events" = 1;
    "com.apple.security.personal-information.calendars" = 1;
}
2026-05-21 09:36:12 +0000 [MT] Associated App Clip Identifiers Filter: Skipping because "com.apple.developer.associated-appclip-app-identifiers" is not present
2026-05-21 09:36:12 +0000 [MT] Entitlements for <IDEDistributionItem: 0xc587f8840; bundleID='com.jason.WaveNotch', path='<DVTFilePath:0xc587156e0:'/Users/jasonlee/Coding/App/Notch/Releases/WaveNotch.xcarchive/Products/Applications/WaveNotch.app'>', codeSigningInfo='<_DVTCodeSigningInformation_Path: 0xc587f88a0; isSigned='1', isAdHocSigned='0', signingCertificate='<DVTSigningCertificate: 0xc5a2a3180; name='Apple Development: Jason Lee (RN6M8398VW)', hash='041533656BED0F4DA7FD7FF1A04B0593B4A5DAD5', serialNumber='76281743141AD3D139F56A35DD37AD1E', certificateKinds='(
    "1.2.840.113635.100.6.1.12",
    "1.2.840.113635.100.6.1.2"
), issueDate='2026-04-07 22:07:59 +0000''>', entitlements='{
    "com.apple.security.automation.apple-events" = 1;
    "com.apple.security.personal-information.calendars" = 1;
}', teamID='5WH7G6L8BA', identifier='com.jason.WaveNotch', executablePath='<DVTFilePath:0xc58716c40:'/Users/jasonlee/Coding/App/Notch/Releases/WaveNotch.xcarchive/Products/Applications/WaveNotch.app/Contents/MacOS/WaveNotch'>', hardenedRuntime='1'>'> are: {
    "com.apple.security.automation.apple-events" = 1;
    "com.apple.security.personal-information.calendars" = 1;
}
2026-05-21 09:36:12 +0000 [MT] Writing entitlements for <IDEDistributionItem: 0xc587f8840; bundleID='com.jason.WaveNotch', path='<DVTFilePath:0xc587156e0:'/Users/jasonlee/Coding/App/Notch/Releases/WaveNotch.xcarchive/Products/Applications/WaveNotch.app'>', codeSigningInfo='<_DVTCodeSigningInformation_Path: 0xc587f88a0; isSigned='1', isAdHocSigned='0', signingCertificate='<DVTSigningCertificate: 0xc5a2a3180; name='Apple Development: Jason Lee (RN6M8398VW)', hash='041533656BED0F4DA7FD7FF1A04B0593B4A5DAD5', serialNumber='76281743141AD3D139F56A35DD37AD1E', certificateKinds='(
    "1.2.840.113635.100.6.1.12",
    "1.2.840.113635.100.6.1.2"
), issueDate='2026-04-07 22:07:59 +0000''>', entitlements='{
    "com.apple.security.automation.apple-events" = 1;
    "com.apple.security.personal-information.calendars" = 1;
}', teamID='5WH7G6L8BA', identifier='com.jason.WaveNotch', executablePath='<DVTFilePath:0xc58716c40:'/Users/jasonlee/Coding/App/Notch/Releases/WaveNotch.xcarchive/Products/Applications/WaveNotch.app/Contents/MacOS/WaveNotch'>', hardenedRuntime='1'>'> to: /var/folders/58/x3r0kb555c976sycl3kyjtgc0000gn/T/XcodeDistPipeline.~~~MA9i0u/entitlements~~~t6dvCm
2026-05-21 09:36:12 +0000 [MT] invoking codesign: <NSConcreteTask: 0xc5a4104b0; launchPath='/usr/bin/codesign', arguments='(
    "-f",
    "-s",
    BFB82AE477A9B5C6EFE4F6448A339E1DF4282AA4,
    "--entitlements",
    "/var/folders/58/x3r0kb555c976sycl3kyjtgc0000gn/T/XcodeDistPipeline.~~~MA9i0u/entitlements~~~t6dvCm",
    "--requirements",
    "=designated => anchor apple generic  and identifier \"$self.identifier\" and ((cert leaf[field.1.2.840.113635.100.6.1.9] exists) or ( certificate 1[field.1.2.840.113635.100.6.2.6] exists and certificate leaf[field.1.2.840.113635.100.6.1.13] exists  and certificate leaf[subject.OU] = \"5WH7G6L8BA\" ))",
    "--preserve-metadata=identifier,flags,runtime,launch-constraints,library-constraints",
    "--generate-entitlement-der",
    "--strip-disallowed-xattrs",
    "-vvv",
    "/var/folders/58/x3r0kb555c976sycl3kyjtgc0000gn/T/XcodeDistPipeline.~~~MA9i0u/Root/Applications/WaveNotch.app"
)'>
2026-05-21 09:36:12 +0000 [MT] codesign output: /var/folders/58/x3r0kb555c976sycl3kyjtgc0000gn/T/XcodeDistPipeline.~~~MA9i0u/Root/Applications/WaveNotch.app: replacing existing signature
/var/folders/58/x3r0kb555c976sycl3kyjtgc0000gn/T/XcodeDistPipeline.~~~MA9i0u/Root/Applications/WaveNotch.app: signed app bundle with Mach-O universal (x86_64 arm64) [com.jason.WaveNotch]
2026-05-21 09:36:12 +0000 [MT] Processing step: IDEDistributionZipODRItemStep
2026-05-21 09:36:12 +0000 [MT] Skipping step: IDEDistributionZipODRItemStep because it said so
2026-05-21 09:36:12 +0000 [MT] Skipping step: IDEDistributionZipODRItemStep because it said so
2026-05-21 09:36:12 +0000 [MT] Skipping step: IDEDistributionZipODRItemStep because it said so
2026-05-21 09:36:12 +0000 [MT] Skipping step: IDEDistributionZipODRItemStep because it said so
2026-05-21 09:36:12 +0000 [MT] Skipping step: IDEDistributionZipODRItemStep because it said so
2026-05-21 09:36:12 +0000 [MT] Skipping step: IDEDistributionZipODRItemStep because it said so
2026-05-21 09:36:12 +0000 [MT] Processing step: IDEDistributionSkipPackagingStep
2026-05-21 09:36:12 +0000 [MT] Processing step: IDEDistributionAppStoreInformationStep
2026-05-21 09:36:12 +0000 [MT] Skipping step: IDEDistributionAppStoreInformationStep because it said so
2026-05-21 09:36:12 +0000 [MT] Processing step: IDEDistributionGenerateProcessedDistributionItems
2026-05-21 09:36:13 +0000 [MT] IDEDistributionItem init <DVTFilePath:0xc58810840:'/var/folders/58/x3r0kb555c976sycl3kyjtgc0000gn/T/XcodeDistPipeline.~~~MA9i0u/Root/Applications/WaveNotch.app/Contents/Frameworks/Sparkle.framework/Versions/B/XPCServices/Downloader.xpc'>
2026-05-21 09:36:13 +0000 [MT] [OPTIONAL] Didn't find embedded provisioning profile for <DVTFilePath:0xc58810840:'/var/folders/58/x3r0kb555c976sycl3kyjtgc0000gn/T/XcodeDistPipeline.~~~MA9i0u/Root/Applications/WaveNotch.app/Contents/Frameworks/Sparkle.framework/Versions/B/XPCServices/Downloader.xpc'>: Error Domain=NSCocoaErrorDomain Code=4 "No file at <DVTFilePath:0xc596a56c0:'/var/folders/58/x3r0kb555c976sycl3kyjtgc0000gn/T/XcodeDistPipeline.~~~MA9i0u/Root/Applications/WaveNotch.app/Contents/Frameworks/Sparkle.framework/Versions/B/XPCServices/Downloader.xpc/Contents/embedded.provisionprofile'>" UserInfo={NSLocalizedDescription=No file at <DVTFilePath:0xc596a56c0:'/var/folders/58/x3r0kb555c976sycl3kyjtgc0000gn/T/XcodeDistPipeline.~~~MA9i0u/Root/Applications/WaveNotch.app/Contents/Frameworks/Sparkle.framework/Versions/B/XPCServices/Downloader.xpc/Contents/embedded.provisionprofile'>}
2026-05-21 09:36:13 +0000 [MT] IDEDistributionItem init <DVTFilePath:0xc58810a80:'/var/folders/58/x3r0kb555c976sycl3kyjtgc0000gn/T/XcodeDistPipeline.~~~MA9i0u/Root/Applications/WaveNotch.app/Contents/Frameworks/Sparkle.framework/Versions/B/Updater.app'>
2026-05-21 09:36:13 +0000 [MT] [OPTIONAL] Didn't find embedded provisioning profile for <DVTFilePath:0xc58810a80:'/var/folders/58/x3r0kb555c976sycl3kyjtgc0000gn/T/XcodeDistPipeline.~~~MA9i0u/Root/Applications/WaveNotch.app/Contents/Frameworks/Sparkle.framework/Versions/B/Updater.app'>: Error Domain=NSCocoaErrorDomain Code=4 "No file at <DVTFilePath:0xc596a4620:'/var/folders/58/x3r0kb555c976sycl3kyjtgc0000gn/T/XcodeDistPipeline.~~~MA9i0u/Root/Applications/WaveNotch.app/Contents/Frameworks/Sparkle.framework/Versions/B/Updater.app/Contents/embedded.provisionprofile'>" UserInfo={NSLocalizedDescription=No file at <DVTFilePath:0xc596a4620:'/var/folders/58/x3r0kb555c976sycl3kyjtgc0000gn/T/XcodeDistPipeline.~~~MA9i0u/Root/Applications/WaveNotch.app/Contents/Frameworks/Sparkle.framework/Versions/B/Updater.app/Contents/embedded.provisionprofile'>}
2026-05-21 09:36:13 +0000 [MT] IDEDistributionItem init <DVTFilePath:0xc58811c20:'/var/folders/58/x3r0kb555c976sycl3kyjtgc0000gn/T/XcodeDistPipeline.~~~MA9i0u/Root/Applications/WaveNotch.app/Contents/Frameworks/Sparkle.framework/Versions/B/Autoupdate'>
2026-05-21 09:36:13 +0000 [MT] [OPTIONAL] Didn't find info dictionary for <DVTFilePath:0xc58811c20:'/var/folders/58/x3r0kb555c976sycl3kyjtgc0000gn/T/XcodeDistPipeline.~~~MA9i0u/Root/Applications/WaveNotch.app/Contents/Frameworks/Sparkle.framework/Versions/B/Autoupdate'>: Error Domain=DVTFoundationNSBundleAdditionsErrorDomain Code=1 "Couldn't load Info dictionary for <DVTFilePath:0xc58811c20:'/var/folders/58/x3r0kb555c976sycl3kyjtgc0000gn/T/XcodeDistPipeline.~~~MA9i0u/Root/Applications/WaveNotch.app/Contents/Frameworks/Sparkle.framework/Versions/B/Autoupdate'>" UserInfo={NSLocalizedDescription=Couldn't load Info dictionary for <DVTFilePath:0xc58811c20:'/var/folders/58/x3r0kb555c976sycl3kyjtgc0000gn/T/XcodeDistPipeline.~~~MA9i0u/Root/Applications/WaveNotch.app/Contents/Frameworks/Sparkle.framework/Versions/B/Autoupdate'>}
2026-05-21 09:36:13 +0000 [MT] [OPTIONAL] Can't have a profile, not a bundle at <DVTFilePath:0xc58811c20:'/var/folders/58/x3r0kb555c976sycl3kyjtgc0000gn/T/XcodeDistPipeline.~~~MA9i0u/Root/Applications/WaveNotch.app/Contents/Frameworks/Sparkle.framework/Versions/B/Autoupdate'>
2026-05-21 09:36:13 +0000 [MT] IDEDistributionItem init <DVTFilePath:0xc588109c0:'/var/folders/58/x3r0kb555c976sycl3kyjtgc0000gn/T/XcodeDistPipeline.~~~MA9i0u/Root/Applications/WaveNotch.app/Contents/Frameworks/Sparkle.framework/Versions/B/XPCServices/Installer.xpc'>
2026-05-21 09:36:13 +0000 [MT] [OPTIONAL] Didn't find embedded provisioning profile for <DVTFilePath:0xc588109c0:'/var/folders/58/x3r0kb555c976sycl3kyjtgc0000gn/T/XcodeDistPipeline.~~~MA9i0u/Root/Applications/WaveNotch.app/Contents/Frameworks/Sparkle.framework/Versions/B/XPCServices/Installer.xpc'>: Error Domain=NSCocoaErrorDomain Code=4 "No file at <DVTFilePath:0xc596a5f10:'/var/folders/58/x3r0kb555c976sycl3kyjtgc0000gn/T/XcodeDistPipeline.~~~MA9i0u/Root/Applications/WaveNotch.app/Contents/Frameworks/Sparkle.framework/Versions/B/XPCServices/Installer.xpc/Contents/embedded.provisionprofile'>" UserInfo={NSLocalizedDescription=No file at <DVTFilePath:0xc596a5f10:'/var/folders/58/x3r0kb555c976sycl3kyjtgc0000gn/T/XcodeDistPipeline.~~~MA9i0u/Root/Applications/WaveNotch.app/Contents/Frameworks/Sparkle.framework/Versions/B/XPCServices/Installer.xpc/Contents/embedded.provisionprofile'>}
2026-05-21 09:36:13 +0000 [MT] IDEDistributionItem init <DVTFilePath:0xc58810780:'/var/folders/58/x3r0kb555c976sycl3kyjtgc0000gn/T/XcodeDistPipeline.~~~MA9i0u/Root/Applications/WaveNotch.app/Contents/Frameworks/Sparkle.framework/Versions/B'>
2026-05-21 09:36:13 +0000 [MT] IDEDistributionItem init <DVTFilePath:0xc58810600:'/var/folders/58/x3r0kb555c976sycl3kyjtgc0000gn/T/XcodeDistPipeline.~~~MA9i0u/Root/Applications/WaveNotch.app'>
2026-05-21 09:36:13 +0000 [MT] [OPTIONAL] Didn't find embedded provisioning profile for <DVTFilePath:0xc58810600:'/var/folders/58/x3r0kb555c976sycl3kyjtgc0000gn/T/XcodeDistPipeline.~~~MA9i0u/Root/Applications/WaveNotch.app'>: Error Domain=NSCocoaErrorDomain Code=4 "No file at <DVTFilePath:0xc596a57a0:'/var/folders/58/x3r0kb555c976sycl3kyjtgc0000gn/T/XcodeDistPipeline.~~~MA9i0u/Root/Applications/WaveNotch.app/Contents/embedded.provisionprofile'>" UserInfo={NSLocalizedDescription=No file at <DVTFilePath:0xc596a57a0:'/var/folders/58/x3r0kb555c976sycl3kyjtgc0000gn/T/XcodeDistPipeline.~~~MA9i0u/Root/Applications/WaveNotch.app/Contents/embedded.provisionprofile'>}
2026-05-21 09:36:13 +0000 [MT] Processing step: IDEDistributionCreateManifestStep
2026-05-21 09:36:13 +0000 [MT] Skipping step: IDEDistributionCreateManifestStep because it said so
